IQ-TREE multicore version 2.4.0 for Linux x86 64-bit built Feb 12 2025
Developed by Bui Quang Minh, Nguyen Lam Tung, Olga Chernomor, Heiko Schmidt,
Dominik Schrempf, Michael Woodhams, Ly Trong Nhan, Thomas Wong

Host:    ezmata (AVX2, FMA3, 15 GB RAM)
Command: /home/mis/miniconda3/envs/cse6406/bin/iqtree2 -s /home/mis/CSE6406-project/work/paper_subset_50x10_L800/ils_low/replicate_08/alignments/L800/locus_0043.phy -m GTR --abayes -T AUTO --seed 7206044 --prefix /home/mis/CSE6406-project/work/paper_subset_50x10_L800/ils_low/replicate_08/estimated_gene_trees/L800/gtr/locus_0043 --redo --quiet
Seed:    7206044 (Using SPRNG - Scalable Parallel Random Number Generator)
Time:    Sat Sep 12 08:48:10 2026
Kernel:  AVX+FMA - auto-detect threads (16 CPU cores detected)

Reading alignment file /home/mis/CSE6406-project/work/paper_subset_50x10_L800/ils_low/replicate_08/alignments/L800/locus_0043.phy ... Phylip format detected
Alignment most likely contains DNA/RNA sequences
Alignment has 21 sequences with 800 columns, 409 distinct patterns
347 parsimony-informative, 80 singleton sites, 373 constant sites
        Gap/Ambiguity  Composition  p-value
Analyzing sequences: done in 0.000141043 secs using 109.2% CPU
   1  1_0_0     0.00%    passed     75.94%
   2  15_0_0    0.00%    passed     51.40%
   3  18_0_0    0.00%    passed     94.24%
   4  19_0_0    0.00%    passed     92.46%
   5  2_0_0     0.00%    passed     86.70%
   6  17_0_0    0.00%    passed     94.36%
   7  8_0_0     0.00%    passed     88.73%
   8  20_0_0    0.00%    passed     94.41%
   9  7_0_0     0.00%    passed     87.72%
  10  3_0_0     0.00%    passed     80.66%
  11  12_0_0    0.00%    passed     57.89%
  12  16_0_0    0.00%    passed     92.90%
  13  10_0_0    0.00%    passed     90.93%
  14  4_0_0     0.00%    passed     76.80%
  15  14_0_0    0.00%    passed     89.00%
  16  6_0_0     0.00%    passed     98.18%
  17  5_0_0     0.00%    passed     82.14%
  18  11_0_0    0.00%    passed     90.22%
  19  13_0_0    0.00%    passed     94.70%
  20  9_0_0     0.00%    passed     78.75%
  21  0_0_0     0.00%    passed     55.06%
****  TOTAL     0.00%  0 sequences failed composition chi2 test (p-value<5%; df=3)

Create initial parsimony tree by phylogenetic likelihood library (PLL)... 0.001 seconds

NOTE: 0 MB RAM (0 GB) is required!
Measuring multi-threading efficiency up to 16 CPU cores
Increase to 10 rounds for branch lengths
5833 trees examined
Threads: 1 / Time: 16.002 sec / Speedup: 1.000 / Efficiency: 100% / LogL: -12087
Threads: 2 / Time: 24.938 sec / Speedup: 0.642 / Efficiency: 32% / LogL: -12087
BEST NUMBER OF THREADS: 1

Estimate model parameters (epsilon = 0.100)
1. Initial log-likelihood: -10620.198
2. Current log-likelihood: -10550.963
3. Current log-likelihood: -10550.660
Optimal log-likelihood: -10550.660
Rate parameters:  A-C: 0.73535  A-G: 1.29336  A-T: 0.93549  C-G: 0.71136  C-T: 1.15474  G-T: 1.00000
Base frequencies:  A: 0.296  C: 0.221  G: 0.194  T: 0.289
Parameters optimization took 3 rounds (0.007 sec)
Wrote distance file to... 
Computing ML distances based on estimated model parameters...
Calculating distance matrix: done in 0.000460492 secs using 87.95% CPU
Computing ML distances took 0.000493 sec (of wall-clock time) 0.000433 sec (of CPU time)
Setting up auxiliary I and S matrices: done in 2.6187e-05 secs using 1100% CPU
Computing RapidNJ tree took 0.000101 sec (of wall-clock time) 0.000364 sec (of CPU time)
Log-likelihood of RapidNJ tree: -10566.202
--------------------------------------------------------------------
|             INITIALIZING CANDIDATE TREE SET                      |
--------------------------------------------------------------------
Generating 98 parsimony trees... 0.084 second
Computing log-likelihood of 98 initial trees ... 0.054 seconds
Current best score: -10550.646

Do NNI search on 20 best initial trees
Estimate model parameters (epsilon = 0.100)
BETTER TREE FOUND at iteration 1: -10544.379
Iteration 10 / LogL: -10546.480 / Time: 0h:0m:41s
Iteration 20 / LogL: -10546.272 / Time: 0h:0m:41s
Finish initializing candidate tree set (10)
Current best tree score: -10544.379 / CPU time: 0.250
Number of iterations: 20
--------------------------------------------------------------------
|               OPTIMIZING CANDIDATE TREE SET                      |
--------------------------------------------------------------------
Iteration 30 / LogL: -10544.400 / Time: 0h:0m:41s (0h:1m:41s left)
Iteration 40 / LogL: -10544.387 / Time: 0h:0m:41s (0h:1m:4s left)
Iteration 50 / LogL: -10544.517 / Time: 0h:0m:41s (0h:0m:43s left)
Iteration 60 / LogL: -10544.514 / Time: 0h:0m:41s (0h:0m:28s left)
Iteration 70 / LogL: -10544.559 / Time: 0h:0m:41s (0h:0m:18s left)
Iteration 80 / LogL: -10544.509 / Time: 0h:0m:41s (0h:0m:11s left)
Iteration 90 / LogL: -10544.551 / Time: 0h:0m:41s (0h:0m:5s left)
Iteration 100 / LogL: -10544.385 / Time: 0h:0m:41s (0h:0m:0s left)
TREE SEARCH COMPLETED AFTER 102 ITERATIONS / Time: 0h:0m:41s

--------------------------------------------------------------------
|                    FINALIZING TREE SEARCH                        |
--------------------------------------------------------------------
Performs final model parameters optimization
Estimate model parameters (epsilon = 0.010)
1. Initial log-likelihood: -10544.379
Optimal log-likelihood: -10544.378
Rate parameters:  A-C: 0.73584  A-G: 1.29417  A-T: 0.93098  C-G: 0.71769  C-T: 1.15602  G-T: 1.00000
Base frequencies:  A: 0.296  C: 0.221  G: 0.194  T: 0.289
Parameters optimization took 1 rounds (0.002 sec)
BEST SCORE FOUND : -10544.378

Testing tree branches by aBayes parametric test...
0.002 sec.
Total tree length: 3.121

Total number of iterations: 102
CPU time used for tree search: 0.884 sec (0h:0m:0s)
Wall-clock time used for tree search: 0.923 sec (0h:0m:0s)
Total CPU time used: 42.425 sec (0h:0m:42s)
Total wall-clock time used: 41.882 sec (0h:0m:41s)

Analysis results written to: 
  IQ-TREE report:                /home/mis/CSE6406-project/work/paper_subset_50x10_L800/ils_low/replicate_08/estimated_gene_trees/L800/gtr/locus_0043.iqtree
  Maximum-likelihood tree:       /home/mis/CSE6406-project/work/paper_subset_50x10_L800/ils_low/replicate_08/estimated_gene_trees/L800/gtr/locus_0043.treefile
  Likelihood distances:          /home/mis/CSE6406-project/work/paper_subset_50x10_L800/ils_low/replicate_08/estimated_gene_trees/L800/gtr/locus_0043.mldist
  Screen log file:               /home/mis/CSE6406-project/work/paper_subset_50x10_L800/ils_low/replicate_08/estimated_gene_trees/L800/gtr/locus_0043.log

Date and Time: Sat Sep 12 08:48:52 2026
