IQ-TREE multicore version 2.4.0 for MacOS ARM 64-bit built Feb 12 2025
Developed by Bui Quang Minh, Nguyen Lam Tung, Olga Chernomor, Heiko Schmidt,
Dominik Schrempf, Michael Woodhams, Ly Trong Nhan, Thomas Wong

Host:    Fahims-MacBook-Air.local (SSE4.2, 16 GB RAM)
Command: /Users/fahim/miniconda3/envs/cse6406/bin/iqtree2 -s /Users/fahim/CSE6406-project/work/paper_subset_50x10_L1600/ils_high/replicate_05/alignments/L1600/locus_0044.phy -m GTR --abayes -T AUTO --seed 6906045 --prefix /Users/fahim/CSE6406-project/work/paper_subset_50x10_L1600/ils_high/replicate_05/estimated_gene_trees/L1600/gtr/locus_0044 --redo --quiet
Seed:    6906045 (Using SPRNG - Scalable Parallel Random Number Generator)
Time:    Sat Sep 12 09:54:05 2026
Kernel:  SSE2 - auto-detect threads (10 CPU cores detected)

Reading alignment file /Users/fahim/CSE6406-project/work/paper_subset_50x10_L1600/ils_high/replicate_05/alignments/L1600/locus_0044.phy ... Phylip format detected
Alignment most likely contains DNA/RNA sequences
Alignment has 21 sequences with 1600 columns, 540 distinct patterns
435 parsimony-informative, 150 singleton sites, 1015 constant sites
        Gap/Ambiguity  Composition  p-value
Analyzing sequences: done in 3.40939e-05 secs using 93.86% CPU
   1  14_0_0    0.00%    passed     96.09%
   2  18_0_0    0.00%    passed     64.94%
   3  17_0_0    0.00%    passed     88.98%
   4  19_0_0    0.00%    passed     84.95%
   5  10_0_0    0.00%    passed     68.00%
   6  8_0_0     0.00%    passed     74.45%
   7  7_0_0     0.00%    passed     85.92%
   8  5_0_0     0.00%    passed     87.92%
   9  12_0_0    0.00%    passed     88.81%
  10  6_0_0     0.00%    passed     91.25%
  11  9_0_0     0.00%    passed     92.04%
  12  11_0_0    0.00%    passed     83.94%
  13  4_0_0     0.00%    passed     95.81%
  14  1_0_0     0.00%    passed     92.22%
  15  3_0_0     0.00%    passed     97.87%
  16  2_0_0     0.00%    passed     80.10%
  17  15_0_0    0.00%    passed     87.75%
  18  20_0_0    0.00%    passed     87.02%
  19  16_0_0    0.00%    passed     86.78%
  20  13_0_0    0.00%    passed     96.41%
  21  0_0_0     0.00%    passed     98.66%
****  TOTAL     0.00%  0 sequences failed composition chi2 test (p-value<5%; df=3)

Create initial parsimony tree by phylogenetic likelihood library (PLL)... 0.001 seconds

NOTE: 0 MB RAM (0 GB) is required!
Measuring multi-threading efficiency up to 10 CPU cores
Increase to 10 rounds for branch lengths
5919 trees examined
Threads: 1 / Time: 10.001 sec / Speedup: 1.000 / Efficiency: 100% / LogL: -15258
Threads: 2 / Time: 25.489 sec / Speedup: 0.392 / Efficiency: 20% / LogL: -15258
BEST NUMBER OF THREADS: 1

Estimate model parameters (epsilon = 0.100)
1. Initial log-likelihood: -12083.890
2. Current log-likelihood: -11977.455
3. Current log-likelihood: -11977.309
Optimal log-likelihood: -11977.306
Rate parameters:  A-C: 0.96215  A-G: 1.87093  A-T: 1.03574  C-G: 0.96263  C-T: 1.82522  G-T: 1.00000
Base frequencies:  A: 0.296  C: 0.197  G: 0.195  T: 0.313
Parameters optimization took 3 rounds (0.007 sec)
Wrote distance file to... 
Computing ML distances based on estimated model parameters...
Calculating distance matrix: done in 0.000411987 secs using 97.82% CPU
Computing ML distances took 0.000445 sec (of wall-clock time) 0.000424 sec (of CPU time)
Setting up auxiliary I and S matrices: done in 1.40667e-05 secs using 71.09% CPU
Computing RapidNJ tree took 0.000054 sec (of wall-clock time) 0.000050 sec (of CPU time)
Log-likelihood of RapidNJ tree: -12025.678
--------------------------------------------------------------------
|             INITIALIZING CANDIDATE TREE SET                      |
--------------------------------------------------------------------
Generating 98 parsimony trees... 0.054 second
Computing log-likelihood of 98 initial trees ... 0.042 seconds
Current best score: -11969.446

Do NNI search on 20 best initial trees
Estimate model parameters (epsilon = 0.100)
BETTER TREE FOUND at iteration 1: -11969.093
Estimate model parameters (epsilon = 0.100)
BETTER TREE FOUND at iteration 3: -11967.646
Iteration 10 / LogL: -11967.726 / Time: 0h:0m:35s
Iteration 20 / LogL: -11967.646 / Time: 0h:0m:35s
Finish initializing candidate tree set (5)
Current best tree score: -11967.646 / CPU time: 0.187
Number of iterations: 20
--------------------------------------------------------------------
|               OPTIMIZING CANDIDATE TREE SET                      |
--------------------------------------------------------------------
Iteration 30 / LogL: -11967.646 / Time: 0h:0m:35s (0h:1m:29s left)
Iteration 40 / LogL: -11967.649 / Time: 0h:0m:35s (0h:0m:57s left)
Iteration 50 / LogL: -11969.178 / Time: 0h:0m:35s (0h:0m:38s left)
Iteration 60 / LogL: -11967.705 / Time: 0h:0m:35s (0h:0m:26s left)
Iteration 70 / LogL: -11969.173 / Time: 0h:0m:35s (0h:0m:17s left)
Iteration 80 / LogL: -11967.646 / Time: 0h:0m:36s (0h:0m:10s left)
Iteration 90 / LogL: -11967.651 / Time: 0h:0m:36s (0h:0m:5s left)
Iteration 100 / LogL: -11967.647 / Time: 0h:0m:36s (0h:0m:1s left)
TREE SEARCH COMPLETED AFTER 104 ITERATIONS / Time: 0h:0m:36s

--------------------------------------------------------------------
|                    FINALIZING TREE SEARCH                        |
--------------------------------------------------------------------
Performs final model parameters optimization
Estimate model parameters (epsilon = 0.010)
1. Initial log-likelihood: -11967.646
Optimal log-likelihood: -11967.644
Rate parameters:  A-C: 0.95305  A-G: 1.89625  A-T: 1.04334  C-G: 0.95725  C-T: 1.83874  G-T: 1.00000
Base frequencies:  A: 0.296  C: 0.197  G: 0.195  T: 0.313
Parameters optimization took 1 rounds (0.001 sec)
BEST SCORE FOUND : -11967.644

Testing tree branches by aBayes parametric test...
0.001 sec.
Total tree length: 1.236

Total number of iterations: 104
CPU time used for tree search: 0.665 sec (0h:0m:0s)
Wall-clock time used for tree search: 0.666 sec (0h:0m:0s)
Total CPU time used: 29.101 sec (0h:0m:29s)
Total wall-clock time used: 36.171 sec (0h:0m:36s)

Analysis results written to: 
  IQ-TREE report:                /Users/fahim/CSE6406-project/work/paper_subset_50x10_L1600/ils_high/replicate_05/estimated_gene_trees/L1600/gtr/locus_0044.iqtree
  Maximum-likelihood tree:       /Users/fahim/CSE6406-project/work/paper_subset_50x10_L1600/ils_high/replicate_05/estimated_gene_trees/L1600/gtr/locus_0044.treefile
  Likelihood distances:          /Users/fahim/CSE6406-project/work/paper_subset_50x10_L1600/ils_high/replicate_05/estimated_gene_trees/L1600/gtr/locus_0044.mldist
  Screen log file:               /Users/fahim/CSE6406-project/work/paper_subset_50x10_L1600/ils_high/replicate_05/estimated_gene_trees/L1600/gtr/locus_0044.log

Date and Time: Sat Sep 12 09:54:41 2026
