IQ-TREE multicore version 2.4.0 for MacOS ARM 64-bit built Feb 12 2025
Developed by Bui Quang Minh, Nguyen Lam Tung, Olga Chernomor, Heiko Schmidt,
Dominik Schrempf, Michael Woodhams, Ly Trong Nhan, Thomas Wong

Host:    Fahims-MacBook-Air.local (SSE4.2, 16 GB RAM)
Command: /Users/fahim/miniconda3/envs/cse6406/bin/iqtree2 -s /Users/fahim/CSE6406-project/work/paper_subset_50x10_L1600/ils_low/replicate_08/alignments/L1600/locus_0035.phy -m HKY+G4 --abayes -T AUTO --seed 7206036 --prefix /Users/fahim/CSE6406-project/work/paper_subset_50x10_L1600/ils_low/replicate_08/estimated_gene_trees/L1600/hky_g4/locus_0035 --redo --quiet
Seed:    7206036 (Using SPRNG - Scalable Parallel Random Number Generator)
Time:    Fri Sep 11 17:37:18 2026
Kernel:  SSE2 - auto-detect threads (10 CPU cores detected)

Reading alignment file /Users/fahim/CSE6406-project/work/paper_subset_50x10_L1600/ils_low/replicate_08/alignments/L1600/locus_0035.phy ... Phylip format detected
Alignment most likely contains DNA/RNA sequences
Alignment has 21 sequences with 1600 columns, 762 distinct patterns
659 parsimony-informative, 175 singleton sites, 766 constant sites
        Gap/Ambiguity  Composition  p-value
Analyzing sequences: done in 3.88622e-05 secs using 128.7% CPU
   1  0_0_0     0.00%    passed     22.78%
   2  1_0_0     0.00%    passed     73.63%
   3  12_0_0    0.00%    passed     87.39%
   4  16_0_0    0.00%    passed     84.69%
   5  15_0_0    0.00%    passed     78.68%
   6  7_0_0     0.00%    passed     89.74%
   7  3_0_0     0.00%    passed     49.83%
   8  8_0_0     0.00%    passed     87.43%
   9  2_0_0     0.00%    passed     86.87%
  10  17_0_0    0.00%    passed     71.28%
  11  19_0_0    0.00%    passed     78.82%
  12  18_0_0    0.00%    passed     92.94%
  13  20_0_0    0.00%    passed     87.56%
  14  9_0_0     0.00%    passed     79.45%
  15  5_0_0     0.00%    passed     93.76%
  16  13_0_0    0.00%    passed     79.13%
  17  11_0_0    0.00%    passed     73.73%
  18  10_0_0    0.00%    passed     72.41%
  19  14_0_0    0.00%    passed     93.08%
  20  4_0_0     0.00%    passed     73.00%
  21  6_0_0     0.00%    passed     38.86%
****  TOTAL     0.00%  0 sequences failed composition chi2 test (p-value<5%; df=3)

Create initial parsimony tree by phylogenetic likelihood library (PLL)... 0.001 seconds

NOTE: 2 MB RAM (0 GB) is required!
Measuring multi-threading efficiency up to 10 CPU cores
Increase to 10 rounds for branch lengths
840 trees examined
Threads: 1 / Time: 10.005 sec / Speedup: 1.000 / Efficiency: 100% / LogL: -19958
Threads: 2 / Time: 13.261 sec / Speedup: 0.755 / Efficiency: 38% / LogL: -19958
BEST NUMBER OF THREADS: 1

Estimate model parameters (epsilon = 0.100)
1. Initial log-likelihood: -18464.161
2. Current log-likelihood: -17494.805
3. Current log-likelihood: -17400.645
4. Current log-likelihood: -17397.319
5. Current log-likelihood: -17397.088
Optimal log-likelihood: -17397.067
Rate parameters:  A-C: 1.00000  A-G: 2.00813  A-T: 1.00000  C-G: 1.00000  C-T: 2.00813  G-T: 1.00000
Base frequencies:  A: 0.292  C: 0.205  G: 0.185  T: 0.318
Gamma shape alpha: 0.191
Parameters optimization took 5 rounds (0.049 sec)
Wrote distance file to... 
Computing ML distances based on estimated model parameters...
Calculating distance matrix: done in 0.000793934 secs using 97.74% CPU
Computing ML distances took 0.000836 sec (of wall-clock time) 0.000810 sec (of CPU time)
Setting up auxiliary I and S matrices: done in 1.5974e-05 secs using 62.6% CPU
Computing RapidNJ tree took 0.000058 sec (of wall-clock time) 0.000063 sec (of CPU time)
Log-likelihood of RapidNJ tree: -17402.590
--------------------------------------------------------------------
|             INITIALIZING CANDIDATE TREE SET                      |
--------------------------------------------------------------------
Generating 98 parsimony trees... 0.082 second
Computing log-likelihood of 98 initial trees ... 0.167 seconds
Current best score: -17397.067

Do NNI search on 20 best initial trees
Estimate model parameters (epsilon = 0.100)
BETTER TREE FOUND at iteration 1: -17393.971
Estimate model parameters (epsilon = 0.100)
BETTER TREE FOUND at iteration 2: -17393.753
Estimate model parameters (epsilon = 0.100)
BETTER TREE FOUND at iteration 5: -17393.551
Iteration 10 / LogL: -17393.551 / Time: 0h:0m:23s
Iteration 20 / LogL: -17393.755 / Time: 0h:0m:24s
Finish initializing candidate tree set (5)
Current best tree score: -17393.551 / CPU time: 0.920
Number of iterations: 20
--------------------------------------------------------------------
|               OPTIMIZING CANDIDATE TREE SET                      |
--------------------------------------------------------------------
UPDATE BEST LOG-LIKELIHOOD: -17393.551
Iteration 30 / LogL: -17393.551 / Time: 0h:0m:24s (0h:1m:3s left)
Iteration 40 / LogL: -17393.551 / Time: 0h:0m:24s (0h:0m:41s left)
Iteration 50 / LogL: -17393.813 / Time: 0h:0m:25s (0h:0m:28s left)
Iteration 60 / LogL: -17393.918 / Time: 0h:0m:25s (0h:0m:19s left)
Iteration 70 / LogL: -17393.755 / Time: 0h:0m:25s (0h:0m:13s left)
Iteration 80 / LogL: -17393.551 / Time: 0h:0m:26s (0h:0m:8s left)
Iteration 90 / LogL: -17393.551 / Time: 0h:0m:26s (0h:0m:4s left)
Iteration 100 / LogL: -17393.754 / Time: 0h:0m:27s (0h:0m:1s left)
TREE SEARCH COMPLETED AFTER 106 ITERATIONS / Time: 0h:0m:27s

--------------------------------------------------------------------
|                    FINALIZING TREE SEARCH                        |
--------------------------------------------------------------------
Performs final model parameters optimization
Estimate model parameters (epsilon = 0.010)
1. Initial log-likelihood: -17393.551
Optimal log-likelihood: -17393.551
Rate parameters:  A-C: 1.00000  A-G: 2.01194  A-T: 1.00000  C-G: 1.00000  C-T: 2.01194  G-T: 1.00000
Base frequencies:  A: 0.292  C: 0.205  G: 0.185  T: 0.318
Gamma shape alpha: 0.190
Parameters optimization took 1 rounds (0.005 sec)
BEST SCORE FOUND : -17393.551

Testing tree branches by aBayes parametric test...
0.006 sec.
Total tree length: 7.547

Total number of iterations: 106
CPU time used for tree search: 3.982 sec (0h:0m:3s)
Wall-clock time used for tree search: 3.990 sec (0h:0m:3s)
Total CPU time used: 27.606 sec (0h:0m:27s)
Total wall-clock time used: 27.330 sec (0h:0m:27s)

Analysis results written to: 
  IQ-TREE report:                /Users/fahim/CSE6406-project/work/paper_subset_50x10_L1600/ils_low/replicate_08/estimated_gene_trees/L1600/hky_g4/locus_0035.iqtree
  Maximum-likelihood tree:       /Users/fahim/CSE6406-project/work/paper_subset_50x10_L1600/ils_low/replicate_08/estimated_gene_trees/L1600/hky_g4/locus_0035.treefile
  Likelihood distances:          /Users/fahim/CSE6406-project/work/paper_subset_50x10_L1600/ils_low/replicate_08/estimated_gene_trees/L1600/hky_g4/locus_0035.mldist
  Screen log file:               /Users/fahim/CSE6406-project/work/paper_subset_50x10_L1600/ils_low/replicate_08/estimated_gene_trees/L1600/hky_g4/locus_0035.log

Date and Time: Fri Sep 11 17:37:45 2026
