IQ-TREE multicore version 2.4.0 for MacOS ARM 64-bit built Feb 12 2025
Developed by Bui Quang Minh, Nguyen Lam Tung, Olga Chernomor, Heiko Schmidt,
Dominik Schrempf, Michael Woodhams, Ly Trong Nhan, Thomas Wong

Host:    Fahims-MacBook-Air.local (SSE4.2, 16 GB RAM)
Command: /Users/fahim/miniconda3/envs/cse6406/bin/iqtree2 -s /Users/fahim/CSE6406-project/work/paper_subset_50x10_L1600/ils_low/replicate_08/alignments/L1600/locus_0004.phy -m HKY+G4 --abayes -T AUTO --seed 7206005 --prefix /Users/fahim/CSE6406-project/work/paper_subset_50x10_L1600/ils_low/replicate_08/estimated_gene_trees/L1600/hky_g4/locus_0004 --redo --quiet
Seed:    7206005 (Using SPRNG - Scalable Parallel Random Number Generator)
Time:    Fri Sep 11 17:23:35 2026
Kernel:  SSE2 - auto-detect threads (10 CPU cores detected)

Reading alignment file /Users/fahim/CSE6406-project/work/paper_subset_50x10_L1600/ils_low/replicate_08/alignments/L1600/locus_0004.phy ... Phylip format detected
Alignment most likely contains DNA/RNA sequences
Alignment has 21 sequences with 1600 columns, 797 distinct patterns
705 parsimony-informative, 148 singleton sites, 747 constant sites
        Gap/Ambiguity  Composition  p-value
Analyzing sequences: done in 4.31538e-05 secs using 106.6% CPU
   1  0_0_0     0.00%    passed     74.53%
   2  9_0_0     0.00%    passed     71.51%
   3  5_0_0     0.00%    passed     49.99%
   4  11_0_0    0.00%    passed     92.80%
   5  13_0_0    0.00%    passed     84.05%
   6  10_0_0    0.00%    passed     78.93%
   7  6_0_0     0.00%    passed     86.76%
   8  14_0_0    0.00%    passed     92.16%
   9  4_0_0     0.00%    passed     78.53%
  10  3_0_0     0.00%    passed     86.87%
  11  7_0_0     0.00%    passed     89.14%
  12  8_0_0     0.00%    passed     97.97%
  13  19_0_0    0.00%    passed     97.52%
  14  2_0_0     0.00%    passed     94.86%
  15  17_0_0    0.00%    passed     99.70%
  16  18_0_0    0.00%    passed     95.10%
  17  20_0_0    0.00%    passed     80.18%
  18  15_0_0    0.00%    passed     82.57%
  19  16_0_0    0.00%    passed     63.39%
  20  12_0_0    0.00%    passed     79.18%
  21  1_0_0     0.00%    passed     95.48%
****  TOTAL     0.00%  0 sequences failed composition chi2 test (p-value<5%; df=3)

Create initial parsimony tree by phylogenetic likelihood library (PLL)... 0.000 seconds

NOTE: 2 MB RAM (0 GB) is required!
Measuring multi-threading efficiency up to 10 CPU cores
Increase to 10 rounds for branch lengths
791 trees examined
Threads: 1 / Time: 10.011 sec / Speedup: 1.000 / Efficiency: 100% / LogL: -20623
Threads: 2 / Time: 13.253 sec / Speedup: 0.755 / Efficiency: 38% / LogL: -20623
BEST NUMBER OF THREADS: 1

Estimate model parameters (epsilon = 0.100)
1. Initial log-likelihood: -17878.488
2. Current log-likelihood: -17027.788
3. Current log-likelihood: -16950.442
4. Current log-likelihood: -16947.689
5. Current log-likelihood: -16947.494
Optimal log-likelihood: -16947.475
Rate parameters:  A-C: 1.00000  A-G: 1.95316  A-T: 1.00000  C-G: 1.00000  C-T: 1.95316  G-T: 1.00000
Base frequencies:  A: 0.304  C: 0.189  G: 0.198  T: 0.309
Gamma shape alpha: 0.204
Parameters optimization took 5 rounds (0.050 sec)
Wrote distance file to... 
Computing ML distances based on estimated model parameters...
Calculating distance matrix: done in 0.000815153 secs using 96.91% CPU
Computing ML distances took 0.000870 sec (of wall-clock time) 0.000829 sec (of CPU time)
Setting up auxiliary I and S matrices: done in 1.78814e-05 secs using 61.52% CPU
Computing RapidNJ tree took 0.000059 sec (of wall-clock time) 0.000063 sec (of CPU time)
Log-likelihood of RapidNJ tree: -16988.027
--------------------------------------------------------------------
|             INITIALIZING CANDIDATE TREE SET                      |
--------------------------------------------------------------------
Generating 98 parsimony trees... 0.072 second
Computing log-likelihood of 98 initial trees ... 0.175 seconds
Current best score: -16947.475

Do NNI search on 20 best initial trees
Estimate model parameters (epsilon = 0.100)
BETTER TREE FOUND at iteration 1: -16942.909
Iteration 10 / LogL: -16942.909 / Time: 0h:0m:23s
Iteration 20 / LogL: -16942.909 / Time: 0h:0m:24s
Finish initializing candidate tree set (3)
Current best tree score: -16942.909 / CPU time: 0.818
Number of iterations: 20
--------------------------------------------------------------------
|               OPTIMIZING CANDIDATE TREE SET                      |
--------------------------------------------------------------------
UPDATE BEST LOG-LIKELIHOOD: -16942.909
Iteration 30 / LogL: -17001.836 / Time: 0h:0m:24s (0h:0m:59s left)
UPDATE BEST LOG-LIKELIHOOD: -16942.909
Iteration 40 / LogL: -16942.909 / Time: 0h:0m:24s (0h:0m:38s left)
Iteration 50 / LogL: -17001.836 / Time: 0h:0m:25s (0h:0m:26s left)
Iteration 60 / LogL: -16942.909 / Time: 0h:0m:25s (0h:0m:17s left)
Iteration 70 / LogL: -17001.836 / Time: 0h:0m:25s (0h:0m:11s left)
Iteration 80 / LogL: -16942.935 / Time: 0h:0m:26s (0h:0m:6s left)
Iteration 90 / LogL: -16942.909 / Time: 0h:0m:26s (0h:0m:3s left)
Iteration 100 / LogL: -16942.911 / Time: 0h:0m:26s (0h:0m:0s left)
TREE SEARCH COMPLETED AFTER 102 ITERATIONS / Time: 0h:0m:27s

--------------------------------------------------------------------
|                    FINALIZING TREE SEARCH                        |
--------------------------------------------------------------------
Performs final model parameters optimization
Estimate model parameters (epsilon = 0.010)
1. Initial log-likelihood: -16942.909
Optimal log-likelihood: -16942.909
Rate parameters:  A-C: 1.00000  A-G: 1.95439  A-T: 1.00000  C-G: 1.00000  C-T: 1.95439  G-T: 1.00000
Base frequencies:  A: 0.304  C: 0.189  G: 0.198  T: 0.309
Gamma shape alpha: 0.204
Parameters optimization took 1 rounds (0.005 sec)
BEST SCORE FOUND : -16942.909

Testing tree branches by aBayes parametric test...
0.007 sec.
Total tree length: 6.574

Total number of iterations: 102
CPU time used for tree search: 3.689 sec (0h:0m:3s)
Wall-clock time used for tree search: 3.696 sec (0h:0m:3s)
Total CPU time used: 27.383 sec (0h:0m:27s)
Total wall-clock time used: 27.034 sec (0h:0m:27s)

Analysis results written to: 
  IQ-TREE report:                /Users/fahim/CSE6406-project/work/paper_subset_50x10_L1600/ils_low/replicate_08/estimated_gene_trees/L1600/hky_g4/locus_0004.iqtree
  Maximum-likelihood tree:       /Users/fahim/CSE6406-project/work/paper_subset_50x10_L1600/ils_low/replicate_08/estimated_gene_trees/L1600/hky_g4/locus_0004.treefile
  Likelihood distances:          /Users/fahim/CSE6406-project/work/paper_subset_50x10_L1600/ils_low/replicate_08/estimated_gene_trees/L1600/hky_g4/locus_0004.mldist
  Screen log file:               /Users/fahim/CSE6406-project/work/paper_subset_50x10_L1600/ils_low/replicate_08/estimated_gene_trees/L1600/hky_g4/locus_0004.log

Date and Time: Fri Sep 11 17:24:02 2026
