IQ-TREE multicore version 2.4.0 for Linux x86 64-bit built Feb 12 2025
Developed by Bui Quang Minh, Nguyen Lam Tung, Olga Chernomor, Heiko Schmidt,
Dominik Schrempf, Michael Woodhams, Ly Trong Nhan, Thomas Wong

Host:    ezmata (AVX2, FMA3, 15 GB RAM)
Command: /home/mis/miniconda3/envs/cse6406/bin/iqtree2 -s /home/mis/CSE6406-project/work/paper_subset_50x10_L800/ils_high/replicate_05/alignments/L800/locus_0013.phy -m GTR+G4 --abayes -T 1 --seed 6906014 --prefix /home/mis/CSE6406-project/work/paper_subset_50x10_L800/ils_high/replicate_05/estimated_gene_trees/L800/gtr_g4/locus_0013 --redo --quiet
Seed:    6906014 (Using SPRNG - Scalable Parallel Random Number Generator)
Time:    Sat Sep 12 19:57:51 2026
Kernel:  AVX+FMA - 1 threads (16 CPU cores detected)

HINT: Use -nt option to specify number of threads because your CPU has 16 cores!
HINT: -nt AUTO will automatically determine the best number of threads to use.

Reading alignment file /home/mis/CSE6406-project/work/paper_subset_50x10_L800/ils_high/replicate_05/alignments/L800/locus_0013.phy ... Phylip format detected
Alignment most likely contains DNA/RNA sequences
Alignment has 21 sequences with 800 columns, 284 distinct patterns
232 parsimony-informative, 56 singleton sites, 512 constant sites
        Gap/Ambiguity  Composition  p-value
Analyzing sequences: done in 1.3487e-05 secs using 51.9% CPU
   1  9_0_0     0.00%    passed     99.98%
   2  11_0_0    0.00%    passed     98.65%
   3  6_0_0     0.00%    passed     94.07%
   4  16_0_0    0.00%    passed     95.13%
   5  13_0_0    0.00%    passed     92.40%
   6  14_0_0    0.00%    passed     93.41%
   7  17_0_0    0.00%    passed     94.88%
   8  19_0_0    0.00%    passed     90.30%
   9  7_0_0     0.00%    passed     98.27%
  10  8_0_0     0.00%    passed     92.48%
  11  18_0_0    0.00%    passed     94.31%
  12  20_0_0    0.00%    passed     88.87%
  13  15_0_0    0.00%    passed     99.16%
  14  12_0_0    0.00%    passed     97.42%
  15  10_0_0    0.00%    passed     77.41%
  16  5_0_0     0.00%    passed     97.05%
  17  2_0_0     0.00%    passed     76.25%
  18  0_0_0     0.00%    passed     81.76%
  19  4_0_0     0.00%    passed     91.80%
  20  1_0_0     0.00%    passed     54.28%
  21  3_0_0     0.00%    passed     55.47%
****  TOTAL     0.00%  0 sequences failed composition chi2 test (p-value<5%; df=3)

Create initial parsimony tree by phylogenetic likelihood library (PLL)... 0.001 seconds

NOTE: 0 MB RAM (0 GB) is required!
Estimate model parameters (epsilon = 0.100)
1. Initial log-likelihood: -5574.826
2. Current log-likelihood: -5362.855
3. Current log-likelihood: -5355.439
4. Current log-likelihood: -5355.332
Optimal log-likelihood: -5355.318
Rate parameters:  A-C: 1.71064  A-G: 2.28553  A-T: 1.47506  C-G: 1.35973  C-T: 2.67443  G-T: 1.00000
Base frequencies:  A: 0.293  C: 0.196  G: 0.220  T: 0.291
Gamma shape alpha: 0.185
Parameters optimization took 4 rounds (0.043 sec)
Wrote distance file to... 
Computing ML distances based on estimated model parameters...
Calculating distance matrix: done in 0.00268936 secs using 98.28% CPU
Computing ML distances took 0.002742 sec (of wall-clock time) 0.002697 sec (of CPU time)
Setting up auxiliary I and S matrices: done in 7.2228e-05 secs using 98.3% CPU
Computing RapidNJ tree took 0.000281 sec (of wall-clock time) 0.000279 sec (of CPU time)
Log-likelihood of RapidNJ tree: -5357.600
--------------------------------------------------------------------
|             INITIALIZING CANDIDATE TREE SET                      |
--------------------------------------------------------------------
Generating 98 parsimony trees... 0.177 second
Computing log-likelihood of 98 initial trees ... 0.337 seconds
Current best score: -5347.095

Do NNI search on 20 best initial trees
Estimate model parameters (epsilon = 0.100)
BETTER TREE FOUND at iteration 1: -5346.550
UPDATE BEST LOG-LIKELIHOOD: -5346.550
Iteration 10 / LogL: -5346.679 / Time: 0h:0m:0s
Iteration 20 / LogL: -5346.554 / Time: 0h:0m:1s
Finish initializing candidate tree set (2)
Current best tree score: -5346.550 / CPU time: 1.188
Number of iterations: 20
--------------------------------------------------------------------
|               OPTIMIZING CANDIDATE TREE SET                      |
--------------------------------------------------------------------
Iteration 30 / LogL: -5346.688 / Time: 0h:0m:1s (0h:0m:3s left)
Iteration 40 / LogL: -5347.672 / Time: 0h:0m:1s (0h:0m:2s left)
Iteration 50 / LogL: -5347.598 / Time: 0h:0m:2s (0h:0m:2s left)
Iteration 60 / LogL: -5356.933 / Time: 0h:0m:2s (0h:0m:1s left)
Iteration 70 / LogL: -5347.659 / Time: 0h:0m:2s (0h:0m:1s left)
Iteration 80 / LogL: -5347.554 / Time: 0h:0m:3s (0h:0m:0s left)
UPDATE BEST LOG-LIKELIHOOD: -5346.550
Iteration 90 / LogL: -5347.666 / Time: 0h:0m:3s (0h:0m:0s left)
Iteration 100 / LogL: -5354.524 / Time: 0h:0m:3s (0h:0m:0s left)
TREE SEARCH COMPLETED AFTER 102 ITERATIONS / Time: 0h:0m:4s

--------------------------------------------------------------------
|                    FINALIZING TREE SEARCH                        |
--------------------------------------------------------------------
Performs final model parameters optimization
Estimate model parameters (epsilon = 0.010)
1. Initial log-likelihood: -5346.550
Optimal log-likelihood: -5346.549
Rate parameters:  A-C: 1.72090  A-G: 2.32237  A-T: 1.47648  C-G: 1.29973  C-T: 2.64070  G-T: 1.00000
Base frequencies:  A: 0.293  C: 0.196  G: 0.220  T: 0.291
Gamma shape alpha: 0.186
Parameters optimization took 1 rounds (0.013 sec)
BEST SCORE FOUND : -5346.549

Testing tree branches by aBayes parametric test...
0.016 sec.
Total tree length: 1.322

Total number of iterations: 102
CPU time used for tree search: 3.879 sec (0h:0m:3s)
Wall-clock time used for tree search: 3.968 sec (0h:0m:3s)
Total CPU time used: 3.970 sec (0h:0m:3s)
Total wall-clock time used: 4.059 sec (0h:0m:4s)

Analysis results written to: 
  IQ-TREE report:                /home/mis/CSE6406-project/work/paper_subset_50x10_L800/ils_high/replicate_05/estimated_gene_trees/L800/gtr_g4/locus_0013.iqtree
  Maximum-likelihood tree:       /home/mis/CSE6406-project/work/paper_subset_50x10_L800/ils_high/replicate_05/estimated_gene_trees/L800/gtr_g4/locus_0013.treefile
  Likelihood distances:          /home/mis/CSE6406-project/work/paper_subset_50x10_L800/ils_high/replicate_05/estimated_gene_trees/L800/gtr_g4/locus_0013.mldist
  Screen log file:               /home/mis/CSE6406-project/work/paper_subset_50x10_L800/ils_high/replicate_05/estimated_gene_trees/L800/gtr_g4/locus_0013.log

Date and Time: Sat Sep 12 19:57:55 2026
