IQ-TREE multicore version 2.4.0 for Linux x86 64-bit built Feb 12 2025
Developed by Bui Quang Minh, Nguyen Lam Tung, Olga Chernomor, Heiko Schmidt,
Dominik Schrempf, Michael Woodhams, Ly Trong Nhan, Thomas Wong

Host:    ezmata (AVX2, FMA3, 15 GB RAM)
Command: /home/mis/miniconda3/envs/cse6406/bin/iqtree2 -s /home/mis/CSE6406-project/work/paper_subset_50x10_L800/ils_high/replicate_05/alignments/L800/locus_0023.phy -m GTR+G4 --abayes -T 1 --seed 6906024 --prefix /home/mis/CSE6406-project/work/paper_subset_50x10_L800/ils_high/replicate_05/estimated_gene_trees/L800/gtr_g4/locus_0023 --redo --quiet
Seed:    6906024 (Using SPRNG - Scalable Parallel Random Number Generator)
Time:    Sat Sep 12 19:57:57 2026
Kernel:  AVX+FMA - 1 threads (16 CPU cores detected)

HINT: Use -nt option to specify number of threads because your CPU has 16 cores!
HINT: -nt AUTO will automatically determine the best number of threads to use.

Reading alignment file /home/mis/CSE6406-project/work/paper_subset_50x10_L800/ils_high/replicate_05/alignments/L800/locus_0023.phy ... Phylip format detected
Alignment most likely contains DNA/RNA sequences
Alignment has 21 sequences with 800 columns, 262 distinct patterns
200 parsimony-informative, 81 singleton sites, 519 constant sites
        Gap/Ambiguity  Composition  p-value
Analyzing sequences: done in 1.5817e-05 secs using 94.83% CPU
   1  13_0_0    0.00%    passed     88.57%
   2  4_0_0     0.00%    passed     82.51%
   3  1_0_0     0.00%    passed     91.70%
   4  3_0_0     0.00%    passed     98.04%
   5  11_0_0    0.00%    passed     98.76%
   6  9_0_0     0.00%    passed     98.02%
   7  12_0_0    0.00%    passed     55.13%
   8  0_0_0     0.00%    passed     79.48%
   9  2_0_0     0.00%    passed     97.95%
  10  16_0_0    0.00%    passed     98.96%
  11  18_0_0    0.00%    passed     99.52%
  12  17_0_0    0.00%    passed     58.10%
  13  14_0_0    0.00%    passed     82.51%
  14  19_0_0    0.00%    passed     88.94%
  15  20_0_0    0.00%    passed     93.81%
  16  15_0_0    0.00%    passed     99.71%
  17  10_0_0    0.00%    passed     95.22%
  18  5_0_0     0.00%    passed     88.56%
  19  6_0_0     0.00%    passed     90.92%
  20  7_0_0     0.00%    passed     88.74%
  21  8_0_0     0.00%    passed     98.20%
****  TOTAL     0.00%  0 sequences failed composition chi2 test (p-value<5%; df=3)

Create initial parsimony tree by phylogenetic likelihood library (PLL)... 0.001 seconds

NOTE: 0 MB RAM (0 GB) is required!
Estimate model parameters (epsilon = 0.100)
1. Initial log-likelihood: -5452.446
2. Current log-likelihood: -5212.970
3. Current log-likelihood: -5210.370
Optimal log-likelihood: -5210.357
Rate parameters:  A-C: 0.85730  A-G: 1.81452  A-T: 0.84588  C-G: 0.78106  C-T: 1.80016  G-T: 1.00000
Base frequencies:  A: 0.283  C: 0.205  G: 0.201  T: 0.310
Gamma shape alpha: 0.189
Parameters optimization took 3 rounds (0.036 sec)
Wrote distance file to... 
Computing ML distances based on estimated model parameters...
Calculating distance matrix: done in 0.00278271 secs using 97.35% CPU
Computing ML distances took 0.002832 sec (of wall-clock time) 0.002757 sec (of CPU time)
Setting up auxiliary I and S matrices: done in 7.9064e-05 secs using 98.65% CPU
Computing RapidNJ tree took 0.000316 sec (of wall-clock time) 0.000585 sec (of CPU time)
Log-likelihood of RapidNJ tree: -5215.749
--------------------------------------------------------------------
|             INITIALIZING CANDIDATE TREE SET                      |
--------------------------------------------------------------------
Generating 98 parsimony trees... 0.130 second
Computing log-likelihood of 98 initial trees ... 0.175 seconds
Current best score: -5210.357

Do NNI search on 20 best initial trees
Estimate model parameters (epsilon = 0.100)
BETTER TREE FOUND at iteration 1: -5210.334
Iteration 10 / LogL: -5210.356 / Time: 0h:0m:0s
UPDATE BEST LOG-LIKELIHOOD: -5210.334
Iteration 20 / LogL: -5210.334 / Time: 0h:0m:0s
Finish initializing candidate tree set (4)
Current best tree score: -5210.334 / CPU time: 0.827
Number of iterations: 20
--------------------------------------------------------------------
|               OPTIMIZING CANDIDATE TREE SET                      |
--------------------------------------------------------------------
UPDATE BEST LOG-LIKELIHOOD: -5210.334
Iteration 30 / LogL: -5211.900 / Time: 0h:0m:1s (0h:0m:2s left)
Iteration 40 / LogL: -5210.334 / Time: 0h:0m:1s (0h:0m:2s left)
UPDATE BEST LOG-LIKELIHOOD: -5210.334
Iteration 50 / LogL: -5210.334 / Time: 0h:0m:1s (0h:0m:1s left)
UPDATE BEST LOG-LIKELIHOOD: -5210.334
Iteration 60 / LogL: -5210.334 / Time: 0h:0m:2s (0h:0m:1s left)
UPDATE BEST LOG-LIKELIHOOD: -5210.334
Iteration 70 / LogL: -5210.334 / Time: 0h:0m:2s (0h:0m:1s left)
Iteration 80 / LogL: -5210.334 / Time: 0h:0m:2s (0h:0m:0s left)
Iteration 90 / LogL: -5210.334 / Time: 0h:0m:3s (0h:0m:0s left)
Iteration 100 / LogL: -5210.335 / Time: 0h:0m:3s (0h:0m:0s left)
TREE SEARCH COMPLETED AFTER 102 ITERATIONS / Time: 0h:0m:3s

--------------------------------------------------------------------
|                    FINALIZING TREE SEARCH                        |
--------------------------------------------------------------------
Performs final model parameters optimization
Estimate model parameters (epsilon = 0.010)
1. Initial log-likelihood: -5210.334
Optimal log-likelihood: -5210.334
Rate parameters:  A-C: 0.85747  A-G: 1.81376  A-T: 0.84604  C-G: 0.77802  C-T: 1.80118  G-T: 1.00000
Base frequencies:  A: 0.283  C: 0.205  G: 0.201  T: 0.310
Gamma shape alpha: 0.189
Parameters optimization took 1 rounds (0.012 sec)
BEST SCORE FOUND : -5210.334

Testing tree branches by aBayes parametric test...
0.013 sec.
Total tree length: 1.424

Total number of iterations: 102
CPU time used for tree search: 3.650 sec (0h:0m:3s)
Wall-clock time used for tree search: 3.753 sec (0h:0m:3s)
Total CPU time used: 3.728 sec (0h:0m:3s)
Total wall-clock time used: 3.834 sec (0h:0m:3s)

Analysis results written to: 
  IQ-TREE report:                /home/mis/CSE6406-project/work/paper_subset_50x10_L800/ils_high/replicate_05/estimated_gene_trees/L800/gtr_g4/locus_0023.iqtree
  Maximum-likelihood tree:       /home/mis/CSE6406-project/work/paper_subset_50x10_L800/ils_high/replicate_05/estimated_gene_trees/L800/gtr_g4/locus_0023.treefile
  Likelihood distances:          /home/mis/CSE6406-project/work/paper_subset_50x10_L800/ils_high/replicate_05/estimated_gene_trees/L800/gtr_g4/locus_0023.mldist
  Screen log file:               /home/mis/CSE6406-project/work/paper_subset_50x10_L800/ils_high/replicate_05/estimated_gene_trees/L800/gtr_g4/locus_0023.log

Date and Time: Sat Sep 12 19:58:01 2026
