IQ-TREE multicore version 2.4.0 for Linux x86 64-bit built Feb 12 2025
Developed by Bui Quang Minh, Nguyen Lam Tung, Olga Chernomor, Heiko Schmidt,
Dominik Schrempf, Michael Woodhams, Ly Trong Nhan, Thomas Wong

Host:    ezmata (AVX2, FMA3, 15 GB RAM)
Command: /home/mis/miniconda3/envs/cse6406/bin/iqtree2 -s /home/mis/CSE6406-project/work/paper_subset_50x10_L200/ils_low/replicate_08/alignments/L200/locus_0050.phy -m HKY+G4 --abayes -T 1 --seed 7206051 --prefix /home/mis/CSE6406-project/work/paper_subset_50x10_L200/ils_low/replicate_08/estimated_gene_trees/L200/hky_g4/locus_0050 --redo --quiet
Seed:    7206051 (Using SPRNG - Scalable Parallel Random Number Generator)
Time:    Sat Sep 12 21:36:56 2026
Kernel:  AVX+FMA - 1 threads (16 CPU cores detected)

HINT: Use -nt option to specify number of threads because your CPU has 16 cores!
HINT: -nt AUTO will automatically determine the best number of threads to use.

Reading alignment file /home/mis/CSE6406-project/work/paper_subset_50x10_L200/ils_low/replicate_08/alignments/L200/locus_0050.phy ... Phylip format detected
Alignment most likely contains DNA/RNA sequences
Alignment has 21 sequences with 200 columns, 118 distinct patterns
93 parsimony-informative, 22 singleton sites, 85 constant sites
        Gap/Ambiguity  Composition  p-value
Analyzing sequences: done in 1.7954e-05 secs using 50.13% CPU
   1  0_0_0     0.00%    passed     77.30%
   2  16_0_0    0.00%    passed     99.98%
   3  12_0_0    0.00%    passed     82.73%
   4  7_0_0     0.00%    passed     99.26%
   5  3_0_0     0.00%    passed     89.32%
   6  18_0_0    0.00%    passed     98.73%
   7  19_0_0    0.00%    passed     89.55%
   8  2_0_0     0.00%    passed     81.64%
   9  17_0_0    0.00%    passed     83.22%
  10  20_0_0    0.00%    passed     62.85%
  11  8_0_0     0.00%    passed     69.76%
  12  15_0_0    0.00%    passed     99.32%
  13  10_0_0    0.00%    passed     89.98%
  14  5_0_0     0.00%    passed     87.57%
  15  13_0_0    0.00%    passed     77.59%
  16  11_0_0    0.00%    passed     97.92%
  17  9_0_0     0.00%    passed     49.99%
  18  6_0_0     0.00%    passed     44.55%
  19  14_0_0    0.00%    passed     17.73%
  20  4_0_0     0.00%    passed     86.21%
  21  1_0_0     0.00%    passed     57.33%
****  TOTAL     0.00%  0 sequences failed composition chi2 test (p-value<5%; df=3)

Create initial parsimony tree by phylogenetic likelihood library (PLL)... 0.001 seconds

NOTE: 0 MB RAM (0 GB) is required!
Estimate model parameters (epsilon = 0.100)
1. Initial log-likelihood: -2410.736
2. Current log-likelihood: -2305.221
3. Current log-likelihood: -2293.699
4. Current log-likelihood: -2293.261
Optimal log-likelihood: -2293.194
Rate parameters:  A-C: 1.00000  A-G: 1.88731  A-T: 1.00000  C-G: 1.00000  C-T: 1.88731  G-T: 1.00000
Base frequencies:  A: 0.321  C: 0.179  G: 0.204  T: 0.296
Gamma shape alpha: 0.215
Parameters optimization took 4 rounds (0.032 sec)
Wrote distance file to... 
Computing ML distances based on estimated model parameters...
Calculating distance matrix: done in 0.0033294 secs using 97.95% CPU
Computing ML distances took 0.003392 sec (of wall-clock time) 0.003326 sec (of CPU time)
Setting up auxiliary I and S matrices: done in 7.1772e-05 secs using 98.92% CPU
Computing RapidNJ tree took 0.000280 sec (of wall-clock time) 0.000279 sec (of CPU time)
Log-likelihood of RapidNJ tree: -2280.380
--------------------------------------------------------------------
|             INITIALIZING CANDIDATE TREE SET                      |
--------------------------------------------------------------------
Generating 98 parsimony trees... 0.142 second
Computing log-likelihood of 98 initial trees ... 0.188 seconds
Current best score: -2279.681

Do NNI search on 20 best initial trees
Estimate model parameters (epsilon = 0.100)
BETTER TREE FOUND at iteration 1: -2274.057
BETTER TREE FOUND at iteration 3: -2274.056
UPDATE BEST LOG-LIKELIHOOD: -2274.056
Estimate model parameters (epsilon = 0.100)
BETTER TREE FOUND at iteration 8: -2273.992
UPDATE BEST LOG-LIKELIHOOD: -2273.992
Iteration 10 / LogL: -2277.613 / Time: 0h:0m:0s
BETTER TREE FOUND at iteration 17: -2273.992
Iteration 20 / LogL: -2273.992 / Time: 0h:0m:1s
Finish initializing candidate tree set (12)
Current best tree score: -2273.992 / CPU time: 1.242
Number of iterations: 20
--------------------------------------------------------------------
|               OPTIMIZING CANDIDATE TREE SET                      |
--------------------------------------------------------------------
UPDATE BEST LOG-LIKELIHOOD: -2273.992
Iteration 30 / LogL: -2274.081 / Time: 0h:0m:1s (0h:0m:5s left)
Iteration 40 / LogL: -2273.992 / Time: 0h:0m:1s (0h:0m:3s left)
Iteration 50 / LogL: -2273.999 / Time: 0h:0m:2s (0h:0m:2s left)
UPDATE BEST LOG-LIKELIHOOD: -2273.992
Iteration 60 / LogL: -2274.081 / Time: 0h:0m:2s (0h:0m:2s left)
Iteration 70 / LogL: -2277.538 / Time: 0h:0m:2s (0h:0m:1s left)
Iteration 80 / LogL: -2274.081 / Time: 0h:0m:2s (0h:0m:1s left)
Iteration 90 / LogL: -2274.081 / Time: 0h:0m:3s (0h:0m:0s left)
Iteration 100 / LogL: -2273.993 / Time: 0h:0m:3s (0h:0m:0s left)
Iteration 110 / LogL: -2274.083 / Time: 0h:0m:3s (0h:0m:0s left)
TREE SEARCH COMPLETED AFTER 118 ITERATIONS / Time: 0h:0m:3s

--------------------------------------------------------------------
|                    FINALIZING TREE SEARCH                        |
--------------------------------------------------------------------
Performs final model parameters optimization
Estimate model parameters (epsilon = 0.010)
1. Initial log-likelihood: -2273.992
Optimal log-likelihood: -2273.991
Rate parameters:  A-C: 1.00000  A-G: 1.86117  A-T: 1.00000  C-G: 1.00000  C-T: 1.86117  G-T: 1.00000
Base frequencies:  A: 0.321  C: 0.179  G: 0.204  T: 0.296
Gamma shape alpha: 0.208
Parameters optimization took 1 rounds (0.002 sec)
BEST SCORE FOUND : -2273.991

Testing tree branches by aBayes parametric test...
0.003 sec.
Total tree length: 7.481

Total number of iterations: 118
CPU time used for tree search: 3.418 sec (0h:0m:3s)
Wall-clock time used for tree search: 3.559 sec (0h:0m:3s)
Total CPU time used: 3.476 sec (0h:0m:3s)
Total wall-clock time used: 3.621 sec (0h:0m:3s)

Analysis results written to: 
  IQ-TREE report:                /home/mis/CSE6406-project/work/paper_subset_50x10_L200/ils_low/replicate_08/estimated_gene_trees/L200/hky_g4/locus_0050.iqtree
  Maximum-likelihood tree:       /home/mis/CSE6406-project/work/paper_subset_50x10_L200/ils_low/replicate_08/estimated_gene_trees/L200/hky_g4/locus_0050.treefile
  Likelihood distances:          /home/mis/CSE6406-project/work/paper_subset_50x10_L200/ils_low/replicate_08/estimated_gene_trees/L200/hky_g4/locus_0050.mldist
  Screen log file:               /home/mis/CSE6406-project/work/paper_subset_50x10_L200/ils_low/replicate_08/estimated_gene_trees/L200/hky_g4/locus_0050.log

Date and Time: Sat Sep 12 21:37:00 2026
