IQ-TREE multicore version 2.4.0 for Linux x86 64-bit built Feb 12 2025
Developed by Bui Quang Minh, Nguyen Lam Tung, Olga Chernomor, Heiko Schmidt,
Dominik Schrempf, Michael Woodhams, Ly Trong Nhan, Thomas Wong

Host:    ezmata (AVX2, FMA3, 15 GB RAM)
Command: /home/mis/miniconda3/envs/cse6406/bin/iqtree2 -s /home/mis/CSE6406-project/work/paper_subset_50x10_L200/ils_low/replicate_08/alignments/L200/locus_0031.phy -m HKY+G4 --abayes -T 1 --seed 7206032 --prefix /home/mis/CSE6406-project/work/paper_subset_50x10_L200/ils_low/replicate_08/estimated_gene_trees/L200/hky_g4/locus_0031 --redo --quiet
Seed:    7206032 (Using SPRNG - Scalable Parallel Random Number Generator)
Time:    Sat Sep 12 21:36:48 2026
Kernel:  AVX+FMA - 1 threads (16 CPU cores detected)

HINT: Use -nt option to specify number of threads because your CPU has 16 cores!
HINT: -nt AUTO will automatically determine the best number of threads to use.

Reading alignment file /home/mis/CSE6406-project/work/paper_subset_50x10_L200/ils_low/replicate_08/alignments/L200/locus_0031.phy ... Phylip format detected
Alignment most likely contains DNA/RNA sequences
Alignment has 21 sequences with 200 columns, 111 distinct patterns
90 parsimony-informative, 20 singleton sites, 90 constant sites
        Gap/Ambiguity  Composition  p-value
Analyzing sequences: done in 1.7393e-05 secs using 40.25% CPU
   1  0_0_0     0.00%    passed     72.14%
   2  9_0_0     0.00%    passed     89.25%
   3  5_0_0     0.00%    passed     82.85%
   4  11_0_0    0.00%    passed     62.58%
   5  13_0_0    0.00%    passed     94.01%
   6  10_0_0    0.00%    passed     92.99%
   7  6_0_0     0.00%    passed     97.16%
   8  4_0_0     0.00%    passed     75.09%
   9  14_0_0    0.00%    passed     99.33%
  10  12_0_0    0.00%    passed     69.87%
  11  16_0_0    0.00%    passed     74.25%
  12  7_0_0     0.00%    passed     94.01%
  13  3_0_0     0.00%    passed     96.55%
  14  8_0_0     0.00%    passed     95.00%
  15  20_0_0    0.00%    passed     87.83%
  16  18_0_0    0.00%    passed     88.77%
  17  19_0_0    0.00%    passed     98.40%
  18  17_0_0    0.00%    passed     89.14%
  19  2_0_0     0.00%    passed     50.63%
  20  15_0_0    0.00%    passed     96.95%
  21  1_0_0     0.00%    passed     73.58%
****  TOTAL     0.00%  0 sequences failed composition chi2 test (p-value<5%; df=3)

Create initial parsimony tree by phylogenetic likelihood library (PLL)... 0.001 seconds

NOTE: 0 MB RAM (0 GB) is required!
Estimate model parameters (epsilon = 0.100)
1. Initial log-likelihood: -2404.234
2. Current log-likelihood: -2294.869
3. Current log-likelihood: -2281.635
4. Current log-likelihood: -2280.550
5. Current log-likelihood: -2280.364
Optimal log-likelihood: -2280.272
Rate parameters:  A-C: 1.00000  A-G: 2.42094  A-T: 1.00000  C-G: 1.00000  C-T: 2.42094  G-T: 1.00000
Base frequencies:  A: 0.275  C: 0.185  G: 0.215  T: 0.325
Gamma shape alpha: 0.216
Parameters optimization took 5 rounds (0.024 sec)
Wrote distance file to... 
Computing ML distances based on estimated model parameters...
Calculating distance matrix: done in 0.00179803 secs using 98.39% CPU
Computing ML distances took 0.001827 sec (of wall-clock time) 0.001797 sec (of CPU time)
Setting up auxiliary I and S matrices: done in 7.0175e-05 secs using 191% CPU
Computing RapidNJ tree took 0.000262 sec (of wall-clock time) 0.000325 sec (of CPU time)
Log-likelihood of RapidNJ tree: -2294.427
--------------------------------------------------------------------
|             INITIALIZING CANDIDATE TREE SET                      |
--------------------------------------------------------------------
Generating 98 parsimony trees... 0.129 second
Computing log-likelihood of 98 initial trees ... 0.183 seconds
Current best score: -2280.272

Do NNI search on 20 best initial trees
Estimate model parameters (epsilon = 0.100)
BETTER TREE FOUND at iteration 1: -2273.748
Estimate model parameters (epsilon = 0.100)
BETTER TREE FOUND at iteration 3: -2272.322
Iteration 10 / LogL: -2272.607 / Time: 0h:0m:0s
Iteration 20 / LogL: -2272.352 / Time: 0h:0m:0s
Finish initializing candidate tree set (17)
Current best tree score: -2272.322 / CPU time: 0.766
Number of iterations: 20
--------------------------------------------------------------------
|               OPTIMIZING CANDIDATE TREE SET                      |
--------------------------------------------------------------------
Estimate model parameters (epsilon = 0.100)
BETTER TREE FOUND at iteration 27: -2271.892
Iteration 30 / LogL: -2272.386 / Time: 0h:0m:1s (0h:0m:3s left)
UPDATE BEST LOG-LIKELIHOOD: -2271.892
Iteration 40 / LogL: -2272.347 / Time: 0h:0m:1s (0h:0m:2s left)
UPDATE BEST LOG-LIKELIHOOD: -2271.892
Iteration 50 / LogL: -2271.892 / Time: 0h:0m:1s (0h:0m:2s left)
Iteration 60 / LogL: -2272.168 / Time: 0h:0m:1s (0h:0m:1s left)
Iteration 70 / LogL: -2271.892 / Time: 0h:0m:1s (0h:0m:1s left)
UPDATE BEST LOG-LIKELIHOOD: -2271.892
Iteration 80 / LogL: -2271.892 / Time: 0h:0m:1s (0h:0m:1s left)
UPDATE BEST LOG-LIKELIHOOD: -2271.892
Iteration 90 / LogL: -2275.017 / Time: 0h:0m:2s (0h:0m:0s left)
Iteration 100 / LogL: -2271.892 / Time: 0h:0m:2s (0h:0m:0s left)
Iteration 110 / LogL: -2272.595 / Time: 0h:0m:2s (0h:0m:0s left)
Iteration 120 / LogL: -2271.892 / Time: 0h:0m:2s (0h:0m:0s left)
TREE SEARCH COMPLETED AFTER 128 ITERATIONS / Time: 0h:0m:2s

--------------------------------------------------------------------
|                    FINALIZING TREE SEARCH                        |
--------------------------------------------------------------------
Performs final model parameters optimization
Estimate model parameters (epsilon = 0.010)
1. Initial log-likelihood: -2271.892
Optimal log-likelihood: -2271.891
Rate parameters:  A-C: 1.00000  A-G: 2.47947  A-T: 1.00000  C-G: 1.00000  C-T: 2.47947  G-T: 1.00000
Base frequencies:  A: 0.275  C: 0.185  G: 0.215  T: 0.325
Gamma shape alpha: 0.200
Parameters optimization took 1 rounds (0.002 sec)
BEST SCORE FOUND : -2271.891

Testing tree branches by aBayes parametric test...
0.003 sec.
Total tree length: 8.582

Total number of iterations: 128
CPU time used for tree search: 2.631 sec (0h:0m:2s)
Wall-clock time used for tree search: 2.760 sec (0h:0m:2s)
Total CPU time used: 2.686 sec (0h:0m:2s)
Total wall-clock time used: 2.818 sec (0h:0m:2s)

Analysis results written to: 
  IQ-TREE report:                /home/mis/CSE6406-project/work/paper_subset_50x10_L200/ils_low/replicate_08/estimated_gene_trees/L200/hky_g4/locus_0031.iqtree
  Maximum-likelihood tree:       /home/mis/CSE6406-project/work/paper_subset_50x10_L200/ils_low/replicate_08/estimated_gene_trees/L200/hky_g4/locus_0031.treefile
  Likelihood distances:          /home/mis/CSE6406-project/work/paper_subset_50x10_L200/ils_low/replicate_08/estimated_gene_trees/L200/hky_g4/locus_0031.mldist
  Screen log file:               /home/mis/CSE6406-project/work/paper_subset_50x10_L200/ils_low/replicate_08/estimated_gene_trees/L200/hky_g4/locus_0031.log

Date and Time: Sat Sep 12 21:36:51 2026
