IQ-TREE multicore version 2.4.0 for Linux x86 64-bit built Feb 12 2025
Developed by Bui Quang Minh, Nguyen Lam Tung, Olga Chernomor, Heiko Schmidt,
Dominik Schrempf, Michael Woodhams, Ly Trong Nhan, Thomas Wong

Host:    ezmata (AVX2, FMA3, 15 GB RAM)
Command: /home/mis/miniconda3/envs/cse6406/bin/iqtree2 -s /home/mis/CSE6406-project/work/paper_subset_50x10_L200/ils_low/replicate_10/alignments/L200/locus_0043.phy -m GTR+G4 --abayes -T 1 --seed 7406044 --prefix /home/mis/CSE6406-project/work/paper_subset_50x10_L200/ils_low/replicate_10/estimated_gene_trees/L200/gtr_g4/locus_0043 --redo --quiet
Seed:    7406044 (Using SPRNG - Scalable Parallel Random Number Generator)
Time:    Sat Sep 12 21:38:35 2026
Kernel:  AVX+FMA - 1 threads (16 CPU cores detected)

HINT: Use -nt option to specify number of threads because your CPU has 16 cores!
HINT: -nt AUTO will automatically determine the best number of threads to use.

Reading alignment file /home/mis/CSE6406-project/work/paper_subset_50x10_L200/ils_low/replicate_10/alignments/L200/locus_0043.phy ... Phylip format detected
Alignment most likely contains DNA/RNA sequences
Alignment has 21 sequences with 200 columns, 67 distinct patterns
43 parsimony-informative, 20 singleton sites, 137 constant sites
        Gap/Ambiguity  Composition  p-value
Analyzing sequences: done in 1.6128e-05 secs using 93.01% CPU
   1  0_0_0     0.00%    passed     55.01%
   2  3_0_0     0.00%    passed     96.14%
   3  7_0_0     0.00%    passed     95.66%
   4  2_0_0     0.00%    passed     91.65%
   5  10_0_0    0.00%    passed     92.60%
   6  16_0_0    0.00%    passed     89.41%
   7  1_0_0     0.00%    passed     99.94%
   8  18_0_0    0.00%    passed     94.54%
   9  8_0_0     0.00%    passed     95.54%
  10  15_0_0    0.00%    passed     99.01%
  11  11_0_0    0.00%    passed     95.55%
  12  14_0_0    0.00%    passed     95.66%
  13  13_0_0    0.00%    passed     99.18%
  14  6_0_0     0.00%    passed     93.89%
  15  12_0_0    0.00%    passed     91.95%
  16  5_0_0     0.00%    passed     99.36%
  17  4_0_0     0.00%    passed     87.64%
  18  9_0_0     0.00%    passed     81.89%
  19  17_0_0    0.00%    passed     85.47%
  20  20_0_0    0.00%    passed     89.74%
  21  19_0_0    0.00%    passed     97.05%
****  TOTAL     0.00%  0 sequences failed composition chi2 test (p-value<5%; df=3)

Create initial parsimony tree by phylogenetic likelihood library (PLL)... 0.001 seconds

NOTE: 0 MB RAM (0 GB) is required!
Estimate model parameters (epsilon = 0.100)
1. Initial log-likelihood: -1007.725
2. Current log-likelihood: -988.409
3. Current log-likelihood: -988.149
Optimal log-likelihood: -988.148
Rate parameters:  A-C: 0.63703  A-G: 1.21980  A-T: 0.87300  C-G: 0.65107  C-T: 1.00425  G-T: 1.00000
Base frequencies:  A: 0.312  C: 0.218  G: 0.212  T: 0.259
Gamma shape alpha: 0.213
Parameters optimization took 3 rounds (0.025 sec)
Wrote distance file to... 
Computing ML distances based on estimated model parameters...
Calculating distance matrix: done in 0.00436062 secs using 99.23% CPU
Computing ML distances took 0.004415 sec (of wall-clock time) 0.004383 sec (of CPU time)
Setting up auxiliary I and S matrices: done in 6.1617e-05 secs using 99% CPU
Computing RapidNJ tree took 0.000239 sec (of wall-clock time) 0.000238 sec (of CPU time)
Log-likelihood of RapidNJ tree: -990.590
--------------------------------------------------------------------
|             INITIALIZING CANDIDATE TREE SET                      |
--------------------------------------------------------------------
Generating 98 parsimony trees... 0.084 second
Computing log-likelihood of 98 initial trees ... 0.097 seconds
Current best score: -984.496

Do NNI search on 20 best initial trees
Estimate model parameters (epsilon = 0.100)
BETTER TREE FOUND at iteration 1: -984.347
UPDATE BEST LOG-LIKELIHOOD: -984.347
BETTER TREE FOUND at iteration 5: -984.347
UPDATE BEST LOG-LIKELIHOOD: -984.347
Iteration 10 / LogL: -984.347 / Time: 0h:0m:0s
UPDATE BEST LOG-LIKELIHOOD: -984.347
Iteration 20 / LogL: -984.347 / Time: 0h:0m:0s
Finish initializing candidate tree set (3)
Current best tree score: -984.347 / CPU time: 0.300
Number of iterations: 20
--------------------------------------------------------------------
|               OPTIMIZING CANDIDATE TREE SET                      |
--------------------------------------------------------------------
Iteration 30 / LogL: -984.348 / Time: 0h:0m:0s (0h:0m:1s left)
Iteration 40 / LogL: -984.348 / Time: 0h:0m:0s (0h:0m:0s left)
Iteration 50 / LogL: -984.348 / Time: 0h:0m:0s (0h:0m:0s left)
Iteration 60 / LogL: -984.347 / Time: 0h:0m:0s (0h:0m:0s left)
Iteration 70 / LogL: -984.348 / Time: 0h:0m:1s (0h:0m:0s left)
Iteration 80 / LogL: -984.347 / Time: 0h:0m:1s (0h:0m:0s left)
Iteration 90 / LogL: -984.348 / Time: 0h:0m:1s (0h:0m:0s left)
Iteration 100 / LogL: -984.348 / Time: 0h:0m:1s (0h:0m:0s left)
TREE SEARCH COMPLETED AFTER 106 ITERATIONS / Time: 0h:0m:1s

--------------------------------------------------------------------
|                    FINALIZING TREE SEARCH                        |
--------------------------------------------------------------------
Performs final model parameters optimization
Estimate model parameters (epsilon = 0.010)
1. Initial log-likelihood: -984.347
Optimal log-likelihood: -984.347
Rate parameters:  A-C: 0.72482  A-G: 1.39208  A-T: 1.02722  C-G: 0.72553  C-T: 1.18239  G-T: 1.00000
Base frequencies:  A: 0.312  C: 0.218  G: 0.212  T: 0.259
Gamma shape alpha: 0.222
Parameters optimization took 1 rounds (0.002 sec)
BEST SCORE FOUND : -984.347

Testing tree branches by aBayes parametric test...
0.003 sec.
Total tree length: 0.771

Total number of iterations: 106
CPU time used for tree search: 1.445 sec (0h:0m:1s)
Wall-clock time used for tree search: 1.540 sec (0h:0m:1s)
Total CPU time used: 1.496 sec (0h:0m:1s)
Total wall-clock time used: 1.591 sec (0h:0m:1s)

Analysis results written to: 
  IQ-TREE report:                /home/mis/CSE6406-project/work/paper_subset_50x10_L200/ils_low/replicate_10/estimated_gene_trees/L200/gtr_g4/locus_0043.iqtree
  Maximum-likelihood tree:       /home/mis/CSE6406-project/work/paper_subset_50x10_L200/ils_low/replicate_10/estimated_gene_trees/L200/gtr_g4/locus_0043.treefile
  Likelihood distances:          /home/mis/CSE6406-project/work/paper_subset_50x10_L200/ils_low/replicate_10/estimated_gene_trees/L200/gtr_g4/locus_0043.mldist
  Screen log file:               /home/mis/CSE6406-project/work/paper_subset_50x10_L200/ils_low/replicate_10/estimated_gene_trees/L200/gtr_g4/locus_0043.log

Date and Time: Sat Sep 12 21:38:37 2026
