IQ-TREE multicore version 2.4.0 for Linux x86 64-bit built Feb 12 2025
Developed by Bui Quang Minh, Nguyen Lam Tung, Olga Chernomor, Heiko Schmidt,
Dominik Schrempf, Michael Woodhams, Ly Trong Nhan, Thomas Wong

Host:    ezmata (AVX2, FMA3, 15 GB RAM)
Command: /home/mis/miniconda3/envs/cse6406/bin/iqtree2 -s /home/mis/CSE6406-project/work/paper_subset_50x10_L200/ils_low/replicate_02/alignments/L200/locus_0049.phy -m HKY --abayes -T 1 --seed 6606050 --prefix /home/mis/CSE6406-project/work/paper_subset_50x10_L200/ils_low/replicate_02/estimated_gene_trees/L200/hky/locus_0049 --redo --quiet
Seed:    6606050 (Using SPRNG - Scalable Parallel Random Number Generator)
Time:    Sat Sep 12 21:31:23 2026
Kernel:  AVX+FMA - 1 threads (16 CPU cores detected)

HINT: Use -nt option to specify number of threads because your CPU has 16 cores!
HINT: -nt AUTO will automatically determine the best number of threads to use.

Reading alignment file /home/mis/CSE6406-project/work/paper_subset_50x10_L200/ils_low/replicate_02/alignments/L200/locus_0049.phy ... Phylip format detected
Alignment most likely contains DNA/RNA sequences
Alignment has 21 sequences with 200 columns, 122 distinct patterns
107 parsimony-informative, 12 singleton sites, 81 constant sites
        Gap/Ambiguity  Composition  p-value
Analyzing sequences: done in 1.9907e-05 secs using 90.42% CPU
   1  1_0_0     0.00%    passed     95.18%
   2  5_0_0     0.00%    passed     52.40%
   3  4_0_0     0.00%    passed     86.02%
   4  2_0_0     0.00%    passed     71.72%
   5  6_0_0     0.00%    passed     94.50%
   6  3_0_0     0.00%    passed     41.03%
   7  9_0_0     0.00%    passed     80.52%
   8  11_0_0    0.00%    passed     98.22%
   9  13_0_0    0.00%    passed     65.94%
  10  10_0_0    0.00%    passed     84.86%
  11  19_0_0    0.00%    passed     76.64%
  12  7_0_0     0.00%    passed     74.64%
  13  8_0_0     0.00%    passed     83.25%
  14  14_0_0    0.00%    passed     93.14%
  15  16_0_0    0.00%    passed     65.22%
  16  15_0_0    0.00%    passed     99.48%
  17  18_0_0    0.00%    passed     41.67%
  18  12_0_0    0.00%    passed     42.05%
  19  17_0_0    0.00%    passed     97.88%
  20  20_0_0    0.00%    passed     60.48%
  21  0_0_0     0.00%    passed     64.02%
****  TOTAL     0.00%  0 sequences failed composition chi2 test (p-value<5%; df=3)

Create initial parsimony tree by phylogenetic likelihood library (PLL)... 0.001 seconds

NOTE: 0 MB RAM (0 GB) is required!
Estimate model parameters (epsilon = 0.100)
1. Initial log-likelihood: -3392.203
2. Current log-likelihood: -3379.990
Optimal log-likelihood: -3379.920
Rate parameters:  A-C: 1.00000  A-G: 1.20549  A-T: 1.00000  C-G: 1.00000  C-T: 1.20549  G-T: 1.00000
Base frequencies:  A: 0.267  C: 0.210  G: 0.224  T: 0.298
Parameters optimization took 2 rounds (0.003 sec)
Wrote distance file to... 
Computing ML distances based on estimated model parameters...
Calculating distance matrix: done in 0.00100163 secs using 94.35% CPU
Computing ML distances took 0.001045 sec (of wall-clock time) 0.000987 sec (of CPU time)
Setting up auxiliary I and S matrices: done in 6.6833e-05 secs
Computing RapidNJ tree took 0.000233 sec (of wall-clock time) 0.000000 sec (of CPU time)
Log-likelihood of RapidNJ tree: -3375.332
--------------------------------------------------------------------
|             INITIALIZING CANDIDATE TREE SET                      |
--------------------------------------------------------------------
Generating 98 parsimony trees... 0.123 second
Computing log-likelihood of 98 initial trees ... 0.090 seconds
Current best score: -3366.322

Do NNI search on 20 best initial trees
Estimate model parameters (epsilon = 0.100)
BETTER TREE FOUND at iteration 1: -3364.832
Iteration 10 / LogL: -3367.925 / Time: 0h:0m:0s
Estimate model parameters (epsilon = 0.100)
BETTER TREE FOUND at iteration 11: -3363.481
Iteration 20 / LogL: -3369.639 / Time: 0h:0m:0s
Finish initializing candidate tree set (14)
Current best tree score: -3363.481 / CPU time: 0.342
Number of iterations: 20
--------------------------------------------------------------------
|               OPTIMIZING CANDIDATE TREE SET                      |
--------------------------------------------------------------------
Iteration 30 / LogL: -3363.599 / Time: 0h:0m:0s (0h:0m:1s left)
Iteration 40 / LogL: -3363.770 / Time: 0h:0m:0s (0h:0m:1s left)
Iteration 50 / LogL: -3363.498 / Time: 0h:0m:0s (0h:0m:0s left)
Iteration 60 / LogL: -3363.569 / Time: 0h:0m:0s (0h:0m:0s left)
Iteration 70 / LogL: -3364.978 / Time: 0h:0m:0s (0h:0m:0s left)
Iteration 80 / LogL: -3363.581 / Time: 0h:0m:1s (0h:0m:0s left)
Iteration 90 / LogL: -3363.565 / Time: 0h:0m:1s (0h:0m:0s left)
Iteration 100 / LogL: -3364.637 / Time: 0h:0m:1s (0h:0m:0s left)
Iteration 110 / LogL: -3363.592 / Time: 0h:0m:1s (0h:0m:0s left)
TREE SEARCH COMPLETED AFTER 112 ITERATIONS / Time: 0h:0m:1s

--------------------------------------------------------------------
|                    FINALIZING TREE SEARCH                        |
--------------------------------------------------------------------
Performs final model parameters optimization
Estimate model parameters (epsilon = 0.010)
1. Initial log-likelihood: -3363.481
Optimal log-likelihood: -3363.481
Rate parameters:  A-C: 1.00000  A-G: 1.23560  A-T: 1.00000  C-G: 1.00000  C-T: 1.23560  G-T: 1.00000
Base frequencies:  A: 0.267  C: 0.210  G: 0.224  T: 0.298
Parameters optimization took 1 rounds (0.001 sec)
BEST SCORE FOUND : -3363.481

Testing tree branches by aBayes parametric test...
0.003 sec.
Total tree length: 4.621

Total number of iterations: 112
CPU time used for tree search: 1.212 sec (0h:0m:1s)
Wall-clock time used for tree search: 1.292 sec (0h:0m:1s)
Total CPU time used: 1.234 sec (0h:0m:1s)
Total wall-clock time used: 1.315 sec (0h:0m:1s)

Analysis results written to: 
  IQ-TREE report:                /home/mis/CSE6406-project/work/paper_subset_50x10_L200/ils_low/replicate_02/estimated_gene_trees/L200/hky/locus_0049.iqtree
  Maximum-likelihood tree:       /home/mis/CSE6406-project/work/paper_subset_50x10_L200/ils_low/replicate_02/estimated_gene_trees/L200/hky/locus_0049.treefile
  Likelihood distances:          /home/mis/CSE6406-project/work/paper_subset_50x10_L200/ils_low/replicate_02/estimated_gene_trees/L200/hky/locus_0049.mldist
  Screen log file:               /home/mis/CSE6406-project/work/paper_subset_50x10_L200/ils_low/replicate_02/estimated_gene_trees/L200/hky/locus_0049.log

Date and Time: Sat Sep 12 21:31:24 2026
