IQ-TREE multicore version 2.4.0 for Linux x86 64-bit built Feb 12 2025
Developed by Bui Quang Minh, Nguyen Lam Tung, Olga Chernomor, Heiko Schmidt,
Dominik Schrempf, Michael Woodhams, Ly Trong Nhan, Thomas Wong

Host:    ezmata (AVX2, FMA3, 15 GB RAM)
Command: /home/mis/miniconda3/envs/cse6406/bin/iqtree2 -s /home/mis/CSE6406-project/work/paper_subset_50x10_L200/ils_low/replicate_02/alignments/L200/locus_0024.phy -m HKY --abayes -T 1 --seed 6606025 --prefix /home/mis/CSE6406-project/work/paper_subset_50x10_L200/ils_low/replicate_02/estimated_gene_trees/L200/hky/locus_0024 --redo --quiet
Seed:    6606025 (Using SPRNG - Scalable Parallel Random Number Generator)
Time:    Sat Sep 12 21:31:20 2026
Kernel:  AVX+FMA - 1 threads (16 CPU cores detected)

HINT: Use -nt option to specify number of threads because your CPU has 16 cores!
HINT: -nt AUTO will automatically determine the best number of threads to use.

Reading alignment file /home/mis/CSE6406-project/work/paper_subset_50x10_L200/ils_low/replicate_02/alignments/L200/locus_0024.phy ... Phylip format detected
Alignment most likely contains DNA/RNA sequences
Alignment has 21 sequences with 200 columns, 128 distinct patterns
109 parsimony-informative, 17 singleton sites, 74 constant sites
        Gap/Ambiguity  Composition  p-value
Analyzing sequences: done in 1.5619e-05 secs using 44.82% CPU
   1  2_0_0     0.00%    passed     95.81%
   2  4_0_0     0.00%    passed     84.49%
   3  3_0_0     0.00%    passed     99.48%
   4  6_0_0     0.00%    passed     89.11%
   5  17_0_0    0.00%    passed     92.65%
   6  12_0_0    0.00%    passed     70.56%
   7  20_0_0    0.00%    passed     36.63%
   8  13_0_0    0.00%    passed     49.82%
   9  7_0_0     0.00%    passed     96.09%
  10  8_0_0     0.00%    passed     39.75%
  11  19_0_0    0.00%    passed     71.34%
  12  10_0_0    0.00%    passed     44.97%
  13  14_0_0    0.00%    passed     98.73%
  14  16_0_0    0.00%    passed     51.67%
  15  18_0_0    0.00%    passed     60.66%
  16  15_0_0    0.00%    passed     28.07%
  17  1_0_0     0.00%    passed     95.83%
  18  5_0_0     0.00%    passed     17.42%
  19  9_0_0     0.00%    passed     97.83%
  20  11_0_0    0.00%    passed     57.80%
  21  0_0_0     0.00%    passed     62.53%
****  TOTAL     0.00%  0 sequences failed composition chi2 test (p-value<5%; df=3)

Create initial parsimony tree by phylogenetic likelihood library (PLL)... 0.001 seconds

NOTE: 0 MB RAM (0 GB) is required!
Estimate model parameters (epsilon = 0.100)
1. Initial log-likelihood: -3560.915
2. Current log-likelihood: -3547.340
Optimal log-likelihood: -3547.252
Rate parameters:  A-C: 1.00000  A-G: 1.25195  A-T: 1.00000  C-G: 1.00000  C-T: 1.25195  G-T: 1.00000
Base frequencies:  A: 0.302  C: 0.175  G: 0.231  T: 0.291
Parameters optimization took 2 rounds (0.003 sec)
Wrote distance file to... 
Computing ML distances based on estimated model parameters...
Calculating distance matrix: done in 0.000813809 secs using 82.57% CPU
Computing ML distances took 0.000860 sec (of wall-clock time) 0.000717 sec (of CPU time)
Setting up auxiliary I and S matrices: done in 5.6935e-05 secs using 98.36% CPU
Computing RapidNJ tree took 0.000217 sec (of wall-clock time) 0.000215 sec (of CPU time)
Log-likelihood of RapidNJ tree: -3551.263
--------------------------------------------------------------------
|             INITIALIZING CANDIDATE TREE SET                      |
--------------------------------------------------------------------
Generating 98 parsimony trees... 0.119 second
Computing log-likelihood of 98 initial trees ... 0.082 seconds
Current best score: -3533.538

Do NNI search on 20 best initial trees
Estimate model parameters (epsilon = 0.100)
BETTER TREE FOUND at iteration 1: -3533.064
Iteration 10 / LogL: -3535.269 / Time: 0h:0m:0s
Iteration 20 / LogL: -3536.891 / Time: 0h:0m:0s
Finish initializing candidate tree set (10)
Current best tree score: -3533.064 / CPU time: 0.318
Number of iterations: 20
--------------------------------------------------------------------
|               OPTIMIZING CANDIDATE TREE SET                      |
--------------------------------------------------------------------
Iteration 30 / LogL: -3534.476 / Time: 0h:0m:0s (0h:0m:1s left)
Iteration 40 / LogL: -3533.079 / Time: 0h:0m:0s (0h:0m:0s left)
Iteration 50 / LogL: -3534.412 / Time: 0h:0m:0s (0h:0m:0s left)
Iteration 60 / LogL: -3534.921 / Time: 0h:0m:0s (0h:0m:0s left)
Iteration 70 / LogL: -3538.523 / Time: 0h:0m:0s (0h:0m:0s left)
Iteration 80 / LogL: -3533.501 / Time: 0h:0m:0s (0h:0m:0s left)
Iteration 90 / LogL: -3533.102 / Time: 0h:0m:1s (0h:0m:0s left)
Iteration 100 / LogL: -3533.066 / Time: 0h:0m:1s (0h:0m:0s left)
TREE SEARCH COMPLETED AFTER 102 ITERATIONS / Time: 0h:0m:1s

--------------------------------------------------------------------
|                    FINALIZING TREE SEARCH                        |
--------------------------------------------------------------------
Performs final model parameters optimization
Estimate model parameters (epsilon = 0.010)
1. Initial log-likelihood: -3533.064
Optimal log-likelihood: -3533.064
Rate parameters:  A-C: 1.00000  A-G: 1.30776  A-T: 1.00000  C-G: 1.00000  C-T: 1.30776  G-T: 1.00000
Base frequencies:  A: 0.302  C: 0.175  G: 0.231  T: 0.291
Parameters optimization took 1 rounds (0.001 sec)
BEST SCORE FOUND : -3533.064

Testing tree branches by aBayes parametric test...
0.001 sec.
Total tree length: 5.065

Total number of iterations: 102
CPU time used for tree search: 1.047 sec (0h:0m:1s)
Wall-clock time used for tree search: 1.102 sec (0h:0m:1s)
Total CPU time used: 1.066 sec (0h:0m:1s)
Total wall-clock time used: 1.122 sec (0h:0m:1s)

Analysis results written to: 
  IQ-TREE report:                /home/mis/CSE6406-project/work/paper_subset_50x10_L200/ils_low/replicate_02/estimated_gene_trees/L200/hky/locus_0024.iqtree
  Maximum-likelihood tree:       /home/mis/CSE6406-project/work/paper_subset_50x10_L200/ils_low/replicate_02/estimated_gene_trees/L200/hky/locus_0024.treefile
  Likelihood distances:          /home/mis/CSE6406-project/work/paper_subset_50x10_L200/ils_low/replicate_02/estimated_gene_trees/L200/hky/locus_0024.mldist
  Screen log file:               /home/mis/CSE6406-project/work/paper_subset_50x10_L200/ils_low/replicate_02/estimated_gene_trees/L200/hky/locus_0024.log

Date and Time: Sat Sep 12 21:31:21 2026
