IQ-TREE multicore version 2.4.0 for Linux x86 64-bit built Feb 12 2025
Developed by Bui Quang Minh, Nguyen Lam Tung, Olga Chernomor, Heiko Schmidt,
Dominik Schrempf, Michael Woodhams, Ly Trong Nhan, Thomas Wong

Host:    ezmata (AVX2, FMA3, 15 GB RAM)
Command: /home/mis/miniconda3/envs/cse6406/bin/iqtree2 -s /home/mis/CSE6406-project/work/paper_subset_50x10_L200/ils_low/replicate_02/alignments/L200/locus_0047.phy -m HKY --abayes -T 1 --seed 6606048 --prefix /home/mis/CSE6406-project/work/paper_subset_50x10_L200/ils_low/replicate_02/estimated_gene_trees/L200/hky/locus_0047 --redo --quiet
Seed:    6606048 (Using SPRNG - Scalable Parallel Random Number Generator)
Time:    Sat Sep 12 21:31:23 2026
Kernel:  AVX+FMA - 1 threads (16 CPU cores detected)

HINT: Use -nt option to specify number of threads because your CPU has 16 cores!
HINT: -nt AUTO will automatically determine the best number of threads to use.

Reading alignment file /home/mis/CSE6406-project/work/paper_subset_50x10_L200/ils_low/replicate_02/alignments/L200/locus_0047.phy ... Phylip format detected
Alignment most likely contains DNA/RNA sequences
Alignment has 21 sequences with 200 columns, 126 distinct patterns
103 parsimony-informative, 20 singleton sites, 77 constant sites
        Gap/Ambiguity  Composition  p-value
Analyzing sequences: done in 1.6143e-05 secs using 86.72% CPU
   1  1_0_0     0.00%    passed     96.24%
   2  9_0_0     0.00%    passed     91.40%
   3  11_0_0    0.00%    passed     84.84%
   4  14_0_0    0.00%    passed     94.35%
   5  16_0_0    0.00%    passed     52.52%
   6  13_0_0    0.00%    passed     89.01%
   7  18_0_0    0.00%    passed     75.43%
   8  15_0_0    0.00%    passed     99.37%
   9  10_0_0    0.00%    passed     90.36%
  10  19_0_0    0.00%    passed     78.59%
  11  7_0_0     0.00%    passed     97.15%
  12  8_0_0     0.00%    passed     84.31%
  13  20_0_0    0.00%    passed     66.34%
  14  17_0_0    0.00%    passed     52.58%
  15  12_0_0    0.00%    passed     97.06%
  16  5_0_0     0.00%    passed     42.72%
  17  4_0_0     0.00%    passed     59.01%
  18  2_0_0     0.00%    passed     70.15%
  19  3_0_0     0.00%    passed     63.61%
  20  6_0_0     0.00%    passed     71.06%
  21  0_0_0     0.00%    passed     63.56%
****  TOTAL     0.00%  0 sequences failed composition chi2 test (p-value<5%; df=3)

Create initial parsimony tree by phylogenetic likelihood library (PLL)... 0.001 seconds

NOTE: 0 MB RAM (0 GB) is required!
Estimate model parameters (epsilon = 0.100)
1. Initial log-likelihood: -3403.181
2. Current log-likelihood: -3392.522
Optimal log-likelihood: -3392.494
Rate parameters:  A-C: 1.00000  A-G: 1.25139  A-T: 1.00000  C-G: 1.00000  C-T: 1.25139  G-T: 1.00000
Base frequencies:  A: 0.298  C: 0.186  G: 0.214  T: 0.302
Parameters optimization took 2 rounds (0.003 sec)
Wrote distance file to... 
Computing ML distances based on estimated model parameters...
Calculating distance matrix: done in 0.000854532 secs using 99.94% CPU
Computing ML distances took 0.000895 sec (of wall-clock time) 0.000898 sec (of CPU time)
Setting up auxiliary I and S matrices: done in 5.584e-05 secs
Computing RapidNJ tree took 0.000219 sec (of wall-clock time) 0.000000 sec (of CPU time)
Log-likelihood of RapidNJ tree: -3410.485
--------------------------------------------------------------------
|             INITIALIZING CANDIDATE TREE SET                      |
--------------------------------------------------------------------
Generating 98 parsimony trees... 0.100 second
Computing log-likelihood of 98 initial trees ... 0.048 seconds
Current best score: -3392.455

Do NNI search on 20 best initial trees
Estimate model parameters (epsilon = 0.100)
BETTER TREE FOUND at iteration 1: -3390.162
Estimate model parameters (epsilon = 0.100)
BETTER TREE FOUND at iteration 3: -3389.447
Estimate model parameters (epsilon = 0.100)
BETTER TREE FOUND at iteration 6: -3388.577
Iteration 10 / LogL: -3392.815 / Time: 0h:0m:0s
Iteration 20 / LogL: -3393.205 / Time: 0h:0m:0s
Finish initializing candidate tree set (17)
Current best tree score: -3388.577 / CPU time: 0.221
Number of iterations: 20
--------------------------------------------------------------------
|               OPTIMIZING CANDIDATE TREE SET                      |
--------------------------------------------------------------------
Iteration 30 / LogL: -3388.584 / Time: 0h:0m:0s (0h:0m:0s left)
Iteration 40 / LogL: -3394.140 / Time: 0h:0m:0s (0h:0m:0s left)
Estimate model parameters (epsilon = 0.100)
BETTER TREE FOUND at iteration 41: -3388.235
Iteration 50 / LogL: -3389.621 / Time: 0h:0m:0s (0h:0m:0s left)
Iteration 60 / LogL: -3389.466 / Time: 0h:0m:0s (0h:0m:0s left)
Iteration 70 / LogL: -3388.636 / Time: 0h:0m:0s (0h:0m:0s left)
Iteration 80 / LogL: -3388.643 / Time: 0h:0m:0s (0h:0m:0s left)
Iteration 90 / LogL: -3390.572 / Time: 0h:0m:0s (0h:0m:0s left)
Iteration 100 / LogL: -3388.857 / Time: 0h:0m:0s (0h:0m:0s left)
Iteration 110 / LogL: -3388.635 / Time: 0h:0m:0s (0h:0m:0s left)
Iteration 120 / LogL: -3388.264 / Time: 0h:0m:0s (0h:0m:0s left)
Iteration 130 / LogL: -3388.644 / Time: 0h:0m:0s (0h:0m:0s left)
Iteration 140 / LogL: -3388.846 / Time: 0h:0m:1s (0h:0m:0s left)
TREE SEARCH COMPLETED AFTER 142 ITERATIONS / Time: 0h:0m:1s

--------------------------------------------------------------------
|                    FINALIZING TREE SEARCH                        |
--------------------------------------------------------------------
Performs final model parameters optimization
Estimate model parameters (epsilon = 0.010)
1. Initial log-likelihood: -3388.235
Optimal log-likelihood: -3388.234
Rate parameters:  A-C: 1.00000  A-G: 1.31501  A-T: 1.00000  C-G: 1.00000  C-T: 1.31501  G-T: 1.00000
Base frequencies:  A: 0.298  C: 0.186  G: 0.214  T: 0.302
Parameters optimization took 1 rounds (0.001 sec)
BEST SCORE FOUND : -3388.234

Testing tree branches by aBayes parametric test...
0.001 sec.
Total tree length: 4.689

Total number of iterations: 142
CPU time used for tree search: 0.924 sec (0h:0m:0s)
Wall-clock time used for tree search: 1.008 sec (0h:0m:1s)
Total CPU time used: 0.945 sec (0h:0m:0s)
Total wall-clock time used: 1.030 sec (0h:0m:1s)

Analysis results written to: 
  IQ-TREE report:                /home/mis/CSE6406-project/work/paper_subset_50x10_L200/ils_low/replicate_02/estimated_gene_trees/L200/hky/locus_0047.iqtree
  Maximum-likelihood tree:       /home/mis/CSE6406-project/work/paper_subset_50x10_L200/ils_low/replicate_02/estimated_gene_trees/L200/hky/locus_0047.treefile
  Likelihood distances:          /home/mis/CSE6406-project/work/paper_subset_50x10_L200/ils_low/replicate_02/estimated_gene_trees/L200/hky/locus_0047.mldist
  Screen log file:               /home/mis/CSE6406-project/work/paper_subset_50x10_L200/ils_low/replicate_02/estimated_gene_trees/L200/hky/locus_0047.log

Date and Time: Sat Sep 12 21:31:24 2026
