IQ-TREE multicore version 2.4.0 for Linux x86 64-bit built Feb 12 2025
Developed by Bui Quang Minh, Nguyen Lam Tung, Olga Chernomor, Heiko Schmidt,
Dominik Schrempf, Michael Woodhams, Ly Trong Nhan, Thomas Wong

Host:    ezmata (AVX2, FMA3, 15 GB RAM)
Command: /home/mis/miniconda3/envs/cse6406/bin/iqtree2 -s /home/mis/CSE6406-project/work/paper_subset_50x10_L200/ils_low/replicate_02/alignments/L200/locus_0038.phy -m HKY --abayes -T 1 --seed 6606039 --prefix /home/mis/CSE6406-project/work/paper_subset_50x10_L200/ils_low/replicate_02/estimated_gene_trees/L200/hky/locus_0038 --redo --quiet
Seed:    6606039 (Using SPRNG - Scalable Parallel Random Number Generator)
Time:    Sat Sep 12 21:31:22 2026
Kernel:  AVX+FMA - 1 threads (16 CPU cores detected)

HINT: Use -nt option to specify number of threads because your CPU has 16 cores!
HINT: -nt AUTO will automatically determine the best number of threads to use.

Reading alignment file /home/mis/CSE6406-project/work/paper_subset_50x10_L200/ils_low/replicate_02/alignments/L200/locus_0038.phy ... Phylip format detected
Alignment most likely contains DNA/RNA sequences
Alignment has 21 sequences with 200 columns, 123 distinct patterns
100 parsimony-informative, 23 singleton sites, 77 constant sites
        Gap/Ambiguity  Composition  p-value
Analyzing sequences: done in 7.20701e-06 secs using 27.75% CPU
   1  0_0_0     0.00%    passed     55.16%
   2  1_0_0     0.00%    passed     74.85%
   3  5_0_0     0.00%    passed     62.62%
   4  2_0_0     0.00%    passed     77.37%
   5  4_0_0     0.00%    passed     59.45%
   6  3_0_0     0.00%    passed     42.63%
   7  6_0_0     0.00%    passed     64.08%
   8  9_0_0     0.00%    passed     19.96%
   9  11_0_0    0.00%    passed     90.20%
  10  16_0_0    0.00%    passed     86.22%
  11  15_0_0    0.00%    passed     71.09%
  12  18_0_0    0.00%    passed     73.91%
  13  14_0_0    0.00%    passed     92.77%
  14  19_0_0    0.00%    passed     57.86%
  15  10_0_0    0.00%    passed     58.62%
  16  8_0_0     0.00%    passed     72.84%
  17  7_0_0     0.00%    passed     58.66%
  18  13_0_0    0.00%    passed     65.34%
  19  20_0_0    0.00%    passed     61.41%
  20  17_0_0    0.00%    passed     69.59%
  21  12_0_0    0.00%    passed     50.19%
****  TOTAL     0.00%  0 sequences failed composition chi2 test (p-value<5%; df=3)

Create initial parsimony tree by phylogenetic likelihood library (PLL)... 0.001 seconds

NOTE: 0 MB RAM (0 GB) is required!
Estimate model parameters (epsilon = 0.100)
1. Initial log-likelihood: -3286.477
2. Current log-likelihood: -3270.020
3. Current log-likelihood: -3269.887
Optimal log-likelihood: -3269.886
Rate parameters:  A-C: 1.00000  A-G: 1.40928  A-T: 1.00000  C-G: 1.00000  C-T: 1.40928  G-T: 1.00000
Base frequencies:  A: 0.282  C: 0.177  G: 0.197  T: 0.344
Parameters optimization took 3 rounds (0.002 sec)
Wrote distance file to... 
Computing ML distances based on estimated model parameters...
Calculating distance matrix: done in 0.000502115 secs using 99.98% CPU
Computing ML distances took 0.000529 sec (of wall-clock time) 0.000530 sec (of CPU time)
Setting up auxiliary I and S matrices: done in 3.6718e-05 secs using 100.8% CPU
Computing RapidNJ tree took 0.000135 sec (of wall-clock time) 0.000134 sec (of CPU time)
Log-likelihood of RapidNJ tree: -3277.117
--------------------------------------------------------------------
|             INITIALIZING CANDIDATE TREE SET                      |
--------------------------------------------------------------------
Generating 98 parsimony trees... 0.079 second
Computing log-likelihood of 98 initial trees ... 0.045 seconds
Current best score: -3266.284

Do NNI search on 20 best initial trees
Estimate model parameters (epsilon = 0.100)
BETTER TREE FOUND at iteration 1: -3265.749
Estimate model parameters (epsilon = 0.100)
BETTER TREE FOUND at iteration 2: -3263.692
Iteration 10 / LogL: -3266.203 / Time: 0h:0m:0s
Estimate model parameters (epsilon = 0.100)
BETTER TREE FOUND at iteration 13: -3263.655
Iteration 20 / LogL: -3264.280 / Time: 0h:0m:0s
Finish initializing candidate tree set (12)
Current best tree score: -3263.655 / CPU time: 0.198
Number of iterations: 20
--------------------------------------------------------------------
|               OPTIMIZING CANDIDATE TREE SET                      |
--------------------------------------------------------------------
Iteration 30 / LogL: -3263.709 / Time: 0h:0m:0s (0h:0m:0s left)
Iteration 40 / LogL: -3263.660 / Time: 0h:0m:0s (0h:0m:0s left)
Iteration 50 / LogL: -3270.650 / Time: 0h:0m:0s (0h:0m:0s left)
Iteration 60 / LogL: -3263.711 / Time: 0h:0m:0s (0h:0m:0s left)
Iteration 70 / LogL: -3270.650 / Time: 0h:0m:0s (0h:0m:0s left)
Iteration 80 / LogL: -3263.707 / Time: 0h:0m:0s (0h:0m:0s left)
Iteration 90 / LogL: -3263.715 / Time: 0h:0m:0s (0h:0m:0s left)
Iteration 100 / LogL: -3263.690 / Time: 0h:0m:0s (0h:0m:0s left)
Iteration 110 / LogL: -3263.657 / Time: 0h:0m:0s (0h:0m:0s left)
TREE SEARCH COMPLETED AFTER 114 ITERATIONS / Time: 0h:0m:0s

--------------------------------------------------------------------
|                    FINALIZING TREE SEARCH                        |
--------------------------------------------------------------------
Performs final model parameters optimization
Estimate model parameters (epsilon = 0.010)
1. Initial log-likelihood: -3263.655
Optimal log-likelihood: -3263.655
Rate parameters:  A-C: 1.00000  A-G: 1.44004  A-T: 1.00000  C-G: 1.00000  C-T: 1.44004  G-T: 1.00000
Base frequencies:  A: 0.282  C: 0.177  G: 0.197  T: 0.344
Parameters optimization took 1 rounds (0.001 sec)
BEST SCORE FOUND : -3263.655

Testing tree branches by aBayes parametric test...
0.002 sec.
Total tree length: 4.446

Total number of iterations: 114
CPU time used for tree search: 0.882 sec (0h:0m:0s)
Wall-clock time used for tree search: 0.956 sec (0h:0m:0s)
Total CPU time used: 0.899 sec (0h:0m:0s)
Total wall-clock time used: 0.973 sec (0h:0m:0s)

Analysis results written to: 
  IQ-TREE report:                /home/mis/CSE6406-project/work/paper_subset_50x10_L200/ils_low/replicate_02/estimated_gene_trees/L200/hky/locus_0038.iqtree
  Maximum-likelihood tree:       /home/mis/CSE6406-project/work/paper_subset_50x10_L200/ils_low/replicate_02/estimated_gene_trees/L200/hky/locus_0038.treefile
  Likelihood distances:          /home/mis/CSE6406-project/work/paper_subset_50x10_L200/ils_low/replicate_02/estimated_gene_trees/L200/hky/locus_0038.mldist
  Screen log file:               /home/mis/CSE6406-project/work/paper_subset_50x10_L200/ils_low/replicate_02/estimated_gene_trees/L200/hky/locus_0038.log

Date and Time: Sat Sep 12 21:31:23 2026
