IQ-TREE multicore version 2.4.0 for Linux x86 64-bit built Feb 12 2025
Developed by Bui Quang Minh, Nguyen Lam Tung, Olga Chernomor, Heiko Schmidt,
Dominik Schrempf, Michael Woodhams, Ly Trong Nhan, Thomas Wong

Host:    ezmata (AVX2, FMA3, 15 GB RAM)
Command: /home/mis/miniconda3/envs/cse6406/bin/iqtree2 -s /home/mis/CSE6406-project/work/paper_subset_50x10_L200/ils_high/replicate_01/alignments/L200/locus_0011.phy -m HKY --abayes -T 1 --seed 6506012 --prefix /home/mis/CSE6406-project/work/paper_subset_50x10_L200/ils_high/replicate_01/estimated_gene_trees/L200/hky/locus_0011 --redo --quiet
Seed:    6506012 (Using SPRNG - Scalable Parallel Random Number Generator)
Time:    Sat Sep 12 21:39:16 2026
Kernel:  AVX+FMA - 1 threads (16 CPU cores detected)

HINT: Use -nt option to specify number of threads because your CPU has 16 cores!
HINT: -nt AUTO will automatically determine the best number of threads to use.

Reading alignment file /home/mis/CSE6406-project/work/paper_subset_50x10_L200/ils_high/replicate_01/alignments/L200/locus_0011.phy ... Phylip format detected
Alignment most likely contains DNA/RNA sequences
Alignment has 21 sequences with 200 columns, 18 distinct patterns
6 parsimony-informative, 9 singleton sites, 185 constant sites
        Gap/Ambiguity  Composition  p-value
Analyzing sequences: done in 4.77501e-06 secs using 41.88% CPU
   1  0_0_0     0.00%    passed     97.56%
   2  7_0_0     0.00%    passed     99.93%
   3  3_0_0     0.00%    passed     99.92%
   4  13_0_0    0.00%    passed     99.51%
   5  6_0_0     0.00%    passed     99.51%
   6  15_0_0    0.00%    passed     99.92%
   7  17_0_0    0.00%    passed     99.85%
   8  18_0_0    0.00%    passed     99.92%
   9  5_0_0     0.00%    passed     97.97%
  10  9_0_0     0.00%    passed     99.18%
  11  10_0_0    0.00%    passed     99.18%
  12  2_0_0     0.00%    passed     99.93%
  13  4_0_0     0.00%    passed     99.59%
  14  1_0_0     0.00%    passed     99.59%
  15  19_0_0    0.00%    passed     99.79%
  16  16_0_0    0.00%    passed     99.79%
  17  20_0_0    0.00%    passed     99.79%
  18  14_0_0    0.00%    passed     99.79%
  19  8_0_0     0.00%    passed     99.79%
  20  11_0_0    0.00%    passed     99.79%
  21  12_0_0    0.00%    passed     99.97%
****  TOTAL     0.00%  0 sequences failed composition chi2 test (p-value<5%; df=3)
NOTE: 15_0_0 is identical to 3_0_0 but kept for subsequent analysis
NOTE: 6_0_0 is identical to 13_0_0 but kept for subsequent analysis
NOTE: 10_0_0 is identical to 9_0_0 but kept for subsequent analysis
NOTE: 1_0_0 is identical to 4_0_0 but kept for subsequent analysis
NOTE: 16_0_0 is identical to 19_0_0 but kept for subsequent analysis
NOTE: 5 identical sequences (see below) will be ignored for subsequent analysis
NOTE: 18_0_0 (identical to 3_0_0) is ignored but added at the end
NOTE: 20_0_0 (identical to 19_0_0) is ignored but added at the end
NOTE: 14_0_0 (identical to 19_0_0) is ignored but added at the end
NOTE: 8_0_0 (identical to 19_0_0) is ignored but added at the end
NOTE: 11_0_0 (identical to 19_0_0) is ignored but added at the end
Alignment was printed to /home/mis/CSE6406-project/work/paper_subset_50x10_L200/ils_high/replicate_01/estimated_gene_trees/L200/hky/locus_0011.uniqueseq.phy

For your convenience alignment with unique sequences printed to /home/mis/CSE6406-project/work/paper_subset_50x10_L200/ils_high/replicate_01/estimated_gene_trees/L200/hky/locus_0011.uniqueseq.phy

Create initial parsimony tree by phylogenetic likelihood library (PLL)... 0.000 seconds

NOTE: 0 MB RAM (0 GB) is required!
Estimate model parameters (epsilon = 0.100)
1. Initial log-likelihood: -377.900
Optimal log-likelihood: -377.899
Rate parameters:  A-C: 1.00000  A-G: 0.97841  A-T: 1.00000  C-G: 1.00000  C-T: 0.97841  G-T: 1.00000
Base frequencies:  A: 0.333  C: 0.214  G: 0.158  T: 0.296
Parameters optimization took 1 rounds (0.000 sec)
Wrote distance file to... 
Computing ML distances based on estimated model parameters...
Calculating distance matrix: done in 0.000482487 secs using 96.17% CPU
Computing ML distances took 0.000500 sec (of wall-clock time) 0.000480 sec (of CPU time)
Setting up auxiliary I and S matrices: done in 5.4301e-05 secs using 97.6% CPU
Computing RapidNJ tree took 0.000187 sec (of wall-clock time) 0.000337 sec (of CPU time)
Log-likelihood of RapidNJ tree: -377.902
--------------------------------------------------------------------
|             INITIALIZING CANDIDATE TREE SET                      |
--------------------------------------------------------------------
Generating 98 parsimony trees... 0.022 second
Computing log-likelihood of 98 initial trees ... 0.018 seconds
Current best score: -377.899

Do NNI search on 20 best initial trees
Estimate model parameters (epsilon = 0.100)
BETTER TREE FOUND at iteration 1: -377.899
BETTER TREE FOUND at iteration 3: -377.899
BETTER TREE FOUND at iteration 6: -377.899
Iteration 10 / LogL: -377.899 / Time: 0h:0m:0s
Iteration 20 / LogL: -377.899 / Time: 0h:0m:0s
Finish initializing candidate tree set (18)
Current best tree score: -377.899 / CPU time: 0.055
Number of iterations: 20
--------------------------------------------------------------------
|               OPTIMIZING CANDIDATE TREE SET                      |
--------------------------------------------------------------------
Iteration 30 / LogL: -380.797 / Time: 0h:0m:0s (0h:0m:0s left)
Iteration 40 / LogL: -377.900 / Time: 0h:0m:0s (0h:0m:0s left)
Iteration 50 / LogL: -377.900 / Time: 0h:0m:0s (0h:0m:0s left)
BETTER TREE FOUND at iteration 57: -377.899
Iteration 60 / LogL: -377.899 / Time: 0h:0m:0s (0h:0m:0s left)
BETTER TREE FOUND at iteration 61: -377.899
Iteration 70 / LogL: -377.900 / Time: 0h:0m:0s (0h:0m:0s left)
Iteration 80 / LogL: -377.899 / Time: 0h:0m:0s (0h:0m:0s left)
Iteration 90 / LogL: -377.899 / Time: 0h:0m:0s (0h:0m:0s left)
Iteration 100 / LogL: -377.899 / Time: 0h:0m:0s (0h:0m:0s left)
Iteration 110 / LogL: -384.027 / Time: 0h:0m:0s (0h:0m:0s left)
Iteration 120 / LogL: -377.899 / Time: 0h:0m:0s (0h:0m:0s left)
Iteration 130 / LogL: -380.796 / Time: 0h:0m:0s (0h:0m:0s left)
Iteration 140 / LogL: -377.899 / Time: 0h:0m:0s (0h:0m:0s left)
Iteration 150 / LogL: -377.900 / Time: 0h:0m:0s (0h:0m:0s left)
Iteration 160 / LogL: -377.899 / Time: 0h:0m:0s (0h:0m:0s left)
TREE SEARCH COMPLETED AFTER 162 ITERATIONS / Time: 0h:0m:0s

--------------------------------------------------------------------
|                    FINALIZING TREE SEARCH                        |
--------------------------------------------------------------------
Performs final model parameters optimization
Estimate model parameters (epsilon = 0.010)
1. Initial log-likelihood: -377.899
Optimal log-likelihood: -377.899
Rate parameters:  A-C: 1.00000  A-G: 0.97754  A-T: 1.00000  C-G: 1.00000  C-T: 0.97754  G-T: 1.00000
Base frequencies:  A: 0.333  C: 0.214  G: 0.158  T: 0.296
Parameters optimization took 1 rounds (0.000 sec)
BEST SCORE FOUND : -377.899

Testing tree branches by aBayes parametric test...
0.001 sec.
Total tree length: 0.081

Total number of iterations: 162
CPU time used for tree search: 0.251 sec (0h:0m:0s)
Wall-clock time used for tree search: 0.281 sec (0h:0m:0s)
Total CPU time used: 0.261 sec (0h:0m:0s)
Total wall-clock time used: 0.292 sec (0h:0m:0s)

Analysis results written to: 
  IQ-TREE report:                /home/mis/CSE6406-project/work/paper_subset_50x10_L200/ils_high/replicate_01/estimated_gene_trees/L200/hky/locus_0011.iqtree
  Maximum-likelihood tree:       /home/mis/CSE6406-project/work/paper_subset_50x10_L200/ils_high/replicate_01/estimated_gene_trees/L200/hky/locus_0011.treefile
  Likelihood distances:          /home/mis/CSE6406-project/work/paper_subset_50x10_L200/ils_high/replicate_01/estimated_gene_trees/L200/hky/locus_0011.mldist
  Screen log file:               /home/mis/CSE6406-project/work/paper_subset_50x10_L200/ils_high/replicate_01/estimated_gene_trees/L200/hky/locus_0011.log

Date and Time: Sat Sep 12 21:39:16 2026
