IQ-TREE multicore version 2.4.0 for Linux x86 64-bit built Feb 12 2025
Developed by Bui Quang Minh, Nguyen Lam Tung, Olga Chernomor, Heiko Schmidt,
Dominik Schrempf, Michael Woodhams, Ly Trong Nhan, Thomas Wong

Host:    ezmata (AVX2, FMA3, 15 GB RAM)
Command: /home/mis/miniconda3/envs/cse6406/bin/iqtree2 -s /home/mis/CSE6406-project/work/paper_subset_50x10_L200/ils_high/replicate_01/alignments/L200/locus_0012.phy -m HKY --abayes -T 1 --seed 6506013 --prefix /home/mis/CSE6406-project/work/paper_subset_50x10_L200/ils_high/replicate_01/estimated_gene_trees/L200/hky/locus_0012 --redo --quiet
Seed:    6506013 (Using SPRNG - Scalable Parallel Random Number Generator)
Time:    Sat Sep 12 21:39:16 2026
Kernel:  AVX+FMA - 1 threads (16 CPU cores detected)

HINT: Use -nt option to specify number of threads because your CPU has 16 cores!
HINT: -nt AUTO will automatically determine the best number of threads to use.

Reading alignment file /home/mis/CSE6406-project/work/paper_subset_50x10_L200/ils_high/replicate_01/alignments/L200/locus_0012.phy ... Phylip format detected
Alignment most likely contains DNA/RNA sequences
Alignment has 21 sequences with 200 columns, 14 distinct patterns
6 parsimony-informative, 4 singleton sites, 190 constant sites
        Gap/Ambiguity  Composition  p-value
Analyzing sequences: done in 1.1538e-05 secs using 86.67% CPU
   1  3_0_0     0.00%    passed    100.00%
   2  4_0_0     0.00%    passed    100.00%
   3  1_0_0     0.00%    passed    100.00%
   4  19_0_0    0.00%    passed     99.70%
   5  13_0_0    0.00%    passed     98.31%
   6  2_0_0     0.00%    passed    100.00%
   7  18_0_0    0.00%    passed     99.86%
   8  12_0_0    0.00%    passed     99.87%
   9  17_0_0    0.00%    passed     99.89%
  10  15_0_0    0.00%    passed     99.89%
  11  20_0_0    0.00%    passed     99.87%
  12  14_0_0    0.00%    passed     99.87%
  13  8_0_0     0.00%    passed     99.87%
  14  16_0_0    0.00%    passed     99.87%
  15  11_0_0    0.00%    passed     99.87%
  16  7_0_0     0.00%    passed     99.87%
  17  5_0_0     0.00%    passed     98.81%
  18  9_0_0     0.00%    passed     99.84%
  19  6_0_0     0.00%    passed     98.79%
  20  0_0_0     0.00%    passed    100.00%
  21  10_0_0    0.00%    passed     99.72%
****  TOTAL     0.00%  0 sequences failed composition chi2 test (p-value<5%; df=3)
NOTE: 4_0_0 is identical to 3_0_0 but kept for subsequent analysis
NOTE: 15_0_0 is identical to 17_0_0 but kept for subsequent analysis
NOTE: 14_0_0 is identical to 20_0_0 but kept for subsequent analysis
NOTE: 7 identical sequences (see below) will be ignored for subsequent analysis
NOTE: 1_0_0 (identical to 3_0_0) is ignored but added at the end
NOTE: 2_0_0 (identical to 3_0_0) is ignored but added at the end
NOTE: 0_0_0 (identical to 3_0_0) is ignored but added at the end
NOTE: 8_0_0 (identical to 20_0_0) is ignored but added at the end
NOTE: 16_0_0 (identical to 20_0_0) is ignored but added at the end
NOTE: 11_0_0 (identical to 20_0_0) is ignored but added at the end
NOTE: 7_0_0 (identical to 20_0_0) is ignored but added at the end
Alignment was printed to /home/mis/CSE6406-project/work/paper_subset_50x10_L200/ils_high/replicate_01/estimated_gene_trees/L200/hky/locus_0012.uniqueseq.phy

For your convenience alignment with unique sequences printed to /home/mis/CSE6406-project/work/paper_subset_50x10_L200/ils_high/replicate_01/estimated_gene_trees/L200/hky/locus_0012.uniqueseq.phy

Create initial parsimony tree by phylogenetic likelihood library (PLL)... 0.000 seconds

NOTE: 0 MB RAM (0 GB) is required!
Estimate model parameters (epsilon = 0.100)
1. Initial log-likelihood: -370.598
2. Current log-likelihood: -369.751
Optimal log-likelihood: -369.751
Rate parameters:  A-C: 1.00000  A-G: 2.02584  A-T: 1.00000  C-G: 1.00000  C-T: 2.02584  G-T: 1.00000
Base frequencies:  A: 0.235  C: 0.212  G: 0.204  T: 0.349
Parameters optimization took 2 rounds (0.001 sec)
Wrote distance file to... 
Computing ML distances based on estimated model parameters...
Calculating distance matrix: done in 0.000617607 secs using 99.74% CPU
Computing ML distances took 0.000645 sec (of wall-clock time) 0.000649 sec (of CPU time)
Setting up auxiliary I and S matrices: done in 4.6084e-05 secs using 99.82% CPU
Computing RapidNJ tree took 0.000165 sec (of wall-clock time) 0.000165 sec (of CPU time)
Log-likelihood of RapidNJ tree: -369.520
--------------------------------------------------------------------
|             INITIALIZING CANDIDATE TREE SET                      |
--------------------------------------------------------------------
Generating 98 parsimony trees... 0.032 second
Computing log-likelihood of 98 initial trees ... 0.026 seconds
Current best score: -369.422

Do NNI search on 20 best initial trees
Estimate model parameters (epsilon = 0.100)
BETTER TREE FOUND at iteration 1: -369.365
BETTER TREE FOUND at iteration 2: -369.365
BETTER TREE FOUND at iteration 4: -369.365
BETTER TREE FOUND at iteration 10: -369.365
Iteration 10 / LogL: -369.365 / Time: 0h:0m:0s
BETTER TREE FOUND at iteration 13: -369.365
Iteration 20 / LogL: -369.699 / Time: 0h:0m:0s
Finish initializing candidate tree set (19)
Current best tree score: -369.365 / CPU time: 0.088
Number of iterations: 20
--------------------------------------------------------------------
|               OPTIMIZING CANDIDATE TREE SET                      |
--------------------------------------------------------------------
UPDATE BEST LOG-LIKELIHOOD: -369.365
Iteration 30 / LogL: -369.365 / Time: 0h:0m:0s (0h:0m:0s left)
Iteration 40 / LogL: -374.527 / Time: 0h:0m:0s (0h:0m:0s left)
UPDATE BEST LOG-LIKELIHOOD: -369.365
Iteration 50 / LogL: -369.365 / Time: 0h:0m:0s (0h:0m:0s left)
Iteration 60 / LogL: -369.701 / Time: 0h:0m:0s (0h:0m:0s left)
Iteration 70 / LogL: -369.365 / Time: 0h:0m:0s (0h:0m:0s left)
Iteration 80 / LogL: -369.365 / Time: 0h:0m:0s (0h:0m:0s left)
Iteration 90 / LogL: -375.788 / Time: 0h:0m:0s (0h:0m:0s left)
Iteration 100 / LogL: -369.366 / Time: 0h:0m:0s (0h:0m:0s left)
UPDATE BEST LOG-LIKELIHOOD: -369.365
Iteration 110 / LogL: -369.365 / Time: 0h:0m:0s (0h:0m:0s left)
TREE SEARCH COMPLETED AFTER 114 ITERATIONS / Time: 0h:0m:0s

--------------------------------------------------------------------
|                    FINALIZING TREE SEARCH                        |
--------------------------------------------------------------------
Performs final model parameters optimization
Estimate model parameters (epsilon = 0.010)
1. Initial log-likelihood: -369.365
Optimal log-likelihood: -369.364
Rate parameters:  A-C: 1.00000  A-G: 2.41881  A-T: 1.00000  C-G: 1.00000  C-T: 2.41881  G-T: 1.00000
Base frequencies:  A: 0.235  C: 0.212  G: 0.204  T: 0.349
Parameters optimization took 1 rounds (0.000 sec)
BEST SCORE FOUND : -369.364

Testing tree branches by aBayes parametric test...
0.001 sec.
Total tree length: 0.070

Total number of iterations: 114
CPU time used for tree search: 0.309 sec (0h:0m:0s)
Wall-clock time used for tree search: 0.330 sec (0h:0m:0s)
Total CPU time used: 0.324 sec (0h:0m:0s)
Total wall-clock time used: 0.345 sec (0h:0m:0s)

Analysis results written to: 
  IQ-TREE report:                /home/mis/CSE6406-project/work/paper_subset_50x10_L200/ils_high/replicate_01/estimated_gene_trees/L200/hky/locus_0012.iqtree
  Maximum-likelihood tree:       /home/mis/CSE6406-project/work/paper_subset_50x10_L200/ils_high/replicate_01/estimated_gene_trees/L200/hky/locus_0012.treefile
  Likelihood distances:          /home/mis/CSE6406-project/work/paper_subset_50x10_L200/ils_high/replicate_01/estimated_gene_trees/L200/hky/locus_0012.mldist
  Screen log file:               /home/mis/CSE6406-project/work/paper_subset_50x10_L200/ils_high/replicate_01/estimated_gene_trees/L200/hky/locus_0012.log

Date and Time: Sat Sep 12 21:39:16 2026
