$ /Users/fahim/ASTER/bin/astral4 -i /Users/fahim/CSE6406-project/work/paper_subset_50x10_L1600/ils_low/replicate_10/estimated_gene_trees/L1600/hky/species_trees/estimated_gene_trees_contracted_abayes_0.90.tre -o /Users/fahim/CSE6406-project/work/paper_subset_50x10_L1600/ils_low/replicate_10/estimated_gene_trees/L1600/hky/species_trees/astral_contracted_abayes_0.90.tre -t 10 -u 0

Accurate Species TRee ALgorithm IV (ASTRAL-IV)
*** NOW with integrated CASTLES-2 ***
Version: v1.25.4.8
#Genetrees: 50
#Species: 21
#Rounds: 4
#Samples: 4
#Threads: 10
#NNI moves:0/60
((((((((((8_0_0,15_0_0),18_0_0),(11_0_0,14_0_0)),(7_0_0,3_0_0)),((2_0_0,10_0_0),(1_0_0,16_0_0))),13_0_0),(((4_0_0,9_0_0),17_0_0),((6_0_0,12_0_0),5_0_0))),0_0_0),19_0_0),20_0_0);
#NNI moves:0/60
(((((((((9_0_0,4_0_0),17_0_0),((6_0_0,12_0_0),5_0_0)),((20_0_0,19_0_0),0_0_0)),13_0_0),((((8_0_0,15_0_0),18_0_0),(14_0_0,11_0_0)),(3_0_0,7_0_0))),(2_0_0,10_0_0)),16_0_0),1_0_0);
#NNI moves:0/60
((((((((((9_0_0,4_0_0),17_0_0),((12_0_0,6_0_0),5_0_0)),((19_0_0,20_0_0),0_0_0)),13_0_0),((2_0_0,10_0_0),(16_0_0,1_0_0))),(3_0_0,7_0_0)),((8_0_0,15_0_0),18_0_0)),11_0_0),14_0_0);
#NNI moves:0/60
(((((((15_0_0,8_0_0),18_0_0),(14_0_0,11_0_0)),(7_0_0,3_0_0)),((1_0_0,16_0_0),(10_0_0,2_0_0))),((((4_0_0,9_0_0),17_0_0),((12_0_0,6_0_0),5_0_0)),((20_0_0,19_0_0),0_0_0))),13_0_0);
Initial score: 261086
Initial tree: (((20_0_0,19_0_0),((((4_0_0,9_0_0),17_0_0),((12_0_0,6_0_0),5_0_0)),((((((15_0_0,8_0_0),18_0_0),(14_0_0,11_0_0)),(7_0_0,3_0_0)),((1_0_0,16_0_0),(10_0_0,2_0_0))),13_0_0))),0_0_0);
*** Subsample Process ***
#NNI moves:0/60
((((((((((8_0_0,15_0_0),18_0_0),(11_0_0,14_0_0)),(7_0_0,3_0_0)),((2_0_0,10_0_0),(16_0_0,1_0_0))),13_0_0),((19_0_0,20_0_0),0_0_0)),((12_0_0,6_0_0),5_0_0)),(9_0_0,4_0_0)),17_0_0);
#NNI moves:0/60
((((((((((12_0_0,6_0_0),5_0_0),((9_0_0,4_0_0),17_0_0)),((19_0_0,20_0_0),0_0_0)),13_0_0),((2_0_0,10_0_0),(16_0_0,1_0_0))),(7_0_0,3_0_0)),((8_0_0,15_0_0),18_0_0)),14_0_0),11_0_0);
#NNI moves:0/60
(((((((((((15_0_0,8_0_0),18_0_0),(14_0_0,11_0_0)),(3_0_0,7_0_0)),((16_0_0,1_0_0),(2_0_0,10_0_0))),13_0_0),((19_0_0,20_0_0),0_0_0)),((4_0_0,9_0_0),17_0_0)),5_0_0),12_0_0),6_0_0);
#NNI moves:0/60
(((((((((8_0_0,15_0_0),18_0_0),(11_0_0,14_0_0)),(3_0_0,7_0_0)),((2_0_0,10_0_0),(16_0_0,1_0_0))),13_0_0),(((12_0_0,6_0_0),5_0_0),((4_0_0,9_0_0),17_0_0))),(20_0_0,19_0_0)),0_0_0);
Current score: 261086
Current tree: (((((((((8_0_0,15_0_0),18_0_0),(11_0_0,14_0_0)),(3_0_0,7_0_0)),((2_0_0,10_0_0),(16_0_0,1_0_0))),13_0_0),(((12_0_0,6_0_0),5_0_0),((4_0_0,9_0_0),17_0_0))),(20_0_0,19_0_0)),0_0_0);
Final Tree: (((((((((8_0_0,15_0_0),18_0_0),(11_0_0,14_0_0)),(3_0_0,7_0_0)),((2_0_0,10_0_0),(16_0_0,1_0_0))),13_0_0),(((12_0_0,6_0_0),5_0_0),((4_0_0,9_0_0),17_0_0))),(20_0_0,19_0_0)),0_0_0);
Score: 261086
