IQ-TREE multicore version 2.4.0 for Linux x86 64-bit built Feb 12 2025
Developed by Bui Quang Minh, Nguyen Lam Tung, Olga Chernomor, Heiko Schmidt,
Dominik Schrempf, Michael Woodhams, Ly Trong Nhan, Thomas Wong

Host:    ezmata (AVX2, FMA3, 15 GB RAM)
Command: /home/mis/miniconda3/envs/cse6406/bin/iqtree2 -s /home/mis/CSE6406-project/work/paper_subset_7x2_L200_800/ils_high/replicate_02/alignments/L200/locus_0001.phy -m HKY+G4 --abayes -T AUTO --seed 6606002 --prefix /home/mis/CSE6406-project/work/paper_subset_7x2_L200_800/ils_high/replicate_02/estimated_gene_trees/L200/hky_g4/locus_0001 --redo --quiet
Seed:    6606002 (Using SPRNG - Scalable Parallel Random Number Generator)
Time:    Thu Sep 10 14:47:37 2026
Kernel:  AVX+FMA - auto-detect threads (16 CPU cores detected)

Reading alignment file /home/mis/CSE6406-project/work/paper_subset_7x2_L200_800/ils_high/replicate_02/alignments/L200/locus_0001.phy ... Phylip format detected
Alignment most likely contains DNA/RNA sequences
Alignment has 21 sequences with 200 columns, 131 distinct patterns
103 parsimony-informative, 25 singleton sites, 72 constant sites
        Gap/Ambiguity  Composition  p-value
Analyzing sequences: done in 1.3713e-05 secs using 167.7% CPU
   1  0_0_0     0.00%    passed     77.22%
   2  1_0_0     0.00%    passed     48.54%
   3  11_0_0    0.00%    passed     57.83%
   4  9_0_0     0.00%    passed     82.79%
   5  6_0_0     0.00%    passed     81.85%
   6  2_0_0     0.00%    passed     66.01%
   7  4_0_0     0.00%    passed     72.65%
   8  14_0_0    0.00%    passed     39.54%
   9  19_0_0    0.00%    passed     89.03%
  10  10_0_0    0.00%    passed     61.97%
  11  16_0_0    0.00%    passed     98.72%
  12  15_0_0    0.00%    passed     88.42%
  13  18_0_0    0.00%    passed     95.96%
  14  7_0_0     0.00%    passed     56.12%
  15  8_0_0     0.00%    passed     47.45%
  16  13_0_0    0.00%    passed     45.81%
  17  20_0_0    0.00%    passed     90.97%
  18  12_0_0    0.00%    passed     70.23%
  19  17_0_0    0.00%    passed     81.11%
  20  5_0_0     0.00%    passed     89.48%
  21  3_0_0     0.00%    passed     97.31%
****  TOTAL     0.00%  0 sequences failed composition chi2 test (p-value<5%; df=3)

Create initial parsimony tree by phylogenetic likelihood library (PLL)... 0.000 seconds

NOTE: 0 MB RAM (0 GB) is required!
Measuring multi-threading efficiency up to 16 CPU cores
Increase to 10 rounds for branch lengths
4596 trees examined
Threads: 1 / Time: 16.001 sec / Speedup: 1.000 / Efficiency: 100% / LogL: -3211
Threads: 2 / Time: 29.170 sec / Speedup: 0.549 / Efficiency: 27% / LogL: -3211
BEST NUMBER OF THREADS: 1

Estimate model parameters (epsilon = 0.100)
1. Initial log-likelihood: -3151.109
2. Current log-likelihood: -3055.845
3. Current log-likelihood: -3041.194
4. Current log-likelihood: -3037.002
5. Current log-likelihood: -3035.040
6. Current log-likelihood: -3034.089
7. Current log-likelihood: -3033.644
8. Current log-likelihood: -3033.391
9. Current log-likelihood: -3033.284
Optimal log-likelihood: -3033.177
Rate parameters:  A-C: 1.00000  A-G: 1.77639  A-T: 1.00000  C-G: 1.00000  C-T: 1.77639  G-T: 1.00000
Base frequencies:  A: 0.319  C: 0.202  G: 0.197  T: 0.282
Gamma shape alpha: 0.218
Parameters optimization took 9 rounds (0.028 sec)
Wrote distance file to... 
Computing ML distances based on estimated model parameters...
Calculating distance matrix: done in 0.00200904 secs using 100% CPU
Computing ML distances took 0.002039 sec (of wall-clock time) 0.002035 sec (of CPU time)
Setting up auxiliary I and S matrices: done in 3.986e-05 secs
Computing RapidNJ tree took 0.000143 sec (of wall-clock time) 0.000000 sec (of CPU time)
Log-likelihood of RapidNJ tree: -3011.584
--------------------------------------------------------------------
|             INITIALIZING CANDIDATE TREE SET                      |
--------------------------------------------------------------------
Generating 98 parsimony trees... 0.062 second
Computing log-likelihood of 98 initial trees ... 0.088 seconds
Current best score: -3011.584

Do NNI search on 20 best initial trees
Estimate model parameters (epsilon = 0.100)
BETTER TREE FOUND at iteration 1: -3004.521
Estimate model parameters (epsilon = 0.100)
BETTER TREE FOUND at iteration 2: -3003.945
Iteration 10 / LogL: -3012.429 / Time: 0h:0m:45s
Estimate model parameters (epsilon = 0.100)
BETTER TREE FOUND at iteration 16: -3001.448
Iteration 20 / LogL: -3005.228 / Time: 0h:0m:45s
Finish initializing candidate tree set (16)
Current best tree score: -3001.448 / CPU time: 0.621
Number of iterations: 20
--------------------------------------------------------------------
|               OPTIMIZING CANDIDATE TREE SET                      |
--------------------------------------------------------------------
UPDATE BEST LOG-LIKELIHOOD: -3001.447
UPDATE BEST LOG-LIKELIHOOD: -3001.446
Iteration 30 / LogL: -3001.448 / Time: 0h:0m:45s (0h:2m:16s left)
UPDATE BEST LOG-LIKELIHOOD: -3001.446
Iteration 40 / LogL: -3002.808 / Time: 0h:0m:46s (0h:1m:29s left)
Iteration 50 / LogL: -3001.544 / Time: 0h:0m:46s (0h:1m:2s left)
Iteration 60 / LogL: -3002.802 / Time: 0h:0m:46s (0h:0m:43s left)
Iteration 70 / LogL: -3002.808 / Time: 0h:0m:46s (0h:0m:30s left)
Iteration 80 / LogL: -3002.814 / Time: 0h:0m:46s (0h:0m:21s left)
BETTER TREE FOUND at iteration 90: -3001.446
Iteration 90 / LogL: -3001.446 / Time: 0h:0m:46s (0h:0m:52s left)
Iteration 100 / LogL: -3004.145 / Time: 0h:0m:46s (0h:0m:42s left)
UPDATE BEST LOG-LIKELIHOOD: -3001.446
Iteration 110 / LogL: -3001.446 / Time: 0h:0m:46s (0h:0m:34s left)
Iteration 120 / LogL: -3001.449 / Time: 0h:0m:47s (0h:0m:27s left)
Iteration 130 / LogL: -3001.447 / Time: 0h:0m:47s (0h:0m:21s left)
Iteration 140 / LogL: -3001.447 / Time: 0h:0m:47s (0h:0m:17s left)
Iteration 150 / LogL: -3001.448 / Time: 0h:0m:47s (0h:0m:12s left)
Iteration 160 / LogL: -3001.538 / Time: 0h:0m:47s (0h:0m:8s left)
UPDATE BEST LOG-LIKELIHOOD: -3001.446
Iteration 170 / LogL: -3001.446 / Time: 0h:0m:47s (0h:0m:5s left)
Iteration 180 / LogL: -3001.447 / Time: 0h:0m:47s (0h:0m:2s left)
Iteration 190 / LogL: -3001.446 / Time: 0h:0m:48s (0h:0m:0s left)
TREE SEARCH COMPLETED AFTER 191 ITERATIONS / Time: 0h:0m:48s

--------------------------------------------------------------------
|                    FINALIZING TREE SEARCH                        |
--------------------------------------------------------------------
Performs final model parameters optimization
Estimate model parameters (epsilon = 0.010)
1. Initial log-likelihood: -3001.446
Optimal log-likelihood: -3001.432
Rate parameters:  A-C: 1.00000  A-G: 1.75226  A-T: 1.00000  C-G: 1.00000  C-T: 1.75226  G-T: 1.00000
Base frequencies:  A: 0.319  C: 0.202  G: 0.197  T: 0.282
Gamma shape alpha: 0.209
Parameters optimization took 1 rounds (0.002 sec)
BEST SCORE FOUND : -3001.432

Testing tree branches by aBayes parametric test...
0.002 sec.
Total tree length: 23.642

Total number of iterations: 191
CPU time used for tree search: 2.733 sec (0h:0m:2s)
Wall-clock time used for tree search: 2.837 sec (0h:0m:2s)
Total CPU time used: 47.321 sec (0h:0m:47s)
Total wall-clock time used: 48.051 sec (0h:0m:48s)

Analysis results written to: 
  IQ-TREE report:                /home/mis/CSE6406-project/work/paper_subset_7x2_L200_800/ils_high/replicate_02/estimated_gene_trees/L200/hky_g4/locus_0001.iqtree
  Maximum-likelihood tree:       /home/mis/CSE6406-project/work/paper_subset_7x2_L200_800/ils_high/replicate_02/estimated_gene_trees/L200/hky_g4/locus_0001.treefile
  Likelihood distances:          /home/mis/CSE6406-project/work/paper_subset_7x2_L200_800/ils_high/replicate_02/estimated_gene_trees/L200/hky_g4/locus_0001.mldist
  Screen log file:               /home/mis/CSE6406-project/work/paper_subset_7x2_L200_800/ils_high/replicate_02/estimated_gene_trees/L200/hky_g4/locus_0001.log

Date and Time: Thu Sep 10 14:48:25 2026
