IQ-TREE multicore version 2.4.0 for Linux x86 64-bit built Feb 12 2025
Developed by Bui Quang Minh, Nguyen Lam Tung, Olga Chernomor, Heiko Schmidt,
Dominik Schrempf, Michael Woodhams, Ly Trong Nhan, Thomas Wong

Host:    ezmata (AVX2, FMA3, 15 GB RAM)
Command: /home/mis/miniconda3/envs/cse6406/bin/iqtree2 -s /home/mis/CSE6406-project/work/paper_subset_50x10_L800/ils_high/replicate_05/alignments/L800/locus_0022.phy -m HKY+G4 --abayes -T 1 --seed 6906023 --prefix /home/mis/CSE6406-project/work/paper_subset_50x10_L800/ils_high/replicate_05/estimated_gene_trees/L800/hky_g4/locus_0022 --redo --quiet
Seed:    6906023 (Using SPRNG - Scalable Parallel Random Number Generator)
Time:    Sat Sep 12 19:58:39 2026
Kernel:  AVX+FMA - 1 threads (16 CPU cores detected)

HINT: Use -nt option to specify number of threads because your CPU has 16 cores!
HINT: -nt AUTO will automatically determine the best number of threads to use.

Reading alignment file /home/mis/CSE6406-project/work/paper_subset_50x10_L800/ils_high/replicate_05/alignments/L800/locus_0022.phy ... Phylip format detected
Alignment most likely contains DNA/RNA sequences
Alignment has 21 sequences with 800 columns, 272 distinct patterns
188 parsimony-informative, 96 singleton sites, 516 constant sites
        Gap/Ambiguity  Composition  p-value
Analyzing sequences: done in 1.5248e-05 secs using 98.37% CPU
   1  1_0_0     0.00%    passed     91.54%
   2  4_0_0     0.00%    passed     87.45%
   3  3_0_0     0.00%    passed     83.60%
   4  18_0_0    0.00%    passed     98.00%
   5  11_0_0    0.00%    passed     96.58%
   6  8_0_0     0.00%    passed     95.54%
   7  7_0_0     0.00%    passed     96.02%
   8  10_0_0    0.00%    passed     99.15%
   9  5_0_0     0.00%    passed     99.19%
  10  20_0_0    0.00%    passed     99.12%
  11  19_0_0    0.00%    passed     96.98%
  12  17_0_0    0.00%    passed     91.56%
  13  15_0_0    0.00%    passed     99.73%
  14  16_0_0    0.00%    passed     89.84%
  15  13_0_0    0.00%    passed     98.91%
  16  14_0_0    0.00%    passed     96.29%
  17  6_0_0     0.00%    passed     93.20%
  18  9_0_0     0.00%    passed     95.74%
  19  12_0_0    0.00%    passed     87.72%
  20  2_0_0     0.00%    passed     97.01%
  21  0_0_0     0.00%    passed     61.78%
****  TOTAL     0.00%  0 sequences failed composition chi2 test (p-value<5%; df=3)

Create initial parsimony tree by phylogenetic likelihood library (PLL)... 0.001 seconds

NOTE: 0 MB RAM (0 GB) is required!
Estimate model parameters (epsilon = 0.100)
1. Initial log-likelihood: -5308.190
2. Current log-likelihood: -5095.303
3. Current log-likelihood: -5091.080
Optimal log-likelihood: -5091.064
Rate parameters:  A-C: 1.00000  A-G: 2.12841  A-T: 1.00000  C-G: 1.00000  C-T: 2.12841  G-T: 1.00000
Base frequencies:  A: 0.307  C: 0.199  G: 0.189  T: 0.305
Gamma shape alpha: 0.194
Parameters optimization took 3 rounds (0.022 sec)
Wrote distance file to... 
Computing ML distances based on estimated model parameters...
Calculating distance matrix: done in 0.00263452 secs using 96.26% CPU
Computing ML distances took 0.002679 sec (of wall-clock time) 0.002578 sec (of CPU time)
Setting up auxiliary I and S matrices: done in 7.5518e-05 secs using 97.99% CPU
Computing RapidNJ tree took 0.000310 sec (of wall-clock time) 0.000626 sec (of CPU time)
Log-likelihood of RapidNJ tree: -5096.345
--------------------------------------------------------------------
|             INITIALIZING CANDIDATE TREE SET                      |
--------------------------------------------------------------------
Generating 98 parsimony trees... 0.128 second
Computing log-likelihood of 98 initial trees ... 0.174 seconds
Current best score: -5091.064

Do NNI search on 20 best initial trees
Estimate model parameters (epsilon = 0.100)
BETTER TREE FOUND at iteration 1: -5091.064
Estimate model parameters (epsilon = 0.100)
BETTER TREE FOUND at iteration 4: -5089.636
Iteration 10 / LogL: -5089.637 / Time: 0h:0m:0s
Iteration 20 / LogL: -5091.542 / Time: 0h:0m:0s
Finish initializing candidate tree set (10)
Current best tree score: -5089.636 / CPU time: 0.740
Number of iterations: 20
--------------------------------------------------------------------
|               OPTIMIZING CANDIDATE TREE SET                      |
--------------------------------------------------------------------
Iteration 30 / LogL: -5089.663 / Time: 0h:0m:1s (0h:0m:2s left)
Iteration 40 / LogL: -5091.065 / Time: 0h:0m:1s (0h:0m:2s left)
Iteration 50 / LogL: -5089.637 / Time: 0h:0m:1s (0h:0m:2s left)
UPDATE BEST LOG-LIKELIHOOD: -5089.636
Iteration 60 / LogL: -5095.910 / Time: 0h:0m:2s (0h:0m:1s left)
UPDATE BEST LOG-LIKELIHOOD: -5089.636
Iteration 70 / LogL: -5091.908 / Time: 0h:0m:2s (0h:0m:1s left)
Iteration 80 / LogL: -5089.695 / Time: 0h:0m:2s (0h:0m:0s left)
UPDATE BEST LOG-LIKELIHOOD: -5089.636
Iteration 90 / LogL: -5089.644 / Time: 0h:0m:3s (0h:0m:0s left)
Iteration 100 / LogL: -5089.637 / Time: 0h:0m:3s (0h:0m:0s left)
TREE SEARCH COMPLETED AFTER 105 ITERATIONS / Time: 0h:0m:3s

--------------------------------------------------------------------
|                    FINALIZING TREE SEARCH                        |
--------------------------------------------------------------------
Performs final model parameters optimization
Estimate model parameters (epsilon = 0.010)
1. Initial log-likelihood: -5089.636
Optimal log-likelihood: -5089.636
Rate parameters:  A-C: 1.00000  A-G: 2.12532  A-T: 1.00000  C-G: 1.00000  C-T: 2.12532  G-T: 1.00000
Base frequencies:  A: 0.307  C: 0.199  G: 0.189  T: 0.305
Gamma shape alpha: 0.194
Parameters optimization took 1 rounds (0.005 sec)
BEST SCORE FOUND : -5089.636

Testing tree branches by aBayes parametric test...
0.007 sec.
Total tree length: 1.333

Total number of iterations: 105
CPU time used for tree search: 3.666 sec (0h:0m:3s)
Wall-clock time used for tree search: 3.786 sec (0h:0m:3s)
Total CPU time used: 3.716 sec (0h:0m:3s)
Total wall-clock time used: 3.840 sec (0h:0m:3s)

Analysis results written to: 
  IQ-TREE report:                /home/mis/CSE6406-project/work/paper_subset_50x10_L800/ils_high/replicate_05/estimated_gene_trees/L800/hky_g4/locus_0022.iqtree
  Maximum-likelihood tree:       /home/mis/CSE6406-project/work/paper_subset_50x10_L800/ils_high/replicate_05/estimated_gene_trees/L800/hky_g4/locus_0022.treefile
  Likelihood distances:          /home/mis/CSE6406-project/work/paper_subset_50x10_L800/ils_high/replicate_05/estimated_gene_trees/L800/hky_g4/locus_0022.mldist
  Screen log file:               /home/mis/CSE6406-project/work/paper_subset_50x10_L800/ils_high/replicate_05/estimated_gene_trees/L800/hky_g4/locus_0022.log

Date and Time: Sat Sep 12 19:58:43 2026
