IQ-TREE multicore version 2.4.0 for Linux x86 64-bit built Feb 12 2025
Developed by Bui Quang Minh, Nguyen Lam Tung, Olga Chernomor, Heiko Schmidt,
Dominik Schrempf, Michael Woodhams, Ly Trong Nhan, Thomas Wong

Host:    ezmata (AVX2, FMA3, 15 GB RAM)
Command: /home/mis/miniconda3/envs/cse6406/bin/iqtree2 -s /home/mis/CSE6406-project/work/paper_subset_50x10_L800/ils_high/replicate_05/alignments/L800/locus_0036.phy -m HKY+G4 --abayes -T 1 --seed 6906037 --prefix /home/mis/CSE6406-project/work/paper_subset_50x10_L800/ils_high/replicate_05/estimated_gene_trees/L800/hky_g4/locus_0036 --redo --quiet
Seed:    6906037 (Using SPRNG - Scalable Parallel Random Number Generator)
Time:    Sat Sep 12 19:58:49 2026
Kernel:  AVX+FMA - 1 threads (16 CPU cores detected)

HINT: Use -nt option to specify number of threads because your CPU has 16 cores!
HINT: -nt AUTO will automatically determine the best number of threads to use.

Reading alignment file /home/mis/CSE6406-project/work/paper_subset_50x10_L800/ils_high/replicate_05/alignments/L800/locus_0036.phy ... Phylip format detected
Alignment most likely contains DNA/RNA sequences
Alignment has 21 sequences with 800 columns, 268 distinct patterns
198 parsimony-informative, 82 singleton sites, 520 constant sites
        Gap/Ambiguity  Composition  p-value
Analyzing sequences: done in 1.5396e-05 secs
   1  0_0_0     0.00%    passed     84.76%
   2  17_0_0    0.00%    passed     79.40%
   3  19_0_0    0.00%    passed     87.09%
   4  16_0_0    0.00%    passed     94.54%
   5  18_0_0    0.00%    passed     96.73%
   6  20_0_0    0.00%    passed     94.96%
   7  15_0_0    0.00%    passed     97.80%
   8  13_0_0    0.00%    passed     91.70%
   9  14_0_0    0.00%    passed     95.08%
  10  7_0_0     0.00%    passed     99.90%
  11  8_0_0     0.00%    passed     96.56%
  12  12_0_0    0.00%    passed     98.27%
  13  2_0_0     0.00%    passed     99.05%
  14  6_0_0     0.00%    passed     96.98%
  15  11_0_0    0.00%    passed     99.38%
  16  9_0_0     0.00%    passed     96.53%
  17  10_0_0    0.00%    passed     97.49%
  18  5_0_0     0.00%    passed     99.75%
  19  3_0_0     0.00%    passed     92.51%
  20  1_0_0     0.00%    passed     99.17%
  21  4_0_0     0.00%    passed     99.76%
****  TOTAL     0.00%  0 sequences failed composition chi2 test (p-value<5%; df=3)

Create initial parsimony tree by phylogenetic likelihood library (PLL)... 0.001 seconds

NOTE: 0 MB RAM (0 GB) is required!
Estimate model parameters (epsilon = 0.100)
1. Initial log-likelihood: -5442.241
2. Current log-likelihood: -5198.285
3. Current log-likelihood: -5194.593
Optimal log-likelihood: -5194.583
Rate parameters:  A-C: 1.00000  A-G: 2.38293  A-T: 1.00000  C-G: 1.00000  C-T: 2.38293  G-T: 1.00000
Base frequencies:  A: 0.313  C: 0.190  G: 0.194  T: 0.303
Gamma shape alpha: 0.188
Parameters optimization took 3 rounds (0.024 sec)
Wrote distance file to... 
Computing ML distances based on estimated model parameters...
Calculating distance matrix: done in 0.00300382 secs using 95.84% CPU
Computing ML distances took 0.003057 sec (of wall-clock time) 0.002928 sec (of CPU time)
Setting up auxiliary I and S matrices: done in 6.421e-05 secs using 98.12% CPU
Computing RapidNJ tree took 0.000257 sec (of wall-clock time) 0.000256 sec (of CPU time)
Log-likelihood of RapidNJ tree: -5199.596
--------------------------------------------------------------------
|             INITIALIZING CANDIDATE TREE SET                      |
--------------------------------------------------------------------
Generating 98 parsimony trees... 0.222 second
Computing log-likelihood of 98 initial trees ... 0.375 seconds
Current best score: -5194.583

Do NNI search on 20 best initial trees
Estimate model parameters (epsilon = 0.100)
BETTER TREE FOUND at iteration 1: -5194.583
Iteration 10 / LogL: -5194.583 / Time: 0h:0m:0s
Iteration 20 / LogL: -5194.583 / Time: 0h:0m:1s
Finish initializing candidate tree set (3)
Current best tree score: -5194.583 / CPU time: 1.144
Number of iterations: 20
--------------------------------------------------------------------
|               OPTIMIZING CANDIDATE TREE SET                      |
--------------------------------------------------------------------
UPDATE BEST LOG-LIKELIHOOD: -5194.583
UPDATE BEST LOG-LIKELIHOOD: -5194.583
Iteration 30 / LogL: -5194.583 / Time: 0h:0m:1s (0h:0m:3s left)
Iteration 40 / LogL: -5194.583 / Time: 0h:0m:1s (0h:0m:2s left)
UPDATE BEST LOG-LIKELIHOOD: -5194.583
Iteration 50 / LogL: -5194.583 / Time: 0h:0m:2s (0h:0m:2s left)
UPDATE BEST LOG-LIKELIHOOD: -5194.583
Iteration 60 / LogL: -5194.583 / Time: 0h:0m:2s (0h:0m:1s left)
Iteration 70 / LogL: -5194.583 / Time: 0h:0m:3s (0h:0m:1s left)
Iteration 80 / LogL: -5194.583 / Time: 0h:0m:3s (0h:0m:1s left)
Iteration 90 / LogL: -5194.583 / Time: 0h:0m:4s (0h:0m:0s left)
Iteration 100 / LogL: -5194.583 / Time: 0h:0m:5s (0h:0m:0s left)
TREE SEARCH COMPLETED AFTER 102 ITERATIONS / Time: 0h:0m:5s

--------------------------------------------------------------------
|                    FINALIZING TREE SEARCH                        |
--------------------------------------------------------------------
Performs final model parameters optimization
Estimate model parameters (epsilon = 0.010)
1. Initial log-likelihood: -5194.583
Optimal log-likelihood: -5194.583
Rate parameters:  A-C: 1.00000  A-G: 2.38293  A-T: 1.00000  C-G: 1.00000  C-T: 2.38293  G-T: 1.00000
Base frequencies:  A: 0.313  C: 0.190  G: 0.194  T: 0.303
Gamma shape alpha: 0.188
Parameters optimization took 1 rounds (0.009 sec)
BEST SCORE FOUND : -5194.583

Testing tree branches by aBayes parametric test...
0.014 sec.
Total tree length: 1.393

Total number of iterations: 102
CPU time used for tree search: 5.366 sec (0h:0m:5s)
Wall-clock time used for tree search: 5.483 sec (0h:0m:5s)
Total CPU time used: 5.439 sec (0h:0m:5s)
Total wall-clock time used: 5.562 sec (0h:0m:5s)

Analysis results written to: 
  IQ-TREE report:                /home/mis/CSE6406-project/work/paper_subset_50x10_L800/ils_high/replicate_05/estimated_gene_trees/L800/hky_g4/locus_0036.iqtree
  Maximum-likelihood tree:       /home/mis/CSE6406-project/work/paper_subset_50x10_L800/ils_high/replicate_05/estimated_gene_trees/L800/hky_g4/locus_0036.treefile
  Likelihood distances:          /home/mis/CSE6406-project/work/paper_subset_50x10_L800/ils_high/replicate_05/estimated_gene_trees/L800/hky_g4/locus_0036.mldist
  Screen log file:               /home/mis/CSE6406-project/work/paper_subset_50x10_L800/ils_high/replicate_05/estimated_gene_trees/L800/hky_g4/locus_0036.log

Date and Time: Sat Sep 12 19:58:54 2026
