IQ-TREE multicore version 2.4.0 for Linux x86 64-bit built Feb 12 2025
Developed by Bui Quang Minh, Nguyen Lam Tung, Olga Chernomor, Heiko Schmidt,
Dominik Schrempf, Michael Woodhams, Ly Trong Nhan, Thomas Wong

Host:    ezmata (AVX2, FMA3, 15 GB RAM)
Command: /home/mis/miniconda3/envs/cse6406/bin/iqtree2 -s /home/mis/CSE6406-project/work/paper_subset_50x10_L800/ils_high/replicate_05/alignments/L800/locus_0001.phy -m HKY+G4 --abayes -T 1 --seed 6906002 --prefix /home/mis/CSE6406-project/work/paper_subset_50x10_L800/ils_high/replicate_05/estimated_gene_trees/L800/hky_g4/locus_0001 --redo --quiet
Seed:    6906002 (Using SPRNG - Scalable Parallel Random Number Generator)
Time:    Sat Sep 12 19:58:27 2026
Kernel:  AVX+FMA - 1 threads (16 CPU cores detected)

HINT: Use -nt option to specify number of threads because your CPU has 16 cores!
HINT: -nt AUTO will automatically determine the best number of threads to use.

Reading alignment file /home/mis/CSE6406-project/work/paper_subset_50x10_L800/ils_high/replicate_05/alignments/L800/locus_0001.phy ... Phylip format detected
Alignment most likely contains DNA/RNA sequences
Alignment has 21 sequences with 800 columns, 297 distinct patterns
218 parsimony-informative, 91 singleton sites, 491 constant sites
        Gap/Ambiguity  Composition  p-value
Analyzing sequences: done in 1.4541e-05 secs
   1  18_0_0    0.00%    passed     98.73%
   2  20_0_0    0.00%    passed     93.18%
   3  15_0_0    0.00%    passed     96.73%
   4  2_0_0     0.00%    passed     91.48%
   5  17_0_0    0.00%    passed     93.01%
   6  19_0_0    0.00%    passed     96.77%
   7  9_0_0     0.00%    passed     82.57%
   8  7_0_0     0.00%    passed     84.24%
   9  8_0_0     0.00%    passed     96.62%
  10  3_0_0     0.00%    passed     96.29%
  11  1_0_0     0.00%    passed     97.90%
  12  4_0_0     0.00%    passed     89.06%
  13  13_0_0    0.00%    passed     85.49%
  14  14_0_0    0.00%    passed     99.13%
  15  16_0_0    0.00%    passed     96.87%
  16  11_0_0    0.00%    passed     92.53%
  17  12_0_0    0.00%    passed     70.27%
  18  10_0_0    0.00%    passed     86.36%
  19  5_0_0     0.00%    passed     94.98%
  20  6_0_0     0.00%    passed     88.28%
  21  0_0_0     0.00%    passed     72.88%
****  TOTAL     0.00%  0 sequences failed composition chi2 test (p-value<5%; df=3)

Create initial parsimony tree by phylogenetic likelihood library (PLL)... 0.001 seconds

NOTE: 0 MB RAM (0 GB) is required!
Estimate model parameters (epsilon = 0.100)
1. Initial log-likelihood: -5823.779
2. Current log-likelihood: -5610.597
3. Current log-likelihood: -5606.949
Optimal log-likelihood: -5606.931
Rate parameters:  A-C: 1.00000  A-G: 1.95804  A-T: 1.00000  C-G: 1.00000  C-T: 1.95804  G-T: 1.00000
Base frequencies:  A: 0.285  C: 0.222  G: 0.193  T: 0.300
Gamma shape alpha: 0.217
Parameters optimization took 3 rounds (0.024 sec)
Wrote distance file to... 
Computing ML distances based on estimated model parameters...
Calculating distance matrix: done in 0.00220225 secs using 95.18% CPU
Computing ML distances took 0.002250 sec (of wall-clock time) 0.002141 sec (of CPU time)
Setting up auxiliary I and S matrices: done in 6.6095e-05 secs using 98.34% CPU
Computing RapidNJ tree took 0.000246 sec (of wall-clock time) 0.000449 sec (of CPU time)
Log-likelihood of RapidNJ tree: -5613.727
--------------------------------------------------------------------
|             INITIALIZING CANDIDATE TREE SET                      |
--------------------------------------------------------------------
Generating 98 parsimony trees... 0.202 second
Computing log-likelihood of 98 initial trees ... 0.434 seconds
Current best score: -5602.536

Do NNI search on 20 best initial trees
Estimate model parameters (epsilon = 0.100)
BETTER TREE FOUND at iteration 1: -5596.656
UPDATE BEST LOG-LIKELIHOOD: -5596.656
UPDATE BEST LOG-LIKELIHOOD: -5596.656
Iteration 10 / LogL: -5596.656 / Time: 0h:0m:1s
UPDATE BEST LOG-LIKELIHOOD: -5596.656
Iteration 20 / LogL: -5596.659 / Time: 0h:0m:2s
Finish initializing candidate tree set (4)
Current best tree score: -5596.656 / CPU time: 2.040
Number of iterations: 20
--------------------------------------------------------------------
|               OPTIMIZING CANDIDATE TREE SET                      |
--------------------------------------------------------------------
Iteration 30 / LogL: -5602.489 / Time: 0h:0m:2s (0h:0m:7s left)
Iteration 40 / LogL: -5597.020 / Time: 0h:0m:3s (0h:0m:5s left)
Iteration 50 / LogL: -5596.657 / Time: 0h:0m:4s (0h:0m:4s left)
UPDATE BEST LOG-LIKELIHOOD: -5596.656
Iteration 60 / LogL: -5596.656 / Time: 0h:0m:5s (0h:0m:3s left)
Iteration 70 / LogL: -5597.020 / Time: 0h:0m:5s (0h:0m:2s left)
Iteration 80 / LogL: -5596.666 / Time: 0h:0m:6s (0h:0m:1s left)
Iteration 90 / LogL: -5596.656 / Time: 0h:0m:7s (0h:0m:0s left)
Iteration 100 / LogL: -5609.373 / Time: 0h:0m:8s (0h:0m:0s left)
TREE SEARCH COMPLETED AFTER 102 ITERATIONS / Time: 0h:0m:8s

--------------------------------------------------------------------
|                    FINALIZING TREE SEARCH                        |
--------------------------------------------------------------------
Performs final model parameters optimization
Estimate model parameters (epsilon = 0.010)
1. Initial log-likelihood: -5596.656
Optimal log-likelihood: -5596.656
Rate parameters:  A-C: 1.00000  A-G: 1.93136  A-T: 1.00000  C-G: 1.00000  C-T: 1.93136  G-T: 1.00000
Base frequencies:  A: 0.285  C: 0.222  G: 0.193  T: 0.300
Gamma shape alpha: 0.215
Parameters optimization took 1 rounds (0.010 sec)
BEST SCORE FOUND : -5596.656

Testing tree branches by aBayes parametric test...
0.015 sec.
Total tree length: 1.535

Total number of iterations: 102
CPU time used for tree search: 8.058 sec (0h:0m:8s)
Wall-clock time used for tree search: 8.228 sec (0h:0m:8s)
Total CPU time used: 8.122 sec (0h:0m:8s)
Total wall-clock time used: 8.295 sec (0h:0m:8s)

Analysis results written to: 
  IQ-TREE report:                /home/mis/CSE6406-project/work/paper_subset_50x10_L800/ils_high/replicate_05/estimated_gene_trees/L800/hky_g4/locus_0001.iqtree
  Maximum-likelihood tree:       /home/mis/CSE6406-project/work/paper_subset_50x10_L800/ils_high/replicate_05/estimated_gene_trees/L800/hky_g4/locus_0001.treefile
  Likelihood distances:          /home/mis/CSE6406-project/work/paper_subset_50x10_L800/ils_high/replicate_05/estimated_gene_trees/L800/hky_g4/locus_0001.mldist
  Screen log file:               /home/mis/CSE6406-project/work/paper_subset_50x10_L800/ils_high/replicate_05/estimated_gene_trees/L800/hky_g4/locus_0001.log

Date and Time: Sat Sep 12 19:58:35 2026
