IQ-TREE multicore version 2.4.0 for Linux x86 64-bit built Feb 12 2025
Developed by Bui Quang Minh, Nguyen Lam Tung, Olga Chernomor, Heiko Schmidt,
Dominik Schrempf, Michael Woodhams, Ly Trong Nhan, Thomas Wong

Host:    ezmata (AVX2, FMA3, 15 GB RAM)
Command: /home/mis/miniconda3/envs/cse6406/bin/iqtree2 -s /home/mis/CSE6406-project/work/paper_subset_50x10_L800/ils_low/replicate_02/alignments/L800/locus_0044.phy -m GTR --abayes -T AUTO --seed 6606045 --prefix /home/mis/CSE6406-project/work/paper_subset_50x10_L800/ils_low/replicate_02/estimated_gene_trees/L800/gtr/locus_0044 --redo --quiet
Seed:    6606045 (Using SPRNG - Scalable Parallel Random Number Generator)
Time:    Fri Sep 11 03:50:22 2026
Kernel:  AVX+FMA - auto-detect threads (16 CPU cores detected)

Reading alignment file /home/mis/CSE6406-project/work/paper_subset_50x10_L800/ils_low/replicate_02/alignments/L800/locus_0044.phy ... Phylip format detected
Alignment most likely contains DNA/RNA sequences
Alignment has 21 sequences with 800 columns, 487 distinct patterns
429 parsimony-informative, 69 singleton sites, 302 constant sites
        Gap/Ambiguity  Composition  p-value
Analyzing sequences: done in 0.000110036 secs using 142.7% CPU
   1  5_0_0     0.00%    passed     82.57%
   2  2_0_0     0.00%    passed     66.48%
   3  4_0_0     0.00%    passed     86.64%
   4  3_0_0     0.00%    passed     60.01%
   5  6_0_0     0.00%    passed     46.14%
   6  1_0_0     0.00%    passed     54.92%
   7  13_0_0    0.00%    passed     97.17%
   8  14_0_0    0.00%    passed     93.30%
   9  16_0_0    0.00%    passed     84.83%
  10  18_0_0    0.00%    passed     51.27%
  11  15_0_0    0.00%    passed     81.90%
  12  10_0_0    0.00%    passed     62.18%
  13  8_0_0     0.00%    passed     85.98%
  14  19_0_0    0.00%    passed     78.03%
  15  7_0_0     0.00%    passed     78.94%
  16  20_0_0    0.00%    passed     13.00%
  17  12_0_0    0.00%    passed     84.29%
  18  17_0_0    0.00%    passed     25.94%
  19  11_0_0    0.00%    passed     34.94%
  20  9_0_0     0.00%    passed     83.50%
  21  0_0_0     0.00%    passed     86.06%
****  TOTAL     0.00%  0 sequences failed composition chi2 test (p-value<5%; df=3)

Create initial parsimony tree by phylogenetic likelihood library (PLL)... 0.001 seconds

NOTE: 0 MB RAM (0 GB) is required!
Measuring multi-threading efficiency up to 16 CPU cores
Increase to 10 rounds for branch lengths
5041 trees examined
Threads: 1 / Time: 16.003 sec / Speedup: 1.000 / Efficiency: 100% / LogL: -14804
Threads: 2 / Time: 22.372 sec / Speedup: 0.715 / Efficiency: 36% / LogL: -14804
BEST NUMBER OF THREADS: 1

Estimate model parameters (epsilon = 0.100)
1. Initial log-likelihood: -14024.307
2. Current log-likelihood: -13965.705
3. Current log-likelihood: -13965.521
Optimal log-likelihood: -13965.520
Rate parameters:  A-C: 1.18238  A-G: 1.40540  A-T: 1.10201  C-G: 1.19666  C-T: 1.63776  G-T: 1.00000
Base frequencies:  A: 0.300  C: 0.194  G: 0.202  T: 0.304
Parameters optimization took 3 rounds (0.008 sec)
Wrote distance file to... 
Computing ML distances based on estimated model parameters...
Calculating distance matrix: done in 0.000403779 secs using 80.74% CPU
Computing ML distances took 0.000436 sec (of wall-clock time) 0.000353 sec (of CPU time)
Setting up auxiliary I and S matrices: done in 2.4593e-05 secs using 748.2% CPU
Computing RapidNJ tree took 0.000092 sec (of wall-clock time) 0.000251 sec (of CPU time)
Log-likelihood of RapidNJ tree: -13982.345
--------------------------------------------------------------------
|             INITIALIZING CANDIDATE TREE SET                      |
--------------------------------------------------------------------
Generating 98 parsimony trees... 0.095 second
Computing log-likelihood of 98 initial trees ... 0.060 seconds
Current best score: -13953.861

Do NNI search on 20 best initial trees
Estimate model parameters (epsilon = 0.100)
BETTER TREE FOUND at iteration 1: -13951.605
Estimate model parameters (epsilon = 0.100)
BETTER TREE FOUND at iteration 6: -13951.218
Iteration 10 / LogL: -13955.822 / Time: 0h:0m:38s
Iteration 20 / LogL: -13951.226 / Time: 0h:0m:38s
Finish initializing candidate tree set (9)
Current best tree score: -13951.218 / CPU time: 0.283
Number of iterations: 20
--------------------------------------------------------------------
|               OPTIMIZING CANDIDATE TREE SET                      |
--------------------------------------------------------------------
Iteration 30 / LogL: -13955.840 / Time: 0h:0m:38s (0h:1m:41s left)
Iteration 40 / LogL: -13951.667 / Time: 0h:0m:38s (0h:1m:5s left)
Iteration 50 / LogL: -13951.223 / Time: 0h:0m:38s (0h:0m:44s left)
Iteration 60 / LogL: -13955.824 / Time: 0h:0m:38s (0h:0m:30s left)
Iteration 70 / LogL: -13955.943 / Time: 0h:0m:39s (0h:0m:20s left)
Iteration 80 / LogL: -13954.750 / Time: 0h:0m:39s (0h:0m:12s left)
Iteration 90 / LogL: -13951.652 / Time: 0h:0m:39s (0h:0m:7s left)
Iteration 100 / LogL: -13951.735 / Time: 0h:0m:39s (0h:0m:2s left)
TREE SEARCH COMPLETED AFTER 107 ITERATIONS / Time: 0h:0m:39s

--------------------------------------------------------------------
|                    FINALIZING TREE SEARCH                        |
--------------------------------------------------------------------
Performs final model parameters optimization
Estimate model parameters (epsilon = 0.010)
1. Initial log-likelihood: -13951.218
Optimal log-likelihood: -13951.217
Rate parameters:  A-C: 1.19129  A-G: 1.45669  A-T: 1.13820  C-G: 1.22524  C-T: 1.64893  G-T: 1.00000
Base frequencies:  A: 0.300  C: 0.194  G: 0.202  T: 0.304
Parameters optimization took 1 rounds (0.002 sec)
BEST SCORE FOUND : -13951.217

Testing tree branches by aBayes parametric test...
0.002 sec.
Total tree length: 5.009

Total number of iterations: 107
CPU time used for tree search: 0.897 sec (0h:0m:0s)
Wall-clock time used for tree search: 0.924 sec (0h:0m:0s)
Total CPU time used: 40.921 sec (0h:0m:40s)
Total wall-clock time used: 39.319 sec (0h:0m:39s)

Analysis results written to: 
  IQ-TREE report:                /home/mis/CSE6406-project/work/paper_subset_50x10_L800/ils_low/replicate_02/estimated_gene_trees/L800/gtr/locus_0044.iqtree
  Maximum-likelihood tree:       /home/mis/CSE6406-project/work/paper_subset_50x10_L800/ils_low/replicate_02/estimated_gene_trees/L800/gtr/locus_0044.treefile
  Likelihood distances:          /home/mis/CSE6406-project/work/paper_subset_50x10_L800/ils_low/replicate_02/estimated_gene_trees/L800/gtr/locus_0044.mldist
  Screen log file:               /home/mis/CSE6406-project/work/paper_subset_50x10_L800/ils_low/replicate_02/estimated_gene_trees/L800/gtr/locus_0044.log

Date and Time: Fri Sep 11 03:51:01 2026
