IQ-TREE multicore version 2.4.0 for Linux x86 64-bit built Feb 12 2025
Developed by Bui Quang Minh, Nguyen Lam Tung, Olga Chernomor, Heiko Schmidt,
Dominik Schrempf, Michael Woodhams, Ly Trong Nhan, Thomas Wong

Host:    ezmata (AVX2, FMA3, 15 GB RAM)
Command: /home/mis/miniconda3/envs/cse6406/bin/iqtree2 -s /home/mis/CSE6406-project/work/paper_subset_50x10_L800/ils_low/replicate_02/alignments/L800/locus_0004.phy -m GTR --abayes -T AUTO --seed 6606005 --prefix /home/mis/CSE6406-project/work/paper_subset_50x10_L800/ils_low/replicate_02/estimated_gene_trees/L800/gtr/locus_0004 --redo --quiet
Seed:    6606005 (Using SPRNG - Scalable Parallel Random Number Generator)
Time:    Fri Sep 11 03:23:42 2026
Kernel:  AVX+FMA - auto-detect threads (16 CPU cores detected)

Reading alignment file /home/mis/CSE6406-project/work/paper_subset_50x10_L800/ils_low/replicate_02/alignments/L800/locus_0004.phy ... Phylip format detected
Alignment most likely contains DNA/RNA sequences
Alignment has 21 sequences with 800 columns, 508 distinct patterns
447 parsimony-informative, 68 singleton sites, 285 constant sites
        Gap/Ambiguity  Composition  p-value
Analyzing sequences: done in 9.4397e-05 secs
   1  0_0_0     0.00%    passed     89.28%
   2  13_0_0    0.00%    passed     85.15%
   3  16_0_0    0.00%    passed     83.40%
   4  15_0_0    0.00%    passed     49.96%
   5  18_0_0    0.00%    passed     90.02%
   6  14_0_0    0.00%    passed     35.18%
   7  10_0_0    0.00%    passed     64.32%
   8  7_0_0     0.00%    passed     72.23%
   9  8_0_0     0.00%    passed     67.44%
  10  19_0_0    0.00%    passed     86.47%
  11  17_0_0    0.00%    passed     69.37%
  12  12_0_0    0.00%    passed     32.51%
  13  20_0_0    0.00%    passed     64.81%
  14  9_0_0     0.00%    passed     88.01%
  15  11_0_0    0.00%    passed     22.57%
  16  1_0_0     0.00%    passed     50.54%
  17  4_0_0     0.00%    passed     80.00%
  18  2_0_0     0.00%    passed     70.89%
  19  6_0_0     0.00%    passed     56.74%
  20  3_0_0     0.00%    passed     77.42%
  21  5_0_0     0.00%    passed     99.88%
****  TOTAL     0.00%  0 sequences failed composition chi2 test (p-value<5%; df=3)

Create initial parsimony tree by phylogenetic likelihood library (PLL)... 0.001 seconds

NOTE: 0 MB RAM (0 GB) is required!
Measuring multi-threading efficiency up to 16 CPU cores
Increase to 10 rounds for branch lengths
5024 trees examined
Threads: 1 / Time: 16.001 sec / Speedup: 1.000 / Efficiency: 100% / LogL: -15172
Threads: 2 / Time: 22.430 sec / Speedup: 0.713 / Efficiency: 36% / LogL: -15172
BEST NUMBER OF THREADS: 1

Estimate model parameters (epsilon = 0.100)
1. Initial log-likelihood: -14242.792
2. Current log-likelihood: -14146.298
3. Current log-likelihood: -14145.980
Optimal log-likelihood: -14145.977
Rate parameters:  A-C: 1.41496  A-G: 1.51226  A-T: 1.33735  C-G: 1.01838  C-T: 1.89038  G-T: 1.00000
Base frequencies:  A: 0.301  C: 0.194  G: 0.219  T: 0.286
Parameters optimization took 3 rounds (0.010 sec)
Wrote distance file to... 
Computing ML distances based on estimated model parameters...
Calculating distance matrix: done in 0.000485172 secs using 81.62% CPU
Computing ML distances took 0.000526 sec (of wall-clock time) 0.000430 sec (of CPU time)
Setting up auxiliary I and S matrices: done in 3.6791e-05 secs
Computing RapidNJ tree took 0.000120 sec (of wall-clock time) 0.000007 sec (of CPU time)
Log-likelihood of RapidNJ tree: -14173.264
--------------------------------------------------------------------
|             INITIALIZING CANDIDATE TREE SET                      |
--------------------------------------------------------------------
Generating 98 parsimony trees... 0.122 second
Computing log-likelihood of 98 initial trees ... 0.064 seconds
Current best score: -14145.977

Do NNI search on 20 best initial trees
Estimate model parameters (epsilon = 0.100)
BETTER TREE FOUND at iteration 1: -14141.307
Iteration 10 / LogL: -14141.323 / Time: 0h:0m:38s
Iteration 20 / LogL: -14142.197 / Time: 0h:0m:38s
Finish initializing candidate tree set (3)
Current best tree score: -14141.307 / CPU time: 0.327
Number of iterations: 20
--------------------------------------------------------------------
|               OPTIMIZING CANDIDATE TREE SET                      |
--------------------------------------------------------------------
Iteration 30 / LogL: -14146.464 / Time: 0h:0m:38s (0h:1m:35s left)
Iteration 40 / LogL: -14141.375 / Time: 0h:0m:38s (0h:1m:0s left)
Iteration 50 / LogL: -14141.599 / Time: 0h:0m:39s (0h:0m:40s left)
Iteration 60 / LogL: -14141.322 / Time: 0h:0m:39s (0h:0m:27s left)
Iteration 70 / LogL: -14141.314 / Time: 0h:0m:39s (0h:0m:17s left)
Iteration 80 / LogL: -14141.314 / Time: 0h:0m:39s (0h:0m:10s left)
Iteration 90 / LogL: -14141.315 / Time: 0h:0m:39s (0h:0m:4s left)
Iteration 100 / LogL: -14141.760 / Time: 0h:0m:39s (0h:0m:0s left)
TREE SEARCH COMPLETED AFTER 102 ITERATIONS / Time: 0h:0m:39s

--------------------------------------------------------------------
|                    FINALIZING TREE SEARCH                        |
--------------------------------------------------------------------
Performs final model parameters optimization
Estimate model parameters (epsilon = 0.010)
1. Initial log-likelihood: -14141.307
Optimal log-likelihood: -14141.307
Rate parameters:  A-C: 1.44716  A-G: 1.53742  A-T: 1.35187  C-G: 1.05115  C-T: 1.90276  G-T: 1.00000
Base frequencies:  A: 0.301  C: 0.194  G: 0.219  T: 0.286
Parameters optimization took 1 rounds (0.002 sec)
BEST SCORE FOUND : -14141.307

Testing tree branches by aBayes parametric test...
0.002 sec.
Total tree length: 5.118

Total number of iterations: 102
CPU time used for tree search: 1.016 sec (0h:0m:1s)
Wall-clock time used for tree search: 1.034 sec (0h:0m:1s)
Total CPU time used: 42.189 sec (0h:0m:42s)
Total wall-clock time used: 39.489 sec (0h:0m:39s)

Analysis results written to: 
  IQ-TREE report:                /home/mis/CSE6406-project/work/paper_subset_50x10_L800/ils_low/replicate_02/estimated_gene_trees/L800/gtr/locus_0004.iqtree
  Maximum-likelihood tree:       /home/mis/CSE6406-project/work/paper_subset_50x10_L800/ils_low/replicate_02/estimated_gene_trees/L800/gtr/locus_0004.treefile
  Likelihood distances:          /home/mis/CSE6406-project/work/paper_subset_50x10_L800/ils_low/replicate_02/estimated_gene_trees/L800/gtr/locus_0004.mldist
  Screen log file:               /home/mis/CSE6406-project/work/paper_subset_50x10_L800/ils_low/replicate_02/estimated_gene_trees/L800/gtr/locus_0004.log

Date and Time: Fri Sep 11 03:24:21 2026
