IQ-TREE multicore version 2.4.0 for Linux x86 64-bit built Feb 12 2025
Developed by Bui Quang Minh, Nguyen Lam Tung, Olga Chernomor, Heiko Schmidt,
Dominik Schrempf, Michael Woodhams, Ly Trong Nhan, Thomas Wong

Host:    ezmata (AVX2, FMA3, 15 GB RAM)
Command: /home/mis/miniconda3/envs/cse6406/bin/iqtree2 -s /home/mis/CSE6406-project/work/paper_subset_50x10_L800/ils_low/replicate_03/alignments/L800/locus_0039.phy -m GTR --abayes -T AUTO --seed 6706040 --prefix /home/mis/CSE6406-project/work/paper_subset_50x10_L800/ils_low/replicate_03/estimated_gene_trees/L800/gtr/locus_0039 --redo --quiet
Seed:    6706040 (Using SPRNG - Scalable Parallel Random Number Generator)
Time:    Fri Sep 11 06:31:55 2026
Kernel:  AVX+FMA - auto-detect threads (16 CPU cores detected)

Reading alignment file /home/mis/CSE6406-project/work/paper_subset_50x10_L800/ils_low/replicate_03/alignments/L800/locus_0039.phy ... Phylip format detected
Alignment most likely contains DNA/RNA sequences
Alignment has 21 sequences with 800 columns, 431 distinct patterns
373 parsimony-informative, 68 singleton sites, 359 constant sites
        Gap/Ambiguity  Composition  p-value
Analyzing sequences: done in 0.000101005 secs using 142.6% CPU
   1  0_0_0     0.00%    passed     78.72%
   2  3_0_0     0.00%    passed     76.94%
   3  1_0_0     0.00%    passed     62.36%
   4  2_0_0     0.00%    passed     92.12%
   5  11_0_0    0.00%    passed     53.07%
   6  8_0_0     0.00%    passed     84.16%
   7  16_0_0    0.00%    passed     84.63%
   8  19_0_0    0.00%    passed     95.53%
   9  10_0_0    0.00%    passed     37.84%
  10  12_0_0    0.00%    passed     67.28%
  11  17_0_0    0.00%    passed     97.44%
  12  13_0_0    0.00%    passed     81.28%
  13  4_0_0     0.00%    passed     92.56%
  14  15_0_0    0.00%    passed     95.44%
  15  20_0_0    0.00%    passed     83.72%
  16  6_0_0     0.00%    passed     92.79%
  17  9_0_0     0.00%    passed     99.93%
  18  7_0_0     0.00%    passed     98.18%
  19  14_0_0    0.00%    passed     71.93%
  20  5_0_0     0.00%    passed     76.44%
  21  18_0_0    0.00%    passed     68.03%
****  TOTAL     0.00%  0 sequences failed composition chi2 test (p-value<5%; df=3)

Create initial parsimony tree by phylogenetic likelihood library (PLL)... 0.001 seconds

NOTE: 0 MB RAM (0 GB) is required!
Measuring multi-threading efficiency up to 16 CPU cores
Increase to 10 rounds for branch lengths
5672 trees examined
Threads: 1 / Time: 16.000 sec / Speedup: 1.000 / Efficiency: 100% / LogL: -13076
Threads: 2 / Time: 24.757 sec / Speedup: 0.646 / Efficiency: 32% / LogL: -13076
BEST NUMBER OF THREADS: 1

Estimate model parameters (epsilon = 0.100)
1. Initial log-likelihood: -11694.147
2. Current log-likelihood: -11639.375
3. Current log-likelihood: -11639.233
Optimal log-likelihood: -11639.233
Rate parameters:  A-C: 0.79085  A-G: 1.27256  A-T: 0.88814  C-G: 0.86018  C-T: 1.15378  G-T: 1.00000
Base frequencies:  A: 0.306  C: 0.208  G: 0.194  T: 0.292
Parameters optimization took 3 rounds (0.008 sec)
Wrote distance file to... 
Computing ML distances based on estimated model parameters...
Calculating distance matrix: done in 0.000523825 secs using 84.76% CPU
Computing ML distances took 0.000559 sec (of wall-clock time) 0.000475 sec (of CPU time)
Setting up auxiliary I and S matrices: done in 2.7895e-05 secs using 1054% CPU
Computing RapidNJ tree took 0.000105 sec (of wall-clock time) 0.000371 sec (of CPU time)
Log-likelihood of RapidNJ tree: -11678.529
--------------------------------------------------------------------
|             INITIALIZING CANDIDATE TREE SET                      |
--------------------------------------------------------------------
Generating 98 parsimony trees... 0.113 second
Computing log-likelihood of 98 initial trees ... 0.060 seconds
Current best score: -11630.121

Do NNI search on 20 best initial trees
Estimate model parameters (epsilon = 0.100)
BETTER TREE FOUND at iteration 1: -11627.783
Iteration 10 / LogL: -11638.952 / Time: 0h:0m:40s
Iteration 20 / LogL: -11629.018 / Time: 0h:0m:41s
Finish initializing candidate tree set (9)
Current best tree score: -11627.783 / CPU time: 0.294
Number of iterations: 20
--------------------------------------------------------------------
|               OPTIMIZING CANDIDATE TREE SET                      |
--------------------------------------------------------------------
Iteration 30 / LogL: -11627.879 / Time: 0h:0m:41s (0h:1m:40s left)
Iteration 40 / LogL: -11637.585 / Time: 0h:0m:41s (0h:1m:4s left)
Iteration 50 / LogL: -11628.584 / Time: 0h:0m:41s (0h:0m:42s left)
Iteration 60 / LogL: -11628.601 / Time: 0h:0m:41s (0h:0m:28s left)
Iteration 70 / LogL: -11629.260 / Time: 0h:0m:41s (0h:0m:18s left)
Iteration 80 / LogL: -11627.864 / Time: 0h:0m:41s (0h:0m:11s left)
Iteration 90 / LogL: -11627.790 / Time: 0h:0m:41s (0h:0m:5s left)
Iteration 100 / LogL: -11627.799 / Time: 0h:0m:41s (0h:0m:0s left)
TREE SEARCH COMPLETED AFTER 102 ITERATIONS / Time: 0h:0m:41s

--------------------------------------------------------------------
|                    FINALIZING TREE SEARCH                        |
--------------------------------------------------------------------
Performs final model parameters optimization
Estimate model parameters (epsilon = 0.010)
1. Initial log-likelihood: -11627.783
Optimal log-likelihood: -11627.783
Rate parameters:  A-C: 0.79769  A-G: 1.25633  A-T: 0.89493  C-G: 0.86555  C-T: 1.16156  G-T: 1.00000
Base frequencies:  A: 0.306  C: 0.208  G: 0.194  T: 0.292
Parameters optimization took 1 rounds (0.002 sec)
BEST SCORE FOUND : -11627.783

Testing tree branches by aBayes parametric test...
0.002 sec.
Total tree length: 3.642

Total number of iterations: 102
CPU time used for tree search: 0.973 sec (0h:0m:0s)
Wall-clock time used for tree search: 0.998 sec (0h:0m:0s)
Total CPU time used: 42.959 sec (0h:0m:42s)
Total wall-clock time used: 41.776 sec (0h:0m:41s)

Analysis results written to: 
  IQ-TREE report:                /home/mis/CSE6406-project/work/paper_subset_50x10_L800/ils_low/replicate_03/estimated_gene_trees/L800/gtr/locus_0039.iqtree
  Maximum-likelihood tree:       /home/mis/CSE6406-project/work/paper_subset_50x10_L800/ils_low/replicate_03/estimated_gene_trees/L800/gtr/locus_0039.treefile
  Likelihood distances:          /home/mis/CSE6406-project/work/paper_subset_50x10_L800/ils_low/replicate_03/estimated_gene_trees/L800/gtr/locus_0039.mldist
  Screen log file:               /home/mis/CSE6406-project/work/paper_subset_50x10_L800/ils_low/replicate_03/estimated_gene_trees/L800/gtr/locus_0039.log

Date and Time: Fri Sep 11 06:32:37 2026
