IQ-TREE multicore version 2.4.0 for Linux x86 64-bit built Feb 12 2025
Developed by Bui Quang Minh, Nguyen Lam Tung, Olga Chernomor, Heiko Schmidt,
Dominik Schrempf, Michael Woodhams, Ly Trong Nhan, Thomas Wong

Host:    ezmata (AVX2, FMA3, 15 GB RAM)
Command: /home/mis/miniconda3/envs/cse6406/bin/iqtree2 -s /home/mis/CSE6406-project/work/paper_subset_50x10_L800/ils_low/replicate_03/alignments/L800/locus_0004.phy -m GTR --abayes -T AUTO --seed 6706005 --prefix /home/mis/CSE6406-project/work/paper_subset_50x10_L800/ils_low/replicate_03/estimated_gene_trees/L800/gtr/locus_0004 --redo --quiet
Seed:    6706005 (Using SPRNG - Scalable Parallel Random Number Generator)
Time:    Fri Sep 11 06:07:32 2026
Kernel:  AVX+FMA - auto-detect threads (16 CPU cores detected)

Reading alignment file /home/mis/CSE6406-project/work/paper_subset_50x10_L800/ils_low/replicate_03/alignments/L800/locus_0004.phy ... Phylip format detected
Alignment most likely contains DNA/RNA sequences
Alignment has 21 sequences with 800 columns, 461 distinct patterns
397 parsimony-informative, 67 singleton sites, 336 constant sites
        Gap/Ambiguity  Composition  p-value
Analyzing sequences: done in 0.000148747 secs using 30.25% CPU
   1  2_0_0     0.00%    passed     75.52%
   2  3_0_0     0.00%    passed     25.65%
   3  1_0_0     0.00%    passed     16.57%
   4  15_0_0    0.00%    passed     76.57%
   5  16_0_0    0.00%    passed     86.98%
   6  12_0_0    0.00%    passed     44.58%
   7  17_0_0    0.00%    passed     88.56%
   8  4_0_0     0.00%    passed     52.12%
   9  13_0_0    0.00%    passed     84.74%
  10  19_0_0    0.00%    passed     83.19%
  11  10_0_0    0.00%    passed     86.67%
  12  8_0_0     0.00%    passed     76.79%
  13  11_0_0    0.00%    passed     94.64%
  14  6_0_0     0.00%    passed     68.93%
  15  9_0_0     0.00%    passed     55.15%
  16  7_0_0     0.00%    passed     83.17%
  17  5_0_0     0.00%    passed     98.98%
  18  14_0_0    0.00%    passed     91.17%
  19  18_0_0    0.00%    passed     49.63%
  20  20_0_0    0.00%    passed     95.23%
  21  0_0_0     0.00%    passed     26.57%
****  TOTAL     0.00%  0 sequences failed composition chi2 test (p-value<5%; df=3)

Create initial parsimony tree by phylogenetic likelihood library (PLL)... 0.001 seconds

NOTE: 0 MB RAM (0 GB) is required!
Measuring multi-threading efficiency up to 16 CPU cores
Increase to 10 rounds for branch lengths
5655 trees examined
Threads: 1 / Time: 16.000 sec / Speedup: 1.000 / Efficiency: 100% / LogL: -13685
Threads: 2 / Time: 26.071 sec / Speedup: 0.614 / Efficiency: 31% / LogL: -13685
BEST NUMBER OF THREADS: 1

Estimate model parameters (epsilon = 0.100)
1. Initial log-likelihood: -12261.532
2. Current log-likelihood: -12184.023
3. Current log-likelihood: -12183.889
Optimal log-likelihood: -12183.886
Rate parameters:  A-C: 0.99486  A-G: 1.48998  A-T: 1.10939  C-G: 1.06259  C-T: 1.47775  G-T: 1.00000
Base frequencies:  A: 0.297  C: 0.192  G: 0.200  T: 0.311
Parameters optimization took 3 rounds (0.009 sec)
Wrote distance file to... 
Computing ML distances based on estimated model parameters...
Calculating distance matrix: done in 0.000493961 secs using 100% CPU
Computing ML distances took 0.000531 sec (of wall-clock time) 0.000526 sec (of CPU time)
Setting up auxiliary I and S matrices: done in 2.8586e-05 secs using 1018% CPU
Computing RapidNJ tree took 0.000106 sec (of wall-clock time) 0.000368 sec (of CPU time)
Log-likelihood of RapidNJ tree: -12200.649
--------------------------------------------------------------------
|             INITIALIZING CANDIDATE TREE SET                      |
--------------------------------------------------------------------
Generating 98 parsimony trees... 0.107 second
Computing log-likelihood of 98 initial trees ... 0.064 seconds
Current best score: -12176.183

Do NNI search on 20 best initial trees
Estimate model parameters (epsilon = 0.100)
BETTER TREE FOUND at iteration 1: -12173.447
Iteration 10 / LogL: -12175.527 / Time: 0h:0m:42s
Iteration 20 / LogL: -12173.512 / Time: 0h:0m:42s
Finish initializing candidate tree set (8)
Current best tree score: -12173.447 / CPU time: 0.291
Number of iterations: 20
--------------------------------------------------------------------
|               OPTIMIZING CANDIDATE TREE SET                      |
--------------------------------------------------------------------
Iteration 30 / LogL: -12174.913 / Time: 0h:0m:42s (0h:1m:43s left)
Iteration 40 / LogL: -12173.681 / Time: 0h:0m:42s (0h:1m:6s left)
Iteration 50 / LogL: -12173.852 / Time: 0h:0m:42s (0h:0m:44s left)
Iteration 60 / LogL: -12175.842 / Time: 0h:0m:42s (0h:0m:29s left)
Iteration 70 / LogL: -12173.666 / Time: 0h:0m:42s (0h:0m:19s left)
Iteration 80 / LogL: -12173.687 / Time: 0h:0m:42s (0h:0m:11s left)
Iteration 90 / LogL: -12173.498 / Time: 0h:0m:43s (0h:0m:5s left)
Iteration 100 / LogL: -12173.453 / Time: 0h:0m:43s (0h:0m:0s left)
TREE SEARCH COMPLETED AFTER 102 ITERATIONS / Time: 0h:0m:43s

--------------------------------------------------------------------
|                    FINALIZING TREE SEARCH                        |
--------------------------------------------------------------------
Performs final model parameters optimization
Estimate model parameters (epsilon = 0.010)
1. Initial log-likelihood: -12173.447
2. Current log-likelihood: -12173.435
Optimal log-likelihood: -12173.432
Rate parameters:  A-C: 0.96686  A-G: 1.47546  A-T: 1.08780  C-G: 1.05369  C-T: 1.46271  G-T: 1.00000
Base frequencies:  A: 0.297  C: 0.192  G: 0.200  T: 0.311
Parameters optimization took 2 rounds (0.004 sec)
BEST SCORE FOUND : -12173.432

Testing tree branches by aBayes parametric test...
0.002 sec.
Total tree length: 3.952

Total number of iterations: 102
CPU time used for tree search: 1.032 sec (0h:0m:1s)
Wall-clock time used for tree search: 1.063 sec (0h:0m:1s)
Total CPU time used: 45.475 sec (0h:0m:45s)
Total wall-clock time used: 43.160 sec (0h:0m:43s)

Analysis results written to: 
  IQ-TREE report:                /home/mis/CSE6406-project/work/paper_subset_50x10_L800/ils_low/replicate_03/estimated_gene_trees/L800/gtr/locus_0004.iqtree
  Maximum-likelihood tree:       /home/mis/CSE6406-project/work/paper_subset_50x10_L800/ils_low/replicate_03/estimated_gene_trees/L800/gtr/locus_0004.treefile
  Likelihood distances:          /home/mis/CSE6406-project/work/paper_subset_50x10_L800/ils_low/replicate_03/estimated_gene_trees/L800/gtr/locus_0004.mldist
  Screen log file:               /home/mis/CSE6406-project/work/paper_subset_50x10_L800/ils_low/replicate_03/estimated_gene_trees/L800/gtr/locus_0004.log

Date and Time: Fri Sep 11 06:08:15 2026
