IQ-TREE multicore version 2.4.0 for Linux x86 64-bit built Feb 12 2025
Developed by Bui Quang Minh, Nguyen Lam Tung, Olga Chernomor, Heiko Schmidt,
Dominik Schrempf, Michael Woodhams, Ly Trong Nhan, Thomas Wong

Host:    ezmata (AVX2, FMA3, 15 GB RAM)
Command: /home/mis/miniconda3/envs/cse6406/bin/iqtree2 -s /home/mis/CSE6406-project/work/paper_subset_50x10_L800/ils_low/replicate_03/alignments/L800/locus_0047.phy -m GTR --abayes -T AUTO --seed 6706048 --prefix /home/mis/CSE6406-project/work/paper_subset_50x10_L800/ils_low/replicate_03/estimated_gene_trees/L800/gtr/locus_0047 --redo --quiet
Seed:    6706048 (Using SPRNG - Scalable Parallel Random Number Generator)
Time:    Fri Sep 11 06:37:30 2026
Kernel:  AVX+FMA - auto-detect threads (16 CPU cores detected)

Reading alignment file /home/mis/CSE6406-project/work/paper_subset_50x10_L800/ils_low/replicate_03/alignments/L800/locus_0047.phy ... Phylip format detected
Alignment most likely contains DNA/RNA sequences
Alignment has 21 sequences with 800 columns, 450 distinct patterns
390 parsimony-informative, 66 singleton sites, 344 constant sites
        Gap/Ambiguity  Composition  p-value
Analyzing sequences: done in 0.000115485 secs using 51.09% CPU
   1  3_0_0     0.00%    passed     79.84%
   2  1_0_0     0.00%    passed     80.76%
   3  2_0_0     0.00%    passed     53.93%
   4  16_0_0    0.00%    passed     99.10%
   5  12_0_0    0.00%    passed     90.39%
   6  13_0_0    0.00%    passed     87.80%
   7  4_0_0     0.00%    passed     98.35%
   8  17_0_0    0.00%    passed     93.31%
   9  10_0_0    0.00%    passed     93.51%
  10  19_0_0    0.00%    passed     68.02%
  11  11_0_0    0.00%    passed     71.80%
  12  8_0_0     0.00%    passed     47.10%
  13  15_0_0    0.00%    passed     77.49%
  14  20_0_0    0.00%    passed     94.29%
  15  5_0_0     0.00%    passed     91.95%
  16  14_0_0    0.00%    passed     65.83%
  17  7_0_0     0.00%    passed     87.06%
  18  9_0_0     0.00%    passed     67.90%
  19  6_0_0     0.00%    passed     95.16%
  20  18_0_0    0.00%    passed     92.83%
  21  0_0_0     0.00%    passed     70.89%
****  TOTAL     0.00%  0 sequences failed composition chi2 test (p-value<5%; df=3)

Create initial parsimony tree by phylogenetic likelihood library (PLL)... 0.001 seconds

NOTE: 0 MB RAM (0 GB) is required!
Measuring multi-threading efficiency up to 16 CPU cores
Increase to 10 rounds for branch lengths
5345 trees examined
Threads: 1 / Time: 16.003 sec / Speedup: 1.000 / Efficiency: 100% / LogL: -13326
Threads: 2 / Time: 24.929 sec / Speedup: 0.642 / Efficiency: 32% / LogL: -13326
BEST NUMBER OF THREADS: 1

Estimate model parameters (epsilon = 0.100)
1. Initial log-likelihood: -12045.651
2. Current log-likelihood: -11962.841
3. Current log-likelihood: -11962.601
Optimal log-likelihood: -11962.599
Rate parameters:  A-C: 0.97537  A-G: 1.32165  A-T: 0.81568  C-G: 0.93630  C-T: 1.32812  G-T: 1.00000
Base frequencies:  A: 0.306  C: 0.200  G: 0.197  T: 0.297
Parameters optimization took 3 rounds (0.008 sec)
Wrote distance file to... 
Computing ML distances based on estimated model parameters...
Calculating distance matrix: done in 0.000463299 secs using 82.67% CPU
Computing ML distances took 0.000497 sec (of wall-clock time) 0.000412 sec (of CPU time)
Setting up auxiliary I and S matrices: done in 2.6932e-05 secs using 1021% CPU
Computing RapidNJ tree took 0.000098 sec (of wall-clock time) 0.000345 sec (of CPU time)
Log-likelihood of RapidNJ tree: -11997.916
--------------------------------------------------------------------
|             INITIALIZING CANDIDATE TREE SET                      |
--------------------------------------------------------------------
Generating 98 parsimony trees... 0.094 second
Computing log-likelihood of 98 initial trees ... 0.056 seconds
Current best score: -11952.815

Do NNI search on 20 best initial trees
Estimate model parameters (epsilon = 0.100)
BETTER TREE FOUND at iteration 1: -11946.753
Iteration 10 / LogL: -11947.054 / Time: 0h:0m:41s
Iteration 20 / LogL: -11968.173 / Time: 0h:0m:41s
Finish initializing candidate tree set (11)
Current best tree score: -11946.753 / CPU time: 0.241
Number of iterations: 20
--------------------------------------------------------------------
|               OPTIMIZING CANDIDATE TREE SET                      |
--------------------------------------------------------------------
Iteration 30 / LogL: -11947.054 / Time: 0h:0m:41s (0h:1m:41s left)
Iteration 40 / LogL: -11947.041 / Time: 0h:0m:41s (0h:1m:4s left)
Iteration 50 / LogL: -11949.337 / Time: 0h:0m:41s (0h:0m:43s left)
Iteration 60 / LogL: -11947.141 / Time: 0h:0m:41s (0h:0m:28s left)
Iteration 70 / LogL: -11947.033 / Time: 0h:0m:41s (0h:0m:18s left)
Iteration 80 / LogL: -11951.031 / Time: 0h:0m:41s (0h:0m:11s left)
Iteration 90 / LogL: -11946.782 / Time: 0h:0m:41s (0h:0m:5s left)
Iteration 100 / LogL: -11946.925 / Time: 0h:0m:41s (0h:0m:0s left)
TREE SEARCH COMPLETED AFTER 102 ITERATIONS / Time: 0h:0m:41s

--------------------------------------------------------------------
|                    FINALIZING TREE SEARCH                        |
--------------------------------------------------------------------
Performs final model parameters optimization
Estimate model parameters (epsilon = 0.010)
1. Initial log-likelihood: -11946.753
Optimal log-likelihood: -11946.753
Rate parameters:  A-C: 0.90977  A-G: 1.31063  A-T: 0.79757  C-G: 0.96916  C-T: 1.30782  G-T: 1.00000
Base frequencies:  A: 0.306  C: 0.200  G: 0.197  T: 0.297
Parameters optimization took 1 rounds (0.002 sec)
BEST SCORE FOUND : -11946.753

Testing tree branches by aBayes parametric test...
0.002 sec.
Total tree length: 3.882

Total number of iterations: 102
CPU time used for tree search: 0.822 sec (0h:0m:0s)
Wall-clock time used for tree search: 0.853 sec (0h:0m:0s)
Total CPU time used: 43.450 sec (0h:0m:43s)
Total wall-clock time used: 41.805 sec (0h:0m:41s)

Analysis results written to: 
  IQ-TREE report:                /home/mis/CSE6406-project/work/paper_subset_50x10_L800/ils_low/replicate_03/estimated_gene_trees/L800/gtr/locus_0047.iqtree
  Maximum-likelihood tree:       /home/mis/CSE6406-project/work/paper_subset_50x10_L800/ils_low/replicate_03/estimated_gene_trees/L800/gtr/locus_0047.treefile
  Likelihood distances:          /home/mis/CSE6406-project/work/paper_subset_50x10_L800/ils_low/replicate_03/estimated_gene_trees/L800/gtr/locus_0047.mldist
  Screen log file:               /home/mis/CSE6406-project/work/paper_subset_50x10_L800/ils_low/replicate_03/estimated_gene_trees/L800/gtr/locus_0047.log

Date and Time: Fri Sep 11 06:38:12 2026
