IQ-TREE multicore version 2.4.0 for Linux x86 64-bit built Feb 12 2025
Developed by Bui Quang Minh, Nguyen Lam Tung, Olga Chernomor, Heiko Schmidt,
Dominik Schrempf, Michael Woodhams, Ly Trong Nhan, Thomas Wong

Host:    ezmata (AVX2, FMA3, 15 GB RAM)
Command: /home/mis/miniconda3/envs/cse6406/bin/iqtree2 -s /home/mis/CSE6406-project/work/paper_subset_50x10_L200/ils_low/replicate_07/alignments/L200/locus_0033.phy -m JC --abayes -T 1 --seed 7106034 --prefix /home/mis/CSE6406-project/work/paper_subset_50x10_L200/ils_low/replicate_07/estimated_gene_trees/L200/jc/locus_0033 --redo --quiet
Seed:    7106034 (Using SPRNG - Scalable Parallel Random Number Generator)
Time:    Sat Sep 12 21:36:03 2026
Kernel:  AVX+FMA - 1 threads (16 CPU cores detected)

HINT: Use -nt option to specify number of threads because your CPU has 16 cores!
HINT: -nt AUTO will automatically determine the best number of threads to use.

Reading alignment file /home/mis/CSE6406-project/work/paper_subset_50x10_L200/ils_low/replicate_07/alignments/L200/locus_0033.phy ... Phylip format detected
Alignment most likely contains DNA/RNA sequences
Alignment has 21 sequences with 200 columns, 104 distinct patterns
76 parsimony-informative, 24 singleton sites, 100 constant sites
        Gap/Ambiguity  Composition  p-value
Analyzing sequences: done in 1.7564e-05 secs using 22.77% CPU
   1  0_0_0     0.00%    passed     64.05%
   2  17_0_0    0.00%    passed     96.67%
   3  10_0_0    0.00%    passed     94.70%
   4  11_0_0    0.00%    passed     80.15%
   5  9_0_0     0.00%    passed     94.39%
   6  5_0_0     0.00%    passed     90.66%
   7  6_0_0     0.00%    passed     74.98%
   8  2_0_0     0.00%    passed     46.00%
   9  14_0_0    0.00%    passed     58.34%
  10  4_0_0     0.00%    passed     80.12%
  11  3_0_0     0.00%    passed     98.78%
  12  13_0_0    0.00%    passed     53.71%
  13  16_0_0    0.00%    passed     69.23%
  14  15_0_0    0.00%    passed     94.32%
  15  8_0_0     0.00%    passed     82.66%
  16  12_0_0    0.00%    passed     94.95%
  17  7_0_0     0.00%    passed     83.28%
  18  1_0_0     0.00%    passed     68.36%
  19  20_0_0    0.00%    passed     75.87%
  20  18_0_0    0.00%    passed     80.41%
  21  19_0_0    0.00%    passed     93.60%
****  TOTAL     0.00%  0 sequences failed composition chi2 test (p-value<5%; df=3)

Create initial parsimony tree by phylogenetic likelihood library (PLL)... 0.001 seconds

NOTE: 0 MB RAM (0 GB) is required!
Estimate model parameters (epsilon = 0.100)
1. Initial log-likelihood: -2445.004
Optimal log-likelihood: -2439.922
Rate parameters:  A-C: 1.00000  A-G: 1.00000  A-T: 1.00000  C-G: 1.00000  C-T: 1.00000  G-T: 1.00000
Base frequencies:  A: 0.250  C: 0.250  G: 0.250  T: 0.250
Parameters optimization took 1 rounds (0.002 sec)
Wrote distance file to... 
Computing ML distances based on estimated model parameters...
Calculating distance matrix: done in 0.00118409 secs using 85.72% CPU
Computing ML distances took 0.001230 sec (of wall-clock time) 0.001057 sec (of CPU time)
Setting up auxiliary I and S matrices: done in 6.443e-05 secs using 74.5% CPU
Computing RapidNJ tree took 0.000257 sec (of wall-clock time) 0.000195 sec (of CPU time)
Log-likelihood of RapidNJ tree: -2432.299
--------------------------------------------------------------------
|             INITIALIZING CANDIDATE TREE SET                      |
--------------------------------------------------------------------
Generating 98 parsimony trees... 0.111 second
Computing log-likelihood of 98 initial trees ... 0.088 seconds
Current best score: -2406.456

Do NNI search on 20 best initial trees
Estimate model parameters (epsilon = 0.100)
BETTER TREE FOUND at iteration 1: -2406.191
Iteration 10 / LogL: -2411.117 / Time: 0h:0m:0s
Iteration 20 / LogL: -2410.783 / Time: 0h:0m:0s
Finish initializing candidate tree set (10)
Current best tree score: -2406.191 / CPU time: 0.309
Number of iterations: 20
--------------------------------------------------------------------
|               OPTIMIZING CANDIDATE TREE SET                      |
--------------------------------------------------------------------
Iteration 30 / LogL: -2408.457 / Time: 0h:0m:0s (0h:0m:1s left)
Iteration 40 / LogL: -2409.541 / Time: 0h:0m:0s (0h:0m:0s left)
Iteration 50 / LogL: -2408.484 / Time: 0h:0m:0s (0h:0m:0s left)
Iteration 60 / LogL: -2407.577 / Time: 0h:0m:0s (0h:0m:0s left)
Iteration 70 / LogL: -2406.195 / Time: 0h:0m:0s (0h:0m:0s left)
Iteration 80 / LogL: -2406.204 / Time: 0h:0m:0s (0h:0m:0s left)
Iteration 90 / LogL: -2408.393 / Time: 0h:0m:1s (0h:0m:0s left)
Iteration 100 / LogL: -2407.577 / Time: 0h:0m:1s (0h:0m:0s left)
TREE SEARCH COMPLETED AFTER 102 ITERATIONS / Time: 0h:0m:1s

--------------------------------------------------------------------
|                    FINALIZING TREE SEARCH                        |
--------------------------------------------------------------------
Performs final model parameters optimization
Estimate model parameters (epsilon = 0.010)
1. Initial log-likelihood: -2406.191
Optimal log-likelihood: -2406.191
Rate parameters:  A-C: 1.00000  A-G: 1.00000  A-T: 1.00000  C-G: 1.00000  C-T: 1.00000  G-T: 1.00000
Base frequencies:  A: 0.250  C: 0.250  G: 0.250  T: 0.250
Parameters optimization took 1 rounds (0.001 sec)
BEST SCORE FOUND : -2406.191

Testing tree branches by aBayes parametric test...
0.003 sec.
Total tree length: 2.620

Total number of iterations: 102
CPU time used for tree search: 1.119 sec (0h:0m:1s)
Wall-clock time used for tree search: 1.200 sec (0h:0m:1s)
Total CPU time used: 1.142 sec (0h:0m:1s)
Total wall-clock time used: 1.224 sec (0h:0m:1s)

Analysis results written to: 
  IQ-TREE report:                /home/mis/CSE6406-project/work/paper_subset_50x10_L200/ils_low/replicate_07/estimated_gene_trees/L200/jc/locus_0033.iqtree
  Maximum-likelihood tree:       /home/mis/CSE6406-project/work/paper_subset_50x10_L200/ils_low/replicate_07/estimated_gene_trees/L200/jc/locus_0033.treefile
  Likelihood distances:          /home/mis/CSE6406-project/work/paper_subset_50x10_L200/ils_low/replicate_07/estimated_gene_trees/L200/jc/locus_0033.mldist
  Screen log file:               /home/mis/CSE6406-project/work/paper_subset_50x10_L200/ils_low/replicate_07/estimated_gene_trees/L200/jc/locus_0033.log

Date and Time: Sat Sep 12 21:36:05 2026
