IQ-TREE multicore version 2.4.0 for Linux x86 64-bit built Feb 12 2025
Developed by Bui Quang Minh, Nguyen Lam Tung, Olga Chernomor, Heiko Schmidt,
Dominik Schrempf, Michael Woodhams, Ly Trong Nhan, Thomas Wong

Host:    ezmata (AVX2, FMA3, 15 GB RAM)
Command: /home/mis/miniconda3/envs/cse6406/bin/iqtree2 -s /home/mis/CSE6406-project/work/paper_subset_50x10_L200/ils_low/replicate_07/alignments/L200/locus_0032.phy -m HKY --abayes -T 1 --seed 7106033 --prefix /home/mis/CSE6406-project/work/paper_subset_50x10_L200/ils_low/replicate_07/estimated_gene_trees/L200/hky/locus_0032 --redo --quiet
Seed:    7106033 (Using SPRNG - Scalable Parallel Random Number Generator)
Time:    Sat Sep 12 21:35:57 2026
Kernel:  AVX+FMA - 1 threads (16 CPU cores detected)

HINT: Use -nt option to specify number of threads because your CPU has 16 cores!
HINT: -nt AUTO will automatically determine the best number of threads to use.

Reading alignment file /home/mis/CSE6406-project/work/paper_subset_50x10_L200/ils_low/replicate_07/alignments/L200/locus_0032.phy ... Phylip format detected
Alignment most likely contains DNA/RNA sequences
Alignment has 21 sequences with 200 columns, 107 distinct patterns
75 parsimony-informative, 29 singleton sites, 96 constant sites
        Gap/Ambiguity  Composition  p-value
Analyzing sequences: done in 2.4829e-05 secs using 92.63% CPU
   1  1_0_0     0.00%    passed     87.31%
   2  18_0_0    0.00%    passed     20.07%
   3  20_0_0    0.00%    passed     54.74%
   4  19_0_0    0.00%    passed     99.81%
   5  15_0_0    0.00%    passed     60.64%
   6  4_0_0     0.00%    passed     76.28%
   7  14_0_0    0.00%    passed     77.85%
   8  6_0_0     0.00%    passed     84.58%
   9  2_0_0     0.00%    passed     96.11%
  10  10_0_0    0.00%    passed     76.17%
  11  17_0_0    0.00%    passed     83.70%
  12  9_0_0     0.00%    passed     94.19%
  13  11_0_0    0.00%    passed     99.32%
  14  5_0_0     0.00%    passed     59.25%
  15  16_0_0    0.00%    passed     73.72%
  16  3_0_0     0.00%    passed     87.40%
  17  13_0_0    0.00%    passed     63.79%
  18  7_0_0     0.00%    passed     62.57%
  19  12_0_0    0.00%    passed     97.65%
  20  8_0_0     0.00%    passed     78.64%
  21  0_0_0     0.00%    passed     72.96%
****  TOTAL     0.00%  0 sequences failed composition chi2 test (p-value<5%; df=3)

Create initial parsimony tree by phylogenetic likelihood library (PLL)... 0.001 seconds

NOTE: 0 MB RAM (0 GB) is required!
Estimate model parameters (epsilon = 0.100)
1. Initial log-likelihood: -2571.026
2. Current log-likelihood: -2553.665
3. Current log-likelihood: -2553.418
Optimal log-likelihood: -2553.411
Rate parameters:  A-C: 1.00000  A-G: 1.45873  A-T: 1.00000  C-G: 1.00000  C-T: 1.45873  G-T: 1.00000
Base frequencies:  A: 0.273  C: 0.213  G: 0.230  T: 0.284
Parameters optimization took 3 rounds (0.005 sec)
Wrote distance file to... 
Computing ML distances based on estimated model parameters...
Calculating distance matrix: done in 0.00110464 secs using 99.94% CPU
Computing ML distances took 0.001154 sec (of wall-clock time) 0.001158 sec (of CPU time)
Setting up auxiliary I and S matrices: done in 6.3941e-05 secs
Computing RapidNJ tree took 0.000250 sec (of wall-clock time) 0.000000 sec (of CPU time)
Log-likelihood of RapidNJ tree: -2566.633
--------------------------------------------------------------------
|             INITIALIZING CANDIDATE TREE SET                      |
--------------------------------------------------------------------
Generating 98 parsimony trees... 0.121 second
Computing log-likelihood of 98 initial trees ... 0.049 seconds
Current best score: -2538.433

Do NNI search on 20 best initial trees
Estimate model parameters (epsilon = 0.100)
BETTER TREE FOUND at iteration 1: -2537.611
Estimate model parameters (epsilon = 0.100)
BETTER TREE FOUND at iteration 3: -2536.926
Iteration 10 / LogL: -2539.077 / Time: 0h:0m:0s
Iteration 20 / LogL: -2541.118 / Time: 0h:0m:0s
Finish initializing candidate tree set (13)
Current best tree score: -2536.926 / CPU time: 0.244
Number of iterations: 20
--------------------------------------------------------------------
|               OPTIMIZING CANDIDATE TREE SET                      |
--------------------------------------------------------------------
Iteration 30 / LogL: -2538.016 / Time: 0h:0m:0s (0h:0m:0s left)
Iteration 40 / LogL: -2536.931 / Time: 0h:0m:0s (0h:0m:0s left)
Iteration 50 / LogL: -2537.812 / Time: 0h:0m:0s (0h:0m:0s left)
Iteration 60 / LogL: -2537.817 / Time: 0h:0m:0s (0h:0m:0s left)
Iteration 70 / LogL: -2537.584 / Time: 0h:0m:0s (0h:0m:0s left)
Iteration 80 / LogL: -2537.813 / Time: 0h:0m:0s (0h:0m:0s left)
Iteration 90 / LogL: -2543.780 / Time: 0h:0m:0s (0h:0m:0s left)
Iteration 100 / LogL: -2537.591 / Time: 0h:0m:0s (0h:0m:0s left)
TREE SEARCH COMPLETED AFTER 104 ITERATIONS / Time: 0h:0m:0s

--------------------------------------------------------------------
|                    FINALIZING TREE SEARCH                        |
--------------------------------------------------------------------
Performs final model parameters optimization
Estimate model parameters (epsilon = 0.010)
1. Initial log-likelihood: -2536.926
Optimal log-likelihood: -2536.925
Rate parameters:  A-C: 1.00000  A-G: 1.54531  A-T: 1.00000  C-G: 1.00000  C-T: 1.54531  G-T: 1.00000
Base frequencies:  A: 0.273  C: 0.213  G: 0.230  T: 0.284
Parameters optimization took 1 rounds (0.001 sec)
BEST SCORE FOUND : -2536.925

Testing tree branches by aBayes parametric test...
0.001 sec.
Total tree length: 2.866

Total number of iterations: 104
CPU time used for tree search: 0.738 sec (0h:0m:0s)
Wall-clock time used for tree search: 0.800 sec (0h:0m:0s)
Total CPU time used: 0.762 sec (0h:0m:0s)
Total wall-clock time used: 0.825 sec (0h:0m:0s)

Analysis results written to: 
  IQ-TREE report:                /home/mis/CSE6406-project/work/paper_subset_50x10_L200/ils_low/replicate_07/estimated_gene_trees/L200/hky/locus_0032.iqtree
  Maximum-likelihood tree:       /home/mis/CSE6406-project/work/paper_subset_50x10_L200/ils_low/replicate_07/estimated_gene_trees/L200/hky/locus_0032.treefile
  Likelihood distances:          /home/mis/CSE6406-project/work/paper_subset_50x10_L200/ils_low/replicate_07/estimated_gene_trees/L200/hky/locus_0032.mldist
  Screen log file:               /home/mis/CSE6406-project/work/paper_subset_50x10_L200/ils_low/replicate_07/estimated_gene_trees/L200/hky/locus_0032.log

Date and Time: Sat Sep 12 21:35:58 2026
