IQ-TREE multicore version 2.4.0 for Linux x86 64-bit built Feb 12 2025
Developed by Bui Quang Minh, Nguyen Lam Tung, Olga Chernomor, Heiko Schmidt,
Dominik Schrempf, Michael Woodhams, Ly Trong Nhan, Thomas Wong

Host:    ezmata (AVX2, FMA3, 15 GB RAM)
Command: /home/mis/miniconda3/envs/cse6406/bin/iqtree2 -s /home/mis/CSE6406-project/work/paper_subset_50x10_L200/ils_high/replicate_06/alignments/L200/locus_0007.phy -m GTR+G4 --abayes -T 1 --seed 7006008 --prefix /home/mis/CSE6406-project/work/paper_subset_50x10_L200/ils_high/replicate_06/estimated_gene_trees/L200/gtr_g4/locus_0007 --redo --quiet
Seed:    7006008 (Using SPRNG - Scalable Parallel Random Number Generator)
Time:    Sat Sep 12 21:43:40 2026
Kernel:  AVX+FMA - 1 threads (16 CPU cores detected)

HINT: Use -nt option to specify number of threads because your CPU has 16 cores!
HINT: -nt AUTO will automatically determine the best number of threads to use.

Reading alignment file /home/mis/CSE6406-project/work/paper_subset_50x10_L200/ils_high/replicate_06/alignments/L200/locus_0007.phy ... Phylip format detected
Alignment most likely contains DNA/RNA sequences
Alignment has 21 sequences with 200 columns, 86 distinct patterns
57 parsimony-informative, 26 singleton sites, 117 constant sites
        Gap/Ambiguity  Composition  p-value
Analyzing sequences: done in 1.2383e-05 secs using 40.38% CPU
   1  9_0_0     0.00%    passed     77.13%
   2  15_0_0    0.00%    passed     94.87%
   3  13_0_0    0.00%    passed     92.20%
   4  19_0_0    0.00%    passed     92.29%
   5  17_0_0    0.00%    passed     83.46%
   6  16_0_0    0.00%    passed     92.81%
   7  18_0_0    0.00%    passed     96.91%
   8  11_0_0    0.00%    passed     99.71%
   9  12_0_0    0.00%    passed     96.35%
  10  14_0_0    0.00%    passed     97.72%
  11  3_0_0     0.00%    passed     93.19%
  12  2_0_0     0.00%    passed     88.54%
  13  5_0_0     0.00%    passed     93.01%
  14  8_0_0     0.00%    passed     95.45%
  15  6_0_0     0.00%    passed     98.70%
  16  7_0_0     0.00%    passed     89.18%
  17  4_0_0     0.00%    passed     97.79%
  18  1_0_0     0.00%    passed     86.99%
  19  10_0_0    0.00%    passed     89.72%
  20  20_0_0    0.00%    passed     58.14%
  21  0_0_0     0.00%    passed     87.14%
****  TOTAL     0.00%  0 sequences failed composition chi2 test (p-value<5%; df=3)

Create initial parsimony tree by phylogenetic likelihood library (PLL)... 0.001 seconds

NOTE: 0 MB RAM (0 GB) is required!
Estimate model parameters (epsilon = 0.100)
1. Initial log-likelihood: -1713.142
2. Current log-likelihood: -1639.472
3. Current log-likelihood: -1637.745
Optimal log-likelihood: -1637.713
Rate parameters:  A-C: 0.59100  A-G: 1.30187  A-T: 0.74962  C-G: 0.83406  C-T: 1.16729  G-T: 1.00000
Base frequencies:  A: 0.326  C: 0.231  G: 0.162  T: 0.282
Gamma shape alpha: 0.217
Parameters optimization took 3 rounds (0.031 sec)
Wrote distance file to... 
Computing ML distances based on estimated model parameters...
Calculating distance matrix: done in 0.00254211 secs using 99.96% CPU
Computing ML distances took 0.002591 sec (of wall-clock time) 0.002595 sec (of CPU time)
Setting up auxiliary I and S matrices: done in 6.395e-05 secs using 100.1% CPU
Computing RapidNJ tree took 0.000254 sec (of wall-clock time) 0.000253 sec (of CPU time)
Log-likelihood of RapidNJ tree: -1626.300
--------------------------------------------------------------------
|             INITIALIZING CANDIDATE TREE SET                      |
--------------------------------------------------------------------
Generating 98 parsimony trees... 0.111 second
Computing log-likelihood of 98 initial trees ... 0.151 seconds
Current best score: -1624.090

Do NNI search on 20 best initial trees
Estimate model parameters (epsilon = 0.100)
BETTER TREE FOUND at iteration 1: -1623.589
Estimate model parameters (epsilon = 0.100)
BETTER TREE FOUND at iteration 2: -1623.217
Iteration 10 / LogL: -1623.862 / Time: 0h:0m:0s
Iteration 20 / LogL: -1623.824 / Time: 0h:0m:0s
Finish initializing candidate tree set (5)
Current best tree score: -1623.217 / CPU time: 0.691
Number of iterations: 20
--------------------------------------------------------------------
|               OPTIMIZING CANDIDATE TREE SET                      |
--------------------------------------------------------------------
Estimate model parameters (epsilon = 0.100)
BETTER TREE FOUND at iteration 25: -1623.001
Iteration 30 / LogL: -1623.649 / Time: 0h:0m:1s (0h:0m:3s left)
Estimate model parameters (epsilon = 0.100)
BETTER TREE FOUND at iteration 32: -1622.772
Iteration 40 / LogL: -1623.110 / Time: 0h:0m:1s (0h:0m:2s left)
Iteration 50 / LogL: -1622.775 / Time: 0h:0m:1s (0h:0m:2s left)
Iteration 60 / LogL: -1623.048 / Time: 0h:0m:1s (0h:0m:2s left)
Iteration 70 / LogL: -1623.067 / Time: 0h:0m:2s (0h:0m:1s left)
Iteration 80 / LogL: -1623.066 / Time: 0h:0m:2s (0h:0m:1s left)
Iteration 90 / LogL: -1623.047 / Time: 0h:0m:2s (0h:0m:1s left)
Iteration 100 / LogL: -1623.047 / Time: 0h:0m:2s (0h:0m:0s left)
Iteration 110 / LogL: -1623.423 / Time: 0h:0m:3s (0h:0m:0s left)
Iteration 120 / LogL: -1623.257 / Time: 0h:0m:3s (0h:0m:0s left)
Iteration 130 / LogL: -1622.783 / Time: 0h:0m:3s (0h:0m:0s left)
TREE SEARCH COMPLETED AFTER 133 ITERATIONS / Time: 0h:0m:3s

--------------------------------------------------------------------
|                    FINALIZING TREE SEARCH                        |
--------------------------------------------------------------------
Performs final model parameters optimization
Estimate model parameters (epsilon = 0.010)
1. Initial log-likelihood: -1622.772
Optimal log-likelihood: -1622.771
Rate parameters:  A-C: 0.59553  A-G: 1.30743  A-T: 0.73598  C-G: 0.89069  C-T: 1.30518  G-T: 1.00000
Base frequencies:  A: 0.326  C: 0.231  G: 0.162  T: 0.282
Gamma shape alpha: 0.191
Parameters optimization took 1 rounds (0.005 sec)
BEST SCORE FOUND : -1622.771

Testing tree branches by aBayes parametric test...
0.006 sec.
Total tree length: 2.239

Total number of iterations: 133
CPU time used for tree search: 3.514 sec (0h:0m:3s)
Wall-clock time used for tree search: 3.654 sec (0h:0m:3s)
Total CPU time used: 3.577 sec (0h:0m:3s)
Total wall-clock time used: 3.718 sec (0h:0m:3s)

Analysis results written to: 
  IQ-TREE report:                /home/mis/CSE6406-project/work/paper_subset_50x10_L200/ils_high/replicate_06/estimated_gene_trees/L200/gtr_g4/locus_0007.iqtree
  Maximum-likelihood tree:       /home/mis/CSE6406-project/work/paper_subset_50x10_L200/ils_high/replicate_06/estimated_gene_trees/L200/gtr_g4/locus_0007.treefile
  Likelihood distances:          /home/mis/CSE6406-project/work/paper_subset_50x10_L200/ils_high/replicate_06/estimated_gene_trees/L200/gtr_g4/locus_0007.mldist
  Screen log file:               /home/mis/CSE6406-project/work/paper_subset_50x10_L200/ils_high/replicate_06/estimated_gene_trees/L200/gtr_g4/locus_0007.log

Date and Time: Sat Sep 12 21:43:44 2026
