IQ-TREE multicore version 2.4.0 for Linux x86 64-bit built Feb 12 2025
Developed by Bui Quang Minh, Nguyen Lam Tung, Olga Chernomor, Heiko Schmidt,
Dominik Schrempf, Michael Woodhams, Ly Trong Nhan, Thomas Wong

Host:    ezmata (AVX2, FMA3, 15 GB RAM)
Command: /home/mis/miniconda3/envs/cse6406/bin/iqtree2 -s /home/mis/CSE6406-project/work/paper_subset_50x10_L200/ils_high/replicate_06/alignments/L200/locus_0031.phy -m GTR+G4 --abayes -T 1 --seed 7006032 --prefix /home/mis/CSE6406-project/work/paper_subset_50x10_L200/ils_high/replicate_06/estimated_gene_trees/L200/gtr_g4/locus_0031 --redo --quiet
Seed:    7006032 (Using SPRNG - Scalable Parallel Random Number Generator)
Time:    Sat Sep 12 21:43:47 2026
Kernel:  AVX+FMA - 1 threads (16 CPU cores detected)

HINT: Use -nt option to specify number of threads because your CPU has 16 cores!
HINT: -nt AUTO will automatically determine the best number of threads to use.

Reading alignment file /home/mis/CSE6406-project/work/paper_subset_50x10_L200/ils_high/replicate_06/alignments/L200/locus_0031.phy ... Phylip format detected
Alignment most likely contains DNA/RNA sequences
Alignment has 21 sequences with 200 columns, 90 distinct patterns
65 parsimony-informative, 22 singleton sites, 112 constant sites
        Gap/Ambiguity  Composition  p-value
Analyzing sequences: done in 1.4434e-05 secs using 90.07% CPU
   1  0_0_0     0.00%    passed     69.32%
   2  12_0_0    0.00%    passed     98.78%
   3  2_0_0     0.00%    passed     89.03%
   4  3_0_0     0.00%    passed     47.50%
   5  15_0_0    0.00%    passed     92.93%
   6  19_0_0    0.00%    passed     97.09%
   7  8_0_0     0.00%    passed     83.21%
   8  4_0_0     0.00%    passed     95.83%
   9  6_0_0     0.00%    passed     98.97%
  10  7_0_0     0.00%    passed     99.13%
  11  1_0_0     0.00%    passed     96.58%
  12  5_0_0     0.00%    passed     99.52%
  13  9_0_0     0.00%    passed     97.91%
  14  14_0_0    0.00%    passed     97.61%
  15  11_0_0    0.00%    passed     99.26%
  16  16_0_0    0.00%    passed     94.65%
  17  10_0_0    0.00%    passed     87.54%
  18  13_0_0    0.00%    passed     97.46%
  19  18_0_0    0.00%    passed     88.46%
  20  20_0_0    0.00%    passed     92.30%
  21  17_0_0    0.00%    passed     77.28%
****  TOTAL     0.00%  0 sequences failed composition chi2 test (p-value<5%; df=3)

Create initial parsimony tree by phylogenetic likelihood library (PLL)... 0.000 seconds

NOTE: 0 MB RAM (0 GB) is required!
Estimate model parameters (epsilon = 0.100)
1. Initial log-likelihood: -1665.520
2. Current log-likelihood: -1600.504
3. Current log-likelihood: -1598.693
Optimal log-likelihood: -1598.660
Rate parameters:  A-C: 0.38004  A-G: 1.20097  A-T: 0.81016  C-G: 0.51241  C-T: 1.61591  G-T: 1.00000
Base frequencies:  A: 0.340  C: 0.192  G: 0.187  T: 0.281
Gamma shape alpha: 0.246
Parameters optimization took 3 rounds (0.017 sec)
Wrote distance file to... 
Computing ML distances based on estimated model parameters...
Calculating distance matrix: done in 0.00186543 secs using 95.85% CPU
Computing ML distances took 0.001903 sec (of wall-clock time) 0.001825 sec (of CPU time)
Setting up auxiliary I and S matrices: done in 6.3206e-05 secs
Computing RapidNJ tree took 0.000261 sec (of wall-clock time) 0.000000 sec (of CPU time)
Log-likelihood of RapidNJ tree: -1594.433
--------------------------------------------------------------------
|             INITIALIZING CANDIDATE TREE SET                      |
--------------------------------------------------------------------
Generating 98 parsimony trees... 0.086 second
Computing log-likelihood of 98 initial trees ... 0.092 seconds
Current best score: -1593.619

Do NNI search on 20 best initial trees
Estimate model parameters (epsilon = 0.100)
BETTER TREE FOUND at iteration 1: -1593.237
Iteration 10 / LogL: -1593.247 / Time: 0h:0m:0s
Iteration 20 / LogL: -1593.424 / Time: 0h:0m:0s
Finish initializing candidate tree set (4)
Current best tree score: -1593.237 / CPU time: 0.332
Number of iterations: 20
--------------------------------------------------------------------
|               OPTIMIZING CANDIDATE TREE SET                      |
--------------------------------------------------------------------
UPDATE BEST LOG-LIKELIHOOD: -1593.237
Iteration 30 / LogL: -1593.238 / Time: 0h:0m:0s (0h:0m:1s left)
UPDATE BEST LOG-LIKELIHOOD: -1593.237
Iteration 40 / LogL: -1593.239 / Time: 0h:0m:0s (0h:0m:1s left)
Iteration 50 / LogL: -1593.250 / Time: 0h:0m:0s (0h:0m:0s left)
Iteration 60 / LogL: -1593.237 / Time: 0h:0m:0s (0h:0m:0s left)
Iteration 70 / LogL: -1593.424 / Time: 0h:0m:1s (0h:0m:0s left)
Iteration 80 / LogL: -1593.424 / Time: 0h:0m:1s (0h:0m:0s left)
Iteration 90 / LogL: -1593.424 / Time: 0h:0m:1s (0h:0m:0s left)
Iteration 100 / LogL: -1593.243 / Time: 0h:0m:1s (0h:0m:0s left)
TREE SEARCH COMPLETED AFTER 102 ITERATIONS / Time: 0h:0m:1s

--------------------------------------------------------------------
|                    FINALIZING TREE SEARCH                        |
--------------------------------------------------------------------
Performs final model parameters optimization
Estimate model parameters (epsilon = 0.010)
1. Initial log-likelihood: -1593.237
Optimal log-likelihood: -1593.236
Rate parameters:  A-C: 0.34568  A-G: 1.19101  A-T: 0.75305  C-G: 0.47726  C-T: 1.61933  G-T: 1.00000
Base frequencies:  A: 0.340  C: 0.192  G: 0.187  T: 0.281
Gamma shape alpha: 0.238
Parameters optimization took 1 rounds (0.004 sec)
BEST SCORE FOUND : -1593.236

Testing tree branches by aBayes parametric test...
0.005 sec.
Total tree length: 1.884

Total number of iterations: 102
CPU time used for tree search: 1.556 sec (0h:0m:1s)
Wall-clock time used for tree search: 1.653 sec (0h:0m:1s)
Total CPU time used: 1.597 sec (0h:0m:1s)
Total wall-clock time used: 1.696 sec (0h:0m:1s)

Analysis results written to: 
  IQ-TREE report:                /home/mis/CSE6406-project/work/paper_subset_50x10_L200/ils_high/replicate_06/estimated_gene_trees/L200/gtr_g4/locus_0031.iqtree
  Maximum-likelihood tree:       /home/mis/CSE6406-project/work/paper_subset_50x10_L200/ils_high/replicate_06/estimated_gene_trees/L200/gtr_g4/locus_0031.treefile
  Likelihood distances:          /home/mis/CSE6406-project/work/paper_subset_50x10_L200/ils_high/replicate_06/estimated_gene_trees/L200/gtr_g4/locus_0031.mldist
  Screen log file:               /home/mis/CSE6406-project/work/paper_subset_50x10_L200/ils_high/replicate_06/estimated_gene_trees/L200/gtr_g4/locus_0031.log

Date and Time: Sat Sep 12 21:43:49 2026
