IQ-TREE multicore version 2.4.0 for Linux x86 64-bit built Feb 12 2025
Developed by Bui Quang Minh, Nguyen Lam Tung, Olga Chernomor, Heiko Schmidt,
Dominik Schrempf, Michael Woodhams, Ly Trong Nhan, Thomas Wong

Host:    ezmata (AVX2, FMA3, 15 GB RAM)
Command: /home/mis/miniconda3/envs/cse6406/bin/iqtree2 -s /home/mis/CSE6406-project/work/paper_subset_50x10_L200/ils_high/replicate_06/alignments/L200/locus_0029.phy -m GTR+G4 --abayes -T 1 --seed 7006030 --prefix /home/mis/CSE6406-project/work/paper_subset_50x10_L200/ils_high/replicate_06/estimated_gene_trees/L200/gtr_g4/locus_0029 --redo --quiet
Seed:    7006030 (Using SPRNG - Scalable Parallel Random Number Generator)
Time:    Sat Sep 12 21:43:46 2026
Kernel:  AVX+FMA - 1 threads (16 CPU cores detected)

HINT: Use -nt option to specify number of threads because your CPU has 16 cores!
HINT: -nt AUTO will automatically determine the best number of threads to use.

Reading alignment file /home/mis/CSE6406-project/work/paper_subset_50x10_L200/ils_high/replicate_06/alignments/L200/locus_0029.phy ... Phylip format detected
Alignment most likely contains DNA/RNA sequences
Alignment has 21 sequences with 200 columns, 93 distinct patterns
71 parsimony-informative, 21 singleton sites, 108 constant sites
        Gap/Ambiguity  Composition  p-value
Analyzing sequences: done in 1.5584e-05 secs using 38.5% CPU
   1  0_0_0     0.00%    passed     76.30%
   2  18_0_0    0.00%    passed     78.59%
   3  19_0_0    0.00%    passed     69.45%
   4  20_0_0    0.00%    passed     98.26%
   5  10_0_0    0.00%    passed     95.50%
   6  16_0_0    0.00%    passed     91.49%
   7  11_0_0    0.00%    passed     87.02%
   8  17_0_0    0.00%    passed     79.52%
   9  15_0_0    0.00%    passed     91.07%
  10  12_0_0    0.00%    passed     78.58%
  11  14_0_0    0.00%    passed     90.64%
  12  13_0_0    0.00%    passed     91.32%
  13  5_0_0     0.00%    passed     99.78%
  14  6_0_0     0.00%    passed     96.94%
  15  4_0_0     0.00%    passed     78.24%
  16  7_0_0     0.00%    passed     55.56%
  17  1_0_0     0.00%    passed     80.93%
  18  8_0_0     0.00%    passed     74.86%
  19  3_0_0     0.00%    passed     76.76%
  20  2_0_0     0.00%    passed     83.94%
  21  9_0_0     0.00%    passed     97.76%
****  TOTAL     0.00%  0 sequences failed composition chi2 test (p-value<5%; df=3)

Create initial parsimony tree by phylogenetic likelihood library (PLL)... 0.001 seconds

NOTE: 0 MB RAM (0 GB) is required!
Estimate model parameters (epsilon = 0.100)
1. Initial log-likelihood: -1805.223
2. Current log-likelihood: -1729.435
3. Current log-likelihood: -1725.945
Optimal log-likelihood: -1725.864
Rate parameters:  A-C: 0.62259  A-G: 1.79644  A-T: 0.61345  C-G: 0.87417  C-T: 1.47045  G-T: 1.00000
Base frequencies:  A: 0.311  C: 0.190  G: 0.158  T: 0.341
Gamma shape alpha: 0.233
Parameters optimization took 3 rounds (0.041 sec)
Wrote distance file to... 
Computing ML distances based on estimated model parameters...
Calculating distance matrix: done in 0.00351162 secs using 99.98% CPU
Computing ML distances took 0.003576 sec (of wall-clock time) 0.003580 sec (of CPU time)
Setting up auxiliary I and S matrices: done in 6.1669e-05 secs
Computing RapidNJ tree took 0.000243 sec (of wall-clock time) 0.000095 sec (of CPU time)
Log-likelihood of RapidNJ tree: -1727.837
--------------------------------------------------------------------
|             INITIALIZING CANDIDATE TREE SET                      |
--------------------------------------------------------------------
Generating 98 parsimony trees... 0.128 second
Computing log-likelihood of 98 initial trees ... 0.180 seconds
Current best score: -1724.723

Do NNI search on 20 best initial trees
Estimate model parameters (epsilon = 0.100)
BETTER TREE FOUND at iteration 1: -1721.633
Estimate model parameters (epsilon = 0.100)
BETTER TREE FOUND at iteration 2: -1720.758
Iteration 10 / LogL: -1721.760 / Time: 0h:0m:0s
Iteration 20 / LogL: -1723.266 / Time: 0h:0m:0s
Finish initializing candidate tree set (6)
Current best tree score: -1720.758 / CPU time: 0.802
Number of iterations: 20
--------------------------------------------------------------------
|               OPTIMIZING CANDIDATE TREE SET                      |
--------------------------------------------------------------------
Estimate model parameters (epsilon = 0.100)
UPDATE BEST LOG-LIKELIHOOD: -1720.668
Iteration 30 / LogL: -1722.409 / Time: 0h:0m:1s (0h:0m:3s left)
Iteration 40 / LogL: -1720.676 / Time: 0h:0m:1s (0h:0m:2s left)
Iteration 50 / LogL: -1720.680 / Time: 0h:0m:1s (0h:0m:2s left)
Iteration 60 / LogL: -1721.744 / Time: 0h:0m:2s (0h:0m:1s left)
Iteration 70 / LogL: -1721.628 / Time: 0h:0m:2s (0h:0m:1s left)
Iteration 80 / LogL: -1721.628 / Time: 0h:0m:3s (0h:0m:0s left)
Iteration 90 / LogL: -1720.668 / Time: 0h:0m:3s (0h:0m:0s left)
Iteration 100 / LogL: -1721.633 / Time: 0h:0m:3s (0h:0m:0s left)
TREE SEARCH COMPLETED AFTER 103 ITERATIONS / Time: 0h:0m:3s

--------------------------------------------------------------------
|                    FINALIZING TREE SEARCH                        |
--------------------------------------------------------------------
Performs final model parameters optimization
Estimate model parameters (epsilon = 0.010)
1. Initial log-likelihood: -1720.668
Optimal log-likelihood: -1720.667
Rate parameters:  A-C: 0.63146  A-G: 1.80122  A-T: 0.63920  C-G: 0.84998  C-T: 1.52404  G-T: 1.00000
Base frequencies:  A: 0.311  C: 0.190  G: 0.158  T: 0.341
Gamma shape alpha: 0.230
Parameters optimization took 1 rounds (0.006 sec)
BEST SCORE FOUND : -1720.667

Testing tree branches by aBayes parametric test...
0.007 sec.
Total tree length: 2.767

Total number of iterations: 103
CPU time used for tree search: 3.612 sec (0h:0m:3s)
Wall-clock time used for tree search: 3.788 sec (0h:0m:3s)
Total CPU time used: 3.688 sec (0h:0m:3s)
Total wall-clock time used: 3.867 sec (0h:0m:3s)

Analysis results written to: 
  IQ-TREE report:                /home/mis/CSE6406-project/work/paper_subset_50x10_L200/ils_high/replicate_06/estimated_gene_trees/L200/gtr_g4/locus_0029.iqtree
  Maximum-likelihood tree:       /home/mis/CSE6406-project/work/paper_subset_50x10_L200/ils_high/replicate_06/estimated_gene_trees/L200/gtr_g4/locus_0029.treefile
  Likelihood distances:          /home/mis/CSE6406-project/work/paper_subset_50x10_L200/ils_high/replicate_06/estimated_gene_trees/L200/gtr_g4/locus_0029.mldist
  Screen log file:               /home/mis/CSE6406-project/work/paper_subset_50x10_L200/ils_high/replicate_06/estimated_gene_trees/L200/gtr_g4/locus_0029.log

Date and Time: Sat Sep 12 21:43:50 2026
