IQ-TREE multicore version 2.4.0 for MacOS ARM 64-bit built Feb 12 2025
Developed by Bui Quang Minh, Nguyen Lam Tung, Olga Chernomor, Heiko Schmidt,
Dominik Schrempf, Michael Woodhams, Ly Trong Nhan, Thomas Wong

Host:    Fahims-MacBook-Air.local (SSE4.2, 16 GB RAM)
Command: /Users/fahim/miniconda3/envs/cse6406/bin/iqtree2 -s /Users/fahim/CSE6406-project/work/paper_subset_50x10_L1600/ils_high/replicate_03/alignments/L1600/locus_0042.phy -m GTR --abayes -T AUTO --seed 6706043 --prefix /Users/fahim/CSE6406-project/work/paper_subset_50x10_L1600/ils_high/replicate_03/estimated_gene_trees/L1600/gtr/locus_0042 --redo --quiet
Seed:    6706043 (Using SPRNG - Scalable Parallel Random Number Generator)
Time:    Sat Sep 12 05:33:51 2026
Kernel:  SSE2 - auto-detect threads (10 CPU cores detected)

Reading alignment file /Users/fahim/CSE6406-project/work/paper_subset_50x10_L1600/ils_high/replicate_03/alignments/L1600/locus_0042.phy ... Phylip format detected
Alignment most likely contains DNA/RNA sequences
Alignment has 21 sequences with 1600 columns, 877 distinct patterns
764 parsimony-informative, 145 singleton sites, 691 constant sites
        Gap/Ambiguity  Composition  p-value
Analyzing sequences: done in 3.98159e-05 secs using 115.5% CPU
   1  3_0_0     0.00%    passed     88.67%
   2  1_0_0     0.00%    passed     79.39%
   3  4_0_0     0.00%    passed     19.33%
   4  13_0_0    0.00%    passed     44.64%
   5  17_0_0    0.00%    passed     21.78%
   6  10_0_0    0.00%    passed     97.94%
   7  19_0_0    0.00%    passed     89.24%
   8  12_0_0    0.00%    passed     98.92%
   9  11_0_0    0.00%    passed     95.70%
  10  8_0_0     0.00%    passed     77.41%
  11  6_0_0     0.00%    passed     83.77%
  12  18_0_0    0.00%    passed     90.22%
  13  7_0_0     0.00%    passed     84.68%
  14  5_0_0     0.00%    passed     72.06%
  15  14_0_0    0.00%    passed     84.81%
  16  9_0_0     0.00%    passed     91.77%
  17  16_0_0    0.00%    passed     95.40%
  18  2_0_0     0.00%    passed     79.50%
  19  20_0_0    0.00%    passed     89.02%
  20  15_0_0    0.00%    passed     55.69%
  21  0_0_0     0.00%    passed     38.86%
****  TOTAL     0.00%  0 sequences failed composition chi2 test (p-value<5%; df=3)

Create initial parsimony tree by phylogenetic likelihood library (PLL)... 0.001 seconds

NOTE: 0 MB RAM (0 GB) is required!
Measuring multi-threading efficiency up to 10 CPU cores
Increase to 10 rounds for branch lengths
3199 trees examined
Threads: 1 / Time: 10.000 sec / Speedup: 1.000 / Efficiency: 100% / LogL: -27211
Threads: 2 / Time: 19.158 sec / Speedup: 0.522 / Efficiency: 26% / LogL: -27211
BEST NUMBER OF THREADS: 1

Estimate model parameters (epsilon = 0.100)
1. Initial log-likelihood: -24558.608
2. Current log-likelihood: -24427.497
3. Current log-likelihood: -24427.342
Optimal log-likelihood: -24427.339
Rate parameters:  A-C: 1.13392  A-G: 1.35732  A-T: 1.05778  C-G: 1.14757  C-T: 1.53274  G-T: 1.00000
Base frequencies:  A: 0.310  C: 0.197  G: 0.200  T: 0.293
Parameters optimization took 3 rounds (0.010 sec)
Wrote distance file to... 
Computing ML distances based on estimated model parameters...
Calculating distance matrix: done in 0.000457048 secs using 97.8% CPU
Computing ML distances took 0.000506 sec (of wall-clock time) 0.000481 sec (of CPU time)
Setting up auxiliary I and S matrices: done in 1.5974e-05 secs using 62.6% CPU
Computing RapidNJ tree took 0.000058 sec (of wall-clock time) 0.000039 sec (of CPU time)
Log-likelihood of RapidNJ tree: -24533.962
--------------------------------------------------------------------
|             INITIALIZING CANDIDATE TREE SET                      |
--------------------------------------------------------------------
Generating 98 parsimony trees... 0.086 second
Computing log-likelihood of 98 initial trees ... 0.062 seconds
Current best score: -24427.339

Do NNI search on 20 best initial trees
Estimate model parameters (epsilon = 0.100)
BETTER TREE FOUND at iteration 1: -24424.617
Estimate model parameters (epsilon = 0.100)
BETTER TREE FOUND at iteration 7: -24423.226
Iteration 10 / LogL: -24423.262 / Time: 0h:0m:29s
Iteration 20 / LogL: -24474.116 / Time: 0h:0m:29s
Finish initializing candidate tree set (12)
Current best tree score: -24423.226 / CPU time: 0.276
Number of iterations: 20
--------------------------------------------------------------------
|               OPTIMIZING CANDIDATE TREE SET                      |
--------------------------------------------------------------------
Iteration 30 / LogL: -24423.260 / Time: 0h:0m:29s (0h:1m:18s left)
Iteration 40 / LogL: -24432.915 / Time: 0h:0m:29s (0h:0m:50s left)
Iteration 50 / LogL: -24423.482 / Time: 0h:0m:29s (0h:0m:34s left)
Iteration 60 / LogL: -24423.413 / Time: 0h:0m:29s (0h:0m:23s left)
Iteration 70 / LogL: -24424.177 / Time: 0h:0m:29s (0h:0m:16s left)
Iteration 80 / LogL: -24427.903 / Time: 0h:0m:29s (0h:0m:10s left)
Iteration 90 / LogL: -24423.462 / Time: 0h:0m:30s (0h:0m:5s left)
Iteration 100 / LogL: -24425.565 / Time: 0h:0m:30s (0h:0m:2s left)
TREE SEARCH COMPLETED AFTER 108 ITERATIONS / Time: 0h:0m:30s

--------------------------------------------------------------------
|                    FINALIZING TREE SEARCH                        |
--------------------------------------------------------------------
Performs final model parameters optimization
Estimate model parameters (epsilon = 0.010)
1. Initial log-likelihood: -24423.226
Optimal log-likelihood: -24423.224
Rate parameters:  A-C: 1.13849  A-G: 1.36301  A-T: 1.05807  C-G: 1.14862  C-T: 1.52857  G-T: 1.00000
Base frequencies:  A: 0.310  C: 0.197  G: 0.200  T: 0.293
Parameters optimization took 1 rounds (0.002 sec)
BEST SCORE FOUND : -24423.224

Testing tree branches by aBayes parametric test...
0.002 sec.
Total tree length: 3.949

Total number of iterations: 108
CPU time used for tree search: 1.059 sec (0h:0m:1s)
Wall-clock time used for tree search: 1.062 sec (0h:0m:1s)
Total CPU time used: 26.480 sec (0h:0m:26s)
Total wall-clock time used: 30.242 sec (0h:0m:30s)

Analysis results written to: 
  IQ-TREE report:                /Users/fahim/CSE6406-project/work/paper_subset_50x10_L1600/ils_high/replicate_03/estimated_gene_trees/L1600/gtr/locus_0042.iqtree
  Maximum-likelihood tree:       /Users/fahim/CSE6406-project/work/paper_subset_50x10_L1600/ils_high/replicate_03/estimated_gene_trees/L1600/gtr/locus_0042.treefile
  Likelihood distances:          /Users/fahim/CSE6406-project/work/paper_subset_50x10_L1600/ils_high/replicate_03/estimated_gene_trees/L1600/gtr/locus_0042.mldist
  Screen log file:               /Users/fahim/CSE6406-project/work/paper_subset_50x10_L1600/ils_high/replicate_03/estimated_gene_trees/L1600/gtr/locus_0042.log

Date and Time: Sat Sep 12 05:34:22 2026
