IQ-TREE multicore version 2.4.0 for MacOS ARM 64-bit built Feb 12 2025
Developed by Bui Quang Minh, Nguyen Lam Tung, Olga Chernomor, Heiko Schmidt,
Dominik Schrempf, Michael Woodhams, Ly Trong Nhan, Thomas Wong

Host:    Fahims-MacBook-Air.local (SSE4.2, 16 GB RAM)
Command: /Users/fahim/miniconda3/envs/cse6406/bin/iqtree2 -s /Users/fahim/CSE6406-project/work/paper_subset_50x10_L1600/ils_high/replicate_03/alignments/L1600/locus_0009.phy -m GTR --abayes -T AUTO --seed 6706010 --prefix /Users/fahim/CSE6406-project/work/paper_subset_50x10_L1600/ils_high/replicate_03/estimated_gene_trees/L1600/gtr/locus_0009 --redo --quiet
Seed:    6706010 (Using SPRNG - Scalable Parallel Random Number Generator)
Time:    Sat Sep 12 05:17:22 2026
Kernel:  SSE2 - auto-detect threads (10 CPU cores detected)

Reading alignment file /Users/fahim/CSE6406-project/work/paper_subset_50x10_L1600/ils_high/replicate_03/alignments/L1600/locus_0009.phy ... Phylip format detected
Alignment most likely contains DNA/RNA sequences
Alignment has 21 sequences with 1600 columns, 896 distinct patterns
766 parsimony-informative, 163 singleton sites, 671 constant sites
        Gap/Ambiguity  Composition  p-value
Analyzing sequences: done in 3.50475e-05 secs using 142.7% CPU
   1  0_0_0     0.00%    passed     74.09%
   2  18_0_0    0.00%    passed     88.09%
   3  1_0_0     0.00%    passed     92.42%
   4  2_0_0     0.00%    passed     82.63%
   5  15_0_0    0.00%    passed     83.09%
   6  11_0_0    0.00%    passed     82.10%
   7  8_0_0     0.00%    passed     75.75%
   8  17_0_0    0.00%    passed     82.04%
   9  7_0_0     0.00%    passed     55.82%
  10  14_0_0    0.00%    passed     91.23%
  11  9_0_0     0.00%    passed     97.77%
  12  5_0_0     0.00%    passed     92.12%
  13  20_0_0    0.00%    passed     98.56%
  14  4_0_0     0.00%    passed     87.65%
  15  12_0_0    0.00%    passed     77.65%
  16  13_0_0    0.00%    passed     74.64%
  17  10_0_0    0.00%    passed     91.37%
  18  19_0_0    0.00%    passed     94.21%
  19  16_0_0    0.00%    passed     69.76%
  20  6_0_0     0.00%    passed     69.08%
  21  3_0_0     0.00%    passed     92.70%
****  TOTAL     0.00%  0 sequences failed composition chi2 test (p-value<5%; df=3)

Create initial parsimony tree by phylogenetic likelihood library (PLL)... 0.001 seconds

NOTE: 0 MB RAM (0 GB) is required!
Measuring multi-threading efficiency up to 10 CPU cores
Increase to 10 rounds for branch lengths
3319 trees examined
Threads: 1 / Time: 10.002 sec / Speedup: 1.000 / Efficiency: 100% / LogL: -27836
Threads: 2 / Time: 19.019 sec / Speedup: 0.526 / Efficiency: 26% / LogL: -27836
BEST NUMBER OF THREADS: 1

Estimate model parameters (epsilon = 0.100)
1. Initial log-likelihood: -27086.524
2. Current log-likelihood: -26924.611
3. Current log-likelihood: -26924.314
Optimal log-likelihood: -26924.314
Rate parameters:  A-C: 0.78283  A-G: 1.05622  A-T: 0.94295  C-G: 0.78631  C-T: 1.20802  G-T: 1.00000
Base frequencies:  A: 0.307  C: 0.207  G: 0.198  T: 0.287
Parameters optimization took 3 rounds (0.010 sec)
Wrote distance file to... 
Computing ML distances based on estimated model parameters...
Calculating distance matrix: done in 0.000427008 secs using 97.42% CPU
Computing ML distances took 0.000478 sec (of wall-clock time) 0.000453 sec (of CPU time)
Setting up auxiliary I and S matrices: done in 1.40667e-05 secs using 71.09% CPU
Computing RapidNJ tree took 0.000056 sec (of wall-clock time) 0.000053 sec (of CPU time)
Log-likelihood of RapidNJ tree: -26976.761
--------------------------------------------------------------------
|             INITIALIZING CANDIDATE TREE SET                      |
--------------------------------------------------------------------
Generating 98 parsimony trees... 0.083 second
Computing log-likelihood of 98 initial trees ... 0.064 seconds
Current best score: -26896.404

Do NNI search on 20 best initial trees
Estimate model parameters (epsilon = 0.100)
BETTER TREE FOUND at iteration 1: -26890.871
Estimate model parameters (epsilon = 0.100)
BETTER TREE FOUND at iteration 3: -26890.509
Estimate model parameters (epsilon = 0.100)
BETTER TREE FOUND at iteration 4: -26888.270
Estimate model parameters (epsilon = 0.100)
BETTER TREE FOUND at iteration 6: -26885.963
Estimate model parameters (epsilon = 0.100)
BETTER TREE FOUND at iteration 7: -26885.059
Iteration 10 / LogL: -26885.845 / Time: 0h:0m:29s
Estimate model parameters (epsilon = 0.100)
BETTER TREE FOUND at iteration 11: -26883.924
Iteration 20 / LogL: -26884.214 / Time: 0h:0m:29s
Finish initializing candidate tree set (18)
Current best tree score: -26883.924 / CPU time: 0.281
Number of iterations: 20
--------------------------------------------------------------------
|               OPTIMIZING CANDIDATE TREE SET                      |
--------------------------------------------------------------------
Iteration 30 / LogL: -26888.839 / Time: 0h:0m:29s (0h:1m:22s left)
Iteration 40 / LogL: -26883.926 / Time: 0h:0m:29s (0h:0m:53s left)
Iteration 50 / LogL: -26885.211 / Time: 0h:0m:29s (0h:0m:36s left)
Iteration 60 / LogL: -26884.507 / Time: 0h:0m:29s (0h:0m:25s left)
Iteration 70 / LogL: -26885.404 / Time: 0h:0m:29s (0h:0m:17s left)
Iteration 80 / LogL: -26884.211 / Time: 0h:0m:29s (0h:0m:11s left)
Iteration 90 / LogL: -26894.815 / Time: 0h:0m:29s (0h:0m:7s left)
Iteration 100 / LogL: -26884.193 / Time: 0h:0m:29s (0h:0m:3s left)
Iteration 110 / LogL: -26884.207 / Time: 0h:0m:30s (0h:0m:0s left)
TREE SEARCH COMPLETED AFTER 112 ITERATIONS / Time: 0h:0m:30s

--------------------------------------------------------------------
|                    FINALIZING TREE SEARCH                        |
--------------------------------------------------------------------
Performs final model parameters optimization
Estimate model parameters (epsilon = 0.010)
1. Initial log-likelihood: -26883.924
Optimal log-likelihood: -26883.923
Rate parameters:  A-C: 0.76934  A-G: 1.04701  A-T: 0.92919  C-G: 0.77180  C-T: 1.22044  G-T: 1.00000
Base frequencies:  A: 0.307  C: 0.207  G: 0.198  T: 0.287
Parameters optimization took 1 rounds (0.002 sec)
BEST SCORE FOUND : -26883.923

Testing tree branches by aBayes parametric test...
0.002 sec.
Total tree length: 4.702

Total number of iterations: 112
CPU time used for tree search: 1.032 sec (0h:0m:1s)
Wall-clock time used for tree search: 1.034 sec (0h:0m:1s)
Total CPU time used: 26.536 sec (0h:0m:26s)
Total wall-clock time used: 30.077 sec (0h:0m:30s)

Analysis results written to: 
  IQ-TREE report:                /Users/fahim/CSE6406-project/work/paper_subset_50x10_L1600/ils_high/replicate_03/estimated_gene_trees/L1600/gtr/locus_0009.iqtree
  Maximum-likelihood tree:       /Users/fahim/CSE6406-project/work/paper_subset_50x10_L1600/ils_high/replicate_03/estimated_gene_trees/L1600/gtr/locus_0009.treefile
  Likelihood distances:          /Users/fahim/CSE6406-project/work/paper_subset_50x10_L1600/ils_high/replicate_03/estimated_gene_trees/L1600/gtr/locus_0009.mldist
  Screen log file:               /Users/fahim/CSE6406-project/work/paper_subset_50x10_L1600/ils_high/replicate_03/estimated_gene_trees/L1600/gtr/locus_0009.log

Date and Time: Sat Sep 12 05:17:52 2026
