IQ-TREE multicore version 2.4.0 for Linux x86 64-bit built Feb 12 2025
Developed by Bui Quang Minh, Nguyen Lam Tung, Olga Chernomor, Heiko Schmidt,
Dominik Schrempf, Michael Woodhams, Ly Trong Nhan, Thomas Wong

Host:    ezmata (AVX2, FMA3, 15 GB RAM)
Command: /home/mis/miniconda3/envs/cse6406/bin/iqtree2 -s /home/mis/CSE6406-project/work/paper_subset_50x10_L800/ils_low/replicate_09/alignments/L800/locus_0049.phy -m HKY --abayes -T AUTO --seed 7306050 --prefix /home/mis/CSE6406-project/work/paper_subset_50x10_L800/ils_low/replicate_09/estimated_gene_trees/L800/hky/locus_0049 --redo --quiet
Seed:    7306050 (Using SPRNG - Scalable Parallel Random Number Generator)
Time:    Sat Sep 12 12:46:39 2026
Kernel:  AVX+FMA - auto-detect threads (16 CPU cores detected)

Reading alignment file /home/mis/CSE6406-project/work/paper_subset_50x10_L800/ils_low/replicate_09/alignments/L800/locus_0049.phy ... Phylip format detected
Alignment most likely contains DNA/RNA sequences
Alignment has 21 sequences with 800 columns, 482 distinct patterns
411 parsimony-informative, 84 singleton sites, 305 constant sites
        Gap/Ambiguity  Composition  p-value
Analyzing sequences: done in 7.4462e-05 secs
   1  1_0_0     0.00%    passed     53.17%
   2  7_0_0     0.00%    passed     75.65%
   3  2_0_0     0.00%    passed     77.79%
   4  10_0_0    0.00%    passed     56.72%
   5  5_0_0     0.00%    passed     79.13%
   6  18_0_0    0.00%    passed     96.42%
   7  17_0_0    0.00%    passed     90.47%
   8  15_0_0    0.00%    passed     85.72%
   9  13_0_0    0.00%    passed     69.28%
  10  14_0_0    0.00%    passed     90.28%
  11  11_0_0    0.00%    passed     77.06%
  12  4_0_0     0.00%    passed     96.28%
  13  3_0_0     0.00%    passed     75.36%
  14  9_0_0     0.00%    passed     96.13%
  15  6_0_0     0.00%    passed     88.05%
  16  19_0_0    0.00%    passed     53.53%
  17  12_0_0    0.00%    passed     88.71%
  18  20_0_0    0.00%    passed     72.50%
  19  8_0_0     0.00%    passed     97.04%
  20  16_0_0    0.00%    passed     84.81%
  21  0_0_0     0.00%    passed     62.26%
****  TOTAL     0.00%  0 sequences failed composition chi2 test (p-value<5%; df=3)

Create initial parsimony tree by phylogenetic likelihood library (PLL)... 0.001 seconds

NOTE: 0 MB RAM (0 GB) is required!
Measuring multi-threading efficiency up to 16 CPU cores
Increase to 10 rounds for branch lengths
4528 trees examined
Threads: 1 / Time: 16.002 sec / Speedup: 1.000 / Efficiency: 100% / LogL: -13909
Threads: 2 / Time: 21.142 sec / Speedup: 0.757 / Efficiency: 38% / LogL: -13909
BEST NUMBER OF THREADS: 1

Estimate model parameters (epsilon = 0.100)
1. Initial log-likelihood: -12830.889
2. Current log-likelihood: -12759.354
3. Current log-likelihood: -12759.197
Optimal log-likelihood: -12759.197
Rate parameters:  A-C: 1.00000  A-G: 1.37539  A-T: 1.00000  C-G: 1.00000  C-T: 1.37539  G-T: 1.00000
Base frequencies:  A: 0.281  C: 0.202  G: 0.214  T: 0.303
Parameters optimization took 3 rounds (0.005 sec)
Wrote distance file to... 
Computing ML distances based on estimated model parameters...
Calculating distance matrix: done in 0.000515556 secs using 90.39% CPU
Computing ML distances took 0.000560 sec (of wall-clock time) 0.000505 sec (of CPU time)
Setting up auxiliary I and S matrices: done in 2.9997e-05 secs using 100% CPU
Computing RapidNJ tree took 0.000115 sec (of wall-clock time) 0.000442 sec (of CPU time)
Log-likelihood of RapidNJ tree: -12814.151
--------------------------------------------------------------------
|             INITIALIZING CANDIDATE TREE SET                      |
--------------------------------------------------------------------
Generating 98 parsimony trees... 0.109 second
Computing log-likelihood of 98 initial trees ... 0.064 seconds
Current best score: -12757.287

Do NNI search on 20 best initial trees
Estimate model parameters (epsilon = 0.100)
BETTER TREE FOUND at iteration 1: -12755.815
Iteration 10 / LogL: -12778.065 / Time: 0h:0m:37s
Iteration 20 / LogL: -12755.830 / Time: 0h:0m:37s
Finish initializing candidate tree set (10)
Current best tree score: -12755.815 / CPU time: 0.280
Number of iterations: 20
--------------------------------------------------------------------
|               OPTIMIZING CANDIDATE TREE SET                      |
--------------------------------------------------------------------
Iteration 30 / LogL: -12807.611 / Time: 0h:0m:37s (0h:1m:31s left)
Iteration 40 / LogL: -12755.844 / Time: 0h:0m:37s (0h:0m:58s left)
Iteration 50 / LogL: -12755.914 / Time: 0h:0m:37s (0h:0m:39s left)
Iteration 60 / LogL: -12757.459 / Time: 0h:0m:37s (0h:0m:26s left)
Iteration 70 / LogL: -12760.109 / Time: 0h:0m:37s (0h:0m:17s left)
Iteration 80 / LogL: -12760.092 / Time: 0h:0m:37s (0h:0m:10s left)
Iteration 90 / LogL: -12757.095 / Time: 0h:0m:38s (0h:0m:4s left)
Iteration 100 / LogL: -12755.854 / Time: 0h:0m:38s (0h:0m:0s left)
TREE SEARCH COMPLETED AFTER 102 ITERATIONS / Time: 0h:0m:38s

--------------------------------------------------------------------
|                    FINALIZING TREE SEARCH                        |
--------------------------------------------------------------------
Performs final model parameters optimization
Estimate model parameters (epsilon = 0.010)
1. Initial log-likelihood: -12755.815
Optimal log-likelihood: -12755.815
Rate parameters:  A-C: 1.00000  A-G: 1.37365  A-T: 1.00000  C-G: 1.00000  C-T: 1.37365  G-T: 1.00000
Base frequencies:  A: 0.281  C: 0.202  G: 0.214  T: 0.303
Parameters optimization took 1 rounds (0.001 sec)
BEST SCORE FOUND : -12755.815

Testing tree branches by aBayes parametric test...
0.002 sec.
Total tree length: 4.350

Total number of iterations: 102
CPU time used for tree search: 0.908 sec (0h:0m:0s)
Wall-clock time used for tree search: 0.928 sec (0h:0m:0s)
Total CPU time used: 39.493 sec (0h:0m:39s)
Total wall-clock time used: 38.091 sec (0h:0m:38s)

Analysis results written to: 
  IQ-TREE report:                /home/mis/CSE6406-project/work/paper_subset_50x10_L800/ils_low/replicate_09/estimated_gene_trees/L800/hky/locus_0049.iqtree
  Maximum-likelihood tree:       /home/mis/CSE6406-project/work/paper_subset_50x10_L800/ils_low/replicate_09/estimated_gene_trees/L800/hky/locus_0049.treefile
  Likelihood distances:          /home/mis/CSE6406-project/work/paper_subset_50x10_L800/ils_low/replicate_09/estimated_gene_trees/L800/hky/locus_0049.mldist
  Screen log file:               /home/mis/CSE6406-project/work/paper_subset_50x10_L800/ils_low/replicate_09/estimated_gene_trees/L800/hky/locus_0049.log

Date and Time: Sat Sep 12 12:47:17 2026
