IQ-TREE multicore version 2.4.0 for Linux x86 64-bit built Feb 12 2025
Developed by Bui Quang Minh, Nguyen Lam Tung, Olga Chernomor, Heiko Schmidt,
Dominik Schrempf, Michael Woodhams, Ly Trong Nhan, Thomas Wong

Host:    ezmata (AVX2, FMA3, 15 GB RAM)
Command: /home/mis/miniconda3/envs/cse6406/bin/iqtree2 -s /home/mis/CSE6406-project/work/paper_subset_50x10_L800/ils_low/replicate_09/alignments/L800/locus_0044.phy -m HKY --abayes -T AUTO --seed 7306045 --prefix /home/mis/CSE6406-project/work/paper_subset_50x10_L800/ils_low/replicate_09/estimated_gene_trees/L800/hky/locus_0044 --redo --quiet
Seed:    7306045 (Using SPRNG - Scalable Parallel Random Number Generator)
Time:    Sat Sep 12 12:43:15 2026
Kernel:  AVX+FMA - auto-detect threads (16 CPU cores detected)

Reading alignment file /home/mis/CSE6406-project/work/paper_subset_50x10_L800/ils_low/replicate_09/alignments/L800/locus_0044.phy ... Phylip format detected
Alignment most likely contains DNA/RNA sequences
Alignment has 21 sequences with 800 columns, 494 distinct patterns
425 parsimony-informative, 96 singleton sites, 279 constant sites
        Gap/Ambiguity  Composition  p-value
Analyzing sequences: done in 9.6308e-05 secs using 149.5% CPU
   1  1_0_0     0.00%    passed     80.68%
   2  14_0_0    0.00%    passed     68.37%
   3  13_0_0    0.00%    passed     92.24%
   4  19_0_0    0.00%    passed     85.53%
   5  6_0_0     0.00%    passed     96.57%
   6  20_0_0    0.00%    passed     86.80%
   7  12_0_0    0.00%    passed     68.20%
   8  9_0_0     0.00%    passed     58.18%
   9  3_0_0     0.00%    passed     91.86%
  10  11_0_0    0.00%    passed     73.43%
  11  4_0_0     0.00%    passed     78.69%
  12  17_0_0    0.00%    passed     98.57%
  13  15_0_0    0.00%    passed     61.81%
  14  18_0_0    0.00%    passed     70.71%
  15  5_0_0     0.00%    passed     99.37%
  16  2_0_0     0.00%    passed     82.62%
  17  10_0_0    0.00%    passed     93.20%
  18  7_0_0     0.00%    passed     89.09%
  19  8_0_0     0.00%    passed     76.54%
  20  16_0_0    0.00%    passed     69.96%
  21  0_0_0     0.00%    passed     40.97%
****  TOTAL     0.00%  0 sequences failed composition chi2 test (p-value<5%; df=3)

Create initial parsimony tree by phylogenetic likelihood library (PLL)... 0.001 seconds

NOTE: 0 MB RAM (0 GB) is required!
Measuring multi-threading efficiency up to 16 CPU cores
Increase to 10 rounds for branch lengths
5028 trees examined
Threads: 1 / Time: 16.002 sec / Speedup: 1.000 / Efficiency: 100% / LogL: -14268
Threads: 2 / Time: 22.934 sec / Speedup: 0.698 / Efficiency: 35% / LogL: -14268
BEST NUMBER OF THREADS: 1

Estimate model parameters (epsilon = 0.100)
1. Initial log-likelihood: -13371.418
2. Current log-likelihood: -13283.343
3. Current log-likelihood: -13283.178
Optimal log-likelihood: -13283.177
Rate parameters:  A-C: 1.00000  A-G: 1.33114  A-T: 1.00000  C-G: 1.00000  C-T: 1.33114  G-T: 1.00000
Base frequencies:  A: 0.296  C: 0.194  G: 0.196  T: 0.314
Parameters optimization took 3 rounds (0.005 sec)
Wrote distance file to... 
Computing ML distances based on estimated model parameters...
Calculating distance matrix: done in 0.000472214 secs using 99.74% CPU
Computing ML distances took 0.000514 sec (of wall-clock time) 0.000508 sec (of CPU time)
Setting up auxiliary I and S matrices: done in 2.8351e-05 secs using 98.76% CPU
Computing RapidNJ tree took 0.000105 sec (of wall-clock time) 0.000105 sec (of CPU time)
Log-likelihood of RapidNJ tree: -13312.511
--------------------------------------------------------------------
|             INITIALIZING CANDIDATE TREE SET                      |
--------------------------------------------------------------------
Generating 98 parsimony trees... 0.101 second
Computing log-likelihood of 98 initial trees ... 0.058 seconds
Current best score: -13273.456

Do NNI search on 20 best initial trees
Estimate model parameters (epsilon = 0.100)
BETTER TREE FOUND at iteration 1: -13269.041
Estimate model parameters (epsilon = 0.100)
BETTER TREE FOUND at iteration 4: -13268.619
Iteration 10 / LogL: -13270.085 / Time: 0h:0m:39s
Iteration 20 / LogL: -13280.030 / Time: 0h:0m:39s
Finish initializing candidate tree set (16)
Current best tree score: -13268.619 / CPU time: 0.256
Number of iterations: 20
--------------------------------------------------------------------
|               OPTIMIZING CANDIDATE TREE SET                      |
--------------------------------------------------------------------
Estimate model parameters (epsilon = 0.100)
BETTER TREE FOUND at iteration 25: -13268.515
Iteration 30 / LogL: -13269.392 / Time: 0h:0m:39s (0h:2m:8s left)
Iteration 40 / LogL: -13268.634 / Time: 0h:0m:39s (0h:1m:25s left)
Iteration 50 / LogL: -13269.378 / Time: 0h:0m:39s (0h:1m:0s left)
Iteration 60 / LogL: -13271.751 / Time: 0h:0m:39s (0h:0m:43s left)
Iteration 70 / LogL: -13269.083 / Time: 0h:0m:39s (0h:0m:31s left)
Iteration 80 / LogL: -13268.782 / Time: 0h:0m:39s (0h:0m:22s left)
Iteration 90 / LogL: -13268.636 / Time: 0h:0m:39s (0h:0m:15s left)
Iteration 100 / LogL: -13268.551 / Time: 0h:0m:39s (0h:0m:10s left)
Iteration 110 / LogL: -13269.461 / Time: 0h:0m:39s (0h:0m:5s left)
Iteration 120 / LogL: -13278.830 / Time: 0h:0m:39s (0h:0m:1s left)
TREE SEARCH COMPLETED AFTER 126 ITERATIONS / Time: 0h:0m:39s

--------------------------------------------------------------------
|                    FINALIZING TREE SEARCH                        |
--------------------------------------------------------------------
Performs final model parameters optimization
Estimate model parameters (epsilon = 0.010)
1. Initial log-likelihood: -13268.515
Optimal log-likelihood: -13268.515
Rate parameters:  A-C: 1.00000  A-G: 1.29454  A-T: 1.00000  C-G: 1.00000  C-T: 1.29454  G-T: 1.00000
Base frequencies:  A: 0.296  C: 0.194  G: 0.196  T: 0.314
Parameters optimization took 1 rounds (0.001 sec)
BEST SCORE FOUND : -13268.515

Testing tree branches by aBayes parametric test...
0.002 sec.
Total tree length: 4.699

Total number of iterations: 126
CPU time used for tree search: 1.013 sec (0h:0m:1s)
Wall-clock time used for tree search: 1.037 sec (0h:0m:1s)
Total CPU time used: 42.215 sec (0h:0m:42s)
Total wall-clock time used: 39.990 sec (0h:0m:39s)

Analysis results written to: 
  IQ-TREE report:                /home/mis/CSE6406-project/work/paper_subset_50x10_L800/ils_low/replicate_09/estimated_gene_trees/L800/hky/locus_0044.iqtree
  Maximum-likelihood tree:       /home/mis/CSE6406-project/work/paper_subset_50x10_L800/ils_low/replicate_09/estimated_gene_trees/L800/hky/locus_0044.treefile
  Likelihood distances:          /home/mis/CSE6406-project/work/paper_subset_50x10_L800/ils_low/replicate_09/estimated_gene_trees/L800/hky/locus_0044.mldist
  Screen log file:               /home/mis/CSE6406-project/work/paper_subset_50x10_L800/ils_low/replicate_09/estimated_gene_trees/L800/hky/locus_0044.log

Date and Time: Sat Sep 12 12:43:55 2026
