IQ-TREE multicore version 2.4.0 for Linux x86 64-bit built Feb 12 2025
Developed by Bui Quang Minh, Nguyen Lam Tung, Olga Chernomor, Heiko Schmidt,
Dominik Schrempf, Michael Woodhams, Ly Trong Nhan, Thomas Wong

Host:    ezmata (AVX2, FMA3, 15 GB RAM)
Command: /home/mis/miniconda3/envs/cse6406/bin/iqtree2 -s /home/mis/CSE6406-project/work/paper_subset_50x10_L800/ils_low/replicate_09/alignments/L800/locus_0013.phy -m HKY --abayes -T AUTO --seed 7306014 --prefix /home/mis/CSE6406-project/work/paper_subset_50x10_L800/ils_low/replicate_09/estimated_gene_trees/L800/hky/locus_0013 --redo --quiet
Seed:    7306014 (Using SPRNG - Scalable Parallel Random Number Generator)
Time:    Sat Sep 12 12:21:50 2026
Kernel:  AVX+FMA - auto-detect threads (16 CPU cores detected)

Reading alignment file /home/mis/CSE6406-project/work/paper_subset_50x10_L800/ils_low/replicate_09/alignments/L800/locus_0013.phy ... Phylip format detected
Alignment most likely contains DNA/RNA sequences
Alignment has 21 sequences with 800 columns, 472 distinct patterns
406 parsimony-informative, 78 singleton sites, 316 constant sites
        Gap/Ambiguity  Composition  p-value
Analyzing sequences: done in 0.000101184 secs using 117.6% CPU
   1  16_0_0    0.00%    passed     98.32%
   2  8_0_0     0.00%    passed     64.98%
   3  17_0_0    0.00%    passed     92.32%
   4  18_0_0    0.00%    passed     86.32%
   5  15_0_0    0.00%    passed     80.30%
   6  5_0_0     0.00%    passed     92.57%
   7  10_0_0    0.00%    passed     83.15%
   8  2_0_0     0.00%    passed     85.86%
   9  7_0_0     0.00%    passed     94.85%
  10  6_0_0     0.00%    passed     73.90%
  11  19_0_0    0.00%    passed     48.25%
  12  20_0_0    0.00%    passed     97.88%
  13  12_0_0    0.00%    passed     76.40%
  14  3_0_0     0.00%    passed     99.57%
  15  9_0_0     0.00%    passed     81.48%
  16  4_0_0     0.00%    passed     80.93%
  17  11_0_0    0.00%    passed     61.82%
  18  14_0_0    0.00%    passed     61.20%
  19  13_0_0    0.00%    passed     55.44%
  20  1_0_0     0.00%    passed     95.59%
  21  0_0_0     0.00%    passed     19.46%
****  TOTAL     0.00%  0 sequences failed composition chi2 test (p-value<5%; df=3)

Create initial parsimony tree by phylogenetic likelihood library (PLL)... 0.001 seconds

NOTE: 0 MB RAM (0 GB) is required!
Measuring multi-threading efficiency up to 16 CPU cores
Increase to 10 rounds for branch lengths
5194 trees examined
Threads: 1 / Time: 16.001 sec / Speedup: 1.000 / Efficiency: 100% / LogL: -13730
Threads: 2 / Time: 24.413 sec / Speedup: 0.655 / Efficiency: 33% / LogL: -13730
BEST NUMBER OF THREADS: 1

Estimate model parameters (epsilon = 0.100)
1. Initial log-likelihood: -12814.953
2. Current log-likelihood: -12741.324
3. Current log-likelihood: -12741.153
Optimal log-likelihood: -12741.152
Rate parameters:  A-C: 1.00000  A-G: 1.37904  A-T: 1.00000  C-G: 1.00000  C-T: 1.37904  G-T: 1.00000
Base frequencies:  A: 0.307  C: 0.197  G: 0.196  T: 0.301
Parameters optimization took 3 rounds (0.004 sec)
Wrote distance file to... 
Computing ML distances based on estimated model parameters...
Calculating distance matrix: done in 0.000433274 secs using 96.01% CPU
Computing ML distances took 0.000467 sec (of wall-clock time) 0.000445 sec (of CPU time)
Setting up auxiliary I and S matrices: done in 2.482e-05 secs using 96.7% CPU
Computing RapidNJ tree took 0.000094 sec (of wall-clock time) 0.000353 sec (of CPU time)
Log-likelihood of RapidNJ tree: -12775.444
--------------------------------------------------------------------
|             INITIALIZING CANDIDATE TREE SET                      |
--------------------------------------------------------------------
Generating 98 parsimony trees... 0.086 second
Computing log-likelihood of 98 initial trees ... 0.055 seconds
Current best score: -12736.666

Do NNI search on 20 best initial trees
Estimate model parameters (epsilon = 0.100)
BETTER TREE FOUND at iteration 1: -12735.323
Estimate model parameters (epsilon = 0.100)
BETTER TREE FOUND at iteration 2: -12733.397
Iteration 10 / LogL: -12735.438 / Time: 0h:0m:40s
Iteration 20 / LogL: -12735.446 / Time: 0h:0m:40s
Finish initializing candidate tree set (10)
Current best tree score: -12733.397 / CPU time: 0.230
Number of iterations: 20
--------------------------------------------------------------------
|               OPTIMIZING CANDIDATE TREE SET                      |
--------------------------------------------------------------------
Iteration 30 / LogL: -12739.381 / Time: 0h:0m:40s (0h:1m:41s left)
Iteration 40 / LogL: -12735.362 / Time: 0h:0m:40s (0h:1m:4s left)
Iteration 50 / LogL: -12733.405 / Time: 0h:0m:40s (0h:0m:43s left)
Iteration 60 / LogL: -12739.200 / Time: 0h:0m:40s (0h:0m:29s left)
Iteration 70 / LogL: -12735.438 / Time: 0h:0m:41s (0h:0m:19s left)
Iteration 80 / LogL: -12739.154 / Time: 0h:0m:41s (0h:0m:11s left)
Iteration 90 / LogL: -12739.061 / Time: 0h:0m:41s (0h:0m:5s left)
Iteration 100 / LogL: -12733.419 / Time: 0h:0m:41s (0h:0m:0s left)
TREE SEARCH COMPLETED AFTER 103 ITERATIONS / Time: 0h:0m:41s

--------------------------------------------------------------------
|                    FINALIZING TREE SEARCH                        |
--------------------------------------------------------------------
Performs final model parameters optimization
Estimate model parameters (epsilon = 0.010)
1. Initial log-likelihood: -12733.397
Optimal log-likelihood: -12733.397
Rate parameters:  A-C: 1.00000  A-G: 1.36793  A-T: 1.00000  C-G: 1.00000  C-T: 1.36793  G-T: 1.00000
Base frequencies:  A: 0.307  C: 0.197  G: 0.196  T: 0.301
Parameters optimization took 1 rounds (0.001 sec)
BEST SCORE FOUND : -12733.397

Testing tree branches by aBayes parametric test...
0.002 sec.
Total tree length: 4.339

Total number of iterations: 103
CPU time used for tree search: 0.791 sec (0h:0m:0s)
Wall-clock time used for tree search: 0.822 sec (0h:0m:0s)
Total CPU time used: 42.452 sec (0h:0m:42s)
Total wall-clock time used: 41.252 sec (0h:0m:41s)

Analysis results written to: 
  IQ-TREE report:                /home/mis/CSE6406-project/work/paper_subset_50x10_L800/ils_low/replicate_09/estimated_gene_trees/L800/hky/locus_0013.iqtree
  Maximum-likelihood tree:       /home/mis/CSE6406-project/work/paper_subset_50x10_L800/ils_low/replicate_09/estimated_gene_trees/L800/hky/locus_0013.treefile
  Likelihood distances:          /home/mis/CSE6406-project/work/paper_subset_50x10_L800/ils_low/replicate_09/estimated_gene_trees/L800/hky/locus_0013.mldist
  Screen log file:               /home/mis/CSE6406-project/work/paper_subset_50x10_L800/ils_low/replicate_09/estimated_gene_trees/L800/hky/locus_0013.log

Date and Time: Sat Sep 12 12:22:32 2026
