IQ-TREE multicore version 2.4.0 for Linux x86 64-bit built Feb 12 2025
Developed by Bui Quang Minh, Nguyen Lam Tung, Olga Chernomor, Heiko Schmidt,
Dominik Schrempf, Michael Woodhams, Ly Trong Nhan, Thomas Wong

Host:    ezmata (AVX2, FMA3, 15 GB RAM)
Command: /home/mis/miniconda3/envs/cse6406/bin/iqtree2 -s /home/mis/CSE6406-project/work/paper_subset_50x10_L200/ils_high/replicate_10/alignments/L200/locus_0018.phy -m GTR+G4 --abayes -T 1 --seed 7406019 --prefix /home/mis/CSE6406-project/work/paper_subset_50x10_L200/ils_high/replicate_10/estimated_gene_trees/L200/gtr_g4/locus_0018 --redo --quiet
Seed:    7406019 (Using SPRNG - Scalable Parallel Random Number Generator)
Time:    Sat Sep 12 21:47:26 2026
Kernel:  AVX+FMA - 1 threads (16 CPU cores detected)

HINT: Use -nt option to specify number of threads because your CPU has 16 cores!
HINT: -nt AUTO will automatically determine the best number of threads to use.

Reading alignment file /home/mis/CSE6406-project/work/paper_subset_50x10_L200/ils_high/replicate_10/alignments/L200/locus_0018.phy ... Phylip format detected
Alignment most likely contains DNA/RNA sequences
Alignment has 21 sequences with 200 columns, 72 distinct patterns
48 parsimony-informative, 20 singleton sites, 132 constant sites
        Gap/Ambiguity  Composition  p-value
Analyzing sequences: done in 9.015e-06 secs using 77.65% CPU
   1  0_0_0     0.00%    passed     62.16%
   2  13_0_0    0.00%    passed     91.14%
   3  20_0_0    0.00%    passed     92.80%
   4  19_0_0    0.00%    passed     95.16%
   5  5_0_0     0.00%    passed     90.98%
   6  6_0_0     0.00%    passed     96.70%
   7  12_0_0    0.00%    passed     94.62%
   8  4_0_0     0.00%    passed     97.74%
   9  16_0_0    0.00%    passed     93.98%
  10  15_0_0    0.00%    passed     98.08%
  11  3_0_0     0.00%    passed     93.38%
  12  10_0_0    0.00%    passed     97.74%
  13  2_0_0     0.00%    passed     99.88%
  14  7_0_0     0.00%    passed     98.57%
  15  17_0_0    0.00%    passed     83.46%
  16  9_0_0     0.00%    passed     96.10%
  17  8_0_0     0.00%    passed     98.20%
  18  11_0_0    0.00%    passed     98.20%
  19  14_0_0    0.00%    passed     97.50%
  20  18_0_0    0.00%    passed     98.84%
  21  1_0_0     0.00%    passed     94.45%
****  TOTAL     0.00%  0 sequences failed composition chi2 test (p-value<5%; df=3)

Create initial parsimony tree by phylogenetic likelihood library (PLL)... 0.000 seconds

NOTE: 0 MB RAM (0 GB) is required!
Estimate model parameters (epsilon = 0.100)
1. Initial log-likelihood: -1274.161
2. Current log-likelihood: -1218.540
3. Current log-likelihood: -1215.808
Optimal log-likelihood: -1215.763
Rate parameters:  A-C: 1.35370  A-G: 4.37160  A-T: 1.21765  C-G: 1.78607  C-T: 2.26093  G-T: 1.00000
Base frequencies:  A: 0.299  C: 0.204  G: 0.176  T: 0.321
Gamma shape alpha: 0.166
Parameters optimization took 3 rounds (0.018 sec)
Wrote distance file to... 
Computing ML distances based on estimated model parameters...
Calculating distance matrix: done in 0.00261899 secs using 99.2% CPU
Computing ML distances took 0.002649 sec (of wall-clock time) 0.002630 sec (of CPU time)
Setting up auxiliary I and S matrices: done in 6.2387e-05 secs using 97.78% CPU
Computing RapidNJ tree took 0.000249 sec (of wall-clock time) 0.000248 sec (of CPU time)
Log-likelihood of RapidNJ tree: -1223.296
--------------------------------------------------------------------
|             INITIALIZING CANDIDATE TREE SET                      |
--------------------------------------------------------------------
Generating 98 parsimony trees... 0.075 second
Computing log-likelihood of 98 initial trees ... 0.079 seconds
Current best score: -1213.927

Do NNI search on 20 best initial trees
Estimate model parameters (epsilon = 0.100)
BETTER TREE FOUND at iteration 1: -1213.586
UPDATE BEST LOG-LIKELIHOOD: -1213.586
UPDATE BEST LOG-LIKELIHOOD: -1213.586
Estimate model parameters (epsilon = 0.100)
BETTER TREE FOUND at iteration 5: -1212.595
UPDATE BEST LOG-LIKELIHOOD: -1212.595
UPDATE BEST LOG-LIKELIHOOD: -1212.595
Iteration 10 / LogL: -1213.621 / Time: 0h:0m:0s
Estimate model parameters (epsilon = 0.100)
BETTER TREE FOUND at iteration 19: -1212.013
Iteration 20 / LogL: -1213.744 / Time: 0h:0m:0s
Finish initializing candidate tree set (4)
Current best tree score: -1212.013 / CPU time: 0.474
Number of iterations: 20
--------------------------------------------------------------------
|               OPTIMIZING CANDIDATE TREE SET                      |
--------------------------------------------------------------------
Estimate model parameters (epsilon = 0.100)
UPDATE BEST LOG-LIKELIHOOD: -1211.973
Iteration 30 / LogL: -1212.628 / Time: 0h:0m:0s (0h:0m:2s left)
Iteration 40 / LogL: -1212.628 / Time: 0h:0m:1s (0h:0m:2s left)
Iteration 50 / LogL: -1213.123 / Time: 0h:0m:1s (0h:0m:2s left)
Iteration 60 / LogL: -1212.897 / Time: 0h:0m:1s (0h:0m:1s left)
UPDATE BEST LOG-LIKELIHOOD: -1211.973
UPDATE BEST LOG-LIKELIHOOD: -1211.973
Iteration 70 / LogL: -1212.882 / Time: 0h:0m:1s (0h:0m:1s left)
Iteration 80 / LogL: -1212.897 / Time: 0h:0m:2s (0h:0m:1s left)
Iteration 90 / LogL: -1211.976 / Time: 0h:0m:2s (0h:0m:0s left)
Iteration 100 / LogL: -1211.974 / Time: 0h:0m:2s (0h:0m:0s left)
UPDATE BEST LOG-LIKELIHOOD: -1211.973
Iteration 110 / LogL: -1211.977 / Time: 0h:0m:3s (0h:0m:0s left)
Iteration 120 / LogL: -1212.900 / Time: 0h:0m:3s (0h:0m:-1s left)
TREE SEARCH COMPLETED AFTER 120 ITERATIONS / Time: 0h:0m:3s

--------------------------------------------------------------------
|                    FINALIZING TREE SEARCH                        |
--------------------------------------------------------------------
Performs final model parameters optimization
Estimate model parameters (epsilon = 0.010)
1. Initial log-likelihood: -1211.973
Optimal log-likelihood: -1211.970
Rate parameters:  A-C: 1.89169  A-G: 5.90686  A-T: 1.60271  C-G: 2.05014  C-T: 2.89992  G-T: 1.00000
Base frequencies:  A: 0.299  C: 0.204  G: 0.176  T: 0.321
Gamma shape alpha: 0.168
Parameters optimization took 1 rounds (0.007 sec)
BEST SCORE FOUND : -1211.970

Testing tree branches by aBayes parametric test...
0.005 sec.
Total tree length: 1.273

Total number of iterations: 120
CPU time used for tree search: 3.303 sec (0h:0m:3s)
Wall-clock time used for tree search: 3.441 sec (0h:0m:3s)
Total CPU time used: 3.346 sec (0h:0m:3s)
Total wall-clock time used: 3.485 sec (0h:0m:3s)

Analysis results written to: 
  IQ-TREE report:                /home/mis/CSE6406-project/work/paper_subset_50x10_L200/ils_high/replicate_10/estimated_gene_trees/L200/gtr_g4/locus_0018.iqtree
  Maximum-likelihood tree:       /home/mis/CSE6406-project/work/paper_subset_50x10_L200/ils_high/replicate_10/estimated_gene_trees/L200/gtr_g4/locus_0018.treefile
  Likelihood distances:          /home/mis/CSE6406-project/work/paper_subset_50x10_L200/ils_high/replicate_10/estimated_gene_trees/L200/gtr_g4/locus_0018.mldist
  Screen log file:               /home/mis/CSE6406-project/work/paper_subset_50x10_L200/ils_high/replicate_10/estimated_gene_trees/L200/gtr_g4/locus_0018.log

Date and Time: Sat Sep 12 21:47:29 2026
