IQ-TREE multicore version 2.4.0 for Linux x86 64-bit built Feb 12 2025
Developed by Bui Quang Minh, Nguyen Lam Tung, Olga Chernomor, Heiko Schmidt,
Dominik Schrempf, Michael Woodhams, Ly Trong Nhan, Thomas Wong

Host:    ezmata (AVX2, FMA3, 15 GB RAM)
Command: /home/mis/miniconda3/envs/cse6406/bin/iqtree2 -s /home/mis/CSE6406-project/work/paper_subset_50x10_L200/ils_high/replicate_10/alignments/L200/locus_0008.phy -m GTR+G4 --abayes -T 1 --seed 7406009 --prefix /home/mis/CSE6406-project/work/paper_subset_50x10_L200/ils_high/replicate_10/estimated_gene_trees/L200/gtr_g4/locus_0008 --redo --quiet
Seed:    7406009 (Using SPRNG - Scalable Parallel Random Number Generator)
Time:    Sat Sep 12 21:47:23 2026
Kernel:  AVX+FMA - 1 threads (16 CPU cores detected)

HINT: Use -nt option to specify number of threads because your CPU has 16 cores!
HINT: -nt AUTO will automatically determine the best number of threads to use.

Reading alignment file /home/mis/CSE6406-project/work/paper_subset_50x10_L200/ils_high/replicate_10/alignments/L200/locus_0008.phy ... Phylip format detected
Alignment most likely contains DNA/RNA sequences
Alignment has 21 sequences with 200 columns, 72 distinct patterns
49 parsimony-informative, 20 singleton sites, 131 constant sites
        Gap/Ambiguity  Composition  p-value
Analyzing sequences: done in 1.6353e-05 secs using 61.15% CPU
   1  5_0_0     0.00%    passed     98.78%
   2  12_0_0    0.00%    passed     96.10%
   3  6_0_0     0.00%    passed     96.59%
   4  4_0_0     0.00%    passed     85.05%
   5  17_0_0    0.00%    passed     99.37%
   6  9_0_0     0.00%    passed     98.76%
   7  3_0_0     0.00%    passed     95.86%
   8  7_0_0     0.00%    passed     98.02%
   9  8_0_0     0.00%    passed     67.20%
  10  10_0_0    0.00%    passed     84.00%
  11  18_0_0    0.00%    passed     97.40%
  12  14_0_0    0.00%    passed     84.26%
  13  15_0_0    0.00%    passed     69.45%
  14  11_0_0    0.00%    passed     71.65%
  15  16_0_0    0.00%    passed     87.87%
  16  1_0_0     0.00%    passed     95.77%
  17  2_0_0     0.00%    passed     89.43%
  18  13_0_0    0.00%    passed     95.88%
  19  20_0_0    0.00%    passed     80.86%
  20  19_0_0    0.00%    passed     56.91%
  21  0_0_0     0.00%    passed     91.53%
****  TOTAL     0.00%  0 sequences failed composition chi2 test (p-value<5%; df=3)

Create initial parsimony tree by phylogenetic likelihood library (PLL)... 0.001 seconds

NOTE: 0 MB RAM (0 GB) is required!
Estimate model parameters (epsilon = 0.100)
1. Initial log-likelihood: -1269.997
2. Current log-likelihood: -1223.316
3. Current log-likelihood: -1222.345
Optimal log-likelihood: -1222.308
Rate parameters:  A-C: 0.53817  A-G: 1.08102  A-T: 0.60499  C-G: 0.85819  C-T: 1.14132  G-T: 1.00000
Base frequencies:  A: 0.349  C: 0.205  G: 0.157  T: 0.289
Gamma shape alpha: 0.186
Parameters optimization took 3 rounds (0.033 sec)
Wrote distance file to... 
Computing ML distances based on estimated model parameters...
Calculating distance matrix: done in 0.00433633 secs using 98.26% CPU
Computing ML distances took 0.004390 sec (of wall-clock time) 0.004318 sec (of CPU time)
Setting up auxiliary I and S matrices: done in 6.2288e-05 secs
Computing RapidNJ tree took 0.000249 sec (of wall-clock time) 0.000000 sec (of CPU time)
Log-likelihood of RapidNJ tree: -1224.680
--------------------------------------------------------------------
|             INITIALIZING CANDIDATE TREE SET                      |
--------------------------------------------------------------------
Generating 98 parsimony trees... 0.106 second
Computing log-likelihood of 98 initial trees ... 0.141 seconds
Current best score: -1222.308

Do NNI search on 20 best initial trees
Estimate model parameters (epsilon = 0.100)
BETTER TREE FOUND at iteration 1: -1222.307
BETTER TREE FOUND at iteration 2: -1222.307
UPDATE BEST LOG-LIKELIHOOD: -1222.307
UPDATE BEST LOG-LIKELIHOOD: -1222.307
Estimate model parameters (epsilon = 0.100)
BETTER TREE FOUND at iteration 5: -1222.230
BETTER TREE FOUND at iteration 6: -1222.230
Iteration 10 / LogL: -1222.324 / Time: 0h:0m:0s
Iteration 20 / LogL: -1222.324 / Time: 0h:0m:0s
Finish initializing candidate tree set (8)
Current best tree score: -1222.230 / CPU time: 0.555
Number of iterations: 20
--------------------------------------------------------------------
|               OPTIMIZING CANDIDATE TREE SET                      |
--------------------------------------------------------------------
Iteration 30 / LogL: -1230.909 / Time: 0h:0m:0s (0h:0m:2s left)
Iteration 40 / LogL: -1222.324 / Time: 0h:0m:1s (0h:0m:1s left)
UPDATE BEST LOG-LIKELIHOOD: -1222.230
Iteration 50 / LogL: -1222.299 / Time: 0h:0m:1s (0h:0m:1s left)
Iteration 60 / LogL: -1222.324 / Time: 0h:0m:1s (0h:0m:1s left)
UPDATE BEST LOG-LIKELIHOOD: -1222.230
Iteration 70 / LogL: -1229.362 / Time: 0h:0m:1s (0h:0m:0s left)
UPDATE BEST LOG-LIKELIHOOD: -1222.230
Iteration 80 / LogL: -1230.618 / Time: 0h:0m:2s (0h:0m:0s left)
Iteration 90 / LogL: -1222.230 / Time: 0h:0m:2s (0h:0m:0s left)
Iteration 100 / LogL: -1222.324 / Time: 0h:0m:2s (0h:0m:0s left)
TREE SEARCH COMPLETED AFTER 107 ITERATIONS / Time: 0h:0m:2s

--------------------------------------------------------------------
|                    FINALIZING TREE SEARCH                        |
--------------------------------------------------------------------
Performs final model parameters optimization
Estimate model parameters (epsilon = 0.010)
1. Initial log-likelihood: -1222.230
Optimal log-likelihood: -1222.229
Rate parameters:  A-C: 0.53111  A-G: 1.08672  A-T: 0.58185  C-G: 0.84915  C-T: 1.13303  G-T: 1.00000
Base frequencies:  A: 0.349  C: 0.205  G: 0.157  T: 0.289
Gamma shape alpha: 0.183
Parameters optimization took 1 rounds (0.005 sec)
BEST SCORE FOUND : -1222.229

Testing tree branches by aBayes parametric test...
0.005 sec.
Total tree length: 1.080

Total number of iterations: 107
CPU time used for tree search: 2.710 sec (0h:0m:2s)
Wall-clock time used for tree search: 2.853 sec (0h:0m:2s)
Total CPU time used: 2.773 sec (0h:0m:2s)
Total wall-clock time used: 2.919 sec (0h:0m:2s)

Analysis results written to: 
  IQ-TREE report:                /home/mis/CSE6406-project/work/paper_subset_50x10_L200/ils_high/replicate_10/estimated_gene_trees/L200/gtr_g4/locus_0008.iqtree
  Maximum-likelihood tree:       /home/mis/CSE6406-project/work/paper_subset_50x10_L200/ils_high/replicate_10/estimated_gene_trees/L200/gtr_g4/locus_0008.treefile
  Likelihood distances:          /home/mis/CSE6406-project/work/paper_subset_50x10_L200/ils_high/replicate_10/estimated_gene_trees/L200/gtr_g4/locus_0008.mldist
  Screen log file:               /home/mis/CSE6406-project/work/paper_subset_50x10_L200/ils_high/replicate_10/estimated_gene_trees/L200/gtr_g4/locus_0008.log

Date and Time: Sat Sep 12 21:47:26 2026
