IQ-TREE multicore version 2.4.0 for Linux x86 64-bit built Feb 12 2025
Developed by Bui Quang Minh, Nguyen Lam Tung, Olga Chernomor, Heiko Schmidt,
Dominik Schrempf, Michael Woodhams, Ly Trong Nhan, Thomas Wong

Host:    ezmata (AVX2, FMA3, 15 GB RAM)
Command: /home/mis/miniconda3/envs/cse6406/bin/iqtree2 -s /home/mis/CSE6406-project/work/paper_subset_50x10_L200/ils_high/replicate_10/alignments/L200/locus_0032.phy -m HKY+G4 --abayes -T 1 --seed 7406033 --prefix /home/mis/CSE6406-project/work/paper_subset_50x10_L200/ils_high/replicate_10/estimated_gene_trees/L200/hky_g4/locus_0032 --redo --quiet
Seed:    7406033 (Using SPRNG - Scalable Parallel Random Number Generator)
Time:    Sat Sep 12 21:47:43 2026
Kernel:  AVX+FMA - 1 threads (16 CPU cores detected)

HINT: Use -nt option to specify number of threads because your CPU has 16 cores!
HINT: -nt AUTO will automatically determine the best number of threads to use.

Reading alignment file /home/mis/CSE6406-project/work/paper_subset_50x10_L200/ils_high/replicate_10/alignments/L200/locus_0032.phy ... Phylip format detected
Alignment most likely contains DNA/RNA sequences
Alignment has 21 sequences with 200 columns, 78 distinct patterns
59 parsimony-informative, 16 singleton sites, 125 constant sites
        Gap/Ambiguity  Composition  p-value
Analyzing sequences: done in 7.909e-06 secs using 25.29% CPU
   1  0_0_0     0.00%    passed     49.94%
   2  13_0_0    0.00%    passed     38.85%
   3  17_0_0    0.00%    passed     86.61%
   4  4_0_0     0.00%    passed     91.86%
   5  9_0_0     0.00%    passed     94.94%
   6  2_0_0     0.00%    passed     93.81%
   7  1_0_0     0.00%    passed     88.09%
   8  16_0_0    0.00%    passed     86.08%
   9  7_0_0     0.00%    passed     97.91%
  10  3_0_0     0.00%    passed     87.77%
  11  11_0_0    0.00%    passed     98.49%
  12  14_0_0    0.00%    passed     91.74%
  13  8_0_0     0.00%    passed     99.25%
  14  18_0_0    0.00%    passed     97.95%
  15  10_0_0    0.00%    passed     97.03%
  16  15_0_0    0.00%    passed     76.15%
  17  5_0_0     0.00%    passed     95.47%
  18  12_0_0    0.00%    passed     99.37%
  19  6_0_0     0.00%    passed     88.26%
  20  20_0_0    0.00%    passed     79.86%
  21  19_0_0    0.00%    passed     61.71%
****  TOTAL     0.00%  0 sequences failed composition chi2 test (p-value<5%; df=3)

Create initial parsimony tree by phylogenetic likelihood library (PLL)... 0.001 seconds

NOTE: 0 MB RAM (0 GB) is required!
Estimate model parameters (epsilon = 0.100)
1. Initial log-likelihood: -1387.943
2. Current log-likelihood: -1334.710
3. Current log-likelihood: -1333.068
Optimal log-likelihood: -1333.044
Rate parameters:  A-C: 1.00000  A-G: 1.71919  A-T: 1.00000  C-G: 1.00000  C-T: 1.71919  G-T: 1.00000
Base frequencies:  A: 0.275  C: 0.229  G: 0.216  T: 0.280
Gamma shape alpha: 0.192
Parameters optimization took 3 rounds (0.013 sec)
Wrote distance file to... 
Computing ML distances based on estimated model parameters...
Calculating distance matrix: done in 0.00212732 secs using 99.98% CPU
Computing ML distances took 0.002157 sec (of wall-clock time) 0.002159 sec (of CPU time)
Setting up auxiliary I and S matrices: done in 6.0264e-05 secs using 99.56% CPU
Computing RapidNJ tree took 0.000243 sec (of wall-clock time) 0.000396 sec (of CPU time)
Log-likelihood of RapidNJ tree: -1330.456
--------------------------------------------------------------------
|             INITIALIZING CANDIDATE TREE SET                      |
--------------------------------------------------------------------
Generating 98 parsimony trees... 0.096 second
Computing log-likelihood of 98 initial trees ... 0.089 seconds
Current best score: -1330.456

Do NNI search on 20 best initial trees
Estimate model parameters (epsilon = 0.100)
BETTER TREE FOUND at iteration 1: -1330.263
Iteration 10 / LogL: -1330.406 / Time: 0h:0m:0s
Iteration 20 / LogL: -1330.410 / Time: 0h:0m:0s
Finish initializing candidate tree set (4)
Current best tree score: -1330.263 / CPU time: 0.366
Number of iterations: 20
--------------------------------------------------------------------
|               OPTIMIZING CANDIDATE TREE SET                      |
--------------------------------------------------------------------
Iteration 30 / LogL: -1330.415 / Time: 0h:0m:0s (0h:0m:1s left)
Iteration 40 / LogL: -1330.407 / Time: 0h:0m:0s (0h:0m:1s left)
Iteration 50 / LogL: -1330.407 / Time: 0h:0m:0s (0h:0m:0s left)
Iteration 60 / LogL: -1330.264 / Time: 0h:0m:0s (0h:0m:0s left)
Iteration 70 / LogL: -1347.950 / Time: 0h:0m:1s (0h:0m:0s left)
Iteration 80 / LogL: -1330.272 / Time: 0h:0m:1s (0h:0m:0s left)
Iteration 90 / LogL: -1336.299 / Time: 0h:0m:1s (0h:0m:0s left)
Iteration 100 / LogL: -1330.407 / Time: 0h:0m:1s (0h:0m:0s left)
TREE SEARCH COMPLETED AFTER 102 ITERATIONS / Time: 0h:0m:1s

--------------------------------------------------------------------
|                    FINALIZING TREE SEARCH                        |
--------------------------------------------------------------------
Performs final model parameters optimization
Estimate model parameters (epsilon = 0.010)
1. Initial log-likelihood: -1330.263
Optimal log-likelihood: -1330.263
Rate parameters:  A-C: 1.00000  A-G: 1.79105  A-T: 1.00000  C-G: 1.00000  C-T: 1.79105  G-T: 1.00000
Base frequencies:  A: 0.275  C: 0.229  G: 0.216  T: 0.280
Gamma shape alpha: 0.191
Parameters optimization took 1 rounds (0.001 sec)
BEST SCORE FOUND : -1330.263

Testing tree branches by aBayes parametric test...
0.002 sec.
Total tree length: 1.523

Total number of iterations: 102
CPU time used for tree search: 1.404 sec (0h:0m:1s)
Wall-clock time used for tree search: 1.496 sec (0h:0m:1s)
Total CPU time used: 1.436 sec (0h:0m:1s)
Total wall-clock time used: 1.530 sec (0h:0m:1s)

Analysis results written to: 
  IQ-TREE report:                /home/mis/CSE6406-project/work/paper_subset_50x10_L200/ils_high/replicate_10/estimated_gene_trees/L200/hky_g4/locus_0032.iqtree
  Maximum-likelihood tree:       /home/mis/CSE6406-project/work/paper_subset_50x10_L200/ils_high/replicate_10/estimated_gene_trees/L200/hky_g4/locus_0032.treefile
  Likelihood distances:          /home/mis/CSE6406-project/work/paper_subset_50x10_L200/ils_high/replicate_10/estimated_gene_trees/L200/hky_g4/locus_0032.mldist
  Screen log file:               /home/mis/CSE6406-project/work/paper_subset_50x10_L200/ils_high/replicate_10/estimated_gene_trees/L200/hky_g4/locus_0032.log

Date and Time: Sat Sep 12 21:47:44 2026
