IQ-TREE multicore version 2.4.0 for Linux x86 64-bit built Feb 12 2025
Developed by Bui Quang Minh, Nguyen Lam Tung, Olga Chernomor, Heiko Schmidt,
Dominik Schrempf, Michael Woodhams, Ly Trong Nhan, Thomas Wong

Host:    ezmata (AVX2, FMA3, 15 GB RAM)
Command: /home/mis/miniconda3/envs/cse6406/bin/iqtree2 -s /home/mis/CSE6406-project/work/paper_subset_50x10_L800/ils_low/replicate_03/alignments/L800/locus_0010.phy -m HKY+G4 --abayes -T AUTO --seed 6706011 --prefix /home/mis/CSE6406-project/work/paper_subset_50x10_L800/ils_low/replicate_03/estimated_gene_trees/L800/hky_g4/locus_0010 --redo --quiet
Seed:    6706011 (Using SPRNG - Scalable Parallel Random Number Generator)
Time:    Fri Sep 11 06:45:50 2026
Kernel:  AVX+FMA - auto-detect threads (16 CPU cores detected)

Reading alignment file /home/mis/CSE6406-project/work/paper_subset_50x10_L800/ils_low/replicate_03/alignments/L800/locus_0010.phy ... Phylip format detected
Alignment most likely contains DNA/RNA sequences
Alignment has 21 sequences with 800 columns, 414 distinct patterns
354 parsimony-informative, 70 singleton sites, 376 constant sites
        Gap/Ambiguity  Composition  p-value
Analyzing sequences: done in 0.000156613 secs
   1  0_0_0     0.00%    passed     84.46%
   2  2_0_0     0.00%    passed     97.52%
   3  1_0_0     0.00%    passed     94.78%
   4  3_0_0     0.00%    passed     99.07%
   5  20_0_0    0.00%    passed     54.76%
   6  15_0_0    0.00%    passed     93.31%
   7  19_0_0    0.00%    passed     96.73%
   8  10_0_0    0.00%    passed     96.53%
   9  17_0_0    0.00%    passed     83.83%
  10  4_0_0     0.00%    passed     90.30%
  11  13_0_0    0.00%    passed     88.39%
  12  12_0_0    0.00%    passed     73.40%
  13  16_0_0    0.00%    passed     91.50%
  14  8_0_0     0.00%    passed     62.35%
  15  11_0_0    0.00%    passed     77.82%
  16  18_0_0    0.00%    passed     60.65%
  17  14_0_0    0.00%    passed     71.83%
  18  5_0_0     0.00%    passed     98.82%
  19  7_0_0     0.00%    passed     76.43%
  20  9_0_0     0.00%    passed     78.30%
  21  6_0_0     0.00%    passed     76.46%
****  TOTAL     0.00%  0 sequences failed composition chi2 test (p-value<5%; df=3)

Create initial parsimony tree by phylogenetic likelihood library (PLL)... 0.001 seconds

NOTE: 1 MB RAM (0 GB) is required!
Measuring multi-threading efficiency up to 16 CPU cores
Increase to 10 rounds for branch lengths
1954 trees examined
Threads: 1 / Time: 16.001 sec / Speedup: 1.000 / Efficiency: 100% / LogL: -10843
Threads: 2 / Time: 18.329 sec / Speedup: 0.873 / Efficiency: 44% / LogL: -10843
BEST NUMBER OF THREADS: 1

Estimate model parameters (epsilon = 0.100)
1. Initial log-likelihood: -10183.854
2. Current log-likelihood: -9609.192
3. Current log-likelihood: -9550.962
4. Current log-likelihood: -9546.816
5. Current log-likelihood: -9546.173
6. Current log-likelihood: -9546.014
Optimal log-likelihood: -9545.971
Rate parameters:  A-C: 1.00000  A-G: 1.99316  A-T: 1.00000  C-G: 1.00000  C-T: 1.99316  G-T: 1.00000
Base frequencies:  A: 0.291  C: 0.218  G: 0.193  T: 0.298
Gamma shape alpha: 0.184
Parameters optimization took 6 rounds (0.035 sec)
Wrote distance file to... 
Computing ML distances based on estimated model parameters...
Calculating distance matrix: done in 0.00114932 secs using 92.92% CPU
Computing ML distances took 0.001182 sec (of wall-clock time) 0.001099 sec (of CPU time)
Setting up auxiliary I and S matrices: done in 2.731e-05 secs using 999.6% CPU
Computing RapidNJ tree took 0.000104 sec (of wall-clock time) 0.000349 sec (of CPU time)
Log-likelihood of RapidNJ tree: -9519.940
--------------------------------------------------------------------
|             INITIALIZING CANDIDATE TREE SET                      |
--------------------------------------------------------------------
Generating 98 parsimony trees... 0.087 second
Computing log-likelihood of 98 initial trees ... 0.155 seconds
Current best score: -9519.940

Do NNI search on 20 best initial trees
Estimate model parameters (epsilon = 0.100)
BETTER TREE FOUND at iteration 1: -9510.919
UPDATE BEST LOG-LIKELIHOOD: -9510.917
Iteration 10 / LogL: -9510.924 / Time: 0h:0m:34s
Iteration 20 / LogL: -9510.923 / Time: 0h:0m:35s
Finish initializing candidate tree set (1)
Current best tree score: -9510.917 / CPU time: 0.906
Number of iterations: 20
--------------------------------------------------------------------
|               OPTIMIZING CANDIDATE TREE SET                      |
--------------------------------------------------------------------
BETTER TREE FOUND at iteration 21: -9510.917
UPDATE BEST LOG-LIKELIHOOD: -9510.917
Iteration 30 / LogL: -9510.920 / Time: 0h:0m:35s (0h:1m:51s left)
Iteration 40 / LogL: -9510.934 / Time: 0h:0m:35s (0h:1m:14s left)
Iteration 50 / LogL: -9510.918 / Time: 0h:0m:36s (0h:0m:52s left)
Iteration 60 / LogL: -9510.917 / Time: 0h:0m:36s (0h:0m:37s left)
Iteration 70 / LogL: -9513.108 / Time: 0h:0m:36s (0h:0m:27s left)
Iteration 80 / LogL: -9510.918 / Time: 0h:0m:37s (0h:0m:19s left)
Iteration 90 / LogL: -9510.918 / Time: 0h:0m:37s (0h:0m:13s left)
Iteration 100 / LogL: -9510.945 / Time: 0h:0m:37s (0h:0m:8s left)
UPDATE BEST LOG-LIKELIHOOD: -9510.917
Iteration 110 / LogL: -9510.920 / Time: 0h:0m:38s (0h:0m:3s left)
Iteration 120 / LogL: -9510.917 / Time: 0h:0m:38s (0h:0m:0s left)
TREE SEARCH COMPLETED AFTER 122 ITERATIONS / Time: 0h:0m:38s

--------------------------------------------------------------------
|                    FINALIZING TREE SEARCH                        |
--------------------------------------------------------------------
Performs final model parameters optimization
Estimate model parameters (epsilon = 0.010)
1. Initial log-likelihood: -9510.917
Optimal log-likelihood: -9510.906
Rate parameters:  A-C: 1.00000  A-G: 1.97170  A-T: 1.00000  C-G: 1.00000  C-T: 1.97170  G-T: 1.00000
Base frequencies:  A: 0.291  C: 0.218  G: 0.193  T: 0.298
Gamma shape alpha: 0.179
Parameters optimization took 1 rounds (0.003 sec)
BEST SCORE FOUND : -9510.906

Testing tree branches by aBayes parametric test...
0.005 sec.
Total tree length: 9.767

Total number of iterations: 122
CPU time used for tree search: 3.923 sec (0h:0m:3s)
Wall-clock time used for tree search: 3.994 sec (0h:0m:3s)
Total CPU time used: 44.359 sec (0h:0m:44s)
Total wall-clock time used: 38.384 sec (0h:0m:38s)

Analysis results written to: 
  IQ-TREE report:                /home/mis/CSE6406-project/work/paper_subset_50x10_L800/ils_low/replicate_03/estimated_gene_trees/L800/hky_g4/locus_0010.iqtree
  Maximum-likelihood tree:       /home/mis/CSE6406-project/work/paper_subset_50x10_L800/ils_low/replicate_03/estimated_gene_trees/L800/hky_g4/locus_0010.treefile
  Likelihood distances:          /home/mis/CSE6406-project/work/paper_subset_50x10_L800/ils_low/replicate_03/estimated_gene_trees/L800/hky_g4/locus_0010.mldist
  Screen log file:               /home/mis/CSE6406-project/work/paper_subset_50x10_L800/ils_low/replicate_03/estimated_gene_trees/L800/hky_g4/locus_0010.log

Date and Time: Fri Sep 11 06:46:29 2026
