IQ-TREE multicore version 2.4.0 for Linux x86 64-bit built Feb 12 2025
Developed by Bui Quang Minh, Nguyen Lam Tung, Olga Chernomor, Heiko Schmidt,
Dominik Schrempf, Michael Woodhams, Ly Trong Nhan, Thomas Wong

Host:    ezmata (AVX2, FMA3, 15 GB RAM)
Command: /home/mis/miniconda3/envs/cse6406/bin/iqtree2 -s /home/mis/CSE6406-project/work/paper_subset_50x10_L800/ils_low/replicate_03/alignments/L800/locus_0040.phy -m HKY+G4 --abayes -T AUTO --seed 6706041 --prefix /home/mis/CSE6406-project/work/paper_subset_50x10_L800/ils_low/replicate_03/estimated_gene_trees/L800/hky_g4/locus_0040 --redo --quiet
Seed:    6706041 (Using SPRNG - Scalable Parallel Random Number Generator)
Time:    Fri Sep 11 07:05:10 2026
Kernel:  AVX+FMA - auto-detect threads (16 CPU cores detected)

Reading alignment file /home/mis/CSE6406-project/work/paper_subset_50x10_L800/ils_low/replicate_03/alignments/L800/locus_0040.phy ... Phylip format detected
Alignment most likely contains DNA/RNA sequences
Alignment has 21 sequences with 800 columns, 422 distinct patterns
368 parsimony-informative, 69 singleton sites, 363 constant sites
        Gap/Ambiguity  Composition  p-value
Analyzing sequences: done in 0.000131828 secs using 62.2% CPU
   1  0_0_0     0.00%    passed     46.14%
   2  16_0_0    0.00%    passed     67.29%
   3  12_0_0    0.00%    passed     66.42%
   4  13_0_0    0.00%    passed     94.19%
   5  17_0_0    0.00%    passed     70.00%
   6  4_0_0     0.00%    passed     78.79%
   7  19_0_0    0.00%    passed     61.33%
   8  10_0_0    0.00%    passed     99.60%
   9  11_0_0    0.00%    passed     85.42%
  10  8_0_0     0.00%    passed     93.02%
  11  20_0_0    0.00%    passed     52.80%
  12  15_0_0    0.00%    passed     95.93%
  13  7_0_0     0.00%    passed     49.81%
  14  5_0_0     0.00%    passed     70.49%
  15  14_0_0    0.00%    passed     64.09%
  16  9_0_0     0.00%    passed     98.42%
  17  6_0_0     0.00%    passed     96.78%
  18  18_0_0    0.00%    passed     94.94%
  19  1_0_0     0.00%    passed     81.99%
  20  3_0_0     0.00%    passed     44.37%
  21  2_0_0     0.00%    passed     56.84%
****  TOTAL     0.00%  0 sequences failed composition chi2 test (p-value<5%; df=3)

Create initial parsimony tree by phylogenetic likelihood library (PLL)... 0.001 seconds

NOTE: 1 MB RAM (0 GB) is required!
Measuring multi-threading efficiency up to 16 CPU cores
Increase to 10 rounds for branch lengths
1850 trees examined
Threads: 1 / Time: 16.010 sec / Speedup: 1.000 / Efficiency: 100% / LogL: -10798
Threads: 2 / Time: 19.577 sec / Speedup: 0.818 / Efficiency: 41% / LogL: -10798
BEST NUMBER OF THREADS: 1

Estimate model parameters (epsilon = 0.100)
1. Initial log-likelihood: -9999.323
2. Current log-likelihood: -9456.601
3. Current log-likelihood: -9388.412
4. Current log-likelihood: -9383.469
5. Current log-likelihood: -9382.760
6. Current log-likelihood: -9382.603
Optimal log-likelihood: -9382.565
Rate parameters:  A-C: 1.00000  A-G: 2.33192  A-T: 1.00000  C-G: 1.00000  C-T: 2.33192  G-T: 1.00000
Base frequencies:  A: 0.317  C: 0.199  G: 0.197  T: 0.287
Gamma shape alpha: 0.201
Parameters optimization took 6 rounds (0.037 sec)
Wrote distance file to... 
Computing ML distances based on estimated model parameters...
Calculating distance matrix: done in 0.00133154 secs using 94.85% CPU
Computing ML distances took 0.001371 sec (of wall-clock time) 0.001300 sec (of CPU time)
Setting up auxiliary I and S matrices: done in 3.0547e-05 secs
Computing RapidNJ tree took 0.000118 sec (of wall-clock time) 0.000000 sec (of CPU time)
Log-likelihood of RapidNJ tree: -9388.670
--------------------------------------------------------------------
|             INITIALIZING CANDIDATE TREE SET                      |
--------------------------------------------------------------------
Generating 98 parsimony trees... 0.099 second
Computing log-likelihood of 98 initial trees ... 0.145 seconds
Current best score: -9382.565

Do NNI search on 20 best initial trees
Estimate model parameters (epsilon = 0.100)
BETTER TREE FOUND at iteration 1: -9358.451
Iteration 10 / LogL: -9358.455 / Time: 0h:0m:36s
Iteration 20 / LogL: -9359.913 / Time: 0h:0m:36s
Finish initializing candidate tree set (6)
Current best tree score: -9358.451 / CPU time: 0.885
Number of iterations: 20
--------------------------------------------------------------------
|               OPTIMIZING CANDIDATE TREE SET                      |
--------------------------------------------------------------------
BETTER TREE FOUND at iteration 28: -9358.451
Iteration 30 / LogL: -9358.452 / Time: 0h:0m:36s (0h:2m:4s left)
UPDATE BEST LOG-LIKELIHOOD: -9358.451
UPDATE BEST LOG-LIKELIHOOD: -9358.451
Iteration 40 / LogL: -9358.451 / Time: 0h:0m:37s (0h:1m:23s left)
Iteration 50 / LogL: -9358.452 / Time: 0h:0m:37s (0h:0m:59s left)
Iteration 60 / LogL: -9359.842 / Time: 0h:0m:37s (0h:0m:43s left)
Iteration 70 / LogL: -9364.470 / Time: 0h:0m:38s (0h:0m:32s left)
Iteration 80 / LogL: -9358.451 / Time: 0h:0m:38s (0h:0m:23s left)
Iteration 90 / LogL: -9359.842 / Time: 0h:0m:38s (0h:0m:16s left)
Iteration 100 / LogL: -9359.865 / Time: 0h:0m:39s (0h:0m:11s left)
Iteration 110 / LogL: -9358.452 / Time: 0h:0m:39s (0h:0m:6s left)
Iteration 120 / LogL: -9358.454 / Time: 0h:0m:39s (0h:0m:2s left)
TREE SEARCH COMPLETED AFTER 129 ITERATIONS / Time: 0h:0m:40s

--------------------------------------------------------------------
|                    FINALIZING TREE SEARCH                        |
--------------------------------------------------------------------
Performs final model parameters optimization
Estimate model parameters (epsilon = 0.010)
1. Initial log-likelihood: -9358.451
Optimal log-likelihood: -9358.451
Rate parameters:  A-C: 1.00000  A-G: 2.31376  A-T: 1.00000  C-G: 1.00000  C-T: 2.31376  G-T: 1.00000
Base frequencies:  A: 0.317  C: 0.199  G: 0.197  T: 0.287
Gamma shape alpha: 0.201
Parameters optimization took 1 rounds (0.003 sec)
BEST SCORE FOUND : -9358.451

Testing tree branches by aBayes parametric test...
0.005 sec.
Total tree length: 10.490

Total number of iterations: 129
CPU time used for tree search: 4.288 sec (0h:0m:4s)
Wall-clock time used for tree search: 4.374 sec (0h:0m:4s)
Total CPU time used: 46.947 sec (0h:0m:46s)
Total wall-clock time used: 40.025 sec (0h:0m:40s)

Analysis results written to: 
  IQ-TREE report:                /home/mis/CSE6406-project/work/paper_subset_50x10_L800/ils_low/replicate_03/estimated_gene_trees/L800/hky_g4/locus_0040.iqtree
  Maximum-likelihood tree:       /home/mis/CSE6406-project/work/paper_subset_50x10_L800/ils_low/replicate_03/estimated_gene_trees/L800/hky_g4/locus_0040.treefile
  Likelihood distances:          /home/mis/CSE6406-project/work/paper_subset_50x10_L800/ils_low/replicate_03/estimated_gene_trees/L800/hky_g4/locus_0040.mldist
  Screen log file:               /home/mis/CSE6406-project/work/paper_subset_50x10_L800/ils_low/replicate_03/estimated_gene_trees/L800/hky_g4/locus_0040.log

Date and Time: Fri Sep 11 07:05:50 2026
