IQ-TREE multicore version 2.4.0 for Linux x86 64-bit built Feb 12 2025
Developed by Bui Quang Minh, Nguyen Lam Tung, Olga Chernomor, Heiko Schmidt,
Dominik Schrempf, Michael Woodhams, Ly Trong Nhan, Thomas Wong

Host:    ezmata (AVX2, FMA3, 15 GB RAM)
Command: /home/mis/miniconda3/envs/cse6406/bin/iqtree2 -s /home/mis/CSE6406-project/work/paper_subset_50x10_L800/ils_low/replicate_03/alignments/L800/locus_0033.phy -m HKY+G4 --abayes -T AUTO --seed 6706034 --prefix /home/mis/CSE6406-project/work/paper_subset_50x10_L800/ils_low/replicate_03/estimated_gene_trees/L800/hky_g4/locus_0033 --redo --quiet
Seed:    6706034 (Using SPRNG - Scalable Parallel Random Number Generator)
Time:    Fri Sep 11 07:00:34 2026
Kernel:  AVX+FMA - auto-detect threads (16 CPU cores detected)

Reading alignment file /home/mis/CSE6406-project/work/paper_subset_50x10_L800/ils_low/replicate_03/alignments/L800/locus_0033.phy ... Phylip format detected
Alignment most likely contains DNA/RNA sequences
Alignment has 21 sequences with 800 columns, 473 distinct patterns
401 parsimony-informative, 84 singleton sites, 315 constant sites
        Gap/Ambiguity  Composition  p-value
Analyzing sequences: done in 0.000124446 secs
   1  0_0_0     0.00%    passed     71.37%
   2  10_0_0    0.00%    passed     80.02%
   3  19_0_0    0.00%    passed     89.49%
   4  4_0_0     0.00%    passed     71.90%
   5  13_0_0    0.00%    passed     74.89%
   6  17_0_0    0.00%    passed     94.44%
   7  12_0_0    0.00%    passed     86.17%
   8  15_0_0    0.00%    passed     90.85%
   9  16_0_0    0.00%    passed     73.66%
  10  11_0_0    0.00%    passed     94.26%
  11  8_0_0     0.00%    passed     74.30%
  12  6_0_0     0.00%    passed     87.58%
  13  9_0_0     0.00%    passed     48.39%
  14  5_0_0     0.00%    passed     97.48%
  15  14_0_0    0.00%    passed     98.61%
  16  7_0_0     0.00%    passed     90.76%
  17  18_0_0    0.00%    passed     71.96%
  18  20_0_0    0.00%    passed     80.27%
  19  2_0_0     0.00%    passed     31.31%
  20  1_0_0     0.00%    passed     75.15%
  21  3_0_0     0.00%    passed     77.08%
****  TOTAL     0.00%  0 sequences failed composition chi2 test (p-value<5%; df=3)

Create initial parsimony tree by phylogenetic likelihood library (PLL)... 0.001 seconds

NOTE: 1 MB RAM (0 GB) is required!
Measuring multi-threading efficiency up to 16 CPU cores
Increase to 10 rounds for branch lengths
1644 trees examined
Threads: 1 / Time: 16.006 sec / Speedup: 1.000 / Efficiency: 100% / LogL: -11757
Threads: 2 / Time: 17.111 sec / Speedup: 0.935 / Efficiency: 47% / LogL: -11757
BEST NUMBER OF THREADS: 1

Estimate model parameters (epsilon = 0.100)
1. Initial log-likelihood: -11114.544
2. Current log-likelihood: -10602.315
3. Current log-likelihood: -10550.688
4. Current log-likelihood: -10548.111
5. Current log-likelihood: -10547.876
Optimal log-likelihood: -10547.840
Rate parameters:  A-C: 1.00000  A-G: 2.03378  A-T: 1.00000  C-G: 1.00000  C-T: 2.03378  G-T: 1.00000
Base frequencies:  A: 0.293  C: 0.199  G: 0.205  T: 0.303
Gamma shape alpha: 0.215
Parameters optimization took 5 rounds (0.034 sec)
Wrote distance file to... 
Computing ML distances based on estimated model parameters...
Calculating distance matrix: done in 0.00126822 secs using 97.77% CPU
Computing ML distances took 0.001304 sec (of wall-clock time) 0.001274 sec (of CPU time)
Setting up auxiliary I and S matrices: done in 2.6692e-05 secs using 846.7% CPU
Computing RapidNJ tree took 0.000098 sec (of wall-clock time) 0.000298 sec (of CPU time)
Log-likelihood of RapidNJ tree: -10548.122
--------------------------------------------------------------------
|             INITIALIZING CANDIDATE TREE SET                      |
--------------------------------------------------------------------
Generating 98 parsimony trees... 0.096 second
Computing log-likelihood of 98 initial trees ... 0.174 seconds
Current best score: -10547.840

Do NNI search on 20 best initial trees
Estimate model parameters (epsilon = 0.100)
BETTER TREE FOUND at iteration 1: -10537.808
Estimate model parameters (epsilon = 0.100)
BETTER TREE FOUND at iteration 3: -10533.738
Estimate model parameters (epsilon = 0.100)
BETTER TREE FOUND at iteration 8: -10533.041
Estimate model parameters (epsilon = 0.100)
BETTER TREE FOUND at iteration 9: -10532.378
Iteration 10 / LogL: -10532.967 / Time: 0h:0m:33s
Iteration 20 / LogL: -10532.958 / Time: 0h:0m:34s
Finish initializing candidate tree set (14)
Current best tree score: -10532.378 / CPU time: 1.018
Number of iterations: 20
--------------------------------------------------------------------
|               OPTIMIZING CANDIDATE TREE SET                      |
--------------------------------------------------------------------
BETTER TREE FOUND at iteration 21: -10532.378
UPDATE BEST LOG-LIKELIHOOD: -10532.378
Iteration 30 / LogL: -10533.045 / Time: 0h:0m:34s (0h:1m:48s left)
Iteration 40 / LogL: -10532.411 / Time: 0h:0m:34s (0h:1m:12s left)
Iteration 50 / LogL: -10532.958 / Time: 0h:0m:35s (0h:0m:50s left)
UPDATE BEST LOG-LIKELIHOOD: -10532.378
Iteration 60 / LogL: -10532.958 / Time: 0h:0m:35s (0h:0m:36s left)
UPDATE BEST LOG-LIKELIHOOD: -10532.378
Iteration 70 / LogL: -10552.315 / Time: 0h:0m:35s (0h:0m:26s left)
Iteration 80 / LogL: -10532.972 / Time: 0h:0m:36s (0h:0m:18s left)
UPDATE BEST LOG-LIKELIHOOD: -10532.378
Iteration 90 / LogL: -10533.046 / Time: 0h:0m:36s (0h:0m:12s left)
Iteration 100 / LogL: -10532.378 / Time: 0h:0m:36s (0h:0m:7s left)
UPDATE BEST LOG-LIKELIHOOD: -10532.378
Iteration 110 / LogL: -10532.963 / Time: 0h:0m:37s (0h:0m:3s left)
Iteration 120 / LogL: -10534.519 / Time: 0h:0m:37s (0h:0m:0s left)
TREE SEARCH COMPLETED AFTER 122 ITERATIONS / Time: 0h:0m:37s

--------------------------------------------------------------------
|                    FINALIZING TREE SEARCH                        |
--------------------------------------------------------------------
Performs final model parameters optimization
Estimate model parameters (epsilon = 0.010)
1. Initial log-likelihood: -10532.378
Optimal log-likelihood: -10532.377
Rate parameters:  A-C: 1.00000  A-G: 2.02920  A-T: 1.00000  C-G: 1.00000  C-T: 2.02920  G-T: 1.00000
Base frequencies:  A: 0.293  C: 0.199  G: 0.205  T: 0.303
Gamma shape alpha: 0.215
Parameters optimization took 1 rounds (0.004 sec)
BEST SCORE FOUND : -10532.377

Testing tree branches by aBayes parametric test...
0.006 sec.
Total tree length: 10.494

Total number of iterations: 122
CPU time used for tree search: 4.316 sec (0h:0m:4s)
Wall-clock time used for tree search: 4.375 sec (0h:0m:4s)
Total CPU time used: 43.839 sec (0h:0m:43s)
Total wall-clock time used: 37.552 sec (0h:0m:37s)

Analysis results written to: 
  IQ-TREE report:                /home/mis/CSE6406-project/work/paper_subset_50x10_L800/ils_low/replicate_03/estimated_gene_trees/L800/hky_g4/locus_0033.iqtree
  Maximum-likelihood tree:       /home/mis/CSE6406-project/work/paper_subset_50x10_L800/ils_low/replicate_03/estimated_gene_trees/L800/hky_g4/locus_0033.treefile
  Likelihood distances:          /home/mis/CSE6406-project/work/paper_subset_50x10_L800/ils_low/replicate_03/estimated_gene_trees/L800/hky_g4/locus_0033.mldist
  Screen log file:               /home/mis/CSE6406-project/work/paper_subset_50x10_L800/ils_low/replicate_03/estimated_gene_trees/L800/hky_g4/locus_0033.log

Date and Time: Fri Sep 11 07:01:12 2026
