IQ-TREE multicore version 2.4.0 for Linux x86 64-bit built Feb 12 2025
Developed by Bui Quang Minh, Nguyen Lam Tung, Olga Chernomor, Heiko Schmidt,
Dominik Schrempf, Michael Woodhams, Ly Trong Nhan, Thomas Wong

Host:    ezmata (AVX2, FMA3, 15 GB RAM)
Command: /home/mis/miniconda3/envs/cse6406/bin/iqtree2 -s /home/mis/CSE6406-project/work/paper_subset_50x10_L800/ils_low/replicate_03/alignments/L800/locus_0006.phy -m HKY+G4 --abayes -T AUTO --seed 6706007 --prefix /home/mis/CSE6406-project/work/paper_subset_50x10_L800/ils_low/replicate_03/estimated_gene_trees/L800/hky_g4/locus_0006 --redo --quiet
Seed:    6706007 (Using SPRNG - Scalable Parallel Random Number Generator)
Time:    Fri Sep 11 06:43:25 2026
Kernel:  AVX+FMA - auto-detect threads (16 CPU cores detected)

Reading alignment file /home/mis/CSE6406-project/work/paper_subset_50x10_L800/ils_low/replicate_03/alignments/L800/locus_0006.phy ... Phylip format detected
Alignment most likely contains DNA/RNA sequences
Alignment has 21 sequences with 800 columns, 435 distinct patterns
369 parsimony-informative, 71 singleton sites, 360 constant sites
        Gap/Ambiguity  Composition  p-value
Analyzing sequences: done in 0.000186129 secs
   1  2_0_0     0.00%    passed     94.11%
   2  3_0_0     0.00%    passed     84.26%
   3  1_0_0     0.00%    passed     71.94%
   4  13_0_0    0.00%    passed     98.82%
   5  4_0_0     0.00%    passed     85.36%
   6  17_0_0    0.00%    passed     96.29%
   7  12_0_0    0.00%    passed     92.86%
   8  19_0_0    0.00%    passed     60.51%
   9  10_0_0    0.00%    passed     42.47%
  10  16_0_0    0.00%    passed     68.38%
  11  15_0_0    0.00%    passed     98.38%
  12  11_0_0    0.00%    passed     74.82%
  13  8_0_0     0.00%    passed     59.23%
  14  20_0_0    0.00%    passed     78.52%
  15  18_0_0    0.00%    passed     39.82%
  16  5_0_0     0.00%    passed     90.06%
  17  14_0_0    0.00%    passed     97.86%
  18  7_0_0     0.00%    passed     74.90%
  19  9_0_0     0.00%    passed     94.12%
  20  6_0_0     0.00%    passed     96.45%
  21  0_0_0     0.00%    passed     91.98%
****  TOTAL     0.00%  0 sequences failed composition chi2 test (p-value<5%; df=3)

Create initial parsimony tree by phylogenetic likelihood library (PLL)... 0.001 seconds

NOTE: 1 MB RAM (0 GB) is required!
Measuring multi-threading efficiency up to 16 CPU cores
Increase to 10 rounds for branch lengths
1800 trees examined
Threads: 1 / Time: 16.001 sec / Speedup: 1.000 / Efficiency: 100% / LogL: -11047
Threads: 2 / Time: 17.691 sec / Speedup: 0.904 / Efficiency: 45% / LogL: -11047
BEST NUMBER OF THREADS: 1

Estimate model parameters (epsilon = 0.100)
1. Initial log-likelihood: -10260.786
2. Current log-likelihood: -9722.374
3. Current log-likelihood: -9669.907
4. Current log-likelihood: -9665.785
5. Current log-likelihood: -9665.153
6. Current log-likelihood: -9665.040
Optimal log-likelihood: -9664.988
Rate parameters:  A-C: 1.00000  A-G: 2.12455  A-T: 1.00000  C-G: 1.00000  C-T: 2.12455  G-T: 1.00000
Base frequencies:  A: 0.338  C: 0.196  G: 0.174  T: 0.291
Gamma shape alpha: 0.198
Parameters optimization took 6 rounds (0.041 sec)
Wrote distance file to... 
Computing ML distances based on estimated model parameters...
Calculating distance matrix: done in 0.00136418 secs using 98.89% CPU
Computing ML distances took 0.001402 sec (of wall-clock time) 0.001384 sec (of CPU time)
Setting up auxiliary I and S matrices: done in 3.0273e-05 secs using 1004% CPU
Computing RapidNJ tree took 0.000110 sec (of wall-clock time) 0.000384 sec (of CPU time)
Log-likelihood of RapidNJ tree: -9654.099
--------------------------------------------------------------------
|             INITIALIZING CANDIDATE TREE SET                      |
--------------------------------------------------------------------
Generating 98 parsimony trees... 0.103 second
Computing log-likelihood of 98 initial trees ... 0.166 seconds
Current best score: -9654.099

Do NNI search on 20 best initial trees
Estimate model parameters (epsilon = 0.100)
BETTER TREE FOUND at iteration 1: -9644.273
Estimate model parameters (epsilon = 0.100)
BETTER TREE FOUND at iteration 2: -9636.859
Iteration 10 / LogL: -9636.878 / Time: 0h:0m:34s
Iteration 20 / LogL: -9644.273 / Time: 0h:0m:34s
Finish initializing candidate tree set (7)
Current best tree score: -9636.859 / CPU time: 0.751
Number of iterations: 20
--------------------------------------------------------------------
|               OPTIMIZING CANDIDATE TREE SET                      |
--------------------------------------------------------------------
Iteration 30 / LogL: -9636.860 / Time: 0h:0m:34s (0h:1m:26s left)
Iteration 40 / LogL: -9643.972 / Time: 0h:0m:34s (0h:0m:55s left)
Iteration 50 / LogL: -9636.897 / Time: 0h:0m:35s (0h:0m:37s left)
Iteration 60 / LogL: -9636.865 / Time: 0h:0m:35s (0h:0m:25s left)
Iteration 70 / LogL: -9644.016 / Time: 0h:0m:35s (0h:0m:16s left)
Iteration 80 / LogL: -9636.906 / Time: 0h:0m:35s (0h:0m:10s left)
Iteration 90 / LogL: -9643.769 / Time: 0h:0m:36s (0h:0m:4s left)
Iteration 100 / LogL: -9636.863 / Time: 0h:0m:36s (0h:0m:0s left)
TREE SEARCH COMPLETED AFTER 103 ITERATIONS / Time: 0h:0m:36s

--------------------------------------------------------------------
|                    FINALIZING TREE SEARCH                        |
--------------------------------------------------------------------
Performs final model parameters optimization
Estimate model parameters (epsilon = 0.010)
1. Initial log-likelihood: -9636.859
Optimal log-likelihood: -9636.859
Rate parameters:  A-C: 1.00000  A-G: 2.12141  A-T: 1.00000  C-G: 1.00000  C-T: 2.12141  G-T: 1.00000
Base frequencies:  A: 0.338  C: 0.196  G: 0.174  T: 0.291
Gamma shape alpha: 0.198
Parameters optimization took 1 rounds (0.004 sec)
BEST SCORE FOUND : -9636.859

Testing tree branches by aBayes parametric test...
0.005 sec.
Total tree length: 9.504

Total number of iterations: 103
CPU time used for tree search: 2.762 sec (0h:0m:2s)
Wall-clock time used for tree search: 2.797 sec (0h:0m:2s)
Total CPU time used: 42.840 sec (0h:0m:42s)
Total wall-clock time used: 36.554 sec (0h:0m:36s)

Analysis results written to: 
  IQ-TREE report:                /home/mis/CSE6406-project/work/paper_subset_50x10_L800/ils_low/replicate_03/estimated_gene_trees/L800/hky_g4/locus_0006.iqtree
  Maximum-likelihood tree:       /home/mis/CSE6406-project/work/paper_subset_50x10_L800/ils_low/replicate_03/estimated_gene_trees/L800/hky_g4/locus_0006.treefile
  Likelihood distances:          /home/mis/CSE6406-project/work/paper_subset_50x10_L800/ils_low/replicate_03/estimated_gene_trees/L800/hky_g4/locus_0006.mldist
  Screen log file:               /home/mis/CSE6406-project/work/paper_subset_50x10_L800/ils_low/replicate_03/estimated_gene_trees/L800/hky_g4/locus_0006.log

Date and Time: Fri Sep 11 06:44:01 2026
