IQ-TREE multicore version 2.4.0 for Linux x86 64-bit built Feb 12 2025
Developed by Bui Quang Minh, Nguyen Lam Tung, Olga Chernomor, Heiko Schmidt,
Dominik Schrempf, Michael Woodhams, Ly Trong Nhan, Thomas Wong

Host:    ezmata (AVX2, FMA3, 15 GB RAM)
Command: /home/mis/miniconda3/envs/cse6406/bin/iqtree2 -s /home/mis/CSE6406-project/work/paper_subset_50x10_L200/ils_low/replicate_03/alignments/L200/locus_0010.phy -m JC --abayes -T 1 --seed 6706011 --prefix /home/mis/CSE6406-project/work/paper_subset_50x10_L200/ils_low/replicate_03/estimated_gene_trees/L200/jc/locus_0010 --redo --quiet
Seed:    6706011 (Using SPRNG - Scalable Parallel Random Number Generator)
Time:    Sat Sep 12 21:32:35 2026
Kernel:  AVX+FMA - 1 threads (16 CPU cores detected)

HINT: Use -nt option to specify number of threads because your CPU has 16 cores!
HINT: -nt AUTO will automatically determine the best number of threads to use.

Reading alignment file /home/mis/CSE6406-project/work/paper_subset_50x10_L200/ils_low/replicate_03/alignments/L200/locus_0010.phy ... Phylip format detected
Alignment most likely contains DNA/RNA sequences
Alignment has 21 sequences with 200 columns, 112 distinct patterns
92 parsimony-informative, 16 singleton sites, 92 constant sites
        Gap/Ambiguity  Composition  p-value
Analyzing sequences: done in 1.6883e-05 secs using 94.77% CPU
   1  0_0_0     0.00%    passed     73.79%
   2  2_0_0     0.00%    passed     83.62%
   3  1_0_0     0.00%    passed     79.43%
   4  3_0_0     0.00%    passed     89.77%
   5  20_0_0    0.00%    passed     73.32%
   6  15_0_0    0.00%    passed     45.88%
   7  19_0_0    0.00%    passed     93.61%
   8  10_0_0    0.00%    passed     95.95%
   9  17_0_0    0.00%    passed     65.84%
  10  4_0_0     0.00%    passed     94.65%
  11  13_0_0    0.00%    passed     84.00%
  12  12_0_0    0.00%    passed     96.29%
  13  16_0_0    0.00%    passed     88.40%
  14  8_0_0     0.00%    passed     96.93%
  15  11_0_0    0.00%    passed     75.26%
  16  18_0_0    0.00%    passed     86.74%
  17  14_0_0    0.00%    passed     89.07%
  18  5_0_0     0.00%    passed     46.64%
  19  7_0_0     0.00%    passed     74.11%
  20  9_0_0     0.00%    passed     91.58%
  21  6_0_0     0.00%    passed     64.34%
****  TOTAL     0.00%  0 sequences failed composition chi2 test (p-value<5%; df=3)

Create initial parsimony tree by phylogenetic likelihood library (PLL)... 0.001 seconds

NOTE: 0 MB RAM (0 GB) is required!
Estimate model parameters (epsilon = 0.100)
1. Initial log-likelihood: -2785.974
Optimal log-likelihood: -2778.119
Rate parameters:  A-C: 1.00000  A-G: 1.00000  A-T: 1.00000  C-G: 1.00000  C-T: 1.00000  G-T: 1.00000
Base frequencies:  A: 0.250  C: 0.250  G: 0.250  T: 0.250
Parameters optimization took 1 rounds (0.001 sec)
Wrote distance file to... 
Computing ML distances based on estimated model parameters...
Calculating distance matrix: done in 0.000938431 secs using 99.95% CPU
Computing ML distances took 0.000985 sec (of wall-clock time) 0.000989 sec (of CPU time)
Setting up auxiliary I and S matrices: done in 3.7129e-05 secs using 99.65% CPU
Computing RapidNJ tree took 0.000147 sec (of wall-clock time) 0.000146 sec (of CPU time)
Log-likelihood of RapidNJ tree: -2795.491
--------------------------------------------------------------------
|             INITIALIZING CANDIDATE TREE SET                      |
--------------------------------------------------------------------
Generating 98 parsimony trees... 0.109 second
Computing log-likelihood of 98 initial trees ... 0.083 seconds
Current best score: -2778.119

Do NNI search on 20 best initial trees
Estimate model parameters (epsilon = 0.100)
BETTER TREE FOUND at iteration 1: -2778.118
Iteration 10 / LogL: -2782.026 / Time: 0h:0m:0s
Iteration 20 / LogL: -2781.077 / Time: 0h:0m:0s
Finish initializing candidate tree set (9)
Current best tree score: -2778.118 / CPU time: 0.309
Number of iterations: 20
--------------------------------------------------------------------
|               OPTIMIZING CANDIDATE TREE SET                      |
--------------------------------------------------------------------
Iteration 30 / LogL: -2781.079 / Time: 0h:0m:0s (0h:0m:1s left)
Iteration 40 / LogL: -2781.058 / Time: 0h:0m:0s (0h:0m:0s left)
Iteration 50 / LogL: -2778.131 / Time: 0h:0m:0s (0h:0m:0s left)
Iteration 60 / LogL: -2781.462 / Time: 0h:0m:0s (0h:0m:0s left)
Iteration 70 / LogL: -2778.377 / Time: 0h:0m:0s (0h:0m:0s left)
Iteration 80 / LogL: -2778.846 / Time: 0h:0m:0s (0h:0m:0s left)
Iteration 90 / LogL: -2778.156 / Time: 0h:0m:1s (0h:0m:0s left)
Iteration 100 / LogL: -2778.130 / Time: 0h:0m:1s (0h:0m:0s left)
TREE SEARCH COMPLETED AFTER 102 ITERATIONS / Time: 0h:0m:1s

--------------------------------------------------------------------
|                    FINALIZING TREE SEARCH                        |
--------------------------------------------------------------------
Performs final model parameters optimization
Estimate model parameters (epsilon = 0.010)
1. Initial log-likelihood: -2778.118
Optimal log-likelihood: -2778.118
Rate parameters:  A-C: 1.00000  A-G: 1.00000  A-T: 1.00000  C-G: 1.00000  C-T: 1.00000  G-T: 1.00000
Base frequencies:  A: 0.250  C: 0.250  G: 0.250  T: 0.250
Parameters optimization took 1 rounds (0.001 sec)
BEST SCORE FOUND : -2778.118

Testing tree branches by aBayes parametric test...
0.003 sec.
Total tree length: 3.269

Total number of iterations: 102
CPU time used for tree search: 1.122 sec (0h:0m:1s)
Wall-clock time used for tree search: 1.188 sec (0h:0m:1s)
Total CPU time used: 1.143 sec (0h:0m:1s)
Total wall-clock time used: 1.208 sec (0h:0m:1s)

Analysis results written to: 
  IQ-TREE report:                /home/mis/CSE6406-project/work/paper_subset_50x10_L200/ils_low/replicate_03/estimated_gene_trees/L200/jc/locus_0010.iqtree
  Maximum-likelihood tree:       /home/mis/CSE6406-project/work/paper_subset_50x10_L200/ils_low/replicate_03/estimated_gene_trees/L200/jc/locus_0010.treefile
  Likelihood distances:          /home/mis/CSE6406-project/work/paper_subset_50x10_L200/ils_low/replicate_03/estimated_gene_trees/L200/jc/locus_0010.mldist
  Screen log file:               /home/mis/CSE6406-project/work/paper_subset_50x10_L200/ils_low/replicate_03/estimated_gene_trees/L200/jc/locus_0010.log

Date and Time: Sat Sep 12 21:32:36 2026
