IQ-TREE multicore version 2.4.0 for Linux x86 64-bit built Feb 12 2025
Developed by Bui Quang Minh, Nguyen Lam Tung, Olga Chernomor, Heiko Schmidt,
Dominik Schrempf, Michael Woodhams, Ly Trong Nhan, Thomas Wong

Host:    ezmata (AVX2, FMA3, 15 GB RAM)
Command: /home/mis/miniconda3/envs/cse6406/bin/iqtree2 -s /home/mis/CSE6406-project/work/paper_subset_50x10_L200/ils_low/replicate_03/alignments/L200/locus_0024.phy -m JC --abayes -T 1 --seed 6706025 --prefix /home/mis/CSE6406-project/work/paper_subset_50x10_L200/ils_low/replicate_03/estimated_gene_trees/L200/jc/locus_0024 --redo --quiet
Seed:    6706025 (Using SPRNG - Scalable Parallel Random Number Generator)
Time:    Sat Sep 12 21:32:37 2026
Kernel:  AVX+FMA - 1 threads (16 CPU cores detected)

HINT: Use -nt option to specify number of threads because your CPU has 16 cores!
HINT: -nt AUTO will automatically determine the best number of threads to use.

Reading alignment file /home/mis/CSE6406-project/work/paper_subset_50x10_L200/ils_low/replicate_03/alignments/L200/locus_0024.phy ... Phylip format detected
Alignment most likely contains DNA/RNA sequences
Alignment has 21 sequences with 200 columns, 112 distinct patterns
93 parsimony-informative, 16 singleton sites, 91 constant sites
        Gap/Ambiguity  Composition  p-value
Analyzing sequences: done in 9.48699e-06 secs using 52.7% CPU
   1  1_0_0     0.00%    passed     74.96%
   2  3_0_0     0.00%    passed     70.05%
   3  2_0_0     0.00%    passed     96.53%
   4  8_0_0     0.00%    passed     91.98%
   5  11_0_0    0.00%    passed     88.20%
   6  16_0_0    0.00%    passed     65.03%
   7  10_0_0    0.00%    passed     98.94%
   8  19_0_0    0.00%    passed     96.01%
   9  13_0_0    0.00%    passed     94.17%
  10  4_0_0     0.00%    passed     89.58%
  11  17_0_0    0.00%    passed     90.95%
  12  12_0_0    0.00%    passed     74.39%
  13  15_0_0    0.00%    passed     96.96%
  14  20_0_0    0.00%    passed     93.57%
  15  18_0_0    0.00%    passed     64.60%
  16  6_0_0     0.00%    passed     83.44%
  17  9_0_0     0.00%    passed     90.02%
  18  5_0_0     0.00%    passed     32.39%
  19  14_0_0    0.00%    passed     75.39%
  20  7_0_0     0.00%    passed     81.73%
  21  0_0_0     0.00%    passed     56.98%
****  TOTAL     0.00%  0 sequences failed composition chi2 test (p-value<5%; df=3)

Create initial parsimony tree by phylogenetic likelihood library (PLL)... 0.001 seconds

NOTE: 0 MB RAM (0 GB) is required!
Estimate model parameters (epsilon = 0.100)
1. Initial log-likelihood: -2948.142
Optimal log-likelihood: -2939.325
Rate parameters:  A-C: 1.00000  A-G: 1.00000  A-T: 1.00000  C-G: 1.00000  C-T: 1.00000  G-T: 1.00000
Base frequencies:  A: 0.250  C: 0.250  G: 0.250  T: 0.250
Parameters optimization took 1 rounds (0.001 sec)
Wrote distance file to... 
Computing ML distances based on estimated model parameters...
Calculating distance matrix: done in 0.00071466 secs using 99.91% CPU
Computing ML distances took 0.000748 sec (of wall-clock time) 0.000750 sec (of CPU time)
Setting up auxiliary I and S matrices: done in 6.7396e-05 secs
Computing RapidNJ tree took 0.000264 sec (of wall-clock time) 0.000000 sec (of CPU time)
Log-likelihood of RapidNJ tree: -2950.651
--------------------------------------------------------------------
|             INITIALIZING CANDIDATE TREE SET                      |
--------------------------------------------------------------------
Generating 98 parsimony trees... 0.076 second
Computing log-likelihood of 98 initial trees ... 0.051 seconds
Current best score: -2937.510

Do NNI search on 20 best initial trees
Estimate model parameters (epsilon = 0.100)
BETTER TREE FOUND at iteration 1: -2935.920
Estimate model parameters (epsilon = 0.100)
BETTER TREE FOUND at iteration 2: -2934.805
Iteration 10 / LogL: -2939.948 / Time: 0h:0m:0s
Iteration 20 / LogL: -2941.472 / Time: 0h:0m:0s
Finish initializing candidate tree set (18)
Current best tree score: -2934.805 / CPU time: 0.191
Number of iterations: 20
--------------------------------------------------------------------
|               OPTIMIZING CANDIDATE TREE SET                      |
--------------------------------------------------------------------
Estimate model parameters (epsilon = 0.100)
UPDATE BEST LOG-LIKELIHOOD: -2934.743
Iteration 30 / LogL: -2935.106 / Time: 0h:0m:0s (0h:0m:0s left)
Iteration 40 / LogL: -2934.798 / Time: 0h:0m:0s (0h:0m:0s left)
Iteration 50 / LogL: -2935.193 / Time: 0h:0m:0s (0h:0m:0s left)
Iteration 60 / LogL: -2940.624 / Time: 0h:0m:0s (0h:0m:0s left)
Iteration 70 / LogL: -2934.882 / Time: 0h:0m:0s (0h:0m:0s left)
Iteration 80 / LogL: -2935.026 / Time: 0h:0m:0s (0h:0m:0s left)
Iteration 90 / LogL: -2937.029 / Time: 0h:0m:0s (0h:0m:0s left)
Iteration 100 / LogL: -2934.756 / Time: 0h:0m:0s (0h:0m:0s left)
TREE SEARCH COMPLETED AFTER 103 ITERATIONS / Time: 0h:0m:0s

--------------------------------------------------------------------
|                    FINALIZING TREE SEARCH                        |
--------------------------------------------------------------------
Performs final model parameters optimization
Estimate model parameters (epsilon = 0.010)
1. Initial log-likelihood: -2934.743
Optimal log-likelihood: -2934.743
Rate parameters:  A-C: 1.00000  A-G: 1.00000  A-T: 1.00000  C-G: 1.00000  C-T: 1.00000  G-T: 1.00000
Base frequencies:  A: 0.250  C: 0.250  G: 0.250  T: 0.250
Parameters optimization took 1 rounds (0.001 sec)
BEST SCORE FOUND : -2934.743

Testing tree branches by aBayes parametric test...
0.002 sec.
Total tree length: 3.663

Total number of iterations: 103
CPU time used for tree search: 0.645 sec (0h:0m:0s)
Wall-clock time used for tree search: 0.695 sec (0h:0m:0s)
Total CPU time used: 0.659 sec (0h:0m:0s)
Total wall-clock time used: 0.710 sec (0h:0m:0s)

Analysis results written to: 
  IQ-TREE report:                /home/mis/CSE6406-project/work/paper_subset_50x10_L200/ils_low/replicate_03/estimated_gene_trees/L200/jc/locus_0024.iqtree
  Maximum-likelihood tree:       /home/mis/CSE6406-project/work/paper_subset_50x10_L200/ils_low/replicate_03/estimated_gene_trees/L200/jc/locus_0024.treefile
  Likelihood distances:          /home/mis/CSE6406-project/work/paper_subset_50x10_L200/ils_low/replicate_03/estimated_gene_trees/L200/jc/locus_0024.mldist
  Screen log file:               /home/mis/CSE6406-project/work/paper_subset_50x10_L200/ils_low/replicate_03/estimated_gene_trees/L200/jc/locus_0024.log

Date and Time: Sat Sep 12 21:32:37 2026
