IQ-TREE multicore version 2.4.0 for Linux x86 64-bit built Feb 12 2025
Developed by Bui Quang Minh, Nguyen Lam Tung, Olga Chernomor, Heiko Schmidt,
Dominik Schrempf, Michael Woodhams, Ly Trong Nhan, Thomas Wong

Host:    ezmata (AVX2, FMA3, 15 GB RAM)
Command: /home/mis/miniconda3/envs/cse6406/bin/iqtree2 -s /home/mis/CSE6406-project/work/paper_subset_50x10_L200/ils_low/replicate_03/alignments/L200/locus_0032.phy -m JC --abayes -T 1 --seed 6706033 --prefix /home/mis/CSE6406-project/work/paper_subset_50x10_L200/ils_low/replicate_03/estimated_gene_trees/L200/jc/locus_0032 --redo --quiet
Seed:    6706033 (Using SPRNG - Scalable Parallel Random Number Generator)
Time:    Sat Sep 12 21:32:38 2026
Kernel:  AVX+FMA - 1 threads (16 CPU cores detected)

HINT: Use -nt option to specify number of threads because your CPU has 16 cores!
HINT: -nt AUTO will automatically determine the best number of threads to use.

Reading alignment file /home/mis/CSE6406-project/work/paper_subset_50x10_L200/ils_low/replicate_03/alignments/L200/locus_0032.phy ... Phylip format detected
Alignment most likely contains DNA/RNA sequences
Alignment has 21 sequences with 200 columns, 107 distinct patterns
89 parsimony-informative, 14 singleton sites, 97 constant sites
        Gap/Ambiguity  Composition  p-value
Analyzing sequences: done in 1.6444e-05 secs using 54.73% CPU
   1  20_0_0    0.00%    passed     76.82%
   2  6_0_0     0.00%    passed     71.82%
   3  9_0_0     0.00%    passed     79.54%
   4  7_0_0     0.00%    passed     98.98%
   5  14_0_0    0.00%    passed     37.37%
   6  5_0_0     0.00%    passed     76.06%
   7  18_0_0    0.00%    passed     99.84%
   8  16_0_0    0.00%    passed     93.87%
   9  13_0_0    0.00%    passed     67.16%
  10  17_0_0    0.00%    passed     53.79%
  11  4_0_0     0.00%    passed     61.35%
  12  12_0_0    0.00%    passed     62.52%
  13  10_0_0    0.00%    passed     65.75%
  14  19_0_0    0.00%    passed     61.57%
  15  11_0_0    0.00%    passed     97.48%
  16  8_0_0     0.00%    passed     76.60%
  17  15_0_0    0.00%    passed     84.38%
  18  2_0_0     0.00%    passed     96.37%
  19  1_0_0     0.00%    passed     86.99%
  20  3_0_0     0.00%    passed     62.23%
  21  0_0_0     0.00%    passed     75.36%
****  TOTAL     0.00%  0 sequences failed composition chi2 test (p-value<5%; df=3)

Create initial parsimony tree by phylogenetic likelihood library (PLL)... 0.001 seconds

NOTE: 0 MB RAM (0 GB) is required!
Estimate model parameters (epsilon = 0.100)
1. Initial log-likelihood: -2937.336
Optimal log-likelihood: -2930.463
Rate parameters:  A-C: 1.00000  A-G: 1.00000  A-T: 1.00000  C-G: 1.00000  C-T: 1.00000  G-T: 1.00000
Base frequencies:  A: 0.250  C: 0.250  G: 0.250  T: 0.250
Parameters optimization took 1 rounds (0.001 sec)
Wrote distance file to... 
Computing ML distances based on estimated model parameters...
Calculating distance matrix: done in 0.000659367 secs using 99.94% CPU
Computing ML distances took 0.000683 sec (of wall-clock time) 0.000684 sec (of CPU time)
Setting up auxiliary I and S matrices: done in 5.8101e-05 secs using 98.11% CPU
Computing RapidNJ tree took 0.000217 sec (of wall-clock time) 0.000425 sec (of CPU time)
Log-likelihood of RapidNJ tree: -2958.577
--------------------------------------------------------------------
|             INITIALIZING CANDIDATE TREE SET                      |
--------------------------------------------------------------------
Generating 98 parsimony trees... 0.096 second
Computing log-likelihood of 98 initial trees ... 0.073 seconds
Current best score: -2928.062

Do NNI search on 20 best initial trees
Estimate model parameters (epsilon = 0.100)
BETTER TREE FOUND at iteration 1: -2924.929
Iteration 10 / LogL: -2931.627 / Time: 0h:0m:0s
Iteration 20 / LogL: -2929.668 / Time: 0h:0m:0s
Finish initializing candidate tree set (17)
Current best tree score: -2924.929 / CPU time: 0.220
Number of iterations: 20
--------------------------------------------------------------------
|               OPTIMIZING CANDIDATE TREE SET                      |
--------------------------------------------------------------------
Iteration 30 / LogL: -2927.355 / Time: 0h:0m:0s (0h:0m:0s left)
Iteration 40 / LogL: -2929.695 / Time: 0h:0m:0s (0h:0m:0s left)
Iteration 50 / LogL: -2925.356 / Time: 0h:0m:0s (0h:0m:0s left)
Iteration 60 / LogL: -2925.338 / Time: 0h:0m:0s (0h:0m:0s left)
Iteration 70 / LogL: -2926.758 / Time: 0h:0m:0s (0h:0m:0s left)
Iteration 80 / LogL: -2925.040 / Time: 0h:0m:0s (0h:0m:0s left)
Iteration 90 / LogL: -2927.352 / Time: 0h:0m:0s (0h:0m:0s left)
Iteration 100 / LogL: -2932.994 / Time: 0h:0m:0s (0h:0m:0s left)
TREE SEARCH COMPLETED AFTER 102 ITERATIONS / Time: 0h:0m:0s

--------------------------------------------------------------------
|                    FINALIZING TREE SEARCH                        |
--------------------------------------------------------------------
Performs final model parameters optimization
Estimate model parameters (epsilon = 0.010)
1. Initial log-likelihood: -2924.929
Optimal log-likelihood: -2924.929
Rate parameters:  A-C: 1.00000  A-G: 1.00000  A-T: 1.00000  C-G: 1.00000  C-T: 1.00000  G-T: 1.00000
Base frequencies:  A: 0.250  C: 0.250  G: 0.250  T: 0.250
Parameters optimization took 1 rounds (0.000 sec)
BEST SCORE FOUND : -2924.929

Testing tree branches by aBayes parametric test...
0.001 sec.
Total tree length: 3.564

Total number of iterations: 102
CPU time used for tree search: 0.657 sec (0h:0m:0s)
Wall-clock time used for tree search: 0.721 sec (0h:0m:0s)
Total CPU time used: 0.671 sec (0h:0m:0s)
Total wall-clock time used: 0.735 sec (0h:0m:0s)

Analysis results written to: 
  IQ-TREE report:                /home/mis/CSE6406-project/work/paper_subset_50x10_L200/ils_low/replicate_03/estimated_gene_trees/L200/jc/locus_0032.iqtree
  Maximum-likelihood tree:       /home/mis/CSE6406-project/work/paper_subset_50x10_L200/ils_low/replicate_03/estimated_gene_trees/L200/jc/locus_0032.treefile
  Likelihood distances:          /home/mis/CSE6406-project/work/paper_subset_50x10_L200/ils_low/replicate_03/estimated_gene_trees/L200/jc/locus_0032.mldist
  Screen log file:               /home/mis/CSE6406-project/work/paper_subset_50x10_L200/ils_low/replicate_03/estimated_gene_trees/L200/jc/locus_0032.log

Date and Time: Sat Sep 12 21:32:39 2026
