IQ-TREE multicore version 2.4.0 for Linux x86 64-bit built Feb 12 2025
Developed by Bui Quang Minh, Nguyen Lam Tung, Olga Chernomor, Heiko Schmidt,
Dominik Schrempf, Michael Woodhams, Ly Trong Nhan, Thomas Wong

Host:    ezmata (AVX2, FMA3, 15 GB RAM)
Command: /home/mis/miniconda3/envs/cse6406/bin/iqtree2 -s /home/mis/CSE6406-project/work/paper_subset_10x2_L200_800/ils_low/replicate_01/alignments/L200/locus_0004.phy -m JC --abayes -T AUTO --seed 6506005 --prefix /home/mis/CSE6406-project/work/paper_subset_10x2_L200_800/ils_low/replicate_01/estimated_gene_trees/L200/jc/locus_0004 --redo --quiet
Seed:    6506005 (Using SPRNG - Scalable Parallel Random Number Generator)
Time:    Thu Sep 10 16:08:04 2026
Kernel:  AVX+FMA - auto-detect threads (16 CPU cores detected)

Reading alignment file /home/mis/CSE6406-project/work/paper_subset_10x2_L200_800/ils_low/replicate_01/alignments/L200/locus_0004.phy ... Phylip format detected
Alignment most likely contains DNA/RNA sequences
Alignment has 21 sequences with 200 columns, 20 distinct patterns
1 parsimony-informative, 16 singleton sites, 183 constant sites
        Gap/Ambiguity  Composition  p-value
Analyzing sequences: done in 0.000164464 secs using 46.82% CPU
   1  3_0_0     0.00%    passed     99.99%
   2  2_0_0     0.00%    passed     99.88%
   3  4_0_0     0.00%    passed     99.58%
   4  1_0_0     0.00%    passed     99.99%
   5  6_0_0     0.00%    passed     99.88%
   6  13_0_0    0.00%    passed     99.79%
   7  12_0_0    0.00%    passed     99.99%
   8  18_0_0    0.00%    passed     99.99%
   9  17_0_0    0.00%    passed     99.88%
  10  15_0_0    0.00%    passed     99.88%
  11  10_0_0    0.00%    passed     99.99%
  12  9_0_0     0.00%    passed     99.99%
  13  5_0_0     0.00%    passed     99.99%
  14  19_0_0    0.00%    passed     99.82%
  15  7_0_0     0.00%    passed     99.71%
  16  11_0_0    0.00%    passed     99.08%
  17  14_0_0    0.00%    passed     99.99%
  18  8_0_0     0.00%    passed     99.99%
  19  20_0_0    0.00%    passed     99.99%
  20  16_0_0    0.00%    passed     99.99%
  21  0_0_0     0.00%    passed     98.19%
****  TOTAL     0.00%  0 sequences failed composition chi2 test (p-value<5%; df=3)
NOTE: 1_0_0 is identical to 3_0_0 but kept for subsequent analysis
NOTE: 17_0_0 is identical to 2_0_0 but kept for subsequent analysis
NOTE: 10 identical sequences (see below) will be ignored for subsequent analysis
NOTE: 12_0_0 (identical to 3_0_0) is ignored but added at the end
NOTE: 18_0_0 (identical to 3_0_0) is ignored but added at the end
NOTE: 10_0_0 (identical to 3_0_0) is ignored but added at the end
NOTE: 9_0_0 (identical to 3_0_0) is ignored but added at the end
NOTE: 5_0_0 (identical to 3_0_0) is ignored but added at the end
NOTE: 14_0_0 (identical to 3_0_0) is ignored but added at the end
NOTE: 8_0_0 (identical to 3_0_0) is ignored but added at the end
NOTE: 20_0_0 (identical to 3_0_0) is ignored but added at the end
NOTE: 16_0_0 (identical to 3_0_0) is ignored but added at the end
NOTE: 15_0_0 (identical to 2_0_0) is ignored but added at the end
Alignment was printed to /home/mis/CSE6406-project/work/paper_subset_10x2_L200_800/ils_low/replicate_01/estimated_gene_trees/L200/jc/locus_0004.uniqueseq.phy

For your convenience alignment with unique sequences printed to /home/mis/CSE6406-project/work/paper_subset_10x2_L200_800/ils_low/replicate_01/estimated_gene_trees/L200/jc/locus_0004.uniqueseq.phy

Create initial parsimony tree by phylogenetic likelihood library (PLL)... 0.000 seconds

NOTE: 0 MB RAM (0 GB) is required!
Measuring multi-threading efficiency up to 16 CPU cores
Increase to 10 rounds for branch lengths
148956 trees examined
Threads: 1 / Time: 16.000 sec / Speedup: 1.000 / Efficiency: 100% / LogL: -392
Threads: 2 / Time: 25.986 sec / Speedup: 0.616 / Efficiency: 31% / LogL: -392
BEST NUMBER OF THREADS: 1

Estimate model parameters (epsilon = 0.100)
1. Initial log-likelihood: -386.048
Optimal log-likelihood: -386.046
Rate parameters:  A-C: 1.00000  A-G: 1.00000  A-T: 1.00000  C-G: 1.00000  C-T: 1.00000  G-T: 1.00000
Base frequencies:  A: 0.250  C: 0.250  G: 0.250  T: 0.250
Parameters optimization took 1 rounds (0.000 sec)
Wrote distance file to... 
Computing ML distances based on estimated model parameters...
Calculating distance matrix: done in 0.00015248 secs using 72.14% CPU
Computing ML distances took 0.000163 sec (of wall-clock time) 0.000120 sec (of CPU time)
Setting up auxiliary I and S matrices: done in 2.1929e-05 secs using 95.76% CPU
Computing RapidNJ tree took 0.000062 sec (of wall-clock time) 0.000195 sec (of CPU time)
Log-likelihood of RapidNJ tree: -386.049
--------------------------------------------------------------------
|             INITIALIZING CANDIDATE TREE SET                      |
--------------------------------------------------------------------
Generating 98 parsimony trees... 0.008 second
Computing log-likelihood of 98 initial trees ... 0.007 seconds
Current best score: -386.046

Do NNI search on 20 best initial trees
Estimate model parameters (epsilon = 0.100)
BETTER TREE FOUND at iteration 1: -386.046
BETTER TREE FOUND at iteration 5: -386.046
Iteration 10 / LogL: -386.046 / Time: 0h:0m:42s
Iteration 20 / LogL: -386.046 / Time: 0h:0m:42s
Finish initializing candidate tree set (20)
Current best tree score: -386.046 / CPU time: 0.021
Number of iterations: 20
--------------------------------------------------------------------
|               OPTIMIZING CANDIDATE TREE SET                      |
--------------------------------------------------------------------
BETTER TREE FOUND at iteration 29: -386.046
Iteration 30 / LogL: -386.046 / Time: 0h:0m:42s (0h:2m:23s left)
Iteration 40 / LogL: -386.046 / Time: 0h:0m:42s (0h:1m:35s left)
UPDATE BEST LOG-LIKELIHOOD: -386.046
Iteration 50 / LogL: -386.047 / Time: 0h:0m:42s (0h:1m:7s left)
Iteration 60 / LogL: -386.046 / Time: 0h:0m:42s (0h:0m:49s left)
Iteration 70 / LogL: -386.046 / Time: 0h:0m:42s (0h:0m:35s left)
Iteration 80 / LogL: -386.046 / Time: 0h:0m:42s (0h:0m:26s left)
Iteration 90 / LogL: -386.047 / Time: 0h:0m:42s (0h:0m:18s left)
Iteration 100 / LogL: -386.046 / Time: 0h:0m:42s (0h:0m:12s left)
Iteration 110 / LogL: -386.047 / Time: 0h:0m:42s (0h:0m:7s left)
Iteration 120 / LogL: -386.046 / Time: 0h:0m:42s (0h:0m:3s left)
Iteration 130 / LogL: -386.046 / Time: 0h:0m:42s (0h:0m:-1s left)
TREE SEARCH COMPLETED AFTER 130 ITERATIONS / Time: 0h:0m:42s

--------------------------------------------------------------------
|                    FINALIZING TREE SEARCH                        |
--------------------------------------------------------------------
Performs final model parameters optimization
Estimate model parameters (epsilon = 0.010)
1. Initial log-likelihood: -386.046
Optimal log-likelihood: -386.046
Rate parameters:  A-C: 1.00000  A-G: 1.00000  A-T: 1.00000  C-G: 1.00000  C-T: 1.00000  G-T: 1.00000
Base frequencies:  A: 0.250  C: 0.250  G: 0.250  T: 0.250
Parameters optimization took 1 rounds (0.000 sec)
BEST SCORE FOUND : -386.046

Testing tree branches by aBayes parametric test...
0.000 sec.
Total tree length: 0.086

Total number of iterations: 130
CPU time used for tree search: 0.058 sec (0h:0m:0s)
Wall-clock time used for tree search: 0.068 sec (0h:0m:0s)
Total CPU time used: 33.250 sec (0h:0m:33s)
Total wall-clock time used: 42.063 sec (0h:0m:42s)

Analysis results written to: 
  IQ-TREE report:                /home/mis/CSE6406-project/work/paper_subset_10x2_L200_800/ils_low/replicate_01/estimated_gene_trees/L200/jc/locus_0004.iqtree
  Maximum-likelihood tree:       /home/mis/CSE6406-project/work/paper_subset_10x2_L200_800/ils_low/replicate_01/estimated_gene_trees/L200/jc/locus_0004.treefile
  Likelihood distances:          /home/mis/CSE6406-project/work/paper_subset_10x2_L200_800/ils_low/replicate_01/estimated_gene_trees/L200/jc/locus_0004.mldist
  Screen log file:               /home/mis/CSE6406-project/work/paper_subset_10x2_L200_800/ils_low/replicate_01/estimated_gene_trees/L200/jc/locus_0004.log

Date and Time: Thu Sep 10 16:08:46 2026
