IQ-TREE multicore version 2.4.0 for Linux x86 64-bit built Feb 12 2025
Developed by Bui Quang Minh, Nguyen Lam Tung, Olga Chernomor, Heiko Schmidt,
Dominik Schrempf, Michael Woodhams, Ly Trong Nhan, Thomas Wong

Host:    ezmata (AVX2, FMA3, 15 GB RAM)
Command: /home/mis/miniconda3/envs/cse6406/bin/iqtree2 -s /home/mis/CSE6406-project/work/paper_subset_50x10_L800/ils_high/replicate_05/alignments/L800/locus_0001.phy -m JC --abayes -T 1 --seed 6906002 --prefix /home/mis/CSE6406-project/work/paper_subset_50x10_L800/ils_high/replicate_05/estimated_gene_trees/L800/jc/locus_0001 --redo --quiet
Seed:    6906002 (Using SPRNG - Scalable Parallel Random Number Generator)
Time:    Sat Sep 12 19:59:09 2026
Kernel:  AVX+FMA - 1 threads (16 CPU cores detected)

HINT: Use -nt option to specify number of threads because your CPU has 16 cores!
HINT: -nt AUTO will automatically determine the best number of threads to use.

Reading alignment file /home/mis/CSE6406-project/work/paper_subset_50x10_L800/ils_high/replicate_05/alignments/L800/locus_0001.phy ... Phylip format detected
Alignment most likely contains DNA/RNA sequences
Alignment has 21 sequences with 800 columns, 297 distinct patterns
218 parsimony-informative, 91 singleton sites, 491 constant sites
        Gap/Ambiguity  Composition  p-value
Analyzing sequences: done in 3.3128e-05 secs using 96.6% CPU
   1  18_0_0    0.00%    passed     98.73%
   2  20_0_0    0.00%    passed     93.18%
   3  15_0_0    0.00%    passed     96.73%
   4  2_0_0     0.00%    passed     91.48%
   5  17_0_0    0.00%    passed     93.01%
   6  19_0_0    0.00%    passed     96.77%
   7  9_0_0     0.00%    passed     82.57%
   8  7_0_0     0.00%    passed     84.24%
   9  8_0_0     0.00%    passed     96.62%
  10  3_0_0     0.00%    passed     96.29%
  11  1_0_0     0.00%    passed     97.90%
  12  4_0_0     0.00%    passed     89.06%
  13  13_0_0    0.00%    passed     85.49%
  14  14_0_0    0.00%    passed     99.13%
  15  16_0_0    0.00%    passed     96.87%
  16  11_0_0    0.00%    passed     92.53%
  17  12_0_0    0.00%    passed     70.27%
  18  10_0_0    0.00%    passed     86.36%
  19  5_0_0     0.00%    passed     94.98%
  20  6_0_0     0.00%    passed     88.28%
  21  0_0_0     0.00%    passed     72.88%
****  TOTAL     0.00%  0 sequences failed composition chi2 test (p-value<5%; df=3)

Create initial parsimony tree by phylogenetic likelihood library (PLL)... 0.002 seconds

NOTE: 0 MB RAM (0 GB) is required!
Estimate model parameters (epsilon = 0.100)
1. Initial log-likelihood: -6234.396
Optimal log-likelihood: -6224.996
Rate parameters:  A-C: 1.00000  A-G: 1.00000  A-T: 1.00000  C-G: 1.00000  C-T: 1.00000  G-T: 1.00000
Base frequencies:  A: 0.250  C: 0.250  G: 0.250  T: 0.250
Parameters optimization took 1 rounds (0.003 sec)
Wrote distance file to... 
Computing ML distances based on estimated model parameters...
Calculating distance matrix: done in 0.00149907 secs using 90.99% CPU
Computing ML distances took 0.001570 sec (of wall-clock time) 0.001428 sec (of CPU time)
Setting up auxiliary I and S matrices: done in 6.8939e-05 secs using 98.64% CPU
Computing RapidNJ tree took 0.000267 sec (of wall-clock time) 0.000266 sec (of CPU time)
Log-likelihood of RapidNJ tree: -6264.728
--------------------------------------------------------------------
|             INITIALIZING CANDIDATE TREE SET                      |
--------------------------------------------------------------------
Generating 98 parsimony trees... 0.170 second
Computing log-likelihood of 98 initial trees ... 0.086 seconds
Current best score: -6224.989

Do NNI search on 20 best initial trees
Estimate model parameters (epsilon = 0.100)
BETTER TREE FOUND at iteration 1: -6224.916
Estimate model parameters (epsilon = 0.100)
BETTER TREE FOUND at iteration 3: -6219.919
Iteration 10 / LogL: -6234.654 / Time: 0h:0m:0s
Iteration 20 / LogL: -6224.923 / Time: 0h:0m:0s
Finish initializing candidate tree set (9)
Current best tree score: -6219.919 / CPU time: 0.405
Number of iterations: 20
--------------------------------------------------------------------
|               OPTIMIZING CANDIDATE TREE SET                      |
--------------------------------------------------------------------
Iteration 30 / LogL: -6224.917 / Time: 0h:0m:0s (0h:0m:1s left)
Iteration 40 / LogL: -6219.934 / Time: 0h:0m:0s (0h:0m:1s left)
Iteration 50 / LogL: -6219.934 / Time: 0h:0m:0s (0h:0m:0s left)
Iteration 60 / LogL: -6228.534 / Time: 0h:0m:0s (0h:0m:0s left)
Iteration 70 / LogL: -6219.919 / Time: 0h:0m:0s (0h:0m:0s left)
Iteration 80 / LogL: -6228.306 / Time: 0h:0m:1s (0h:0m:0s left)
Iteration 90 / LogL: -6228.534 / Time: 0h:0m:1s (0h:0m:0s left)
Iteration 100 / LogL: -6228.305 / Time: 0h:0m:1s (0h:0m:0s left)
TREE SEARCH COMPLETED AFTER 104 ITERATIONS / Time: 0h:0m:1s

--------------------------------------------------------------------
|                    FINALIZING TREE SEARCH                        |
--------------------------------------------------------------------
Performs final model parameters optimization
Estimate model parameters (epsilon = 0.010)
1. Initial log-likelihood: -6219.919
Optimal log-likelihood: -6219.919
Rate parameters:  A-C: 1.00000  A-G: 1.00000  A-T: 1.00000  C-G: 1.00000  C-T: 1.00000  G-T: 1.00000
Base frequencies:  A: 0.250  C: 0.250  G: 0.250  T: 0.250
Parameters optimization took 1 rounds (0.001 sec)
BEST SCORE FOUND : -6219.919

Testing tree branches by aBayes parametric test...
0.002 sec.
Total tree length: 1.305

Total number of iterations: 104
CPU time used for tree search: 1.272 sec (0h:0m:1s)
Wall-clock time used for tree search: 1.342 sec (0h:0m:1s)
Total CPU time used: 1.297 sec (0h:0m:1s)
Total wall-clock time used: 1.369 sec (0h:0m:1s)

Analysis results written to: 
  IQ-TREE report:                /home/mis/CSE6406-project/work/paper_subset_50x10_L800/ils_high/replicate_05/estimated_gene_trees/L800/jc/locus_0001.iqtree
  Maximum-likelihood tree:       /home/mis/CSE6406-project/work/paper_subset_50x10_L800/ils_high/replicate_05/estimated_gene_trees/L800/jc/locus_0001.treefile
  Likelihood distances:          /home/mis/CSE6406-project/work/paper_subset_50x10_L800/ils_high/replicate_05/estimated_gene_trees/L800/jc/locus_0001.mldist
  Screen log file:               /home/mis/CSE6406-project/work/paper_subset_50x10_L800/ils_high/replicate_05/estimated_gene_trees/L800/jc/locus_0001.log

Date and Time: Sat Sep 12 19:59:10 2026
