IQ-TREE multicore version 2.4.0 for Linux x86 64-bit built Feb 12 2025
Developed by Bui Quang Minh, Nguyen Lam Tung, Olga Chernomor, Heiko Schmidt,
Dominik Schrempf, Michael Woodhams, Ly Trong Nhan, Thomas Wong

Host:    ezmata (AVX2, FMA3, 15 GB RAM)
Command: /home/mis/miniconda3/envs/cse6406/bin/iqtree2 -s /home/mis/CSE6406-project/work/paper_subset_50x10_L200/ils_low/replicate_06/alignments/L200/locus_0037.phy -m JC --abayes -T 1 --seed 7006038 --prefix /home/mis/CSE6406-project/work/paper_subset_50x10_L200/ils_low/replicate_06/estimated_gene_trees/L200/jc/locus_0037 --redo --quiet
Seed:    7006038 (Using SPRNG - Scalable Parallel Random Number Generator)
Time:    Sat Sep 12 21:34:51 2026
Kernel:  AVX+FMA - 1 threads (16 CPU cores detected)

HINT: Use -nt option to specify number of threads because your CPU has 16 cores!
HINT: -nt AUTO will automatically determine the best number of threads to use.

Reading alignment file /home/mis/CSE6406-project/work/paper_subset_50x10_L200/ils_low/replicate_06/alignments/L200/locus_0037.phy ... Phylip format detected
Alignment most likely contains DNA/RNA sequences
Alignment has 21 sequences with 200 columns, 79 distinct patterns
54 parsimony-informative, 23 singleton sites, 123 constant sites
        Gap/Ambiguity  Composition  p-value
Analyzing sequences: done in 1.3076e-05 secs
   1  0_0_0     0.00%    passed     90.99%
   2  17_0_0    0.00%    passed     92.18%
   3  15_0_0    0.00%    passed     98.15%
   4  13_0_0    0.00%    passed     86.76%
   5  19_0_0    0.00%    passed     81.71%
   6  20_0_0    0.00%    passed     88.90%
   7  18_0_0    0.00%    passed     97.78%
   8  10_0_0    0.00%    passed     98.91%
   9  16_0_0    0.00%    passed     95.95%
  10  14_0_0    0.00%    passed     88.82%
  11  11_0_0    0.00%    passed     86.10%
  12  12_0_0    0.00%    passed     81.47%
  13  9_0_0     0.00%    passed     97.39%
  14  5_0_0     0.00%    passed     86.31%
  15  1_0_0     0.00%    passed     87.10%
  16  7_0_0     0.00%    passed     87.80%
  17  4_0_0     0.00%    passed     69.50%
  18  6_0_0     0.00%    passed     91.30%
  19  8_0_0     0.00%    passed     76.91%
  20  2_0_0     0.00%    passed     92.42%
  21  3_0_0     0.00%    passed     99.14%
****  TOTAL     0.00%  0 sequences failed composition chi2 test (p-value<5%; df=3)

Create initial parsimony tree by phylogenetic likelihood library (PLL)... 0.001 seconds

NOTE: 0 MB RAM (0 GB) is required!
Estimate model parameters (epsilon = 0.100)
1. Initial log-likelihood: -1564.919
Optimal log-likelihood: -1562.099
Rate parameters:  A-C: 1.00000  A-G: 1.00000  A-T: 1.00000  C-G: 1.00000  C-T: 1.00000  G-T: 1.00000
Base frequencies:  A: 0.250  C: 0.250  G: 0.250  T: 0.250
Parameters optimization took 1 rounds (0.001 sec)
Wrote distance file to... 
Computing ML distances based on estimated model parameters...
Calculating distance matrix: done in 0.00070836 secs using 99.95% CPU
Computing ML distances took 0.000730 sec (of wall-clock time) 0.000733 sec (of CPU time)
Setting up auxiliary I and S matrices: done in 5.6722e-05 secs using 98.73% CPU
Computing RapidNJ tree took 0.000227 sec (of wall-clock time) 0.000448 sec (of CPU time)
Log-likelihood of RapidNJ tree: -1572.166
--------------------------------------------------------------------
|             INITIALIZING CANDIDATE TREE SET                      |
--------------------------------------------------------------------
Generating 98 parsimony trees... 0.070 second
Computing log-likelihood of 98 initial trees ... 0.041 seconds
Current best score: -1559.458

Do NNI search on 20 best initial trees
Estimate model parameters (epsilon = 0.100)
BETTER TREE FOUND at iteration 1: -1559.379
Iteration 10 / LogL: -1559.379 / Time: 0h:0m:0s
Iteration 20 / LogL: -1561.056 / Time: 0h:0m:0s
Finish initializing candidate tree set (5)
Current best tree score: -1559.379 / CPU time: 0.171
Number of iterations: 20
--------------------------------------------------------------------
|               OPTIMIZING CANDIDATE TREE SET                      |
--------------------------------------------------------------------
UPDATE BEST LOG-LIKELIHOOD: -1559.379
UPDATE BEST LOG-LIKELIHOOD: -1559.379
Iteration 30 / LogL: -1559.379 / Time: 0h:0m:0s (0h:0m:0s left)
UPDATE BEST LOG-LIKELIHOOD: -1559.379
Iteration 40 / LogL: -1559.379 / Time: 0h:0m:0s (0h:0m:0s left)
Iteration 50 / LogL: -1561.013 / Time: 0h:0m:0s (0h:0m:0s left)
Iteration 60 / LogL: -1559.379 / Time: 0h:0m:0s (0h:0m:0s left)
UPDATE BEST LOG-LIKELIHOOD: -1559.379
Iteration 70 / LogL: -1560.176 / Time: 0h:0m:0s (0h:0m:0s left)
Iteration 80 / LogL: -1560.722 / Time: 0h:0m:0s (0h:0m:0s left)
Iteration 90 / LogL: -1563.467 / Time: 0h:0m:0s (0h:0m:0s left)
Iteration 100 / LogL: -1559.379 / Time: 0h:0m:0s (0h:0m:0s left)
TREE SEARCH COMPLETED AFTER 102 ITERATIONS / Time: 0h:0m:0s

--------------------------------------------------------------------
|                    FINALIZING TREE SEARCH                        |
--------------------------------------------------------------------
Performs final model parameters optimization
Estimate model parameters (epsilon = 0.010)
1. Initial log-likelihood: -1559.379
Optimal log-likelihood: -1559.379
Rate parameters:  A-C: 1.00000  A-G: 1.00000  A-T: 1.00000  C-G: 1.00000  C-T: 1.00000  G-T: 1.00000
Base frequencies:  A: 0.250  C: 0.250  G: 0.250  T: 0.250
Parameters optimization took 1 rounds (0.000 sec)
BEST SCORE FOUND : -1559.379

Testing tree branches by aBayes parametric test...
0.001 sec.
Total tree length: 1.331

Total number of iterations: 102
CPU time used for tree search: 0.675 sec (0h:0m:0s)
Wall-clock time used for tree search: 0.732 sec (0h:0m:0s)
Total CPU time used: 0.692 sec (0h:0m:0s)
Total wall-clock time used: 0.749 sec (0h:0m:0s)

Analysis results written to: 
  IQ-TREE report:                /home/mis/CSE6406-project/work/paper_subset_50x10_L200/ils_low/replicate_06/estimated_gene_trees/L200/jc/locus_0037.iqtree
  Maximum-likelihood tree:       /home/mis/CSE6406-project/work/paper_subset_50x10_L200/ils_low/replicate_06/estimated_gene_trees/L200/jc/locus_0037.treefile
  Likelihood distances:          /home/mis/CSE6406-project/work/paper_subset_50x10_L200/ils_low/replicate_06/estimated_gene_trees/L200/jc/locus_0037.mldist
  Screen log file:               /home/mis/CSE6406-project/work/paper_subset_50x10_L200/ils_low/replicate_06/estimated_gene_trees/L200/jc/locus_0037.log

Date and Time: Sat Sep 12 21:34:51 2026
