IQ-TREE multicore version 2.4.0 for Linux x86 64-bit built Feb 12 2025
Developed by Bui Quang Minh, Nguyen Lam Tung, Olga Chernomor, Heiko Schmidt,
Dominik Schrempf, Michael Woodhams, Ly Trong Nhan, Thomas Wong

Host:    ezmata (AVX2, FMA3, 15 GB RAM)
Command: /home/mis/miniconda3/envs/cse6406/bin/iqtree2 -s /home/mis/CSE6406-project/work/paper_subset_50x10_L800/ils_low/replicate_01/alignments/L800/locus_0049.phy -m HKY --abayes -T AUTO --seed 6506050 --prefix /home/mis/CSE6406-project/work/paper_subset_50x10_L800/ils_low/replicate_01/estimated_gene_trees/L800/hky/locus_0049 --redo --quiet
Seed:    6506050 (Using SPRNG - Scalable Parallel Random Number Generator)
Time:    Fri Sep 11 02:04:45 2026
Kernel:  AVX+FMA - auto-detect threads (16 CPU cores detected)

Reading alignment file /home/mis/CSE6406-project/work/paper_subset_50x10_L800/ils_low/replicate_01/alignments/L800/locus_0049.phy ... Phylip format detected
Alignment most likely contains DNA/RNA sequences
Alignment has 21 sequences with 800 columns, 34 distinct patterns
8 parsimony-informative, 24 singleton sites, 768 constant sites
        Gap/Ambiguity  Composition  p-value
Analyzing sequences: done in 0.000131115 secs
   1  0_0_0     0.00%    passed     99.59%
   2  9_0_0     0.00%    passed     99.97%
   3  10_0_0    0.00%    passed     99.96%
   4  5_0_0     0.00%    passed     99.97%
   5  6_0_0     0.00%    passed     99.96%
   6  13_0_0    0.00%    passed     99.99%
   7  18_0_0    0.00%    passed     99.94%
   8  12_0_0    0.00%    passed     99.99%
   9  15_0_0    0.00%    passed     99.94%
  10  17_0_0    0.00%    passed     99.94%
  11  19_0_0    0.00%    passed     99.97%
  12  7_0_0     0.00%    passed     99.99%
  13  8_0_0     0.00%    passed    100.00%
  14  14_0_0    0.00%    passed    100.00%
  15  20_0_0    0.00%    passed    100.00%
  16  11_0_0    0.00%    passed     99.86%
  17  16_0_0    0.00%    passed     99.94%
  18  1_0_0     0.00%    passed     99.60%
  19  2_0_0     0.00%    passed     99.90%
  20  3_0_0     0.00%    passed     99.96%
  21  4_0_0     0.00%    passed     99.97%
****  TOTAL     0.00%  0 sequences failed composition chi2 test (p-value<5%; df=3)
NOTE: 15_0_0 is identical to 18_0_0 but kept for subsequent analysis
NOTE: 4_0_0 is identical to 19_0_0 but kept for subsequent analysis
NOTE: 14_0_0 is identical to 8_0_0 but kept for subsequent analysis
NOTE: 2 identical sequences (see below) will be ignored for subsequent analysis
NOTE: 17_0_0 (identical to 18_0_0) is ignored but added at the end
NOTE: 20_0_0 (identical to 8_0_0) is ignored but added at the end
Alignment was printed to /home/mis/CSE6406-project/work/paper_subset_50x10_L800/ils_low/replicate_01/estimated_gene_trees/L800/hky/locus_0049.uniqueseq.phy

For your convenience alignment with unique sequences printed to /home/mis/CSE6406-project/work/paper_subset_50x10_L800/ils_low/replicate_01/estimated_gene_trees/L800/hky/locus_0049.uniqueseq.phy

Create initial parsimony tree by phylogenetic likelihood library (PLL)... 0.000 seconds

NOTE: 0 MB RAM (0 GB) is required!
Measuring multi-threading efficiency up to 16 CPU cores
Increase to 10 rounds for branch lengths
42841 trees examined
Threads: 1 / Time: 16.000 sec / Speedup: 1.000 / Efficiency: 100% / LogL: -1499
Threads: 2 / Time: 42.023 sec / Speedup: 0.381 / Efficiency: 19% / LogL: -1499
BEST NUMBER OF THREADS: 1

Estimate model parameters (epsilon = 0.100)
1. Initial log-likelihood: -1359.398
2. Current log-likelihood: -1355.204
Optimal log-likelihood: -1355.203
Rate parameters:  A-C: 1.00000  A-G: 2.77034  A-T: 1.00000  C-G: 1.00000  C-T: 2.77034  G-T: 1.00000
Base frequencies:  A: 0.274  C: 0.220  G: 0.217  T: 0.290
Parameters optimization took 2 rounds (0.001 sec)
Wrote distance file to... 
Computing ML distances based on estimated model parameters...
Calculating distance matrix: done in 0.000499813 secs using 75.63% CPU
Computing ML distances took 0.000516 sec (of wall-clock time) 0.000393 sec (of CPU time)
Setting up auxiliary I and S matrices: done in 2.8173e-05 secs using 95.84% CPU
Computing RapidNJ tree took 0.000103 sec (of wall-clock time) 0.000387 sec (of CPU time)
Log-likelihood of RapidNJ tree: -1355.217
--------------------------------------------------------------------
|             INITIALIZING CANDIDATE TREE SET                      |
--------------------------------------------------------------------
Generating 98 parsimony trees... 0.015 second
Computing log-likelihood of 98 initial trees ... 0.013 seconds
Current best score: -1355.203

Do NNI search on 20 best initial trees
Estimate model parameters (epsilon = 0.100)
BETTER TREE FOUND at iteration 1: -1355.203
BETTER TREE FOUND at iteration 5: -1355.203
Iteration 10 / LogL: -1355.203 / Time: 0h:0m:58s
BETTER TREE FOUND at iteration 12: -1355.203
Iteration 20 / LogL: -1355.203 / Time: 0h:0m:58s
Finish initializing candidate tree set (20)
Current best tree score: -1355.203 / CPU time: 0.040
Number of iterations: 20
--------------------------------------------------------------------
|               OPTIMIZING CANDIDATE TREE SET                      |
--------------------------------------------------------------------
Iteration 30 / LogL: -1355.205 / Time: 0h:0m:58s (0h:2m:44s left)
BETTER TREE FOUND at iteration 36: -1355.203
Iteration 40 / LogL: -1355.206 / Time: 0h:0m:58s (0h:2m:23s left)
UPDATE BEST LOG-LIKELIHOOD: -1355.203
Iteration 50 / LogL: -1355.203 / Time: 0h:0m:58s (0h:1m:41s left)
UPDATE BEST LOG-LIKELIHOOD: -1355.203
Iteration 60 / LogL: -1355.208 / Time: 0h:0m:58s (0h:1m:14s left)
Iteration 70 / LogL: -1355.205 / Time: 0h:0m:58s (0h:0m:55s left)
Iteration 80 / LogL: -1355.205 / Time: 0h:0m:58s (0h:0m:41s left)
Iteration 90 / LogL: -1355.203 / Time: 0h:0m:58s (0h:0m:30s left)
Iteration 100 / LogL: -1355.207 / Time: 0h:0m:58s (0h:0m:21s left)
Iteration 110 / LogL: -1355.206 / Time: 0h:0m:58s (0h:0m:13s left)
BETTER TREE FOUND at iteration 112: -1355.203
Iteration 120 / LogL: -1355.204 / Time: 0h:0m:58s (0h:0m:45s left)
Iteration 130 / LogL: -1355.207 / Time: 0h:0m:58s (0h:0m:37s left)
BETTER TREE FOUND at iteration 132: -1355.203
Iteration 140 / LogL: -1361.890 / Time: 0h:0m:58s (0h:0m:38s left)
Iteration 150 / LogL: -1355.204 / Time: 0h:0m:58s (0h:0m:32s left)
Iteration 160 / LogL: -1362.438 / Time: 0h:0m:58s (0h:0m:26s left)
Iteration 170 / LogL: -1355.207 / Time: 0h:0m:58s (0h:0m:21s left)
Iteration 180 / LogL: -1355.204 / Time: 0h:0m:58s (0h:0m:16s left)
Iteration 190 / LogL: -1355.204 / Time: 0h:0m:58s (0h:0m:12s left)
Iteration 200 / LogL: -1361.301 / Time: 0h:0m:58s (0h:0m:9s left)
Iteration 210 / LogL: -1355.206 / Time: 0h:0m:58s (0h:0m:6s left)
Iteration 220 / LogL: -1355.207 / Time: 0h:0m:58s (0h:0m:3s left)
Iteration 230 / LogL: -1355.205 / Time: 0h:0m:58s (0h:0m:0s left)
TREE SEARCH COMPLETED AFTER 233 ITERATIONS / Time: 0h:0m:58s

--------------------------------------------------------------------
|                    FINALIZING TREE SEARCH                        |
--------------------------------------------------------------------
Performs final model parameters optimization
Estimate model parameters (epsilon = 0.010)
1. Initial log-likelihood: -1355.203
Optimal log-likelihood: -1355.203
Rate parameters:  A-C: 1.00000  A-G: 2.76737  A-T: 1.00000  C-G: 1.00000  C-T: 2.76737  G-T: 1.00000
Base frequencies:  A: 0.274  C: 0.220  G: 0.217  T: 0.290
Parameters optimization took 1 rounds (0.000 sec)
BEST SCORE FOUND : -1355.203

Testing tree branches by aBayes parametric test...
0.000 sec.
Total tree length: 0.041

Total number of iterations: 233
CPU time used for tree search: 0.315 sec (0h:0m:0s)
Wall-clock time used for tree search: 0.352 sec (0h:0m:0s)
Total CPU time used: 42.955 sec (0h:0m:42s)
Total wall-clock time used: 58.384 sec (0h:0m:58s)

Analysis results written to: 
  IQ-TREE report:                /home/mis/CSE6406-project/work/paper_subset_50x10_L800/ils_low/replicate_01/estimated_gene_trees/L800/hky/locus_0049.iqtree
  Maximum-likelihood tree:       /home/mis/CSE6406-project/work/paper_subset_50x10_L800/ils_low/replicate_01/estimated_gene_trees/L800/hky/locus_0049.treefile
  Likelihood distances:          /home/mis/CSE6406-project/work/paper_subset_50x10_L800/ils_low/replicate_01/estimated_gene_trees/L800/hky/locus_0049.mldist
  Screen log file:               /home/mis/CSE6406-project/work/paper_subset_50x10_L800/ils_low/replicate_01/estimated_gene_trees/L800/hky/locus_0049.log

Date and Time: Fri Sep 11 02:05:43 2026
