IQ-TREE multicore version 2.4.0 for Linux x86 64-bit built Feb 12 2025
Developed by Bui Quang Minh, Nguyen Lam Tung, Olga Chernomor, Heiko Schmidt,
Dominik Schrempf, Michael Woodhams, Ly Trong Nhan, Thomas Wong

Host:    ezmata (AVX2, FMA3, 15 GB RAM)
Command: /home/mis/miniconda3/envs/cse6406/bin/iqtree2 -s /home/mis/CSE6406-project/work/paper_subset_50x10_L800/ils_low/replicate_05/alignments/L800/locus_0035.phy -m HKY --abayes -T AUTO --seed 6906036 --prefix /home/mis/CSE6406-project/work/paper_subset_50x10_L800/ils_low/replicate_05/estimated_gene_trees/L800/hky/locus_0035 --redo --quiet
Seed:    6906036 (Using SPRNG - Scalable Parallel Random Number Generator)
Time:    Sat Sep 12 00:53:42 2026
Kernel:  AVX+FMA - auto-detect threads (16 CPU cores detected)

Reading alignment file /home/mis/CSE6406-project/work/paper_subset_50x10_L800/ils_low/replicate_05/alignments/L800/locus_0035.phy ... Phylip format detected
Alignment most likely contains DNA/RNA sequences
Alignment has 21 sequences with 800 columns, 260 distinct patterns
188 parsimony-informative, 86 singleton sites, 526 constant sites
        Gap/Ambiguity  Composition  p-value
Analyzing sequences: done in 0.000101052 secs
   1  0_0_0     0.00%    passed     98.88%
   2  2_0_0     0.00%    passed     83.71%
   3  10_0_0    0.00%    passed     97.63%
   4  5_0_0     0.00%    passed     99.75%
   5  12_0_0    0.00%    passed     96.17%
   6  8_0_0     0.00%    passed     91.85%
   7  7_0_0     0.00%    passed     99.54%
   8  6_0_0     0.00%    passed     98.86%
   9  9_0_0     0.00%    passed     98.08%
  10  11_0_0    0.00%    passed     92.17%
  11  3_0_0     0.00%    passed     93.17%
  12  1_0_0     0.00%    passed     95.12%
  13  4_0_0     0.00%    passed     94.12%
  14  20_0_0    0.00%    passed     96.97%
  15  15_0_0    0.00%    passed     93.98%
  16  14_0_0    0.00%    passed     96.48%
  17  13_0_0    0.00%    passed     93.21%
  18  16_0_0    0.00%    passed     94.05%
  19  19_0_0    0.00%    passed     94.78%
  20  17_0_0    0.00%    passed     99.89%
  21  18_0_0    0.00%    passed     86.86%
****  TOTAL     0.00%  0 sequences failed composition chi2 test (p-value<5%; df=3)

Create initial parsimony tree by phylogenetic likelihood library (PLL)... 0.001 seconds

NOTE: 0 MB RAM (0 GB) is required!
Measuring multi-threading efficiency up to 16 CPU cores
Increase to 10 rounds for branch lengths
9254 trees examined
Threads: 1 / Time: 16.001 sec / Speedup: 1.000 / Efficiency: 100% / LogL: -6536
Threads: 2 / Time: 30.615 sec / Speedup: 0.523 / Efficiency: 26% / LogL: -6536
BEST NUMBER OF THREADS: 1

Estimate model parameters (epsilon = 0.100)
1. Initial log-likelihood: -5145.301
2. Current log-likelihood: -5103.982
Optimal log-likelihood: -5103.917
Rate parameters:  A-C: 1.00000  A-G: 1.84608  A-T: 1.00000  C-G: 1.00000  C-T: 1.84608  G-T: 1.00000
Base frequencies:  A: 0.290  C: 0.225  G: 0.194  T: 0.291
Parameters optimization took 2 rounds (0.002 sec)
Wrote distance file to... 
Computing ML distances based on estimated model parameters...
Calculating distance matrix: done in 0.0006276 secs using 81.74% CPU
Computing ML distances took 0.000655 sec (of wall-clock time) 0.000535 sec (of CPU time)
Setting up auxiliary I and S matrices: done in 2.9945e-05 secs using 96.84% CPU
Computing RapidNJ tree took 0.000112 sec (of wall-clock time) 0.000406 sec (of CPU time)
Log-likelihood of RapidNJ tree: -5119.670
--------------------------------------------------------------------
|             INITIALIZING CANDIDATE TREE SET                      |
--------------------------------------------------------------------
Generating 98 parsimony trees... 0.072 second
Computing log-likelihood of 98 initial trees ... 0.044 seconds
Current best score: -5100.156

Do NNI search on 20 best initial trees
Estimate model parameters (epsilon = 0.100)
BETTER TREE FOUND at iteration 1: -5100.094
Iteration 10 / LogL: -5100.095 / Time: 0h:0m:46s
Iteration 20 / LogL: -5100.097 / Time: 0h:0m:46s
Finish initializing candidate tree set (2)
Current best tree score: -5100.094 / CPU time: 0.202
Number of iterations: 20
--------------------------------------------------------------------
|               OPTIMIZING CANDIDATE TREE SET                      |
--------------------------------------------------------------------
Iteration 30 / LogL: -5105.443 / Time: 0h:0m:46s (0h:1m:54s left)
Iteration 40 / LogL: -5100.095 / Time: 0h:0m:46s (0h:1m:13s left)
Iteration 50 / LogL: -5100.096 / Time: 0h:0m:47s (0h:0m:48s left)
Iteration 60 / LogL: -5100.097 / Time: 0h:0m:47s (0h:0m:32s left)
Iteration 70 / LogL: -5103.927 / Time: 0h:0m:47s (0h:0m:21s left)
Iteration 80 / LogL: -5100.095 / Time: 0h:0m:47s (0h:0m:12s left)
Iteration 90 / LogL: -5100.095 / Time: 0h:0m:47s (0h:0m:5s left)
Iteration 100 / LogL: -5103.946 / Time: 0h:0m:47s (0h:0m:0s left)
TREE SEARCH COMPLETED AFTER 102 ITERATIONS / Time: 0h:0m:47s

--------------------------------------------------------------------
|                    FINALIZING TREE SEARCH                        |
--------------------------------------------------------------------
Performs final model parameters optimization
Estimate model parameters (epsilon = 0.010)
1. Initial log-likelihood: -5100.094
Optimal log-likelihood: -5100.094
Rate parameters:  A-C: 1.00000  A-G: 1.86558  A-T: 1.00000  C-G: 1.00000  C-T: 1.86558  G-T: 1.00000
Base frequencies:  A: 0.290  C: 0.225  G: 0.194  T: 0.291
Parameters optimization took 1 rounds (0.001 sec)
BEST SCORE FOUND : -5100.094

Testing tree branches by aBayes parametric test...
0.001 sec.
Total tree length: 0.979

Total number of iterations: 102
CPU time used for tree search: 0.660 sec (0h:0m:0s)
Wall-clock time used for tree search: 0.705 sec (0h:0m:0s)
Total CPU time used: 44.387 sec (0h:0m:44s)
Total wall-clock time used: 47.333 sec (0h:0m:47s)

Analysis results written to: 
  IQ-TREE report:                /home/mis/CSE6406-project/work/paper_subset_50x10_L800/ils_low/replicate_05/estimated_gene_trees/L800/hky/locus_0035.iqtree
  Maximum-likelihood tree:       /home/mis/CSE6406-project/work/paper_subset_50x10_L800/ils_low/replicate_05/estimated_gene_trees/L800/hky/locus_0035.treefile
  Likelihood distances:          /home/mis/CSE6406-project/work/paper_subset_50x10_L800/ils_low/replicate_05/estimated_gene_trees/L800/hky/locus_0035.mldist
  Screen log file:               /home/mis/CSE6406-project/work/paper_subset_50x10_L800/ils_low/replicate_05/estimated_gene_trees/L800/hky/locus_0035.log

Date and Time: Sat Sep 12 00:54:29 2026
