IQ-TREE multicore version 2.4.0 for Linux x86 64-bit built Feb 12 2025
Developed by Bui Quang Minh, Nguyen Lam Tung, Olga Chernomor, Heiko Schmidt,
Dominik Schrempf, Michael Woodhams, Ly Trong Nhan, Thomas Wong

Host:    ezmata (AVX2, FMA3, 15 GB RAM)
Command: /home/mis/miniconda3/envs/cse6406/bin/iqtree2 -s /home/mis/CSE6406-project/work/paper_subset_50x10_L800/ils_low/replicate_05/alignments/L800/locus_0049.phy -m HKY --abayes -T AUTO --seed 6906050 --prefix /home/mis/CSE6406-project/work/paper_subset_50x10_L800/ils_low/replicate_05/estimated_gene_trees/L800/hky/locus_0049 --redo --quiet
Seed:    6906050 (Using SPRNG - Scalable Parallel Random Number Generator)
Time:    Sat Sep 12 01:04:57 2026
Kernel:  AVX+FMA - auto-detect threads (16 CPU cores detected)

Reading alignment file /home/mis/CSE6406-project/work/paper_subset_50x10_L800/ils_low/replicate_05/alignments/L800/locus_0049.phy ... Phylip format detected
Alignment most likely contains DNA/RNA sequences
Alignment has 21 sequences with 800 columns, 254 distinct patterns
181 parsimony-informative, 85 singleton sites, 534 constant sites
        Gap/Ambiguity  Composition  p-value
Analyzing sequences: done in 5.8013e-05 secs using 232.7% CPU
   1  0_0_0     0.00%    passed     61.07%
   2  10_0_0    0.00%    passed     98.48%
   3  5_0_0     0.00%    passed     84.27%
   4  12_0_0    0.00%    passed     98.32%
   5  6_0_0     0.00%    passed     99.95%
   6  9_0_0     0.00%    passed     97.34%
   7  11_0_0    0.00%    passed     93.46%
   8  7_0_0     0.00%    passed     94.31%
   9  8_0_0     0.00%    passed     94.76%
  10  2_0_0     0.00%    passed     94.17%
  11  4_0_0     0.00%    passed     96.78%
  12  3_0_0     0.00%    passed     97.25%
  13  1_0_0     0.00%    passed     98.61%
  14  20_0_0    0.00%    passed     93.58%
  15  15_0_0    0.00%    passed     94.92%
  16  14_0_0    0.00%    passed     83.65%
  17  18_0_0    0.00%    passed     99.63%
  18  19_0_0    0.00%    passed     88.11%
  19  17_0_0    0.00%    passed     88.95%
  20  13_0_0    0.00%    passed     98.30%
  21  16_0_0    0.00%    passed     94.07%
****  TOTAL     0.00%  0 sequences failed composition chi2 test (p-value<5%; df=3)

Create initial parsimony tree by phylogenetic likelihood library (PLL)... 0.001 seconds

NOTE: 0 MB RAM (0 GB) is required!
Measuring multi-threading efficiency up to 16 CPU cores
Increase to 10 rounds for branch lengths
9368 trees examined
Threads: 1 / Time: 16.001 sec / Speedup: 1.000 / Efficiency: 100% / LogL: -6220
Threads: 2 / Time: 30.515 sec / Speedup: 0.524 / Efficiency: 26% / LogL: -6220
BEST NUMBER OF THREADS: 1

Estimate model parameters (epsilon = 0.100)
1. Initial log-likelihood: -5147.190
2. Current log-likelihood: -5091.402
Optimal log-likelihood: -5091.335
Rate parameters:  A-C: 1.00000  A-G: 2.11370  A-T: 1.00000  C-G: 1.00000  C-T: 2.11370  G-T: 1.00000
Base frequencies:  A: 0.330  C: 0.190  G: 0.190  T: 0.291
Parameters optimization took 2 rounds (0.002 sec)
Wrote distance file to... 
Computing ML distances based on estimated model parameters...
Calculating distance matrix: done in 0.000548163 secs using 73.88% CPU
Computing ML distances took 0.000571 sec (of wall-clock time) 0.000423 sec (of CPU time)
Setting up auxiliary I and S matrices: done in 3.7584e-05 secs
Computing RapidNJ tree took 0.000150 sec (of wall-clock time) 0.000000 sec (of CPU time)
Log-likelihood of RapidNJ tree: -5112.600
--------------------------------------------------------------------
|             INITIALIZING CANDIDATE TREE SET                      |
--------------------------------------------------------------------
Generating 98 parsimony trees... 0.069 second
Computing log-likelihood of 98 initial trees ... 0.046 seconds
Current best score: -5091.335

Do NNI search on 20 best initial trees
Estimate model parameters (epsilon = 0.100)
BETTER TREE FOUND at iteration 1: -5090.803
Iteration 10 / LogL: -5090.831 / Time: 0h:0m:46s
Iteration 20 / LogL: -5090.829 / Time: 0h:0m:46s
Finish initializing candidate tree set (2)
Current best tree score: -5090.803 / CPU time: 0.211
Number of iterations: 20
--------------------------------------------------------------------
|               OPTIMIZING CANDIDATE TREE SET                      |
--------------------------------------------------------------------
Iteration 30 / LogL: -5090.803 / Time: 0h:0m:46s (0h:1m:54s left)
Iteration 40 / LogL: -5090.846 / Time: 0h:0m:46s (0h:1m:13s left)
Iteration 50 / LogL: -5090.830 / Time: 0h:0m:46s (0h:0m:48s left)
Iteration 60 / LogL: -5090.836 / Time: 0h:0m:46s (0h:0m:32s left)
Iteration 70 / LogL: -5108.784 / Time: 0h:0m:47s (0h:0m:21s left)
Iteration 80 / LogL: -5090.834 / Time: 0h:0m:47s (0h:0m:12s left)
Iteration 90 / LogL: -5090.813 / Time: 0h:0m:47s (0h:0m:5s left)
Iteration 100 / LogL: -5090.806 / Time: 0h:0m:47s (0h:0m:0s left)
TREE SEARCH COMPLETED AFTER 102 ITERATIONS / Time: 0h:0m:47s

--------------------------------------------------------------------
|                    FINALIZING TREE SEARCH                        |
--------------------------------------------------------------------
Performs final model parameters optimization
Estimate model parameters (epsilon = 0.010)
1. Initial log-likelihood: -5090.803
Optimal log-likelihood: -5090.803
Rate parameters:  A-C: 1.00000  A-G: 2.12041  A-T: 1.00000  C-G: 1.00000  C-T: 2.12041  G-T: 1.00000
Base frequencies:  A: 0.330  C: 0.190  G: 0.190  T: 0.291
Parameters optimization took 1 rounds (0.001 sec)
BEST SCORE FOUND : -5090.803

Testing tree branches by aBayes parametric test...
0.002 sec.
Total tree length: 0.977

Total number of iterations: 102
CPU time used for tree search: 0.671 sec (0h:0m:0s)
Wall-clock time used for tree search: 0.700 sec (0h:0m:0s)
Total CPU time used: 43.353 sec (0h:0m:43s)
Total wall-clock time used: 47.229 sec (0h:0m:47s)

Analysis results written to: 
  IQ-TREE report:                /home/mis/CSE6406-project/work/paper_subset_50x10_L800/ils_low/replicate_05/estimated_gene_trees/L800/hky/locus_0049.iqtree
  Maximum-likelihood tree:       /home/mis/CSE6406-project/work/paper_subset_50x10_L800/ils_low/replicate_05/estimated_gene_trees/L800/hky/locus_0049.treefile
  Likelihood distances:          /home/mis/CSE6406-project/work/paper_subset_50x10_L800/ils_low/replicate_05/estimated_gene_trees/L800/hky/locus_0049.mldist
  Screen log file:               /home/mis/CSE6406-project/work/paper_subset_50x10_L800/ils_low/replicate_05/estimated_gene_trees/L800/hky/locus_0049.log

Date and Time: Sat Sep 12 01:05:44 2026
