IQ-TREE multicore version 2.4.0 for Linux x86 64-bit built Feb 12 2025
Developed by Bui Quang Minh, Nguyen Lam Tung, Olga Chernomor, Heiko Schmidt,
Dominik Schrempf, Michael Woodhams, Ly Trong Nhan, Thomas Wong

Host:    ezmata (AVX2, FMA3, 15 GB RAM)
Command: /home/mis/miniconda3/envs/cse6406/bin/iqtree2 -s /home/mis/CSE6406-project/work/paper_subset_50x10_L800/ils_low/replicate_05/alignments/L800/locus_0029.phy -m HKY --abayes -T AUTO --seed 6906030 --prefix /home/mis/CSE6406-project/work/paper_subset_50x10_L800/ils_low/replicate_05/estimated_gene_trees/L800/hky/locus_0029 --redo --quiet
Seed:    6906030 (Using SPRNG - Scalable Parallel Random Number Generator)
Time:    Sat Sep 12 00:48:46 2026
Kernel:  AVX+FMA - auto-detect threads (16 CPU cores detected)

Reading alignment file /home/mis/CSE6406-project/work/paper_subset_50x10_L800/ils_low/replicate_05/alignments/L800/locus_0029.phy ... Phylip format detected
Alignment most likely contains DNA/RNA sequences
Alignment has 21 sequences with 800 columns, 235 distinct patterns
167 parsimony-informative, 86 singleton sites, 547 constant sites
        Gap/Ambiguity  Composition  p-value
Analyzing sequences: done in 0.000134057 secs
   1  10_0_0    0.00%    passed     95.58%
   2  5_0_0     0.00%    passed     99.67%
   3  6_0_0     0.00%    passed     98.59%
   4  9_0_0     0.00%    passed     98.82%
   5  11_0_0    0.00%    passed     95.26%
   6  8_0_0     0.00%    passed     96.49%
   7  7_0_0     0.00%    passed     99.36%
   8  12_0_0    0.00%    passed     97.37%
   9  2_0_0     0.00%    passed     95.19%
  10  3_0_0     0.00%    passed     98.20%
  11  1_0_0     0.00%    passed     99.17%
  12  4_0_0     0.00%    passed     99.35%
  13  17_0_0    0.00%    passed     96.76%
  14  19_0_0    0.00%    passed     99.49%
  15  13_0_0    0.00%    passed     83.57%
  16  16_0_0    0.00%    passed     99.26%
  17  14_0_0    0.00%    passed     98.63%
  18  18_0_0    0.00%    passed     99.96%
  19  15_0_0    0.00%    passed     97.98%
  20  20_0_0    0.00%    passed     96.41%
  21  0_0_0     0.00%    passed     84.78%
****  TOTAL     0.00%  0 sequences failed composition chi2 test (p-value<5%; df=3)

Create initial parsimony tree by phylogenetic likelihood library (PLL)... 0.000 seconds

NOTE: 0 MB RAM (0 GB) is required!
Measuring multi-threading efficiency up to 16 CPU cores
Increase to 10 rounds for branch lengths
11659 trees examined
Threads: 1 / Time: 16.001 sec / Speedup: 1.000 / Efficiency: 100% / LogL: -5749
Threads: 2 / Time: 36.878 sec / Speedup: 0.434 / Efficiency: 22% / LogL: -5749
BEST NUMBER OF THREADS: 1

Estimate model parameters (epsilon = 0.100)
1. Initial log-likelihood: -4723.684
2. Current log-likelihood: -4678.605
Optimal log-likelihood: -4678.519
Rate parameters:  A-C: 1.00000  A-G: 1.99922  A-T: 1.00000  C-G: 1.00000  C-T: 1.99922  G-T: 1.00000
Base frequencies:  A: 0.317  C: 0.197  G: 0.181  T: 0.305
Parameters optimization took 2 rounds (0.002 sec)
Wrote distance file to... 
Computing ML distances based on estimated model parameters...
Calculating distance matrix: done in 0.000580095 secs using 72.23% CPU
Computing ML distances took 0.000602 sec (of wall-clock time) 0.000437 sec (of CPU time)
Setting up auxiliary I and S matrices: done in 2.6556e-05 secs using 71.55% CPU
Computing RapidNJ tree took 0.000099 sec (of wall-clock time) 0.000266 sec (of CPU time)
Log-likelihood of RapidNJ tree: -4714.677
--------------------------------------------------------------------
|             INITIALIZING CANDIDATE TREE SET                      |
--------------------------------------------------------------------
Generating 98 parsimony trees... 0.067 second
Computing log-likelihood of 98 initial trees ... 0.042 seconds
Current best score: -4677.168

Do NNI search on 20 best initial trees
Estimate model parameters (epsilon = 0.100)
BETTER TREE FOUND at iteration 1: -4675.338
Estimate model parameters (epsilon = 0.100)
BETTER TREE FOUND at iteration 3: -4675.128
Iteration 10 / LogL: -4681.881 / Time: 0h:0m:53s
Iteration 20 / LogL: -4675.131 / Time: 0h:0m:53s
Finish initializing candidate tree set (7)
Current best tree score: -4675.128 / CPU time: 0.170
Number of iterations: 20
--------------------------------------------------------------------
|               OPTIMIZING CANDIDATE TREE SET                      |
--------------------------------------------------------------------
Iteration 30 / LogL: -4681.895 / Time: 0h:0m:53s (0h:2m:13s left)
Iteration 40 / LogL: -4677.832 / Time: 0h:0m:53s (0h:1m:25s left)
Iteration 50 / LogL: -4681.879 / Time: 0h:0m:53s (0h:0m:57s left)
Iteration 60 / LogL: -4675.345 / Time: 0h:0m:53s (0h:0m:38s left)
Iteration 70 / LogL: -4677.833 / Time: 0h:0m:53s (0h:0m:25s left)
Iteration 80 / LogL: -4675.130 / Time: 0h:0m:53s (0h:0m:15s left)
Iteration 90 / LogL: -4677.837 / Time: 0h:0m:53s (0h:0m:7s left)
Iteration 100 / LogL: -4675.134 / Time: 0h:0m:53s (0h:0m:1s left)
TREE SEARCH COMPLETED AFTER 104 ITERATIONS / Time: 0h:0m:53s

--------------------------------------------------------------------
|                    FINALIZING TREE SEARCH                        |
--------------------------------------------------------------------
Performs final model parameters optimization
Estimate model parameters (epsilon = 0.010)
1. Initial log-likelihood: -4675.128
Optimal log-likelihood: -4675.128
Rate parameters:  A-C: 1.00000  A-G: 2.03355  A-T: 1.00000  C-G: 1.00000  C-T: 2.03355  G-T: 1.00000
Base frequencies:  A: 0.317  C: 0.197  G: 0.181  T: 0.305
Parameters optimization took 1 rounds (0.001 sec)
BEST SCORE FOUND : -4675.128

Testing tree branches by aBayes parametric test...
0.001 sec.
Total tree length: 0.864

Total number of iterations: 104
CPU time used for tree search: 0.643 sec (0h:0m:0s)
Wall-clock time used for tree search: 0.680 sec (0h:0m:0s)
Total CPU time used: 48.170 sec (0h:0m:48s)
Total wall-clock time used: 53.569 sec (0h:0m:53s)

Analysis results written to: 
  IQ-TREE report:                /home/mis/CSE6406-project/work/paper_subset_50x10_L800/ils_low/replicate_05/estimated_gene_trees/L800/hky/locus_0029.iqtree
  Maximum-likelihood tree:       /home/mis/CSE6406-project/work/paper_subset_50x10_L800/ils_low/replicate_05/estimated_gene_trees/L800/hky/locus_0029.treefile
  Likelihood distances:          /home/mis/CSE6406-project/work/paper_subset_50x10_L800/ils_low/replicate_05/estimated_gene_trees/L800/hky/locus_0029.mldist
  Screen log file:               /home/mis/CSE6406-project/work/paper_subset_50x10_L800/ils_low/replicate_05/estimated_gene_trees/L800/hky/locus_0029.log

Date and Time: Sat Sep 12 00:49:40 2026
