$ /home/mis/ASTER/bin/astral4 -i /home/mis/CSE6406-project/work/paper_subset_50x10_L200/ils_low/replicate_08/estimated_gene_trees/L200/jc/species_trees/estimated_gene_trees.tre -o /home/mis/CSE6406-project/work/paper_subset_50x10_L200/ils_low/replicate_08/estimated_gene_trees/L200/jc/species_trees/astral_unweighted.tre -t 1 -u 0

Accurate Species TRee ALgorithm IV (ASTRAL-IV)
*** NOW with integrated CASTLES-2 ***
Version: v1.25.4.8
#Genetrees: 50
#Species: 21
#Rounds: 4
#Samples: 4
#Threads: 1
#NNI moves:0/60
((((((((((2_0_0,17_0_0),(19_0_0,18_0_0)),8_0_0),20_0_0),(3_0_0,7_0_0)),15_0_0),(16_0_0,12_0_0)),(((((13_0_0,11_0_0),5_0_0),9_0_0),((4_0_0,14_0_0),6_0_0)),10_0_0)),0_0_0),1_0_0);
#NNI moves:0/60
((((((((((((((11_0_0,13_0_0),5_0_0),9_0_0),((14_0_0,4_0_0),6_0_0)),10_0_0),(1_0_0,0_0_0)),(12_0_0,16_0_0)),15_0_0),(7_0_0,3_0_0)),20_0_0),8_0_0),(17_0_0,2_0_0)),19_0_0),18_0_0);
#NNI moves:4/60
((((((((((18_0_0,19_0_0),(17_0_0,2_0_0)),8_0_0),20_0_0),(3_0_0,7_0_0)),15_0_0),(16_0_0,12_0_0)),(((((13_0_0,11_0_0),5_0_0),9_0_0),((4_0_0,14_0_0),6_0_0)),10_0_0)),1_0_0),0_0_0);
#NNI moves:2/60
((((((((((((((18_0_0,19_0_0),(17_0_0,2_0_0)),8_0_0),20_0_0),(7_0_0,3_0_0)),15_0_0),(12_0_0,16_0_0)),(1_0_0,0_0_0)),10_0_0),((14_0_0,4_0_0),6_0_0)),9_0_0),5_0_0),11_0_0),13_0_0);
Initial score: 248423
Initial tree: (((((((18_0_0,19_0_0),(17_0_0,2_0_0)),8_0_0),20_0_0),(7_0_0,3_0_0)),((12_0_0,16_0_0),((1_0_0,0_0_0),(10_0_0,(((14_0_0,4_0_0),6_0_0),(9_0_0,(5_0_0,(11_0_0,13_0_0)))))))),15_0_0);
*** Subsample Process ***
#NNI moves:2/60
(((((((((11_0_0,13_0_0),5_0_0),9_0_0),((4_0_0,14_0_0),6_0_0)),10_0_0),(0_0_0,1_0_0)),(12_0_0,16_0_0)),(((((2_0_0,17_0_0),(18_0_0,19_0_0)),8_0_0),20_0_0),(3_0_0,7_0_0))),15_0_0);
#NNI moves:2/60
(((((((((13_0_0,11_0_0),5_0_0),9_0_0),((4_0_0,14_0_0),6_0_0)),10_0_0),(0_0_0,1_0_0)),(16_0_0,12_0_0)),(((((19_0_0,18_0_0),(2_0_0,17_0_0)),8_0_0),20_0_0),(3_0_0,7_0_0))),15_0_0);
#NNI moves:2/60
(((((((((13_0_0,11_0_0),5_0_0),9_0_0),((14_0_0,4_0_0),6_0_0)),10_0_0),(0_0_0,1_0_0)),((((((18_0_0,19_0_0),(17_0_0,2_0_0)),8_0_0),20_0_0),(7_0_0,3_0_0)),15_0_0)),16_0_0),12_0_0);
#NNI moves:0/60
((((((((((((((11_0_0,13_0_0),5_0_0),9_0_0),((4_0_0,14_0_0),6_0_0)),10_0_0),(0_0_0,1_0_0)),(12_0_0,16_0_0)),15_0_0),(3_0_0,7_0_0)),20_0_0),8_0_0),(2_0_0,17_0_0)),19_0_0),18_0_0);
Current score: 248423
Current tree: (((((((((11_0_0,13_0_0),5_0_0),9_0_0),((4_0_0,14_0_0),6_0_0)),10_0_0),(0_0_0,1_0_0)),(12_0_0,16_0_0)),((3_0_0,7_0_0),(20_0_0,(8_0_0,((2_0_0,17_0_0),(19_0_0,18_0_0)))))),15_0_0);
Final Tree: (((((((((11_0_0,13_0_0),5_0_0),9_0_0),((4_0_0,14_0_0),6_0_0)),10_0_0),(0_0_0,1_0_0)),(12_0_0,16_0_0)),((3_0_0,7_0_0),(20_0_0,(8_0_0,((2_0_0,17_0_0),(19_0_0,18_0_0)))))),15_0_0);
Score: 248423
