IQ-TREE multicore version 2.4.0 for Linux x86 64-bit built Feb 12 2025
Developed by Bui Quang Minh, Nguyen Lam Tung, Olga Chernomor, Heiko Schmidt,
Dominik Schrempf, Michael Woodhams, Ly Trong Nhan, Thomas Wong

Host:    ezmata (AVX2, FMA3, 15 GB RAM)
Command: /home/mis/miniconda3/envs/cse6406/bin/iqtree2 -s /home/mis/CSE6406-project/work/paper_subset_50x10_L800/ils_low/replicate_09/alignments/L800/locus_0045.phy -m GTR+G4 --abayes -T AUTO --seed 7306046 --prefix /home/mis/CSE6406-project/work/paper_subset_50x10_L800/ils_low/replicate_09/estimated_gene_trees/L800/gtr_g4/locus_0045 --redo --quiet
Seed:    7306046 (Using SPRNG - Scalable Parallel Random Number Generator)
Time:    Sat Sep 12 11:03:43 2026
Kernel:  AVX+FMA - auto-detect threads (16 CPU cores detected)

Reading alignment file /home/mis/CSE6406-project/work/paper_subset_50x10_L800/ils_low/replicate_09/alignments/L800/locus_0045.phy ... Phylip format detected
Alignment most likely contains DNA/RNA sequences
Alignment has 21 sequences with 800 columns, 459 distinct patterns
381 parsimony-informative, 90 singleton sites, 329 constant sites
        Gap/Ambiguity  Composition  p-value
Analyzing sequences: done in 0.000162352 secs using 30.18% CPU
   1  8_0_0     0.00%    passed     44.32%
   2  16_0_0    0.00%    passed     90.59%
   3  1_0_0     0.00%    passed     96.60%
   4  14_0_0    0.00%    passed     73.96%
   5  13_0_0    0.00%    passed     81.55%
   6  11_0_0    0.00%    passed     59.48%
   7  4_0_0     0.00%    passed     82.64%
   8  3_0_0     0.00%    passed     94.10%
   9  9_0_0     0.00%    passed     91.33%
  10  12_0_0    0.00%    passed     99.12%
  11  20_0_0    0.00%    passed     75.35%
  12  19_0_0    0.00%    passed     89.45%
  13  6_0_0     0.00%    passed     88.32%
  14  15_0_0    0.00%    passed     93.22%
  15  18_0_0    0.00%    passed     94.38%
  16  17_0_0    0.00%    passed     94.43%
  17  5_0_0     0.00%    passed     75.33%
  18  7_0_0     0.00%    passed     80.79%
  19  10_0_0    0.00%    passed     93.09%
  20  2_0_0     0.00%    passed     88.13%
  21  0_0_0     0.00%    passed     62.68%
****  TOTAL     0.00%  0 sequences failed composition chi2 test (p-value<5%; df=3)

Create initial parsimony tree by phylogenetic likelihood library (PLL)... 0.001 seconds

NOTE: 1 MB RAM (0 GB) is required!
Measuring multi-threading efficiency up to 16 CPU cores
Increase to 10 rounds for branch lengths
1552 trees examined
Threads: 1 / Time: 16.006 sec / Speedup: 1.000 / Efficiency: 100% / LogL: -11247
Threads: 2 / Time: 18.319 sec / Speedup: 0.874 / Efficiency: 44% / LogL: -11247
BEST NUMBER OF THREADS: 1

Estimate model parameters (epsilon = 0.100)
1. Initial log-likelihood: -10866.935
2. Current log-likelihood: -10415.331
3. Current log-likelihood: -10359.803
4. Current log-likelihood: -10353.061
5. Current log-likelihood: -10351.296
6. Current log-likelihood: -10350.781
7. Current log-likelihood: -10350.566
Optimal log-likelihood: -10350.470
Rate parameters:  A-C: 0.66216  A-G: 1.51679  A-T: 0.90398  C-G: 0.82018  C-T: 1.71561  G-T: 1.00000
Base frequencies:  A: 0.333  C: 0.206  G: 0.184  T: 0.277
Gamma shape alpha: 0.220
Parameters optimization took 7 rounds (0.074 sec)
Wrote distance file to... 
Computing ML distances based on estimated model parameters...
Calculating distance matrix: done in 0.00125096 secs using 97.93% CPU
Computing ML distances took 0.001288 sec (of wall-clock time) 0.001260 sec (of CPU time)
Setting up auxiliary I and S matrices: done in 2.5289e-05 secs using 98.86% CPU
Computing RapidNJ tree took 0.000098 sec (of wall-clock time) 0.000097 sec (of CPU time)
Log-likelihood of RapidNJ tree: -10318.005
--------------------------------------------------------------------
|             INITIALIZING CANDIDATE TREE SET                      |
--------------------------------------------------------------------
Generating 98 parsimony trees... 0.092 second
Computing log-likelihood of 98 initial trees ... 0.167 seconds
Current best score: -10318.005

Do NNI search on 20 best initial trees
Estimate model parameters (epsilon = 0.100)
BETTER TREE FOUND at iteration 1: -10313.386
Estimate model parameters (epsilon = 0.100)
BETTER TREE FOUND at iteration 2: -10309.661
BETTER TREE FOUND at iteration 3: -10309.661
UPDATE BEST LOG-LIKELIHOOD: -10309.661
Iteration 10 / LogL: -10309.661 / Time: 0h:0m:35s
UPDATE BEST LOG-LIKELIHOOD: -10309.660
Iteration 20 / LogL: -10309.675 / Time: 0h:0m:35s
Finish initializing candidate tree set (7)
Current best tree score: -10309.660 / CPU time: 1.276
Number of iterations: 20
--------------------------------------------------------------------
|               OPTIMIZING CANDIDATE TREE SET                      |
--------------------------------------------------------------------
UPDATE BEST LOG-LIKELIHOOD: -10309.660
UPDATE BEST LOG-LIKELIHOOD: -10309.660
Iteration 30 / LogL: -10310.649 / Time: 0h:0m:36s (0h:1m:30s left)
Iteration 40 / LogL: -10309.676 / Time: 0h:0m:36s (0h:0m:58s left)
UPDATE BEST LOG-LIKELIHOOD: -10309.660
UPDATE BEST LOG-LIKELIHOOD: -10309.660
Iteration 50 / LogL: -10309.660 / Time: 0h:0m:36s (0h:0m:39s left)
Iteration 60 / LogL: -10309.675 / Time: 0h:0m:37s (0h:0m:26s left)
UPDATE BEST LOG-LIKELIHOOD: -10309.660
Iteration 70 / LogL: -10309.660 / Time: 0h:0m:37s (0h:0m:17s left)
UPDATE BEST LOG-LIKELIHOOD: -10309.660
UPDATE BEST LOG-LIKELIHOOD: -10309.660
Iteration 80 / LogL: -10309.675 / Time: 0h:0m:37s (0h:0m:10s left)
Iteration 90 / LogL: -10310.790 / Time: 0h:0m:38s (0h:0m:5s left)
Iteration 100 / LogL: -10310.300 / Time: 0h:0m:38s (0h:0m:1s left)
TREE SEARCH COMPLETED AFTER 104 ITERATIONS / Time: 0h:0m:38s

--------------------------------------------------------------------
|                    FINALIZING TREE SEARCH                        |
--------------------------------------------------------------------
Performs final model parameters optimization
Estimate model parameters (epsilon = 0.010)
1. Initial log-likelihood: -10309.660
Optimal log-likelihood: -10309.656
Rate parameters:  A-C: 0.65999  A-G: 1.50295  A-T: 0.92754  C-G: 0.83427  C-T: 1.80832  G-T: 1.00000
Base frequencies:  A: 0.333  C: 0.206  G: 0.184  T: 0.277
Gamma shape alpha: 0.216
Parameters optimization took 1 rounds (0.006 sec)
BEST SCORE FOUND : -10309.656

Testing tree branches by aBayes parametric test...
0.006 sec.
Total tree length: 13.034

Total number of iterations: 104
CPU time used for tree search: 4.007 sec (0h:0m:4s)
Wall-clock time used for tree search: 4.075 sec (0h:0m:4s)
Total CPU time used: 45.651 sec (0h:0m:45s)
Total wall-clock time used: 38.509 sec (0h:0m:38s)

Analysis results written to: 
  IQ-TREE report:                /home/mis/CSE6406-project/work/paper_subset_50x10_L800/ils_low/replicate_09/estimated_gene_trees/L800/gtr_g4/locus_0045.iqtree
  Maximum-likelihood tree:       /home/mis/CSE6406-project/work/paper_subset_50x10_L800/ils_low/replicate_09/estimated_gene_trees/L800/gtr_g4/locus_0045.treefile
  Likelihood distances:          /home/mis/CSE6406-project/work/paper_subset_50x10_L800/ils_low/replicate_09/estimated_gene_trees/L800/gtr_g4/locus_0045.mldist
  Screen log file:               /home/mis/CSE6406-project/work/paper_subset_50x10_L800/ils_low/replicate_09/estimated_gene_trees/L800/gtr_g4/locus_0045.log

Date and Time: Sat Sep 12 11:04:21 2026
