IQ-TREE multicore version 2.4.0 for Linux x86 64-bit built Feb 12 2025
Developed by Bui Quang Minh, Nguyen Lam Tung, Olga Chernomor, Heiko Schmidt,
Dominik Schrempf, Michael Woodhams, Ly Trong Nhan, Thomas Wong

Host:    ezmata (AVX2, FMA3, 15 GB RAM)
Command: /home/mis/miniconda3/envs/cse6406/bin/iqtree2 -s /home/mis/CSE6406-project/work/paper_subset_50x10_L200/ils_low/replicate_03/alignments/L200/locus_0008.phy -m HKY+G4 --abayes -T 1 --seed 6706009 --prefix /home/mis/CSE6406-project/work/paper_subset_50x10_L200/ils_low/replicate_03/estimated_gene_trees/L200/hky_g4/locus_0008 --redo --quiet
Seed:    6706009 (Using SPRNG - Scalable Parallel Random Number Generator)
Time:    Sat Sep 12 21:32:03 2026
Kernel:  AVX+FMA - 1 threads (16 CPU cores detected)

HINT: Use -nt option to specify number of threads because your CPU has 16 cores!
HINT: -nt AUTO will automatically determine the best number of threads to use.

Reading alignment file /home/mis/CSE6406-project/work/paper_subset_50x10_L200/ils_low/replicate_03/alignments/L200/locus_0008.phy ... Phylip format detected
Alignment most likely contains DNA/RNA sequences
Alignment has 21 sequences with 200 columns, 116 distinct patterns
95 parsimony-informative, 18 singleton sites, 87 constant sites
        Gap/Ambiguity  Composition  p-value
Analyzing sequences: done in 1.9399e-05 secs using 36.08% CPU
   1  20_0_0    0.00%    passed     87.16%
   2  8_0_0     0.00%    passed     74.55%
   3  11_0_0    0.00%    passed     90.56%
   4  17_0_0    0.00%    passed     67.44%
   5  13_0_0    0.00%    passed     98.28%
   6  4_0_0     0.00%    passed     90.05%
   7  12_0_0    0.00%    passed     64.44%
   8  10_0_0    0.00%    passed     99.14%
   9  19_0_0    0.00%    passed     38.61%
  10  15_0_0    0.00%    passed     97.24%
  11  16_0_0    0.00%    passed     95.02%
  12  18_0_0    0.00%    passed     66.57%
  13  5_0_0     0.00%    passed     84.66%
  14  14_0_0    0.00%    passed     65.48%
  15  7_0_0     0.00%    passed     52.19%
  16  9_0_0     0.00%    passed     79.08%
  17  6_0_0     0.00%    passed     82.75%
  18  1_0_0     0.00%    passed     96.90%
  19  3_0_0     0.00%    passed     92.84%
  20  2_0_0     0.00%    passed     97.68%
  21  0_0_0     0.00%    passed     54.56%
****  TOTAL     0.00%  0 sequences failed composition chi2 test (p-value<5%; df=3)

Create initial parsimony tree by phylogenetic likelihood library (PLL)... 0.001 seconds

NOTE: 0 MB RAM (0 GB) is required!
Estimate model parameters (epsilon = 0.100)
1. Initial log-likelihood: -2715.144
2. Current log-likelihood: -2585.599
3. Current log-likelihood: -2572.332
4. Current log-likelihood: -2571.520
Optimal log-likelihood: -2571.397
Rate parameters:  A-C: 1.00000  A-G: 1.73694  A-T: 1.00000  C-G: 1.00000  C-T: 1.73694  G-T: 1.00000
Base frequencies:  A: 0.321  C: 0.215  G: 0.211  T: 0.253
Gamma shape alpha: 0.215
Parameters optimization took 4 rounds (0.029 sec)
Wrote distance file to... 
Computing ML distances based on estimated model parameters...
Calculating distance matrix: done in 0.00284087 secs using 97.47% CPU
Computing ML distances took 0.002889 sec (of wall-clock time) 0.002817 sec (of CPU time)
Setting up auxiliary I and S matrices: done in 5.8074e-05 secs
Computing RapidNJ tree took 0.000226 sec (of wall-clock time) 0.000000 sec (of CPU time)
Log-likelihood of RapidNJ tree: -2569.259
--------------------------------------------------------------------
|             INITIALIZING CANDIDATE TREE SET                      |
--------------------------------------------------------------------
Generating 98 parsimony trees... 0.098 second
Computing log-likelihood of 98 initial trees ... 0.180 seconds
Current best score: -2569.259

Do NNI search on 20 best initial trees
Estimate model parameters (epsilon = 0.100)
BETTER TREE FOUND at iteration 1: -2562.700
Estimate model parameters (epsilon = 0.100)
BETTER TREE FOUND at iteration 2: -2558.627
BETTER TREE FOUND at iteration 3: -2558.622
UPDATE BEST LOG-LIKELIHOOD: -2558.622
Iteration 10 / LogL: -2558.622 / Time: 0h:0m:0s
Iteration 20 / LogL: -2562.731 / Time: 0h:0m:1s
Finish initializing candidate tree set (9)
Current best tree score: -2558.622 / CPU time: 1.466
Number of iterations: 20
--------------------------------------------------------------------
|               OPTIMIZING CANDIDATE TREE SET                      |
--------------------------------------------------------------------
Iteration 30 / LogL: -2558.622 / Time: 0h:0m:2s (0h:0m:5s left)
UPDATE BEST LOG-LIKELIHOOD: -2558.621
Iteration 40 / LogL: -2558.622 / Time: 0h:0m:2s (0h:0m:4s left)
Iteration 50 / LogL: -2558.622 / Time: 0h:0m:2s (0h:0m:3s left)
Iteration 60 / LogL: -2560.279 / Time: 0h:0m:3s (0h:0m:2s left)
Iteration 70 / LogL: -2558.622 / Time: 0h:0m:3s (0h:0m:1s left)
Iteration 80 / LogL: -2560.280 / Time: 0h:0m:3s (0h:0m:1s left)
Iteration 90 / LogL: -2560.278 / Time: 0h:0m:3s (0h:0m:0s left)
Iteration 100 / LogL: -2558.622 / Time: 0h:0m:4s (0h:0m:0s left)
TREE SEARCH COMPLETED AFTER 104 ITERATIONS / Time: 0h:0m:4s

--------------------------------------------------------------------
|                    FINALIZING TREE SEARCH                        |
--------------------------------------------------------------------
Performs final model parameters optimization
Estimate model parameters (epsilon = 0.010)
1. Initial log-likelihood: -2558.621
Optimal log-likelihood: -2558.611
Rate parameters:  A-C: 1.00000  A-G: 1.79939  A-T: 1.00000  C-G: 1.00000  C-T: 1.79939  G-T: 1.00000
Base frequencies:  A: 0.321  C: 0.215  G: 0.211  T: 0.253
Gamma shape alpha: 0.204
Parameters optimization took 1 rounds (0.004 sec)
BEST SCORE FOUND : -2558.611

Testing tree branches by aBayes parametric test...
0.006 sec.
Total tree length: 10.622

Total number of iterations: 104
CPU time used for tree search: 4.200 sec (0h:0m:4s)
Wall-clock time used for tree search: 4.381 sec (0h:0m:4s)
Total CPU time used: 4.263 sec (0h:0m:4s)
Total wall-clock time used: 4.446 sec (0h:0m:4s)

Analysis results written to: 
  IQ-TREE report:                /home/mis/CSE6406-project/work/paper_subset_50x10_L200/ils_low/replicate_03/estimated_gene_trees/L200/hky_g4/locus_0008.iqtree
  Maximum-likelihood tree:       /home/mis/CSE6406-project/work/paper_subset_50x10_L200/ils_low/replicate_03/estimated_gene_trees/L200/hky_g4/locus_0008.treefile
  Likelihood distances:          /home/mis/CSE6406-project/work/paper_subset_50x10_L200/ils_low/replicate_03/estimated_gene_trees/L200/hky_g4/locus_0008.mldist
  Screen log file:               /home/mis/CSE6406-project/work/paper_subset_50x10_L200/ils_low/replicate_03/estimated_gene_trees/L200/hky_g4/locus_0008.log

Date and Time: Sat Sep 12 21:32:07 2026
