IQ-TREE multicore version 2.4.0 for Linux x86 64-bit built Feb 12 2025
Developed by Bui Quang Minh, Nguyen Lam Tung, Olga Chernomor, Heiko Schmidt,
Dominik Schrempf, Michael Woodhams, Ly Trong Nhan, Thomas Wong

Host:    ezmata (AVX2, FMA3, 15 GB RAM)
Command: /home/mis/miniconda3/envs/cse6406/bin/iqtree2 -s /home/mis/CSE6406-project/work/paper_subset_50x10_L200/ils_low/replicate_03/alignments/L200/locus_0026.phy -m HKY+G4 --abayes -T 1 --seed 6706027 --prefix /home/mis/CSE6406-project/work/paper_subset_50x10_L200/ils_low/replicate_03/estimated_gene_trees/L200/hky_g4/locus_0026 --redo --quiet
Seed:    6706027 (Using SPRNG - Scalable Parallel Random Number Generator)
Time:    Sat Sep 12 21:32:13 2026
Kernel:  AVX+FMA - 1 threads (16 CPU cores detected)

HINT: Use -nt option to specify number of threads because your CPU has 16 cores!
HINT: -nt AUTO will automatically determine the best number of threads to use.

Reading alignment file /home/mis/CSE6406-project/work/paper_subset_50x10_L200/ils_low/replicate_03/alignments/L200/locus_0026.phy ... Phylip format detected
Alignment most likely contains DNA/RNA sequences
Alignment has 21 sequences with 200 columns, 114 distinct patterns
93 parsimony-informative, 19 singleton sites, 88 constant sites
        Gap/Ambiguity  Composition  p-value
Analyzing sequences: done in 1.7335e-05 secs using 23.07% CPU
   1  0_0_0     0.00%    passed     88.50%
   2  2_0_0     0.00%    passed     85.94%
   3  1_0_0     0.00%    passed     97.45%
   4  3_0_0     0.00%    passed     86.70%
   5  11_0_0    0.00%    passed     95.74%
   6  8_0_0     0.00%    passed     82.96%
   7  16_0_0    0.00%    passed     97.56%
   8  10_0_0    0.00%    passed     72.68%
   9  19_0_0    0.00%    passed     58.85%
  10  13_0_0    0.00%    passed     96.22%
  11  4_0_0     0.00%    passed     96.69%
  12  17_0_0    0.00%    passed     91.27%
  13  12_0_0    0.00%    passed     85.23%
  14  15_0_0    0.00%    passed     84.63%
  15  20_0_0    0.00%    passed     98.31%
  16  14_0_0    0.00%    passed     94.86%
  17  5_0_0     0.00%    passed     99.05%
  18  7_0_0     0.00%    passed     86.00%
  19  9_0_0     0.00%    passed     98.70%
  20  6_0_0     0.00%    passed     55.76%
  21  18_0_0    0.00%    passed     83.45%
****  TOTAL     0.00%  0 sequences failed composition chi2 test (p-value<5%; df=3)

Create initial parsimony tree by phylogenetic likelihood library (PLL)... 0.001 seconds

NOTE: 0 MB RAM (0 GB) is required!
Estimate model parameters (epsilon = 0.100)
1. Initial log-likelihood: -2400.697
2. Current log-likelihood: -2291.154
3. Current log-likelihood: -2272.802
4. Current log-likelihood: -2271.307
5. Current log-likelihood: -2271.044
Optimal log-likelihood: -2270.957
Rate parameters:  A-C: 1.00000  A-G: 1.80828  A-T: 1.00000  C-G: 1.00000  C-T: 1.80828  G-T: 1.00000
Base frequencies:  A: 0.285  C: 0.167  G: 0.198  T: 0.350
Gamma shape alpha: 0.218
Parameters optimization took 5 rounds (0.038 sec)
Wrote distance file to... 
Computing ML distances based on estimated model parameters...
Calculating distance matrix: done in 0.00273316 secs using 97.62% CPU
Computing ML distances took 0.002800 sec (of wall-clock time) 0.002738 sec (of CPU time)
Setting up auxiliary I and S matrices: done in 7.697e-05 secs using 98.74% CPU
Computing RapidNJ tree took 0.000284 sec (of wall-clock time) 0.000283 sec (of CPU time)
Log-likelihood of RapidNJ tree: -2264.644
--------------------------------------------------------------------
|             INITIALIZING CANDIDATE TREE SET                      |
--------------------------------------------------------------------
Generating 98 parsimony trees... 0.089 second
Computing log-likelihood of 98 initial trees ... 0.159 seconds
Current best score: -2264.644

Do NNI search on 20 best initial trees
Estimate model parameters (epsilon = 0.100)
BETTER TREE FOUND at iteration 1: -2260.402
Estimate model parameters (epsilon = 0.100)
BETTER TREE FOUND at iteration 2: -2257.850
Iteration 10 / LogL: -2260.503 / Time: 0h:0m:0s
Iteration 20 / LogL: -2260.241 / Time: 0h:0m:0s
Finish initializing candidate tree set (5)
Current best tree score: -2257.850 / CPU time: 0.761
Number of iterations: 20
--------------------------------------------------------------------
|               OPTIMIZING CANDIDATE TREE SET                      |
--------------------------------------------------------------------
Iteration 30 / LogL: -2257.940 / Time: 0h:0m:1s (0h:0m:2s left)
Iteration 40 / LogL: -2257.938 / Time: 0h:0m:1s (0h:0m:1s left)
Iteration 50 / LogL: -2258.495 / Time: 0h:0m:1s (0h:0m:1s left)
Iteration 60 / LogL: -2257.855 / Time: 0h:0m:1s (0h:0m:1s left)
Iteration 70 / LogL: -2259.466 / Time: 0h:0m:1s (0h:0m:0s left)
Iteration 80 / LogL: -2258.039 / Time: 0h:0m:1s (0h:0m:0s left)
Iteration 90 / LogL: -2259.462 / Time: 0h:0m:1s (0h:0m:0s left)
Iteration 100 / LogL: -2258.385 / Time: 0h:0m:2s (0h:0m:0s left)
TREE SEARCH COMPLETED AFTER 103 ITERATIONS / Time: 0h:0m:2s

--------------------------------------------------------------------
|                    FINALIZING TREE SEARCH                        |
--------------------------------------------------------------------
Performs final model parameters optimization
Estimate model parameters (epsilon = 0.010)
1. Initial log-likelihood: -2257.850
Optimal log-likelihood: -2257.845
Rate parameters:  A-C: 1.00000  A-G: 1.85997  A-T: 1.00000  C-G: 1.00000  C-T: 1.85997  G-T: 1.00000
Base frequencies:  A: 0.285  C: 0.167  G: 0.198  T: 0.350
Gamma shape alpha: 0.210
Parameters optimization took 1 rounds (0.002 sec)
BEST SCORE FOUND : -2257.845

Testing tree branches by aBayes parametric test...
0.003 sec.
Total tree length: 9.820

Total number of iterations: 103
CPU time used for tree search: 1.888 sec (0h:0m:1s)
Wall-clock time used for tree search: 1.984 sec (0h:0m:1s)
Total CPU time used: 1.956 sec (0h:0m:1s)
Total wall-clock time used: 2.052 sec (0h:0m:2s)

Analysis results written to: 
  IQ-TREE report:                /home/mis/CSE6406-project/work/paper_subset_50x10_L200/ils_low/replicate_03/estimated_gene_trees/L200/hky_g4/locus_0026.iqtree
  Maximum-likelihood tree:       /home/mis/CSE6406-project/work/paper_subset_50x10_L200/ils_low/replicate_03/estimated_gene_trees/L200/hky_g4/locus_0026.treefile
  Likelihood distances:          /home/mis/CSE6406-project/work/paper_subset_50x10_L200/ils_low/replicate_03/estimated_gene_trees/L200/hky_g4/locus_0026.mldist
  Screen log file:               /home/mis/CSE6406-project/work/paper_subset_50x10_L200/ils_low/replicate_03/estimated_gene_trees/L200/hky_g4/locus_0026.log

Date and Time: Sat Sep 12 21:32:15 2026
