IQ-TREE multicore version 2.4.0 for Linux x86 64-bit built Feb 12 2025
Developed by Bui Quang Minh, Nguyen Lam Tung, Olga Chernomor, Heiko Schmidt,
Dominik Schrempf, Michael Woodhams, Ly Trong Nhan, Thomas Wong

Host:    ezmata (AVX2, FMA3, 15 GB RAM)
Command: /home/mis/miniconda3/envs/cse6406/bin/iqtree2 -s /home/mis/CSE6406-project/work/paper_subset_50x10_L200/ils_low/replicate_01/alignments/L200/locus_0044.phy -m HKY --abayes -T 1 --seed 6506045 --prefix /home/mis/CSE6406-project/work/paper_subset_50x10_L200/ils_low/replicate_01/estimated_gene_trees/L200/hky/locus_0044 --redo --quiet
Seed:    6506045 (Using SPRNG - Scalable Parallel Random Number Generator)
Time:    Sat Sep 12 21:30:27 2026
Kernel:  AVX+FMA - 1 threads (16 CPU cores detected)

HINT: Use -nt option to specify number of threads because your CPU has 16 cores!
HINT: -nt AUTO will automatically determine the best number of threads to use.

Reading alignment file /home/mis/CSE6406-project/work/paper_subset_50x10_L200/ils_low/replicate_01/alignments/L200/locus_0044.phy ... Phylip format detected
Alignment most likely contains DNA/RNA sequences
Alignment has 21 sequences with 200 columns, 14 distinct patterns
4 parsimony-informative, 6 singleton sites, 190 constant sites
        Gap/Ambiguity  Composition  p-value
Analyzing sequences: done in 4.781e-06 secs using 62.75% CPU
   1  7_0_0     0.00%    passed    100.00%
   2  16_0_0    0.00%    passed    100.00%
   3  14_0_0    0.00%    passed     99.75%
   4  8_0_0     0.00%    passed     99.75%
   5  20_0_0    0.00%    passed    100.00%
   6  11_0_0    0.00%    passed    100.00%
   7  19_0_0    0.00%    passed    100.00%
   8  10_0_0    0.00%    passed     99.89%
   9  9_0_0     0.00%    passed     99.89%
  10  5_0_0     0.00%    passed     99.86%
  11  13_0_0    0.00%    passed    100.00%
  12  18_0_0    0.00%    passed     99.86%
  13  12_0_0    0.00%    passed     99.86%
  14  17_0_0    0.00%    passed     99.75%
  15  15_0_0    0.00%    passed    100.00%
  16  6_0_0     0.00%    passed     99.70%
  17  1_0_0     0.00%    passed     99.77%
  18  4_0_0     0.00%    passed    100.00%
  19  3_0_0     0.00%    passed    100.00%
  20  2_0_0     0.00%    passed    100.00%
  21  0_0_0     0.00%    passed     99.86%
****  TOTAL     0.00%  0 sequences failed composition chi2 test (p-value<5%; df=3)
NOTE: 16_0_0 is identical to 7_0_0 but kept for subsequent analysis
NOTE: 8_0_0 is identical to 14_0_0 but kept for subsequent analysis
NOTE: 9_0_0 is identical to 10_0_0 but kept for subsequent analysis
NOTE: 12_0_0 is identical to 18_0_0 but kept for subsequent analysis
NOTE: 6 identical sequences (see below) will be ignored for subsequent analysis
NOTE: 20_0_0 (identical to 7_0_0) is ignored but added at the end
NOTE: 11_0_0 (identical to 7_0_0) is ignored but added at the end
NOTE: 19_0_0 (identical to 7_0_0) is ignored but added at the end
NOTE: 4_0_0 (identical to 7_0_0) is ignored but added at the end
NOTE: 3_0_0 (identical to 7_0_0) is ignored but added at the end
NOTE: 2_0_0 (identical to 7_0_0) is ignored but added at the end
Alignment was printed to /home/mis/CSE6406-project/work/paper_subset_50x10_L200/ils_low/replicate_01/estimated_gene_trees/L200/hky/locus_0044.uniqueseq.phy

For your convenience alignment with unique sequences printed to /home/mis/CSE6406-project/work/paper_subset_50x10_L200/ils_low/replicate_01/estimated_gene_trees/L200/hky/locus_0044.uniqueseq.phy

Create initial parsimony tree by phylogenetic likelihood library (PLL)... 0.000 seconds

NOTE: 0 MB RAM (0 GB) is required!
Estimate model parameters (epsilon = 0.100)
1. Initial log-likelihood: -355.207
2. Current log-likelihood: -351.593
Optimal log-likelihood: -351.593
Rate parameters:  A-C: 1.00000  A-G: 5.35137  A-T: 1.00000  C-G: 1.00000  C-T: 5.35137  G-T: 1.00000
Base frequencies:  A: 0.287  C: 0.209  G: 0.230  T: 0.274
Parameters optimization took 2 rounds (0.000 sec)
Wrote distance file to... 
Computing ML distances based on estimated model parameters...
Calculating distance matrix: done in 0.000338496 secs using 99.85% CPU
Computing ML distances took 0.000350 sec (of wall-clock time) 0.000352 sec (of CPU time)
Setting up auxiliary I and S matrices: done in 3.9821e-05 secs using 97.94% CPU
Computing RapidNJ tree took 0.000138 sec (of wall-clock time) 0.000261 sec (of CPU time)
Log-likelihood of RapidNJ tree: -351.549
--------------------------------------------------------------------
|             INITIALIZING CANDIDATE TREE SET                      |
--------------------------------------------------------------------
Generating 98 parsimony trees... 0.016 second
Computing log-likelihood of 98 initial trees ... 0.014 seconds
Current best score: -351.549

Do NNI search on 20 best initial trees
Estimate model parameters (epsilon = 0.100)
BETTER TREE FOUND at iteration 1: -351.549
BETTER TREE FOUND at iteration 2: -351.546
BETTER TREE FOUND at iteration 3: -351.546
Iteration 10 / LogL: -351.593 / Time: 0h:0m:0s
Iteration 20 / LogL: -351.593 / Time: 0h:0m:0s
Finish initializing candidate tree set (20)
Current best tree score: -351.546 / CPU time: 0.049
Number of iterations: 20
--------------------------------------------------------------------
|               OPTIMIZING CANDIDATE TREE SET                      |
--------------------------------------------------------------------
BETTER TREE FOUND at iteration 26: -351.546
BETTER TREE FOUND at iteration 29: -351.546
Iteration 30 / LogL: -351.547 / Time: 0h:0m:0s (0h:0m:0s left)
Iteration 40 / LogL: -351.548 / Time: 0h:0m:0s (0h:0m:0s left)
BETTER TREE FOUND at iteration 49: -351.546
Iteration 50 / LogL: -351.546 / Time: 0h:0m:0s (0h:0m:0s left)
Iteration 60 / LogL: -351.547 / Time: 0h:0m:0s (0h:0m:0s left)
Iteration 70 / LogL: -351.547 / Time: 0h:0m:0s (0h:0m:0s left)
BETTER TREE FOUND at iteration 74: -351.546
Iteration 80 / LogL: -351.548 / Time: 0h:0m:0s (0h:0m:0s left)
BETTER TREE FOUND at iteration 85: -351.546
Iteration 90 / LogL: -351.547 / Time: 0h:0m:0s (0h:0m:0s left)
Iteration 100 / LogL: -351.547 / Time: 0h:0m:0s (0h:0m:0s left)
Iteration 110 / LogL: -351.594 / Time: 0h:0m:0s (0h:0m:0s left)
Iteration 120 / LogL: -351.547 / Time: 0h:0m:0s (0h:0m:0s left)
Iteration 130 / LogL: -351.594 / Time: 0h:0m:0s (0h:0m:0s left)
Iteration 140 / LogL: -351.546 / Time: 0h:0m:0s (0h:0m:0s left)
BETTER TREE FOUND at iteration 147: -351.546
Iteration 150 / LogL: -351.548 / Time: 0h:0m:0s (0h:0m:0s left)
Iteration 160 / LogL: -351.547 / Time: 0h:0m:0s (0h:0m:0s left)
Iteration 170 / LogL: -351.547 / Time: 0h:0m:0s (0h:0m:0s left)
Iteration 180 / LogL: -351.546 / Time: 0h:0m:0s (0h:0m:0s left)
BETTER TREE FOUND at iteration 190: -351.546
Iteration 190 / LogL: -351.546 / Time: 0h:0m:0s (0h:0m:0s left)
Iteration 200 / LogL: -351.546 / Time: 0h:0m:0s (0h:0m:0s left)
Iteration 210 / LogL: -351.548 / Time: 0h:0m:0s (0h:0m:0s left)
Iteration 220 / LogL: -351.562 / Time: 0h:0m:0s (0h:0m:0s left)
Iteration 230 / LogL: -351.547 / Time: 0h:0m:0s (0h:0m:0s left)
UPDATE BEST LOG-LIKELIHOOD: -351.546
Iteration 240 / LogL: -351.546 / Time: 0h:0m:0s (0h:0m:0s left)
Iteration 250 / LogL: -351.546 / Time: 0h:0m:0s (0h:0m:0s left)
Iteration 260 / LogL: -351.546 / Time: 0h:0m:0s (0h:0m:0s left)
Iteration 270 / LogL: -358.294 / Time: 0h:0m:0s (0h:0m:0s left)
Iteration 280 / LogL: -351.546 / Time: 0h:0m:0s (0h:0m:0s left)
Iteration 290 / LogL: -351.546 / Time: 0h:0m:0s (0h:0m:0s left)
TREE SEARCH COMPLETED AFTER 291 ITERATIONS / Time: 0h:0m:0s

--------------------------------------------------------------------
|                    FINALIZING TREE SEARCH                        |
--------------------------------------------------------------------
Performs final model parameters optimization
Estimate model parameters (epsilon = 0.010)
1. Initial log-likelihood: -351.546
Optimal log-likelihood: -351.546
Rate parameters:  A-C: 1.00000  A-G: 5.34414  A-T: 1.00000  C-G: 1.00000  C-T: 5.34414  G-T: 1.00000
Base frequencies:  A: 0.287  C: 0.209  G: 0.230  T: 0.274
Parameters optimization took 1 rounds (0.000 sec)
BEST SCORE FOUND : -351.546

Testing tree branches by aBayes parametric test...
0.000 sec.
Total tree length: 0.055

Total number of iterations: 291
CPU time used for tree search: 0.404 sec (0h:0m:0s)
Wall-clock time used for tree search: 0.479 sec (0h:0m:0s)
Total CPU time used: 0.413 sec (0h:0m:0s)
Total wall-clock time used: 0.487 sec (0h:0m:0s)

Analysis results written to: 
  IQ-TREE report:                /home/mis/CSE6406-project/work/paper_subset_50x10_L200/ils_low/replicate_01/estimated_gene_trees/L200/hky/locus_0044.iqtree
  Maximum-likelihood tree:       /home/mis/CSE6406-project/work/paper_subset_50x10_L200/ils_low/replicate_01/estimated_gene_trees/L200/hky/locus_0044.treefile
  Likelihood distances:          /home/mis/CSE6406-project/work/paper_subset_50x10_L200/ils_low/replicate_01/estimated_gene_trees/L200/hky/locus_0044.mldist
  Screen log file:               /home/mis/CSE6406-project/work/paper_subset_50x10_L200/ils_low/replicate_01/estimated_gene_trees/L200/hky/locus_0044.log

Date and Time: Sat Sep 12 21:30:27 2026
