IQ-TREE multicore version 2.4.0 for MacOS ARM 64-bit built Feb 12 2025
Developed by Bui Quang Minh, Nguyen Lam Tung, Olga Chernomor, Heiko Schmidt,
Dominik Schrempf, Michael Woodhams, Ly Trong Nhan, Thomas Wong

Host:    Fahims-MacBook-Air.local (SSE4.2, 16 GB RAM)
Command: /Users/fahim/miniconda3/envs/cse6406/bin/iqtree2 -s /Users/fahim/CSE6406-project/work/paper_subset_50x10_L1600/ils_low/replicate_06/alignments/L1600/locus_0004.phy -m HKY --abayes -T AUTO --seed 7006005 --prefix /Users/fahim/CSE6406-project/work/paper_subset_50x10_L1600/ils_low/replicate_06/estimated_gene_trees/L1600/hky/locus_0004 --redo --quiet
Seed:    7006005 (Using SPRNG - Scalable Parallel Random Number Generator)
Time:    Fri Sep 11 13:28:20 2026
Kernel:  SSE2 - auto-detect threads (10 CPU cores detected)

Reading alignment file /Users/fahim/CSE6406-project/work/paper_subset_50x10_L1600/ils_low/replicate_06/alignments/L1600/locus_0004.phy ... Phylip format detected
Alignment most likely contains DNA/RNA sequences
Alignment has 21 sequences with 1600 columns, 548 distinct patterns
432 parsimony-informative, 162 singleton sites, 1006 constant sites
        Gap/Ambiguity  Composition  p-value
Analyzing sequences: done in 4.00543e-05 secs using 99.86% CPU
   1  0_0_0     0.00%    passed     92.80%
   2  9_0_0     0.00%    passed     80.92%
   3  3_0_0     0.00%    passed     94.26%
   4  2_0_0     0.00%    passed     93.89%
   5  5_0_0     0.00%    passed     67.09%
   6  8_0_0     0.00%    passed     87.58%
   7  6_0_0     0.00%    passed     93.48%
   8  4_0_0     0.00%    passed     97.58%
   9  1_0_0     0.00%    passed     94.80%
  10  7_0_0     0.00%    passed     99.74%
  11  18_0_0    0.00%    passed     97.62%
  12  20_0_0    0.00%    passed     75.18%
  13  16_0_0    0.00%    passed     94.29%
  14  10_0_0    0.00%    passed     96.30%
  15  19_0_0    0.00%    passed     61.07%
  16  13_0_0    0.00%    passed     98.57%
  17  15_0_0    0.00%    passed     88.97%
  18  17_0_0    0.00%    passed     99.18%
  19  12_0_0    0.00%    passed     92.52%
  20  11_0_0    0.00%    passed     86.15%
  21  14_0_0    0.00%    passed     99.72%
****  TOTAL     0.00%  0 sequences failed composition chi2 test (p-value<5%; df=3)

Create initial parsimony tree by phylogenetic likelihood library (PLL)... 0.000 seconds

NOTE: 0 MB RAM (0 GB) is required!
Measuring multi-threading efficiency up to 10 CPU cores
Increase to 10 rounds for branch lengths
5246 trees examined
Threads: 1 / Time: 10.000 sec / Speedup: 1.000 / Efficiency: 100% / LogL: -15591
Threads: 2 / Time: 25.550 sec / Speedup: 0.391 / Efficiency: 20% / LogL: -15591
BEST NUMBER OF THREADS: 1

Estimate model parameters (epsilon = 0.100)
1. Initial log-likelihood: -12314.244
2. Current log-likelihood: -12204.660
Optimal log-likelihood: -12204.560
Rate parameters:  A-C: 1.00000  A-G: 1.83451  A-T: 1.00000  C-G: 1.00000  C-T: 1.83451  G-T: 1.00000
Base frequencies:  A: 0.299  C: 0.193  G: 0.198  T: 0.311
Parameters optimization took 2 rounds (0.003 sec)
Wrote distance file to... 
Computing ML distances based on estimated model parameters...
Calculating distance matrix: done in 0.000450134 secs using 97.53% CPU
Computing ML distances took 0.000487 sec (of wall-clock time) 0.000462 sec (of CPU time)
Setting up auxiliary I and S matrices: done in 1.5974e-05 secs using 68.86% CPU
Computing RapidNJ tree took 0.000060 sec (of wall-clock time) 0.000063 sec (of CPU time)
Log-likelihood of RapidNJ tree: -12242.840
--------------------------------------------------------------------
|             INITIALIZING CANDIDATE TREE SET                      |
--------------------------------------------------------------------
Generating 98 parsimony trees... 0.057 second
Computing log-likelihood of 98 initial trees ... 0.044 seconds
Current best score: -12204.252

Do NNI search on 20 best initial trees
Estimate model parameters (epsilon = 0.100)
BETTER TREE FOUND at iteration 1: -12202.758
Iteration 10 / LogL: -12202.763 / Time: 0h:0m:35s
Iteration 20 / LogL: -12205.116 / Time: 0h:0m:35s
Finish initializing candidate tree set (8)
Current best tree score: -12202.758 / CPU time: 0.189
Number of iterations: 20
--------------------------------------------------------------------
|               OPTIMIZING CANDIDATE TREE SET                      |
--------------------------------------------------------------------
Iteration 30 / LogL: -12203.996 / Time: 0h:0m:35s (0h:1m:27s left)
Iteration 40 / LogL: -12205.097 / Time: 0h:0m:35s (0h:0m:56s left)
Iteration 50 / LogL: -12202.760 / Time: 0h:0m:35s (0h:0m:37s left)
Iteration 60 / LogL: -12214.358 / Time: 0h:0m:36s (0h:0m:25s left)
Iteration 70 / LogL: -12202.854 / Time: 0h:0m:36s (0h:0m:16s left)
Iteration 80 / LogL: -12203.992 / Time: 0h:0m:36s (0h:0m:9s left)
Iteration 90 / LogL: -12204.014 / Time: 0h:0m:36s (0h:0m:4s left)
Iteration 100 / LogL: -12202.763 / Time: 0h:0m:36s (0h:0m:0s left)
TREE SEARCH COMPLETED AFTER 102 ITERATIONS / Time: 0h:0m:36s

--------------------------------------------------------------------
|                    FINALIZING TREE SEARCH                        |
--------------------------------------------------------------------
Performs final model parameters optimization
Estimate model parameters (epsilon = 0.010)
1. Initial log-likelihood: -12202.758
Optimal log-likelihood: -12202.758
Rate parameters:  A-C: 1.00000  A-G: 1.85236  A-T: 1.00000  C-G: 1.00000  C-T: 1.85236  G-T: 1.00000
Base frequencies:  A: 0.299  C: 0.193  G: 0.198  T: 0.311
Parameters optimization took 1 rounds (0.001 sec)
BEST SCORE FOUND : -12202.758

Testing tree branches by aBayes parametric test...
0.002 sec.
Total tree length: 1.316

Total number of iterations: 102
CPU time used for tree search: 0.715 sec (0h:0m:0s)
Wall-clock time used for tree search: 0.717 sec (0h:0m:0s)
Total CPU time used: 29.229 sec (0h:0m:29s)
Total wall-clock time used: 36.279 sec (0h:0m:36s)

Analysis results written to: 
  IQ-TREE report:                /Users/fahim/CSE6406-project/work/paper_subset_50x10_L1600/ils_low/replicate_06/estimated_gene_trees/L1600/hky/locus_0004.iqtree
  Maximum-likelihood tree:       /Users/fahim/CSE6406-project/work/paper_subset_50x10_L1600/ils_low/replicate_06/estimated_gene_trees/L1600/hky/locus_0004.treefile
  Likelihood distances:          /Users/fahim/CSE6406-project/work/paper_subset_50x10_L1600/ils_low/replicate_06/estimated_gene_trees/L1600/hky/locus_0004.mldist
  Screen log file:               /Users/fahim/CSE6406-project/work/paper_subset_50x10_L1600/ils_low/replicate_06/estimated_gene_trees/L1600/hky/locus_0004.log

Date and Time: Fri Sep 11 13:28:57 2026
