IQ-TREE multicore version 2.4.0 for MacOS ARM 64-bit built Feb 12 2025
Developed by Bui Quang Minh, Nguyen Lam Tung, Olga Chernomor, Heiko Schmidt,
Dominik Schrempf, Michael Woodhams, Ly Trong Nhan, Thomas Wong

Host:    Fahims-MacBook-Air.local (SSE4.2, 16 GB RAM)
Command: /Users/fahim/miniconda3/envs/cse6406/bin/iqtree2 -s /Users/fahim/CSE6406-project/work/paper_subset_50x10_L1600/ils_low/replicate_06/alignments/L1600/locus_0016.phy -m HKY --abayes -T AUTO --seed 7006017 --prefix /Users/fahim/CSE6406-project/work/paper_subset_50x10_L1600/ils_low/replicate_06/estimated_gene_trees/L1600/hky/locus_0016 --redo --quiet
Seed:    7006017 (Using SPRNG - Scalable Parallel Random Number Generator)
Time:    Fri Sep 11 13:35:35 2026
Kernel:  SSE2 - auto-detect threads (10 CPU cores detected)

Reading alignment file /Users/fahim/CSE6406-project/work/paper_subset_50x10_L1600/ils_low/replicate_06/alignments/L1600/locus_0016.phy ... Phylip format detected
Alignment most likely contains DNA/RNA sequences
Alignment has 21 sequences with 1600 columns, 533 distinct patterns
449 parsimony-informative, 141 singleton sites, 1010 constant sites
        Gap/Ambiguity  Composition  p-value
Analyzing sequences: done in 4.69685e-05 secs using 87.29% CPU
   1  0_0_0     0.00%    passed     54.47%
   2  12_0_0    0.00%    passed     80.66%
   3  14_0_0    0.00%    passed     98.48%
   4  11_0_0    0.00%    passed     98.20%
   5  9_0_0     0.00%    passed     98.89%
   6  6_0_0     0.00%    passed     69.47%
   7  8_0_0     0.00%    passed     95.39%
   8  1_0_0     0.00%    passed     91.88%
   9  7_0_0     0.00%    passed     97.75%
  10  4_0_0     0.00%    passed     98.90%
  11  5_0_0     0.00%    passed     88.20%
  12  3_0_0     0.00%    passed     99.90%
  13  2_0_0     0.00%    passed     96.59%
  14  17_0_0    0.00%    passed     96.87%
  15  13_0_0    0.00%    passed     80.43%
  16  15_0_0    0.00%    passed     83.53%
  17  19_0_0    0.00%    passed     97.91%
  18  10_0_0    0.00%    passed     85.20%
  19  16_0_0    0.00%    passed     92.62%
  20  20_0_0    0.00%    passed     81.51%
  21  18_0_0    0.00%    passed     89.24%
****  TOTAL     0.00%  0 sequences failed composition chi2 test (p-value<5%; df=3)

Create initial parsimony tree by phylogenetic likelihood library (PLL)... 0.001 seconds

NOTE: 0 MB RAM (0 GB) is required!
Measuring multi-threading efficiency up to 10 CPU cores
Increase to 10 rounds for branch lengths
5605 trees examined
Threads: 1 / Time: 10.001 sec / Speedup: 1.000 / Efficiency: 100% / LogL: -15128
Threads: 2 / Time: 25.969 sec / Speedup: 0.385 / Efficiency: 19% / LogL: -15128
BEST NUMBER OF THREADS: 1

Estimate model parameters (epsilon = 0.100)
1. Initial log-likelihood: -12090.895
2. Current log-likelihood: -11982.885
3. Current log-likelihood: -11982.754
Optimal log-likelihood: -11982.754
Rate parameters:  A-C: 1.00000  A-G: 1.94659  A-T: 1.00000  C-G: 1.00000  C-T: 1.94659  G-T: 1.00000
Base frequencies:  A: 0.308  C: 0.192  G: 0.191  T: 0.309
Parameters optimization took 3 rounds (0.004 sec)
Wrote distance file to... 
Computing ML distances based on estimated model parameters...
Calculating distance matrix: done in 0.000442028 secs using 98.18% CPU
Computing ML distances took 0.000477 sec (of wall-clock time) 0.000457 sec (of CPU time)
Setting up auxiliary I and S matrices: done in 1.88351e-05 secs using 69.02% CPU
Computing RapidNJ tree took 0.000064 sec (of wall-clock time) 0.000071 sec (of CPU time)
Log-likelihood of RapidNJ tree: -12005.697
--------------------------------------------------------------------
|             INITIALIZING CANDIDATE TREE SET                      |
--------------------------------------------------------------------
Generating 98 parsimony trees... 0.059 second
Computing log-likelihood of 98 initial trees ... 0.043 seconds
Current best score: -11982.754

Do NNI search on 20 best initial trees
Estimate model parameters (epsilon = 0.100)
BETTER TREE FOUND at iteration 1: -11982.754
Iteration 10 / LogL: -11985.455 / Time: 0h:0m:36s
Iteration 20 / LogL: -11985.449 / Time: 0h:0m:36s
Finish initializing candidate tree set (2)
Current best tree score: -11982.754 / CPU time: 0.198
Number of iterations: 20
--------------------------------------------------------------------
|               OPTIMIZING CANDIDATE TREE SET                      |
--------------------------------------------------------------------
Iteration 30 / LogL: -11993.793 / Time: 0h:0m:36s (0h:1m:28s left)
Iteration 40 / LogL: -11982.758 / Time: 0h:0m:36s (0h:0m:56s left)
Iteration 50 / LogL: -11993.786 / Time: 0h:0m:36s (0h:0m:37s left)
Iteration 60 / LogL: -12008.782 / Time: 0h:0m:36s (0h:0m:25s left)
Iteration 70 / LogL: -11985.453 / Time: 0h:0m:36s (0h:0m:16s left)
Iteration 80 / LogL: -11985.448 / Time: 0h:0m:36s (0h:0m:9s left)
Iteration 90 / LogL: -11985.448 / Time: 0h:0m:36s (0h:0m:4s left)
Iteration 100 / LogL: -12020.410 / Time: 0h:0m:36s (0h:0m:0s left)
TREE SEARCH COMPLETED AFTER 102 ITERATIONS / Time: 0h:0m:36s

--------------------------------------------------------------------
|                    FINALIZING TREE SEARCH                        |
--------------------------------------------------------------------
Performs final model parameters optimization
Estimate model parameters (epsilon = 0.010)
1. Initial log-likelihood: -11982.754
Optimal log-likelihood: -11982.754
Rate parameters:  A-C: 1.00000  A-G: 1.94667  A-T: 1.00000  C-G: 1.00000  C-T: 1.94667  G-T: 1.00000
Base frequencies:  A: 0.308  C: 0.192  G: 0.191  T: 0.309
Parameters optimization took 1 rounds (0.001 sec)
BEST SCORE FOUND : -11982.754

Testing tree branches by aBayes parametric test...
0.002 sec.
Total tree length: 1.279

Total number of iterations: 102
CPU time used for tree search: 0.700 sec (0h:0m:0s)
Wall-clock time used for tree search: 0.709 sec (0h:0m:0s)
Total CPU time used: 29.305 sec (0h:0m:29s)
Total wall-clock time used: 36.691 sec (0h:0m:36s)

Analysis results written to: 
  IQ-TREE report:                /Users/fahim/CSE6406-project/work/paper_subset_50x10_L1600/ils_low/replicate_06/estimated_gene_trees/L1600/hky/locus_0016.iqtree
  Maximum-likelihood tree:       /Users/fahim/CSE6406-project/work/paper_subset_50x10_L1600/ils_low/replicate_06/estimated_gene_trees/L1600/hky/locus_0016.treefile
  Likelihood distances:          /Users/fahim/CSE6406-project/work/paper_subset_50x10_L1600/ils_low/replicate_06/estimated_gene_trees/L1600/hky/locus_0016.mldist
  Screen log file:               /Users/fahim/CSE6406-project/work/paper_subset_50x10_L1600/ils_low/replicate_06/estimated_gene_trees/L1600/hky/locus_0016.log

Date and Time: Fri Sep 11 13:36:12 2026
