IQ-TREE multicore version 2.4.0 for Linux x86 64-bit built Feb 12 2025
Developed by Bui Quang Minh, Nguyen Lam Tung, Olga Chernomor, Heiko Schmidt,
Dominik Schrempf, Michael Woodhams, Ly Trong Nhan, Thomas Wong

Host:    ezmata (AVX2, FMA3, 15 GB RAM)
Command: /home/mis/miniconda3/envs/cse6406/bin/iqtree2 -s /home/mis/CSE6406-project/work/paper_subset_50x10_L800/ils_high/replicate_01/alignments/L800/locus_0009.phy -m HKY+G4 --abayes -T AUTO --seed 6506010 --prefix /home/mis/CSE6406-project/work/paper_subset_50x10_L800/ils_high/replicate_01/estimated_gene_trees/L800/hky_g4/locus_0009 --redo --quiet
Seed:    6506010 (Using SPRNG - Scalable Parallel Random Number Generator)
Time:    Sat Sep 12 17:56:39 2026
Kernel:  AVX+FMA - auto-detect threads (16 CPU cores detected)

Reading alignment file /home/mis/CSE6406-project/work/paper_subset_50x10_L800/ils_high/replicate_01/alignments/L800/locus_0009.phy ... Phylip format detected
Alignment most likely contains DNA/RNA sequences
Alignment has 21 sequences with 800 columns, 41 distinct patterns
6 parsimony-informative, 35 singleton sites, 759 constant sites
        Gap/Ambiguity  Composition  p-value
Analyzing sequences: done in 9.0453e-05 secs using 32.06% CPU
   1  6_0_0     0.00%    passed     99.82%
   2  18_0_0    0.00%    passed     99.99%
   3  15_0_0    0.00%    passed    100.00%
   4  12_0_0    0.00%    passed    100.00%
   5  17_0_0    0.00%    passed     99.91%
   6  16_0_0    0.00%    passed     99.92%
   7  5_0_0     0.00%    passed     99.81%
   8  9_0_0     0.00%    passed     99.91%
   9  10_0_0    0.00%    passed     99.76%
  10  2_0_0     0.00%    passed     99.93%
  11  1_0_0     0.00%    passed     99.99%
  12  4_0_0     0.00%    passed     99.70%
  13  3_0_0     0.00%    passed    100.00%
  14  19_0_0    0.00%    passed     99.81%
  15  20_0_0    0.00%    passed     99.99%
  16  8_0_0     0.00%    passed     99.77%
  17  7_0_0     0.00%    passed     99.92%
  18  11_0_0    0.00%    passed     99.76%
  19  14_0_0    0.00%    passed     99.93%
  20  13_0_0    0.00%    passed     99.87%
  21  0_0_0     0.00%    passed     97.35%
****  TOTAL     0.00%  0 sequences failed composition chi2 test (p-value<5%; df=3)
NOTE: 12_0_0 is identical to 15_0_0 but kept for subsequent analysis

Create initial parsimony tree by phylogenetic likelihood library (PLL)... 0.000 seconds

NOTE: 0 MB RAM (0 GB) is required!
Measuring multi-threading efficiency up to 16 CPU cores
Increase to 10 rounds for branch lengths
34675 trees examined
Threads: 1 / Time: 16.001 sec / Speedup: 1.000 / Efficiency: 100% / LogL: -1479
Threads: 2 / Time: 28.665 sec / Speedup: 0.558 / Efficiency: 28% / LogL: -1479
BEST NUMBER OF THREADS: 1

Estimate model parameters (epsilon = 0.100)
1. Initial log-likelihood: -1421.244
2. Current log-likelihood: -1418.834
3. Current log-likelihood: -1418.325
4. Current log-likelihood: -1417.796
5. Current log-likelihood: -1417.242
6. Current log-likelihood: -1416.660
7. Current log-likelihood: -1416.052
8. Current log-likelihood: -1415.418
9. Current log-likelihood: -1414.765
10. Current log-likelihood: -1411.394
Optimal log-likelihood: -1411.393
Rate parameters:  A-C: 1.00000  A-G: 3.82292  A-T: 1.00000  C-G: 1.00000  C-T: 3.82292  G-T: 1.00000
Base frequencies:  A: 0.304  C: 0.178  G: 0.184  T: 0.333
Gamma shape alpha: 0.280
Parameters optimization took 10 rounds (0.008 sec)
Wrote distance file to... 
Computing ML distances based on estimated model parameters...
Calculating distance matrix: done in 0.00152726 secs using 88.13% CPU
Computing ML distances took 0.001540 sec (of wall-clock time) 0.001358 sec (of CPU time)
Setting up auxiliary I and S matrices: done in 2.5258e-05 secs using 98.98% CPU
Computing RapidNJ tree took 0.000097 sec (of wall-clock time) 0.000061 sec (of CPU time)
Log-likelihood of RapidNJ tree: -1409.664
--------------------------------------------------------------------
|             INITIALIZING CANDIDATE TREE SET                      |
--------------------------------------------------------------------
Generating 98 parsimony trees... 0.021 second
Computing log-likelihood of 98 initial trees ... 0.023 seconds
Current best score: -1409.151

Do NNI search on 20 best initial trees
Estimate model parameters (epsilon = 0.100)
BETTER TREE FOUND at iteration 1: -1409.151
BETTER TREE FOUND at iteration 2: -1409.151
BETTER TREE FOUND at iteration 3: -1409.151
BETTER TREE FOUND at iteration 4: -1409.151
Iteration 10 / LogL: -1409.151 / Time: 0h:0m:44s
Iteration 20 / LogL: -1409.151 / Time: 0h:0m:44s
Finish initializing candidate tree set (20)
Current best tree score: -1409.151 / CPU time: 0.063
Number of iterations: 20
--------------------------------------------------------------------
|               OPTIMIZING CANDIDATE TREE SET                      |
--------------------------------------------------------------------
Iteration 30 / LogL: -1409.154 / Time: 0h:0m:44s (0h:1m:54s left)
Iteration 40 / LogL: -1409.153 / Time: 0h:0m:44s (0h:1m:13s left)
Iteration 50 / LogL: -1411.726 / Time: 0h:0m:44s (0h:0m:49s left)
Iteration 60 / LogL: -1409.151 / Time: 0h:0m:44s (0h:0m:33s left)
Iteration 70 / LogL: -1418.624 / Time: 0h:0m:44s (0h:0m:22s left)
Iteration 80 / LogL: -1409.156 / Time: 0h:0m:44s (0h:0m:13s left)
Iteration 90 / LogL: -1409.155 / Time: 0h:0m:44s (0h:0m:7s left)
Iteration 100 / LogL: -1409.151 / Time: 0h:0m:44s (0h:0m:1s left)
TREE SEARCH COMPLETED AFTER 105 ITERATIONS / Time: 0h:0m:44s

--------------------------------------------------------------------
|                    FINALIZING TREE SEARCH                        |
--------------------------------------------------------------------
Performs final model parameters optimization
Estimate model parameters (epsilon = 0.010)
1. Initial log-likelihood: -1409.151
Optimal log-likelihood: -1409.151
Rate parameters:  A-C: 1.00000  A-G: 3.83015  A-T: 1.00000  C-G: 1.00000  C-T: 3.83015  G-T: 1.00000
Base frequencies:  A: 0.304  C: 0.178  G: 0.184  T: 0.333
Gamma shape alpha: 0.281
Parameters optimization took 1 rounds (0.001 sec)
BEST SCORE FOUND : -1409.151

Testing tree branches by aBayes parametric test...
0.001 sec.
Total tree length: 0.056

Total number of iterations: 105
CPU time used for tree search: 0.232 sec (0h:0m:0s)
Wall-clock time used for tree search: 0.243 sec (0h:0m:0s)
Total CPU time used: 42.192 sec (0h:0m:42s)
Total wall-clock time used: 44.928 sec (0h:0m:44s)

Analysis results written to: 
  IQ-TREE report:                /home/mis/CSE6406-project/work/paper_subset_50x10_L800/ils_high/replicate_01/estimated_gene_trees/L800/hky_g4/locus_0009.iqtree
  Maximum-likelihood tree:       /home/mis/CSE6406-project/work/paper_subset_50x10_L800/ils_high/replicate_01/estimated_gene_trees/L800/hky_g4/locus_0009.treefile
  Likelihood distances:          /home/mis/CSE6406-project/work/paper_subset_50x10_L800/ils_high/replicate_01/estimated_gene_trees/L800/hky_g4/locus_0009.mldist
  Screen log file:               /home/mis/CSE6406-project/work/paper_subset_50x10_L800/ils_high/replicate_01/estimated_gene_trees/L800/hky_g4/locus_0009.log

Date and Time: Sat Sep 12 17:57:24 2026
