IQ-TREE multicore version 2.4.0 for Linux x86 64-bit built Feb 12 2025
Developed by Bui Quang Minh, Nguyen Lam Tung, Olga Chernomor, Heiko Schmidt,
Dominik Schrempf, Michael Woodhams, Ly Trong Nhan, Thomas Wong

Host:    ezmata (AVX2, FMA3, 15 GB RAM)
Command: /home/mis/miniconda3/envs/cse6406/bin/iqtree2 -s /home/mis/CSE6406-project/work/paper_subset_50x10_L800/ils_high/replicate_01/alignments/L800/locus_0040.phy -m HKY+G4 --abayes -T AUTO --seed 6506041 --prefix /home/mis/CSE6406-project/work/paper_subset_50x10_L800/ils_high/replicate_01/estimated_gene_trees/L800/hky_g4/locus_0040 --redo --quiet
Seed:    6506041 (Using SPRNG - Scalable Parallel Random Number Generator)
Time:    Sat Sep 12 18:20:22 2026
Kernel:  AVX+FMA - auto-detect threads (16 CPU cores detected)

Reading alignment file /home/mis/CSE6406-project/work/paper_subset_50x10_L800/ils_high/replicate_01/alignments/L800/locus_0040.phy ... Phylip format detected
Alignment most likely contains DNA/RNA sequences
Alignment has 21 sequences with 800 columns, 49 distinct patterns
16 parsimony-informative, 32 singleton sites, 752 constant sites
        Gap/Ambiguity  Composition  p-value
Analyzing sequences: done in 4.9023e-05 secs
   1  4_0_0     0.00%    passed     99.93%
   2  2_0_0     0.00%    passed     99.95%
   3  3_0_0     0.00%    passed     99.95%
   4  1_0_0     0.00%    passed     99.92%
   5  12_0_0    0.00%    passed     99.94%
   6  18_0_0    0.00%    passed     99.98%
   7  15_0_0    0.00%    passed     99.95%
   8  17_0_0    0.00%    passed     99.93%
   9  6_0_0     0.00%    passed     99.98%
  10  13_0_0    0.00%    passed    100.00%
  11  11_0_0    0.00%    passed     99.91%
  12  20_0_0    0.00%    passed     99.99%
  13  16_0_0    0.00%    passed    100.00%
  14  8_0_0     0.00%    passed     99.98%
  15  14_0_0    0.00%    passed    100.00%
  16  7_0_0     0.00%    passed     99.76%
  17  19_0_0    0.00%    passed    100.00%
  18  5_0_0     0.00%    passed     99.93%
  19  10_0_0    0.00%    passed     99.23%
  20  9_0_0     0.00%    passed     99.96%
  21  0_0_0     0.00%    passed     99.14%
****  TOTAL     0.00%  0 sequences failed composition chi2 test (p-value<5%; df=3)
NOTE: 3_0_0 is identical to 2_0_0 but kept for subsequent analysis
NOTE: 14_0_0 is identical to 16_0_0 but kept for subsequent analysis

Create initial parsimony tree by phylogenetic likelihood library (PLL)... 0.000 seconds

NOTE: 0 MB RAM (0 GB) is required!
Measuring multi-threading efficiency up to 16 CPU cores
Increase to 10 rounds for branch lengths
22839 trees examined
Threads: 1 / Time: 16.000 sec / Speedup: 1.000 / Efficiency: 100% / LogL: -1754
Threads: 2 / Time: 29.222 sec / Speedup: 0.548 / Efficiency: 27% / LogL: -1754
BEST NUMBER OF THREADS: 1

Estimate model parameters (epsilon = 0.100)
1. Initial log-likelihood: -1521.619
2. Current log-likelihood: -1517.091
Optimal log-likelihood: -1517.086
Rate parameters:  A-C: 1.00000  A-G: 1.54777  A-T: 1.00000  C-G: 1.00000  C-T: 1.54777  G-T: 1.00000
Base frequencies:  A: 0.292  C: 0.203  G: 0.222  T: 0.284
Gamma shape alpha: 0.020
Parameters optimization took 2 rounds (0.003 sec)
Wrote distance file to... 
Computing ML distances based on estimated model parameters...
Calculating distance matrix: done in 0.00137907 secs using 90.42% CPU
Computing ML distances took 0.001395 sec (of wall-clock time) 0.001261 sec (of CPU time)
Setting up auxiliary I and S matrices: done in 3.6998e-05 secs
Computing RapidNJ tree took 0.000108 sec (of wall-clock time) 0.000000 sec (of CPU time)
Log-likelihood of RapidNJ tree: -1517.886
--------------------------------------------------------------------
|             INITIALIZING CANDIDATE TREE SET                      |
--------------------------------------------------------------------
Generating 98 parsimony trees... 0.022 second
Computing log-likelihood of 98 initial trees ... 0.029 seconds
Current best score: -1517.086

Do NNI search on 20 best initial trees
Estimate model parameters (epsilon = 0.100)
BETTER TREE FOUND at iteration 1: -1517.086
BETTER TREE FOUND at iteration 2: -1517.085
BETTER TREE FOUND at iteration 3: -1517.085
Iteration 10 / LogL: -1517.085 / Time: 0h:0m:45s
Iteration 20 / LogL: -1517.086 / Time: 0h:0m:45s
Finish initializing candidate tree set (20)
Current best tree score: -1517.085 / CPU time: 0.096
Number of iterations: 20
--------------------------------------------------------------------
|               OPTIMIZING CANDIDATE TREE SET                      |
--------------------------------------------------------------------
BETTER TREE FOUND at iteration 28: -1517.085
Iteration 30 / LogL: -1517.088 / Time: 0h:0m:45s (0h:2m:33s left)
Iteration 40 / LogL: -1517.085 / Time: 0h:0m:45s (0h:1m:42s left)
BETTER TREE FOUND at iteration 45: -1517.085
Iteration 50 / LogL: -1517.088 / Time: 0h:0m:45s (0h:1m:28s left)
Iteration 60 / LogL: -1517.093 / Time: 0h:0m:45s (0h:1m:5s left)
Iteration 70 / LogL: -1528.139 / Time: 0h:0m:45s (0h:0m:49s left)
Iteration 80 / LogL: -1517.090 / Time: 0h:0m:45s (0h:0m:37s left)
Iteration 90 / LogL: -1517.087 / Time: 0h:0m:45s (0h:0m:28s left)
Iteration 100 / LogL: -1517.089 / Time: 0h:0m:45s (0h:0m:20s left)
Iteration 110 / LogL: -1517.088 / Time: 0h:0m:45s (0h:0m:14s left)
Iteration 120 / LogL: -1517.087 / Time: 0h:0m:45s (0h:0m:9s left)
Iteration 130 / LogL: -1517.085 / Time: 0h:0m:45s (0h:0m:5s left)
Iteration 140 / LogL: -1517.086 / Time: 0h:0m:45s (0h:0m:1s left)
TREE SEARCH COMPLETED AFTER 146 ITERATIONS / Time: 0h:0m:45s

--------------------------------------------------------------------
|                    FINALIZING TREE SEARCH                        |
--------------------------------------------------------------------
Performs final model parameters optimization
Estimate model parameters (epsilon = 0.010)
1. Initial log-likelihood: -1517.085
Optimal log-likelihood: -1517.085
Rate parameters:  A-C: 1.00000  A-G: 1.54775  A-T: 1.00000  C-G: 1.00000  C-T: 1.54775  G-T: 1.00000
Base frequencies:  A: 0.292  C: 0.203  G: 0.222  T: 0.284
Gamma shape alpha: 0.020
Parameters optimization took 1 rounds (0.001 sec)
BEST SCORE FOUND : -1517.085

Testing tree branches by aBayes parametric test...
0.001 sec.
Total tree length: 0.072

Total number of iterations: 146
CPU time used for tree search: 0.553 sec (0h:0m:0s)
Wall-clock time used for tree search: 0.577 sec (0h:0m:0s)
Total CPU time used: 41.873 sec (0h:0m:41s)
Total wall-clock time used: 45.819 sec (0h:0m:45s)

Analysis results written to: 
  IQ-TREE report:                /home/mis/CSE6406-project/work/paper_subset_50x10_L800/ils_high/replicate_01/estimated_gene_trees/L800/hky_g4/locus_0040.iqtree
  Maximum-likelihood tree:       /home/mis/CSE6406-project/work/paper_subset_50x10_L800/ils_high/replicate_01/estimated_gene_trees/L800/hky_g4/locus_0040.treefile
  Likelihood distances:          /home/mis/CSE6406-project/work/paper_subset_50x10_L800/ils_high/replicate_01/estimated_gene_trees/L800/hky_g4/locus_0040.mldist
  Screen log file:               /home/mis/CSE6406-project/work/paper_subset_50x10_L800/ils_high/replicate_01/estimated_gene_trees/L800/hky_g4/locus_0040.log

Date and Time: Sat Sep 12 18:21:08 2026
