IQ-TREE multicore version 2.4.0 for Linux x86 64-bit built Feb 12 2025
Developed by Bui Quang Minh, Nguyen Lam Tung, Olga Chernomor, Heiko Schmidt,
Dominik Schrempf, Michael Woodhams, Ly Trong Nhan, Thomas Wong

Host:    ezmata (AVX2, FMA3, 15 GB RAM)
Command: /home/mis/miniconda3/envs/cse6406/bin/iqtree2 -s /home/mis/CSE6406-project/work/paper_subset_50x10_L800/ils_high/replicate_01/alignments/L800/locus_0010.phy -m HKY+G4 --abayes -T AUTO --seed 6506011 --prefix /home/mis/CSE6406-project/work/paper_subset_50x10_L800/ils_high/replicate_01/estimated_gene_trees/L800/hky_g4/locus_0010 --redo --quiet
Seed:    6506011 (Using SPRNG - Scalable Parallel Random Number Generator)
Time:    Sat Sep 12 17:57:24 2026
Kernel:  AVX+FMA - auto-detect threads (16 CPU cores detected)

Reading alignment file /home/mis/CSE6406-project/work/paper_subset_50x10_L800/ils_high/replicate_01/alignments/L800/locus_0010.phy ... Phylip format detected
Alignment most likely contains DNA/RNA sequences
Alignment has 21 sequences with 800 columns, 49 distinct patterns
12 parsimony-informative, 37 singleton sites, 751 constant sites
        Gap/Ambiguity  Composition  p-value
Analyzing sequences: done in 0.000117723 secs using 118.9% CPU
   1  6_0_0     0.00%    passed     99.91%
   2  13_0_0    0.00%    passed     99.79%
   3  12_0_0    0.00%    passed     99.81%
   4  9_0_0     0.00%    passed     99.81%
   5  10_0_0    0.00%    passed     99.78%
   6  15_0_0    0.00%    passed     99.95%
   7  17_0_0    0.00%    passed     99.87%
   8  18_0_0    0.00%    passed     99.93%
   9  3_0_0     0.00%    passed    100.00%
  10  2_0_0     0.00%    passed     99.97%
  11  1_0_0     0.00%    passed     99.90%
  12  4_0_0     0.00%    passed     99.93%
  13  16_0_0    0.00%    passed     99.95%
  14  14_0_0    0.00%    passed     99.97%
  15  8_0_0     0.00%    passed     99.97%
  16  20_0_0    0.00%    passed    100.00%
  17  19_0_0    0.00%    passed     99.95%
  18  7_0_0     0.00%    passed     99.93%
  19  11_0_0    0.00%    passed     99.98%
  20  5_0_0     0.00%    passed     99.90%
  21  0_0_0     0.00%    passed     99.56%
****  TOTAL     0.00%  0 sequences failed composition chi2 test (p-value<5%; df=3)

Create initial parsimony tree by phylogenetic likelihood library (PLL)... 0.000 seconds

NOTE: 0 MB RAM (0 GB) is required!
Measuring multi-threading efficiency up to 16 CPU cores
Increase to 10 rounds for branch lengths
25127 trees examined
Threads: 1 / Time: 16.000 sec / Speedup: 1.000 / Efficiency: 100% / LogL: -1604
Threads: 2 / Time: 27.562 sec / Speedup: 0.581 / Efficiency: 29% / LogL: -1604
BEST NUMBER OF THREADS: 1

Estimate model parameters (epsilon = 0.100)
1. Initial log-likelihood: -1500.100
2. Current log-likelihood: -1495.063
Optimal log-likelihood: -1495.063
Rate parameters:  A-C: 1.00000  A-G: 2.36671  A-T: 1.00000  C-G: 1.00000  C-T: 2.36671  G-T: 1.00000
Base frequencies:  A: 0.302  C: 0.187  G: 0.200  T: 0.311
Gamma shape alpha: 0.418
Parameters optimization took 2 rounds (0.002 sec)
Wrote distance file to... 
Computing ML distances based on estimated model parameters...
Calculating distance matrix: done in 0.00161375 secs using 87.81% CPU
Computing ML distances took 0.001629 sec (of wall-clock time) 0.001432 sec (of CPU time)
Setting up auxiliary I and S matrices: done in 2.9229e-05 secs using 99.22% CPU
Computing RapidNJ tree took 0.000113 sec (of wall-clock time) 0.000059 sec (of CPU time)
Log-likelihood of RapidNJ tree: -1495.079
--------------------------------------------------------------------
|             INITIALIZING CANDIDATE TREE SET                      |
--------------------------------------------------------------------
Generating 98 parsimony trees... 0.022 second
Computing log-likelihood of 98 initial trees ... 0.028 seconds
Current best score: -1494.636

Do NNI search on 20 best initial trees
Estimate model parameters (epsilon = 0.100)
BETTER TREE FOUND at iteration 1: -1494.599
BETTER TREE FOUND at iteration 2: -1494.599
Iteration 10 / LogL: -1494.599 / Time: 0h:0m:43s
Iteration 20 / LogL: -1494.599 / Time: 0h:0m:43s
Finish initializing candidate tree set (20)
Current best tree score: -1494.599 / CPU time: 0.075
Number of iterations: 20
--------------------------------------------------------------------
|               OPTIMIZING CANDIDATE TREE SET                      |
--------------------------------------------------------------------
Iteration 30 / LogL: -1494.602 / Time: 0h:0m:43s (0h:1m:48s left)
Iteration 40 / LogL: -1494.601 / Time: 0h:0m:43s (0h:1m:9s left)
Iteration 50 / LogL: -1494.604 / Time: 0h:0m:43s (0h:0m:46s left)
Iteration 60 / LogL: -1494.603 / Time: 0h:0m:43s (0h:0m:31s left)
Iteration 70 / LogL: -1494.602 / Time: 0h:0m:43s (0h:0m:20s left)
Iteration 80 / LogL: -1500.084 / Time: 0h:0m:43s (0h:0m:12s left)
Iteration 90 / LogL: -1494.602 / Time: 0h:0m:43s (0h:0m:5s left)
Iteration 100 / LogL: -1505.710 / Time: 0h:0m:43s (0h:0m:0s left)
TREE SEARCH COMPLETED AFTER 103 ITERATIONS / Time: 0h:0m:43s

--------------------------------------------------------------------
|                    FINALIZING TREE SEARCH                        |
--------------------------------------------------------------------
Performs final model parameters optimization
Estimate model parameters (epsilon = 0.010)
1. Initial log-likelihood: -1494.599
Optimal log-likelihood: -1494.599
Rate parameters:  A-C: 1.00000  A-G: 2.19668  A-T: 1.00000  C-G: 1.00000  C-T: 2.19668  G-T: 1.00000
Base frequencies:  A: 0.302  C: 0.187  G: 0.200  T: 0.311
Gamma shape alpha: 0.417
Parameters optimization took 1 rounds (0.001 sec)
BEST SCORE FOUND : -1494.599

Testing tree branches by aBayes parametric test...
0.001 sec.
Total tree length: 0.067

Total number of iterations: 103
CPU time used for tree search: 0.314 sec (0h:0m:0s)
Wall-clock time used for tree search: 0.344 sec (0h:0m:0s)
Total CPU time used: 41.281 sec (0h:0m:41s)
Total wall-clock time used: 43.920 sec (0h:0m:43s)

Analysis results written to: 
  IQ-TREE report:                /home/mis/CSE6406-project/work/paper_subset_50x10_L800/ils_high/replicate_01/estimated_gene_trees/L800/hky_g4/locus_0010.iqtree
  Maximum-likelihood tree:       /home/mis/CSE6406-project/work/paper_subset_50x10_L800/ils_high/replicate_01/estimated_gene_trees/L800/hky_g4/locus_0010.treefile
  Likelihood distances:          /home/mis/CSE6406-project/work/paper_subset_50x10_L800/ils_high/replicate_01/estimated_gene_trees/L800/hky_g4/locus_0010.mldist
  Screen log file:               /home/mis/CSE6406-project/work/paper_subset_50x10_L800/ils_high/replicate_01/estimated_gene_trees/L800/hky_g4/locus_0010.log

Date and Time: Sat Sep 12 17:58:08 2026
