IQ-TREE multicore version 2.4.0 for Linux x86 64-bit built Feb 12 2025
Developed by Bui Quang Minh, Nguyen Lam Tung, Olga Chernomor, Heiko Schmidt,
Dominik Schrempf, Michael Woodhams, Ly Trong Nhan, Thomas Wong

Host:    ezmata (AVX2, FMA3, 15 GB RAM)
Command: /home/mis/miniconda3/envs/cse6406/bin/iqtree2 -s /home/mis/CSE6406-project/work/paper_subset_50x10_L800/ils_high/replicate_01/alignments/L800/locus_0004.phy -m HKY+G4 --abayes -T AUTO --seed 6506005 --prefix /home/mis/CSE6406-project/work/paper_subset_50x10_L800/ils_high/replicate_01/estimated_gene_trees/L800/hky_g4/locus_0004 --redo --quiet
Seed:    6506005 (Using SPRNG - Scalable Parallel Random Number Generator)
Time:    Sat Sep 12 17:52:57 2026
Kernel:  AVX+FMA - auto-detect threads (16 CPU cores detected)

Reading alignment file /home/mis/CSE6406-project/work/paper_subset_50x10_L800/ils_high/replicate_01/alignments/L800/locus_0004.phy ... Phylip format detected
Alignment most likely contains DNA/RNA sequences
Alignment has 21 sequences with 800 columns, 52 distinct patterns
10 parsimony-informative, 39 singleton sites, 751 constant sites
        Gap/Ambiguity  Composition  p-value
Analyzing sequences: done in 8.12e-05 secs using 65.27% CPU
   1  9_0_0     0.00%    passed     99.67%
   2  10_0_0    0.00%    passed     99.75%
   3  20_0_0    0.00%    passed     99.97%
   4  7_0_0     0.00%    passed     99.98%
   5  11_0_0    0.00%    passed     99.50%
   6  14_0_0    0.00%    passed    100.00%
   7  16_0_0    0.00%    passed     99.75%
   8  19_0_0    0.00%    passed     99.98%
   9  8_0_0     0.00%    passed     99.49%
  10  5_0_0     0.00%    passed     99.24%
  11  1_0_0     0.00%    passed     99.96%
  12  2_0_0     0.00%    passed     99.81%
  13  3_0_0     0.00%    passed     99.60%
  14  6_0_0     0.00%    passed     99.75%
  15  18_0_0    0.00%    passed     99.90%
  16  12_0_0    0.00%    passed     99.61%
  17  13_0_0    0.00%    passed     99.99%
  18  17_0_0    0.00%    passed     99.83%
  19  15_0_0    0.00%    passed     99.98%
  20  4_0_0     0.00%    passed     98.92%
  21  0_0_0     0.00%    passed     99.49%
****  TOTAL     0.00%  0 sequences failed composition chi2 test (p-value<5%; df=3)

Create initial parsimony tree by phylogenetic likelihood library (PLL)... 0.000 seconds

NOTE: 0 MB RAM (0 GB) is required!
Measuring multi-threading efficiency up to 16 CPU cores
Increase to 10 rounds for branch lengths
27023 trees examined
Threads: 1 / Time: 16.000 sec / Speedup: 1.000 / Efficiency: 100% / LogL: -1592
Threads: 2 / Time: 26.182 sec / Speedup: 0.611 / Efficiency: 31% / LogL: -1592
BEST NUMBER OF THREADS: 1

Estimate model parameters (epsilon = 0.100)
1. Initial log-likelihood: -1517.833
2. Current log-likelihood: -1510.445
Optimal log-likelihood: -1510.442
Rate parameters:  A-C: 1.00000  A-G: 2.54787  A-T: 1.00000  C-G: 1.00000  C-T: 2.54787  G-T: 1.00000
Base frequencies:  A: 0.291  C: 0.200  G: 0.190  T: 0.318
Gamma shape alpha: 0.095
Parameters optimization took 2 rounds (0.002 sec)
Wrote distance file to... 
Computing ML distances based on estimated model parameters...
Calculating distance matrix: done in 0.00144416 secs using 88.49% CPU
Computing ML distances took 0.001459 sec (of wall-clock time) 0.001291 sec (of CPU time)
Setting up auxiliary I and S matrices: done in 2.8182e-05 secs using 99.35% CPU
Computing RapidNJ tree took 0.000100 sec (of wall-clock time) 0.000341 sec (of CPU time)
Log-likelihood of RapidNJ tree: -1514.039
--------------------------------------------------------------------
|             INITIALIZING CANDIDATE TREE SET                      |
--------------------------------------------------------------------
Generating 98 parsimony trees... 0.023 second
Computing log-likelihood of 98 initial trees ... 0.028 seconds
Current best score: -1510.442

Do NNI search on 20 best initial trees
Estimate model parameters (epsilon = 0.100)
BETTER TREE FOUND at iteration 1: -1510.442
BETTER TREE FOUND at iteration 4: -1510.442
BETTER TREE FOUND at iteration 8: -1510.442
BETTER TREE FOUND at iteration 10: -1510.441
Iteration 10 / LogL: -1510.441 / Time: 0h:0m:42s
BETTER TREE FOUND at iteration 11: -1510.441
Iteration 20 / LogL: -1510.442 / Time: 0h:0m:42s
Finish initializing candidate tree set (20)
Current best tree score: -1510.441 / CPU time: 0.074
Number of iterations: 20
--------------------------------------------------------------------
|               OPTIMIZING CANDIDATE TREE SET                      |
--------------------------------------------------------------------
Iteration 30 / LogL: -1514.340 / Time: 0h:0m:42s (0h:1m:58s left)
BETTER TREE FOUND at iteration 34: -1510.441
Iteration 40 / LogL: -1510.445 / Time: 0h:0m:42s (0h:1m:41s left)
Iteration 50 / LogL: -1510.441 / Time: 0h:0m:42s (0h:1m:12s left)
Iteration 60 / LogL: -1510.443 / Time: 0h:0m:42s (0h:0m:53s left)
BETTER TREE FOUND at iteration 65: -1510.441
Iteration 70 / LogL: -1510.444 / Time: 0h:0m:42s (0h:0m:58s left)
BETTER TREE FOUND at iteration 79: -1510.441
Iteration 80 / LogL: -1510.443 / Time: 0h:0m:42s (0h:0m:53s left)
Iteration 90 / LogL: -1510.444 / Time: 0h:0m:42s (0h:0m:42s left)
BETTER TREE FOUND at iteration 100: -1510.441
Iteration 100 / LogL: -1510.441 / Time: 0h:0m:42s (0h:0m:42s left)
Iteration 110 / LogL: -1510.445 / Time: 0h:0m:42s (0h:0m:35s left)
Iteration 120 / LogL: -1510.444 / Time: 0h:0m:42s (0h:0m:28s left)
Iteration 130 / LogL: -1517.127 / Time: 0h:0m:42s (0h:0m:23s left)
Iteration 140 / LogL: -1514.343 / Time: 0h:0m:42s (0h:0m:18s left)
Iteration 150 / LogL: -1510.444 / Time: 0h:0m:42s (0h:0m:14s left)
Iteration 160 / LogL: -1510.441 / Time: 0h:0m:42s (0h:0m:10s left)
Iteration 170 / LogL: -1510.447 / Time: 0h:0m:42s (0h:0m:7s left)
Iteration 180 / LogL: -1515.170 / Time: 0h:0m:42s (0h:0m:4s left)
Iteration 190 / LogL: -1510.441 / Time: 0h:0m:42s (0h:0m:2s left)
Iteration 200 / LogL: -1510.442 / Time: 0h:0m:42s (0h:0m:0s left)
TREE SEARCH COMPLETED AFTER 201 ITERATIONS / Time: 0h:0m:42s

--------------------------------------------------------------------
|                    FINALIZING TREE SEARCH                        |
--------------------------------------------------------------------
Performs final model parameters optimization
Estimate model parameters (epsilon = 0.010)
1. Initial log-likelihood: -1510.441
Optimal log-likelihood: -1510.441
Rate parameters:  A-C: 1.00000  A-G: 2.54767  A-T: 1.00000  C-G: 1.00000  C-T: 2.54767  G-T: 1.00000
Base frequencies:  A: 0.291  C: 0.200  G: 0.190  T: 0.318
Gamma shape alpha: 0.095
Parameters optimization took 1 rounds (0.001 sec)
BEST SCORE FOUND : -1510.441

Testing tree branches by aBayes parametric test...
0.001 sec.
Total tree length: 0.070

Total number of iterations: 201
CPU time used for tree search: 0.552 sec (0h:0m:0s)
Wall-clock time used for tree search: 0.601 sec (0h:0m:0s)
Total CPU time used: 41.391 sec (0h:0m:41s)
Total wall-clock time used: 42.796 sec (0h:0m:42s)

Analysis results written to: 
  IQ-TREE report:                /home/mis/CSE6406-project/work/paper_subset_50x10_L800/ils_high/replicate_01/estimated_gene_trees/L800/hky_g4/locus_0004.iqtree
  Maximum-likelihood tree:       /home/mis/CSE6406-project/work/paper_subset_50x10_L800/ils_high/replicate_01/estimated_gene_trees/L800/hky_g4/locus_0004.treefile
  Likelihood distances:          /home/mis/CSE6406-project/work/paper_subset_50x10_L800/ils_high/replicate_01/estimated_gene_trees/L800/hky_g4/locus_0004.mldist
  Screen log file:               /home/mis/CSE6406-project/work/paper_subset_50x10_L800/ils_high/replicate_01/estimated_gene_trees/L800/hky_g4/locus_0004.log

Date and Time: Sat Sep 12 17:53:40 2026
