IQ-TREE multicore version 2.4.0 for Linux x86 64-bit built Feb 12 2025
Developed by Bui Quang Minh, Nguyen Lam Tung, Olga Chernomor, Heiko Schmidt,
Dominik Schrempf, Michael Woodhams, Ly Trong Nhan, Thomas Wong

Host:    ezmata (AVX2, FMA3, 15 GB RAM)
Command: /home/mis/miniconda3/envs/cse6406/bin/iqtree2 -s /home/mis/CSE6406-project/work/paper_subset_50x10_L800/ils_high/replicate_01/alignments/L800/locus_0036.phy -m HKY+G4 --abayes -T AUTO --seed 6506037 --prefix /home/mis/CSE6406-project/work/paper_subset_50x10_L800/ils_high/replicate_01/estimated_gene_trees/L800/hky_g4/locus_0036 --redo --quiet
Seed:    6506037 (Using SPRNG - Scalable Parallel Random Number Generator)
Time:    Sat Sep 12 18:17:21 2026
Kernel:  AVX+FMA - auto-detect threads (16 CPU cores detected)

Reading alignment file /home/mis/CSE6406-project/work/paper_subset_50x10_L800/ils_high/replicate_01/alignments/L800/locus_0036.phy ... Phylip format detected
Alignment most likely contains DNA/RNA sequences
Alignment has 21 sequences with 800 columns, 54 distinct patterns
12 parsimony-informative, 46 singleton sites, 742 constant sites
        Gap/Ambiguity  Composition  p-value
Analyzing sequences: done in 0.000141008 secs
   1  10_0_0    0.00%    passed     99.98%
   2  7_0_0     0.00%    passed     99.49%
   3  14_0_0    0.00%    passed     99.37%
   4  16_0_0    0.00%    passed     99.34%
   5  11_0_0    0.00%    passed     99.56%
   6  8_0_0     0.00%    passed     99.37%
   7  20_0_0    0.00%    passed     98.82%
   8  1_0_0     0.00%    passed     99.73%
   9  2_0_0     0.00%    passed     99.79%
  10  3_0_0     0.00%    passed     98.91%
  11  4_0_0     0.00%    passed     99.90%
  12  6_0_0     0.00%    passed     99.95%
  13  12_0_0    0.00%    passed     99.94%
  14  17_0_0    0.00%    passed     99.99%
  15  15_0_0    0.00%    passed     99.32%
  16  13_0_0    0.00%    passed     99.89%
  17  18_0_0    0.00%    passed     99.92%
  18  5_0_0     0.00%    passed     99.97%
  19  9_0_0     0.00%    passed     99.93%
  20  19_0_0    0.00%    passed     99.97%
  21  0_0_0     0.00%    passed     98.26%
****  TOTAL     0.00%  0 sequences failed composition chi2 test (p-value<5%; df=3)

Create initial parsimony tree by phylogenetic likelihood library (PLL)... 0.000 seconds

NOTE: 0 MB RAM (0 GB) is required!
Measuring multi-threading efficiency up to 16 CPU cores
Increase to 10 rounds for branch lengths
25184 trees examined
Threads: 1 / Time: 16.000 sec / Speedup: 1.000 / Efficiency: 100% / LogL: -1741
Threads: 2 / Time: 27.273 sec / Speedup: 0.587 / Efficiency: 29% / LogL: -1741
BEST NUMBER OF THREADS: 1

Estimate model parameters (epsilon = 0.100)
1. Initial log-likelihood: -1590.675
2. Current log-likelihood: -1587.376
Optimal log-likelihood: -1587.372
Rate parameters:  A-C: 1.00000  A-G: 1.56602  A-T: 1.00000  C-G: 1.00000  C-T: 1.56602  G-T: 1.00000
Base frequencies:  A: 0.286  C: 0.191  G: 0.206  T: 0.317
Gamma shape alpha: 0.158
Parameters optimization took 2 rounds (0.002 sec)
Wrote distance file to... 
Computing ML distances based on estimated model parameters...
Calculating distance matrix: done in 0.00172432 secs using 90.76% CPU
Computing ML distances took 0.001737 sec (of wall-clock time) 0.001577 sec (of CPU time)
Setting up auxiliary I and S matrices: done in 2.3517e-05 secs using 102.1% CPU
Computing RapidNJ tree took 0.000089 sec (of wall-clock time) 0.000347 sec (of CPU time)
Log-likelihood of RapidNJ tree: -1586.986
--------------------------------------------------------------------
|             INITIALIZING CANDIDATE TREE SET                      |
--------------------------------------------------------------------
Generating 98 parsimony trees... 0.017 second
Computing log-likelihood of 98 initial trees ... 0.023 seconds
Current best score: -1586.972

Do NNI search on 20 best initial trees
Estimate model parameters (epsilon = 0.100)
BETTER TREE FOUND at iteration 1: -1586.941
BETTER TREE FOUND at iteration 6: -1586.941
Iteration 10 / LogL: -1586.942 / Time: 0h:0m:43s
BETTER TREE FOUND at iteration 18: -1586.941
Iteration 20 / LogL: -1586.941 / Time: 0h:0m:43s
Finish initializing candidate tree set (20)
Current best tree score: -1586.941 / CPU time: 0.061
Number of iterations: 20
--------------------------------------------------------------------
|               OPTIMIZING CANDIDATE TREE SET                      |
--------------------------------------------------------------------
BETTER TREE FOUND at iteration 24: -1586.941
Iteration 30 / LogL: -1586.941 / Time: 0h:0m:43s (0h:2m:20s left)
BETTER TREE FOUND at iteration 32: -1586.941
BETTER TREE FOUND at iteration 35: -1586.941
BETTER TREE FOUND at iteration 36: -1586.941
Iteration 40 / LogL: -1586.941 / Time: 0h:0m:43s (0h:1m:46s left)
Iteration 50 / LogL: -1590.683 / Time: 0h:0m:43s (0h:1m:16s left)
BETTER TREE FOUND at iteration 52: -1586.941
Iteration 60 / LogL: -1586.942 / Time: 0h:0m:43s (0h:1m:7s left)
Iteration 70 / LogL: -1586.941 / Time: 0h:0m:43s (0h:0m:51s left)
Iteration 80 / LogL: -1586.942 / Time: 0h:0m:43s (0h:0m:39s left)
Iteration 90 / LogL: -1586.941 / Time: 0h:0m:43s (0h:0m:30s left)
Iteration 100 / LogL: -1586.941 / Time: 0h:0m:43s (0h:0m:22s left)
Iteration 110 / LogL: -1586.941 / Time: 0h:0m:43s (0h:0m:16s left)
BETTER TREE FOUND at iteration 119: -1586.941
Iteration 120 / LogL: -1593.289 / Time: 0h:0m:43s (0h:0m:36s left)
Iteration 130 / LogL: -1586.941 / Time: 0h:0m:43s (0h:0m:30s left)
Iteration 140 / LogL: -1593.295 / Time: 0h:0m:43s (0h:0m:24s left)
BETTER TREE FOUND at iteration 147: -1586.941
Iteration 150 / LogL: -1586.941 / Time: 0h:0m:43s (0h:0m:28s left)
Iteration 160 / LogL: -1586.941 / Time: 0h:0m:43s (0h:0m:23s left)
Iteration 170 / LogL: -1586.942 / Time: 0h:0m:43s (0h:0m:19s left)
Iteration 180 / LogL: -1601.318 / Time: 0h:0m:43s (0h:0m:16s left)
Iteration 190 / LogL: -1586.941 / Time: 0h:0m:43s (0h:0m:13s left)
Iteration 200 / LogL: -1586.941 / Time: 0h:0m:43s (0h:0m:10s left)
Iteration 210 / LogL: -1586.941 / Time: 0h:0m:43s (0h:0m:7s left)
Iteration 220 / LogL: -1586.941 / Time: 0h:0m:43s (0h:0m:5s left)
Iteration 230 / LogL: -1586.941 / Time: 0h:0m:43s (0h:0m:3s left)
BETTER TREE FOUND at iteration 237: -1586.941
Iteration 240 / LogL: -1586.942 / Time: 0h:0m:43s (0h:0m:17s left)
Iteration 250 / LogL: -1619.641 / Time: 0h:0m:43s (0h:0m:15s left)
Iteration 260 / LogL: -1586.941 / Time: 0h:0m:43s (0h:0m:13s left)
Iteration 270 / LogL: -1586.942 / Time: 0h:0m:43s (0h:0m:10s left)
Iteration 280 / LogL: -1586.942 / Time: 0h:0m:43s (0h:0m:8s left)
Iteration 290 / LogL: -1586.941 / Time: 0h:0m:43s (0h:0m:7s left)
Iteration 300 / LogL: -1586.941 / Time: 0h:0m:44s (0h:0m:5s left)
Iteration 310 / LogL: -1590.346 / Time: 0h:0m:44s (0h:0m:3s left)
Iteration 320 / LogL: -1586.945 / Time: 0h:0m:44s (0h:0m:2s left)
Iteration 330 / LogL: -1601.318 / Time: 0h:0m:44s (0h:0m:0s left)
TREE SEARCH COMPLETED AFTER 338 ITERATIONS / Time: 0h:0m:44s

--------------------------------------------------------------------
|                    FINALIZING TREE SEARCH                        |
--------------------------------------------------------------------
Performs final model parameters optimization
Estimate model parameters (epsilon = 0.010)
1. Initial log-likelihood: -1586.941
Optimal log-likelihood: -1586.941
Rate parameters:  A-C: 1.00000  A-G: 1.47088  A-T: 1.00000  C-G: 1.00000  C-T: 1.47088  G-T: 1.00000
Base frequencies:  A: 0.286  C: 0.191  G: 0.206  T: 0.317
Gamma shape alpha: 0.158
Parameters optimization took 1 rounds (0.001 sec)
BEST SCORE FOUND : -1586.941

Testing tree branches by aBayes parametric test...
0.001 sec.
Total tree length: 0.084

Total number of iterations: 338
CPU time used for tree search: 0.785 sec (0h:0m:0s)
Wall-clock time used for tree search: 0.817 sec (0h:0m:0s)
Total CPU time used: 41.552 sec (0h:0m:41s)
Total wall-clock time used: 44.103 sec (0h:0m:44s)

Analysis results written to: 
  IQ-TREE report:                /home/mis/CSE6406-project/work/paper_subset_50x10_L800/ils_high/replicate_01/estimated_gene_trees/L800/hky_g4/locus_0036.iqtree
  Maximum-likelihood tree:       /home/mis/CSE6406-project/work/paper_subset_50x10_L800/ils_high/replicate_01/estimated_gene_trees/L800/hky_g4/locus_0036.treefile
  Likelihood distances:          /home/mis/CSE6406-project/work/paper_subset_50x10_L800/ils_high/replicate_01/estimated_gene_trees/L800/hky_g4/locus_0036.mldist
  Screen log file:               /home/mis/CSE6406-project/work/paper_subset_50x10_L800/ils_high/replicate_01/estimated_gene_trees/L800/hky_g4/locus_0036.log

Date and Time: Sat Sep 12 18:18:05 2026
