IQ-TREE multicore version 2.4.0 for Linux x86 64-bit built Feb 12 2025
Developed by Bui Quang Minh, Nguyen Lam Tung, Olga Chernomor, Heiko Schmidt,
Dominik Schrempf, Michael Woodhams, Ly Trong Nhan, Thomas Wong

Host:    ezmata (AVX2, FMA3, 15 GB RAM)
Command: /home/mis/miniconda3/envs/cse6406/bin/iqtree2 -s /home/mis/CSE6406-project/work/paper_subset_50x10_L800/ils_high/replicate_01/alignments/L800/locus_0020.phy -m HKY+G4 --abayes -T AUTO --seed 6506021 --prefix /home/mis/CSE6406-project/work/paper_subset_50x10_L800/ils_high/replicate_01/estimated_gene_trees/L800/hky_g4/locus_0020 --redo --quiet
Seed:    6506021 (Using SPRNG - Scalable Parallel Random Number Generator)
Time:    Sat Sep 12 18:05:09 2026
Kernel:  AVX+FMA - auto-detect threads (16 CPU cores detected)

Reading alignment file /home/mis/CSE6406-project/work/paper_subset_50x10_L800/ils_high/replicate_01/alignments/L800/locus_0020.phy ... Phylip format detected
Alignment most likely contains DNA/RNA sequences
Alignment has 21 sequences with 800 columns, 51 distinct patterns
16 parsimony-informative, 34 singleton sites, 750 constant sites
        Gap/Ambiguity  Composition  p-value
Analyzing sequences: done in 0.000109448 secs using 70.35% CPU
   1  0_0_0     0.00%    passed     99.54%
   2  9_0_0     0.00%    passed     99.99%
   3  20_0_0    0.00%    passed     99.82%
   4  14_0_0    0.00%    passed     99.97%
   5  8_0_0     0.00%    passed     99.72%
   6  12_0_0    0.00%    passed     99.79%
   7  18_0_0    0.00%    passed     99.65%
   8  16_0_0    0.00%    passed     99.77%
   9  19_0_0    0.00%    passed     99.78%
  10  13_0_0    0.00%    passed     99.99%
  11  6_0_0     0.00%    passed     99.90%
  12  17_0_0    0.00%    passed     99.99%
  13  15_0_0    0.00%    passed     99.99%
  14  10_0_0    0.00%    passed     99.82%
  15  5_0_0     0.00%    passed     99.62%
  16  11_0_0    0.00%    passed     99.68%
  17  7_0_0     0.00%    passed     99.68%
  18  4_0_0     0.00%    passed     99.99%
  19  2_0_0     0.00%    passed     99.89%
  20  1_0_0     0.00%    passed     99.99%
  21  3_0_0     0.00%    passed     99.94%
****  TOTAL     0.00%  0 sequences failed composition chi2 test (p-value<5%; df=3)

Create initial parsimony tree by phylogenetic likelihood library (PLL)... 0.000 seconds

NOTE: 0 MB RAM (0 GB) is required!
Measuring multi-threading efficiency up to 16 CPU cores
Increase to 10 rounds for branch lengths
26457 trees examined
Threads: 1 / Time: 16.001 sec / Speedup: 1.000 / Efficiency: 100% / LogL: -1590
Threads: 2 / Time: 26.064 sec / Speedup: 0.614 / Efficiency: 31% / LogL: -1590
BEST NUMBER OF THREADS: 1

Estimate model parameters (epsilon = 0.100)
1. Initial log-likelihood: -1523.884
2. Current log-likelihood: -1521.846
Optimal log-likelihood: -1521.840
Rate parameters:  A-C: 1.00000  A-G: 1.58159  A-T: 1.00000  C-G: 1.00000  C-T: 1.58159  G-T: 1.00000
Base frequencies:  A: 0.306  C: 0.196  G: 0.202  T: 0.296
Gamma shape alpha: 0.336
Parameters optimization took 2 rounds (0.002 sec)
Wrote distance file to... 
Computing ML distances based on estimated model parameters...
Calculating distance matrix: done in 0.00128666 secs using 87.36% CPU
Computing ML distances took 0.001299 sec (of wall-clock time) 0.001132 sec (of CPU time)
Setting up auxiliary I and S matrices: done in 2.218e-05 secs
Computing RapidNJ tree took 0.000086 sec (of wall-clock time) 0.000000 sec (of CPU time)
Log-likelihood of RapidNJ tree: -1521.852
--------------------------------------------------------------------
|             INITIALIZING CANDIDATE TREE SET                      |
--------------------------------------------------------------------
Generating 98 parsimony trees... 0.021 second
Computing log-likelihood of 98 initial trees ... 0.026 seconds
Current best score: -1521.840

Do NNI search on 20 best initial trees
Estimate model parameters (epsilon = 0.100)
BETTER TREE FOUND at iteration 1: -1521.840
BETTER TREE FOUND at iteration 5: -1521.840
Iteration 10 / LogL: -1521.840 / Time: 0h:0m:42s
BETTER TREE FOUND at iteration 17: -1521.840
Iteration 20 / LogL: -1521.840 / Time: 0h:0m:42s
Finish initializing candidate tree set (19)
Current best tree score: -1521.840 / CPU time: 0.070
Number of iterations: 20
--------------------------------------------------------------------
|               OPTIMIZING CANDIDATE TREE SET                      |
--------------------------------------------------------------------
Iteration 30 / LogL: -1533.901 / Time: 0h:0m:42s (0h:2m:6s left)
Iteration 40 / LogL: -1526.063 / Time: 0h:0m:42s (0h:1m:23s left)
Iteration 50 / LogL: -1521.842 / Time: 0h:0m:42s (0h:0m:57s left)
Iteration 60 / LogL: -1521.842 / Time: 0h:0m:42s (0h:0m:40s left)
Iteration 70 / LogL: -1521.844 / Time: 0h:0m:42s (0h:0m:28s left)
Iteration 80 / LogL: -1521.843 / Time: 0h:0m:42s (0h:0m:19s left)
Iteration 90 / LogL: -1521.843 / Time: 0h:0m:42s (0h:0m:12s left)
Iteration 100 / LogL: -1533.900 / Time: 0h:0m:42s (0h:0m:7s left)
Iteration 110 / LogL: -1535.122 / Time: 0h:0m:42s (0h:0m:2s left)
TREE SEARCH COMPLETED AFTER 118 ITERATIONS / Time: 0h:0m:42s

--------------------------------------------------------------------
|                    FINALIZING TREE SEARCH                        |
--------------------------------------------------------------------
Performs final model parameters optimization
Estimate model parameters (epsilon = 0.010)
1. Initial log-likelihood: -1521.840
Optimal log-likelihood: -1521.840
Rate parameters:  A-C: 1.00000  A-G: 1.58172  A-T: 1.00000  C-G: 1.00000  C-T: 1.58172  G-T: 1.00000
Base frequencies:  A: 0.306  C: 0.196  G: 0.202  T: 0.296
Gamma shape alpha: 0.336
Parameters optimization took 1 rounds (0.001 sec)
BEST SCORE FOUND : -1521.840

Testing tree branches by aBayes parametric test...
0.001 sec.
Total tree length: 0.069

Total number of iterations: 118
CPU time used for tree search: 0.412 sec (0h:0m:0s)
Wall-clock time used for tree search: 0.429 sec (0h:0m:0s)
Total CPU time used: 40.819 sec (0h:0m:40s)
Total wall-clock time used: 42.506 sec (0h:0m:42s)

Analysis results written to: 
  IQ-TREE report:                /home/mis/CSE6406-project/work/paper_subset_50x10_L800/ils_high/replicate_01/estimated_gene_trees/L800/hky_g4/locus_0020.iqtree
  Maximum-likelihood tree:       /home/mis/CSE6406-project/work/paper_subset_50x10_L800/ils_high/replicate_01/estimated_gene_trees/L800/hky_g4/locus_0020.treefile
  Likelihood distances:          /home/mis/CSE6406-project/work/paper_subset_50x10_L800/ils_high/replicate_01/estimated_gene_trees/L800/hky_g4/locus_0020.mldist
  Screen log file:               /home/mis/CSE6406-project/work/paper_subset_50x10_L800/ils_high/replicate_01/estimated_gene_trees/L800/hky_g4/locus_0020.log

Date and Time: Sat Sep 12 18:05:52 2026
