IQ-TREE multicore version 2.4.0 for Linux x86 64-bit built Feb 12 2025
Developed by Bui Quang Minh, Nguyen Lam Tung, Olga Chernomor, Heiko Schmidt,
Dominik Schrempf, Michael Woodhams, Ly Trong Nhan, Thomas Wong

Host:    ezmata (AVX2, FMA3, 15 GB RAM)
Command: /home/mis/miniconda3/envs/cse6406/bin/iqtree2 -s /home/mis/CSE6406-project/work/paper_subset_50x10_L200/ils_low/replicate_06/alignments/L200/locus_0014.phy -m HKY+G4 --abayes -T 1 --seed 7006015 --prefix /home/mis/CSE6406-project/work/paper_subset_50x10_L200/ils_low/replicate_06/estimated_gene_trees/L200/hky_g4/locus_0014 --redo --quiet
Seed:    7006015 (Using SPRNG - Scalable Parallel Random Number Generator)
Time:    Sat Sep 12 21:34:29 2026
Kernel:  AVX+FMA - 1 threads (16 CPU cores detected)

HINT: Use -nt option to specify number of threads because your CPU has 16 cores!
HINT: -nt AUTO will automatically determine the best number of threads to use.

Reading alignment file /home/mis/CSE6406-project/work/paper_subset_50x10_L200/ils_low/replicate_06/alignments/L200/locus_0014.phy ... Phylip format detected
Alignment most likely contains DNA/RNA sequences
Alignment has 21 sequences with 200 columns, 76 distinct patterns
57 parsimony-informative, 18 singleton sites, 125 constant sites
        Gap/Ambiguity  Composition  p-value
Analyzing sequences: done in 1.5285e-05 secs using 58.88% CPU
   1  0_0_0     0.00%    passed     76.68%
   2  20_0_0    0.00%    passed     51.24%
   3  18_0_0    0.00%    passed     93.03%
   4  10_0_0    0.00%    passed     99.54%
   5  16_0_0    0.00%    passed     97.26%
   6  19_0_0    0.00%    passed     97.68%
   7  17_0_0    0.00%    passed     99.12%
   8  15_0_0    0.00%    passed     99.53%
   9  13_0_0    0.00%    passed     99.32%
  10  14_0_0    0.00%    passed     65.74%
  11  11_0_0    0.00%    passed     90.87%
  12  12_0_0    0.00%    passed     87.42%
  13  9_0_0     0.00%    passed     72.58%
  14  2_0_0     0.00%    passed     82.05%
  15  3_0_0     0.00%    passed     78.32%
  16  5_0_0     0.00%    passed     89.48%
  17  8_0_0     0.00%    passed     96.66%
  18  6_0_0     0.00%    passed     96.88%
  19  4_0_0     0.00%    passed     99.55%
  20  7_0_0     0.00%    passed     98.56%
  21  1_0_0     0.00%    passed     95.95%
****  TOTAL     0.00%  0 sequences failed composition chi2 test (p-value<5%; df=3)

Create initial parsimony tree by phylogenetic likelihood library (PLL)... 0.001 seconds

NOTE: 0 MB RAM (0 GB) is required!
Estimate model parameters (epsilon = 0.100)
1. Initial log-likelihood: -1342.194
2. Current log-likelihood: -1295.189
3. Current log-likelihood: -1293.804
Optimal log-likelihood: -1293.770
Rate parameters:  A-C: 1.00000  A-G: 1.86586  A-T: 1.00000  C-G: 1.00000  C-T: 1.86586  G-T: 1.00000
Base frequencies:  A: 0.340  C: 0.191  G: 0.171  T: 0.297
Gamma shape alpha: 0.225
Parameters optimization took 3 rounds (0.016 sec)
Wrote distance file to... 
Computing ML distances based on estimated model parameters...
Calculating distance matrix: done in 0.00351341 secs using 98.28% CPU
Computing ML distances took 0.003568 sec (of wall-clock time) 0.003508 sec (of CPU time)
Setting up auxiliary I and S matrices: done in 6.7434e-05 secs using 97.87% CPU
Computing RapidNJ tree took 0.000269 sec (of wall-clock time) 0.000268 sec (of CPU time)
Log-likelihood of RapidNJ tree: -1292.906
--------------------------------------------------------------------
|             INITIALIZING CANDIDATE TREE SET                      |
--------------------------------------------------------------------
Generating 98 parsimony trees... 0.113 second
Computing log-likelihood of 98 initial trees ... 0.143 seconds
Current best score: -1288.464

Do NNI search on 20 best initial trees
Estimate model parameters (epsilon = 0.100)
BETTER TREE FOUND at iteration 1: -1287.744
UPDATE BEST LOG-LIKELIHOOD: -1287.744
UPDATE BEST LOG-LIKELIHOOD: -1287.744
Iteration 10 / LogL: -1290.428 / Time: 0h:0m:0s
Iteration 20 / LogL: -1289.927 / Time: 0h:0m:0s
Finish initializing candidate tree set (8)
Current best tree score: -1287.744 / CPU time: 0.707
Number of iterations: 20
--------------------------------------------------------------------
|               OPTIMIZING CANDIDATE TREE SET                      |
--------------------------------------------------------------------
Iteration 30 / LogL: -1287.744 / Time: 0h:0m:0s (0h:0m:2s left)
Iteration 40 / LogL: -1288.925 / Time: 0h:0m:1s (0h:0m:1s left)
Iteration 50 / LogL: -1289.120 / Time: 0h:0m:1s (0h:0m:1s left)
Iteration 60 / LogL: -1289.138 / Time: 0h:0m:1s (0h:0m:1s left)
UPDATE BEST LOG-LIKELIHOOD: -1287.744
Iteration 70 / LogL: -1289.222 / Time: 0h:0m:1s (0h:0m:0s left)
Iteration 80 / LogL: -1294.980 / Time: 0h:0m:2s (0h:0m:0s left)
Iteration 90 / LogL: -1288.225 / Time: 0h:0m:2s (0h:0m:0s left)
UPDATE BEST LOG-LIKELIHOOD: -1287.744
Iteration 100 / LogL: -1287.925 / Time: 0h:0m:2s (0h:0m:0s left)
TREE SEARCH COMPLETED AFTER 102 ITERATIONS / Time: 0h:0m:2s

--------------------------------------------------------------------
|                    FINALIZING TREE SEARCH                        |
--------------------------------------------------------------------
Performs final model parameters optimization
Estimate model parameters (epsilon = 0.010)
1. Initial log-likelihood: -1287.744
Optimal log-likelihood: -1287.744
Rate parameters:  A-C: 1.00000  A-G: 1.98951  A-T: 1.00000  C-G: 1.00000  C-T: 1.98951  G-T: 1.00000
Base frequencies:  A: 0.340  C: 0.191  G: 0.171  T: 0.297
Gamma shape alpha: 0.212
Parameters optimization took 1 rounds (0.003 sec)
BEST SCORE FOUND : -1287.744

Testing tree branches by aBayes parametric test...
0.005 sec.
Total tree length: 1.473

Total number of iterations: 102
CPU time used for tree search: 2.370 sec (0h:0m:2s)
Wall-clock time used for tree search: 2.493 sec (0h:0m:2s)
Total CPU time used: 2.414 sec (0h:0m:2s)
Total wall-clock time used: 2.540 sec (0h:0m:2s)

Analysis results written to: 
  IQ-TREE report:                /home/mis/CSE6406-project/work/paper_subset_50x10_L200/ils_low/replicate_06/estimated_gene_trees/L200/hky_g4/locus_0014.iqtree
  Maximum-likelihood tree:       /home/mis/CSE6406-project/work/paper_subset_50x10_L200/ils_low/replicate_06/estimated_gene_trees/L200/hky_g4/locus_0014.treefile
  Likelihood distances:          /home/mis/CSE6406-project/work/paper_subset_50x10_L200/ils_low/replicate_06/estimated_gene_trees/L200/hky_g4/locus_0014.mldist
  Screen log file:               /home/mis/CSE6406-project/work/paper_subset_50x10_L200/ils_low/replicate_06/estimated_gene_trees/L200/hky_g4/locus_0014.log

Date and Time: Sat Sep 12 21:34:31 2026
