IQ-TREE multicore version 2.4.0 for Linux x86 64-bit built Feb 12 2025
Developed by Bui Quang Minh, Nguyen Lam Tung, Olga Chernomor, Heiko Schmidt,
Dominik Schrempf, Michael Woodhams, Ly Trong Nhan, Thomas Wong

Host:    ezmata (AVX2, FMA3, 15 GB RAM)
Command: /home/mis/miniconda3/envs/cse6406/bin/iqtree2 -s /home/mis/CSE6406-project/work/paper_subset_50x10_L200/ils_low/replicate_06/alignments/L200/locus_0033.phy -m HKY+G4 --abayes -T 1 --seed 7006034 --prefix /home/mis/CSE6406-project/work/paper_subset_50x10_L200/ils_low/replicate_06/estimated_gene_trees/L200/hky_g4/locus_0033 --redo --quiet
Seed:    7006034 (Using SPRNG - Scalable Parallel Random Number Generator)
Time:    Sat Sep 12 21:34:35 2026
Kernel:  AVX+FMA - 1 threads (16 CPU cores detected)

HINT: Use -nt option to specify number of threads because your CPU has 16 cores!
HINT: -nt AUTO will automatically determine the best number of threads to use.

Reading alignment file /home/mis/CSE6406-project/work/paper_subset_50x10_L200/ils_low/replicate_06/alignments/L200/locus_0033.phy ... Phylip format detected
Alignment most likely contains DNA/RNA sequences
Alignment has 21 sequences with 200 columns, 81 distinct patterns
56 parsimony-informative, 24 singleton sites, 120 constant sites
        Gap/Ambiguity  Composition  p-value
Analyzing sequences: done in 1.4429e-05 secs
   1  0_0_0     0.00%    passed     94.00%
   2  18_0_0    0.00%    passed     99.37%
   3  20_0_0    0.00%    passed     97.71%
   4  16_0_0    0.00%    passed     95.30%
   5  10_0_0    0.00%    passed     90.92%
   6  19_0_0    0.00%    passed     93.82%
   7  17_0_0    0.00%    passed     93.11%
   8  13_0_0    0.00%    passed     94.49%
   9  15_0_0    0.00%    passed     97.66%
  10  12_0_0    0.00%    passed     98.84%
  11  14_0_0    0.00%    passed     91.78%
  12  11_0_0    0.00%    passed     95.47%
  13  9_0_0     0.00%    passed     98.76%
  14  3_0_0     0.00%    passed     96.78%
  15  2_0_0     0.00%    passed     98.37%
  16  7_0_0     0.00%    passed     98.63%
  17  1_0_0     0.00%    passed     97.71%
  18  4_0_0     0.00%    passed     98.30%
  19  6_0_0     0.00%    passed     95.30%
  20  8_0_0     0.00%    passed     97.16%
  21  5_0_0     0.00%    passed     99.64%
****  TOTAL     0.00%  0 sequences failed composition chi2 test (p-value<5%; df=3)

Create initial parsimony tree by phylogenetic likelihood library (PLL)... 0.001 seconds

NOTE: 0 MB RAM (0 GB) is required!
Estimate model parameters (epsilon = 0.100)
1. Initial log-likelihood: -1407.251
2. Current log-likelihood: -1353.949
3. Current log-likelihood: -1352.275
Optimal log-likelihood: -1352.267
Rate parameters:  A-C: 1.00000  A-G: 2.07273  A-T: 1.00000  C-G: 1.00000  C-T: 2.07273  G-T: 1.00000
Base frequencies:  A: 0.310  C: 0.233  G: 0.210  T: 0.248
Gamma shape alpha: 0.236
Parameters optimization took 3 rounds (0.015 sec)
Wrote distance file to... 
Computing ML distances based on estimated model parameters...
Calculating distance matrix: done in 0.00289498 secs using 98.83% CPU
Computing ML distances took 0.002938 sec (of wall-clock time) 0.002908 sec (of CPU time)
Setting up auxiliary I and S matrices: done in 6.223e-05 secs using 99.63% CPU
Computing RapidNJ tree took 0.000244 sec (of wall-clock time) 0.000243 sec (of CPU time)
Log-likelihood of RapidNJ tree: -1355.107
--------------------------------------------------------------------
|             INITIALIZING CANDIDATE TREE SET                      |
--------------------------------------------------------------------
Generating 98 parsimony trees... 0.121 second
Computing log-likelihood of 98 initial trees ... 0.114 seconds
Current best score: -1350.644

Do NNI search on 20 best initial trees
Estimate model parameters (epsilon = 0.100)
BETTER TREE FOUND at iteration 1: -1349.922
Estimate model parameters (epsilon = 0.100)
BETTER TREE FOUND at iteration 4: -1349.826
UPDATE BEST LOG-LIKELIHOOD: -1349.826
UPDATE BEST LOG-LIKELIHOOD: -1349.826
Iteration 10 / LogL: -1351.012 / Time: 0h:0m:0s
UPDATE BEST LOG-LIKELIHOOD: -1349.826
Iteration 20 / LogL: -1351.012 / Time: 0h:0m:0s
Finish initializing candidate tree set (3)
Current best tree score: -1349.826 / CPU time: 0.477
Number of iterations: 20
--------------------------------------------------------------------
|               OPTIMIZING CANDIDATE TREE SET                      |
--------------------------------------------------------------------
Iteration 30 / LogL: -1349.872 / Time: 0h:0m:0s (0h:0m:1s left)
Iteration 40 / LogL: -1351.012 / Time: 0h:0m:0s (0h:0m:1s left)
Iteration 50 / LogL: -1349.826 / Time: 0h:0m:1s (0h:0m:1s left)
Iteration 60 / LogL: -1351.012 / Time: 0h:0m:1s (0h:0m:0s left)
Iteration 70 / LogL: -1349.826 / Time: 0h:0m:1s (0h:0m:0s left)
Iteration 80 / LogL: -1352.301 / Time: 0h:0m:1s (0h:0m:0s left)
Iteration 90 / LogL: -1349.845 / Time: 0h:0m:1s (0h:0m:0s left)
Iteration 100 / LogL: -1349.826 / Time: 0h:0m:1s (0h:0m:0s left)
TREE SEARCH COMPLETED AFTER 105 ITERATIONS / Time: 0h:0m:1s

--------------------------------------------------------------------
|                    FINALIZING TREE SEARCH                        |
--------------------------------------------------------------------
Performs final model parameters optimization
Estimate model parameters (epsilon = 0.010)
1. Initial log-likelihood: -1349.826
Optimal log-likelihood: -1349.826
Rate parameters:  A-C: 1.00000  A-G: 1.99990  A-T: 1.00000  C-G: 1.00000  C-T: 1.99990  G-T: 1.00000
Base frequencies:  A: 0.310  C: 0.233  G: 0.210  T: 0.248
Gamma shape alpha: 0.238
Parameters optimization took 1 rounds (0.001 sec)
BEST SCORE FOUND : -1349.826

Testing tree branches by aBayes parametric test...
0.002 sec.
Total tree length: 1.909

Total number of iterations: 105
CPU time used for tree search: 1.765 sec (0h:0m:1s)
Wall-clock time used for tree search: 1.890 sec (0h:0m:1s)
Total CPU time used: 1.808 sec (0h:0m:1s)
Total wall-clock time used: 1.932 sec (0h:0m:1s)

Analysis results written to: 
  IQ-TREE report:                /home/mis/CSE6406-project/work/paper_subset_50x10_L200/ils_low/replicate_06/estimated_gene_trees/L200/hky_g4/locus_0033.iqtree
  Maximum-likelihood tree:       /home/mis/CSE6406-project/work/paper_subset_50x10_L200/ils_low/replicate_06/estimated_gene_trees/L200/hky_g4/locus_0033.treefile
  Likelihood distances:          /home/mis/CSE6406-project/work/paper_subset_50x10_L200/ils_low/replicate_06/estimated_gene_trees/L200/hky_g4/locus_0033.mldist
  Screen log file:               /home/mis/CSE6406-project/work/paper_subset_50x10_L200/ils_low/replicate_06/estimated_gene_trees/L200/hky_g4/locus_0033.log

Date and Time: Sat Sep 12 21:34:37 2026
