IQ-TREE multicore version 2.4.0 for Linux x86 64-bit built Feb 12 2025
Developed by Bui Quang Minh, Nguyen Lam Tung, Olga Chernomor, Heiko Schmidt,
Dominik Schrempf, Michael Woodhams, Ly Trong Nhan, Thomas Wong

Host:    ezmata (AVX2, FMA3, 15 GB RAM)
Command: /home/mis/miniconda3/envs/cse6406/bin/iqtree2 -s /home/mis/CSE6406-project/work/paper_subset_50x10_L200/ils_low/replicate_06/alignments/L200/locus_0027.phy -m HKY+G4 --abayes -T 1 --seed 7006028 --prefix /home/mis/CSE6406-project/work/paper_subset_50x10_L200/ils_low/replicate_06/estimated_gene_trees/L200/hky_g4/locus_0027 --redo --quiet
Seed:    7006028 (Using SPRNG - Scalable Parallel Random Number Generator)
Time:    Sat Sep 12 21:34:33 2026
Kernel:  AVX+FMA - 1 threads (16 CPU cores detected)

HINT: Use -nt option to specify number of threads because your CPU has 16 cores!
HINT: -nt AUTO will automatically determine the best number of threads to use.

Reading alignment file /home/mis/CSE6406-project/work/paper_subset_50x10_L200/ils_low/replicate_06/alignments/L200/locus_0027.phy ... Phylip format detected
Alignment most likely contains DNA/RNA sequences
Alignment has 21 sequences with 200 columns, 70 distinct patterns
50 parsimony-informative, 18 singleton sites, 132 constant sites
        Gap/Ambiguity  Composition  p-value
Analyzing sequences: done in 1.339e-05 secs using 14.94% CPU
   1  9_0_0     0.00%    passed     84.22%
   2  2_0_0     0.00%    passed     99.16%
   3  3_0_0     0.00%    passed     94.80%
   4  8_0_0     0.00%    passed     99.85%
   5  6_0_0     0.00%    passed     99.85%
   6  7_0_0     0.00%    passed     96.85%
   7  1_0_0     0.00%    passed     97.32%
   8  4_0_0     0.00%    passed     97.65%
   9  5_0_0     0.00%    passed     95.25%
  10  12_0_0    0.00%    passed     95.76%
  11  14_0_0    0.00%    passed     80.53%
  12  11_0_0    0.00%    passed     94.14%
  13  17_0_0    0.00%    passed     99.08%
  14  15_0_0    0.00%    passed     91.31%
  15  13_0_0    0.00%    passed     84.91%
  16  19_0_0    0.00%    passed     95.38%
  17  16_0_0    0.00%    passed     93.52%
  18  10_0_0    0.00%    passed     88.70%
  19  20_0_0    0.00%    passed     99.09%
  20  18_0_0    0.00%    passed     93.04%
  21  0_0_0     0.00%    passed     65.53%
****  TOTAL     0.00%  0 sequences failed composition chi2 test (p-value<5%; df=3)

Create initial parsimony tree by phylogenetic likelihood library (PLL)... 0.001 seconds

NOTE: 0 MB RAM (0 GB) is required!
Estimate model parameters (epsilon = 0.100)
1. Initial log-likelihood: -1300.344
2. Current log-likelihood: -1236.563
3. Current log-likelihood: -1234.572
Optimal log-likelihood: -1234.569
Rate parameters:  A-C: 1.00000  A-G: 2.01639  A-T: 1.00000  C-G: 1.00000  C-T: 2.01639  G-T: 1.00000
Base frequencies:  A: 0.366  C: 0.167  G: 0.173  T: 0.294
Gamma shape alpha: 0.185
Parameters optimization took 3 rounds (0.014 sec)
Wrote distance file to... 
Computing ML distances based on estimated model parameters...
Calculating distance matrix: done in 0.00411334 secs using 96.95% CPU
Computing ML distances took 0.004166 sec (of wall-clock time) 0.004042 sec (of CPU time)
Setting up auxiliary I and S matrices: done in 7.7707e-05 secs using 99.09% CPU
Computing RapidNJ tree took 0.000286 sec (of wall-clock time) 0.000120 sec (of CPU time)
Log-likelihood of RapidNJ tree: -1242.028
--------------------------------------------------------------------
|             INITIALIZING CANDIDATE TREE SET                      |
--------------------------------------------------------------------
Generating 98 parsimony trees... 0.094 second
Computing log-likelihood of 98 initial trees ... 0.127 seconds
Current best score: -1233.709

Do NNI search on 20 best initial trees
Estimate model parameters (epsilon = 0.100)
BETTER TREE FOUND at iteration 1: -1232.723
Iteration 10 / LogL: -1234.299 / Time: 0h:0m:0s
Estimate model parameters (epsilon = 0.100)
BETTER TREE FOUND at iteration 13: -1232.425
Iteration 20 / LogL: -1234.276 / Time: 0h:0m:0s
Finish initializing candidate tree set (8)
Current best tree score: -1232.425 / CPU time: 0.576
Number of iterations: 20
--------------------------------------------------------------------
|               OPTIMIZING CANDIDATE TREE SET                      |
--------------------------------------------------------------------
Iteration 30 / LogL: -1232.916 / Time: 0h:0m:0s (0h:0m:2s left)
Iteration 40 / LogL: -1233.195 / Time: 0h:0m:1s (0h:0m:2s left)
Iteration 50 / LogL: -1232.753 / Time: 0h:0m:1s (0h:0m:1s left)
Iteration 60 / LogL: -1232.426 / Time: 0h:0m:1s (0h:0m:1s left)
Iteration 70 / LogL: -1239.452 / Time: 0h:0m:1s (0h:0m:1s left)
Iteration 80 / LogL: -1232.950 / Time: 0h:0m:2s (0h:0m:0s left)
Iteration 90 / LogL: -1233.042 / Time: 0h:0m:2s (0h:0m:0s left)
BETTER TREE FOUND at iteration 91: -1232.425
Iteration 100 / LogL: -1232.434 / Time: 0h:0m:2s (0h:0m:2s left)
Iteration 110 / LogL: -1232.756 / Time: 0h:0m:2s (0h:0m:2s left)
Iteration 120 / LogL: -1232.439 / Time: 0h:0m:3s (0h:0m:1s left)
Iteration 130 / LogL: -1232.426 / Time: 0h:0m:3s (0h:0m:1s left)
Iteration 140 / LogL: -1232.425 / Time: 0h:0m:3s (0h:0m:1s left)
Iteration 150 / LogL: -1232.628 / Time: 0h:0m:3s (0h:0m:1s left)
Iteration 160 / LogL: -1232.425 / Time: 0h:0m:4s (0h:0m:0s left)
Iteration 170 / LogL: -1232.426 / Time: 0h:0m:4s (0h:0m:0s left)
Iteration 180 / LogL: -1232.425 / Time: 0h:0m:4s (0h:0m:0s left)
Iteration 190 / LogL: -1232.426 / Time: 0h:0m:4s (0h:0m:0s left)
TREE SEARCH COMPLETED AFTER 192 ITERATIONS / Time: 0h:0m:4s

--------------------------------------------------------------------
|                    FINALIZING TREE SEARCH                        |
--------------------------------------------------------------------
Performs final model parameters optimization
Estimate model parameters (epsilon = 0.010)
1. Initial log-likelihood: -1232.425
Optimal log-likelihood: -1232.425
Rate parameters:  A-C: 1.00000  A-G: 2.00507  A-T: 1.00000  C-G: 1.00000  C-T: 2.00507  G-T: 1.00000
Base frequencies:  A: 0.366  C: 0.167  G: 0.173  T: 0.294
Gamma shape alpha: 0.184
Parameters optimization took 1 rounds (0.004 sec)
BEST SCORE FOUND : -1232.425

Testing tree branches by aBayes parametric test...
0.005 sec.
Total tree length: 1.802

Total number of iterations: 192
CPU time used for tree search: 4.663 sec (0h:0m:4s)
Wall-clock time used for tree search: 4.895 sec (0h:0m:4s)
Total CPU time used: 4.707 sec (0h:0m:4s)
Total wall-clock time used: 4.939 sec (0h:0m:4s)

Analysis results written to: 
  IQ-TREE report:                /home/mis/CSE6406-project/work/paper_subset_50x10_L200/ils_low/replicate_06/estimated_gene_trees/L200/hky_g4/locus_0027.iqtree
  Maximum-likelihood tree:       /home/mis/CSE6406-project/work/paper_subset_50x10_L200/ils_low/replicate_06/estimated_gene_trees/L200/hky_g4/locus_0027.treefile
  Likelihood distances:          /home/mis/CSE6406-project/work/paper_subset_50x10_L200/ils_low/replicate_06/estimated_gene_trees/L200/hky_g4/locus_0027.mldist
  Screen log file:               /home/mis/CSE6406-project/work/paper_subset_50x10_L200/ils_low/replicate_06/estimated_gene_trees/L200/hky_g4/locus_0027.log

Date and Time: Sat Sep 12 21:34:37 2026
