IQ-TREE multicore version 2.4.0 for Linux x86 64-bit built Feb 12 2025
Developed by Bui Quang Minh, Nguyen Lam Tung, Olga Chernomor, Heiko Schmidt,
Dominik Schrempf, Michael Woodhams, Ly Trong Nhan, Thomas Wong

Host:    ezmata (AVX2, FMA3, 15 GB RAM)
Command: /home/mis/miniconda3/envs/cse6406/bin/iqtree2 -s /home/mis/CSE6406-project/work/paper_subset_50x10_L800/ils_low/replicate_02/alignments/L800/locus_0019.phy -m HKY+G4 --abayes -T AUTO --seed 6606020 --prefix /home/mis/CSE6406-project/work/paper_subset_50x10_L800/ils_low/replicate_02/estimated_gene_trees/L800/hky_g4/locus_0019 --redo --quiet
Seed:    6606020 (Using SPRNG - Scalable Parallel Random Number Generator)
Time:    Fri Sep 11 04:06:24 2026
Kernel:  AVX+FMA - auto-detect threads (16 CPU cores detected)

Reading alignment file /home/mis/CSE6406-project/work/paper_subset_50x10_L800/ils_low/replicate_02/alignments/L800/locus_0019.phy ... Phylip format detected
Alignment most likely contains DNA/RNA sequences
Alignment has 21 sequences with 800 columns, 495 distinct patterns
437 parsimony-informative, 66 singleton sites, 297 constant sites
        Gap/Ambiguity  Composition  p-value
Analyzing sequences: done in 9.0655e-05 secs
   1  0_0_0     0.00%    passed     96.26%
   2  20_0_0    0.00%    passed     88.87%
   3  12_0_0    0.00%    passed     93.13%
   4  17_0_0    0.00%    passed     89.69%
   5  11_0_0    0.00%    passed     87.07%
   6  9_0_0     0.00%    passed     74.41%
   7  13_0_0    0.00%    passed     81.24%
   8  16_0_0    0.00%    passed     33.54%
   9  18_0_0    0.00%    passed     90.71%
  10  15_0_0    0.00%    passed     96.49%
  11  14_0_0    0.00%    passed     84.76%
  12  7_0_0     0.00%    passed     56.33%
  13  8_0_0     0.00%    passed     90.39%
  14  19_0_0    0.00%    passed     93.48%
  15  10_0_0    0.00%    passed     91.43%
  16  5_0_0     0.00%    passed     92.34%
  17  6_0_0     0.00%    passed     70.91%
  18  3_0_0     0.00%    passed     95.56%
  19  4_0_0     0.00%    passed     93.69%
  20  2_0_0     0.00%    passed     87.15%
  21  1_0_0     0.00%    passed     87.71%
****  TOTAL     0.00%  0 sequences failed composition chi2 test (p-value<5%; df=3)

Create initial parsimony tree by phylogenetic likelihood library (PLL)... 0.001 seconds

NOTE: 1 MB RAM (0 GB) is required!
Measuring multi-threading efficiency up to 16 CPU cores
Increase to 10 rounds for branch lengths
1668 trees examined
Threads: 1 / Time: 16.008 sec / Speedup: 1.000 / Efficiency: 100% / LogL: -13149
Threads: 2 / Time: 17.738 sec / Speedup: 0.902 / Efficiency: 45% / LogL: -13149
BEST NUMBER OF THREADS: 1

Estimate model parameters (epsilon = 0.100)
1. Initial log-likelihood: -12621.310
2. Current log-likelihood: -12146.413
3. Current log-likelihood: -12071.304
4. Current log-likelihood: -12062.147
5. Current log-likelihood: -12059.898
6. Current log-likelihood: -12059.247
7. Current log-likelihood: -12059.009
Optimal log-likelihood: -12058.915
Rate parameters:  A-C: 1.00000  A-G: 1.65877  A-T: 1.00000  C-G: 1.00000  C-T: 1.65877  G-T: 1.00000
Base frequencies:  A: 0.300  C: 0.211  G: 0.185  T: 0.303
Gamma shape alpha: 0.212
Parameters optimization took 7 rounds (0.055 sec)
Wrote distance file to... 
Computing ML distances based on estimated model parameters...
Calculating distance matrix: done in 0.00154702 secs using 97.87% CPU
Computing ML distances took 0.001586 sec (of wall-clock time) 0.001550 sec (of CPU time)
Setting up auxiliary I and S matrices: done in 2.8631e-05 secs using 988.4% CPU
Computing RapidNJ tree took 0.000102 sec (of wall-clock time) 0.000356 sec (of CPU time)
Log-likelihood of RapidNJ tree: -12075.410
--------------------------------------------------------------------
|             INITIALIZING CANDIDATE TREE SET                      |
--------------------------------------------------------------------
Generating 98 parsimony trees... 0.109 second
Computing log-likelihood of 98 initial trees ... 0.190 seconds
Current best score: -12058.915

Do NNI search on 20 best initial trees
Estimate model parameters (epsilon = 0.100)
BETTER TREE FOUND at iteration 1: -12051.773
Estimate model parameters (epsilon = 0.100)
BETTER TREE FOUND at iteration 2: -12050.298
BETTER TREE FOUND at iteration 3: -12050.298
UPDATE BEST LOG-LIKELIHOOD: -12050.298
UPDATE BEST LOG-LIKELIHOOD: -12050.298
Iteration 10 / LogL: -12050.298 / Time: 0h:0m:34s
UPDATE BEST LOG-LIKELIHOOD: -12050.298
Iteration 20 / LogL: -12050.984 / Time: 0h:0m:34s
Finish initializing candidate tree set (10)
Current best tree score: -12050.298 / CPU time: 1.029
Number of iterations: 20
--------------------------------------------------------------------
|               OPTIMIZING CANDIDATE TREE SET                      |
--------------------------------------------------------------------
Iteration 30 / LogL: -12050.298 / Time: 0h:0m:35s (0h:1m:28s left)
Iteration 40 / LogL: -12050.298 / Time: 0h:0m:35s (0h:0m:57s left)
Iteration 50 / LogL: -12051.769 / Time: 0h:0m:36s (0h:0m:39s left)
Iteration 60 / LogL: -12050.298 / Time: 0h:0m:36s (0h:0m:26s left)
Iteration 70 / LogL: -12050.298 / Time: 0h:0m:36s (0h:0m:17s left)
Iteration 80 / LogL: -12050.948 / Time: 0h:0m:37s (0h:0m:10s left)
Iteration 90 / LogL: -12050.298 / Time: 0h:0m:37s (0h:0m:5s left)
Iteration 100 / LogL: -12050.944 / Time: 0h:0m:37s (0h:0m:1s left)
TREE SEARCH COMPLETED AFTER 104 ITERATIONS / Time: 0h:0m:37s

--------------------------------------------------------------------
|                    FINALIZING TREE SEARCH                        |
--------------------------------------------------------------------
Performs final model parameters optimization
Estimate model parameters (epsilon = 0.010)
1. Initial log-likelihood: -12050.298
Optimal log-likelihood: -12050.297
Rate parameters:  A-C: 1.00000  A-G: 1.69527  A-T: 1.00000  C-G: 1.00000  C-T: 1.69527  G-T: 1.00000
Base frequencies:  A: 0.300  C: 0.211  G: 0.185  T: 0.303
Gamma shape alpha: 0.210
Parameters optimization took 1 rounds (0.004 sec)
BEST SCORE FOUND : -12050.297

Testing tree branches by aBayes parametric test...
0.005 sec.
Total tree length: 18.862

Total number of iterations: 104
CPU time used for tree search: 4.101 sec (0h:0m:4s)
Wall-clock time used for tree search: 4.156 sec (0h:0m:4s)
Total CPU time used: 44.911 sec (0h:0m:44s)
Total wall-clock time used: 37.987 sec (0h:0m:37s)

Analysis results written to: 
  IQ-TREE report:                /home/mis/CSE6406-project/work/paper_subset_50x10_L800/ils_low/replicate_02/estimated_gene_trees/L800/hky_g4/locus_0019.iqtree
  Maximum-likelihood tree:       /home/mis/CSE6406-project/work/paper_subset_50x10_L800/ils_low/replicate_02/estimated_gene_trees/L800/hky_g4/locus_0019.treefile
  Likelihood distances:          /home/mis/CSE6406-project/work/paper_subset_50x10_L800/ils_low/replicate_02/estimated_gene_trees/L800/hky_g4/locus_0019.mldist
  Screen log file:               /home/mis/CSE6406-project/work/paper_subset_50x10_L800/ils_low/replicate_02/estimated_gene_trees/L800/hky_g4/locus_0019.log

Date and Time: Fri Sep 11 04:07:02 2026
