IQ-TREE multicore version 2.4.0 for Linux x86 64-bit built Feb 12 2025
Developed by Bui Quang Minh, Nguyen Lam Tung, Olga Chernomor, Heiko Schmidt,
Dominik Schrempf, Michael Woodhams, Ly Trong Nhan, Thomas Wong

Host:    ezmata (AVX2, FMA3, 15 GB RAM)
Command: /home/mis/miniconda3/envs/cse6406/bin/iqtree2 -s /home/mis/CSE6406-project/work/paper_subset_50x10_L800/ils_low/replicate_05/alignments/L800/locus_0007.phy -m GTR+G4 --abayes -T AUTO --seed 6906008 --prefix /home/mis/CSE6406-project/work/paper_subset_50x10_L800/ils_low/replicate_05/estimated_gene_trees/L800/gtr_g4/locus_0007 --redo --quiet
Seed:    6906008 (Using SPRNG - Scalable Parallel Random Number Generator)
Time:    Fri Sep 11 11:30:49 2026
Kernel:  AVX+FMA - auto-detect threads (16 CPU cores detected)

Reading alignment file /home/mis/CSE6406-project/work/paper_subset_50x10_L800/ils_low/replicate_05/alignments/L800/locus_0007.phy ... Phylip format detected
Alignment most likely contains DNA/RNA sequences
Alignment has 21 sequences with 800 columns, 255 distinct patterns
197 parsimony-informative, 72 singleton sites, 531 constant sites
        Gap/Ambiguity  Composition  p-value
Analyzing sequences: done in 0.000140839 secs using 118.6% CPU
   1  6_0_0     0.00%    passed     87.51%
   2  9_0_0     0.00%    passed     53.25%
   3  11_0_0    0.00%    passed     78.41%
   4  8_0_0     0.00%    passed     96.03%
   5  7_0_0     0.00%    passed     95.29%
   6  5_0_0     0.00%    passed     96.51%
   7  10_0_0    0.00%    passed     98.97%
   8  12_0_0    0.00%    passed     90.19%
   9  13_0_0    0.00%    passed     97.85%
  10  16_0_0    0.00%    passed     96.53%
  11  14_0_0    0.00%    passed     84.01%
  12  19_0_0    0.00%    passed     91.17%
  13  17_0_0    0.00%    passed     93.56%
  14  18_0_0    0.00%    passed     83.06%
  15  15_0_0    0.00%    passed     99.08%
  16  20_0_0    0.00%    passed     87.75%
  17  3_0_0     0.00%    passed     95.91%
  18  4_0_0     0.00%    passed     99.97%
  19  1_0_0     0.00%    passed     97.95%
  20  2_0_0     0.00%    passed     86.31%
  21  0_0_0     0.00%    passed     79.85%
****  TOTAL     0.00%  0 sequences failed composition chi2 test (p-value<5%; df=3)

Create initial parsimony tree by phylogenetic likelihood library (PLL)... 0.000 seconds

NOTE: 0 MB RAM (0 GB) is required!
Measuring multi-threading efficiency up to 16 CPU cores
Increase to 10 rounds for branch lengths
4016 trees examined
Threads: 1 / Time: 16.003 sec / Speedup: 1.000 / Efficiency: 100% / LogL: -5801
Threads: 2 / Time: 21.319 sec / Speedup: 0.751 / Efficiency: 38% / LogL: -5801
BEST NUMBER OF THREADS: 1

Estimate model parameters (epsilon = 0.100)
1. Initial log-likelihood: -4904.505
2. Current log-likelihood: -4714.216
3. Current log-likelihood: -4710.764
Optimal log-likelihood: -4710.744
Rate parameters:  A-C: 1.02777  A-G: 1.91745  A-T: 0.85284  C-G: 0.90547  C-T: 2.19893  G-T: 1.00000
Base frequencies:  A: 0.317  C: 0.180  G: 0.182  T: 0.321
Gamma shape alpha: 0.191
Parameters optimization took 3 rounds (0.025 sec)
Wrote distance file to... 
Computing ML distances based on estimated model parameters...
Calculating distance matrix: done in 0.00176804 secs using 94.45% CPU
Computing ML distances took 0.001795 sec (of wall-clock time) 0.001695 sec (of CPU time)
Setting up auxiliary I and S matrices: done in 3.0147e-05 secs using 96.2% CPU
Computing RapidNJ tree took 0.000112 sec (of wall-clock time) 0.000391 sec (of CPU time)
Log-likelihood of RapidNJ tree: -4723.483
--------------------------------------------------------------------
|             INITIALIZING CANDIDATE TREE SET                      |
--------------------------------------------------------------------
Generating 98 parsimony trees... 0.078 second
Computing log-likelihood of 98 initial trees ... 0.107 seconds
Current best score: -4710.744

Do NNI search on 20 best initial trees
Estimate model parameters (epsilon = 0.100)
BETTER TREE FOUND at iteration 1: -4710.610
Iteration 10 / LogL: -4720.448 / Time: 0h:0m:37s
Iteration 20 / LogL: -4710.611 / Time: 0h:0m:37s
Finish initializing candidate tree set (9)
Current best tree score: -4710.610 / CPU time: 0.464
Number of iterations: 20
--------------------------------------------------------------------
|               OPTIMIZING CANDIDATE TREE SET                      |
--------------------------------------------------------------------
UPDATE BEST LOG-LIKELIHOOD: -4710.610
Iteration 30 / LogL: -4715.437 / Time: 0h:0m:38s (0h:1m:33s left)
UPDATE BEST LOG-LIKELIHOOD: -4710.610
UPDATE BEST LOG-LIKELIHOOD: -4710.610
Iteration 40 / LogL: -4715.441 / Time: 0h:0m:38s (0h:0m:59s left)
Iteration 50 / LogL: -4715.442 / Time: 0h:0m:38s (0h:0m:40s left)
UPDATE BEST LOG-LIKELIHOOD: -4710.610
Iteration 60 / LogL: -4712.051 / Time: 0h:0m:38s (0h:0m:26s left)
UPDATE BEST LOG-LIKELIHOOD: -4710.610
Iteration 70 / LogL: -4710.610 / Time: 0h:0m:38s (0h:0m:17s left)
Iteration 80 / LogL: -4715.447 / Time: 0h:0m:39s (0h:0m:10s left)
UPDATE BEST LOG-LIKELIHOOD: -4710.610
Iteration 90 / LogL: -4715.437 / Time: 0h:0m:39s (0h:0m:4s left)
Iteration 100 / LogL: -4710.610 / Time: 0h:0m:39s (0h:0m:0s left)
TREE SEARCH COMPLETED AFTER 102 ITERATIONS / Time: 0h:0m:39s

--------------------------------------------------------------------
|                    FINALIZING TREE SEARCH                        |
--------------------------------------------------------------------
Performs final model parameters optimization
Estimate model parameters (epsilon = 0.010)
1. Initial log-likelihood: -4710.610
Optimal log-likelihood: -4710.609
Rate parameters:  A-C: 1.01816  A-G: 1.93680  A-T: 0.84740  C-G: 0.90478  C-T: 2.20045  G-T: 1.00000
Base frequencies:  A: 0.317  C: 0.180  G: 0.182  T: 0.321
Gamma shape alpha: 0.190
Parameters optimization took 1 rounds (0.005 sec)
BEST SCORE FOUND : -4710.609

Testing tree branches by aBayes parametric test...
0.005 sec.
Total tree length: 1.108

Total number of iterations: 102
CPU time used for tree search: 2.191 sec (0h:0m:2s)
Wall-clock time used for tree search: 2.237 sec (0h:0m:2s)
Total CPU time used: 44.374 sec (0h:0m:44s)
Total wall-clock time used: 39.606 sec (0h:0m:39s)

Analysis results written to: 
  IQ-TREE report:                /home/mis/CSE6406-project/work/paper_subset_50x10_L800/ils_low/replicate_05/estimated_gene_trees/L800/gtr_g4/locus_0007.iqtree
  Maximum-likelihood tree:       /home/mis/CSE6406-project/work/paper_subset_50x10_L800/ils_low/replicate_05/estimated_gene_trees/L800/gtr_g4/locus_0007.treefile
  Likelihood distances:          /home/mis/CSE6406-project/work/paper_subset_50x10_L800/ils_low/replicate_05/estimated_gene_trees/L800/gtr_g4/locus_0007.mldist
  Screen log file:               /home/mis/CSE6406-project/work/paper_subset_50x10_L800/ils_low/replicate_05/estimated_gene_trees/L800/gtr_g4/locus_0007.log

Date and Time: Fri Sep 11 11:31:28 2026
