IQ-TREE multicore version 2.4.0 for Linux x86 64-bit built Feb 12 2025
Developed by Bui Quang Minh, Nguyen Lam Tung, Olga Chernomor, Heiko Schmidt,
Dominik Schrempf, Michael Woodhams, Ly Trong Nhan, Thomas Wong

Host:    ezmata (AVX2, FMA3, 15 GB RAM)
Command: /home/mis/miniconda3/envs/cse6406/bin/iqtree2 -s /home/mis/CSE6406-project/work/paper_subset_50x10_L800/ils_low/replicate_05/alignments/L800/locus_0036.phy -m GTR+G4 --abayes -T AUTO --seed 6906037 --prefix /home/mis/CSE6406-project/work/paper_subset_50x10_L800/ils_low/replicate_05/estimated_gene_trees/L800/gtr_g4/locus_0036 --redo --quiet
Seed:    6906037 (Using SPRNG - Scalable Parallel Random Number Generator)
Time:    Fri Sep 11 11:49:28 2026
Kernel:  AVX+FMA - auto-detect threads (16 CPU cores detected)

Reading alignment file /home/mis/CSE6406-project/work/paper_subset_50x10_L800/ils_low/replicate_05/alignments/L800/locus_0036.phy ... Phylip format detected
Alignment most likely contains DNA/RNA sequences
Alignment has 21 sequences with 800 columns, 252 distinct patterns
189 parsimony-informative, 75 singleton sites, 536 constant sites
        Gap/Ambiguity  Composition  p-value
Analyzing sequences: done in 8.7362e-05 secs
   1  2_0_0     0.00%    passed     81.82%
   2  6_0_0     0.00%    passed     97.11%
   3  9_0_0     0.00%    passed     96.13%
   4  11_0_0    0.00%    passed     92.42%
   5  8_0_0     0.00%    passed     84.33%
   6  7_0_0     0.00%    passed     74.11%
   7  5_0_0     0.00%    passed     98.51%
   8  10_0_0    0.00%    passed     97.99%
   9  12_0_0    0.00%    passed     97.59%
  10  3_0_0     0.00%    passed     99.52%
  11  1_0_0     0.00%    passed     94.07%
  12  4_0_0     0.00%    passed     97.32%
  13  15_0_0    0.00%    passed     98.93%
  14  20_0_0    0.00%    passed     97.52%
  15  18_0_0    0.00%    passed     76.75%
  16  14_0_0    0.00%    passed     90.18%
  17  19_0_0    0.00%    passed     96.05%
  18  17_0_0    0.00%    passed     90.86%
  19  16_0_0    0.00%    passed     93.35%
  20  13_0_0    0.00%    passed     86.24%
  21  0_0_0     0.00%    passed     81.90%
****  TOTAL     0.00%  0 sequences failed composition chi2 test (p-value<5%; df=3)

Create initial parsimony tree by phylogenetic likelihood library (PLL)... 0.000 seconds

NOTE: 0 MB RAM (0 GB) is required!
Measuring multi-threading efficiency up to 16 CPU cores
Increase to 10 rounds for branch lengths
4031 trees examined
Threads: 1 / Time: 16.003 sec / Speedup: 1.000 / Efficiency: 100% / LogL: -5643
Threads: 2 / Time: 21.808 sec / Speedup: 0.734 / Efficiency: 37% / LogL: -5643
BEST NUMBER OF THREADS: 1

Estimate model parameters (epsilon = 0.100)
1. Initial log-likelihood: -4828.812
2. Current log-likelihood: -4641.033
3. Current log-likelihood: -4639.023
Optimal log-likelihood: -4639.009
Rate parameters:  A-C: 0.80282  A-G: 1.98061  A-T: 0.85526  C-G: 0.90124  C-T: 1.88303  G-T: 1.00000
Base frequencies:  A: 0.315  C: 0.189  G: 0.202  T: 0.293
Gamma shape alpha: 0.197
Parameters optimization took 3 rounds (0.022 sec)
Wrote distance file to... 
Computing ML distances based on estimated model parameters...
Calculating distance matrix: done in 0.00196725 secs using 94.55% CPU
Computing ML distances took 0.001997 sec (of wall-clock time) 0.001886 sec (of CPU time)
Setting up auxiliary I and S matrices: done in 3.1748e-05 secs using 97.64% CPU
Computing RapidNJ tree took 0.000117 sec (of wall-clock time) 0.000426 sec (of CPU time)
Log-likelihood of RapidNJ tree: -4650.782
--------------------------------------------------------------------
|             INITIALIZING CANDIDATE TREE SET                      |
--------------------------------------------------------------------
Generating 98 parsimony trees... 0.068 second
Computing log-likelihood of 98 initial trees ... 0.088 seconds
Current best score: -4632.469

Do NNI search on 20 best initial trees
Estimate model parameters (epsilon = 0.100)
BETTER TREE FOUND at iteration 1: -4632.093
Iteration 10 / LogL: -4632.201 / Time: 0h:0m:38s
Iteration 20 / LogL: -4632.106 / Time: 0h:0m:38s
Finish initializing candidate tree set (2)
Current best tree score: -4632.093 / CPU time: 0.335
Number of iterations: 20
--------------------------------------------------------------------
|               OPTIMIZING CANDIDATE TREE SET                      |
--------------------------------------------------------------------
Iteration 30 / LogL: -4632.127 / Time: 0h:0m:38s (0h:1m:33s left)
Iteration 40 / LogL: -4632.201 / Time: 0h:0m:38s (0h:1m:0s left)
Iteration 50 / LogL: -4632.210 / Time: 0h:0m:38s (0h:0m:40s left)
Iteration 60 / LogL: -4632.171 / Time: 0h:0m:38s (0h:0m:26s left)
Iteration 70 / LogL: -4632.183 / Time: 0h:0m:38s (0h:0m:17s left)
Iteration 80 / LogL: -4632.129 / Time: 0h:0m:38s (0h:0m:10s left)
Iteration 90 / LogL: -4632.112 / Time: 0h:0m:39s (0h:0m:4s left)
Iteration 100 / LogL: -4632.096 / Time: 0h:0m:39s (0h:0m:0s left)
TREE SEARCH COMPLETED AFTER 102 ITERATIONS / Time: 0h:0m:39s

--------------------------------------------------------------------
|                    FINALIZING TREE SEARCH                        |
--------------------------------------------------------------------
Performs final model parameters optimization
Estimate model parameters (epsilon = 0.010)
1. Initial log-likelihood: -4632.093
Optimal log-likelihood: -4632.091
Rate parameters:  A-C: 0.77429  A-G: 1.99348  A-T: 0.84357  C-G: 0.89481  C-T: 1.89427  G-T: 1.00000
Base frequencies:  A: 0.315  C: 0.189  G: 0.202  T: 0.293
Gamma shape alpha: 0.199
Parameters optimization took 1 rounds (0.003 sec)
BEST SCORE FOUND : -4632.091

Testing tree branches by aBayes parametric test...
0.003 sec.
Total tree length: 1.107

Total number of iterations: 102
CPU time used for tree search: 1.444 sec (0h:0m:1s)
Wall-clock time used for tree search: 1.473 sec (0h:0m:1s)
Total CPU time used: 44.209 sec (0h:0m:44s)
Total wall-clock time used: 39.326 sec (0h:0m:39s)

Analysis results written to: 
  IQ-TREE report:                /home/mis/CSE6406-project/work/paper_subset_50x10_L800/ils_low/replicate_05/estimated_gene_trees/L800/gtr_g4/locus_0036.iqtree
  Maximum-likelihood tree:       /home/mis/CSE6406-project/work/paper_subset_50x10_L800/ils_low/replicate_05/estimated_gene_trees/L800/gtr_g4/locus_0036.treefile
  Likelihood distances:          /home/mis/CSE6406-project/work/paper_subset_50x10_L800/ils_low/replicate_05/estimated_gene_trees/L800/gtr_g4/locus_0036.mldist
  Screen log file:               /home/mis/CSE6406-project/work/paper_subset_50x10_L800/ils_low/replicate_05/estimated_gene_trees/L800/gtr_g4/locus_0036.log

Date and Time: Fri Sep 11 11:50:08 2026
