IQ-TREE multicore version 2.4.0 for Linux x86 64-bit built Feb 12 2025
Developed by Bui Quang Minh, Nguyen Lam Tung, Olga Chernomor, Heiko Schmidt,
Dominik Schrempf, Michael Woodhams, Ly Trong Nhan, Thomas Wong

Host:    ezmata (AVX2, FMA3, 15 GB RAM)
Command: /home/mis/miniconda3/envs/cse6406/bin/iqtree2 -s /home/mis/CSE6406-project/work/paper_subset_50x10_L800/ils_low/replicate_05/alignments/L800/locus_0037.phy -m GTR+G4 --abayes -T AUTO --seed 6906038 --prefix /home/mis/CSE6406-project/work/paper_subset_50x10_L800/ils_low/replicate_05/estimated_gene_trees/L800/gtr_g4/locus_0037 --redo --quiet
Seed:    6906038 (Using SPRNG - Scalable Parallel Random Number Generator)
Time:    Fri Sep 11 11:50:08 2026
Kernel:  AVX+FMA - auto-detect threads (16 CPU cores detected)

Reading alignment file /home/mis/CSE6406-project/work/paper_subset_50x10_L800/ils_low/replicate_05/alignments/L800/locus_0037.phy ... Phylip format detected
Alignment most likely contains DNA/RNA sequences
Alignment has 21 sequences with 800 columns, 277 distinct patterns
206 parsimony-informative, 80 singleton sites, 514 constant sites
        Gap/Ambiguity  Composition  p-value
Analyzing sequences: done in 0.000155277 secs using 64.4% CPU
   1  3_0_0     0.00%    passed     94.09%
   2  4_0_0     0.00%    passed     93.57%
   3  1_0_0     0.00%    passed     85.70%
   4  2_0_0     0.00%    passed     99.01%
   5  12_0_0    0.00%    passed     99.66%
   6  10_0_0    0.00%    passed     90.65%
   7  5_0_0     0.00%    passed     89.15%
   8  7_0_0     0.00%    passed     95.64%
   9  8_0_0     0.00%    passed     99.61%
  10  6_0_0     0.00%    passed     99.59%
  11  9_0_0     0.00%    passed     94.50%
  12  11_0_0    0.00%    passed     92.18%
  13  14_0_0    0.00%    passed     79.22%
  14  17_0_0    0.00%    passed     99.55%
  15  19_0_0    0.00%    passed     96.76%
  16  16_0_0    0.00%    passed     92.14%
  17  13_0_0    0.00%    passed     80.56%
  18  18_0_0    0.00%    passed     94.58%
  19  20_0_0    0.00%    passed     95.72%
  20  15_0_0    0.00%    passed     91.55%
  21  0_0_0     0.00%    passed     59.58%
****  TOTAL     0.00%  0 sequences failed composition chi2 test (p-value<5%; df=3)

Create initial parsimony tree by phylogenetic likelihood library (PLL)... 0.001 seconds

NOTE: 0 MB RAM (0 GB) is required!
Measuring multi-threading efficiency up to 16 CPU cores
Increase to 10 rounds for branch lengths
3734 trees examined
Threads: 1 / Time: 16.001 sec / Speedup: 1.000 / Efficiency: 100% / LogL: -5845
Threads: 2 / Time: 19.602 sec / Speedup: 0.816 / Efficiency: 41% / LogL: -5845
BEST NUMBER OF THREADS: 1

Estimate model parameters (epsilon = 0.100)
1. Initial log-likelihood: -5016.052
2. Current log-likelihood: -4858.768
3. Current log-likelihood: -4856.508
Optimal log-likelihood: -4856.476
Rate parameters:  A-C: 0.86530  A-G: 1.93835  A-T: 0.83064  C-G: 0.80234  C-T: 1.59253  G-T: 1.00000
Base frequencies:  A: 0.284  C: 0.216  G: 0.192  T: 0.308
Gamma shape alpha: 0.224
Parameters optimization took 3 rounds (0.020 sec)
Wrote distance file to... 
Computing ML distances based on estimated model parameters...
Calculating distance matrix: done in 0.00143808 secs using 99.92% CPU
Computing ML distances took 0.001466 sec (of wall-clock time) 0.001468 sec (of CPU time)
Setting up auxiliary I and S matrices: done in 2.8113e-05 secs using 1060% CPU
Computing RapidNJ tree took 0.000105 sec (of wall-clock time) 0.000375 sec (of CPU time)
Log-likelihood of RapidNJ tree: -4858.941
--------------------------------------------------------------------
|             INITIALIZING CANDIDATE TREE SET                      |
--------------------------------------------------------------------
Generating 98 parsimony trees... 0.076 second
Computing log-likelihood of 98 initial trees ... 0.096 seconds
Current best score: -4849.746

Do NNI search on 20 best initial trees
Estimate model parameters (epsilon = 0.100)
BETTER TREE FOUND at iteration 1: -4849.526
BETTER TREE FOUND at iteration 2: -4849.526
Iteration 10 / LogL: -4849.682 / Time: 0h:0m:35s
Iteration 20 / LogL: -4849.526 / Time: 0h:0m:36s
Finish initializing candidate tree set (4)
Current best tree score: -4849.526 / CPU time: 0.433
Number of iterations: 20
--------------------------------------------------------------------
|               OPTIMIZING CANDIDATE TREE SET                      |
--------------------------------------------------------------------
Iteration 30 / LogL: -4849.526 / Time: 0h:0m:36s (0h:1m:30s left)
Iteration 40 / LogL: -4849.526 / Time: 0h:0m:36s (0h:0m:57s left)
Iteration 50 / LogL: -4849.681 / Time: 0h:0m:36s (0h:0m:38s left)
UPDATE BEST LOG-LIKELIHOOD: -4849.526
Iteration 60 / LogL: -4849.526 / Time: 0h:0m:36s (0h:0m:26s left)
Iteration 70 / LogL: -4849.526 / Time: 0h:0m:37s (0h:0m:17s left)
Iteration 80 / LogL: -4849.526 / Time: 0h:0m:37s (0h:0m:10s left)
Iteration 90 / LogL: -4849.526 / Time: 0h:0m:37s (0h:0m:5s left)
Iteration 100 / LogL: -4849.526 / Time: 0h:0m:37s (0h:0m:0s left)
UPDATE BEST LOG-LIKELIHOOD: -4849.526
TREE SEARCH COMPLETED AFTER 103 ITERATIONS / Time: 0h:0m:37s

--------------------------------------------------------------------
|                    FINALIZING TREE SEARCH                        |
--------------------------------------------------------------------
Performs final model parameters optimization
Estimate model parameters (epsilon = 0.010)
1. Initial log-likelihood: -4849.526
Optimal log-likelihood: -4849.525
Rate parameters:  A-C: 0.85597  A-G: 1.93064  A-T: 0.84808  C-G: 0.79119  C-T: 1.61721  G-T: 1.00000
Base frequencies:  A: 0.284  C: 0.216  G: 0.192  T: 0.308
Gamma shape alpha: 0.226
Parameters optimization took 1 rounds (0.003 sec)
BEST SCORE FOUND : -4849.525

Testing tree branches by aBayes parametric test...
0.003 sec.
Total tree length: 1.102

Total number of iterations: 103
CPU time used for tree search: 2.036 sec (0h:0m:2s)
Wall-clock time used for tree search: 2.075 sec (0h:0m:2s)
Total CPU time used: 42.834 sec (0h:0m:42s)
Total wall-clock time used: 37.718 sec (0h:0m:37s)

Analysis results written to: 
  IQ-TREE report:                /home/mis/CSE6406-project/work/paper_subset_50x10_L800/ils_low/replicate_05/estimated_gene_trees/L800/gtr_g4/locus_0037.iqtree
  Maximum-likelihood tree:       /home/mis/CSE6406-project/work/paper_subset_50x10_L800/ils_low/replicate_05/estimated_gene_trees/L800/gtr_g4/locus_0037.treefile
  Likelihood distances:          /home/mis/CSE6406-project/work/paper_subset_50x10_L800/ils_low/replicate_05/estimated_gene_trees/L800/gtr_g4/locus_0037.mldist
  Screen log file:               /home/mis/CSE6406-project/work/paper_subset_50x10_L800/ils_low/replicate_05/estimated_gene_trees/L800/gtr_g4/locus_0037.log

Date and Time: Fri Sep 11 11:50:45 2026
