IQ-TREE multicore version 2.4.0 for Linux x86 64-bit built Feb 12 2025
Developed by Bui Quang Minh, Nguyen Lam Tung, Olga Chernomor, Heiko Schmidt,
Dominik Schrempf, Michael Woodhams, Ly Trong Nhan, Thomas Wong

Host:    ezmata (AVX2, FMA3, 15 GB RAM)
Command: /home/mis/miniconda3/envs/cse6406/bin/iqtree2 -s /home/mis/CSE6406-project/work/paper_subset_50x10_L800/ils_low/replicate_05/alignments/L800/locus_0048.phy -m GTR+G4 --abayes -T AUTO --seed 6906049 --prefix /home/mis/CSE6406-project/work/paper_subset_50x10_L800/ils_low/replicate_05/estimated_gene_trees/L800/gtr_g4/locus_0048 --redo --quiet
Seed:    6906049 (Using SPRNG - Scalable Parallel Random Number Generator)
Time:    Fri Sep 11 11:57:13 2026
Kernel:  AVX+FMA - auto-detect threads (16 CPU cores detected)

Reading alignment file /home/mis/CSE6406-project/work/paper_subset_50x10_L800/ils_low/replicate_05/alignments/L800/locus_0048.phy ... Phylip format detected
Alignment most likely contains DNA/RNA sequences
Alignment has 21 sequences with 800 columns, 248 distinct patterns
181 parsimony-informative, 88 singleton sites, 531 constant sites
        Gap/Ambiguity  Composition  p-value
Analyzing sequences: done in 0.000117937 secs
   1  0_0_0     0.00%    passed     98.19%
   2  10_0_0    0.00%    passed     98.24%
   3  5_0_0     0.00%    passed     97.24%
   4  12_0_0    0.00%    passed     97.14%
   5  8_0_0     0.00%    passed     93.35%
   6  7_0_0     0.00%    passed     99.12%
   7  11_0_0    0.00%    passed     95.37%
   8  9_0_0     0.00%    passed     96.49%
   9  6_0_0     0.00%    passed     93.87%
  10  13_0_0    0.00%    passed     83.97%
  11  18_0_0    0.00%    passed     64.60%
  12  19_0_0    0.00%    passed     93.22%
  13  17_0_0    0.00%    passed     91.59%
  14  16_0_0    0.00%    passed     82.37%
  15  14_0_0    0.00%    passed     82.24%
  16  15_0_0    0.00%    passed     99.70%
  17  20_0_0    0.00%    passed     90.84%
  18  4_0_0     0.00%    passed     95.10%
  19  1_0_0     0.00%    passed     94.95%
  20  3_0_0     0.00%    passed     63.93%
  21  2_0_0     0.00%    passed     93.11%
****  TOTAL     0.00%  0 sequences failed composition chi2 test (p-value<5%; df=3)

Create initial parsimony tree by phylogenetic likelihood library (PLL)... 0.001 seconds

NOTE: 0 MB RAM (0 GB) is required!
Measuring multi-threading efficiency up to 16 CPU cores
Increase to 10 rounds for branch lengths
3976 trees examined
Threads: 1 / Time: 16.001 sec / Speedup: 1.000 / Efficiency: 100% / LogL: -5573
Threads: 2 / Time: 19.949 sec / Speedup: 0.802 / Efficiency: 40% / LogL: -5573
BEST NUMBER OF THREADS: 1

Estimate model parameters (epsilon = 0.100)
1. Initial log-likelihood: -4825.885
2. Current log-likelihood: -4660.091
3. Current log-likelihood: -4656.924
Optimal log-likelihood: -4656.910
Rate parameters:  A-C: 1.00331  A-G: 2.03173  A-T: 0.96706  C-G: 0.86746  C-T: 1.85466  G-T: 1.00000
Base frequencies:  A: 0.279  C: 0.193  G: 0.206  T: 0.323
Gamma shape alpha: 0.192
Parameters optimization took 3 rounds (0.024 sec)
Wrote distance file to... 
Computing ML distances based on estimated model parameters...
Calculating distance matrix: done in 0.00145505 secs using 91.2% CPU
Computing ML distances took 0.001479 sec (of wall-clock time) 0.001350 sec (of CPU time)
Setting up auxiliary I and S matrices: done in 2.5451e-05 secs using 98.23% CPU
Computing RapidNJ tree took 0.000097 sec (of wall-clock time) 0.000364 sec (of CPU time)
Log-likelihood of RapidNJ tree: -4657.728
--------------------------------------------------------------------
|             INITIALIZING CANDIDATE TREE SET                      |
--------------------------------------------------------------------
Generating 98 parsimony trees... 0.067 second
Computing log-likelihood of 98 initial trees ... 0.093 seconds
Current best score: -4655.352

Do NNI search on 20 best initial trees
Estimate model parameters (epsilon = 0.100)
BETTER TREE FOUND at iteration 1: -4651.008
Estimate model parameters (epsilon = 0.100)
BETTER TREE FOUND at iteration 4: -4650.960
Iteration 10 / LogL: -4650.961 / Time: 0h:0m:36s
Iteration 20 / LogL: -4651.084 / Time: 0h:0m:36s
Finish initializing candidate tree set (6)
Current best tree score: -4650.960 / CPU time: 0.398
Number of iterations: 20
--------------------------------------------------------------------
|               OPTIMIZING CANDIDATE TREE SET                      |
--------------------------------------------------------------------
Iteration 30 / LogL: -4651.034 / Time: 0h:0m:36s (0h:1m:33s left)
Iteration 40 / LogL: -4651.034 / Time: 0h:0m:36s (0h:1m:0s left)
Iteration 50 / LogL: -4651.037 / Time: 0h:0m:36s (0h:0m:40s left)
Iteration 60 / LogL: -4654.705 / Time: 0h:0m:36s (0h:0m:27s left)
Iteration 70 / LogL: -4651.084 / Time: 0h:0m:37s (0h:0m:18s left)
Iteration 80 / LogL: -4651.037 / Time: 0h:0m:37s (0h:0m:11s left)
Iteration 90 / LogL: -4650.962 / Time: 0h:0m:37s (0h:0m:5s left)
Iteration 100 / LogL: -4654.714 / Time: 0h:0m:37s (0h:0m:1s left)
TREE SEARCH COMPLETED AFTER 105 ITERATIONS / Time: 0h:0m:37s

--------------------------------------------------------------------
|                    FINALIZING TREE SEARCH                        |
--------------------------------------------------------------------
Performs final model parameters optimization
Estimate model parameters (epsilon = 0.010)
1. Initial log-likelihood: -4650.960
Optimal log-likelihood: -4650.951
Rate parameters:  A-C: 1.02476  A-G: 2.10213  A-T: 0.97170  C-G: 0.84908  C-T: 1.92939  G-T: 1.00000
Base frequencies:  A: 0.279  C: 0.193  G: 0.206  T: 0.323
Gamma shape alpha: 0.194
Parameters optimization took 1 rounds (0.003 sec)
BEST SCORE FOUND : -4650.951

Testing tree branches by aBayes parametric test...
0.003 sec.
Total tree length: 1.086

Total number of iterations: 105
CPU time used for tree search: 1.476 sec (0h:0m:1s)
Wall-clock time used for tree search: 1.510 sec (0h:0m:1s)
Total CPU time used: 41.873 sec (0h:0m:41s)
Total wall-clock time used: 37.502 sec (0h:0m:37s)

Analysis results written to: 
  IQ-TREE report:                /home/mis/CSE6406-project/work/paper_subset_50x10_L800/ils_low/replicate_05/estimated_gene_trees/L800/gtr_g4/locus_0048.iqtree
  Maximum-likelihood tree:       /home/mis/CSE6406-project/work/paper_subset_50x10_L800/ils_low/replicate_05/estimated_gene_trees/L800/gtr_g4/locus_0048.treefile
  Likelihood distances:          /home/mis/CSE6406-project/work/paper_subset_50x10_L800/ils_low/replicate_05/estimated_gene_trees/L800/gtr_g4/locus_0048.mldist
  Screen log file:               /home/mis/CSE6406-project/work/paper_subset_50x10_L800/ils_low/replicate_05/estimated_gene_trees/L800/gtr_g4/locus_0048.log

Date and Time: Fri Sep 11 11:57:50 2026
