IQ-TREE multicore version 2.4.0 for Linux x86 64-bit built Feb 12 2025
Developed by Bui Quang Minh, Nguyen Lam Tung, Olga Chernomor, Heiko Schmidt,
Dominik Schrempf, Michael Woodhams, Ly Trong Nhan, Thomas Wong

Host:    ezmata (AVX2, FMA3, 15 GB RAM)
Command: /home/mis/miniconda3/envs/cse6406/bin/iqtree2 -s /home/mis/CSE6406-project/work/paper_subset_50x10_L800/ils_high/replicate_05/alignments/L800/locus_0023.phy -m HKY --abayes -T 1 --seed 6906024 --prefix /home/mis/CSE6406-project/work/paper_subset_50x10_L800/ils_high/replicate_05/estimated_gene_trees/L800/hky/locus_0023 --redo --quiet
Seed:    6906024 (Using SPRNG - Scalable Parallel Random Number Generator)
Time:    Sat Sep 12 19:59:03 2026
Kernel:  AVX+FMA - 1 threads (16 CPU cores detected)

HINT: Use -nt option to specify number of threads because your CPU has 16 cores!
HINT: -nt AUTO will automatically determine the best number of threads to use.

Reading alignment file /home/mis/CSE6406-project/work/paper_subset_50x10_L800/ils_high/replicate_05/alignments/L800/locus_0023.phy ... Phylip format detected
Alignment most likely contains DNA/RNA sequences
Alignment has 21 sequences with 800 columns, 262 distinct patterns
200 parsimony-informative, 81 singleton sites, 519 constant sites
        Gap/Ambiguity  Composition  p-value
Analyzing sequences: done in 2.8354e-05 secs using 91.7% CPU
   1  13_0_0    0.00%    passed     88.57%
   2  4_0_0     0.00%    passed     82.51%
   3  1_0_0     0.00%    passed     91.70%
   4  3_0_0     0.00%    passed     98.04%
   5  11_0_0    0.00%    passed     98.76%
   6  9_0_0     0.00%    passed     98.02%
   7  12_0_0    0.00%    passed     55.13%
   8  0_0_0     0.00%    passed     79.48%
   9  2_0_0     0.00%    passed     97.95%
  10  16_0_0    0.00%    passed     98.96%
  11  18_0_0    0.00%    passed     99.52%
  12  17_0_0    0.00%    passed     58.10%
  13  14_0_0    0.00%    passed     82.51%
  14  19_0_0    0.00%    passed     88.94%
  15  20_0_0    0.00%    passed     93.81%
  16  15_0_0    0.00%    passed     99.71%
  17  10_0_0    0.00%    passed     95.22%
  18  5_0_0     0.00%    passed     88.56%
  19  6_0_0     0.00%    passed     90.92%
  20  7_0_0     0.00%    passed     88.74%
  21  8_0_0     0.00%    passed     98.20%
****  TOTAL     0.00%  0 sequences failed composition chi2 test (p-value<5%; df=3)

Create initial parsimony tree by phylogenetic likelihood library (PLL)... 0.001 seconds

NOTE: 0 MB RAM (0 GB) is required!
Estimate model parameters (epsilon = 0.100)
1. Initial log-likelihood: -5808.263
2. Current log-likelihood: -5758.378
Optimal log-likelihood: -5758.329
Rate parameters:  A-C: 1.00000  A-G: 1.87585  A-T: 1.00000  C-G: 1.00000  C-T: 1.87585  G-T: 1.00000
Base frequencies:  A: 0.283  C: 0.205  G: 0.201  T: 0.310
Parameters optimization took 2 rounds (0.008 sec)
Wrote distance file to... 
Computing ML distances based on estimated model parameters...
Calculating distance matrix: done in 0.00152266 secs using 93.46% CPU
Computing ML distances took 0.001596 sec (of wall-clock time) 0.001495 sec (of CPU time)
Setting up auxiliary I and S matrices: done in 7.279e-05 secs using 98.91% CPU
Computing RapidNJ tree took 0.000283 sec (of wall-clock time) 0.000282 sec (of CPU time)
Log-likelihood of RapidNJ tree: -5770.861
--------------------------------------------------------------------
|             INITIALIZING CANDIDATE TREE SET                      |
--------------------------------------------------------------------
Generating 98 parsimony trees... 0.199 second
Computing log-likelihood of 98 initial trees ... 0.141 seconds
Current best score: -5758.329

Do NNI search on 20 best initial trees
Estimate model parameters (epsilon = 0.100)
BETTER TREE FOUND at iteration 1: -5758.091
Iteration 10 / LogL: -5758.091 / Time: 0h:0m:0s
Iteration 20 / LogL: -5758.091 / Time: 0h:0m:0s
Finish initializing candidate tree set (3)
Current best tree score: -5758.091 / CPU time: 0.532
Number of iterations: 20
--------------------------------------------------------------------
|               OPTIMIZING CANDIDATE TREE SET                      |
--------------------------------------------------------------------
Iteration 30 / LogL: -5758.107 / Time: 0h:0m:0s (0h:0m:1s left)
Iteration 40 / LogL: -5758.091 / Time: 0h:0m:0s (0h:0m:1s left)
Iteration 50 / LogL: -5758.092 / Time: 0h:0m:0s (0h:0m:0s left)
Iteration 60 / LogL: -5758.103 / Time: 0h:0m:0s (0h:0m:0s left)
Iteration 70 / LogL: -5758.107 / Time: 0h:0m:1s (0h:0m:0s left)
Iteration 80 / LogL: -5758.095 / Time: 0h:0m:1s (0h:0m:0s left)
Iteration 90 / LogL: -5758.099 / Time: 0h:0m:1s (0h:0m:0s left)
Iteration 100 / LogL: -5758.091 / Time: 0h:0m:1s (0h:0m:0s left)
TREE SEARCH COMPLETED AFTER 102 ITERATIONS / Time: 0h:0m:1s

--------------------------------------------------------------------
|                    FINALIZING TREE SEARCH                        |
--------------------------------------------------------------------
Performs final model parameters optimization
Estimate model parameters (epsilon = 0.010)
1. Initial log-likelihood: -5758.091
Optimal log-likelihood: -5758.091
Rate parameters:  A-C: 1.00000  A-G: 1.87067  A-T: 1.00000  C-G: 1.00000  C-T: 1.87067  G-T: 1.00000
Base frequencies:  A: 0.283  C: 0.205  G: 0.201  T: 0.310
Parameters optimization took 1 rounds (0.002 sec)
BEST SCORE FOUND : -5758.091

Testing tree branches by aBayes parametric test...
0.002 sec.
Total tree length: 1.165

Total number of iterations: 102
CPU time used for tree search: 1.316 sec (0h:0m:1s)
Wall-clock time used for tree search: 1.373 sec (0h:0m:1s)
Total CPU time used: 1.346 sec (0h:0m:1s)
Total wall-clock time used: 1.405 sec (0h:0m:1s)

Analysis results written to: 
  IQ-TREE report:                /home/mis/CSE6406-project/work/paper_subset_50x10_L800/ils_high/replicate_05/estimated_gene_trees/L800/hky/locus_0023.iqtree
  Maximum-likelihood tree:       /home/mis/CSE6406-project/work/paper_subset_50x10_L800/ils_high/replicate_05/estimated_gene_trees/L800/hky/locus_0023.treefile
  Likelihood distances:          /home/mis/CSE6406-project/work/paper_subset_50x10_L800/ils_high/replicate_05/estimated_gene_trees/L800/hky/locus_0023.mldist
  Screen log file:               /home/mis/CSE6406-project/work/paper_subset_50x10_L800/ils_high/replicate_05/estimated_gene_trees/L800/hky/locus_0023.log

Date and Time: Sat Sep 12 19:59:05 2026
