IQ-TREE multicore version 2.4.0 for Linux x86 64-bit built Feb 12 2025
Developed by Bui Quang Minh, Nguyen Lam Tung, Olga Chernomor, Heiko Schmidt,
Dominik Schrempf, Michael Woodhams, Ly Trong Nhan, Thomas Wong

Host:    ezmata (AVX2, FMA3, 15 GB RAM)
Command: /home/mis/miniconda3/envs/cse6406/bin/iqtree2 -s /home/mis/CSE6406-project/work/paper_subset_50x10_L800/ils_high/replicate_05/alignments/L800/locus_0031.phy -m HKY --abayes -T 1 --seed 6906032 --prefix /home/mis/CSE6406-project/work/paper_subset_50x10_L800/ils_high/replicate_05/estimated_gene_trees/L800/hky/locus_0031 --redo --quiet
Seed:    6906032 (Using SPRNG - Scalable Parallel Random Number Generator)
Time:    Sat Sep 12 19:59:05 2026
Kernel:  AVX+FMA - 1 threads (16 CPU cores detected)

HINT: Use -nt option to specify number of threads because your CPU has 16 cores!
HINT: -nt AUTO will automatically determine the best number of threads to use.

Reading alignment file /home/mis/CSE6406-project/work/paper_subset_50x10_L800/ils_high/replicate_05/alignments/L800/locus_0031.phy ... Phylip format detected
Alignment most likely contains DNA/RNA sequences
Alignment has 21 sequences with 800 columns, 249 distinct patterns
173 parsimony-informative, 82 singleton sites, 545 constant sites
        Gap/Ambiguity  Composition  p-value
Analyzing sequences: done in 1.188e-05 secs
   1  6_0_0     0.00%    passed     74.92%
   2  11_0_0    0.00%    passed     96.21%
   3  9_0_0     0.00%    passed     95.78%
   4  12_0_0    0.00%    passed     99.22%
   5  10_0_0    0.00%    passed     95.30%
   6  8_0_0     0.00%    passed     99.57%
   7  7_0_0     0.00%    passed     99.97%
   8  14_0_0    0.00%    passed     99.54%
   9  15_0_0    0.00%    passed     85.39%
  10  20_0_0    0.00%    passed     96.07%
  11  5_0_0     0.00%    passed     99.85%
  12  17_0_0    0.00%    passed     92.07%
  13  19_0_0    0.00%    passed     89.06%
  14  16_0_0    0.00%    passed     99.78%
  15  13_0_0    0.00%    passed     99.19%
  16  18_0_0    0.00%    passed     91.20%
  17  2_0_0     0.00%    passed     82.81%
  18  1_0_0     0.00%    passed     91.33%
  19  3_0_0     0.00%    passed     99.42%
  20  4_0_0     0.00%    passed     90.75%
  21  0_0_0     0.00%    passed     99.83%
****  TOTAL     0.00%  0 sequences failed composition chi2 test (p-value<5%; df=3)

Create initial parsimony tree by phylogenetic likelihood library (PLL)... 0.001 seconds

NOTE: 0 MB RAM (0 GB) is required!
Estimate model parameters (epsilon = 0.100)
1. Initial log-likelihood: -5416.098
2. Current log-likelihood: -5392.569
Optimal log-likelihood: -5392.552
Rate parameters:  A-C: 1.00000  A-G: 1.50521  A-T: 1.00000  C-G: 1.00000  C-T: 1.50521  G-T: 1.00000
Base frequencies:  A: 0.284  C: 0.201  G: 0.210  T: 0.306
Parameters optimization took 2 rounds (0.003 sec)
Wrote distance file to... 
Computing ML distances based on estimated model parameters...
Calculating distance matrix: done in 0.000859464 secs using 99.95% CPU
Computing ML distances took 0.000898 sec (of wall-clock time) 0.000900 sec (of CPU time)
Setting up auxiliary I and S matrices: done in 6.6836e-05 secs using 98.75% CPU
Computing RapidNJ tree took 0.000261 sec (of wall-clock time) 0.000485 sec (of CPU time)
Log-likelihood of RapidNJ tree: -5434.672
--------------------------------------------------------------------
|             INITIALIZING CANDIDATE TREE SET                      |
--------------------------------------------------------------------
Generating 98 parsimony trees... 0.113 second
Computing log-likelihood of 98 initial trees ... 0.072 seconds
Current best score: -5391.707

Do NNI search on 20 best initial trees
Estimate model parameters (epsilon = 0.100)
BETTER TREE FOUND at iteration 1: -5391.669
Estimate model parameters (epsilon = 0.100)
BETTER TREE FOUND at iteration 4: -5388.246
Iteration 10 / LogL: -5391.684 / Time: 0h:0m:0s
Iteration 20 / LogL: -5391.691 / Time: 0h:0m:0s
Finish initializing candidate tree set (3)
Current best tree score: -5388.246 / CPU time: 0.323
Number of iterations: 20
--------------------------------------------------------------------
|               OPTIMIZING CANDIDATE TREE SET                      |
--------------------------------------------------------------------
Iteration 30 / LogL: -5388.246 / Time: 0h:0m:0s (0h:0m:1s left)
Iteration 40 / LogL: -5388.246 / Time: 0h:0m:0s (0h:0m:0s left)
Iteration 50 / LogL: -5388.246 / Time: 0h:0m:0s (0h:0m:0s left)
Iteration 60 / LogL: -5388.246 / Time: 0h:0m:0s (0h:0m:0s left)
Iteration 70 / LogL: -5388.247 / Time: 0h:0m:0s (0h:0m:0s left)
Iteration 80 / LogL: -5388.247 / Time: 0h:0m:0s (0h:0m:0s left)
Iteration 90 / LogL: -5388.246 / Time: 0h:0m:1s (0h:0m:0s left)
Iteration 100 / LogL: -5388.248 / Time: 0h:0m:1s (0h:0m:0s left)
TREE SEARCH COMPLETED AFTER 105 ITERATIONS / Time: 0h:0m:1s

--------------------------------------------------------------------
|                    FINALIZING TREE SEARCH                        |
--------------------------------------------------------------------
Performs final model parameters optimization
Estimate model parameters (epsilon = 0.010)
1. Initial log-likelihood: -5388.246
Optimal log-likelihood: -5388.246
Rate parameters:  A-C: 1.00000  A-G: 1.52384  A-T: 1.00000  C-G: 1.00000  C-T: 1.52384  G-T: 1.00000
Base frequencies:  A: 0.284  C: 0.201  G: 0.210  T: 0.306
Parameters optimization took 1 rounds (0.001 sec)
BEST SCORE FOUND : -5388.246

Testing tree branches by aBayes parametric test...
0.002 sec.
Total tree length: 1.032

Total number of iterations: 105
CPU time used for tree search: 1.132 sec (0h:0m:1s)
Wall-clock time used for tree search: 1.185 sec (0h:0m:1s)
Total CPU time used: 1.152 sec (0h:0m:1s)
Total wall-clock time used: 1.205 sec (0h:0m:1s)

Analysis results written to: 
  IQ-TREE report:                /home/mis/CSE6406-project/work/paper_subset_50x10_L800/ils_high/replicate_05/estimated_gene_trees/L800/hky/locus_0031.iqtree
  Maximum-likelihood tree:       /home/mis/CSE6406-project/work/paper_subset_50x10_L800/ils_high/replicate_05/estimated_gene_trees/L800/hky/locus_0031.treefile
  Likelihood distances:          /home/mis/CSE6406-project/work/paper_subset_50x10_L800/ils_high/replicate_05/estimated_gene_trees/L800/hky/locus_0031.mldist
  Screen log file:               /home/mis/CSE6406-project/work/paper_subset_50x10_L800/ils_high/replicate_05/estimated_gene_trees/L800/hky/locus_0031.log

Date and Time: Sat Sep 12 19:59:06 2026
