IQ-TREE multicore version 2.4.0 for Linux x86 64-bit built Feb 12 2025
Developed by Bui Quang Minh, Nguyen Lam Tung, Olga Chernomor, Heiko Schmidt,
Dominik Schrempf, Michael Woodhams, Ly Trong Nhan, Thomas Wong

Host:    ezmata (AVX2, FMA3, 15 GB RAM)
Command: /home/mis/miniconda3/envs/cse6406/bin/iqtree2 -s /home/mis/CSE6406-project/work/paper_subset_50x10_L800/ils_low/replicate_10/alignments/L800/locus_0050.phy -m JC --abayes -T AUTO --seed 7406051 --prefix /home/mis/CSE6406-project/work/paper_subset_50x10_L800/ils_low/replicate_10/estimated_gene_trees/L800/jc/locus_0050 --redo --quiet
Seed:    7406051 (Using SPRNG - Scalable Parallel Random Number Generator)
Time:    Sat Sep 12 16:28:36 2026
Kernel:  AVX+FMA - auto-detect threads (16 CPU cores detected)

Reading alignment file /home/mis/CSE6406-project/work/paper_subset_50x10_L800/ils_low/replicate_10/alignments/L800/locus_0050.phy ... Phylip format detected
Alignment most likely contains DNA/RNA sequences
Alignment has 21 sequences with 800 columns, 212 distinct patterns
155 parsimony-informative, 71 singleton sites, 574 constant sites
        Gap/Ambiguity  Composition  p-value
Analyzing sequences: done in 0.000105297 secs using 94.02% CPU
   1  0_0_0     0.00%    passed     73.20%
   2  20_0_0    0.00%    passed     97.85%
   3  19_0_0    0.00%    passed     98.71%
   4  5_0_0     0.00%    passed     95.91%
   5  12_0_0    0.00%    passed     97.42%
   6  6_0_0     0.00%    passed     94.34%
   7  17_0_0    0.00%    passed     94.14%
   8  4_0_0     0.00%    passed     92.88%
   9  9_0_0     0.00%    passed     98.45%
  10  13_0_0    0.00%    passed     96.31%
  11  3_0_0     0.00%    passed     99.79%
  12  7_0_0     0.00%    passed     92.75%
  13  15_0_0    0.00%    passed     90.69%
  14  8_0_0     0.00%    passed     96.60%
  15  18_0_0    0.00%    passed     99.77%
  16  14_0_0    0.00%    passed     92.49%
  17  11_0_0    0.00%    passed     99.89%
  18  1_0_0     0.00%    passed     91.07%
  19  16_0_0    0.00%    passed     94.14%
  20  2_0_0     0.00%    passed     94.14%
  21  10_0_0    0.00%    passed     97.72%
****  TOTAL     0.00%  0 sequences failed composition chi2 test (p-value<5%; df=3)

Create initial parsimony tree by phylogenetic likelihood library (PLL)... 0.001 seconds

NOTE: 0 MB RAM (0 GB) is required!
Measuring multi-threading efficiency up to 16 CPU cores
Increase to 10 rounds for branch lengths
10894 trees examined
Threads: 1 / Time: 16.000 sec / Speedup: 1.000 / Efficiency: 100% / LogL: -5179
Threads: 2 / Time: 33.735 sec / Speedup: 0.474 / Efficiency: 24% / LogL: -5179
BEST NUMBER OF THREADS: 1

Estimate model parameters (epsilon = 0.100)
1. Initial log-likelihood: -4071.574
Optimal log-likelihood: -4066.669
Rate parameters:  A-C: 1.00000  A-G: 1.00000  A-T: 1.00000  C-G: 1.00000  C-T: 1.00000  G-T: 1.00000
Base frequencies:  A: 0.250  C: 0.250  G: 0.250  T: 0.250
Parameters optimization took 1 rounds (0.001 sec)
Wrote distance file to... 
Computing ML distances based on estimated model parameters...
Calculating distance matrix: done in 0.000418882 secs using 84.51% CPU
Computing ML distances took 0.000439 sec (of wall-clock time) 0.000372 sec (of CPU time)
Setting up auxiliary I and S matrices: done in 2.5331e-05 secs using 98.69% CPU
Computing RapidNJ tree took 0.000096 sec (of wall-clock time) 0.000346 sec (of CPU time)
Log-likelihood of RapidNJ tree: -4081.273
--------------------------------------------------------------------
|             INITIALIZING CANDIDATE TREE SET                      |
--------------------------------------------------------------------
Generating 98 parsimony trees... 0.066 second
Computing log-likelihood of 98 initial trees ... 0.038 seconds
Current best score: -4066.669

Do NNI search on 20 best initial trees
Estimate model parameters (epsilon = 0.100)
BETTER TREE FOUND at iteration 1: -4066.669
Iteration 10 / LogL: -4066.699 / Time: 0h:0m:49s
Iteration 20 / LogL: -4066.670 / Time: 0h:0m:49s
Finish initializing candidate tree set (1)
Current best tree score: -4066.669 / CPU time: 0.181
Number of iterations: 20
--------------------------------------------------------------------
|               OPTIMIZING CANDIDATE TREE SET                      |
--------------------------------------------------------------------
Iteration 30 / LogL: -4066.674 / Time: 0h:0m:49s (0h:2m:2s left)
Iteration 40 / LogL: -4066.709 / Time: 0h:0m:50s (0h:1m:18s left)
Iteration 50 / LogL: -4066.688 / Time: 0h:0m:50s (0h:0m:52s left)
Iteration 60 / LogL: -4066.669 / Time: 0h:0m:50s (0h:0m:34s left)
Iteration 70 / LogL: -4066.680 / Time: 0h:0m:50s (0h:0m:22s left)
Iteration 80 / LogL: -4066.669 / Time: 0h:0m:50s (0h:0m:13s left)
Iteration 90 / LogL: -4066.669 / Time: 0h:0m:50s (0h:0m:6s left)
Iteration 100 / LogL: -4068.166 / Time: 0h:0m:50s (0h:0m:0s left)
TREE SEARCH COMPLETED AFTER 102 ITERATIONS / Time: 0h:0m:50s

--------------------------------------------------------------------
|                    FINALIZING TREE SEARCH                        |
--------------------------------------------------------------------
Performs final model parameters optimization
Estimate model parameters (epsilon = 0.010)
1. Initial log-likelihood: -4066.669
Optimal log-likelihood: -4066.669
Rate parameters:  A-C: 1.00000  A-G: 1.00000  A-T: 1.00000  C-G: 1.00000  C-T: 1.00000  G-T: 1.00000
Base frequencies:  A: 0.250  C: 0.250  G: 0.250  T: 0.250
Parameters optimization took 1 rounds (0.001 sec)
BEST SCORE FOUND : -4066.669

Testing tree branches by aBayes parametric test...
0.001 sec.
Total tree length: 0.657

Total number of iterations: 102
CPU time used for tree search: 0.589 sec (0h:0m:0s)
Wall-clock time used for tree search: 0.628 sec (0h:0m:0s)
Total CPU time used: 45.506 sec (0h:0m:45s)
Total wall-clock time used: 50.376 sec (0h:0m:50s)

Analysis results written to: 
  IQ-TREE report:                /home/mis/CSE6406-project/work/paper_subset_50x10_L800/ils_low/replicate_10/estimated_gene_trees/L800/jc/locus_0050.iqtree
  Maximum-likelihood tree:       /home/mis/CSE6406-project/work/paper_subset_50x10_L800/ils_low/replicate_10/estimated_gene_trees/L800/jc/locus_0050.treefile
  Likelihood distances:          /home/mis/CSE6406-project/work/paper_subset_50x10_L800/ils_low/replicate_10/estimated_gene_trees/L800/jc/locus_0050.mldist
  Screen log file:               /home/mis/CSE6406-project/work/paper_subset_50x10_L800/ils_low/replicate_10/estimated_gene_trees/L800/jc/locus_0050.log

Date and Time: Sat Sep 12 16:29:26 2026
