IQ-TREE multicore version 2.4.0 for Linux x86 64-bit built Feb 12 2025
Developed by Bui Quang Minh, Nguyen Lam Tung, Olga Chernomor, Heiko Schmidt,
Dominik Schrempf, Michael Woodhams, Ly Trong Nhan, Thomas Wong

Host:    ezmata (AVX2, FMA3, 15 GB RAM)
Command: /home/mis/miniconda3/envs/cse6406/bin/iqtree2 -s /home/mis/CSE6406-project/work/paper_subset_50x10_L200/ils_low/replicate_10/alignments/L200/locus_0050.phy -m GTR --abayes -T 1 --seed 7406051 --prefix /home/mis/CSE6406-project/work/paper_subset_50x10_L200/ils_low/replicate_10/estimated_gene_trees/L200/gtr/locus_0050 --redo --quiet
Seed:    7406051 (Using SPRNG - Scalable Parallel Random Number Generator)
Time:    Sat Sep 12 21:38:43 2026
Kernel:  AVX+FMA - 1 threads (16 CPU cores detected)

HINT: Use -nt option to specify number of threads because your CPU has 16 cores!
HINT: -nt AUTO will automatically determine the best number of threads to use.

Reading alignment file /home/mis/CSE6406-project/work/paper_subset_50x10_L200/ils_low/replicate_10/alignments/L200/locus_0050.phy ... Phylip format detected
Alignment most likely contains DNA/RNA sequences
Alignment has 21 sequences with 200 columns, 69 distinct patterns
45 parsimony-informative, 21 singleton sites, 134 constant sites
        Gap/Ambiguity  Composition  p-value
Analyzing sequences: done in 1.4408e-05 secs using 90.23% CPU
   1  0_0_0     0.00%    passed     90.44%
   2  20_0_0    0.00%    passed     90.76%
   3  19_0_0    0.00%    passed     93.20%
   4  5_0_0     0.00%    passed     92.76%
   5  12_0_0    0.00%    passed     98.39%
   6  6_0_0     0.00%    passed     92.76%
   7  17_0_0    0.00%    passed     99.75%
   8  4_0_0     0.00%    passed     99.22%
   9  9_0_0     0.00%    passed     96.71%
  10  13_0_0    0.00%    passed     93.45%
  11  3_0_0     0.00%    passed     92.85%
  12  7_0_0     0.00%    passed     92.85%
  13  15_0_0    0.00%    passed     93.54%
  14  8_0_0     0.00%    passed     94.33%
  15  18_0_0    0.00%    passed     97.16%
  16  14_0_0    0.00%    passed     98.10%
  17  11_0_0    0.00%    passed     95.50%
  18  1_0_0     0.00%    passed     93.19%
  19  16_0_0    0.00%    passed     96.08%
  20  2_0_0     0.00%    passed     99.51%
  21  10_0_0    0.00%    passed     85.04%
****  TOTAL     0.00%  0 sequences failed composition chi2 test (p-value<5%; df=3)

Create initial parsimony tree by phylogenetic likelihood library (PLL)... 0.001 seconds

NOTE: 0 MB RAM (0 GB) is required!
Estimate model parameters (epsilon = 0.100)
1. Initial log-likelihood: -1157.511
2. Current log-likelihood: -1149.536
Optimal log-likelihood: -1149.510
Rate parameters:  A-C: 0.44708  A-G: 0.84023  A-T: 0.83009  C-G: 0.62470  C-T: 1.21993  G-T: 1.00000
Base frequencies:  A: 0.294  C: 0.229  G: 0.223  T: 0.254
Parameters optimization took 2 rounds (0.006 sec)
Wrote distance file to... 
Computing ML distances based on estimated model parameters...
Calculating distance matrix: done in 0.00119909 secs using 89.57% CPU
Computing ML distances took 0.001234 sec (of wall-clock time) 0.001109 sec (of CPU time)
Setting up auxiliary I and S matrices: done in 6.4579e-05 secs using 227.6% CPU
Computing RapidNJ tree took 0.000232 sec (of wall-clock time) 0.000313 sec (of CPU time)
Log-likelihood of RapidNJ tree: -1148.815
--------------------------------------------------------------------
|             INITIALIZING CANDIDATE TREE SET                      |
--------------------------------------------------------------------
Generating 98 parsimony trees... 0.059 second
Computing log-likelihood of 98 initial trees ... 0.037 seconds
Current best score: -1144.614

Do NNI search on 20 best initial trees
Estimate model parameters (epsilon = 0.100)
BETTER TREE FOUND at iteration 1: -1144.417
BETTER TREE FOUND at iteration 4: -1144.417
UPDATE BEST LOG-LIKELIHOOD: -1144.417
Iteration 10 / LogL: -1145.166 / Time: 0h:0m:0s
Iteration 20 / LogL: -1145.172 / Time: 0h:0m:0s
Finish initializing candidate tree set (9)
Current best tree score: -1144.417 / CPU time: 0.148
Number of iterations: 20
--------------------------------------------------------------------
|               OPTIMIZING CANDIDATE TREE SET                      |
--------------------------------------------------------------------
Iteration 30 / LogL: -1144.460 / Time: 0h:0m:0s (0h:0m:0s left)
Iteration 40 / LogL: -1144.417 / Time: 0h:0m:0s (0h:0m:0s left)
Iteration 50 / LogL: -1144.417 / Time: 0h:0m:0s (0h:0m:0s left)
Iteration 60 / LogL: -1144.460 / Time: 0h:0m:0s (0h:0m:0s left)
Iteration 70 / LogL: -1144.417 / Time: 0h:0m:0s (0h:0m:0s left)
Iteration 80 / LogL: -1144.460 / Time: 0h:0m:0s (0h:0m:0s left)
UPDATE BEST LOG-LIKELIHOOD: -1144.417
Iteration 90 / LogL: -1144.460 / Time: 0h:0m:0s (0h:0m:0s left)
Iteration 100 / LogL: -1172.726 / Time: 0h:0m:0s (0h:0m:0s left)
UPDATE BEST LOG-LIKELIHOOD: -1144.417
TREE SEARCH COMPLETED AFTER 105 ITERATIONS / Time: 0h:0m:1s

--------------------------------------------------------------------
|                    FINALIZING TREE SEARCH                        |
--------------------------------------------------------------------
Performs final model parameters optimization
Estimate model parameters (epsilon = 0.010)
1. Initial log-likelihood: -1144.417
Optimal log-likelihood: -1144.417
Rate parameters:  A-C: 0.41060  A-G: 0.92282  A-T: 0.84161  C-G: 0.62862  C-T: 1.30672  G-T: 1.00000
Base frequencies:  A: 0.294  C: 0.229  G: 0.223  T: 0.254
Parameters optimization took 1 rounds (0.001 sec)
BEST SCORE FOUND : -1144.417

Testing tree branches by aBayes parametric test...
0.002 sec.
Total tree length: 0.838

Total number of iterations: 105
CPU time used for tree search: 0.926 sec (0h:0m:0s)
Wall-clock time used for tree search: 1.016 sec (0h:0m:1s)
Total CPU time used: 0.950 sec (0h:0m:0s)
Total wall-clock time used: 1.040 sec (0h:0m:1s)

Analysis results written to: 
  IQ-TREE report:                /home/mis/CSE6406-project/work/paper_subset_50x10_L200/ils_low/replicate_10/estimated_gene_trees/L200/gtr/locus_0050.iqtree
  Maximum-likelihood tree:       /home/mis/CSE6406-project/work/paper_subset_50x10_L200/ils_low/replicate_10/estimated_gene_trees/L200/gtr/locus_0050.treefile
  Likelihood distances:          /home/mis/CSE6406-project/work/paper_subset_50x10_L200/ils_low/replicate_10/estimated_gene_trees/L200/gtr/locus_0050.mldist
  Screen log file:               /home/mis/CSE6406-project/work/paper_subset_50x10_L200/ils_low/replicate_10/estimated_gene_trees/L200/gtr/locus_0050.log

Date and Time: Sat Sep 12 21:38:44 2026
