IQ-TREE multicore version 2.4.0 for Linux x86 64-bit built Feb 12 2025
Developed by Bui Quang Minh, Nguyen Lam Tung, Olga Chernomor, Heiko Schmidt,
Dominik Schrempf, Michael Woodhams, Ly Trong Nhan, Thomas Wong

Host:    ezmata (AVX2, FMA3, 15 GB RAM)
Command: /home/mis/miniconda3/envs/cse6406/bin/iqtree2 -s /home/mis/CSE6406-project/work/paper_subset_50x10_L200/ils_low/replicate_10/alignments/L200/locus_0022.phy -m GTR --abayes -T 1 --seed 7406023 --prefix /home/mis/CSE6406-project/work/paper_subset_50x10_L200/ils_low/replicate_10/estimated_gene_trees/L200/gtr/locus_0022 --redo --quiet
Seed:    7406023 (Using SPRNG - Scalable Parallel Random Number Generator)
Time:    Sat Sep 12 21:38:40 2026
Kernel:  AVX+FMA - 1 threads (16 CPU cores detected)

HINT: Use -nt option to specify number of threads because your CPU has 16 cores!
HINT: -nt AUTO will automatically determine the best number of threads to use.

Reading alignment file /home/mis/CSE6406-project/work/paper_subset_50x10_L200/ils_low/replicate_10/alignments/L200/locus_0022.phy ... Phylip format detected
Alignment most likely contains DNA/RNA sequences
Alignment has 21 sequences with 200 columns, 62 distinct patterns
45 parsimony-informative, 14 singleton sites, 141 constant sites
        Gap/Ambiguity  Composition  p-value
Analyzing sequences: done in 1.194e-05 secs using 16.75% CPU
   1  5_0_0     0.00%    passed     95.96%
   2  12_0_0    0.00%    passed     97.19%
   3  6_0_0     0.00%    passed     98.87%
   4  9_0_0     0.00%    passed     94.38%
   5  4_0_0     0.00%    passed     90.27%
   6  17_0_0    0.00%    passed     98.47%
   7  13_0_0    0.00%    passed     99.23%
   8  16_0_0    0.00%    passed     97.65%
   9  1_0_0     0.00%    passed     99.04%
  10  3_0_0     0.00%    passed     92.96%
  11  7_0_0     0.00%    passed     94.32%
  12  11_0_0    0.00%    passed     96.87%
  13  14_0_0    0.00%    passed     96.97%
  14  18_0_0    0.00%    passed     99.43%
  15  15_0_0    0.00%    passed     89.49%
  16  8_0_0     0.00%    passed     99.21%
  17  10_0_0    0.00%    passed     83.82%
  18  2_0_0     0.00%    passed     98.35%
  19  19_0_0    0.00%    passed     95.48%
  20  20_0_0    0.00%    passed     98.21%
  21  0_0_0     0.00%    passed     93.21%
****  TOTAL     0.00%  0 sequences failed composition chi2 test (p-value<5%; df=3)

Create initial parsimony tree by phylogenetic likelihood library (PLL)... 0.000 seconds

NOTE: 0 MB RAM (0 GB) is required!
Estimate model parameters (epsilon = 0.100)
1. Initial log-likelihood: -1053.967
2. Current log-likelihood: -1041.419
Optimal log-likelihood: -1041.337
Rate parameters:  A-C: 2.83713  A-G: 2.82247  A-T: 1.41446  C-G: 1.08255  C-T: 2.45367  G-T: 1.00000
Base frequencies:  A: 0.232  C: 0.172  G: 0.224  T: 0.373
Parameters optimization took 2 rounds (0.003 sec)
Wrote distance file to... 
Computing ML distances based on estimated model parameters...
Calculating distance matrix: done in 0.000661371 secs using 99.94% CPU
Computing ML distances took 0.000682 sec (of wall-clock time) 0.000684 sec (of CPU time)
Setting up auxiliary I and S matrices: done in 5.8929e-05 secs using 76.36% CPU
Computing RapidNJ tree took 0.000225 sec (of wall-clock time) 0.000174 sec (of CPU time)
Log-likelihood of RapidNJ tree: -1041.338
--------------------------------------------------------------------
|             INITIALIZING CANDIDATE TREE SET                      |
--------------------------------------------------------------------
Generating 98 parsimony trees... 0.060 second
Computing log-likelihood of 98 initial trees ... 0.036 seconds
Current best score: -1041.337

Do NNI search on 20 best initial trees
Estimate model parameters (epsilon = 0.100)
BETTER TREE FOUND at iteration 1: -1041.337
BETTER TREE FOUND at iteration 3: -1041.336
UPDATE BEST LOG-LIKELIHOOD: -1041.336
UPDATE BEST LOG-LIKELIHOOD: -1041.336
Iteration 10 / LogL: -1041.336 / Time: 0h:0m:0s
UPDATE BEST LOG-LIKELIHOOD: -1041.336
UPDATE BEST LOG-LIKELIHOOD: -1041.336
Iteration 20 / LogL: -1041.337 / Time: 0h:0m:0s
Finish initializing candidate tree set (5)
Current best tree score: -1041.336 / CPU time: 0.149
Number of iterations: 20
--------------------------------------------------------------------
|               OPTIMIZING CANDIDATE TREE SET                      |
--------------------------------------------------------------------
Iteration 30 / LogL: -1042.905 / Time: 0h:0m:0s (0h:0m:0s left)
Iteration 40 / LogL: -1041.336 / Time: 0h:0m:0s (0h:0m:0s left)
Iteration 50 / LogL: -1041.336 / Time: 0h:0m:0s (0h:0m:0s left)
Iteration 60 / LogL: -1041.337 / Time: 0h:0m:0s (0h:0m:0s left)
Iteration 70 / LogL: -1041.338 / Time: 0h:0m:0s (0h:0m:0s left)
Iteration 80 / LogL: -1041.337 / Time: 0h:0m:0s (0h:0m:0s left)
Iteration 90 / LogL: -1041.337 / Time: 0h:0m:0s (0h:0m:0s left)
Iteration 100 / LogL: -1041.340 / Time: 0h:0m:0s (0h:0m:0s left)
TREE SEARCH COMPLETED AFTER 104 ITERATIONS / Time: 0h:0m:0s

--------------------------------------------------------------------
|                    FINALIZING TREE SEARCH                        |
--------------------------------------------------------------------
Performs final model parameters optimization
Estimate model parameters (epsilon = 0.010)
1. Initial log-likelihood: -1041.336
Optimal log-likelihood: -1041.336
Rate parameters:  A-C: 2.84469  A-G: 2.82242  A-T: 1.41408  C-G: 1.08022  C-T: 2.44940  G-T: 1.00000
Base frequencies:  A: 0.232  C: 0.172  G: 0.224  T: 0.373
Parameters optimization took 1 rounds (0.001 sec)
BEST SCORE FOUND : -1041.336

Testing tree branches by aBayes parametric test...
0.001 sec.
Total tree length: 0.711

Total number of iterations: 104
CPU time used for tree search: 0.561 sec (0h:0m:0s)
Wall-clock time used for tree search: 0.622 sec (0h:0m:0s)
Total CPU time used: 0.578 sec (0h:0m:0s)
Total wall-clock time used: 0.639 sec (0h:0m:0s)

Analysis results written to: 
  IQ-TREE report:                /home/mis/CSE6406-project/work/paper_subset_50x10_L200/ils_low/replicate_10/estimated_gene_trees/L200/gtr/locus_0022.iqtree
  Maximum-likelihood tree:       /home/mis/CSE6406-project/work/paper_subset_50x10_L200/ils_low/replicate_10/estimated_gene_trees/L200/gtr/locus_0022.treefile
  Likelihood distances:          /home/mis/CSE6406-project/work/paper_subset_50x10_L200/ils_low/replicate_10/estimated_gene_trees/L200/gtr/locus_0022.mldist
  Screen log file:               /home/mis/CSE6406-project/work/paper_subset_50x10_L200/ils_low/replicate_10/estimated_gene_trees/L200/gtr/locus_0022.log

Date and Time: Sat Sep 12 21:38:41 2026
