IQ-TREE multicore version 2.4.0 for Linux x86 64-bit built Feb 12 2025
Developed by Bui Quang Minh, Nguyen Lam Tung, Olga Chernomor, Heiko Schmidt,
Dominik Schrempf, Michael Woodhams, Ly Trong Nhan, Thomas Wong

Host:    ezmata (AVX2, FMA3, 15 GB RAM)
Command: /home/mis/miniconda3/envs/cse6406/bin/iqtree2 -s /home/mis/CSE6406-project/work/paper_subset_50x10_L200/ils_low/replicate_10/alignments/L200/locus_0005.phy -m GTR --abayes -T 1 --seed 7406006 --prefix /home/mis/CSE6406-project/work/paper_subset_50x10_L200/ils_low/replicate_10/estimated_gene_trees/L200/gtr/locus_0005 --redo --quiet
Seed:    7406006 (Using SPRNG - Scalable Parallel Random Number Generator)
Time:    Sat Sep 12 21:38:38 2026
Kernel:  AVX+FMA - 1 threads (16 CPU cores detected)

HINT: Use -nt option to specify number of threads because your CPU has 16 cores!
HINT: -nt AUTO will automatically determine the best number of threads to use.

Reading alignment file /home/mis/CSE6406-project/work/paper_subset_50x10_L200/ils_low/replicate_10/alignments/L200/locus_0005.phy ... Phylip format detected
Alignment most likely contains DNA/RNA sequences
Alignment has 21 sequences with 200 columns, 59 distinct patterns
40 parsimony-informative, 19 singleton sites, 141 constant sites
        Gap/Ambiguity  Composition  p-value
Analyzing sequences: done in 1.4026e-05 secs using 92.69% CPU
   1  13_0_0    0.00%    passed     83.73%
   2  16_0_0    0.00%    passed     99.14%
   3  1_0_0     0.00%    passed     99.61%
   4  7_0_0     0.00%    passed     95.61%
   5  3_0_0     0.00%    passed     96.66%
   6  15_0_0    0.00%    passed     92.65%
   7  8_0_0     0.00%    passed     99.21%
   8  18_0_0    0.00%    passed     95.03%
   9  11_0_0    0.00%    passed     97.10%
  10  14_0_0    0.00%    passed     99.21%
  11  10_0_0    0.00%    passed     99.82%
  12  2_0_0     0.00%    passed     97.10%
  13  12_0_0    0.00%    passed     96.87%
  14  6_0_0     0.00%    passed     95.81%
  15  5_0_0     0.00%    passed     94.48%
  16  17_0_0    0.00%    passed     91.50%
  17  4_0_0     0.00%    passed     84.70%
  18  9_0_0     0.00%    passed     95.74%
  19  20_0_0    0.00%    passed     94.28%
  20  19_0_0    0.00%    passed     97.70%
  21  0_0_0     0.00%    passed     66.92%
****  TOTAL     0.00%  0 sequences failed composition chi2 test (p-value<5%; df=3)

Create initial parsimony tree by phylogenetic likelihood library (PLL)... 0.001 seconds

NOTE: 0 MB RAM (0 GB) is required!
Estimate model parameters (epsilon = 0.100)
1. Initial log-likelihood: -1038.044
2. Current log-likelihood: -1025.354
Optimal log-likelihood: -1025.298
Rate parameters:  A-C: 1.73680  A-G: 3.64306  A-T: 2.34737  C-G: 2.65550  C-T: 3.65888  G-T: 1.00000
Base frequencies:  A: 0.289  C: 0.188  G: 0.217  T: 0.306
Parameters optimization took 2 rounds (0.005 sec)
Wrote distance file to... 
Computing ML distances based on estimated model parameters...
Calculating distance matrix: done in 0.00119733 secs using 99.89% CPU
Computing ML distances took 0.001246 sec (of wall-clock time) 0.001251 sec (of CPU time)
Setting up auxiliary I and S matrices: done in 7.2679e-05 secs using 81.18% CPU
Computing RapidNJ tree took 0.000249 sec (of wall-clock time) 0.000204 sec (of CPU time)
Log-likelihood of RapidNJ tree: -1026.456
--------------------------------------------------------------------
|             INITIALIZING CANDIDATE TREE SET                      |
--------------------------------------------------------------------
Generating 98 parsimony trees... 0.096 second
Computing log-likelihood of 98 initial trees ... 0.062 seconds
Current best score: -1019.981

Do NNI search on 20 best initial trees
Estimate model parameters (epsilon = 0.100)
BETTER TREE FOUND at iteration 1: -1019.547
UPDATE BEST LOG-LIKELIHOOD: -1019.546
Iteration 10 / LogL: -1019.547 / Time: 0h:0m:0s
Iteration 20 / LogL: -1023.636 / Time: 0h:0m:0s
Finish initializing candidate tree set (7)
Current best tree score: -1019.546 / CPU time: 0.242
Number of iterations: 20
--------------------------------------------------------------------
|               OPTIMIZING CANDIDATE TREE SET                      |
--------------------------------------------------------------------
Iteration 30 / LogL: -1020.076 / Time: 0h:0m:0s (0h:0m:0s left)
Iteration 40 / LogL: -1020.068 / Time: 0h:0m:0s (0h:0m:0s left)
Iteration 50 / LogL: -1019.547 / Time: 0h:0m:0s (0h:0m:0s left)
Iteration 60 / LogL: -1020.763 / Time: 0h:0m:0s (0h:0m:0s left)
Iteration 70 / LogL: -1020.068 / Time: 0h:0m:0s (0h:0m:0s left)
Iteration 80 / LogL: -1019.552 / Time: 0h:0m:0s (0h:0m:0s left)
Iteration 90 / LogL: -1023.428 / Time: 0h:0m:0s (0h:0m:0s left)
Iteration 100 / LogL: -1020.223 / Time: 0h:0m:0s (0h:0m:0s left)
TREE SEARCH COMPLETED AFTER 102 ITERATIONS / Time: 0h:0m:0s

--------------------------------------------------------------------
|                    FINALIZING TREE SEARCH                        |
--------------------------------------------------------------------
Performs final model parameters optimization
Estimate model parameters (epsilon = 0.010)
1. Initial log-likelihood: -1019.546
Optimal log-likelihood: -1019.546
Rate parameters:  A-C: 2.01667  A-G: 3.95666  A-T: 2.32655  C-G: 3.33031  C-T: 4.27822  G-T: 1.00000
Base frequencies:  A: 0.289  C: 0.188  G: 0.217  T: 0.306
Parameters optimization took 1 rounds (0.001 sec)
BEST SCORE FOUND : -1019.546

Testing tree branches by aBayes parametric test...
0.001 sec.
Total tree length: 0.705

Total number of iterations: 102
CPU time used for tree search: 0.831 sec (0h:0m:0s)
Wall-clock time used for tree search: 0.904 sec (0h:0m:0s)
Total CPU time used: 0.853 sec (0h:0m:0s)
Total wall-clock time used: 0.926 sec (0h:0m:0s)

Analysis results written to: 
  IQ-TREE report:                /home/mis/CSE6406-project/work/paper_subset_50x10_L200/ils_low/replicate_10/estimated_gene_trees/L200/gtr/locus_0005.iqtree
  Maximum-likelihood tree:       /home/mis/CSE6406-project/work/paper_subset_50x10_L200/ils_low/replicate_10/estimated_gene_trees/L200/gtr/locus_0005.treefile
  Likelihood distances:          /home/mis/CSE6406-project/work/paper_subset_50x10_L200/ils_low/replicate_10/estimated_gene_trees/L200/gtr/locus_0005.mldist
  Screen log file:               /home/mis/CSE6406-project/work/paper_subset_50x10_L200/ils_low/replicate_10/estimated_gene_trees/L200/gtr/locus_0005.log

Date and Time: Sat Sep 12 21:38:39 2026
