IQ-TREE multicore version 2.4.0 for MacOS ARM 64-bit built Feb 12 2025
Developed by Bui Quang Minh, Nguyen Lam Tung, Olga Chernomor, Heiko Schmidt,
Dominik Schrempf, Michael Woodhams, Ly Trong Nhan, Thomas Wong

Host:    Fahims-MacBook-Air.local (SSE4.2, 16 GB RAM)
Command: /Users/fahim/miniconda3/envs/cse6406/bin/iqtree2 -s /Users/fahim/CSE6406-project/work/paper_subset_50x10_L1600/ils_low/replicate_03/alignments/L1600/locus_0003.phy -m HKY+G4 --abayes -T AUTO --seed 6706004 --prefix /Users/fahim/CSE6406-project/work/paper_subset_50x10_L1600/ils_low/replicate_03/estimated_gene_trees/L1600/hky_g4/locus_0003 --redo --quiet
Seed:    6706004 (Using SPRNG - Scalable Parallel Random Number Generator)
Time:    Fri Sep 11 06:14:37 2026
Kernel:  SSE2 - auto-detect threads (10 CPU cores detected)

Reading alignment file /Users/fahim/CSE6406-project/work/paper_subset_50x10_L1600/ils_low/replicate_03/alignments/L1600/locus_0003.phy ... Phylip format detected
Alignment most likely contains DNA/RNA sequences
Alignment has 21 sequences with 1600 columns, 892 distinct patterns
795 parsimony-informative, 135 singleton sites, 670 constant sites
        Gap/Ambiguity  Composition  p-value
Analyzing sequences: done in 3.79086e-05 secs using 129.3% CPU
   1  0_0_0     0.00%    passed     68.89%
   2  3_0_0     0.00%    passed     48.11%
   3  1_0_0     0.00%    passed     56.49%
   4  2_0_0     0.00%    passed     65.60%
   5  18_0_0    0.00%    passed     88.04%
   6  6_0_0     0.00%    passed     75.94%
   7  9_0_0     0.00%    passed     93.73%
   8  7_0_0     0.00%    passed     59.30%
   9  5_0_0     0.00%    passed     73.96%
  10  14_0_0    0.00%    passed     95.51%
  11  11_0_0    0.00%    passed     71.74%
  12  8_0_0     0.00%    passed     84.21%
  13  16_0_0    0.00%    passed     97.55%
  14  19_0_0    0.00%    passed     95.11%
  15  10_0_0    0.00%    passed     79.56%
  16  4_0_0     0.00%    passed     68.18%
  17  13_0_0    0.00%    passed     69.63%
  18  17_0_0    0.00%    passed     77.79%
  19  12_0_0    0.00%    passed     87.65%
  20  20_0_0    0.00%    passed     87.99%
  21  15_0_0    0.00%    passed     98.72%
****  TOTAL     0.00%  0 sequences failed composition chi2 test (p-value<5%; df=3)

Create initial parsimony tree by phylogenetic likelihood library (PLL)... 0.001 seconds

NOTE: 2 MB RAM (0 GB) is required!
Measuring multi-threading efficiency up to 10 CPU cores
Increase to 10 rounds for branch lengths
716 trees examined
Threads: 1 / Time: 10.012 sec / Speedup: 1.000 / Efficiency: 100% / LogL: -23460
Threads: 2 / Time: 12.530 sec / Speedup: 0.799 / Efficiency: 40% / LogL: -23460
BEST NUMBER OF THREADS: 1

Estimate model parameters (epsilon = 0.100)
1. Initial log-likelihood: -21550.138
2. Current log-likelihood: -20567.148
3. Current log-likelihood: -20459.106
4. Current log-likelihood: -20452.991
5. Current log-likelihood: -20452.279
6. Current log-likelihood: -20452.176
Optimal log-likelihood: -20452.125
Rate parameters:  A-C: 1.00000  A-G: 1.91645  A-T: 1.00000  C-G: 1.00000  C-T: 1.91645  G-T: 1.00000
Base frequencies:  A: 0.295  C: 0.209  G: 0.187  T: 0.308
Gamma shape alpha: 0.217
Parameters optimization took 6 rounds (0.062 sec)
Wrote distance file to... 
Computing ML distances based on estimated model parameters...
Calculating distance matrix: done in 0.000896931 secs using 99.45% CPU
Computing ML distances took 0.000947 sec (of wall-clock time) 0.000932 sec (of CPU time)
Setting up auxiliary I and S matrices: done in 1.5974e-05 secs using 68.86% CPU
Computing RapidNJ tree took 0.000057 sec (of wall-clock time) 0.000064 sec (of CPU time)
Log-likelihood of RapidNJ tree: -20454.829
--------------------------------------------------------------------
|             INITIALIZING CANDIDATE TREE SET                      |
--------------------------------------------------------------------
Generating 98 parsimony trees... 0.090 second
Computing log-likelihood of 98 initial trees ... 0.195 seconds
Current best score: -20452.125

Do NNI search on 20 best initial trees
Estimate model parameters (epsilon = 0.100)
BETTER TREE FOUND at iteration 1: -20441.936
Iteration 10 / LogL: -20446.557 / Time: 0h:0m:23s
Iteration 20 / LogL: -20442.054 / Time: 0h:0m:23s
Finish initializing candidate tree set (3)
Current best tree score: -20441.936 / CPU time: 1.041
Number of iterations: 20
--------------------------------------------------------------------
|               OPTIMIZING CANDIDATE TREE SET                      |
--------------------------------------------------------------------
Iteration 30 / LogL: -20469.860 / Time: 0h:0m:23s (0h:0m:58s left)
Iteration 40 / LogL: -20442.111 / Time: 0h:0m:24s (0h:0m:38s left)
Iteration 50 / LogL: -20446.545 / Time: 0h:0m:24s (0h:0m:25s left)
Iteration 60 / LogL: -20441.939 / Time: 0h:0m:25s (0h:0m:17s left)
Iteration 70 / LogL: -20442.213 / Time: 0h:0m:25s (0h:0m:11s left)
Iteration 80 / LogL: -20442.043 / Time: 0h:0m:25s (0h:0m:6s left)
Iteration 90 / LogL: -20442.078 / Time: 0h:0m:26s (0h:0m:3s left)
Iteration 100 / LogL: -20447.220 / Time: 0h:0m:26s (0h:0m:0s left)
TREE SEARCH COMPLETED AFTER 102 ITERATIONS / Time: 0h:0m:26s

--------------------------------------------------------------------
|                    FINALIZING TREE SEARCH                        |
--------------------------------------------------------------------
Performs final model parameters optimization
Estimate model parameters (epsilon = 0.010)
1. Initial log-likelihood: -20441.936
Optimal log-likelihood: -20441.935
Rate parameters:  A-C: 1.00000  A-G: 1.90898  A-T: 1.00000  C-G: 1.00000  C-T: 1.90898  G-T: 1.00000
Base frequencies:  A: 0.295  C: 0.209  G: 0.187  T: 0.308
Gamma shape alpha: 0.217
Parameters optimization took 1 rounds (0.005 sec)
BEST SCORE FOUND : -20441.935

Testing tree branches by aBayes parametric test...
0.007 sec.
Total tree length: 10.537

Total number of iterations: 102
CPU time used for tree search: 3.953 sec (0h:0m:3s)
Wall-clock time used for tree search: 3.959 sec (0h:0m:3s)
Total CPU time used: 27.433 sec (0h:0m:27s)
Total wall-clock time used: 26.595 sec (0h:0m:26s)

Analysis results written to: 
  IQ-TREE report:                /Users/fahim/CSE6406-project/work/paper_subset_50x10_L1600/ils_low/replicate_03/estimated_gene_trees/L1600/hky_g4/locus_0003.iqtree
  Maximum-likelihood tree:       /Users/fahim/CSE6406-project/work/paper_subset_50x10_L1600/ils_low/replicate_03/estimated_gene_trees/L1600/hky_g4/locus_0003.treefile
  Likelihood distances:          /Users/fahim/CSE6406-project/work/paper_subset_50x10_L1600/ils_low/replicate_03/estimated_gene_trees/L1600/hky_g4/locus_0003.mldist
  Screen log file:               /Users/fahim/CSE6406-project/work/paper_subset_50x10_L1600/ils_low/replicate_03/estimated_gene_trees/L1600/hky_g4/locus_0003.log

Date and Time: Fri Sep 11 06:15:04 2026
