IQ-TREE multicore version 2.4.0 for MacOS ARM 64-bit built Feb 12 2025
Developed by Bui Quang Minh, Nguyen Lam Tung, Olga Chernomor, Heiko Schmidt,
Dominik Schrempf, Michael Woodhams, Ly Trong Nhan, Thomas Wong

Host:    Fahims-MacBook-Air.local (SSE4.2, 16 GB RAM)
Command: /Users/fahim/miniconda3/envs/cse6406/bin/iqtree2 -s /Users/fahim/CSE6406-project/work/paper_subset_50x10_L1600/ils_low/replicate_03/alignments/L1600/locus_0023.phy -m HKY+G4 --abayes -T AUTO --seed 6706024 --prefix /Users/fahim/CSE6406-project/work/paper_subset_50x10_L1600/ils_low/replicate_03/estimated_gene_trees/L1600/hky_g4/locus_0023 --redo --quiet
Seed:    6706024 (Using SPRNG - Scalable Parallel Random Number Generator)
Time:    Fri Sep 11 06:23:30 2026
Kernel:  SSE2 - auto-detect threads (10 CPU cores detected)

Reading alignment file /Users/fahim/CSE6406-project/work/paper_subset_50x10_L1600/ils_low/replicate_03/alignments/L1600/locus_0023.phy ... Phylip format detected
Alignment most likely contains DNA/RNA sequences
Alignment has 21 sequences with 1600 columns, 840 distinct patterns
731 parsimony-informative, 160 singleton sites, 709 constant sites
        Gap/Ambiguity  Composition  p-value
Analyzing sequences: done in 4.79221e-05 secs using 116.9% CPU
   1  0_0_0     0.00%    passed     98.12%
   2  15_0_0    0.00%    passed     64.21%
   3  20_0_0    0.00%    passed     62.00%
   4  1_0_0     0.00%    passed     63.28%
   5  3_0_0     0.00%    passed     79.37%
   6  2_0_0     0.00%    passed     95.23%
   7  16_0_0    0.00%    passed     97.39%
   8  12_0_0    0.00%    passed     30.59%
   9  17_0_0    0.00%    passed     99.94%
  10  13_0_0    0.00%    passed     57.51%
  11  4_0_0     0.00%    passed     69.31%
  12  19_0_0    0.00%    passed     88.24%
  13  10_0_0    0.00%    passed     55.60%
  14  11_0_0    0.00%    passed     87.62%
  15  8_0_0     0.00%    passed     91.20%
  16  18_0_0    0.00%    passed     65.55%
  17  6_0_0     0.00%    passed     48.14%
  18  9_0_0     0.00%    passed     65.67%
  19  7_0_0     0.00%    passed     97.14%
  20  5_0_0     0.00%    passed     83.24%
  21  14_0_0    0.00%    passed     89.29%
****  TOTAL     0.00%  0 sequences failed composition chi2 test (p-value<5%; df=3)

Create initial parsimony tree by phylogenetic likelihood library (PLL)... 0.001 seconds

NOTE: 2 MB RAM (0 GB) is required!
Measuring multi-threading efficiency up to 10 CPU cores
Increase to 10 rounds for branch lengths
786 trees examined
Threads: 1 / Time: 10.002 sec / Speedup: 1.000 / Efficiency: 100% / LogL: -22390
Threads: 2 / Time: 12.857 sec / Speedup: 0.778 / Efficiency: 39% / LogL: -22390
BEST NUMBER OF THREADS: 1

Estimate model parameters (epsilon = 0.100)
1. Initial log-likelihood: -20483.947
2. Current log-likelihood: -19442.336
3. Current log-likelihood: -19327.419
4. Current log-likelihood: -19320.027
5. Current log-likelihood: -19319.083
6. Current log-likelihood: -19318.976
Optimal log-likelihood: -19318.922
Rate parameters:  A-C: 1.00000  A-G: 2.07005  A-T: 1.00000  C-G: 1.00000  C-T: 2.07005  G-T: 1.00000
Base frequencies:  A: 0.304  C: 0.206  G: 0.204  T: 0.286
Gamma shape alpha: 0.197
Parameters optimization took 6 rounds (0.059 sec)
Wrote distance file to... 
Computing ML distances based on estimated model parameters...
Calculating distance matrix: done in 0.000878811 secs using 97.86% CPU
Computing ML distances took 0.000925 sec (of wall-clock time) 0.000898 sec (of CPU time)
Setting up auxiliary I and S matrices: done in 1.50204e-05 secs using 66.58% CPU
Computing RapidNJ tree took 0.000058 sec (of wall-clock time) 0.000060 sec (of CPU time)
Log-likelihood of RapidNJ tree: -19319.790
--------------------------------------------------------------------
|             INITIALIZING CANDIDATE TREE SET                      |
--------------------------------------------------------------------
Generating 98 parsimony trees... 0.086 second
Computing log-likelihood of 98 initial trees ... 0.185 seconds
Current best score: -19318.596

Do NNI search on 20 best initial trees
Estimate model parameters (epsilon = 0.100)
BETTER TREE FOUND at iteration 1: -19285.517
UPDATE BEST LOG-LIKELIHOOD: -19285.515
UPDATE BEST LOG-LIKELIHOOD: -19285.513
Iteration 10 / LogL: -19285.868 / Time: 0h:0m:23s
UPDATE BEST LOG-LIKELIHOOD: -19285.513
Iteration 20 / LogL: -19285.516 / Time: 0h:0m:23s
Finish initializing candidate tree set (2)
Current best tree score: -19285.513 / CPU time: 1.004
Number of iterations: 20
--------------------------------------------------------------------
|               OPTIMIZING CANDIDATE TREE SET                      |
--------------------------------------------------------------------
UPDATE BEST LOG-LIKELIHOOD: -19285.511
Iteration 30 / LogL: -19285.513 / Time: 0h:0m:24s (0h:0m:59s left)
Iteration 40 / LogL: -19285.513 / Time: 0h:0m:24s (0h:0m:38s left)
Iteration 50 / LogL: -19285.518 / Time: 0h:0m:24s (0h:0m:25s left)
UPDATE BEST LOG-LIKELIHOOD: -19285.510
Iteration 60 / LogL: -19285.512 / Time: 0h:0m:25s (0h:0m:17s left)
Iteration 70 / LogL: -19285.513 / Time: 0h:0m:25s (0h:0m:11s left)
Iteration 80 / LogL: -19285.531 / Time: 0h:0m:25s (0h:0m:6s left)
Iteration 90 / LogL: -19285.522 / Time: 0h:0m:26s (0h:0m:3s left)
UPDATE BEST LOG-LIKELIHOOD: -19285.510
Iteration 100 / LogL: -19285.512 / Time: 0h:0m:26s (0h:0m:0s left)
TREE SEARCH COMPLETED AFTER 102 ITERATIONS / Time: 0h:0m:26s

--------------------------------------------------------------------
|                    FINALIZING TREE SEARCH                        |
--------------------------------------------------------------------
Performs final model parameters optimization
Estimate model parameters (epsilon = 0.010)
1. Initial log-likelihood: -19285.510
Optimal log-likelihood: -19285.500
Rate parameters:  A-C: 1.00000  A-G: 2.08418  A-T: 1.00000  C-G: 1.00000  C-T: 2.08418  G-T: 1.00000
Base frequencies:  A: 0.304  C: 0.206  G: 0.204  T: 0.286
Gamma shape alpha: 0.194
Parameters optimization took 1 rounds (0.006 sec)
BEST SCORE FOUND : -19285.500

Testing tree branches by aBayes parametric test...
0.007 sec.
Total tree length: 10.353

Total number of iterations: 102
CPU time used for tree search: 3.563 sec (0h:0m:3s)
Wall-clock time used for tree search: 3.569 sec (0h:0m:3s)
Total CPU time used: 26.910 sec (0h:0m:26s)
Total wall-clock time used: 26.517 sec (0h:0m:26s)

Analysis results written to: 
  IQ-TREE report:                /Users/fahim/CSE6406-project/work/paper_subset_50x10_L1600/ils_low/replicate_03/estimated_gene_trees/L1600/hky_g4/locus_0023.iqtree
  Maximum-likelihood tree:       /Users/fahim/CSE6406-project/work/paper_subset_50x10_L1600/ils_low/replicate_03/estimated_gene_trees/L1600/hky_g4/locus_0023.treefile
  Likelihood distances:          /Users/fahim/CSE6406-project/work/paper_subset_50x10_L1600/ils_low/replicate_03/estimated_gene_trees/L1600/hky_g4/locus_0023.mldist
  Screen log file:               /Users/fahim/CSE6406-project/work/paper_subset_50x10_L1600/ils_low/replicate_03/estimated_gene_trees/L1600/hky_g4/locus_0023.log

Date and Time: Fri Sep 11 06:23:56 2026
