IQ-TREE multicore version 2.4.0 for MacOS ARM 64-bit built Feb 12 2025
Developed by Bui Quang Minh, Nguyen Lam Tung, Olga Chernomor, Heiko Schmidt,
Dominik Schrempf, Michael Woodhams, Ly Trong Nhan, Thomas Wong

Host:    Fahims-MacBook-Air.local (SSE4.2, 16 GB RAM)
Command: /Users/fahim/miniconda3/envs/cse6406/bin/iqtree2 -s /Users/fahim/CSE6406-project/work/paper_subset_50x10_L1600/ils_low/replicate_03/alignments/L1600/locus_0027.phy -m HKY+G4 --abayes -T AUTO --seed 6706028 --prefix /Users/fahim/CSE6406-project/work/paper_subset_50x10_L1600/ils_low/replicate_03/estimated_gene_trees/L1600/hky_g4/locus_0027 --redo --quiet
Seed:    6706028 (Using SPRNG - Scalable Parallel Random Number Generator)
Time:    Fri Sep 11 06:25:16 2026
Kernel:  SSE2 - auto-detect threads (10 CPU cores detected)

Reading alignment file /Users/fahim/CSE6406-project/work/paper_subset_50x10_L1600/ils_low/replicate_03/alignments/L1600/locus_0027.phy ... Phylip format detected
Alignment most likely contains DNA/RNA sequences
Alignment has 21 sequences with 1600 columns, 875 distinct patterns
754 parsimony-informative, 164 singleton sites, 682 constant sites
        Gap/Ambiguity  Composition  p-value
Analyzing sequences: done in 4.48227e-05 secs using 129.4% CPU
   1  1_0_0     0.00%    passed     63.06%
   2  3_0_0     0.00%    passed     59.90%
   3  2_0_0     0.00%    passed     88.75%
   4  15_0_0    0.00%    passed     67.47%
   5  8_0_0     0.00%    passed     73.40%
   6  11_0_0    0.00%    passed     70.62%
   7  10_0_0    0.00%    passed     93.01%
   8  19_0_0    0.00%    passed     87.99%
   9  12_0_0    0.00%    passed     98.57%
  10  17_0_0    0.00%    passed     94.08%
  11  13_0_0    0.00%    passed     65.92%
  12  4_0_0     0.00%    passed     51.13%
  13  16_0_0    0.00%    passed     72.07%
  14  20_0_0    0.00%    passed     77.64%
  15  6_0_0     0.00%    passed     50.70%
  16  7_0_0     0.00%    passed     96.57%
  17  5_0_0     0.00%    passed     94.52%
  18  14_0_0    0.00%    passed     99.28%
  19  9_0_0     0.00%    passed     77.51%
  20  18_0_0    0.00%    passed     80.69%
  21  0_0_0     0.00%    passed     70.35%
****  TOTAL     0.00%  0 sequences failed composition chi2 test (p-value<5%; df=3)

Create initial parsimony tree by phylogenetic likelihood library (PLL)... 0.001 seconds

NOTE: 2 MB RAM (0 GB) is required!
Measuring multi-threading efficiency up to 10 CPU cores
Increase to 10 rounds for branch lengths
752 trees examined
Threads: 1 / Time: 10.005 sec / Speedup: 1.000 / Efficiency: 100% / LogL: -22914
Threads: 2 / Time: 12.565 sec / Speedup: 0.796 / Efficiency: 40% / LogL: -22914
BEST NUMBER OF THREADS: 1

Estimate model parameters (epsilon = 0.100)
1. Initial log-likelihood: -21091.799
2. Current log-likelihood: -19977.130
3. Current log-likelihood: -19896.261
4. Current log-likelihood: -19892.754
5. Current log-likelihood: -19892.423
Optimal log-likelihood: -19892.367
Rate parameters:  A-C: 1.00000  A-G: 1.92467  A-T: 1.00000  C-G: 1.00000  C-T: 1.92467  G-T: 1.00000
Base frequencies:  A: 0.306  C: 0.184  G: 0.197  T: 0.314
Gamma shape alpha: 0.208
Parameters optimization took 5 rounds (0.055 sec)
Wrote distance file to... 
Computing ML distances based on estimated model parameters...
Calculating distance matrix: done in 0.000890017 secs using 98.76% CPU
Computing ML distances took 0.000941 sec (of wall-clock time) 0.000920 sec (of CPU time)
Setting up auxiliary I and S matrices: done in 1.5974e-05 secs using 62.6% CPU
Computing RapidNJ tree took 0.000058 sec (of wall-clock time) 0.000066 sec (of CPU time)
Log-likelihood of RapidNJ tree: -19895.796
--------------------------------------------------------------------
|             INITIALIZING CANDIDATE TREE SET                      |
--------------------------------------------------------------------
Generating 98 parsimony trees... 0.085 second
Computing log-likelihood of 98 initial trees ... 0.198 seconds
Current best score: -19892.367

Do NNI search on 20 best initial trees
Estimate model parameters (epsilon = 0.100)
BETTER TREE FOUND at iteration 1: -19883.284
Iteration 10 / LogL: -19883.337 / Time: 0h:0m:23s
Iteration 20 / LogL: -19883.364 / Time: 0h:0m:23s
Finish initializing candidate tree set (2)
Current best tree score: -19883.284 / CPU time: 1.037
Number of iterations: 20
--------------------------------------------------------------------
|               OPTIMIZING CANDIDATE TREE SET                      |
--------------------------------------------------------------------
UPDATE BEST LOG-LIKELIHOOD: -19883.284
UPDATE BEST LOG-LIKELIHOOD: -19883.283
Iteration 30 / LogL: -19883.311 / Time: 0h:0m:24s (0h:0m:58s left)
Iteration 40 / LogL: -19883.285 / Time: 0h:0m:24s (0h:0m:38s left)
Iteration 50 / LogL: -19885.904 / Time: 0h:0m:24s (0h:0m:25s left)
Iteration 60 / LogL: -19883.284 / Time: 0h:0m:25s (0h:0m:17s left)
Iteration 70 / LogL: -19883.284 / Time: 0h:0m:25s (0h:0m:11s left)
Iteration 80 / LogL: -19883.284 / Time: 0h:0m:25s (0h:0m:6s left)
Iteration 90 / LogL: -19883.284 / Time: 0h:0m:26s (0h:0m:3s left)
UPDATE BEST LOG-LIKELIHOOD: -19883.283
Iteration 100 / LogL: -19883.288 / Time: 0h:0m:26s (0h:0m:0s left)
TREE SEARCH COMPLETED AFTER 102 ITERATIONS / Time: 0h:0m:26s

--------------------------------------------------------------------
|                    FINALIZING TREE SEARCH                        |
--------------------------------------------------------------------
Performs final model parameters optimization
Estimate model parameters (epsilon = 0.010)
1. Initial log-likelihood: -19883.283
Optimal log-likelihood: -19883.282
Rate parameters:  A-C: 1.00000  A-G: 1.92066  A-T: 1.00000  C-G: 1.00000  C-T: 1.92066  G-T: 1.00000
Base frequencies:  A: 0.306  C: 0.184  G: 0.197  T: 0.314
Gamma shape alpha: 0.207
Parameters optimization took 1 rounds (0.005 sec)
BEST SCORE FOUND : -19883.282

Testing tree branches by aBayes parametric test...
0.007 sec.
Total tree length: 8.880

Total number of iterations: 102
CPU time used for tree search: 4.078 sec (0h:0m:4s)
Wall-clock time used for tree search: 4.084 sec (0h:0m:4s)
Total CPU time used: 27.425 sec (0h:0m:27s)
Total wall-clock time used: 26.735 sec (0h:0m:26s)

Analysis results written to: 
  IQ-TREE report:                /Users/fahim/CSE6406-project/work/paper_subset_50x10_L1600/ils_low/replicate_03/estimated_gene_trees/L1600/hky_g4/locus_0027.iqtree
  Maximum-likelihood tree:       /Users/fahim/CSE6406-project/work/paper_subset_50x10_L1600/ils_low/replicate_03/estimated_gene_trees/L1600/hky_g4/locus_0027.treefile
  Likelihood distances:          /Users/fahim/CSE6406-project/work/paper_subset_50x10_L1600/ils_low/replicate_03/estimated_gene_trees/L1600/hky_g4/locus_0027.mldist
  Screen log file:               /Users/fahim/CSE6406-project/work/paper_subset_50x10_L1600/ils_low/replicate_03/estimated_gene_trees/L1600/hky_g4/locus_0027.log

Date and Time: Fri Sep 11 06:25:43 2026
