IQ-TREE multicore version 2.4.0 for MacOS ARM 64-bit built Feb 12 2025
Developed by Bui Quang Minh, Nguyen Lam Tung, Olga Chernomor, Heiko Schmidt,
Dominik Schrempf, Michael Woodhams, Ly Trong Nhan, Thomas Wong

Host:    Fahims-MacBook-Air.local (SSE4.2, 16 GB RAM)
Command: /Users/fahim/miniconda3/envs/cse6406/bin/iqtree2 -s /Users/fahim/CSE6406-project/work/paper_subset_50x10_L1600/ils_high/replicate_07/alignments/L1600/locus_0006.phy -m HKY --abayes -T AUTO --seed 7106007 --prefix /Users/fahim/CSE6406-project/work/paper_subset_50x10_L1600/ils_high/replicate_07/estimated_gene_trees/L1600/hky/locus_0006 --redo --quiet
Seed:    7106007 (Using SPRNG - Scalable Parallel Random Number Generator)
Time:    Sat Sep 12 14:46:39 2026
Kernel:  SSE2 - auto-detect threads (10 CPU cores detected)

Reading alignment file /Users/fahim/CSE6406-project/work/paper_subset_50x10_L1600/ils_high/replicate_07/alignments/L1600/locus_0006.phy ... Phylip format detected
Alignment most likely contains DNA/RNA sequences
Alignment has 21 sequences with 1600 columns, 825 distinct patterns
672 parsimony-informative, 191 singleton sites, 737 constant sites
        Gap/Ambiguity  Composition  p-value
Analyzing sequences: done in 5.00679e-05 secs using 113.8% CPU
   1  0_0_0     0.00%    passed     65.33%
   2  8_0_0     0.00%    passed     79.22%
   3  1_0_0     0.00%    passed     86.55%
   4  19_0_0    0.00%    passed     86.53%
   5  20_0_0    0.00%    passed     93.60%
   6  18_0_0    0.00%    passed     63.10%
   7  3_0_0     0.00%    passed     67.30%
   8  13_0_0    0.00%    passed     48.47%
   9  14_0_0    0.00%    passed     97.09%
  10  10_0_0    0.00%    passed     33.29%
  11  17_0_0    0.00%    passed     37.95%
  12  11_0_0    0.00%    passed     86.01%
  13  9_0_0     0.00%    passed     50.23%
  14  7_0_0     0.00%    passed     95.32%
  15  12_0_0    0.00%    passed     57.28%
  16  5_0_0     0.00%    passed     86.43%
  17  6_0_0     0.00%    passed     57.48%
  18  4_0_0     0.00%    passed     82.67%
  19  2_0_0     0.00%    passed     88.22%
  20  16_0_0    0.00%    passed     86.70%
  21  15_0_0    0.00%    passed     96.41%
****  TOTAL     0.00%  0 sequences failed composition chi2 test (p-value<5%; df=3)

Create initial parsimony tree by phylogenetic likelihood library (PLL)... 0.000 seconds

NOTE: 0 MB RAM (0 GB) is required!
Measuring multi-threading efficiency up to 10 CPU cores
Increase to 10 rounds for branch lengths
3173 trees examined
Threads: 1 / Time: 10.000 sec / Speedup: 1.000 / Efficiency: 100% / LogL: -25122
Threads: 2 / Time: 20.998 sec / Speedup: 0.476 / Efficiency: 24% / LogL: -25122
BEST NUMBER OF THREADS: 1

Estimate model parameters (epsilon = 0.100)
1. Initial log-likelihood: -23221.279
2. Current log-likelihood: -23130.923
Optimal log-likelihood: -23130.836
Rate parameters:  A-C: 1.00000  A-G: 1.33155  A-T: 1.00000  C-G: 1.00000  C-T: 1.33155  G-T: 1.00000
Base frequencies:  A: 0.279  C: 0.203  G: 0.214  T: 0.304
Parameters optimization took 2 rounds (0.004 sec)
Wrote distance file to... 
Computing ML distances based on estimated model parameters...
Calculating distance matrix: done in 0.000504017 secs using 99% CPU
Computing ML distances took 0.000555 sec (of wall-clock time) 0.000540 sec (of CPU time)
Setting up auxiliary I and S matrices: done in 2.09808e-05 secs using 66.73% CPU
Computing RapidNJ tree took 0.000077 sec (of wall-clock time) 0.000076 sec (of CPU time)
Log-likelihood of RapidNJ tree: -23187.824
--------------------------------------------------------------------
|             INITIALIZING CANDIDATE TREE SET                      |
--------------------------------------------------------------------
Generating 98 parsimony trees... 0.094 second
Computing log-likelihood of 97 initial trees ... 0.068 seconds
Current best score: -23127.467

Do NNI search on 20 best initial trees
Estimate model parameters (epsilon = 0.100)
BETTER TREE FOUND at iteration 1: -23113.379
Iteration 10 / LogL: -23113.388 / Time: 0h:0m:31s
Iteration 20 / LogL: -23126.612 / Time: 0h:0m:31s
Finish initializing candidate tree set (3)
Current best tree score: -23113.379 / CPU time: 0.294
Number of iterations: 20
--------------------------------------------------------------------
|               OPTIMIZING CANDIDATE TREE SET                      |
--------------------------------------------------------------------
Iteration 30 / LogL: -23126.635 / Time: 0h:0m:31s (0h:1m:16s left)
Iteration 40 / LogL: -23113.394 / Time: 0h:0m:31s (0h:0m:49s left)
Iteration 50 / LogL: -23126.738 / Time: 0h:0m:31s (0h:0m:32s left)
Iteration 60 / LogL: -23113.424 / Time: 0h:0m:31s (0h:0m:21s left)
Iteration 70 / LogL: -23113.392 / Time: 0h:0m:31s (0h:0m:14s left)
Iteration 80 / LogL: -23126.571 / Time: 0h:0m:31s (0h:0m:8s left)
Iteration 90 / LogL: -23169.541 / Time: 0h:0m:31s (0h:0m:3s left)
Iteration 100 / LogL: -23126.599 / Time: 0h:0m:31s (0h:0m:0s left)
TREE SEARCH COMPLETED AFTER 102 ITERATIONS / Time: 0h:0m:31s

--------------------------------------------------------------------
|                    FINALIZING TREE SEARCH                        |
--------------------------------------------------------------------
Performs final model parameters optimization
Estimate model parameters (epsilon = 0.010)
1. Initial log-likelihood: -23113.379
Optimal log-likelihood: -23113.379
Rate parameters:  A-C: 1.00000  A-G: 1.33578  A-T: 1.00000  C-G: 1.00000  C-T: 1.33578  G-T: 1.00000
Base frequencies:  A: 0.279  C: 0.203  G: 0.214  T: 0.304
Parameters optimization took 1 rounds (0.002 sec)
BEST SCORE FOUND : -23113.379

Testing tree branches by aBayes parametric test...
0.002 sec.
Total tree length: 3.578

Total number of iterations: 102
CPU time used for tree search: 0.977 sec (0h:0m:0s)
Wall-clock time used for tree search: 0.982 sec (0h:0m:0s)
Total CPU time used: 27.704 sec (0h:0m:27s)
Total wall-clock time used: 31.997 sec (0h:0m:31s)

Analysis results written to: 
  IQ-TREE report:                /Users/fahim/CSE6406-project/work/paper_subset_50x10_L1600/ils_high/replicate_07/estimated_gene_trees/L1600/hky/locus_0006.iqtree
  Maximum-likelihood tree:       /Users/fahim/CSE6406-project/work/paper_subset_50x10_L1600/ils_high/replicate_07/estimated_gene_trees/L1600/hky/locus_0006.treefile
  Likelihood distances:          /Users/fahim/CSE6406-project/work/paper_subset_50x10_L1600/ils_high/replicate_07/estimated_gene_trees/L1600/hky/locus_0006.mldist
  Screen log file:               /Users/fahim/CSE6406-project/work/paper_subset_50x10_L1600/ils_high/replicate_07/estimated_gene_trees/L1600/hky/locus_0006.log

Date and Time: Sat Sep 12 14:47:11 2026
