IQ-TREE multicore version 2.4.0 for MacOS ARM 64-bit built Feb 12 2025
Developed by Bui Quang Minh, Nguyen Lam Tung, Olga Chernomor, Heiko Schmidt,
Dominik Schrempf, Michael Woodhams, Ly Trong Nhan, Thomas Wong

Host:    Fahims-MacBook-Air.local (SSE4.2, 16 GB RAM)
Command: /Users/fahim/miniconda3/envs/cse6406/bin/iqtree2 -s /Users/fahim/CSE6406-project/work/paper_subset_50x10_L1600/ils_high/replicate_07/alignments/L1600/locus_0046.phy -m HKY --abayes -T AUTO --seed 7106047 --prefix /Users/fahim/CSE6406-project/work/paper_subset_50x10_L1600/ils_high/replicate_07/estimated_gene_trees/L1600/hky/locus_0046 --redo --quiet
Seed:    7106047 (Using SPRNG - Scalable Parallel Random Number Generator)
Time:    Sat Sep 12 15:07:54 2026
Kernel:  SSE2 - auto-detect threads (10 CPU cores detected)

Reading alignment file /Users/fahim/CSE6406-project/work/paper_subset_50x10_L1600/ils_high/replicate_07/alignments/L1600/locus_0046.phy ... Phylip format detected
Alignment most likely contains DNA/RNA sequences
Alignment has 21 sequences with 1600 columns, 813 distinct patterns
651 parsimony-informative, 213 singleton sites, 736 constant sites
        Gap/Ambiguity  Composition  p-value
Analyzing sequences: done in 5.57899e-05 secs using 112.9% CPU
   1  0_0_0     0.00%    passed     76.93%
   2  4_0_0     0.00%    passed     73.15%
   3  2_0_0     0.00%    passed     93.93%
   4  6_0_0     0.00%    passed     87.64%
   5  5_0_0     0.00%    passed     86.31%
   6  14_0_0    0.00%    passed     63.66%
   7  12_0_0    0.00%    passed     54.09%
   8  7_0_0     0.00%    passed     91.01%
   9  11_0_0    0.00%    passed     75.49%
  10  9_0_0     0.00%    passed     95.64%
  11  17_0_0    0.00%    passed     96.25%
  12  10_0_0    0.00%    passed     84.28%
  13  16_0_0    0.00%    passed     68.87%
  14  15_0_0    0.00%    passed     97.58%
  15  3_0_0     0.00%    passed     98.53%
  16  13_0_0    0.00%    passed     99.54%
  17  1_0_0     0.00%    passed     81.21%
  18  8_0_0     0.00%    passed     91.11%
  19  18_0_0    0.00%    passed     79.79%
  20  20_0_0    0.00%    passed     80.74%
  21  19_0_0    0.00%    passed     86.37%
****  TOTAL     0.00%  0 sequences failed composition chi2 test (p-value<5%; df=3)

Create initial parsimony tree by phylogenetic likelihood library (PLL)... 0.001 seconds

NOTE: 0 MB RAM (0 GB) is required!
Measuring multi-threading efficiency up to 10 CPU cores
Increase to 10 rounds for branch lengths
3712 trees examined
Threads: 1 / Time: 10.002 sec / Speedup: 1.000 / Efficiency: 100% / LogL: -24037
Threads: 2 / Time: 20.626 sec / Speedup: 0.485 / Efficiency: 24% / LogL: -24037
BEST NUMBER OF THREADS: 1

Estimate model parameters (epsilon = 0.100)
1. Initial log-likelihood: -22606.073
2. Current log-likelihood: -22467.958
3. Current log-likelihood: -22467.789
Optimal log-likelihood: -22467.789
Rate parameters:  A-C: 1.00000  A-G: 1.42017  A-T: 1.00000  C-G: 1.00000  C-T: 1.42017  G-T: 1.00000
Base frequencies:  A: 0.295  C: 0.201  G: 0.204  T: 0.300
Parameters optimization took 3 rounds (0.006 sec)
Wrote distance file to... 
Computing ML distances based on estimated model parameters...
Calculating distance matrix: done in 0.000473022 secs using 98.94% CPU
Computing ML distances took 0.000526 sec (of wall-clock time) 0.000506 sec (of CPU time)
Setting up auxiliary I and S matrices: done in 2.09808e-05 secs using 66.73% CPU
Computing RapidNJ tree took 0.000075 sec (of wall-clock time) 0.000082 sec (of CPU time)
Log-likelihood of RapidNJ tree: -22555.207
--------------------------------------------------------------------
|             INITIALIZING CANDIDATE TREE SET                      |
--------------------------------------------------------------------
Generating 98 parsimony trees... 0.090 second
Computing log-likelihood of 98 initial trees ... 0.069 seconds
Current best score: -22466.746

Do NNI search on 20 best initial trees
Estimate model parameters (epsilon = 0.100)
BETTER TREE FOUND at iteration 1: -22462.911
Iteration 10 / LogL: -22482.683 / Time: 0h:0m:30s
Iteration 20 / LogL: -22477.333 / Time: 0h:0m:30s
Finish initializing candidate tree set (13)
Current best tree score: -22462.911 / CPU time: 0.300
Number of iterations: 20
--------------------------------------------------------------------
|               OPTIMIZING CANDIDATE TREE SET                      |
--------------------------------------------------------------------
Iteration 30 / LogL: -22463.587 / Time: 0h:0m:31s (0h:1m:15s left)
Iteration 40 / LogL: -22462.913 / Time: 0h:0m:31s (0h:0m:48s left)
Iteration 50 / LogL: -22500.173 / Time: 0h:0m:31s (0h:0m:32s left)
Iteration 60 / LogL: -22465.881 / Time: 0h:0m:31s (0h:0m:21s left)
Iteration 70 / LogL: -22465.876 / Time: 0h:0m:31s (0h:0m:14s left)
Iteration 80 / LogL: -22465.875 / Time: 0h:0m:31s (0h:0m:8s left)
Iteration 90 / LogL: -22475.847 / Time: 0h:0m:31s (0h:0m:3s left)
Iteration 100 / LogL: -22462.913 / Time: 0h:0m:31s (0h:0m:0s left)
TREE SEARCH COMPLETED AFTER 102 ITERATIONS / Time: 0h:0m:31s

--------------------------------------------------------------------
|                    FINALIZING TREE SEARCH                        |
--------------------------------------------------------------------
Performs final model parameters optimization
Estimate model parameters (epsilon = 0.010)
1. Initial log-likelihood: -22462.911
Optimal log-likelihood: -22462.910
Rate parameters:  A-C: 1.00000  A-G: 1.42904  A-T: 1.00000  C-G: 1.00000  C-T: 1.42904  G-T: 1.00000
Base frequencies:  A: 0.295  C: 0.201  G: 0.204  T: 0.300
Parameters optimization took 1 rounds (0.001 sec)
BEST SCORE FOUND : -22462.910

Testing tree branches by aBayes parametric test...
0.002 sec.
Total tree length: 3.406

Total number of iterations: 102
CPU time used for tree search: 1.085 sec (0h:0m:1s)
Wall-clock time used for tree search: 1.090 sec (0h:0m:1s)
Total CPU time used: 27.518 sec (0h:0m:27s)
Total wall-clock time used: 31.735 sec (0h:0m:31s)

Analysis results written to: 
  IQ-TREE report:                /Users/fahim/CSE6406-project/work/paper_subset_50x10_L1600/ils_high/replicate_07/estimated_gene_trees/L1600/hky/locus_0046.iqtree
  Maximum-likelihood tree:       /Users/fahim/CSE6406-project/work/paper_subset_50x10_L1600/ils_high/replicate_07/estimated_gene_trees/L1600/hky/locus_0046.treefile
  Likelihood distances:          /Users/fahim/CSE6406-project/work/paper_subset_50x10_L1600/ils_high/replicate_07/estimated_gene_trees/L1600/hky/locus_0046.mldist
  Screen log file:               /Users/fahim/CSE6406-project/work/paper_subset_50x10_L1600/ils_high/replicate_07/estimated_gene_trees/L1600/hky/locus_0046.log

Date and Time: Sat Sep 12 15:08:26 2026
