IQ-TREE multicore version 2.4.0 for Linux x86 64-bit built Feb 12 2025
Developed by Bui Quang Minh, Nguyen Lam Tung, Olga Chernomor, Heiko Schmidt,
Dominik Schrempf, Michael Woodhams, Ly Trong Nhan, Thomas Wong

Host:    ezmata (AVX2, FMA3, 15 GB RAM)
Command: /home/mis/miniconda3/envs/cse6406/bin/iqtree2 -s /home/mis/CSE6406-project/work/paper_subset_50x10_L200/ils_low/replicate_07/alignments/L200/locus_0043.phy -m GTR+G4 --abayes -T 1 --seed 7106044 --prefix /home/mis/CSE6406-project/work/paper_subset_50x10_L200/ils_low/replicate_07/estimated_gene_trees/L200/gtr_g4/locus_0043 --redo --quiet
Seed:    7106044 (Using SPRNG - Scalable Parallel Random Number Generator)
Time:    Sat Sep 12 21:35:13 2026
Kernel:  AVX+FMA - 1 threads (16 CPU cores detected)

HINT: Use -nt option to specify number of threads because your CPU has 16 cores!
HINT: -nt AUTO will automatically determine the best number of threads to use.

Reading alignment file /home/mis/CSE6406-project/work/paper_subset_50x10_L200/ils_low/replicate_07/alignments/L200/locus_0043.phy ... Phylip format detected
Alignment most likely contains DNA/RNA sequences
Alignment has 21 sequences with 200 columns, 99 distinct patterns
76 parsimony-informative, 21 singleton sites, 103 constant sites
        Gap/Ambiguity  Composition  p-value
Analyzing sequences: done in 1.7584e-05 secs using 96.68% CPU
   1  20_0_0    0.00%    passed     92.59%
   2  18_0_0    0.00%    passed     93.61%
   3  19_0_0    0.00%    passed     81.00%
   4  6_0_0     0.00%    passed     85.12%
   5  2_0_0     0.00%    passed     96.71%
   6  14_0_0    0.00%    passed     93.58%
   7  4_0_0     0.00%    passed     99.51%
   8  17_0_0    0.00%    passed     97.81%
   9  10_0_0    0.00%    passed     95.76%
  10  9_0_0     0.00%    passed     83.67%
  11  11_0_0    0.00%    passed     68.90%
  12  5_0_0     0.00%    passed     85.78%
  13  15_0_0    0.00%    passed     95.11%
  14  3_0_0     0.00%    passed     58.37%
  15  13_0_0    0.00%    passed     84.82%
  16  16_0_0    0.00%    passed     66.73%
  17  1_0_0     0.00%    passed     90.36%
  18  8_0_0     0.00%    passed     91.47%
  19  12_0_0    0.00%    passed     96.64%
  20  7_0_0     0.00%    passed     94.09%
  21  0_0_0     0.00%    passed     32.24%
****  TOTAL     0.00%  0 sequences failed composition chi2 test (p-value<5%; df=3)

Create initial parsimony tree by phylogenetic likelihood library (PLL)... 0.001 seconds

NOTE: 0 MB RAM (0 GB) is required!
Estimate model parameters (epsilon = 0.100)
1. Initial log-likelihood: -2211.345
2. Current log-likelihood: -2079.700
3. Current log-likelihood: -2073.016
4. Current log-likelihood: -2072.724
Optimal log-likelihood: -2072.699
Rate parameters:  A-C: 1.39139  A-G: 3.20559  A-T: 1.33941  C-G: 1.64584  C-T: 1.73540  G-T: 1.00000
Base frequencies:  A: 0.283  C: 0.200  G: 0.168  T: 0.349
Gamma shape alpha: 0.213
Parameters optimization took 4 rounds (0.027 sec)
Wrote distance file to... 
Computing ML distances based on estimated model parameters...
Calculating distance matrix: done in 0.00219335 secs using 96.11% CPU
Computing ML distances took 0.002223 sec (of wall-clock time) 0.002138 sec (of CPU time)
Setting up auxiliary I and S matrices: done in 7.6903e-05 secs using 50.71% CPU
Computing RapidNJ tree took 0.000261 sec (of wall-clock time) 0.000043 sec (of CPU time)
Log-likelihood of RapidNJ tree: -2059.761
--------------------------------------------------------------------
|             INITIALIZING CANDIDATE TREE SET                      |
--------------------------------------------------------------------
Generating 98 parsimony trees... 0.076 second
Computing log-likelihood of 98 initial trees ... 0.080 seconds
Current best score: -2059.761

Do NNI search on 20 best initial trees
Estimate model parameters (epsilon = 0.100)
BETTER TREE FOUND at iteration 1: -2055.017
Estimate model parameters (epsilon = 0.100)
BETTER TREE FOUND at iteration 2: -2049.768
BETTER TREE FOUND at iteration 3: -2049.766
Estimate model parameters (epsilon = 0.100)
BETTER TREE FOUND at iteration 5: -2049.614
Estimate model parameters (epsilon = 0.100)
BETTER TREE FOUND at iteration 6: -2049.439
Iteration 10 / LogL: -2049.616 / Time: 0h:0m:0s
Iteration 20 / LogL: -2049.440 / Time: 0h:0m:0s
Finish initializing candidate tree set (12)
Current best tree score: -2049.439 / CPU time: 0.911
Number of iterations: 20
--------------------------------------------------------------------
|               OPTIMIZING CANDIDATE TREE SET                      |
--------------------------------------------------------------------
Iteration 30 / LogL: -2049.440 / Time: 0h:0m:1s (0h:0m:3s left)
Iteration 40 / LogL: -2049.439 / Time: 0h:0m:1s (0h:0m:2s left)
UPDATE BEST LOG-LIKELIHOOD: -2049.439
Iteration 50 / LogL: -2049.439 / Time: 0h:0m:1s (0h:0m:2s left)
Iteration 60 / LogL: -2053.501 / Time: 0h:0m:2s (0h:0m:1s left)
Iteration 70 / LogL: -2049.439 / Time: 0h:0m:2s (0h:0m:1s left)
Iteration 80 / LogL: -2049.616 / Time: 0h:0m:2s (0h:0m:0s left)
UPDATE BEST LOG-LIKELIHOOD: -2049.439
Iteration 90 / LogL: -2049.616 / Time: 0h:0m:2s (0h:0m:0s left)
Iteration 100 / LogL: -2049.439 / Time: 0h:0m:2s (0h:0m:0s left)
TREE SEARCH COMPLETED AFTER 107 ITERATIONS / Time: 0h:0m:3s

--------------------------------------------------------------------
|                    FINALIZING TREE SEARCH                        |
--------------------------------------------------------------------
Performs final model parameters optimization
Estimate model parameters (epsilon = 0.010)
1. Initial log-likelihood: -2049.439
Optimal log-likelihood: -2049.439
Rate parameters:  A-C: 1.31615  A-G: 3.00821  A-T: 1.35503  C-G: 1.07756  C-T: 2.10197  G-T: 1.00000
Base frequencies:  A: 0.283  C: 0.200  G: 0.168  T: 0.349
Gamma shape alpha: 0.184
Parameters optimization took 1 rounds (0.002 sec)
BEST SCORE FOUND : -2049.439

Testing tree branches by aBayes parametric test...
0.003 sec.
Total tree length: 5.479

Total number of iterations: 107
CPU time used for tree search: 2.886 sec (0h:0m:2s)
Wall-clock time used for tree search: 3.060 sec (0h:0m:3s)
Total CPU time used: 2.936 sec (0h:0m:2s)
Total wall-clock time used: 3.112 sec (0h:0m:3s)

Analysis results written to: 
  IQ-TREE report:                /home/mis/CSE6406-project/work/paper_subset_50x10_L200/ils_low/replicate_07/estimated_gene_trees/L200/gtr_g4/locus_0043.iqtree
  Maximum-likelihood tree:       /home/mis/CSE6406-project/work/paper_subset_50x10_L200/ils_low/replicate_07/estimated_gene_trees/L200/gtr_g4/locus_0043.treefile
  Likelihood distances:          /home/mis/CSE6406-project/work/paper_subset_50x10_L200/ils_low/replicate_07/estimated_gene_trees/L200/gtr_g4/locus_0043.mldist
  Screen log file:               /home/mis/CSE6406-project/work/paper_subset_50x10_L200/ils_low/replicate_07/estimated_gene_trees/L200/gtr_g4/locus_0043.log

Date and Time: Sat Sep 12 21:35:16 2026
