IQ-TREE multicore version 2.4.0 for Linux x86 64-bit built Feb 12 2025
Developed by Bui Quang Minh, Nguyen Lam Tung, Olga Chernomor, Heiko Schmidt,
Dominik Schrempf, Michael Woodhams, Ly Trong Nhan, Thomas Wong

Host:    ezmata (AVX2, FMA3, 15 GB RAM)
Command: /home/mis/miniconda3/envs/cse6406/bin/iqtree2 -s /home/mis/CSE6406-project/work/paper_subset_50x10_L200/ils_low/replicate_07/alignments/L200/locus_0026.phy -m GTR+G4 --abayes -T 1 --seed 7106027 --prefix /home/mis/CSE6406-project/work/paper_subset_50x10_L200/ils_low/replicate_07/estimated_gene_trees/L200/gtr_g4/locus_0026 --redo --quiet
Seed:    7106027 (Using SPRNG - Scalable Parallel Random Number Generator)
Time:    Sat Sep 12 21:35:04 2026
Kernel:  AVX+FMA - 1 threads (16 CPU cores detected)

HINT: Use -nt option to specify number of threads because your CPU has 16 cores!
HINT: -nt AUTO will automatically determine the best number of threads to use.

Reading alignment file /home/mis/CSE6406-project/work/paper_subset_50x10_L200/ils_low/replicate_07/alignments/L200/locus_0026.phy ... Phylip format detected
Alignment most likely contains DNA/RNA sequences
Alignment has 21 sequences with 200 columns, 102 distinct patterns
79 parsimony-informative, 21 singleton sites, 100 constant sites
        Gap/Ambiguity  Composition  p-value
Analyzing sequences: done in 1.5743e-05 secs using 38.11% CPU
   1  0_0_0     0.00%    passed     82.11%
   2  15_0_0    0.00%    passed     55.44%
   3  5_0_0     0.00%    passed     83.72%
   4  10_0_0    0.00%    passed     98.65%
   5  17_0_0    0.00%    passed     98.47%
   6  11_0_0    0.00%    passed     99.66%
   7  9_0_0     0.00%    passed     87.41%
   8  6_0_0     0.00%    passed     88.49%
   9  2_0_0     0.00%    passed     72.83%
  10  4_0_0     0.00%    passed     70.86%
  11  14_0_0    0.00%    passed     94.37%
  12  16_0_0    0.00%    passed     82.88%
  13  13_0_0    0.00%    passed     83.65%
  14  3_0_0     0.00%    passed     72.25%
  15  7_0_0     0.00%    passed     96.87%
  16  12_0_0    0.00%    passed     99.82%
  17  8_0_0     0.00%    passed     80.48%
  18  1_0_0     0.00%    passed     99.69%
  19  18_0_0    0.00%    passed     89.47%
  20  20_0_0    0.00%    passed     95.54%
  21  19_0_0    0.00%    passed     89.25%
****  TOTAL     0.00%  0 sequences failed composition chi2 test (p-value<5%; df=3)

Create initial parsimony tree by phylogenetic likelihood library (PLL)... 0.001 seconds

NOTE: 0 MB RAM (0 GB) is required!
Estimate model parameters (epsilon = 0.100)
1. Initial log-likelihood: -2368.943
2. Current log-likelihood: -2224.190
3. Current log-likelihood: -2214.704
4. Current log-likelihood: -2214.157
Optimal log-likelihood: -2214.047
Rate parameters:  A-C: 2.03842  A-G: 2.70113  A-T: 1.51287  C-G: 2.04521  C-T: 4.38029  G-T: 1.00000
Base frequencies:  A: 0.328  C: 0.175  G: 0.200  T: 0.297
Gamma shape alpha: 0.178
Parameters optimization took 4 rounds (0.051 sec)
Wrote distance file to... 
Computing ML distances based on estimated model parameters...
Calculating distance matrix: done in 0.00269078 secs using 96.85% CPU
Computing ML distances took 0.002746 sec (of wall-clock time) 0.002664 sec (of CPU time)
Setting up auxiliary I and S matrices: done in 6.3947e-05 secs
Computing RapidNJ tree took 0.000259 sec (of wall-clock time) 0.000000 sec (of CPU time)
Log-likelihood of RapidNJ tree: -2203.948
--------------------------------------------------------------------
|             INITIALIZING CANDIDATE TREE SET                      |
--------------------------------------------------------------------
Generating 98 parsimony trees... 0.116 second
Computing log-likelihood of 98 initial trees ... 0.083 seconds
Current best score: -2195.251

Do NNI search on 20 best initial trees
Estimate model parameters (epsilon = 0.100)
BETTER TREE FOUND at iteration 1: -2186.914
Estimate model parameters (epsilon = 0.100)
BETTER TREE FOUND at iteration 6: -2184.761
Iteration 10 / LogL: -2193.663 / Time: 0h:0m:0s
Iteration 20 / LogL: -2192.125 / Time: 0h:0m:1s
Finish initializing candidate tree set (18)
Current best tree score: -2184.761 / CPU time: 1.304
Number of iterations: 20
--------------------------------------------------------------------
|               OPTIMIZING CANDIDATE TREE SET                      |
--------------------------------------------------------------------
Estimate model parameters (epsilon = 0.100)
BETTER TREE FOUND at iteration 22: -2184.637
Estimate model parameters (epsilon = 0.100)
BETTER TREE FOUND at iteration 28: -2182.794
Estimate model parameters (epsilon = 0.100)
UPDATE BEST LOG-LIKELIHOOD: -2182.750
BETTER TREE FOUND at iteration 30: -2182.744
Iteration 30 / LogL: -2182.744 / Time: 0h:0m:1s (0h:0m:5s left)
Iteration 40 / LogL: -2184.623 / Time: 0h:0m:1s (0h:0m:4s left)
UPDATE BEST LOG-LIKELIHOOD: -2182.744
UPDATE BEST LOG-LIKELIHOOD: -2182.743
Iteration 50 / LogL: -2182.743 / Time: 0h:0m:2s (0h:0m:3s left)
Iteration 60 / LogL: -2182.756 / Time: 0h:0m:2s (0h:0m:2s left)
UPDATE BEST LOG-LIKELIHOOD: -2182.743
Iteration 70 / LogL: -2182.743 / Time: 0h:0m:2s (0h:0m:2s left)
WARNING: NNI search needs unusual large number of steps (21) to converge!
Iteration 80 / LogL: -2182.795 / Time: 0h:0m:3s (0h:0m:2s left)
Iteration 90 / LogL: -2182.757 / Time: 0h:0m:4s (0h:0m:1s left)
Iteration 100 / LogL: -2182.766 / Time: 0h:0m:4s (0h:0m:1s left)
Iteration 110 / LogL: -2182.747 / Time: 0h:0m:5s (0h:0m:0s left)
Iteration 120 / LogL: -2182.744 / Time: 0h:0m:5s (0h:0m:0s left)
BETTER TREE FOUND at iteration 121: -2182.743
Iteration 130 / LogL: -2182.744 / Time: 0h:0m:6s (0h:0m:4s left)
Iteration 140 / LogL: -2182.798 / Time: 0h:0m:7s (0h:0m:4s left)
Iteration 150 / LogL: -2182.744 / Time: 0h:0m:7s (0h:0m:3s left)
UPDATE BEST LOG-LIKELIHOOD: -2182.743
UPDATE BEST LOG-LIKELIHOOD: -2182.743
Iteration 160 / LogL: -2182.746 / Time: 0h:0m:8s (0h:0m:3s left)
Iteration 170 / LogL: -2182.744 / Time: 0h:0m:8s (0h:0m:2s left)
Iteration 180 / LogL: -2182.773 / Time: 0h:0m:9s (0h:0m:2s left)
WARNING: NNI search needs unusual large number of steps (21) to converge!
Iteration 190 / LogL: -2182.743 / Time: 0h:0m:10s (0h:0m:1s left)
WARNING: NNI search needs unusual large number of steps (21) to converge!
Iteration 200 / LogL: -2182.747 / Time: 0h:0m:11s (0h:0m:1s left)
UPDATE BEST LOG-LIKELIHOOD: -2182.743
Iteration 210 / LogL: -2182.764 / Time: 0h:0m:11s (0h:0m:0s left)
Iteration 220 / LogL: -2182.744 / Time: 0h:0m:12s (0h:0m:0s left)
TREE SEARCH COMPLETED AFTER 222 ITERATIONS / Time: 0h:0m:12s

--------------------------------------------------------------------
|                    FINALIZING TREE SEARCH                        |
--------------------------------------------------------------------
Performs final model parameters optimization
Estimate model parameters (epsilon = 0.010)
1. Initial log-likelihood: -2182.743
Optimal log-likelihood: -2182.741
Rate parameters:  A-C: 2.63778  A-G: 3.53712  A-T: 1.72574  C-G: 2.05300  C-T: 4.97507  G-T: 1.00000
Base frequencies:  A: 0.328  C: 0.175  G: 0.200  T: 0.297
Gamma shape alpha: 0.146
Parameters optimization took 1 rounds (0.006 sec)
BEST SCORE FOUND : -2182.741

Testing tree branches by aBayes parametric test...
0.007 sec.
Total tree length: 6.352

Total number of iterations: 222
CPU time used for tree search: 11.854 sec (0h:0m:11s)
Wall-clock time used for tree search: 12.377 sec (0h:0m:12s)
Total CPU time used: 11.940 sec (0h:0m:11s)
Total wall-clock time used: 12.466 sec (0h:0m:12s)

Analysis results written to: 
  IQ-TREE report:                /home/mis/CSE6406-project/work/paper_subset_50x10_L200/ils_low/replicate_07/estimated_gene_trees/L200/gtr_g4/locus_0026.iqtree
  Maximum-likelihood tree:       /home/mis/CSE6406-project/work/paper_subset_50x10_L200/ils_low/replicate_07/estimated_gene_trees/L200/gtr_g4/locus_0026.treefile
  Likelihood distances:          /home/mis/CSE6406-project/work/paper_subset_50x10_L200/ils_low/replicate_07/estimated_gene_trees/L200/gtr_g4/locus_0026.mldist
  Screen log file:               /home/mis/CSE6406-project/work/paper_subset_50x10_L200/ils_low/replicate_07/estimated_gene_trees/L200/gtr_g4/locus_0026.log

Date and Time: Sat Sep 12 21:35:17 2026
