IQ-TREE multicore version 2.4.0 for MacOS ARM 64-bit built Feb 12 2025
Developed by Bui Quang Minh, Nguyen Lam Tung, Olga Chernomor, Heiko Schmidt,
Dominik Schrempf, Michael Woodhams, Ly Trong Nhan, Thomas Wong

Host:    Fahims-MacBook-Air.local (SSE4.2, 16 GB RAM)
Command: /Users/fahim/miniconda3/envs/cse6406/bin/iqtree2 -s /Users/fahim/CSE6406-project/work/paper_subset_50x10_L1600/ils_high/replicate_03/alignments/L1600/locus_0037.phy -m GTR+G4 --abayes -T AUTO --seed 6706038 --prefix /Users/fahim/CSE6406-project/work/paper_subset_50x10_L1600/ils_high/replicate_03/estimated_gene_trees/L1600/gtr_g4/locus_0037 --redo --quiet
Seed:    6706038 (Using SPRNG - Scalable Parallel Random Number Generator)
Time:    Sat Sep 12 05:07:23 2026
Kernel:  SSE2 - auto-detect threads (10 CPU cores detected)

Reading alignment file /Users/fahim/CSE6406-project/work/paper_subset_50x10_L1600/ils_high/replicate_03/alignments/L1600/locus_0037.phy ... Phylip format detected
Alignment most likely contains DNA/RNA sequences
Alignment has 21 sequences with 1600 columns, 871 distinct patterns
759 parsimony-informative, 132 singleton sites, 709 constant sites
        Gap/Ambiguity  Composition  p-value
Analyzing sequences: done in 3.19481e-05 secs using 140.9% CPU
   1  9_0_0     0.00%    passed     89.13%
   2  5_0_0     0.00%    passed     49.74%
   3  14_0_0    0.00%    passed     99.14%
   4  7_0_0     0.00%    passed     87.88%
   5  18_0_0    0.00%    passed     77.26%
   6  6_0_0     0.00%    passed     90.70%
   7  15_0_0    0.00%    passed     83.72%
   8  1_0_0     0.00%    passed     88.35%
   9  3_0_0     0.00%    passed     75.50%
  10  2_0_0     0.00%    passed     62.69%
  11  16_0_0    0.00%    passed     95.49%
  12  19_0_0    0.00%    passed     94.17%
  13  10_0_0    0.00%    passed     86.52%
  14  12_0_0    0.00%    passed     84.02%
  15  17_0_0    0.00%    passed     96.36%
  16  4_0_0     0.00%    passed     75.18%
  17  13_0_0    0.00%    passed     79.98%
  18  11_0_0    0.00%    passed     56.79%
  19  8_0_0     0.00%    passed     82.13%
  20  20_0_0    0.00%    passed     95.64%
  21  0_0_0     0.00%    passed     53.32%
****  TOTAL     0.00%  0 sequences failed composition chi2 test (p-value<5%; df=3)

Create initial parsimony tree by phylogenetic likelihood library (PLL)... 0.000 seconds

NOTE: 2 MB RAM (0 GB) is required!
Measuring multi-threading efficiency up to 10 CPU cores
Increase to 10 rounds for branch lengths
855 trees examined
Threads: 1 / Time: 10.005 sec / Speedup: 1.000 / Efficiency: 100% / LogL: -23352
Threads: 2 / Time: 12.251 sec / Speedup: 0.817 / Efficiency: 41% / LogL: -23352
BEST NUMBER OF THREADS: 1

Estimate model parameters (epsilon = 0.100)
1. Initial log-likelihood: -22105.195
2. Current log-likelihood: -20870.395
3. Current log-likelihood: -20764.813
4. Current log-likelihood: -20754.813
5. Current log-likelihood: -20752.649
6. Current log-likelihood: -20752.054
7. Current log-likelihood: -20751.874
Optimal log-likelihood: -20751.798
Rate parameters:  A-C: 0.96877  A-G: 1.91781  A-T: 1.12467  C-G: 0.87039  C-T: 1.93850  G-T: 1.00000
Base frequencies:  A: 0.298  C: 0.198  G: 0.204  T: 0.299
Gamma shape alpha: 0.188
Parameters optimization took 7 rounds (0.110 sec)
Wrote distance file to... 
Computing ML distances based on estimated model parameters...
Calculating distance matrix: done in 0.000808001 secs using 99.13% CPU
Computing ML distances took 0.000856 sec (of wall-clock time) 0.000836 sec (of CPU time)
Setting up auxiliary I and S matrices: done in 1.38283e-05 secs using 72.32% CPU
Computing RapidNJ tree took 0.000051 sec (of wall-clock time) 0.000053 sec (of CPU time)
Log-likelihood of RapidNJ tree: -20731.377
--------------------------------------------------------------------
|             INITIALIZING CANDIDATE TREE SET                      |
--------------------------------------------------------------------
Generating 98 parsimony trees... 0.079 second
Computing log-likelihood of 98 initial trees ... 0.186 seconds
Current best score: -20731.377

Do NNI search on 20 best initial trees
Estimate model parameters (epsilon = 0.100)
BETTER TREE FOUND at iteration 1: -20731.105
UPDATE BEST LOG-LIKELIHOOD: -20731.104
Iteration 10 / LogL: -20731.212 / Time: 0h:0m:22s
Iteration 20 / LogL: -20731.222 / Time: 0h:0m:23s
Finish initializing candidate tree set (2)
Current best tree score: -20731.104 / CPU time: 0.770
Number of iterations: 20
--------------------------------------------------------------------
|               OPTIMIZING CANDIDATE TREE SET                      |
--------------------------------------------------------------------
Iteration 30 / LogL: -20731.246 / Time: 0h:0m:23s (0h:0m:57s left)
Iteration 40 / LogL: -20731.132 / Time: 0h:0m:23s (0h:0m:37s left)
Iteration 50 / LogL: -20731.163 / Time: 0h:0m:23s (0h:0m:24s left)
Iteration 60 / LogL: -20731.105 / Time: 0h:0m:24s (0h:0m:16s left)
Iteration 70 / LogL: -20731.106 / Time: 0h:0m:24s (0h:0m:11s left)
Iteration 80 / LogL: -20731.113 / Time: 0h:0m:24s (0h:0m:6s left)
Iteration 90 / LogL: -20731.114 / Time: 0h:0m:25s (0h:0m:3s left)
Iteration 100 / LogL: -20731.368 / Time: 0h:0m:25s (0h:0m:0s left)
TREE SEARCH COMPLETED AFTER 102 ITERATIONS / Time: 0h:0m:25s

--------------------------------------------------------------------
|                    FINALIZING TREE SEARCH                        |
--------------------------------------------------------------------
Performs final model parameters optimization
Estimate model parameters (epsilon = 0.010)
1. Initial log-likelihood: -20731.104
2. Current log-likelihood: -20731.089
Optimal log-likelihood: -20731.080
Rate parameters:  A-C: 0.99177  A-G: 1.94055  A-T: 1.10512  C-G: 0.87159  C-T: 1.97667  G-T: 1.00000
Base frequencies:  A: 0.298  C: 0.198  G: 0.204  T: 0.299
Gamma shape alpha: 0.187
Parameters optimization took 2 rounds (0.014 sec)
BEST SCORE FOUND : -20731.080

Testing tree branches by aBayes parametric test...
0.007 sec.
Total tree length: 12.352

Total number of iterations: 102
CPU time used for tree search: 3.024 sec (0h:0m:3s)
Wall-clock time used for tree search: 3.032 sec (0h:0m:3s)
Total CPU time used: 25.957 sec (0h:0m:25s)
Total wall-clock time used: 25.430 sec (0h:0m:25s)

Analysis results written to: 
  IQ-TREE report:                /Users/fahim/CSE6406-project/work/paper_subset_50x10_L1600/ils_high/replicate_03/estimated_gene_trees/L1600/gtr_g4/locus_0037.iqtree
  Maximum-likelihood tree:       /Users/fahim/CSE6406-project/work/paper_subset_50x10_L1600/ils_high/replicate_03/estimated_gene_trees/L1600/gtr_g4/locus_0037.treefile
  Likelihood distances:          /Users/fahim/CSE6406-project/work/paper_subset_50x10_L1600/ils_high/replicate_03/estimated_gene_trees/L1600/gtr_g4/locus_0037.mldist
  Screen log file:               /Users/fahim/CSE6406-project/work/paper_subset_50x10_L1600/ils_high/replicate_03/estimated_gene_trees/L1600/gtr_g4/locus_0037.log

Date and Time: Sat Sep 12 05:07:49 2026
