IQ-TREE multicore version 2.4.0 for MacOS ARM 64-bit built Feb 12 2025
Developed by Bui Quang Minh, Nguyen Lam Tung, Olga Chernomor, Heiko Schmidt,
Dominik Schrempf, Michael Woodhams, Ly Trong Nhan, Thomas Wong

Host:    Fahims-MacBook-Air.local (SSE4.2, 16 GB RAM)
Command: /Users/fahim/miniconda3/envs/cse6406/bin/iqtree2 -s /Users/fahim/CSE6406-project/work/paper_subset_50x10_L1600/ils_high/replicate_03/alignments/L1600/locus_0016.phy -m GTR+G4 --abayes -T AUTO --seed 6706017 --prefix /Users/fahim/CSE6406-project/work/paper_subset_50x10_L1600/ils_high/replicate_03/estimated_gene_trees/L1600/gtr_g4/locus_0016 --redo --quiet
Seed:    6706017 (Using SPRNG - Scalable Parallel Random Number Generator)
Time:    Sat Sep 12 04:58:23 2026
Kernel:  SSE2 - auto-detect threads (10 CPU cores detected)

Reading alignment file /Users/fahim/CSE6406-project/work/paper_subset_50x10_L1600/ils_high/replicate_03/alignments/L1600/locus_0016.phy ... Phylip format detected
Alignment most likely contains DNA/RNA sequences
Alignment has 21 sequences with 1600 columns, 930 distinct patterns
808 parsimony-informative, 147 singleton sites, 645 constant sites
        Gap/Ambiguity  Composition  p-value
Analyzing sequences: done in 3.88622e-05 secs using 136.4% CPU
   1  8_0_0     0.00%    passed     78.18%
   2  11_0_0    0.00%    passed     76.61%
   3  16_0_0    0.00%    passed     60.73%
   4  4_0_0     0.00%    passed     83.59%
   5  19_0_0    0.00%    passed     81.52%
   6  10_0_0    0.00%    passed     84.03%
   7  17_0_0    0.00%    passed     69.94%
   8  6_0_0     0.00%    passed     33.76%
   9  9_0_0     0.00%    passed     61.33%
  10  7_0_0     0.00%    passed     98.06%
  11  14_0_0    0.00%    passed     97.59%
  12  5_0_0     0.00%    passed     95.83%
  13  18_0_0    0.00%    passed     85.43%
  14  0_0_0     0.00%    passed     79.84%
  15  20_0_0    0.00%    passed     89.76%
  16  15_0_0    0.00%    passed     82.88%
  17  12_0_0    0.00%    passed     99.37%
  18  13_0_0    0.00%    passed     81.73%
  19  1_0_0     0.00%    passed     88.53%
  20  3_0_0     0.00%    passed     87.60%
  21  2_0_0     0.00%    passed     67.99%
****  TOTAL     0.00%  0 sequences failed composition chi2 test (p-value<5%; df=3)

Create initial parsimony tree by phylogenetic likelihood library (PLL)... 0.001 seconds

NOTE: 2 MB RAM (0 GB) is required!
Measuring multi-threading efficiency up to 10 CPU cores
Increase to 10 rounds for branch lengths
754 trees examined
Threads: 1 / Time: 10.002 sec / Speedup: 1.000 / Efficiency: 100% / LogL: -24788
Threads: 2 / Time: 11.468 sec / Speedup: 0.872 / Efficiency: 44% / LogL: -24788
BEST NUMBER OF THREADS: 1

Estimate model parameters (epsilon = 0.100)
1. Initial log-likelihood: -23590.088
2. Current log-likelihood: -22373.731
3. Current log-likelihood: -22252.215
4. Current log-likelihood: -22239.610
5. Current log-likelihood: -22236.680
6. Current log-likelihood: -22235.821
7. Current log-likelihood: -22235.541
Optimal log-likelihood: -22235.411
Rate parameters:  A-C: 1.08162  A-G: 1.84917  A-T: 0.93399  C-G: 1.08529  C-T: 2.14715  G-T: 1.00000
Base frequencies:  A: 0.301  C: 0.200  G: 0.215  T: 0.284
Gamma shape alpha: 0.202
Parameters optimization took 7 rounds (0.115 sec)
Wrote distance file to... 
Computing ML distances based on estimated model parameters...
Calculating distance matrix: done in 0.00086689 secs using 99.55% CPU
Computing ML distances took 0.000912 sec (of wall-clock time) 0.000899 sec (of CPU time)
Setting up auxiliary I and S matrices: done in 1.40667e-05 secs using 71.09% CPU
Computing RapidNJ tree took 0.000054 sec (of wall-clock time) 0.000054 sec (of CPU time)
Log-likelihood of RapidNJ tree: -22253.516
--------------------------------------------------------------------
|             INITIALIZING CANDIDATE TREE SET                      |
--------------------------------------------------------------------
Generating 98 parsimony trees... 0.088 second
Computing log-likelihood of 98 initial trees ... 0.204 seconds
Current best score: -22235.411

Do NNI search on 20 best initial trees
Estimate model parameters (epsilon = 0.100)
BETTER TREE FOUND at iteration 1: -22218.390
Iteration 10 / LogL: -22218.404 / Time: 0h:0m:22s
Iteration 20 / LogL: -22218.409 / Time: 0h:0m:22s
Finish initializing candidate tree set (1)
Current best tree score: -22218.390 / CPU time: 0.978
Number of iterations: 20
--------------------------------------------------------------------
|               OPTIMIZING CANDIDATE TREE SET                      |
--------------------------------------------------------------------
Iteration 30 / LogL: -22218.467 / Time: 0h:0m:22s (0h:0m:56s left)
Iteration 40 / LogL: -22218.473 / Time: 0h:0m:23s (0h:0m:36s left)
Iteration 50 / LogL: -22218.476 / Time: 0h:0m:23s (0h:0m:24s left)
Iteration 60 / LogL: -22218.391 / Time: 0h:0m:23s (0h:0m:16s left)
Iteration 70 / LogL: -22218.414 / Time: 0h:0m:24s (0h:0m:10s left)
Iteration 80 / LogL: -22219.777 / Time: 0h:0m:24s (0h:0m:6s left)
Iteration 90 / LogL: -22218.399 / Time: 0h:0m:24s (0h:0m:3s left)
Iteration 100 / LogL: -22218.473 / Time: 0h:0m:25s (0h:0m:0s left)
TREE SEARCH COMPLETED AFTER 102 ITERATIONS / Time: 0h:0m:25s

--------------------------------------------------------------------
|                    FINALIZING TREE SEARCH                        |
--------------------------------------------------------------------
Performs final model parameters optimization
Estimate model parameters (epsilon = 0.010)
1. Initial log-likelihood: -22218.390
2. Current log-likelihood: -22218.380
Optimal log-likelihood: -22218.371
Rate parameters:  A-C: 1.09405  A-G: 1.86450  A-T: 0.94713  C-G: 1.13616  C-T: 2.16252  G-T: 1.00000
Base frequencies:  A: 0.301  C: 0.200  G: 0.215  T: 0.284
Gamma shape alpha: 0.200
Parameters optimization took 2 rounds (0.014 sec)
BEST SCORE FOUND : -22218.371

Testing tree branches by aBayes parametric test...
0.007 sec.
Total tree length: 13.718

Total number of iterations: 102
CPU time used for tree search: 3.501 sec (0h:0m:3s)
Wall-clock time used for tree search: 3.510 sec (0h:0m:3s)
Total CPU time used: 26.117 sec (0h:0m:26s)
Total wall-clock time used: 25.129 sec (0h:0m:25s)

Analysis results written to: 
  IQ-TREE report:                /Users/fahim/CSE6406-project/work/paper_subset_50x10_L1600/ils_high/replicate_03/estimated_gene_trees/L1600/gtr_g4/locus_0016.iqtree
  Maximum-likelihood tree:       /Users/fahim/CSE6406-project/work/paper_subset_50x10_L1600/ils_high/replicate_03/estimated_gene_trees/L1600/gtr_g4/locus_0016.treefile
  Likelihood distances:          /Users/fahim/CSE6406-project/work/paper_subset_50x10_L1600/ils_high/replicate_03/estimated_gene_trees/L1600/gtr_g4/locus_0016.mldist
  Screen log file:               /Users/fahim/CSE6406-project/work/paper_subset_50x10_L1600/ils_high/replicate_03/estimated_gene_trees/L1600/gtr_g4/locus_0016.log

Date and Time: Sat Sep 12 04:58:48 2026
