IQ-TREE multicore version 2.4.0 for MacOS ARM 64-bit built Feb 12 2025
Developed by Bui Quang Minh, Nguyen Lam Tung, Olga Chernomor, Heiko Schmidt,
Dominik Schrempf, Michael Woodhams, Ly Trong Nhan, Thomas Wong

Host:    Fahims-MacBook-Air.local (SSE4.2, 16 GB RAM)
Command: /Users/fahim/miniconda3/envs/cse6406/bin/iqtree2 -s /Users/fahim/CSE6406-project/work/paper_subset_50x10_L1600/ils_high/replicate_03/alignments/L1600/locus_0029.phy -m GTR+G4 --abayes -T AUTO --seed 6706030 --prefix /Users/fahim/CSE6406-project/work/paper_subset_50x10_L1600/ils_high/replicate_03/estimated_gene_trees/L1600/gtr_g4/locus_0029 --redo --quiet
Seed:    6706030 (Using SPRNG - Scalable Parallel Random Number Generator)
Time:    Sat Sep 12 05:03:56 2026
Kernel:  SSE2 - auto-detect threads (10 CPU cores detected)

Reading alignment file /Users/fahim/CSE6406-project/work/paper_subset_50x10_L1600/ils_high/replicate_03/alignments/L1600/locus_0029.phy ... Phylip format detected
Alignment most likely contains DNA/RNA sequences
Alignment has 21 sequences with 1600 columns, 912 distinct patterns
813 parsimony-informative, 124 singleton sites, 663 constant sites
        Gap/Ambiguity  Composition  p-value
Analyzing sequences: done in 3.91006e-05 secs using 135.5% CPU
   1  0_0_0     0.00%    passed     71.04%
   2  15_0_0    0.00%    passed     40.59%
   3  6_0_0     0.00%    passed     77.22%
   4  4_0_0     0.00%    passed     46.27%
   5  7_0_0     0.00%    passed     71.63%
   6  14_0_0    0.00%    passed     99.98%
   7  5_0_0     0.00%    passed     55.05%
   8  2_0_0     0.00%    passed     98.84%
   9  1_0_0     0.00%    passed     64.52%
  10  3_0_0     0.00%    passed     95.39%
  11  20_0_0    0.00%    passed     81.12%
  12  9_0_0     0.00%    passed     98.73%
  13  18_0_0    0.00%    passed     58.20%
  14  17_0_0    0.00%    passed     66.52%
  15  12_0_0    0.00%    passed     70.29%
  16  13_0_0    0.00%    passed     54.29%
  17  10_0_0    0.00%    passed     95.24%
  18  19_0_0    0.00%    passed     86.62%
  19  16_0_0    0.00%    passed     85.16%
  20  8_0_0     0.00%    passed     87.24%
  21  11_0_0    0.00%    passed     53.66%
****  TOTAL     0.00%  0 sequences failed composition chi2 test (p-value<5%; df=3)

Create initial parsimony tree by phylogenetic likelihood library (PLL)... 0.001 seconds

NOTE: 2 MB RAM (0 GB) is required!
Measuring multi-threading efficiency up to 10 CPU cores
Increase to 10 rounds for branch lengths
821 trees examined
Threads: 1 / Time: 10.009 sec / Speedup: 1.000 / Efficiency: 100% / LogL: -24269
Threads: 2 / Time: 11.941 sec / Speedup: 0.838 / Efficiency: 42% / LogL: -24269
BEST NUMBER OF THREADS: 1

Estimate model parameters (epsilon = 0.100)
1. Initial log-likelihood: -23204.183
2. Current log-likelihood: -22084.901
3. Current log-likelihood: -21964.133
4. Current log-likelihood: -21949.048
5. Current log-likelihood: -21945.234
6. Current log-likelihood: -21944.050
7. Current log-likelihood: -21943.623
8. Current log-likelihood: -21943.488
Optimal log-likelihood: -21943.387
Rate parameters:  A-C: 1.11354  A-G: 2.21344  A-T: 1.04227  C-G: 0.95781  C-T: 2.05244  G-T: 1.00000
Base frequencies:  A: 0.283  C: 0.191  G: 0.208  T: 0.318
Gamma shape alpha: 0.196
Parameters optimization took 8 rounds (0.128 sec)
Wrote distance file to... 
Computing ML distances based on estimated model parameters...
Calculating distance matrix: done in 0.000856876 secs using 99.08% CPU
Computing ML distances took 0.000905 sec (of wall-clock time) 0.000887 sec (of CPU time)
Setting up auxiliary I and S matrices: done in 1.50204e-05 secs using 66.58% CPU
Computing RapidNJ tree took 0.000055 sec (of wall-clock time) 0.000051 sec (of CPU time)
Log-likelihood of RapidNJ tree: -21937.421
--------------------------------------------------------------------
|             INITIALIZING CANDIDATE TREE SET                      |
--------------------------------------------------------------------
Generating 98 parsimony trees... 0.088 second
Computing log-likelihood of 98 initial trees ... 0.197 seconds
Current best score: -21937.421

Do NNI search on 20 best initial trees
Estimate model parameters (epsilon = 0.100)
BETTER TREE FOUND at iteration 1: -21913.403
Iteration 10 / LogL: -21913.538 / Time: 0h:0m:22s
Iteration 20 / LogL: -21913.464 / Time: 0h:0m:23s
Finish initializing candidate tree set (3)
Current best tree score: -21913.403 / CPU time: 0.978
Number of iterations: 20
--------------------------------------------------------------------
|               OPTIMIZING CANDIDATE TREE SET                      |
--------------------------------------------------------------------
Iteration 30 / LogL: -21923.500 / Time: 0h:0m:23s (0h:0m:57s left)
Iteration 40 / LogL: -21913.474 / Time: 0h:0m:23s (0h:0m:37s left)
Iteration 50 / LogL: -21922.801 / Time: 0h:0m:23s (0h:0m:24s left)
Iteration 60 / LogL: -21922.782 / Time: 0h:0m:24s (0h:0m:16s left)
Iteration 70 / LogL: -21913.435 / Time: 0h:0m:24s (0h:0m:11s left)
Iteration 80 / LogL: -21913.512 / Time: 0h:0m:24s (0h:0m:6s left)
Iteration 90 / LogL: -21913.554 / Time: 0h:0m:25s (0h:0m:3s left)
Iteration 100 / LogL: -21913.466 / Time: 0h:0m:25s (0h:0m:0s left)
TREE SEARCH COMPLETED AFTER 102 ITERATIONS / Time: 0h:0m:25s

--------------------------------------------------------------------
|                    FINALIZING TREE SEARCH                        |
--------------------------------------------------------------------
Performs final model parameters optimization
Estimate model parameters (epsilon = 0.010)
1. Initial log-likelihood: -21913.403
Optimal log-likelihood: -21913.398
Rate parameters:  A-C: 1.09822  A-G: 2.22280  A-T: 1.03466  C-G: 0.95735  C-T: 2.03729  G-T: 1.00000
Base frequencies:  A: 0.283  C: 0.191  G: 0.208  T: 0.318
Gamma shape alpha: 0.195
Parameters optimization took 1 rounds (0.007 sec)
BEST SCORE FOUND : -21913.398

Testing tree branches by aBayes parametric test...
0.007 sec.
Total tree length: 13.903

Total number of iterations: 102
CPU time used for tree search: 3.646 sec (0h:0m:3s)
Wall-clock time used for tree search: 3.655 sec (0h:0m:3s)
Total CPU time used: 26.397 sec (0h:0m:26s)
Total wall-clock time used: 25.762 sec (0h:0m:25s)

Analysis results written to: 
  IQ-TREE report:                /Users/fahim/CSE6406-project/work/paper_subset_50x10_L1600/ils_high/replicate_03/estimated_gene_trees/L1600/gtr_g4/locus_0029.iqtree
  Maximum-likelihood tree:       /Users/fahim/CSE6406-project/work/paper_subset_50x10_L1600/ils_high/replicate_03/estimated_gene_trees/L1600/gtr_g4/locus_0029.treefile
  Likelihood distances:          /Users/fahim/CSE6406-project/work/paper_subset_50x10_L1600/ils_high/replicate_03/estimated_gene_trees/L1600/gtr_g4/locus_0029.mldist
  Screen log file:               /Users/fahim/CSE6406-project/work/paper_subset_50x10_L1600/ils_high/replicate_03/estimated_gene_trees/L1600/gtr_g4/locus_0029.log

Date and Time: Sat Sep 12 05:04:21 2026
