IQ-TREE multicore version 2.4.0 for MacOS ARM 64-bit built Feb 12 2025
Developed by Bui Quang Minh, Nguyen Lam Tung, Olga Chernomor, Heiko Schmidt,
Dominik Schrempf, Michael Woodhams, Ly Trong Nhan, Thomas Wong

Host:    Fahims-MacBook-Air.local (SSE4.2, 16 GB RAM)
Command: /Users/fahim/miniconda3/envs/cse6406/bin/iqtree2 -s /Users/fahim/CSE6406-project/work/paper_subset_50x10_L1600/ils_high/replicate_03/alignments/L1600/locus_0043.phy -m GTR+G4 --abayes -T AUTO --seed 6706044 --prefix /Users/fahim/CSE6406-project/work/paper_subset_50x10_L1600/ils_high/replicate_03/estimated_gene_trees/L1600/gtr_g4/locus_0043 --redo --quiet
Seed:    6706044 (Using SPRNG - Scalable Parallel Random Number Generator)
Time:    Sat Sep 12 05:09:58 2026
Kernel:  SSE2 - auto-detect threads (10 CPU cores detected)

Reading alignment file /Users/fahim/CSE6406-project/work/paper_subset_50x10_L1600/ils_high/replicate_03/alignments/L1600/locus_0043.phy ... Phylip format detected
Alignment most likely contains DNA/RNA sequences
Alignment has 21 sequences with 1600 columns, 934 distinct patterns
831 parsimony-informative, 138 singleton sites, 631 constant sites
        Gap/Ambiguity  Composition  p-value
Analyzing sequences: done in 4.00543e-05 secs using 127.3% CPU
   1  0_0_0     0.00%    passed     46.07%
   2  13_0_0    0.00%    passed     96.97%
   3  4_0_0     0.00%    passed     80.99%
   4  17_0_0    0.00%    passed     81.46%
   5  12_0_0    0.00%    passed     89.99%
   6  15_0_0    0.00%    passed     55.72%
   7  11_0_0    0.00%    passed     91.77%
   8  8_0_0     0.00%    passed     74.54%
   9  20_0_0    0.00%    passed     75.82%
  10  19_0_0    0.00%    passed     84.38%
  11  10_0_0    0.00%    passed     53.75%
  12  16_0_0    0.00%    passed     54.81%
  13  1_0_0     0.00%    passed     86.84%
  14  3_0_0     0.00%    passed     66.33%
  15  2_0_0     0.00%    passed     88.52%
  16  18_0_0    0.00%    passed     90.55%
  17  5_0_0     0.00%    passed     75.55%
  18  14_0_0    0.00%    passed     89.31%
  19  7_0_0     0.00%    passed     89.74%
  20  6_0_0     0.00%    passed     44.13%
  21  9_0_0     0.00%    passed     82.44%
****  TOTAL     0.00%  0 sequences failed composition chi2 test (p-value<5%; df=3)

Create initial parsimony tree by phylogenetic likelihood library (PLL)... 0.001 seconds

NOTE: 2 MB RAM (0 GB) is required!
Measuring multi-threading efficiency up to 10 CPU cores
Increase to 10 rounds for branch lengths
732 trees examined
Threads: 1 / Time: 10.009 sec / Speedup: 1.000 / Efficiency: 100% / LogL: -25002
Threads: 2 / Time: 11.561 sec / Speedup: 0.866 / Efficiency: 43% / LogL: -25002
BEST NUMBER OF THREADS: 1

Estimate model parameters (epsilon = 0.100)
1. Initial log-likelihood: -23231.616
2. Current log-likelihood: -22144.715
3. Current log-likelihood: -22028.046
4. Current log-likelihood: -22019.667
5. Current log-likelihood: -22018.268
6. Current log-likelihood: -22018.002
Optimal log-likelihood: -22017.944
Rate parameters:  A-C: 1.02229  A-G: 1.93604  A-T: 0.95171  C-G: 0.90616  C-T: 2.21508  G-T: 1.00000
Base frequencies:  A: 0.308  C: 0.190  G: 0.206  T: 0.295
Gamma shape alpha: 0.217
Parameters optimization took 6 rounds (0.105 sec)
Wrote distance file to... 
Computing ML distances based on estimated model parameters...
Calculating distance matrix: done in 0.000889063 secs using 99.09% CPU
Computing ML distances took 0.000939 sec (of wall-clock time) 0.000918 sec (of CPU time)
Setting up auxiliary I and S matrices: done in 1.40667e-05 secs using 71.09% CPU
Computing RapidNJ tree took 0.000054 sec (of wall-clock time) 0.000056 sec (of CPU time)
Log-likelihood of RapidNJ tree: -22068.785
--------------------------------------------------------------------
|             INITIALIZING CANDIDATE TREE SET                      |
--------------------------------------------------------------------
Generating 98 parsimony trees... 0.087 second
Computing log-likelihood of 98 initial trees ... 0.200 seconds
Current best score: -22017.944

Do NNI search on 20 best initial trees
Estimate model parameters (epsilon = 0.100)
BETTER TREE FOUND at iteration 1: -21996.295
Iteration 10 / LogL: -21996.378 / Time: 0h:0m:22s
Iteration 20 / LogL: -21996.326 / Time: 0h:0m:22s
Finish initializing candidate tree set (1)
Current best tree score: -21996.295 / CPU time: 0.866
Number of iterations: 20
--------------------------------------------------------------------
|               OPTIMIZING CANDIDATE TREE SET                      |
--------------------------------------------------------------------
Iteration 30 / LogL: -21996.351 / Time: 0h:0m:22s (0h:0m:56s left)
UPDATE BEST LOG-LIKELIHOOD: -21996.293
Iteration 40 / LogL: -21996.386 / Time: 0h:0m:23s (0h:0m:36s left)
Iteration 50 / LogL: -21996.324 / Time: 0h:0m:23s (0h:0m:24s left)
UPDATE BEST LOG-LIKELIHOOD: -21996.293
Iteration 60 / LogL: -21997.275 / Time: 0h:0m:23s (0h:0m:16s left)
Iteration 70 / LogL: -22003.340 / Time: 0h:0m:24s (0h:0m:10s left)
Iteration 80 / LogL: -21996.310 / Time: 0h:0m:24s (0h:0m:6s left)
UPDATE BEST LOG-LIKELIHOOD: -21996.292
UPDATE BEST LOG-LIKELIHOOD: -21996.292
UPDATE BEST LOG-LIKELIHOOD: -21996.292
Iteration 90 / LogL: -21996.703 / Time: 0h:0m:24s (0h:0m:3s left)
Iteration 100 / LogL: -21996.417 / Time: 0h:0m:25s (0h:0m:0s left)
TREE SEARCH COMPLETED AFTER 102 ITERATIONS / Time: 0h:0m:25s

--------------------------------------------------------------------
|                    FINALIZING TREE SEARCH                        |
--------------------------------------------------------------------
Performs final model parameters optimization
Estimate model parameters (epsilon = 0.010)
1. Initial log-likelihood: -21996.292
Optimal log-likelihood: -21996.280
Rate parameters:  A-C: 1.02439  A-G: 1.95687  A-T: 0.95068  C-G: 0.91725  C-T: 2.21280  G-T: 1.00000
Base frequencies:  A: 0.308  C: 0.190  G: 0.206  T: 0.295
Gamma shape alpha: 0.214
Parameters optimization took 1 rounds (0.008 sec)
BEST SCORE FOUND : -21996.280

Testing tree branches by aBayes parametric test...
0.007 sec.
Total tree length: 13.281

Total number of iterations: 102
CPU time used for tree search: 3.584 sec (0h:0m:3s)
Wall-clock time used for tree search: 3.593 sec (0h:0m:3s)
Total CPU time used: 26.387 sec (0h:0m:26s)
Total wall-clock time used: 25.300 sec (0h:0m:25s)

Analysis results written to: 
  IQ-TREE report:                /Users/fahim/CSE6406-project/work/paper_subset_50x10_L1600/ils_high/replicate_03/estimated_gene_trees/L1600/gtr_g4/locus_0043.iqtree
  Maximum-likelihood tree:       /Users/fahim/CSE6406-project/work/paper_subset_50x10_L1600/ils_high/replicate_03/estimated_gene_trees/L1600/gtr_g4/locus_0043.treefile
  Likelihood distances:          /Users/fahim/CSE6406-project/work/paper_subset_50x10_L1600/ils_high/replicate_03/estimated_gene_trees/L1600/gtr_g4/locus_0043.mldist
  Screen log file:               /Users/fahim/CSE6406-project/work/paper_subset_50x10_L1600/ils_high/replicate_03/estimated_gene_trees/L1600/gtr_g4/locus_0043.log

Date and Time: Sat Sep 12 05:10:23 2026
