IQ-TREE multicore version 2.4.0 for Linux x86 64-bit built Feb 12 2025
Developed by Bui Quang Minh, Nguyen Lam Tung, Olga Chernomor, Heiko Schmidt,
Dominik Schrempf, Michael Woodhams, Ly Trong Nhan, Thomas Wong

Host:    ezmata (AVX2, FMA3, 15 GB RAM)
Command: /home/mis/miniconda3/envs/cse6406/bin/iqtree2 -s /home/mis/CSE6406-project/work/paper_subset_50x10_L1600/ils_high/replicate_10/alignments/L1600/locus_0011.phy -m GTR --abayes -T 1 --seed 7406012 --prefix /home/mis/CSE6406-project/work/paper_subset_50x10_L1600/ils_high/replicate_10/estimated_gene_trees/L1600/gtr/locus_0011 --redo --quiet
Seed:    7406012 (Using SPRNG - Scalable Parallel Random Number Generator)
Time:    Sat Sep 12 22:07:06 2026
Kernel:  AVX+FMA - 1 threads (16 CPU cores detected)

HINT: Use -nt option to specify number of threads because your CPU has 16 cores!
HINT: -nt AUTO will automatically determine the best number of threads to use.

Reading alignment file /home/mis/CSE6406-project/work/paper_subset_50x10_L1600/ils_high/replicate_10/alignments/L1600/locus_0011.phy ... Phylip format detected
Alignment most likely contains DNA/RNA sequences
Alignment has 21 sequences with 1600 columns, 514 distinct patterns
407 parsimony-informative, 157 singleton sites, 1036 constant sites
        Gap/Ambiguity  Composition  p-value
Analyzing sequences: done in 7.5506e-05 secs using 98.01% CPU
   1  0_0_0     0.00%    passed     67.63%
   2  19_0_0    0.00%    passed     81.38%
   3  20_0_0    0.00%    passed     99.21%
   4  8_0_0     0.00%    passed     96.84%
   5  13_0_0    0.00%    passed     97.89%
   6  12_0_0    0.00%    passed     89.54%
   7  6_0_0     0.00%    passed     99.91%
   8  5_0_0     0.00%    passed     90.78%
   9  1_0_0     0.00%    passed     91.91%
  10  16_0_0    0.00%    passed     86.89%
  11  4_0_0     0.00%    passed     89.28%
  12  9_0_0     0.00%    passed     99.13%
  13  17_0_0    0.00%    passed     99.97%
  14  15_0_0    0.00%    passed     97.40%
  15  18_0_0    0.00%    passed     96.19%
  16  14_0_0    0.00%    passed     86.61%
  17  11_0_0    0.00%    passed     98.18%
  18  3_0_0     0.00%    passed     96.19%
  19  7_0_0     0.00%    passed     95.57%
  20  2_0_0     0.00%    passed     95.39%
  21  10_0_0    0.00%    passed     88.27%
****  TOTAL     0.00%  0 sequences failed composition chi2 test (p-value<5%; df=3)

Create initial parsimony tree by phylogenetic likelihood library (PLL)... 0.002 seconds

NOTE: 0 MB RAM (0 GB) is required!
Estimate model parameters (epsilon = 0.100)
1. Initial log-likelihood: -10690.974
2. Current log-likelihood: -10602.168
Optimal log-likelihood: -10602.098
Rate parameters:  A-C: 0.94657  A-G: 1.81664  A-T: 0.95064  C-G: 1.04712  C-T: 2.03652  G-T: 1.00000
Base frequencies:  A: 0.317  C: 0.197  G: 0.206  T: 0.280
Parameters optimization took 2 rounds (0.029 sec)
Wrote distance file to... 
Computing ML distances based on estimated model parameters...
Calculating distance matrix: done in 0.00233719 secs using 60.97% CPU
Computing ML distances took 0.002473 sec (of wall-clock time) 0.001538 sec (of CPU time)
Setting up auxiliary I and S matrices: done in 6.4332e-05 secs
Computing RapidNJ tree took 0.000257 sec (of wall-clock time) 0.000000 sec (of CPU time)
Log-likelihood of RapidNJ tree: -10685.037
--------------------------------------------------------------------
|             INITIALIZING CANDIDATE TREE SET                      |
--------------------------------------------------------------------
Generating 98 parsimony trees... 0.307 second
Computing log-likelihood of 98 initial trees ... 0.262 seconds
Current best score: -10602.098

Do NNI search on 20 best initial trees
Estimate model parameters (epsilon = 0.100)
BETTER TREE FOUND at iteration 1: -10602.097
Iteration 10 / LogL: -10602.098 / Time: 0h:0m:0s
Iteration 20 / LogL: -10602.100 / Time: 0h:0m:1s
Finish initializing candidate tree set (1)
Current best tree score: -10602.097 / CPU time: 1.022
Number of iterations: 20
--------------------------------------------------------------------
|               OPTIMIZING CANDIDATE TREE SET                      |
--------------------------------------------------------------------
Iteration 30 / LogL: -10602.146 / Time: 0h:0m:1s (0h:0m:3s left)
Iteration 40 / LogL: -10602.097 / Time: 0h:0m:1s (0h:0m:2s left)
Iteration 50 / LogL: -10602.136 / Time: 0h:0m:1s (0h:0m:1s left)
Iteration 60 / LogL: -10602.098 / Time: 0h:0m:1s (0h:0m:1s left)
Iteration 70 / LogL: -10602.099 / Time: 0h:0m:2s (0h:0m:0s left)
Iteration 80 / LogL: -10602.101 / Time: 0h:0m:2s (0h:0m:0s left)
Iteration 90 / LogL: -10602.097 / Time: 0h:0m:2s (0h:0m:0s left)
Iteration 100 / LogL: -10602.112 / Time: 0h:0m:2s (0h:0m:0s left)
TREE SEARCH COMPLETED AFTER 102 ITERATIONS / Time: 0h:0m:2s

--------------------------------------------------------------------
|                    FINALIZING TREE SEARCH                        |
--------------------------------------------------------------------
Performs final model parameters optimization
Estimate model parameters (epsilon = 0.010)
1. Initial log-likelihood: -10602.097
Optimal log-likelihood: -10602.097
Rate parameters:  A-C: 0.94712  A-G: 1.81705  A-T: 0.95018  C-G: 1.04971  C-T: 2.03567  G-T: 1.00000
Base frequencies:  A: 0.317  C: 0.197  G: 0.206  T: 0.280
Parameters optimization took 1 rounds (0.004 sec)
BEST SCORE FOUND : -10602.097

Testing tree branches by aBayes parametric test...
0.006 sec.
Total tree length: 1.021

Total number of iterations: 102
CPU time used for tree search: 2.722 sec (0h:0m:2s)
Wall-clock time used for tree search: 2.808 sec (0h:0m:2s)
Total CPU time used: 2.786 sec (0h:0m:2s)
Total wall-clock time used: 2.874 sec (0h:0m:2s)

Analysis results written to: 
  IQ-TREE report:                /home/mis/CSE6406-project/work/paper_subset_50x10_L1600/ils_high/replicate_10/estimated_gene_trees/L1600/gtr/locus_0011.iqtree
  Maximum-likelihood tree:       /home/mis/CSE6406-project/work/paper_subset_50x10_L1600/ils_high/replicate_10/estimated_gene_trees/L1600/gtr/locus_0011.treefile
  Likelihood distances:          /home/mis/CSE6406-project/work/paper_subset_50x10_L1600/ils_high/replicate_10/estimated_gene_trees/L1600/gtr/locus_0011.mldist
  Screen log file:               /home/mis/CSE6406-project/work/paper_subset_50x10_L1600/ils_high/replicate_10/estimated_gene_trees/L1600/gtr/locus_0011.log

Date and Time: Sat Sep 12 22:07:09 2026
