IQ-TREE multicore version 2.4.0 for Linux x86 64-bit built Feb 12 2025
Developed by Bui Quang Minh, Nguyen Lam Tung, Olga Chernomor, Heiko Schmidt,
Dominik Schrempf, Michael Woodhams, Ly Trong Nhan, Thomas Wong

Host:    ezmata (AVX2, FMA3, 15 GB RAM)
Command: /home/mis/miniconda3/envs/cse6406/bin/iqtree2 -s /home/mis/CSE6406-project/work/paper_subset_50x10_L200/ils_high/replicate_03/alignments/L200/locus_0002.phy -m GTR+G4 --abayes -T 1 --seed 6706003 --prefix /home/mis/CSE6406-project/work/paper_subset_50x10_L200/ils_high/replicate_03/estimated_gene_trees/L200/gtr_g4/locus_0002 --redo --quiet
Seed:    6706003 (Using SPRNG - Scalable Parallel Random Number Generator)
Time:    Sat Sep 12 21:40:44 2026
Kernel:  AVX+FMA - 1 threads (16 CPU cores detected)

HINT: Use -nt option to specify number of threads because your CPU has 16 cores!
HINT: -nt AUTO will automatically determine the best number of threads to use.

Reading alignment file /home/mis/CSE6406-project/work/paper_subset_50x10_L200/ils_high/replicate_03/alignments/L200/locus_0002.phy ... Phylip format detected
Alignment most likely contains DNA/RNA sequences
Alignment has 21 sequences with 200 columns, 123 distinct patterns
104 parsimony-informative, 19 singleton sites, 77 constant sites
        Gap/Ambiguity  Composition  p-value
Analyzing sequences: done in 1.9594e-05 secs using 91.86% CPU
   1  0_0_0     0.00%    passed     59.73%
   2  2_0_0     0.00%    passed     96.26%
   3  10_0_0    0.00%    passed     47.54%
   4  19_0_0    0.00%    passed     78.83%
   5  11_0_0    0.00%    passed     93.10%
   6  8_0_0     0.00%    passed     15.68%
   7  18_0_0    0.00%    passed     96.37%
   8  7_0_0     0.00%    passed     81.82%
   9  14_0_0    0.00%    passed     98.92%
  10  5_0_0     0.00%    passed     89.12%
  11  6_0_0     0.00%    passed     76.38%
  12  9_0_0     0.00%    passed     34.73%
  13  16_0_0    0.00%    passed     89.65%
  14  20_0_0    0.00%    passed     94.56%
  15  15_0_0    0.00%    passed     75.09%
  16  17_0_0    0.00%    passed     98.07%
  17  4_0_0     0.00%    passed     66.18%
  18  13_0_0    0.00%    passed     82.27%
  19  12_0_0    0.00%    passed     78.96%
  20  1_0_0     0.00%    passed     28.56%
  21  3_0_0     0.00%    passed     70.58%
****  TOTAL     0.00%  0 sequences failed composition chi2 test (p-value<5%; df=3)

Create initial parsimony tree by phylogenetic likelihood library (PLL)... 0.001 seconds

NOTE: 0 MB RAM (0 GB) is required!
Estimate model parameters (epsilon = 0.100)
1. Initial log-likelihood: -2824.308
2. Current log-likelihood: -2697.797
3. Current log-likelihood: -2676.863
4. Current log-likelihood: -2674.401
5. Current log-likelihood: -2673.979
Optimal log-likelihood: -2673.855
Rate parameters:  A-C: 0.82713  A-G: 3.16700  A-T: 1.19645  C-G: 1.60437  C-T: 2.26183  G-T: 1.00000
Base frequencies:  A: 0.305  C: 0.204  G: 0.186  T: 0.305
Gamma shape alpha: 0.234
Parameters optimization took 5 rounds (0.058 sec)
Wrote distance file to... 
Computing ML distances based on estimated model parameters...
Calculating distance matrix: done in 0.00214464 secs using 99.97% CPU
Computing ML distances took 0.002177 sec (of wall-clock time) 0.002179 sec (of CPU time)
Setting up auxiliary I and S matrices: done in 6.6735e-05 secs using 98.9% CPU
Computing RapidNJ tree took 0.000264 sec (of wall-clock time) 0.000256 sec (of CPU time)
Log-likelihood of RapidNJ tree: -2676.687
--------------------------------------------------------------------
|             INITIALIZING CANDIDATE TREE SET                      |
--------------------------------------------------------------------
Generating 98 parsimony trees... 0.076 second
Computing log-likelihood of 98 initial trees ... 0.099 seconds
Current best score: -2673.855

Do NNI search on 20 best initial trees
Estimate model parameters (epsilon = 0.100)
BETTER TREE FOUND at iteration 1: -2661.774
Estimate model parameters (epsilon = 0.100)
BETTER TREE FOUND at iteration 2: -2661.082
Estimate model parameters (epsilon = 0.100)
BETTER TREE FOUND at iteration 3: -2660.893
Estimate model parameters (epsilon = 0.100)
BETTER TREE FOUND at iteration 5: -2659.559
Iteration 10 / LogL: -2664.347 / Time: 0h:0m:0s
Estimate model parameters (epsilon = 0.100)
UPDATE BEST LOG-LIKELIHOOD: -2659.491
Iteration 20 / LogL: -2664.141 / Time: 0h:0m:1s
Finish initializing candidate tree set (18)
Current best tree score: -2659.491 / CPU time: 1.062
Number of iterations: 20
--------------------------------------------------------------------
|               OPTIMIZING CANDIDATE TREE SET                      |
--------------------------------------------------------------------
Estimate model parameters (epsilon = 0.100)
UPDATE BEST LOG-LIKELIHOOD: -2659.438
Iteration 30 / LogL: -2661.092 / Time: 0h:0m:1s (0h:0m:3s left)
BETTER TREE FOUND at iteration 32: -2659.438
BETTER TREE FOUND at iteration 34: -2659.438
Iteration 40 / LogL: -2659.728 / Time: 0h:0m:1s (0h:0m:4s left)
Iteration 50 / LogL: -2659.438 / Time: 0h:0m:1s (0h:0m:3s left)
Iteration 60 / LogL: -2659.702 / Time: 0h:0m:2s (0h:0m:2s left)
UPDATE BEST LOG-LIKELIHOOD: -2659.438
Iteration 70 / LogL: -2659.438 / Time: 0h:0m:2s (0h:0m:2s left)
Iteration 80 / LogL: -2659.719 / Time: 0h:0m:2s (0h:0m:1s left)
Iteration 90 / LogL: -2662.593 / Time: 0h:0m:2s (0h:0m:1s left)
UPDATE BEST LOG-LIKELIHOOD: -2659.438
Iteration 100 / LogL: -2659.438 / Time: 0h:0m:3s (0h:0m:1s left)
Iteration 110 / LogL: -2659.539 / Time: 0h:0m:3s (0h:0m:0s left)
Iteration 120 / LogL: -2659.438 / Time: 0h:0m:3s (0h:0m:0s left)
Iteration 130 / LogL: -2659.559 / Time: 0h:0m:3s (0h:0m:0s left)
TREE SEARCH COMPLETED AFTER 135 ITERATIONS / Time: 0h:0m:3s

--------------------------------------------------------------------
|                    FINALIZING TREE SEARCH                        |
--------------------------------------------------------------------
Performs final model parameters optimization
Estimate model parameters (epsilon = 0.010)
1. Initial log-likelihood: -2659.438
Optimal log-likelihood: -2659.437
Rate parameters:  A-C: 0.81109  A-G: 3.37493  A-T: 1.14328  C-G: 1.43494  C-T: 2.24529  G-T: 1.00000
Base frequencies:  A: 0.305  C: 0.204  G: 0.186  T: 0.305
Gamma shape alpha: 0.224
Parameters optimization took 1 rounds (0.003 sec)
BEST SCORE FOUND : -2659.437

Testing tree branches by aBayes parametric test...
0.003 sec.
Total tree length: 14.435

Total number of iterations: 135
CPU time used for tree search: 3.609 sec (0h:0m:3s)
Wall-clock time used for tree search: 3.821 sec (0h:0m:3s)
Total CPU time used: 3.713 sec (0h:0m:3s)
Total wall-clock time used: 3.926 sec (0h:0m:3s)

Analysis results written to: 
  IQ-TREE report:                /home/mis/CSE6406-project/work/paper_subset_50x10_L200/ils_high/replicate_03/estimated_gene_trees/L200/gtr_g4/locus_0002.iqtree
  Maximum-likelihood tree:       /home/mis/CSE6406-project/work/paper_subset_50x10_L200/ils_high/replicate_03/estimated_gene_trees/L200/gtr_g4/locus_0002.treefile
  Likelihood distances:          /home/mis/CSE6406-project/work/paper_subset_50x10_L200/ils_high/replicate_03/estimated_gene_trees/L200/gtr_g4/locus_0002.mldist
  Screen log file:               /home/mis/CSE6406-project/work/paper_subset_50x10_L200/ils_high/replicate_03/estimated_gene_trees/L200/gtr_g4/locus_0002.log

Date and Time: Sat Sep 12 21:40:48 2026
