IQ-TREE multicore version 2.4.0 for Linux x86 64-bit built Feb 12 2025
Developed by Bui Quang Minh, Nguyen Lam Tung, Olga Chernomor, Heiko Schmidt,
Dominik Schrempf, Michael Woodhams, Ly Trong Nhan, Thomas Wong

Host:    ezmata (AVX2, FMA3, 15 GB RAM)
Command: /home/mis/miniconda3/envs/cse6406/bin/iqtree2 -s /home/mis/CSE6406-project/work/paper_subset_50x10_L200/ils_high/replicate_03/alignments/L200/locus_0035.phy -m GTR+G4 --abayes -T 1 --seed 6706036 --prefix /home/mis/CSE6406-project/work/paper_subset_50x10_L200/ils_high/replicate_03/estimated_gene_trees/L200/gtr_g4/locus_0035 --redo --quiet
Seed:    6706036 (Using SPRNG - Scalable Parallel Random Number Generator)
Time:    Sat Sep 12 21:41:02 2026
Kernel:  AVX+FMA - 1 threads (16 CPU cores detected)

HINT: Use -nt option to specify number of threads because your CPU has 16 cores!
HINT: -nt AUTO will automatically determine the best number of threads to use.

Reading alignment file /home/mis/CSE6406-project/work/paper_subset_50x10_L200/ils_high/replicate_03/alignments/L200/locus_0035.phy ... Phylip format detected
Alignment most likely contains DNA/RNA sequences
Alignment has 21 sequences with 200 columns, 106 distinct patterns
92 parsimony-informative, 12 singleton sites, 96 constant sites
        Gap/Ambiguity  Composition  p-value
Analyzing sequences: done in 1.6971e-05 secs using 35.35% CPU
   1  2_0_0     0.00%    passed     88.46%
   2  3_0_0     0.00%    passed     91.91%
   3  7_0_0     0.00%    passed     88.31%
   4  5_0_0     0.00%    passed     68.00%
   5  1_0_0     0.00%    passed     50.25%
   6  18_0_0    0.00%    passed     98.15%
   7  14_0_0    0.00%    passed     79.92%
   8  9_0_0     0.00%    passed     87.14%
   9  6_0_0     0.00%    passed     66.74%
  10  19_0_0    0.00%    passed     72.29%
  11  10_0_0    0.00%    passed     60.23%
  12  13_0_0    0.00%    passed     98.76%
  13  12_0_0    0.00%    passed     51.84%
  14  17_0_0    0.00%    passed     82.85%
  15  4_0_0     0.00%    passed     98.84%
  16  16_0_0    0.00%    passed     60.85%
  17  15_0_0    0.00%    passed     89.01%
  18  8_0_0     0.00%    passed     90.37%
  19  11_0_0    0.00%    passed     94.91%
  20  20_0_0    0.00%    passed     95.18%
  21  0_0_0     0.00%    passed     93.30%
****  TOTAL     0.00%  0 sequences failed composition chi2 test (p-value<5%; df=3)

Create initial parsimony tree by phylogenetic likelihood library (PLL)... 0.001 seconds

NOTE: 0 MB RAM (0 GB) is required!
Estimate model parameters (epsilon = 0.100)
1. Initial log-likelihood: -2655.193
2. Current log-likelihood: -2510.177
3. Current log-likelihood: -2485.083
4. Current log-likelihood: -2481.428
5. Current log-likelihood: -2480.509
6. Current log-likelihood: -2480.171
7. Current log-likelihood: -2480.058
Optimal log-likelihood: -2479.970
Rate parameters:  A-C: 0.58732  A-G: 1.72946  A-T: 0.98827  C-G: 0.60397  C-T: 1.72201  G-T: 1.00000
Base frequencies:  A: 0.319  C: 0.199  G: 0.202  T: 0.280
Gamma shape alpha: 0.186
Parameters optimization took 7 rounds (0.083 sec)
Wrote distance file to... 
Computing ML distances based on estimated model parameters...
Calculating distance matrix: done in 0.00281843 secs using 99.7% CPU
Computing ML distances took 0.002872 sec (of wall-clock time) 0.002867 sec (of CPU time)
Setting up auxiliary I and S matrices: done in 5.8812e-05 secs
Computing RapidNJ tree took 0.000238 sec (of wall-clock time) 0.000000 sec (of CPU time)
Log-likelihood of RapidNJ tree: -2452.357
--------------------------------------------------------------------
|             INITIALIZING CANDIDATE TREE SET                      |
--------------------------------------------------------------------
Generating 98 parsimony trees... 0.124 second
Computing log-likelihood of 98 initial trees ... 0.175 seconds
Current best score: -2452.357

Do NNI search on 20 best initial trees
Estimate model parameters (epsilon = 0.100)
BETTER TREE FOUND at iteration 1: -2443.316
BETTER TREE FOUND at iteration 2: -2443.313
UPDATE BEST LOG-LIKELIHOOD: -2443.313
BETTER TREE FOUND at iteration 7: -2443.313
Iteration 10 / LogL: -2446.995 / Time: 0h:0m:0s
Iteration 20 / LogL: -2443.313 / Time: 0h:0m:1s
Finish initializing candidate tree set (13)
Current best tree score: -2443.313 / CPU time: 1.209
Number of iterations: 20
--------------------------------------------------------------------
|               OPTIMIZING CANDIDATE TREE SET                      |
--------------------------------------------------------------------
UPDATE BEST LOG-LIKELIHOOD: -2443.313
Iteration 30 / LogL: -2443.313 / Time: 0h:0m:1s (0h:0m:3s left)
Iteration 40 / LogL: -2443.313 / Time: 0h:0m:1s (0h:0m:2s left)
Iteration 50 / LogL: -2443.316 / Time: 0h:0m:1s (0h:0m:2s left)
Iteration 60 / LogL: -2443.316 / Time: 0h:0m:1s (0h:0m:1s left)
UPDATE BEST LOG-LIKELIHOOD: -2443.313
Iteration 70 / LogL: -2443.313 / Time: 0h:0m:2s (0h:0m:1s left)
Iteration 80 / LogL: -2444.042 / Time: 0h:0m:2s (0h:0m:0s left)
UPDATE BEST LOG-LIKELIHOOD: -2443.313
Iteration 90 / LogL: -2447.134 / Time: 0h:0m:2s (0h:0m:0s left)
Iteration 100 / LogL: -2443.313 / Time: 0h:0m:2s (0h:0m:0s left)
TREE SEARCH COMPLETED AFTER 108 ITERATIONS / Time: 0h:0m:2s

--------------------------------------------------------------------
|                    FINALIZING TREE SEARCH                        |
--------------------------------------------------------------------
Performs final model parameters optimization
Estimate model parameters (epsilon = 0.010)
1. Initial log-likelihood: -2443.313
2. Current log-likelihood: -2443.298
3. Current log-likelihood: -2443.284
Optimal log-likelihood: -2443.274
Rate parameters:  A-C: 0.64799  A-G: 1.80676  A-T: 0.99687  C-G: 0.56891  C-T: 2.10175  G-T: 1.00000
Base frequencies:  A: 0.319  C: 0.199  G: 0.202  T: 0.280
Gamma shape alpha: 0.174
Parameters optimization took 3 rounds (0.008 sec)
BEST SCORE FOUND : -2443.274

Testing tree branches by aBayes parametric test...
0.003 sec.
Total tree length: 16.127

Total number of iterations: 108
CPU time used for tree search: 2.586 sec (0h:0m:2s)
Wall-clock time used for tree search: 2.711 sec (0h:0m:2s)
Total CPU time used: 2.699 sec (0h:0m:2s)
Total wall-clock time used: 2.829 sec (0h:0m:2s)

Analysis results written to: 
  IQ-TREE report:                /home/mis/CSE6406-project/work/paper_subset_50x10_L200/ils_high/replicate_03/estimated_gene_trees/L200/gtr_g4/locus_0035.iqtree
  Maximum-likelihood tree:       /home/mis/CSE6406-project/work/paper_subset_50x10_L200/ils_high/replicate_03/estimated_gene_trees/L200/gtr_g4/locus_0035.treefile
  Likelihood distances:          /home/mis/CSE6406-project/work/paper_subset_50x10_L200/ils_high/replicate_03/estimated_gene_trees/L200/gtr_g4/locus_0035.mldist
  Screen log file:               /home/mis/CSE6406-project/work/paper_subset_50x10_L200/ils_high/replicate_03/estimated_gene_trees/L200/gtr_g4/locus_0035.log

Date and Time: Sat Sep 12 21:41:04 2026
