IQ-TREE multicore version 2.4.0 for MacOS ARM 64-bit built Feb 12 2025
Developed by Bui Quang Minh, Nguyen Lam Tung, Olga Chernomor, Heiko Schmidt,
Dominik Schrempf, Michael Woodhams, Ly Trong Nhan, Thomas Wong

Host:    Fahims-MacBook-Air.local (SSE4.2, 16 GB RAM)
Command: /Users/fahim/miniconda3/envs/cse6406/bin/iqtree2 -s /Users/fahim/CSE6406-project/work/paper_subset_50x10_L1600/ils_low/replicate_04/alignments/L1600/locus_0020.phy -m GTR+G4 --abayes -T AUTO --seed 6806021 --prefix /Users/fahim/CSE6406-project/work/paper_subset_50x10_L1600/ils_low/replicate_04/estimated_gene_trees/L1600/gtr_g4/locus_0020 --redo --quiet
Seed:    6806021 (Using SPRNG - Scalable Parallel Random Number Generator)
Time:    Fri Sep 11 07:36:05 2026
Kernel:  SSE2 - auto-detect threads (10 CPU cores detected)

Reading alignment file /Users/fahim/CSE6406-project/work/paper_subset_50x10_L1600/ils_low/replicate_04/alignments/L1600/locus_0020.phy ... Phylip format detected
Alignment most likely contains DNA/RNA sequences
Alignment has 21 sequences with 1600 columns, 448 distinct patterns
312 parsimony-informative, 175 singleton sites, 1113 constant sites
        Gap/Ambiguity  Composition  p-value
Analyzing sequences: done in 3.69549e-05 secs using 100.1% CPU
   1  0_0_0     0.00%    passed     94.63%
   2  1_0_0     0.00%    passed     99.30%
   3  4_0_0     0.00%    passed     98.27%
   4  11_0_0    0.00%    passed     99.60%
   5  16_0_0    0.00%    passed     94.78%
   6  2_0_0     0.00%    passed     97.97%
   7  15_0_0    0.00%    passed     97.83%
   8  18_0_0    0.00%    passed     94.35%
   9  10_0_0    0.00%    passed     99.55%
  10  12_0_0    0.00%    passed     96.47%
  11  5_0_0     0.00%    passed     96.65%
  12  14_0_0    0.00%    passed     99.28%
  13  7_0_0     0.00%    passed     90.80%
  14  13_0_0    0.00%    passed     99.67%
  15  6_0_0     0.00%    passed     99.62%
  16  3_0_0     0.00%    passed     90.33%
  17  8_0_0     0.00%    passed     96.41%
  18  9_0_0     0.00%    passed     97.80%
  19  19_0_0    0.00%    passed     97.46%
  20  17_0_0    0.00%    passed     98.68%
  21  20_0_0    0.00%    passed     93.43%
****  TOTAL     0.00%  0 sequences failed composition chi2 test (p-value<5%; df=3)

Create initial parsimony tree by phylogenetic likelihood library (PLL)... 0.000 seconds

NOTE: 1 MB RAM (0 GB) is required!
Measuring multi-threading efficiency up to 10 CPU cores
Increase to 10 rounds for branch lengths
2341 trees examined
Threads: 1 / Time: 10.005 sec / Speedup: 1.000 / Efficiency: 100% / LogL: -9842
Threads: 2 / Time: 14.745 sec / Speedup: 0.679 / Efficiency: 34% / LogL: -9842
BEST NUMBER OF THREADS: 1

Estimate model parameters (epsilon = 0.100)
1. Initial log-likelihood: -8517.757
2. Current log-likelihood: -8227.582
3. Current log-likelihood: -8224.272
Optimal log-likelihood: -8224.267
Rate parameters:  A-C: 1.05879  A-G: 1.78852  A-T: 0.84153  C-G: 0.93233  C-T: 1.78838  G-T: 1.00000
Base frequencies:  A: 0.291  C: 0.198  G: 0.184  T: 0.327
Gamma shape alpha: 0.178
Parameters optimization took 3 rounds (0.030 sec)
Wrote distance file to... 
Computing ML distances based on estimated model parameters...
Calculating distance matrix: done in 0.00104499 secs using 98.95% CPU
Computing ML distances took 0.001079 sec (of wall-clock time) 0.001056 sec (of CPU time)
Setting up auxiliary I and S matrices: done in 1.50204e-05 secs using 73.23% CPU
Computing RapidNJ tree took 0.000057 sec (of wall-clock time) 0.000059 sec (of CPU time)
Log-likelihood of RapidNJ tree: -8233.976
--------------------------------------------------------------------
|             INITIALIZING CANDIDATE TREE SET                      |
--------------------------------------------------------------------
Generating 98 parsimony trees... 0.051 second
Computing log-likelihood of 98 initial trees ... 0.101 seconds
Current best score: -8224.267

Do NNI search on 20 best initial trees
Estimate model parameters (epsilon = 0.100)
BETTER TREE FOUND at iteration 1: -8223.838
Estimate model parameters (epsilon = 0.100)
BETTER TREE FOUND at iteration 2: -8222.667
Estimate model parameters (epsilon = 0.100)
BETTER TREE FOUND at iteration 5: -8222.408
Iteration 10 / LogL: -8224.788 / Time: 0h:0m:25s
Iteration 20 / LogL: -8226.097 / Time: 0h:0m:25s
Finish initializing candidate tree set (12)
Current best tree score: -8222.408 / CPU time: 0.488
Number of iterations: 20
--------------------------------------------------------------------
|               OPTIMIZING CANDIDATE TREE SET                      |
--------------------------------------------------------------------
Iteration 30 / LogL: -8222.711 / Time: 0h:0m:25s (0h:1m:5s left)
Iteration 40 / LogL: -8222.408 / Time: 0h:0m:25s (0h:0m:42s left)
Iteration 50 / LogL: -8223.573 / Time: 0h:0m:25s (0h:0m:29s left)
Iteration 60 / LogL: -8222.408 / Time: 0h:0m:26s (0h:0m:19s left)
Iteration 70 / LogL: -8222.411 / Time: 0h:0m:26s (0h:0m:13s left)
Iteration 80 / LogL: -8222.408 / Time: 0h:0m:26s (0h:0m:8s left)
Iteration 90 / LogL: -8222.409 / Time: 0h:0m:26s (0h:0m:4s left)
Iteration 100 / LogL: -8222.699 / Time: 0h:0m:26s (0h:0m:1s left)
TREE SEARCH COMPLETED AFTER 106 ITERATIONS / Time: 0h:0m:26s

--------------------------------------------------------------------
|                    FINALIZING TREE SEARCH                        |
--------------------------------------------------------------------
Performs final model parameters optimization
Estimate model parameters (epsilon = 0.010)
1. Initial log-likelihood: -8222.408
Optimal log-likelihood: -8222.407
Rate parameters:  A-C: 1.05821  A-G: 1.75551  A-T: 0.84369  C-G: 0.93298  C-T: 1.81024  G-T: 1.00000
Base frequencies:  A: 0.291  C: 0.198  G: 0.184  T: 0.327
Gamma shape alpha: 0.178
Parameters optimization took 1 rounds (0.004 sec)
BEST SCORE FOUND : -8222.407

Testing tree branches by aBayes parametric test...
0.004 sec.
Total tree length: 0.904

Total number of iterations: 106
CPU time used for tree search: 2.116 sec (0h:0m:2s)
Wall-clock time used for tree search: 2.126 sec (0h:0m:2s)
Total CPU time used: 26.487 sec (0h:0m:26s)
Total wall-clock time used: 26.922 sec (0h:0m:26s)

Analysis results written to: 
  IQ-TREE report:                /Users/fahim/CSE6406-project/work/paper_subset_50x10_L1600/ils_low/replicate_04/estimated_gene_trees/L1600/gtr_g4/locus_0020.iqtree
  Maximum-likelihood tree:       /Users/fahim/CSE6406-project/work/paper_subset_50x10_L1600/ils_low/replicate_04/estimated_gene_trees/L1600/gtr_g4/locus_0020.treefile
  Likelihood distances:          /Users/fahim/CSE6406-project/work/paper_subset_50x10_L1600/ils_low/replicate_04/estimated_gene_trees/L1600/gtr_g4/locus_0020.mldist
  Screen log file:               /Users/fahim/CSE6406-project/work/paper_subset_50x10_L1600/ils_low/replicate_04/estimated_gene_trees/L1600/gtr_g4/locus_0020.log

Date and Time: Fri Sep 11 07:36:32 2026
