IQ-TREE multicore version 2.4.0 for MacOS ARM 64-bit built Feb 12 2025
Developed by Bui Quang Minh, Nguyen Lam Tung, Olga Chernomor, Heiko Schmidt,
Dominik Schrempf, Michael Woodhams, Ly Trong Nhan, Thomas Wong

Host:    Fahims-MacBook-Air.local (SSE4.2, 16 GB RAM)
Command: /Users/fahim/miniconda3/envs/cse6406/bin/iqtree2 -s /Users/fahim/CSE6406-project/work/paper_subset_50x10_L1600/ils_low/replicate_04/alignments/L1600/locus_0040.phy -m GTR+G4 --abayes -T AUTO --seed 6806041 --prefix /Users/fahim/CSE6406-project/work/paper_subset_50x10_L1600/ils_low/replicate_04/estimated_gene_trees/L1600/gtr_g4/locus_0040 --redo --quiet
Seed:    6806041 (Using SPRNG - Scalable Parallel Random Number Generator)
Time:    Fri Sep 11 07:45:02 2026
Kernel:  SSE2 - auto-detect threads (10 CPU cores detected)

Reading alignment file /Users/fahim/CSE6406-project/work/paper_subset_50x10_L1600/ils_low/replicate_04/alignments/L1600/locus_0040.phy ... Phylip format detected
Alignment most likely contains DNA/RNA sequences
Alignment has 21 sequences with 1600 columns, 472 distinct patterns
339 parsimony-informative, 197 singleton sites, 1064 constant sites
        Gap/Ambiguity  Composition  p-value
Analyzing sequences: done in 4.50611e-05 secs using 77.67% CPU
   1  0_0_0     0.00%    passed     45.41%
   2  19_0_0    0.00%    passed     99.52%
   3  17_0_0    0.00%    passed     93.16%
   4  18_0_0    0.00%    passed     95.90%
   5  20_0_0    0.00%    passed     96.69%
   6  12_0_0    0.00%    passed     98.80%
   7  6_0_0     0.00%    passed     92.10%
   8  13_0_0    0.00%    passed     95.42%
   9  3_0_0     0.00%    passed     99.11%
  10  9_0_0     0.00%    passed     73.30%
  11  14_0_0    0.00%    passed     91.86%
  12  5_0_0     0.00%    passed     98.38%
  13  7_0_0     0.00%    passed     96.28%
  14  8_0_0     0.00%    passed     98.30%
  15  10_0_0    0.00%    passed     94.78%
  16  15_0_0    0.00%    passed     92.60%
  17  2_0_0     0.00%    passed     94.62%
  18  16_0_0    0.00%    passed     93.32%
  19  11_0_0    0.00%    passed     96.83%
  20  4_0_0     0.00%    passed     98.03%
  21  1_0_0     0.00%    passed     94.98%
****  TOTAL     0.00%  0 sequences failed composition chi2 test (p-value<5%; df=3)

Create initial parsimony tree by phylogenetic likelihood library (PLL)... 0.000 seconds

NOTE: 1 MB RAM (0 GB) is required!
Measuring multi-threading efficiency up to 10 CPU cores
Increase to 10 rounds for branch lengths
2277 trees examined
Threads: 1 / Time: 10.004 sec / Speedup: 1.000 / Efficiency: 100% / LogL: -10409
Threads: 2 / Time: 14.617 sec / Speedup: 0.684 / Efficiency: 34% / LogL: -10409
BEST NUMBER OF THREADS: 1

Estimate model parameters (epsilon = 0.100)
1. Initial log-likelihood: -8964.549
2. Current log-likelihood: -8701.691
3. Current log-likelihood: -8698.340
Optimal log-likelihood: -8698.332
Rate parameters:  A-C: 0.99629  A-G: 2.03941  A-T: 1.23992  C-G: 1.05050  C-T: 2.40608  G-T: 1.00000
Base frequencies:  A: 0.316  C: 0.200  G: 0.198  T: 0.286
Gamma shape alpha: 0.223
Parameters optimization took 3 rounds (0.034 sec)
Wrote distance file to... 
Computing ML distances based on estimated model parameters...
Calculating distance matrix: done in 0.00103617 secs using 98.92% CPU
Computing ML distances took 0.001071 sec (of wall-clock time) 0.001047 sec (of CPU time)
Setting up auxiliary I and S matrices: done in 1.5974e-05 secs using 68.86% CPU
Computing RapidNJ tree took 0.000059 sec (of wall-clock time) 0.000063 sec (of CPU time)
Log-likelihood of RapidNJ tree: -8709.660
--------------------------------------------------------------------
|             INITIALIZING CANDIDATE TREE SET                      |
--------------------------------------------------------------------
Generating 98 parsimony trees... 0.057 second
Computing log-likelihood of 98 initial trees ... 0.108 seconds
Current best score: -8687.706

Do NNI search on 20 best initial trees
Estimate model parameters (epsilon = 0.100)
BETTER TREE FOUND at iteration 1: -8685.091
Iteration 10 / LogL: -8692.555 / Time: 0h:0m:24s
Iteration 20 / LogL: -8685.464 / Time: 0h:0m:25s
Finish initializing candidate tree set (9)
Current best tree score: -8685.091 / CPU time: 0.447
Number of iterations: 20
--------------------------------------------------------------------
|               OPTIMIZING CANDIDATE TREE SET                      |
--------------------------------------------------------------------
Iteration 30 / LogL: -8692.540 / Time: 0h:0m:25s (0h:1m:1s left)
Iteration 40 / LogL: -8685.478 / Time: 0h:0m:25s (0h:0m:39s left)
Iteration 50 / LogL: -8685.464 / Time: 0h:0m:25s (0h:0m:26s left)
Iteration 60 / LogL: -8686.087 / Time: 0h:0m:25s (0h:0m:17s left)
Iteration 70 / LogL: -8686.502 / Time: 0h:0m:26s (0h:0m:11s left)
Iteration 80 / LogL: -8686.087 / Time: 0h:0m:26s (0h:0m:6s left)
Iteration 90 / LogL: -8685.466 / Time: 0h:0m:26s (0h:0m:3s left)
Iteration 100 / LogL: -8685.115 / Time: 0h:0m:26s (0h:0m:0s left)
TREE SEARCH COMPLETED AFTER 102 ITERATIONS / Time: 0h:0m:26s

--------------------------------------------------------------------
|                    FINALIZING TREE SEARCH                        |
--------------------------------------------------------------------
Performs final model parameters optimization
Estimate model parameters (epsilon = 0.010)
1. Initial log-likelihood: -8685.091
Optimal log-likelihood: -8685.089
Rate parameters:  A-C: 0.99873  A-G: 2.03518  A-T: 1.24974  C-G: 1.04369  C-T: 2.43551  G-T: 1.00000
Base frequencies:  A: 0.316  C: 0.200  G: 0.198  T: 0.286
Gamma shape alpha: 0.223
Parameters optimization took 1 rounds (0.004 sec)
BEST SCORE FOUND : -8685.089

Testing tree branches by aBayes parametric test...
0.004 sec.
Total tree length: 0.951

Total number of iterations: 102
CPU time used for tree search: 1.938 sec (0h:0m:1s)
Wall-clock time used for tree search: 1.942 sec (0h:0m:1s)
Total CPU time used: 26.189 sec (0h:0m:26s)
Total wall-clock time used: 26.613 sec (0h:0m:26s)

Analysis results written to: 
  IQ-TREE report:                /Users/fahim/CSE6406-project/work/paper_subset_50x10_L1600/ils_low/replicate_04/estimated_gene_trees/L1600/gtr_g4/locus_0040.iqtree
  Maximum-likelihood tree:       /Users/fahim/CSE6406-project/work/paper_subset_50x10_L1600/ils_low/replicate_04/estimated_gene_trees/L1600/gtr_g4/locus_0040.treefile
  Likelihood distances:          /Users/fahim/CSE6406-project/work/paper_subset_50x10_L1600/ils_low/replicate_04/estimated_gene_trees/L1600/gtr_g4/locus_0040.mldist
  Screen log file:               /Users/fahim/CSE6406-project/work/paper_subset_50x10_L1600/ils_low/replicate_04/estimated_gene_trees/L1600/gtr_g4/locus_0040.log

Date and Time: Fri Sep 11 07:45:29 2026
