IQ-TREE multicore version 2.4.0 for MacOS ARM 64-bit built Feb 12 2025
Developed by Bui Quang Minh, Nguyen Lam Tung, Olga Chernomor, Heiko Schmidt,
Dominik Schrempf, Michael Woodhams, Ly Trong Nhan, Thomas Wong

Host:    Fahims-MacBook-Air.local (SSE4.2, 16 GB RAM)
Command: /Users/fahim/miniconda3/envs/cse6406/bin/iqtree2 -s /Users/fahim/CSE6406-project/work/paper_subset_50x10_L1600/ils_low/replicate_04/alignments/L1600/locus_0016.phy -m GTR+G4 --abayes -T AUTO --seed 6806017 --prefix /Users/fahim/CSE6406-project/work/paper_subset_50x10_L1600/ils_low/replicate_04/estimated_gene_trees/L1600/gtr_g4/locus_0016 --redo --quiet
Seed:    6806017 (Using SPRNG - Scalable Parallel Random Number Generator)
Time:    Fri Sep 11 07:34:18 2026
Kernel:  SSE2 - auto-detect threads (10 CPU cores detected)

Reading alignment file /Users/fahim/CSE6406-project/work/paper_subset_50x10_L1600/ils_low/replicate_04/alignments/L1600/locus_0016.phy ... Phylip format detected
Alignment most likely contains DNA/RNA sequences
Alignment has 21 sequences with 1600 columns, 478 distinct patterns
341 parsimony-informative, 183 singleton sites, 1076 constant sites
        Gap/Ambiguity  Composition  p-value
Analyzing sequences: done in 3.60012e-05 secs using 102.8% CPU
   1  0_0_0     0.00%    passed     98.65%
   2  2_0_0     0.00%    passed     99.32%
   3  15_0_0    0.00%    passed     78.61%
   4  11_0_0    0.00%    passed     98.37%
   5  16_0_0    0.00%    passed     94.22%
   6  4_0_0     0.00%    passed     99.91%
   7  1_0_0     0.00%    passed     99.45%
   8  9_0_0     0.00%    passed     95.58%
   9  8_0_0     0.00%    passed     95.69%
  10  3_0_0     0.00%    passed     94.45%
  11  5_0_0     0.00%    passed     98.35%
  12  14_0_0    0.00%    passed     99.18%
  13  7_0_0     0.00%    passed     90.43%
  14  12_0_0    0.00%    passed     93.00%
  15  6_0_0     0.00%    passed     86.87%
  16  13_0_0    0.00%    passed     86.46%
  17  10_0_0    0.00%    passed     92.93%
  18  20_0_0    0.00%    passed     96.76%
  19  18_0_0    0.00%    passed     83.15%
  20  17_0_0    0.00%    passed     99.92%
  21  19_0_0    0.00%    passed     99.61%
****  TOTAL     0.00%  0 sequences failed composition chi2 test (p-value<5%; df=3)

Create initial parsimony tree by phylogenetic likelihood library (PLL)... 0.000 seconds

NOTE: 1 MB RAM (0 GB) is required!
Measuring multi-threading efficiency up to 10 CPU cores
Increase to 10 rounds for branch lengths
2121 trees examined
Threads: 1 / Time: 10.004 sec / Speedup: 1.000 / Efficiency: 100% / LogL: -10504
Threads: 2 / Time: 14.703 sec / Speedup: 0.680 / Efficiency: 34% / LogL: -10504
BEST NUMBER OF THREADS: 1

Estimate model parameters (epsilon = 0.100)
1. Initial log-likelihood: -8891.417
2. Current log-likelihood: -8622.567
3. Current log-likelihood: -8618.192
Optimal log-likelihood: -8618.143
Rate parameters:  A-C: 1.02482  A-G: 2.00844  A-T: 0.87160  C-G: 1.20120  C-T: 1.78567  G-T: 1.00000
Base frequencies:  A: 0.292  C: 0.212  G: 0.194  T: 0.302
Gamma shape alpha: 0.197
Parameters optimization took 3 rounds (0.035 sec)
Wrote distance file to... 
Computing ML distances based on estimated model parameters...
Calculating distance matrix: done in 0.00103402 secs using 98.84% CPU
Computing ML distances took 0.001066 sec (of wall-clock time) 0.001044 sec (of CPU time)
Setting up auxiliary I and S matrices: done in 1.5974e-05 secs using 75.12% CPU
Computing RapidNJ tree took 0.000062 sec (of wall-clock time) 0.000070 sec (of CPU time)
Log-likelihood of RapidNJ tree: -8629.828
--------------------------------------------------------------------
|             INITIALIZING CANDIDATE TREE SET                      |
--------------------------------------------------------------------
Generating 98 parsimony trees... 0.051 second
Computing log-likelihood of 98 initial trees ... 0.109 seconds
Current best score: -8618.143

Do NNI search on 20 best initial trees
Estimate model parameters (epsilon = 0.100)
BETTER TREE FOUND at iteration 1: -8616.743
Estimate model parameters (epsilon = 0.100)
BETTER TREE FOUND at iteration 2: -8616.674
Iteration 10 / LogL: -8616.744 / Time: 0h:0m:25s
Iteration 20 / LogL: -8616.675 / Time: 0h:0m:25s
Finish initializing candidate tree set (2)
Current best tree score: -8616.674 / CPU time: 0.439
Number of iterations: 20
--------------------------------------------------------------------
|               OPTIMIZING CANDIDATE TREE SET                      |
--------------------------------------------------------------------
Iteration 30 / LogL: -8616.675 / Time: 0h:0m:25s (0h:1m:2s left)
Iteration 40 / LogL: -8616.674 / Time: 0h:0m:25s (0h:0m:40s left)
Iteration 50 / LogL: -8616.686 / Time: 0h:0m:25s (0h:0m:27s left)
Iteration 60 / LogL: -8616.679 / Time: 0h:0m:25s (0h:0m:18s left)
Iteration 70 / LogL: -8616.674 / Time: 0h:0m:26s (0h:0m:12s left)
Iteration 80 / LogL: -8616.675 / Time: 0h:0m:26s (0h:0m:7s left)
Iteration 90 / LogL: -8616.744 / Time: 0h:0m:26s (0h:0m:3s left)
Iteration 100 / LogL: -8616.674 / Time: 0h:0m:26s (0h:0m:0s left)
TREE SEARCH COMPLETED AFTER 103 ITERATIONS / Time: 0h:0m:26s

--------------------------------------------------------------------
|                    FINALIZING TREE SEARCH                        |
--------------------------------------------------------------------
Performs final model parameters optimization
Estimate model parameters (epsilon = 0.010)
1. Initial log-likelihood: -8616.674
Optimal log-likelihood: -8616.674
Rate parameters:  A-C: 1.02915  A-G: 2.00793  A-T: 0.87619  C-G: 1.20392  C-T: 1.79017  G-T: 1.00000
Base frequencies:  A: 0.292  C: 0.212  G: 0.194  T: 0.302
Gamma shape alpha: 0.198
Parameters optimization took 1 rounds (0.004 sec)
BEST SCORE FOUND : -8616.674

Testing tree branches by aBayes parametric test...
0.004 sec.
Total tree length: 0.917

Total number of iterations: 103
CPU time used for tree search: 2.070 sec (0h:0m:2s)
Wall-clock time used for tree search: 2.074 sec (0h:0m:2s)
Total CPU time used: 26.353 sec (0h:0m:26s)
Total wall-clock time used: 26.833 sec (0h:0m:26s)

Analysis results written to: 
  IQ-TREE report:                /Users/fahim/CSE6406-project/work/paper_subset_50x10_L1600/ils_low/replicate_04/estimated_gene_trees/L1600/gtr_g4/locus_0016.iqtree
  Maximum-likelihood tree:       /Users/fahim/CSE6406-project/work/paper_subset_50x10_L1600/ils_low/replicate_04/estimated_gene_trees/L1600/gtr_g4/locus_0016.treefile
  Likelihood distances:          /Users/fahim/CSE6406-project/work/paper_subset_50x10_L1600/ils_low/replicate_04/estimated_gene_trees/L1600/gtr_g4/locus_0016.mldist
  Screen log file:               /Users/fahim/CSE6406-project/work/paper_subset_50x10_L1600/ils_low/replicate_04/estimated_gene_trees/L1600/gtr_g4/locus_0016.log

Date and Time: Fri Sep 11 07:34:45 2026
