IQ-TREE multicore version 2.4.0 for Linux x86 64-bit built Feb 12 2025
Developed by Bui Quang Minh, Nguyen Lam Tung, Olga Chernomor, Heiko Schmidt,
Dominik Schrempf, Michael Woodhams, Ly Trong Nhan, Thomas Wong

Host:    ezmata (AVX2, FMA3, 15 GB RAM)
Command: /home/mis/miniconda3/envs/cse6406/bin/iqtree2 -s /home/mis/CSE6406-project/work/paper_subset_50x10_L200/ils_low/replicate_05/alignments/L200/locus_0040.phy -m GTR --abayes -T 1 --seed 6906041 --prefix /home/mis/CSE6406-project/work/paper_subset_50x10_L200/ils_low/replicate_05/estimated_gene_trees/L200/gtr/locus_0040 --redo --quiet
Seed:    6906041 (Using SPRNG - Scalable Parallel Random Number Generator)
Time:    Sat Sep 12 21:33:40 2026
Kernel:  AVX+FMA - 1 threads (16 CPU cores detected)

HINT: Use -nt option to specify number of threads because your CPU has 16 cores!
HINT: -nt AUTO will automatically determine the best number of threads to use.

Reading alignment file /home/mis/CSE6406-project/work/paper_subset_50x10_L200/ils_low/replicate_05/alignments/L200/locus_0040.phy ... Phylip format detected
Alignment most likely contains DNA/RNA sequences
Alignment has 21 sequences with 200 columns, 77 distinct patterns
59 parsimony-informative, 15 singleton sites, 126 constant sites
        Gap/Ambiguity  Composition  p-value
Analyzing sequences: done in 7.829e-06 secs using 76.64% CPU
   1  8_0_0     0.00%    passed     80.99%
   2  7_0_0     0.00%    passed     93.78%
   3  6_0_0     0.00%    passed     90.36%
   4  9_0_0     0.00%    passed     92.72%
   5  11_0_0    0.00%    passed     86.88%
   6  12_0_0    0.00%    passed     71.54%
   7  10_0_0    0.00%    passed     84.68%
   8  5_0_0     0.00%    passed     89.80%
   9  15_0_0    0.00%    passed     75.82%
  10  20_0_0    0.00%    passed     92.59%
  11  18_0_0    0.00%    passed     97.56%
  12  14_0_0    0.00%    passed     82.72%
  13  16_0_0    0.00%    passed     94.46%
  14  17_0_0    0.00%    passed     97.63%
  15  19_0_0    0.00%    passed     99.99%
  16  13_0_0    0.00%    passed     86.05%
  17  2_0_0     0.00%    passed     88.00%
  18  3_0_0     0.00%    passed     93.36%
  19  4_0_0     0.00%    passed     99.78%
  20  1_0_0     0.00%    passed     99.15%
  21  0_0_0     0.00%    passed     71.12%
****  TOTAL     0.00%  0 sequences failed composition chi2 test (p-value<5%; df=3)

Create initial parsimony tree by phylogenetic likelihood library (PLL)... 0.001 seconds

NOTE: 0 MB RAM (0 GB) is required!
Estimate model parameters (epsilon = 0.100)
1. Initial log-likelihood: -1387.002
2. Current log-likelihood: -1362.150
Optimal log-likelihood: -1362.052
Rate parameters:  A-C: 1.31833  A-G: 1.78042  A-T: 1.06388  C-G: 0.93156  C-T: 3.30640  G-T: 1.00000
Base frequencies:  A: 0.306  C: 0.176  G: 0.201  T: 0.317
Parameters optimization took 2 rounds (0.004 sec)
Wrote distance file to... 
Computing ML distances based on estimated model parameters...
Calculating distance matrix: done in 0.000758237 secs using 99.97% CPU
Computing ML distances took 0.000784 sec (of wall-clock time) 0.000782 sec (of CPU time)
Setting up auxiliary I and S matrices: done in 6.1933e-05 secs using 98.49% CPU
Computing RapidNJ tree took 0.000238 sec (of wall-clock time) 0.000459 sec (of CPU time)
Log-likelihood of RapidNJ tree: -1373.291
--------------------------------------------------------------------
|             INITIALIZING CANDIDATE TREE SET                      |
--------------------------------------------------------------------
Generating 98 parsimony trees... 0.089 second
Computing log-likelihood of 98 initial trees ... 0.041 seconds
Current best score: -1358.754

Do NNI search on 20 best initial trees
Estimate model parameters (epsilon = 0.100)
BETTER TREE FOUND at iteration 1: -1358.520
Estimate model parameters (epsilon = 0.100)
BETTER TREE FOUND at iteration 9: -1358.295
Iteration 10 / LogL: -1359.911 / Time: 0h:0m:0s
Iteration 20 / LogL: -1358.709 / Time: 0h:0m:0s
Finish initializing candidate tree set (6)
Current best tree score: -1358.295 / CPU time: 0.188
Number of iterations: 20
--------------------------------------------------------------------
|               OPTIMIZING CANDIDATE TREE SET                      |
--------------------------------------------------------------------
Iteration 30 / LogL: -1359.911 / Time: 0h:0m:0s (0h:0m:0s left)
UPDATE BEST LOG-LIKELIHOOD: -1358.295
Iteration 40 / LogL: -1359.911 / Time: 0h:0m:0s (0h:0m:0s left)
Iteration 50 / LogL: -1358.295 / Time: 0h:0m:0s (0h:0m:0s left)
UPDATE BEST LOG-LIKELIHOOD: -1358.295
Iteration 60 / LogL: -1358.295 / Time: 0h:0m:0s (0h:0m:0s left)
UPDATE BEST LOG-LIKELIHOOD: -1358.295
Iteration 70 / LogL: -1358.709 / Time: 0h:0m:0s (0h:0m:0s left)
Iteration 80 / LogL: -1358.296 / Time: 0h:0m:0s (0h:0m:0s left)
Iteration 90 / LogL: -1358.297 / Time: 0h:0m:0s (0h:0m:0s left)
Iteration 100 / LogL: -1360.121 / Time: 0h:0m:0s (0h:0m:0s left)
Iteration 110 / LogL: -1358.296 / Time: 0h:0m:0s (0h:0m:-1s left)
TREE SEARCH COMPLETED AFTER 110 ITERATIONS / Time: 0h:0m:0s

--------------------------------------------------------------------
|                    FINALIZING TREE SEARCH                        |
--------------------------------------------------------------------
Performs final model parameters optimization
Estimate model parameters (epsilon = 0.010)
1. Initial log-likelihood: -1358.295
Optimal log-likelihood: -1358.295
Rate parameters:  A-C: 1.13514  A-G: 1.48990  A-T: 1.08564  C-G: 0.73133  C-T: 2.88294  G-T: 1.00000
Base frequencies:  A: 0.306  C: 0.176  G: 0.201  T: 0.317
Parameters optimization took 1 rounds (0.001 sec)
BEST SCORE FOUND : -1358.295

Testing tree branches by aBayes parametric test...
0.001 sec.
Total tree length: 1.113

Total number of iterations: 110
CPU time used for tree search: 0.775 sec (0h:0m:0s)
Wall-clock time used for tree search: 0.835 sec (0h:0m:0s)
Total CPU time used: 0.793 sec (0h:0m:0s)
Total wall-clock time used: 0.854 sec (0h:0m:0s)

Analysis results written to: 
  IQ-TREE report:                /home/mis/CSE6406-project/work/paper_subset_50x10_L200/ils_low/replicate_05/estimated_gene_trees/L200/gtr/locus_0040.iqtree
  Maximum-likelihood tree:       /home/mis/CSE6406-project/work/paper_subset_50x10_L200/ils_low/replicate_05/estimated_gene_trees/L200/gtr/locus_0040.treefile
  Likelihood distances:          /home/mis/CSE6406-project/work/paper_subset_50x10_L200/ils_low/replicate_05/estimated_gene_trees/L200/gtr/locus_0040.mldist
  Screen log file:               /home/mis/CSE6406-project/work/paper_subset_50x10_L200/ils_low/replicate_05/estimated_gene_trees/L200/gtr/locus_0040.log

Date and Time: Sat Sep 12 21:33:41 2026
