IQ-TREE multicore version 2.4.0 for Linux x86 64-bit built Feb 12 2025
Developed by Bui Quang Minh, Nguyen Lam Tung, Olga Chernomor, Heiko Schmidt,
Dominik Schrempf, Michael Woodhams, Ly Trong Nhan, Thomas Wong

Host:    ezmata (AVX2, FMA3, 15 GB RAM)
Command: /home/mis/miniconda3/envs/cse6406/bin/iqtree2 -s /home/mis/CSE6406-project/work/paper_subset_50x10_L200/ils_low/replicate_05/alignments/L200/locus_0042.phy -m GTR --abayes -T 1 --seed 6906043 --prefix /home/mis/CSE6406-project/work/paper_subset_50x10_L200/ils_low/replicate_05/estimated_gene_trees/L200/gtr/locus_0042 --redo --quiet
Seed:    6906043 (Using SPRNG - Scalable Parallel Random Number Generator)
Time:    Sat Sep 12 21:33:41 2026
Kernel:  AVX+FMA - 1 threads (16 CPU cores detected)

HINT: Use -nt option to specify number of threads because your CPU has 16 cores!
HINT: -nt AUTO will automatically determine the best number of threads to use.

Reading alignment file /home/mis/CSE6406-project/work/paper_subset_50x10_L200/ils_low/replicate_05/alignments/L200/locus_0042.phy ... Phylip format detected
Alignment most likely contains DNA/RNA sequences
Alignment has 21 sequences with 200 columns, 72 distinct patterns
54 parsimony-informative, 15 singleton sites, 131 constant sites
        Gap/Ambiguity  Composition  p-value
Analyzing sequences: done in 1.3696e-05 secs using 65.71% CPU
   1  15_0_0    0.00%    passed     98.60%
   2  20_0_0    0.00%    passed     98.07%
   3  19_0_0    0.00%    passed     81.83%
   4  17_0_0    0.00%    passed     74.41%
   5  13_0_0    0.00%    passed     97.26%
   6  16_0_0    0.00%    passed     98.20%
   7  14_0_0    0.00%    passed     95.88%
   8  18_0_0    0.00%    passed     88.95%
   9  8_0_0     0.00%    passed     96.57%
  10  7_0_0     0.00%    passed     82.31%
  11  6_0_0     0.00%    passed     89.88%
  12  11_0_0    0.00%    passed     99.81%
  13  9_0_0     0.00%    passed     95.89%
  14  12_0_0    0.00%    passed     82.02%
  15  5_0_0     0.00%    passed     99.81%
  16  10_0_0    0.00%    passed     97.30%
  17  2_0_0     0.00%    passed     96.54%
  18  3_0_0     0.00%    passed     80.14%
  19  4_0_0     0.00%    passed     99.39%
  20  1_0_0     0.00%    passed     71.45%
  21  0_0_0     0.00%    passed     99.94%
****  TOTAL     0.00%  0 sequences failed composition chi2 test (p-value<5%; df=3)

Create initial parsimony tree by phylogenetic likelihood library (PLL)... 0.001 seconds

NOTE: 0 MB RAM (0 GB) is required!
Estimate model parameters (epsilon = 0.100)
1. Initial log-likelihood: -1423.436
2. Current log-likelihood: -1405.926
Optimal log-likelihood: -1405.827
Rate parameters:  A-C: 1.41321  A-G: 2.22940  A-T: 0.84185  C-G: 1.71993  C-T: 1.78416  G-T: 1.00000
Base frequencies:  A: 0.327  C: 0.144  G: 0.210  T: 0.319
Parameters optimization took 2 rounds (0.006 sec)
Wrote distance file to... 
Computing ML distances based on estimated model parameters...
Calculating distance matrix: done in 0.00123667 secs using 91.94% CPU
Computing ML distances took 0.001276 sec (of wall-clock time) 0.001178 sec (of CPU time)
Setting up auxiliary I and S matrices: done in 5.8352e-05 secs
Computing RapidNJ tree took 0.000226 sec (of wall-clock time) 0.000000 sec (of CPU time)
Log-likelihood of RapidNJ tree: -1412.622
--------------------------------------------------------------------
|             INITIALIZING CANDIDATE TREE SET                      |
--------------------------------------------------------------------
Generating 98 parsimony trees... 0.077 second
Computing log-likelihood of 98 initial trees ... 0.040 seconds
Current best score: -1404.548

Do NNI search on 20 best initial trees
Estimate model parameters (epsilon = 0.100)
BETTER TREE FOUND at iteration 1: -1404.435
Iteration 10 / LogL: -1404.862 / Time: 0h:0m:0s
Iteration 20 / LogL: -1405.273 / Time: 0h:0m:0s
Finish initializing candidate tree set (8)
Current best tree score: -1404.435 / CPU time: 0.172
Number of iterations: 20
--------------------------------------------------------------------
|               OPTIMIZING CANDIDATE TREE SET                      |
--------------------------------------------------------------------
Iteration 30 / LogL: -1405.273 / Time: 0h:0m:0s (0h:0m:0s left)
Iteration 40 / LogL: -1404.446 / Time: 0h:0m:0s (0h:0m:0s left)
Iteration 50 / LogL: -1404.435 / Time: 0h:0m:0s (0h:0m:0s left)
Iteration 60 / LogL: -1405.661 / Time: 0h:0m:0s (0h:0m:0s left)
Iteration 70 / LogL: -1406.009 / Time: 0h:0m:0s (0h:0m:0s left)
Iteration 80 / LogL: -1405.272 / Time: 0h:0m:0s (0h:0m:0s left)
Iteration 90 / LogL: -1404.435 / Time: 0h:0m:0s (0h:0m:0s left)
Iteration 100 / LogL: -1404.438 / Time: 0h:0m:0s (0h:0m:0s left)
TREE SEARCH COMPLETED AFTER 102 ITERATIONS / Time: 0h:0m:0s

--------------------------------------------------------------------
|                    FINALIZING TREE SEARCH                        |
--------------------------------------------------------------------
Performs final model parameters optimization
Estimate model parameters (epsilon = 0.010)
1. Initial log-likelihood: -1404.435
Optimal log-likelihood: -1404.435
Rate parameters:  A-C: 1.36271  A-G: 2.28634  A-T: 0.85688  C-G: 1.79819  C-T: 1.81625  G-T: 1.00000
Base frequencies:  A: 0.327  C: 0.144  G: 0.210  T: 0.319
Parameters optimization took 1 rounds (0.001 sec)
BEST SCORE FOUND : -1404.435

Testing tree branches by aBayes parametric test...
0.001 sec.
Total tree length: 1.142

Total number of iterations: 102
CPU time used for tree search: 0.553 sec (0h:0m:0s)
Wall-clock time used for tree search: 0.611 sec (0h:0m:0s)
Total CPU time used: 0.574 sec (0h:0m:0s)
Total wall-clock time used: 0.634 sec (0h:0m:0s)

Analysis results written to: 
  IQ-TREE report:                /home/mis/CSE6406-project/work/paper_subset_50x10_L200/ils_low/replicate_05/estimated_gene_trees/L200/gtr/locus_0042.iqtree
  Maximum-likelihood tree:       /home/mis/CSE6406-project/work/paper_subset_50x10_L200/ils_low/replicate_05/estimated_gene_trees/L200/gtr/locus_0042.treefile
  Likelihood distances:          /home/mis/CSE6406-project/work/paper_subset_50x10_L200/ils_low/replicate_05/estimated_gene_trees/L200/gtr/locus_0042.mldist
  Screen log file:               /home/mis/CSE6406-project/work/paper_subset_50x10_L200/ils_low/replicate_05/estimated_gene_trees/L200/gtr/locus_0042.log

Date and Time: Sat Sep 12 21:33:41 2026
