IQ-TREE multicore version 2.4.0 for Linux x86 64-bit built Feb 12 2025
Developed by Bui Quang Minh, Nguyen Lam Tung, Olga Chernomor, Heiko Schmidt,
Dominik Schrempf, Michael Woodhams, Ly Trong Nhan, Thomas Wong

Host:    ezmata (AVX2, FMA3, 15 GB RAM)
Command: /home/mis/miniconda3/envs/cse6406/bin/iqtree2 -s /home/mis/CSE6406-project/work/paper_subset_50x10_L200/ils_low/replicate_05/alignments/L200/locus_0034.phy -m GTR --abayes -T 1 --seed 6906035 --prefix /home/mis/CSE6406-project/work/paper_subset_50x10_L200/ils_low/replicate_05/estimated_gene_trees/L200/gtr/locus_0034 --redo --quiet
Seed:    6906035 (Using SPRNG - Scalable Parallel Random Number Generator)
Time:    Sat Sep 12 21:33:39 2026
Kernel:  AVX+FMA - 1 threads (16 CPU cores detected)

HINT: Use -nt option to specify number of threads because your CPU has 16 cores!
HINT: -nt AUTO will automatically determine the best number of threads to use.

Reading alignment file /home/mis/CSE6406-project/work/paper_subset_50x10_L200/ils_low/replicate_05/alignments/L200/locus_0034.phy ... Phylip format detected
Alignment most likely contains DNA/RNA sequences
Alignment has 21 sequences with 200 columns, 74 distinct patterns
49 parsimony-informative, 22 singleton sites, 129 constant sites
        Gap/Ambiguity  Composition  p-value
Analyzing sequences: done in 1.9816e-05 secs using 15.14% CPU
   1  0_0_0     0.00%    passed     95.74%
   2  20_0_0    0.00%    passed     88.47%
   3  15_0_0    0.00%    passed     96.93%
   4  17_0_0    0.00%    passed     99.35%
   5  19_0_0    0.00%    passed     99.14%
   6  13_0_0    0.00%    passed     93.94%
   7  16_0_0    0.00%    passed     96.58%
   8  18_0_0    0.00%    passed     97.00%
   9  14_0_0    0.00%    passed     92.18%
  10  10_0_0    0.00%    passed     86.11%
  11  5_0_0     0.00%    passed     96.62%
  12  12_0_0    0.00%    passed     90.85%
  13  8_0_0     0.00%    passed     99.48%
  14  7_0_0     0.00%    passed     99.83%
  15  9_0_0     0.00%    passed     99.48%
  16  11_0_0    0.00%    passed     98.87%
  17  6_0_0     0.00%    passed     93.73%
  18  2_0_0     0.00%    passed     97.86%
  19  4_0_0     0.00%    passed     88.64%
  20  1_0_0     0.00%    passed     94.84%
  21  3_0_0     0.00%    passed     89.04%
****  TOTAL     0.00%  0 sequences failed composition chi2 test (p-value<5%; df=3)

Create initial parsimony tree by phylogenetic likelihood library (PLL)... 0.001 seconds

NOTE: 0 MB RAM (0 GB) is required!
Estimate model parameters (epsilon = 0.100)
1. Initial log-likelihood: -1381.614
2. Current log-likelihood: -1363.881
3. Current log-likelihood: -1363.704
Optimal log-likelihood: -1363.703
Rate parameters:  A-C: 2.19029  A-G: 2.68466  A-T: 1.10484  C-G: 1.70536  C-T: 2.72297  G-T: 1.00000
Base frequencies:  A: 0.299  C: 0.176  G: 0.193  T: 0.332
Parameters optimization took 3 rounds (0.009 sec)
Wrote distance file to... 
Computing ML distances based on estimated model parameters...
Calculating distance matrix: done in 0.00139729 secs using 93.18% CPU
Computing ML distances took 0.001445 sec (of wall-clock time) 0.001348 sec (of CPU time)
Setting up auxiliary I and S matrices: done in 6.6147e-05 secs using 98.27% CPU
Computing RapidNJ tree took 0.000252 sec (of wall-clock time) 0.000251 sec (of CPU time)
Log-likelihood of RapidNJ tree: -1354.152
--------------------------------------------------------------------
|             INITIALIZING CANDIDATE TREE SET                      |
--------------------------------------------------------------------
Generating 98 parsimony trees... 0.110 second
Computing log-likelihood of 98 initial trees ... 0.075 seconds
Current best score: -1344.223

Do NNI search on 20 best initial trees
Estimate model parameters (epsilon = 0.100)
BETTER TREE FOUND at iteration 1: -1343.691
Iteration 10 / LogL: -1344.483 / Time: 0h:0m:0s
Iteration 20 / LogL: -1346.245 / Time: 0h:0m:0s
Finish initializing candidate tree set (6)
Current best tree score: -1343.691 / CPU time: 0.308
Number of iterations: 20
--------------------------------------------------------------------
|               OPTIMIZING CANDIDATE TREE SET                      |
--------------------------------------------------------------------
Iteration 30 / LogL: -1352.086 / Time: 0h:0m:0s (0h:0m:1s left)
Iteration 40 / LogL: -1344.199 / Time: 0h:0m:0s (0h:0m:0s left)
Iteration 50 / LogL: -1343.691 / Time: 0h:0m:0s (0h:0m:0s left)
Iteration 60 / LogL: -1343.691 / Time: 0h:0m:0s (0h:0m:0s left)
Iteration 70 / LogL: -1344.489 / Time: 0h:0m:0s (0h:0m:0s left)
Iteration 80 / LogL: -1343.691 / Time: 0h:0m:0s (0h:0m:0s left)
Iteration 90 / LogL: -1343.691 / Time: 0h:0m:1s (0h:0m:0s left)
Iteration 100 / LogL: -1343.691 / Time: 0h:0m:1s (0h:0m:0s left)
TREE SEARCH COMPLETED AFTER 102 ITERATIONS / Time: 0h:0m:1s

--------------------------------------------------------------------
|                    FINALIZING TREE SEARCH                        |
--------------------------------------------------------------------
Performs final model parameters optimization
Estimate model parameters (epsilon = 0.010)
1. Initial log-likelihood: -1343.691
Optimal log-likelihood: -1343.691
Rate parameters:  A-C: 2.28740  A-G: 2.57757  A-T: 0.98256  C-G: 1.41388  C-T: 2.86186  G-T: 1.00000
Base frequencies:  A: 0.299  C: 0.176  G: 0.193  T: 0.332
Parameters optimization took 1 rounds (0.001 sec)
BEST SCORE FOUND : -1343.691

Testing tree branches by aBayes parametric test...
0.002 sec.
Total tree length: 1.117

Total number of iterations: 102
CPU time used for tree search: 1.100 sec (0h:0m:1s)
Wall-clock time used for tree search: 1.176 sec (0h:0m:1s)
Total CPU time used: 1.129 sec (0h:0m:1s)
Total wall-clock time used: 1.206 sec (0h:0m:1s)

Analysis results written to: 
  IQ-TREE report:                /home/mis/CSE6406-project/work/paper_subset_50x10_L200/ils_low/replicate_05/estimated_gene_trees/L200/gtr/locus_0034.iqtree
  Maximum-likelihood tree:       /home/mis/CSE6406-project/work/paper_subset_50x10_L200/ils_low/replicate_05/estimated_gene_trees/L200/gtr/locus_0034.treefile
  Likelihood distances:          /home/mis/CSE6406-project/work/paper_subset_50x10_L200/ils_low/replicate_05/estimated_gene_trees/L200/gtr/locus_0034.mldist
  Screen log file:               /home/mis/CSE6406-project/work/paper_subset_50x10_L200/ils_low/replicate_05/estimated_gene_trees/L200/gtr/locus_0034.log

Date and Time: Sat Sep 12 21:33:41 2026
