IQ-TREE multicore version 2.4.0 for Linux x86 64-bit built Feb 12 2025
Developed by Bui Quang Minh, Nguyen Lam Tung, Olga Chernomor, Heiko Schmidt,
Dominik Schrempf, Michael Woodhams, Ly Trong Nhan, Thomas Wong

Host:    ezmata (AVX2, FMA3, 15 GB RAM)
Command: /home/mis/miniconda3/envs/cse6406/bin/iqtree2 -s /home/mis/CSE6406-project/work/paper_subset_50x10_L200/ils_high/replicate_04/alignments/L200/locus_0031.phy -m HKY --abayes -T 1 --seed 6806032 --prefix /home/mis/CSE6406-project/work/paper_subset_50x10_L200/ils_high/replicate_04/estimated_gene_trees/L200/hky/locus_0031 --redo --quiet
Seed:    6806032 (Using SPRNG - Scalable Parallel Random Number Generator)
Time:    Sat Sep 12 21:42:56 2026
Kernel:  AVX+FMA - 1 threads (16 CPU cores detected)

HINT: Use -nt option to specify number of threads because your CPU has 16 cores!
HINT: -nt AUTO will automatically determine the best number of threads to use.

Reading alignment file /home/mis/CSE6406-project/work/paper_subset_50x10_L200/ils_high/replicate_04/alignments/L200/locus_0031.phy ... Phylip format detected
Alignment most likely contains DNA/RNA sequences
Alignment has 21 sequences with 200 columns, 64 distinct patterns
39 parsimony-informative, 22 singleton sites, 139 constant sites
        Gap/Ambiguity  Composition  p-value
Analyzing sequences: done in 1.5587e-05 secs using 89.82% CPU
   1  0_0_0     0.00%    passed     93.28%
   2  6_0_0     0.00%    passed     94.76%
   3  17_0_0    0.00%    passed     97.97%
   4  19_0_0    0.00%    passed     98.67%
   5  8_0_0     0.00%    passed     86.43%
   6  9_0_0     0.00%    passed     81.30%
   7  10_0_0    0.00%    passed     99.63%
   8  12_0_0    0.00%    passed     99.58%
   9  5_0_0     0.00%    passed     99.89%
  10  14_0_0    0.00%    passed     95.59%
  11  3_0_0     0.00%    passed     91.27%
  12  7_0_0     0.00%    passed     89.22%
  13  18_0_0    0.00%    passed     91.19%
  14  13_0_0    0.00%    passed     98.03%
  15  20_0_0    0.00%    passed     97.92%
  16  11_0_0    0.00%    passed     83.43%
  17  16_0_0    0.00%    passed     99.96%
  18  4_0_0     0.00%    passed     99.58%
  19  1_0_0     0.00%    passed     98.86%
  20  2_0_0     0.00%    passed     91.82%
  21  15_0_0    0.00%    passed     99.36%
****  TOTAL     0.00%  0 sequences failed composition chi2 test (p-value<5%; df=3)

Create initial parsimony tree by phylogenetic likelihood library (PLL)... 0.001 seconds

NOTE: 0 MB RAM (0 GB) is required!
Estimate model parameters (epsilon = 0.100)
1. Initial log-likelihood: -1219.511
2. Current log-likelihood: -1204.763
Optimal log-likelihood: -1204.728
Rate parameters:  A-C: 1.00000  A-G: 1.99031  A-T: 1.00000  C-G: 1.00000  C-T: 1.99031  G-T: 1.00000
Base frequencies:  A: 0.273  C: 0.222  G: 0.241  T: 0.264
Parameters optimization took 2 rounds (0.003 sec)
Wrote distance file to... 
Computing ML distances based on estimated model parameters...
Calculating distance matrix: done in 0.00137016 secs using 99.55% CPU
Computing ML distances took 0.001411 sec (of wall-clock time) 0.001408 sec (of CPU time)
Setting up auxiliary I and S matrices: done in 6.3648e-05 secs using 97.41% CPU
Computing RapidNJ tree took 0.000262 sec (of wall-clock time) 0.000482 sec (of CPU time)
Log-likelihood of RapidNJ tree: -1206.854
--------------------------------------------------------------------
|             INITIALIZING CANDIDATE TREE SET                      |
--------------------------------------------------------------------
Generating 98 parsimony trees... 0.093 second
Computing log-likelihood of 98 initial trees ... 0.070 seconds
Current best score: -1199.409

Do NNI search on 20 best initial trees
Estimate model parameters (epsilon = 0.100)
BETTER TREE FOUND at iteration 1: -1198.837
Iteration 10 / LogL: -1199.760 / Time: 0h:0m:0s
Iteration 20 / LogL: -1200.998 / Time: 0h:0m:0s
Finish initializing candidate tree set (5)
Current best tree score: -1198.837 / CPU time: 0.305
Number of iterations: 20
--------------------------------------------------------------------
|               OPTIMIZING CANDIDATE TREE SET                      |
--------------------------------------------------------------------
UPDATE BEST LOG-LIKELIHOOD: -1198.837
UPDATE BEST LOG-LIKELIHOOD: -1198.837
Iteration 30 / LogL: -1198.837 / Time: 0h:0m:0s (0h:0m:1s left)
Iteration 40 / LogL: -1198.837 / Time: 0h:0m:0s (0h:0m:0s left)
Iteration 50 / LogL: -1199.633 / Time: 0h:0m:0s (0h:0m:0s left)
Iteration 60 / LogL: -1198.840 / Time: 0h:0m:0s (0h:0m:0s left)
Iteration 70 / LogL: -1199.760 / Time: 0h:0m:0s (0h:0m:0s left)
Iteration 80 / LogL: -1199.760 / Time: 0h:0m:0s (0h:0m:0s left)
Iteration 90 / LogL: -1199.561 / Time: 0h:0m:0s (0h:0m:0s left)
UPDATE BEST LOG-LIKELIHOOD: -1198.837
Iteration 100 / LogL: -1199.562 / Time: 0h:0m:1s (0h:0m:0s left)
TREE SEARCH COMPLETED AFTER 102 ITERATIONS / Time: 0h:0m:1s

--------------------------------------------------------------------
|                    FINALIZING TREE SEARCH                        |
--------------------------------------------------------------------
Performs final model parameters optimization
Estimate model parameters (epsilon = 0.010)
1. Initial log-likelihood: -1198.837
Optimal log-likelihood: -1198.837
Rate parameters:  A-C: 1.00000  A-G: 2.03451  A-T: 1.00000  C-G: 1.00000  C-T: 2.03451  G-T: 1.00000
Base frequencies:  A: 0.273  C: 0.222  G: 0.241  T: 0.264
Parameters optimization took 1 rounds (0.001 sec)
BEST SCORE FOUND : -1198.837

Testing tree branches by aBayes parametric test...
0.002 sec.
Total tree length: 0.898

Total number of iterations: 102
CPU time used for tree search: 1.004 sec (0h:0m:1s)
Wall-clock time used for tree search: 1.099 sec (0h:0m:1s)
Total CPU time used: 1.026 sec (0h:0m:1s)
Total wall-clock time used: 1.121 sec (0h:0m:1s)

Analysis results written to: 
  IQ-TREE report:                /home/mis/CSE6406-project/work/paper_subset_50x10_L200/ils_high/replicate_04/estimated_gene_trees/L200/hky/locus_0031.iqtree
  Maximum-likelihood tree:       /home/mis/CSE6406-project/work/paper_subset_50x10_L200/ils_high/replicate_04/estimated_gene_trees/L200/hky/locus_0031.treefile
  Likelihood distances:          /home/mis/CSE6406-project/work/paper_subset_50x10_L200/ils_high/replicate_04/estimated_gene_trees/L200/hky/locus_0031.mldist
  Screen log file:               /home/mis/CSE6406-project/work/paper_subset_50x10_L200/ils_high/replicate_04/estimated_gene_trees/L200/hky/locus_0031.log

Date and Time: Sat Sep 12 21:42:57 2026
