IQ-TREE multicore version 2.4.0 for Linux x86 64-bit built Feb 12 2025
Developed by Bui Quang Minh, Nguyen Lam Tung, Olga Chernomor, Heiko Schmidt,
Dominik Schrempf, Michael Woodhams, Ly Trong Nhan, Thomas Wong

Host:    ezmata (AVX2, FMA3, 15 GB RAM)
Command: /home/mis/miniconda3/envs/cse6406/bin/iqtree2 -s /home/mis/CSE6406-project/work/paper_subset_50x10_L200/ils_low/replicate_09/alignments/L200/locus_0005.phy -m GTR+G4 --abayes -T 1 --seed 7306006 --prefix /home/mis/CSE6406-project/work/paper_subset_50x10_L200/ils_low/replicate_09/estimated_gene_trees/L200/gtr_g4/locus_0005 --redo --quiet
Seed:    7306006 (Using SPRNG - Scalable Parallel Random Number Generator)
Time:    Sat Sep 12 21:37:10 2026
Kernel:  AVX+FMA - 1 threads (16 CPU cores detected)

HINT: Use -nt option to specify number of threads because your CPU has 16 cores!
HINT: -nt AUTO will automatically determine the best number of threads to use.

Reading alignment file /home/mis/CSE6406-project/work/paper_subset_50x10_L200/ils_low/replicate_09/alignments/L200/locus_0005.phy ... Phylip format detected
Alignment most likely contains DNA/RNA sequences
Alignment has 21 sequences with 200 columns, 129 distinct patterns
108 parsimony-informative, 18 singleton sites, 74 constant sites
        Gap/Ambiguity  Composition  p-value
Analyzing sequences: done in 1.8755e-05 secs using 74.65% CPU
   1  16_0_0    0.00%    passed     69.72%
   2  8_0_0     0.00%    passed     94.91%
   3  2_0_0     0.00%    passed     48.63%
   4  10_0_0    0.00%    passed     52.36%
   5  7_0_0     0.00%    passed     45.51%
   6  17_0_0    0.00%    passed     94.94%
   7  18_0_0    0.00%    passed     93.89%
   8  15_0_0    0.00%    passed     90.05%
   9  5_0_0     0.00%    passed     68.97%
  10  4_0_0     0.00%    passed     93.94%
  11  11_0_0    0.00%    passed     86.73%
  12  13_0_0    0.00%    passed     96.84%
  13  14_0_0    0.00%    passed     52.79%
  14  9_0_0     0.00%    passed     65.76%
  15  3_0_0     0.00%    passed     73.62%
  16  20_0_0    0.00%    passed     76.74%
  17  12_0_0    0.00%    passed     72.88%
  18  19_0_0    0.00%    passed     52.92%
  19  6_0_0     0.00%    passed     82.33%
  20  1_0_0     0.00%    passed     77.74%
  21  0_0_0     0.00%    passed      8.31%
****  TOTAL     0.00%  0 sequences failed composition chi2 test (p-value<5%; df=3)

Create initial parsimony tree by phylogenetic likelihood library (PLL)... 0.001 seconds

NOTE: 0 MB RAM (0 GB) is required!
Estimate model parameters (epsilon = 0.100)
1. Initial log-likelihood: -3002.350
2. Current log-likelihood: -2873.356
3. Current log-likelihood: -2856.800
4. Current log-likelihood: -2854.189
5. Current log-likelihood: -2853.441
6. Current log-likelihood: -2853.161
Optimal log-likelihood: -2853.013
Rate parameters:  A-C: 1.24041  A-G: 2.83774  A-T: 1.07625  C-G: 0.92640  C-T: 2.53519  G-T: 1.00000
Base frequencies:  A: 0.280  C: 0.219  G: 0.170  T: 0.330
Gamma shape alpha: 0.193
Parameters optimization took 6 rounds (0.042 sec)
Wrote distance file to... 
Computing ML distances based on estimated model parameters...
Calculating distance matrix: done in 0.00375386 secs using 99.98% CPU
Computing ML distances took 0.003810 sec (of wall-clock time) 0.003813 sec (of CPU time)
WARNING: Some pairwise ML distances are too long (saturated)
Setting up auxiliary I and S matrices: done in 7.3172e-05 secs using 98.4% CPU
Computing RapidNJ tree took 0.000272 sec (of wall-clock time) 0.000271 sec (of CPU time)
Log-likelihood of RapidNJ tree: -2853.647
--------------------------------------------------------------------
|             INITIALIZING CANDIDATE TREE SET                      |
--------------------------------------------------------------------
Generating 98 parsimony trees... 0.082 second
Computing log-likelihood of 98 initial trees ... 0.100 seconds
Current best score: -2849.095

Do NNI search on 20 best initial trees
Estimate model parameters (epsilon = 0.100)
BETTER TREE FOUND at iteration 1: -2838.171
Estimate model parameters (epsilon = 0.100)
BETTER TREE FOUND at iteration 3: -2837.991
Estimate model parameters (epsilon = 0.100)
BETTER TREE FOUND at iteration 4: -2836.724
UPDATE BEST LOG-LIKELIHOOD: -2836.724
Iteration 10 / LogL: -2836.731 / Time: 0h:0m:0s
Iteration 20 / LogL: -2836.724 / Time: 0h:0m:0s
Finish initializing candidate tree set (11)
Current best tree score: -2836.724 / CPU time: 0.819
Number of iterations: 20
--------------------------------------------------------------------
|               OPTIMIZING CANDIDATE TREE SET                      |
--------------------------------------------------------------------
Iteration 30 / LogL: -2836.729 / Time: 0h:0m:1s (0h:0m:3s left)
Iteration 40 / LogL: -2836.731 / Time: 0h:0m:1s (0h:0m:2s left)
Iteration 50 / LogL: -2836.752 / Time: 0h:0m:1s (0h:0m:1s left)
Iteration 60 / LogL: -2836.741 / Time: 0h:0m:2s (0h:0m:1s left)
Iteration 70 / LogL: -2836.739 / Time: 0h:0m:2s (0h:0m:1s left)
Iteration 80 / LogL: -2836.727 / Time: 0h:0m:2s (0h:0m:0s left)
UPDATE BEST LOG-LIKELIHOOD: -2836.724
Iteration 90 / LogL: -2836.728 / Time: 0h:0m:2s (0h:0m:0s left)
Iteration 100 / LogL: -2836.744 / Time: 0h:0m:3s (0h:0m:0s left)
TREE SEARCH COMPLETED AFTER 105 ITERATIONS / Time: 0h:0m:3s

--------------------------------------------------------------------
|                    FINALIZING TREE SEARCH                        |
--------------------------------------------------------------------
Performs final model parameters optimization
Estimate model parameters (epsilon = 0.010)
1. Initial log-likelihood: -2836.724
Optimal log-likelihood: -2836.723
Rate parameters:  A-C: 1.46296  A-G: 2.86875  A-T: 1.03805  C-G: 0.71849  C-T: 2.35569  G-T: 1.00000
Base frequencies:  A: 0.280  C: 0.219  G: 0.170  T: 0.330
Gamma shape alpha: 0.186
Parameters optimization took 1 rounds (0.003 sec)
BEST SCORE FOUND : -2836.723

Testing tree branches by aBayes parametric test...
0.003 sec.
Total tree length: 17.289

Total number of iterations: 105
CPU time used for tree search: 3.271 sec (0h:0m:3s)
Wall-clock time used for tree search: 3.434 sec (0h:0m:3s)
Total CPU time used: 3.348 sec (0h:0m:3s)
Total wall-clock time used: 3.511 sec (0h:0m:3s)

Analysis results written to: 
  IQ-TREE report:                /home/mis/CSE6406-project/work/paper_subset_50x10_L200/ils_low/replicate_09/estimated_gene_trees/L200/gtr_g4/locus_0005.iqtree
  Maximum-likelihood tree:       /home/mis/CSE6406-project/work/paper_subset_50x10_L200/ils_low/replicate_09/estimated_gene_trees/L200/gtr_g4/locus_0005.treefile
  Likelihood distances:          /home/mis/CSE6406-project/work/paper_subset_50x10_L200/ils_low/replicate_09/estimated_gene_trees/L200/gtr_g4/locus_0005.mldist
  Screen log file:               /home/mis/CSE6406-project/work/paper_subset_50x10_L200/ils_low/replicate_09/estimated_gene_trees/L200/gtr_g4/locus_0005.log

Date and Time: Sat Sep 12 21:37:14 2026
