IQ-TREE multicore version 2.4.0 for Linux x86 64-bit built Feb 12 2025
Developed by Bui Quang Minh, Nguyen Lam Tung, Olga Chernomor, Heiko Schmidt,
Dominik Schrempf, Michael Woodhams, Ly Trong Nhan, Thomas Wong

Host:    ezmata (AVX2, FMA3, 15 GB RAM)
Command: /home/mis/miniconda3/envs/cse6406/bin/iqtree2 -s /home/mis/CSE6406-project/work/paper_subset_50x10_L200/ils_low/replicate_09/alignments/L200/locus_0022.phy -m GTR+G4 --abayes -T 1 --seed 7306023 --prefix /home/mis/CSE6406-project/work/paper_subset_50x10_L200/ils_low/replicate_09/estimated_gene_trees/L200/gtr_g4/locus_0022 --redo --quiet
Seed:    7306023 (Using SPRNG - Scalable Parallel Random Number Generator)
Time:    Sat Sep 12 21:37:20 2026
Kernel:  AVX+FMA - 1 threads (16 CPU cores detected)

HINT: Use -nt option to specify number of threads because your CPU has 16 cores!
HINT: -nt AUTO will automatically determine the best number of threads to use.

Reading alignment file /home/mis/CSE6406-project/work/paper_subset_50x10_L200/ils_low/replicate_09/alignments/L200/locus_0022.phy ... Phylip format detected
Alignment most likely contains DNA/RNA sequences
Alignment has 21 sequences with 200 columns, 123 distinct patterns
108 parsimony-informative, 12 singleton sites, 80 constant sites
        Gap/Ambiguity  Composition  p-value
Analyzing sequences: done in 1.0033e-05 secs using 49.84% CPU
   1  8_0_0     0.00%    passed     58.15%
   2  16_0_0    0.00%    passed     36.83%
   3  9_0_0     0.00%    passed     88.02%
   4  3_0_0     0.00%    passed     24.27%
   5  12_0_0    0.00%    passed     95.32%
   6  20_0_0    0.00%    passed     95.69%
   7  6_0_0     0.00%    passed     44.28%
   8  19_0_0    0.00%    passed     17.18%
   9  11_0_0    0.00%    passed     90.32%
  10  4_0_0     0.00%    passed     94.93%
  11  7_0_0     0.00%    passed     73.55%
  12  5_0_0     0.00%    passed     88.11%
  13  15_0_0    0.00%    passed     81.31%
  14  18_0_0    0.00%    passed     87.34%
  15  17_0_0    0.00%    passed     62.23%
  16  2_0_0     0.00%    passed     98.75%
  17  10_0_0    0.00%    passed     89.30%
  18  14_0_0    0.00%    passed     49.48%
  19  13_0_0    0.00%    passed     73.32%
  20  1_0_0     0.00%    passed     76.10%
  21  0_0_0     0.00%    passed     72.82%
****  TOTAL     0.00%  0 sequences failed composition chi2 test (p-value<5%; df=3)

Create initial parsimony tree by phylogenetic likelihood library (PLL)... 0.001 seconds

NOTE: 0 MB RAM (0 GB) is required!
Estimate model parameters (epsilon = 0.100)
1. Initial log-likelihood: -2949.392
2. Current log-likelihood: -2806.730
3. Current log-likelihood: -2785.505
4. Current log-likelihood: -2782.773
5. Current log-likelihood: -2782.112
6. Current log-likelihood: -2781.887
Optimal log-likelihood: -2781.795
Rate parameters:  A-C: 1.66112  A-G: 2.84137  A-T: 1.29542  C-G: 1.21910  C-T: 2.54258  G-T: 1.00000
Base frequencies:  A: 0.308  C: 0.173  G: 0.174  T: 0.344
Gamma shape alpha: 0.187
Parameters optimization took 6 rounds (0.040 sec)
Wrote distance file to... 
Computing ML distances based on estimated model parameters...
Calculating distance matrix: done in 0.00295853 secs using 97.35% CPU
Computing ML distances took 0.002998 sec (of wall-clock time) 0.002918 sec (of CPU time)
WARNING: Some pairwise ML distances are too long (saturated)
Setting up auxiliary I and S matrices: done in 7.2821e-05 secs using 97.5% CPU
Computing RapidNJ tree took 0.000272 sec (of wall-clock time) 0.000271 sec (of CPU time)
Log-likelihood of RapidNJ tree: -2772.690
--------------------------------------------------------------------
|             INITIALIZING CANDIDATE TREE SET                      |
--------------------------------------------------------------------
Generating 98 parsimony trees... 0.078 second
Computing log-likelihood of 98 initial trees ... 0.108 seconds
Current best score: -2772.690

Do NNI search on 20 best initial trees
Estimate model parameters (epsilon = 0.100)
BETTER TREE FOUND at iteration 1: -2765.278
Estimate model parameters (epsilon = 0.100)
BETTER TREE FOUND at iteration 2: -2762.522
Estimate model parameters (epsilon = 0.100)
BETTER TREE FOUND at iteration 8: -2762.217
Iteration 10 / LogL: -2766.939 / Time: 0h:0m:0s
Iteration 20 / LogL: -2762.522 / Time: 0h:0m:0s
Finish initializing candidate tree set (14)
Current best tree score: -2762.217 / CPU time: 0.719
Number of iterations: 20
--------------------------------------------------------------------
|               OPTIMIZING CANDIDATE TREE SET                      |
--------------------------------------------------------------------
UPDATE BEST LOG-LIKELIHOOD: -2762.217
Iteration 30 / LogL: -2762.301 / Time: 0h:0m:1s (0h:0m:2s left)
Estimate model parameters (epsilon = 0.100)
BETTER TREE FOUND at iteration 32: -2762.113
Iteration 40 / LogL: -2762.114 / Time: 0h:0m:1s (0h:0m:3s left)
UPDATE BEST LOG-LIKELIHOOD: -2762.113
UPDATE BEST LOG-LIKELIHOOD: -2762.113
UPDATE BEST LOG-LIKELIHOOD: -2762.113
Iteration 50 / LogL: -2762.115 / Time: 0h:0m:1s (0h:0m:2s left)
Iteration 60 / LogL: -2764.124 / Time: 0h:0m:1s (0h:0m:2s left)
Iteration 70 / LogL: -2762.534 / Time: 0h:0m:2s (0h:0m:1s left)
Iteration 80 / LogL: -2762.220 / Time: 0h:0m:2s (0h:0m:1s left)
Iteration 90 / LogL: -2762.220 / Time: 0h:0m:2s (0h:0m:1s left)
Iteration 100 / LogL: -2762.220 / Time: 0h:0m:2s (0h:0m:0s left)
Iteration 110 / LogL: -2762.281 / Time: 0h:0m:3s (0h:0m:0s left)
Iteration 120 / LogL: -2762.220 / Time: 0h:0m:3s (0h:0m:0s left)
Iteration 130 / LogL: -2762.114 / Time: 0h:0m:3s (0h:0m:0s left)
TREE SEARCH COMPLETED AFTER 133 ITERATIONS / Time: 0h:0m:3s

--------------------------------------------------------------------
|                    FINALIZING TREE SEARCH                        |
--------------------------------------------------------------------
Performs final model parameters optimization
Estimate model parameters (epsilon = 0.010)
1. Initial log-likelihood: -2762.113
Optimal log-likelihood: -2762.112
Rate parameters:  A-C: 1.43532  A-G: 2.97310  A-T: 1.25425  C-G: 1.43639  C-T: 2.75831  G-T: 1.00000
Base frequencies:  A: 0.308  C: 0.173  G: 0.174  T: 0.344
Gamma shape alpha: 0.190
Parameters optimization took 1 rounds (0.003 sec)
BEST SCORE FOUND : -2762.112

Testing tree branches by aBayes parametric test...
0.003 sec.
Total tree length: 14.532

Total number of iterations: 133
CPU time used for tree search: 3.609 sec (0h:0m:3s)
Wall-clock time used for tree search: 3.843 sec (0h:0m:3s)
Total CPU time used: 3.669 sec (0h:0m:3s)
Total wall-clock time used: 3.907 sec (0h:0m:3s)

Analysis results written to: 
  IQ-TREE report:                /home/mis/CSE6406-project/work/paper_subset_50x10_L200/ils_low/replicate_09/estimated_gene_trees/L200/gtr_g4/locus_0022.iqtree
  Maximum-likelihood tree:       /home/mis/CSE6406-project/work/paper_subset_50x10_L200/ils_low/replicate_09/estimated_gene_trees/L200/gtr_g4/locus_0022.treefile
  Likelihood distances:          /home/mis/CSE6406-project/work/paper_subset_50x10_L200/ils_low/replicate_09/estimated_gene_trees/L200/gtr_g4/locus_0022.mldist
  Screen log file:               /home/mis/CSE6406-project/work/paper_subset_50x10_L200/ils_low/replicate_09/estimated_gene_trees/L200/gtr_g4/locus_0022.log

Date and Time: Sat Sep 12 21:37:24 2026
