IQ-TREE multicore version 2.4.0 for Linux x86 64-bit built Feb 12 2025
Developed by Bui Quang Minh, Nguyen Lam Tung, Olga Chernomor, Heiko Schmidt,
Dominik Schrempf, Michael Woodhams, Ly Trong Nhan, Thomas Wong

Host:    ezmata (AVX2, FMA3, 15 GB RAM)
Command: /home/mis/miniconda3/envs/cse6406/bin/iqtree2 -s /home/mis/CSE6406-project/work/paper_subset_50x10_L200/ils_low/replicate_09/alignments/L200/locus_0019.phy -m GTR+G4 --abayes -T 1 --seed 7306020 --prefix /home/mis/CSE6406-project/work/paper_subset_50x10_L200/ils_low/replicate_09/estimated_gene_trees/L200/gtr_g4/locus_0019 --redo --quiet
Seed:    7306020 (Using SPRNG - Scalable Parallel Random Number Generator)
Time:    Sat Sep 12 21:37:18 2026
Kernel:  AVX+FMA - 1 threads (16 CPU cores detected)

HINT: Use -nt option to specify number of threads because your CPU has 16 cores!
HINT: -nt AUTO will automatically determine the best number of threads to use.

Reading alignment file /home/mis/CSE6406-project/work/paper_subset_50x10_L200/ils_low/replicate_09/alignments/L200/locus_0019.phy ... Phylip format detected
Alignment most likely contains DNA/RNA sequences
Alignment has 21 sequences with 200 columns, 127 distinct patterns
106 parsimony-informative, 18 singleton sites, 76 constant sites
        Gap/Ambiguity  Composition  p-value
Analyzing sequences: done in 9.05e-06 secs
   1  8_0_0     0.00%    passed     30.60%
   2  16_0_0    0.00%    passed     79.14%
   3  14_0_0    0.00%    passed     58.79%
   4  13_0_0    0.00%    passed     86.98%
   5  7_0_0     0.00%    passed     59.12%
   6  10_0_0    0.00%    passed     68.06%
   7  2_0_0     0.00%    passed     63.65%
   8  18_0_0    0.00%    passed     97.19%
   9  15_0_0    0.00%    passed     90.95%
  10  17_0_0    0.00%    passed     83.26%
  11  5_0_0     0.00%    passed     26.54%
  12  11_0_0    0.00%    passed     10.60%
  13  4_0_0     0.00%    passed     60.20%
  14  12_0_0    0.00%    passed     98.57%
  15  20_0_0    0.00%    passed     92.20%
  16  9_0_0     0.00%    passed     79.75%
  17  3_0_0     0.00%    passed     93.58%
  18  6_0_0     0.00%    passed     99.14%
  19  19_0_0    0.00%    passed     76.05%
  20  1_0_0     0.00%    passed     45.38%
  21  0_0_0     0.00%    passed     79.79%
****  TOTAL     0.00%  0 sequences failed composition chi2 test (p-value<5%; df=3)

Create initial parsimony tree by phylogenetic likelihood library (PLL)... 0.001 seconds

NOTE: 0 MB RAM (0 GB) is required!
Estimate model parameters (epsilon = 0.100)
1. Initial log-likelihood: -2895.347
2. Current log-likelihood: -2780.939
3. Current log-likelihood: -2763.328
4. Current log-likelihood: -2761.276
5. Current log-likelihood: -2760.784
6. Current log-likelihood: -2760.601
Optimal log-likelihood: -2760.526
Rate parameters:  A-C: 0.92100  A-G: 1.73707  A-T: 0.82247  C-G: 0.94215  C-T: 1.32964  G-T: 1.00000
Base frequencies:  A: 0.332  C: 0.202  G: 0.184  T: 0.282
Gamma shape alpha: 0.207
Parameters optimization took 6 rounds (0.033 sec)
Wrote distance file to... 
Computing ML distances based on estimated model parameters...
Calculating distance matrix: done in 0.00257679 secs using 96.28% CPU
Computing ML distances took 0.002613 sec (of wall-clock time) 0.002516 sec (of CPU time)
Setting up auxiliary I and S matrices: done in 7.7474e-05 secs using 98.1% CPU
Computing RapidNJ tree took 0.000294 sec (of wall-clock time) 0.000564 sec (of CPU time)
Log-likelihood of RapidNJ tree: -2778.877
--------------------------------------------------------------------
|             INITIALIZING CANDIDATE TREE SET                      |
--------------------------------------------------------------------
Generating 98 parsimony trees... 0.090 second
Computing log-likelihood of 98 initial trees ... 0.120 seconds
Current best score: -2760.526

Do NNI search on 20 best initial trees
Estimate model parameters (epsilon = 0.100)
BETTER TREE FOUND at iteration 1: -2756.979
Estimate model parameters (epsilon = 0.100)
BETTER TREE FOUND at iteration 3: -2756.139
Estimate model parameters (epsilon = 0.100)
BETTER TREE FOUND at iteration 4: -2753.631
Estimate model parameters (epsilon = 0.100)
BETTER TREE FOUND at iteration 6: -2752.518
Iteration 10 / LogL: -2752.521 / Time: 0h:0m:0s
UPDATE BEST LOG-LIKELIHOOD: -2752.517
Iteration 20 / LogL: -2757.534 / Time: 0h:0m:0s
Finish initializing candidate tree set (13)
Current best tree score: -2752.517 / CPU time: 0.883
Number of iterations: 20
--------------------------------------------------------------------
|               OPTIMIZING CANDIDATE TREE SET                      |
--------------------------------------------------------------------
BETTER TREE FOUND at iteration 24: -2752.516
UPDATE BEST LOG-LIKELIHOOD: -2752.515
Iteration 30 / LogL: -2753.413 / Time: 0h:0m:1s (0h:0m:3s left)
BETTER TREE FOUND at iteration 32: -2752.515
UPDATE BEST LOG-LIKELIHOOD: -2752.514
Iteration 40 / LogL: -2757.542 / Time: 0h:0m:1s (0h:0m:3s left)
UPDATE BEST LOG-LIKELIHOOD: -2752.514
Iteration 50 / LogL: -2752.520 / Time: 0h:0m:1s (0h:0m:2s left)
BETTER TREE FOUND at iteration 55: -2752.514
Iteration 60 / LogL: -2752.527 / Time: 0h:0m:2s (0h:0m:3s left)
Iteration 70 / LogL: -2752.581 / Time: 0h:0m:2s (0h:0m:3s left)
Iteration 80 / LogL: -2753.411 / Time: 0h:0m:2s (0h:0m:2s left)
UPDATE BEST LOG-LIKELIHOOD: -2752.514
Iteration 90 / LogL: -2752.523 / Time: 0h:0m:3s (0h:0m:2s left)
Iteration 100 / LogL: -2752.518 / Time: 0h:0m:3s (0h:0m:1s left)
Iteration 110 / LogL: -2752.514 / Time: 0h:0m:3s (0h:0m:1s left)
Iteration 120 / LogL: -2752.522 / Time: 0h:0m:3s (0h:0m:1s left)
Iteration 130 / LogL: -2752.515 / Time: 0h:0m:4s (0h:0m:0s left)
Iteration 140 / LogL: -2752.515 / Time: 0h:0m:4s (0h:0m:0s left)
Iteration 150 / LogL: -2752.523 / Time: 0h:0m:4s (0h:0m:0s left)
TREE SEARCH COMPLETED AFTER 156 ITERATIONS / Time: 0h:0m:4s

--------------------------------------------------------------------
|                    FINALIZING TREE SEARCH                        |
--------------------------------------------------------------------
Performs final model parameters optimization
Estimate model parameters (epsilon = 0.010)
1. Initial log-likelihood: -2752.514
Optimal log-likelihood: -2752.512
Rate parameters:  A-C: 0.90348  A-G: 1.71509  A-T: 0.77026  C-G: 0.99954  C-T: 1.46374  G-T: 1.00000
Base frequencies:  A: 0.332  C: 0.202  G: 0.184  T: 0.282
Gamma shape alpha: 0.194
Parameters optimization took 1 rounds (0.003 sec)
BEST SCORE FOUND : -2752.512

Testing tree branches by aBayes parametric test...
0.003 sec.
Total tree length: 14.042

Total number of iterations: 156
CPU time used for tree search: 4.540 sec (0h:0m:4s)
Wall-clock time used for tree search: 4.752 sec (0h:0m:4s)
Total CPU time used: 4.598 sec (0h:0m:4s)
Total wall-clock time used: 4.811 sec (0h:0m:4s)

Analysis results written to: 
  IQ-TREE report:                /home/mis/CSE6406-project/work/paper_subset_50x10_L200/ils_low/replicate_09/estimated_gene_trees/L200/gtr_g4/locus_0019.iqtree
  Maximum-likelihood tree:       /home/mis/CSE6406-project/work/paper_subset_50x10_L200/ils_low/replicate_09/estimated_gene_trees/L200/gtr_g4/locus_0019.treefile
  Likelihood distances:          /home/mis/CSE6406-project/work/paper_subset_50x10_L200/ils_low/replicate_09/estimated_gene_trees/L200/gtr_g4/locus_0019.mldist
  Screen log file:               /home/mis/CSE6406-project/work/paper_subset_50x10_L200/ils_low/replicate_09/estimated_gene_trees/L200/gtr_g4/locus_0019.log

Date and Time: Sat Sep 12 21:37:23 2026
