IQ-TREE multicore version 2.4.0 for Linux x86 64-bit built Feb 12 2025
Developed by Bui Quang Minh, Nguyen Lam Tung, Olga Chernomor, Heiko Schmidt,
Dominik Schrempf, Michael Woodhams, Ly Trong Nhan, Thomas Wong

Host:    ezmata (AVX2, FMA3, 15 GB RAM)
Command: /home/mis/miniconda3/envs/cse6406/bin/iqtree2 -s /home/mis/CSE6406-project/work/paper_subset_50x10_L200/ils_low/replicate_09/alignments/L200/locus_0038.phy -m GTR+G4 --abayes -T 1 --seed 7306039 --prefix /home/mis/CSE6406-project/work/paper_subset_50x10_L200/ils_low/replicate_09/estimated_gene_trees/L200/gtr_g4/locus_0038 --redo --quiet
Seed:    7306039 (Using SPRNG - Scalable Parallel Random Number Generator)
Time:    Sat Sep 12 21:37:29 2026
Kernel:  AVX+FMA - 1 threads (16 CPU cores detected)

HINT: Use -nt option to specify number of threads because your CPU has 16 cores!
HINT: -nt AUTO will automatically determine the best number of threads to use.

Reading alignment file /home/mis/CSE6406-project/work/paper_subset_50x10_L200/ils_low/replicate_09/alignments/L200/locus_0038.phy ... Phylip format detected
Alignment most likely contains DNA/RNA sequences
Alignment has 21 sequences with 200 columns, 130 distinct patterns
106 parsimony-informative, 20 singleton sites, 74 constant sites
        Gap/Ambiguity  Composition  p-value
Analyzing sequences: done in 8.487e-06 secs
   1  0_0_0     0.00%    passed     12.02%
   2  16_0_0    0.00%    passed     72.20%
   3  8_0_0     0.00%    passed     78.52%
   4  1_0_0     0.00%    passed     80.27%
   5  15_0_0    0.00%    passed     78.08%
   6  17_0_0    0.00%    passed     87.54%
   7  18_0_0    0.00%    passed     77.17%
   8  5_0_0     0.00%    passed     93.94%
   9  10_0_0    0.00%    passed     60.11%
  10  2_0_0     0.00%    passed     76.56%
  11  7_0_0     0.00%    passed     81.44%
  12  4_0_0     0.00%    passed     94.40%
  13  11_0_0    0.00%    passed     72.14%
  14  13_0_0    0.00%    passed     97.33%
  15  14_0_0    0.00%    passed     82.35%
  16  3_0_0     0.00%    passed     74.15%
  17  9_0_0     0.00%    passed     77.07%
  18  12_0_0    0.00%    passed     97.31%
  19  20_0_0    0.00%    passed     88.16%
  20  6_0_0     0.00%    passed     64.69%
  21  19_0_0    0.00%    passed     96.28%
****  TOTAL     0.00%  0 sequences failed composition chi2 test (p-value<5%; df=3)

Create initial parsimony tree by phylogenetic likelihood library (PLL)... 0.001 seconds

NOTE: 0 MB RAM (0 GB) is required!
Estimate model parameters (epsilon = 0.100)
1. Initial log-likelihood: -2743.338
2. Current log-likelihood: -2624.716
3. Current log-likelihood: -2606.660
4. Current log-likelihood: -2604.356
5. Current log-likelihood: -2603.749
6. Current log-likelihood: -2603.512
Optimal log-likelihood: -2603.402
Rate parameters:  A-C: 0.44621  A-G: 0.99727  A-T: 0.48952  C-G: 0.48821  C-T: 0.92193  G-T: 1.00000
Base frequencies:  A: 0.303  C: 0.241  G: 0.159  T: 0.298
Gamma shape alpha: 0.192
Parameters optimization took 6 rounds (0.040 sec)
Wrote distance file to... 
Computing ML distances based on estimated model parameters...
Calculating distance matrix: done in 0.00253642 secs using 99.98% CPU
Computing ML distances took 0.002575 sec (of wall-clock time) 0.002577 sec (of CPU time)
WARNING: Some pairwise ML distances are too long (saturated)
Setting up auxiliary I and S matrices: done in 5.9391e-05 secs using 97.66% CPU
Computing RapidNJ tree took 0.000228 sec (of wall-clock time) 0.000227 sec (of CPU time)
Log-likelihood of RapidNJ tree: -2603.343
--------------------------------------------------------------------
|             INITIALIZING CANDIDATE TREE SET                      |
--------------------------------------------------------------------
Generating 98 parsimony trees... 0.093 second
Computing log-likelihood of 98 initial trees ... 0.110 seconds
Current best score: -2600.110

Do NNI search on 20 best initial trees
Estimate model parameters (epsilon = 0.100)
BETTER TREE FOUND at iteration 1: -2594.690
Iteration 10 / LogL: -2595.165 / Time: 0h:0m:0s
Iteration 20 / LogL: -2599.482 / Time: 0h:0m:0s
Finish initializing candidate tree set (4)
Current best tree score: -2594.690 / CPU time: 0.791
Number of iterations: 20
--------------------------------------------------------------------
|               OPTIMIZING CANDIDATE TREE SET                      |
--------------------------------------------------------------------
Iteration 30 / LogL: -2595.148 / Time: 0h:0m:1s (0h:0m:2s left)
UPDATE BEST LOG-LIKELIHOOD: -2594.689
BETTER TREE FOUND at iteration 36: -2594.686
Iteration 40 / LogL: -2594.691 / Time: 0h:0m:1s (0h:0m:3s left)
Iteration 50 / LogL: -2595.147 / Time: 0h:0m:1s (0h:0m:2s left)
Iteration 60 / LogL: -2594.693 / Time: 0h:0m:1s (0h:0m:2s left)
Iteration 70 / LogL: -2595.185 / Time: 0h:0m:1s (0h:0m:1s left)
UPDATE BEST LOG-LIKELIHOOD: -2594.686
Iteration 80 / LogL: -2595.187 / Time: 0h:0m:2s (0h:0m:1s left)
Iteration 90 / LogL: -2594.690 / Time: 0h:0m:2s (0h:0m:1s left)
Iteration 100 / LogL: -2595.147 / Time: 0h:0m:2s (0h:0m:0s left)
Iteration 110 / LogL: -2595.147 / Time: 0h:0m:2s (0h:0m:0s left)
UPDATE BEST LOG-LIKELIHOOD: -2594.686
Iteration 120 / LogL: -2595.579 / Time: 0h:0m:2s (0h:0m:0s left)
Iteration 130 / LogL: -2595.161 / Time: 0h:0m:3s (0h:0m:0s left)
TREE SEARCH COMPLETED AFTER 137 ITERATIONS / Time: 0h:0m:3s

--------------------------------------------------------------------
|                    FINALIZING TREE SEARCH                        |
--------------------------------------------------------------------
Performs final model parameters optimization
Estimate model parameters (epsilon = 0.010)
1. Initial log-likelihood: -2594.686
2. Current log-likelihood: -2594.676
Optimal log-likelihood: -2594.664
Rate parameters:  A-C: 0.45259  A-G: 1.05078  A-T: 0.49144  C-G: 0.51037  C-T: 0.97918  G-T: 1.00000
Base frequencies:  A: 0.303  C: 0.241  G: 0.159  T: 0.298
Gamma shape alpha: 0.187
Parameters optimization took 2 rounds (0.005 sec)
BEST SCORE FOUND : -2594.664

Testing tree branches by aBayes parametric test...
0.003 sec.
Total tree length: 13.446

Total number of iterations: 137
CPU time used for tree search: 3.050 sec (0h:0m:3s)
Wall-clock time used for tree search: 3.197 sec (0h:0m:3s)
Total CPU time used: 3.113 sec (0h:0m:3s)
Total wall-clock time used: 3.262 sec (0h:0m:3s)

Analysis results written to: 
  IQ-TREE report:                /home/mis/CSE6406-project/work/paper_subset_50x10_L200/ils_low/replicate_09/estimated_gene_trees/L200/gtr_g4/locus_0038.iqtree
  Maximum-likelihood tree:       /home/mis/CSE6406-project/work/paper_subset_50x10_L200/ils_low/replicate_09/estimated_gene_trees/L200/gtr_g4/locus_0038.treefile
  Likelihood distances:          /home/mis/CSE6406-project/work/paper_subset_50x10_L200/ils_low/replicate_09/estimated_gene_trees/L200/gtr_g4/locus_0038.mldist
  Screen log file:               /home/mis/CSE6406-project/work/paper_subset_50x10_L200/ils_low/replicate_09/estimated_gene_trees/L200/gtr_g4/locus_0038.log

Date and Time: Sat Sep 12 21:37:32 2026
