IQ-TREE multicore version 2.4.0 for Linux x86 64-bit built Feb 12 2025
Developed by Bui Quang Minh, Nguyen Lam Tung, Olga Chernomor, Heiko Schmidt,
Dominik Schrempf, Michael Woodhams, Ly Trong Nhan, Thomas Wong

Host:    ezmata (AVX2, FMA3, 15 GB RAM)
Command: /home/mis/miniconda3/envs/cse6406/bin/iqtree2 -s /home/mis/CSE6406-project/work/paper_subset_50x10_L200/ils_low/replicate_03/alignments/L200/locus_0037.phy -m HKY --abayes -T 1 --seed 6706038 --prefix /home/mis/CSE6406-project/work/paper_subset_50x10_L200/ils_low/replicate_03/estimated_gene_trees/L200/hky/locus_0037 --redo --quiet
Seed:    6706038 (Using SPRNG - Scalable Parallel Random Number Generator)
Time:    Sat Sep 12 21:32:32 2026
Kernel:  AVX+FMA - 1 threads (16 CPU cores detected)

HINT: Use -nt option to specify number of threads because your CPU has 16 cores!
HINT: -nt AUTO will automatically determine the best number of threads to use.

Reading alignment file /home/mis/CSE6406-project/work/paper_subset_50x10_L200/ils_low/replicate_03/alignments/L200/locus_0037.phy ... Phylip format detected
Alignment most likely contains DNA/RNA sequences
Alignment has 21 sequences with 200 columns, 109 distinct patterns
87 parsimony-informative, 19 singleton sites, 94 constant sites
        Gap/Ambiguity  Composition  p-value
Analyzing sequences: done in 7.717e-06 secs using 64.79% CPU
   1  0_0_0     0.00%    passed     68.60%
   2  19_0_0    0.00%    passed     85.89%
   3  10_0_0    0.00%    passed     84.46%
   4  12_0_0    0.00%    passed     96.06%
   5  13_0_0    0.00%    passed     86.36%
   6  4_0_0     0.00%    passed     79.23%
   7  17_0_0    0.00%    passed     90.09%
   8  16_0_0    0.00%    passed     91.42%
   9  15_0_0    0.00%    passed     62.62%
  10  18_0_0    0.00%    passed     90.03%
  11  7_0_0     0.00%    passed     99.83%
  12  14_0_0    0.00%    passed     94.52%
  13  5_0_0     0.00%    passed     50.22%
  14  9_0_0     0.00%    passed     67.66%
  15  6_0_0     0.00%    passed     87.25%
  16  11_0_0    0.00%    passed     83.20%
  17  8_0_0     0.00%    passed     95.30%
  18  20_0_0    0.00%    passed     87.88%
  19  2_0_0     0.00%    passed     74.66%
  20  1_0_0     0.00%    passed     79.38%
  21  3_0_0     0.00%    passed     68.58%
****  TOTAL     0.00%  0 sequences failed composition chi2 test (p-value<5%; df=3)

Create initial parsimony tree by phylogenetic likelihood library (PLL)... 0.000 seconds

NOTE: 0 MB RAM (0 GB) is required!
Estimate model parameters (epsilon = 0.100)
1. Initial log-likelihood: -2921.516
2. Current log-likelihood: -2909.583
Optimal log-likelihood: -2909.551
Rate parameters:  A-C: 1.00000  A-G: 1.15915  A-T: 1.00000  C-G: 1.00000  C-T: 1.15915  G-T: 1.00000
Base frequencies:  A: 0.245  C: 0.208  G: 0.228  T: 0.320
Parameters optimization took 2 rounds (0.001 sec)
Wrote distance file to... 
Computing ML distances based on estimated model parameters...
Calculating distance matrix: done in 0.00055067 secs using 83.35% CPU
Computing ML distances took 0.000571 sec (of wall-clock time) 0.000477 sec (of CPU time)
Setting up auxiliary I and S matrices: done in 3.3868e-05 secs
Computing RapidNJ tree took 0.000131 sec (of wall-clock time) 0.000000 sec (of CPU time)
Log-likelihood of RapidNJ tree: -2910.535
--------------------------------------------------------------------
|             INITIALIZING CANDIDATE TREE SET                      |
--------------------------------------------------------------------
Generating 98 parsimony trees... 0.058 second
Computing log-likelihood of 98 initial trees ... 0.046 seconds
Current best score: -2889.792

Do NNI search on 20 best initial trees
Estimate model parameters (epsilon = 0.100)
BETTER TREE FOUND at iteration 1: -2888.187
Iteration 10 / LogL: -2888.193 / Time: 0h:0m:0s
Iteration 20 / LogL: -2890.670 / Time: 0h:0m:0s
Finish initializing candidate tree set (13)
Current best tree score: -2888.187 / CPU time: 0.179
Number of iterations: 20
--------------------------------------------------------------------
|               OPTIMIZING CANDIDATE TREE SET                      |
--------------------------------------------------------------------
Estimate model parameters (epsilon = 0.100)
BETTER TREE FOUND at iteration 22: -2887.547
Iteration 30 / LogL: -2888.009 / Time: 0h:0m:0s (0h:0m:0s left)
Iteration 40 / LogL: -2887.562 / Time: 0h:0m:0s (0h:0m:0s left)
Iteration 50 / LogL: -2889.047 / Time: 0h:0m:0s (0h:0m:0s left)
Iteration 60 / LogL: -2887.661 / Time: 0h:0m:0s (0h:0m:0s left)
Iteration 70 / LogL: -2887.551 / Time: 0h:0m:0s (0h:0m:0s left)
Iteration 80 / LogL: -2888.260 / Time: 0h:0m:0s (0h:0m:0s left)
Iteration 90 / LogL: -2888.194 / Time: 0h:0m:0s (0h:0m:0s left)
Iteration 100 / LogL: -2887.665 / Time: 0h:0m:0s (0h:0m:0s left)
Iteration 110 / LogL: -2887.651 / Time: 0h:0m:0s (0h:0m:0s left)
Iteration 120 / LogL: -2888.222 / Time: 0h:0m:0s (0h:0m:0s left)
TREE SEARCH COMPLETED AFTER 123 ITERATIONS / Time: 0h:0m:0s

--------------------------------------------------------------------
|                    FINALIZING TREE SEARCH                        |
--------------------------------------------------------------------
Performs final model parameters optimization
Estimate model parameters (epsilon = 0.010)
1. Initial log-likelihood: -2887.547
Optimal log-likelihood: -2887.547
Rate parameters:  A-C: 1.00000  A-G: 1.14134  A-T: 1.00000  C-G: 1.00000  C-T: 1.14134  G-T: 1.00000
Base frequencies:  A: 0.245  C: 0.208  G: 0.228  T: 0.320
Parameters optimization took 1 rounds (0.001 sec)
BEST SCORE FOUND : -2887.547

Testing tree branches by aBayes parametric test...
0.001 sec.
Total tree length: 3.567

Total number of iterations: 123
CPU time used for tree search: 0.681 sec (0h:0m:0s)
Wall-clock time used for tree search: 0.745 sec (0h:0m:0s)
Total CPU time used: 0.690 sec (0h:0m:0s)
Total wall-clock time used: 0.758 sec (0h:0m:0s)

Analysis results written to: 
  IQ-TREE report:                /home/mis/CSE6406-project/work/paper_subset_50x10_L200/ils_low/replicate_03/estimated_gene_trees/L200/hky/locus_0037.iqtree
  Maximum-likelihood tree:       /home/mis/CSE6406-project/work/paper_subset_50x10_L200/ils_low/replicate_03/estimated_gene_trees/L200/hky/locus_0037.treefile
  Likelihood distances:          /home/mis/CSE6406-project/work/paper_subset_50x10_L200/ils_low/replicate_03/estimated_gene_trees/L200/hky/locus_0037.mldist
  Screen log file:               /home/mis/CSE6406-project/work/paper_subset_50x10_L200/ils_low/replicate_03/estimated_gene_trees/L200/hky/locus_0037.log

Date and Time: Sat Sep 12 21:32:33 2026
