IQ-TREE multicore version 2.4.0 for Linux x86 64-bit built Feb 12 2025
Developed by Bui Quang Minh, Nguyen Lam Tung, Olga Chernomor, Heiko Schmidt,
Dominik Schrempf, Michael Woodhams, Ly Trong Nhan, Thomas Wong

Host:    ezmata (AVX2, FMA3, 15 GB RAM)
Command: /home/mis/miniconda3/envs/cse6406/bin/iqtree2 -s /home/mis/CSE6406-project/work/paper_subset_50x10_L800/ils_low/replicate_04/alignments/L800/locus_0029.phy -m GTR+G4 --abayes -T AUTO --seed 6806030 --prefix /home/mis/CSE6406-project/work/paper_subset_50x10_L800/ils_low/replicate_04/estimated_gene_trees/L800/gtr_g4/locus_0029 --redo --quiet
Seed:    6806030 (Using SPRNG - Scalable Parallel Random Number Generator)
Time:    Fri Sep 11 08:40:07 2026
Kernel:  AVX+FMA - auto-detect threads (16 CPU cores detected)

Reading alignment file /home/mis/CSE6406-project/work/paper_subset_50x10_L800/ils_low/replicate_04/alignments/L800/locus_0029.phy ... Phylip format detected
Alignment most likely contains DNA/RNA sequences
Alignment has 21 sequences with 800 columns, 256 distinct patterns
164 parsimony-informative, 106 singleton sites, 530 constant sites
        Gap/Ambiguity  Composition  p-value
Analyzing sequences: done in 9.5238e-05 secs using 39.9% CPU
   1  10_0_0    0.00%    passed     98.10%
   2  9_0_0     0.00%    passed     95.75%
   3  13_0_0    0.00%    passed     97.94%
   4  6_0_0     0.00%    passed     94.95%
   5  12_0_0    0.00%    passed     99.68%
   6  3_0_0     0.00%    passed     74.04%
   7  7_0_0     0.00%    passed     85.04%
   8  5_0_0     0.00%    passed     99.47%
   9  14_0_0    0.00%    passed     99.37%
  10  8_0_0     0.00%    passed     99.57%
  11  2_0_0     0.00%    passed     98.27%
  12  15_0_0    0.00%    passed     95.80%
  13  4_0_0     0.00%    passed     99.29%
  14  1_0_0     0.00%    passed     99.56%
  15  16_0_0    0.00%    passed     93.90%
  16  11_0_0    0.00%    passed     94.02%
  17  18_0_0    0.00%    passed     93.74%
  18  20_0_0    0.00%    passed     87.79%
  19  17_0_0    0.00%    passed     87.87%
  20  19_0_0    0.00%    passed     95.35%
  21  0_0_0     0.00%    passed     54.12%
****  TOTAL     0.00%  0 sequences failed composition chi2 test (p-value<5%; df=3)

Create initial parsimony tree by phylogenetic likelihood library (PLL)... 0.000 seconds

NOTE: 0 MB RAM (0 GB) is required!
Measuring multi-threading efficiency up to 16 CPU cores
Increase to 10 rounds for branch lengths
4098 trees examined
Threads: 1 / Time: 16.001 sec / Speedup: 1.000 / Efficiency: 100% / LogL: -5268
Threads: 2 / Time: 20.626 sec / Speedup: 0.776 / Efficiency: 39% / LogL: -5268
BEST NUMBER OF THREADS: 1

Estimate model parameters (epsilon = 0.100)
1. Initial log-likelihood: -4583.793
2. Current log-likelihood: -4441.618
3. Current log-likelihood: -4439.433
Optimal log-likelihood: -4439.411
Rate parameters:  A-C: 1.24895  A-G: 2.40094  A-T: 1.20788  C-G: 1.32832  C-T: 2.53994  G-T: 1.00000
Base frequencies:  A: 0.328  C: 0.179  G: 0.207  T: 0.286
Gamma shape alpha: 0.210
Parameters optimization took 3 rounds (0.021 sec)
Wrote distance file to... 
Computing ML distances based on estimated model parameters...
Calculating distance matrix: done in 0.00135767 secs using 94.43% CPU
Computing ML distances took 0.001379 sec (of wall-clock time) 0.001302 sec (of CPU time)
Setting up auxiliary I and S matrices: done in 2.3853e-05 secs using 486.3% CPU
Computing RapidNJ tree took 0.000087 sec (of wall-clock time) 0.000179 sec (of CPU time)
Log-likelihood of RapidNJ tree: -4447.058
--------------------------------------------------------------------
|             INITIALIZING CANDIDATE TREE SET                      |
--------------------------------------------------------------------
Generating 98 parsimony trees... 0.061 second
Computing log-likelihood of 98 initial trees ... 0.093 seconds
Current best score: -4436.555

Do NNI search on 20 best initial trees
Estimate model parameters (epsilon = 0.100)
BETTER TREE FOUND at iteration 1: -4433.291
UPDATE BEST LOG-LIKELIHOOD: -4433.291
Iteration 10 / LogL: -4433.291 / Time: 0h:0m:36s
UPDATE BEST LOG-LIKELIHOOD: -4433.291
UPDATE BEST LOG-LIKELIHOOD: -4433.291
Iteration 20 / LogL: -4434.556 / Time: 0h:0m:37s
Finish initializing candidate tree set (5)
Current best tree score: -4433.291 / CPU time: 0.400
Number of iterations: 20
--------------------------------------------------------------------
|               OPTIMIZING CANDIDATE TREE SET                      |
--------------------------------------------------------------------
Iteration 30 / LogL: -4433.291 / Time: 0h:0m:37s (0h:1m:31s left)
Iteration 40 / LogL: -4433.291 / Time: 0h:0m:37s (0h:0m:58s left)
UPDATE BEST LOG-LIKELIHOOD: -4433.291
Iteration 50 / LogL: -4433.291 / Time: 0h:0m:37s (0h:0m:39s left)
Iteration 60 / LogL: -4433.291 / Time: 0h:0m:37s (0h:0m:26s left)
UPDATE BEST LOG-LIKELIHOOD: -4433.291
Iteration 70 / LogL: -4435.869 / Time: 0h:0m:37s (0h:0m:16s left)
Iteration 80 / LogL: -4433.291 / Time: 0h:0m:37s (0h:0m:10s left)
UPDATE BEST LOG-LIKELIHOOD: -4433.291
Iteration 90 / LogL: -4433.293 / Time: 0h:0m:38s (0h:0m:4s left)
Iteration 100 / LogL: -4433.291 / Time: 0h:0m:38s (0h:0m:0s left)
TREE SEARCH COMPLETED AFTER 102 ITERATIONS / Time: 0h:0m:38s

--------------------------------------------------------------------
|                    FINALIZING TREE SEARCH                        |
--------------------------------------------------------------------
Performs final model parameters optimization
Estimate model parameters (epsilon = 0.010)
1. Initial log-likelihood: -4433.291
Optimal log-likelihood: -4433.290
Rate parameters:  A-C: 1.24357  A-G: 2.48618  A-T: 1.22144  C-G: 1.28158  C-T: 2.53188  G-T: 1.00000
Base frequencies:  A: 0.328  C: 0.179  G: 0.207  T: 0.286
Gamma shape alpha: 0.209
Parameters optimization took 1 rounds (0.003 sec)
BEST SCORE FOUND : -4433.290

Testing tree branches by aBayes parametric test...
0.003 sec.
Total tree length: 0.990

Total number of iterations: 102
CPU time used for tree search: 1.576 sec (0h:0m:1s)
Wall-clock time used for tree search: 1.621 sec (0h:0m:1s)
Total CPU time used: 42.885 sec (0h:0m:42s)
Total wall-clock time used: 38.285 sec (0h:0m:38s)

Analysis results written to: 
  IQ-TREE report:                /home/mis/CSE6406-project/work/paper_subset_50x10_L800/ils_low/replicate_04/estimated_gene_trees/L800/gtr_g4/locus_0029.iqtree
  Maximum-likelihood tree:       /home/mis/CSE6406-project/work/paper_subset_50x10_L800/ils_low/replicate_04/estimated_gene_trees/L800/gtr_g4/locus_0029.treefile
  Likelihood distances:          /home/mis/CSE6406-project/work/paper_subset_50x10_L800/ils_low/replicate_04/estimated_gene_trees/L800/gtr_g4/locus_0029.mldist
  Screen log file:               /home/mis/CSE6406-project/work/paper_subset_50x10_L800/ils_low/replicate_04/estimated_gene_trees/L800/gtr_g4/locus_0029.log

Date and Time: Fri Sep 11 08:40:46 2026
