IQ-TREE multicore version 2.4.0 for Linux x86 64-bit built Feb 12 2025
Developed by Bui Quang Minh, Nguyen Lam Tung, Olga Chernomor, Heiko Schmidt,
Dominik Schrempf, Michael Woodhams, Ly Trong Nhan, Thomas Wong

Host:    ezmata (AVX2, FMA3, 15 GB RAM)
Command: /home/mis/miniconda3/envs/cse6406/bin/iqtree2 -s /home/mis/CSE6406-project/work/paper_subset_50x10_L800/ils_low/replicate_04/alignments/L800/locus_0004.phy -m GTR+G4 --abayes -T AUTO --seed 6806005 --prefix /home/mis/CSE6406-project/work/paper_subset_50x10_L800/ils_low/replicate_04/estimated_gene_trees/L800/gtr_g4/locus_0004 --redo --quiet
Seed:    6806005 (Using SPRNG - Scalable Parallel Random Number Generator)
Time:    Fri Sep 11 08:23:59 2026
Kernel:  AVX+FMA - auto-detect threads (16 CPU cores detected)

Reading alignment file /home/mis/CSE6406-project/work/paper_subset_50x10_L800/ils_low/replicate_04/alignments/L800/locus_0004.phy ... Phylip format detected
Alignment most likely contains DNA/RNA sequences
Alignment has 21 sequences with 800 columns, 240 distinct patterns
168 parsimony-informative, 90 singleton sites, 542 constant sites
        Gap/Ambiguity  Composition  p-value
Analyzing sequences: done in 0.000136633 secs
   1  10_0_0    0.00%    passed     82.77%
   2  9_0_0     0.00%    passed     91.12%
   3  8_0_0     0.00%    passed     96.57%
   4  5_0_0     0.00%    passed     92.62%
   5  14_0_0    0.00%    passed     93.31%
   6  7_0_0     0.00%    passed     98.89%
   7  3_0_0     0.00%    passed     94.80%
   8  13_0_0    0.00%    passed     93.39%
   9  6_0_0     0.00%    passed     92.71%
  10  12_0_0    0.00%    passed     76.30%
  11  20_0_0    0.00%    passed     94.97%
  12  19_0_0    0.00%    passed     94.73%
  13  17_0_0    0.00%    passed     94.51%
  14  18_0_0    0.00%    passed     92.95%
  15  11_0_0    0.00%    passed     88.13%
  16  16_0_0    0.00%    passed     95.97%
  17  4_0_0     0.00%    passed     90.20%
  18  1_0_0     0.00%    passed     76.08%
  19  15_0_0    0.00%    passed     80.46%
  20  2_0_0     0.00%    passed     99.76%
  21  0_0_0     0.00%    passed     70.37%
****  TOTAL     0.00%  0 sequences failed composition chi2 test (p-value<5%; df=3)

Create initial parsimony tree by phylogenetic likelihood library (PLL)... 0.000 seconds

NOTE: 0 MB RAM (0 GB) is required!
Measuring multi-threading efficiency up to 16 CPU cores
Increase to 10 rounds for branch lengths
4646 trees examined
Threads: 1 / Time: 16.002 sec / Speedup: 1.000 / Efficiency: 100% / LogL: -5104
Threads: 2 / Time: 21.421 sec / Speedup: 0.747 / Efficiency: 37% / LogL: -5104
BEST NUMBER OF THREADS: 1

Estimate model parameters (epsilon = 0.100)
1. Initial log-likelihood: -4406.032
2. Current log-likelihood: -4268.860
3. Current log-likelihood: -4266.823
Optimal log-likelihood: -4266.793
Rate parameters:  A-C: 1.40969  A-G: 2.12808  A-T: 0.99202  C-G: 1.04807  C-T: 2.16472  G-T: 1.00000
Base frequencies:  A: 0.303  C: 0.194  G: 0.194  T: 0.309
Gamma shape alpha: 0.195
Parameters optimization took 3 rounds (0.018 sec)
Wrote distance file to... 
Computing ML distances based on estimated model parameters...
Calculating distance matrix: done in 0.00178837 secs using 99.98% CPU
Computing ML distances took 0.001814 sec (of wall-clock time) 0.001812 sec (of CPU time)
Setting up auxiliary I and S matrices: done in 3.4799e-05 secs
Computing RapidNJ tree took 0.000116 sec (of wall-clock time) 0.000008 sec (of CPU time)
Log-likelihood of RapidNJ tree: -4281.858
--------------------------------------------------------------------
|             INITIALIZING CANDIDATE TREE SET                      |
--------------------------------------------------------------------
Generating 98 parsimony trees... 0.065 second
Computing log-likelihood of 98 initial trees ... 0.082 seconds
Current best score: -4266.793

Do NNI search on 20 best initial trees
Estimate model parameters (epsilon = 0.100)
BETTER TREE FOUND at iteration 1: -4266.791
Iteration 10 / LogL: -4267.598 / Time: 0h:0m:37s
Iteration 20 / LogL: -4272.840 / Time: 0h:0m:37s
Finish initializing candidate tree set (11)
Current best tree score: -4266.791 / CPU time: 0.302
Number of iterations: 20
--------------------------------------------------------------------
|               OPTIMIZING CANDIDATE TREE SET                      |
--------------------------------------------------------------------
Iteration 30 / LogL: -4269.309 / Time: 0h:0m:37s (0h:1m:32s left)
Iteration 40 / LogL: -4269.309 / Time: 0h:0m:38s (0h:0m:59s left)
Iteration 50 / LogL: -4267.376 / Time: 0h:0m:38s (0h:0m:39s left)
Iteration 60 / LogL: -4270.489 / Time: 0h:0m:38s (0h:0m:26s left)
Iteration 70 / LogL: -4267.378 / Time: 0h:0m:38s (0h:0m:17s left)
Iteration 80 / LogL: -4267.376 / Time: 0h:0m:38s (0h:0m:10s left)
Iteration 90 / LogL: -4266.880 / Time: 0h:0m:38s (0h:0m:4s left)
Iteration 100 / LogL: -4266.799 / Time: 0h:0m:38s (0h:0m:0s left)
TREE SEARCH COMPLETED AFTER 102 ITERATIONS / Time: 0h:0m:38s

--------------------------------------------------------------------
|                    FINALIZING TREE SEARCH                        |
--------------------------------------------------------------------
Performs final model parameters optimization
Estimate model parameters (epsilon = 0.010)
1. Initial log-likelihood: -4266.791
Optimal log-likelihood: -4266.791
Rate parameters:  A-C: 1.41257  A-G: 2.13221  A-T: 0.99346  C-G: 1.04916  C-T: 2.16945  G-T: 1.00000
Base frequencies:  A: 0.303  C: 0.194  G: 0.194  T: 0.309
Gamma shape alpha: 0.194
Parameters optimization took 1 rounds (0.003 sec)
BEST SCORE FOUND : -4266.791

Testing tree branches by aBayes parametric test...
0.003 sec.
Total tree length: 0.906

Total number of iterations: 102
CPU time used for tree search: 1.403 sec (0h:0m:1s)
Wall-clock time used for tree search: 1.437 sec (0h:0m:1s)
Total CPU time used: 43.796 sec (0h:0m:43s)
Total wall-clock time used: 38.894 sec (0h:0m:38s)

Analysis results written to: 
  IQ-TREE report:                /home/mis/CSE6406-project/work/paper_subset_50x10_L800/ils_low/replicate_04/estimated_gene_trees/L800/gtr_g4/locus_0004.iqtree
  Maximum-likelihood tree:       /home/mis/CSE6406-project/work/paper_subset_50x10_L800/ils_low/replicate_04/estimated_gene_trees/L800/gtr_g4/locus_0004.treefile
  Likelihood distances:          /home/mis/CSE6406-project/work/paper_subset_50x10_L800/ils_low/replicate_04/estimated_gene_trees/L800/gtr_g4/locus_0004.mldist
  Screen log file:               /home/mis/CSE6406-project/work/paper_subset_50x10_L800/ils_low/replicate_04/estimated_gene_trees/L800/gtr_g4/locus_0004.log

Date and Time: Fri Sep 11 08:24:38 2026
