IQ-TREE multicore version 2.4.0 for MacOS ARM 64-bit built Feb 12 2025
Developed by Bui Quang Minh, Nguyen Lam Tung, Olga Chernomor, Heiko Schmidt,
Dominik Schrempf, Michael Woodhams, Ly Trong Nhan, Thomas Wong

Host:    Fahims-MacBook-Air.local (SSE4.2, 16 GB RAM)
Command: /Users/fahim/miniconda3/envs/cse6406/bin/iqtree2 -s /Users/fahim/CSE6406-project/work/paper_subset_50x10_L1600/ils_high/replicate_06/alignments/L1600/locus_0043.phy -m JC --abayes -T AUTO --seed 7006044 --prefix /Users/fahim/CSE6406-project/work/paper_subset_50x10_L1600/ils_high/replicate_06/estimated_gene_trees/L1600/jc/locus_0043 --redo --quiet
Seed:    7006044 (Using SPRNG - Scalable Parallel Random Number Generator)
Time:    Sat Sep 12 13:27:41 2026
Kernel:  SSE2 - auto-detect threads (10 CPU cores detected)

Reading alignment file /Users/fahim/CSE6406-project/work/paper_subset_50x10_L1600/ils_high/replicate_06/alignments/L1600/locus_0043.phy ... Phylip format detected
Alignment most likely contains DNA/RNA sequences
Alignment has 21 sequences with 1600 columns, 604 distinct patterns
490 parsimony-informative, 147 singleton sites, 963 constant sites
        Gap/Ambiguity  Composition  p-value
Analyzing sequences: done in 3.60012e-05 secs using 86.11% CPU
   1  0_0_0     0.00%    passed     98.09%
   2  12_0_0    0.00%    passed     70.94%
   3  14_0_0    0.00%    passed     95.70%
   4  11_0_0    0.00%    passed     89.57%
   5  9_0_0     0.00%    passed     88.89%
   6  17_0_0    0.00%    passed     96.35%
   7  15_0_0    0.00%    passed     95.76%
   8  13_0_0    0.00%    passed     95.32%
   9  6_0_0     0.00%    passed     94.68%
  10  8_0_0     0.00%    passed     97.90%
  11  5_0_0     0.00%    passed     94.74%
  12  1_0_0     0.00%    passed     92.59%
  13  7_0_0     0.00%    passed     99.56%
  14  4_0_0     0.00%    passed     95.49%
  15  2_0_0     0.00%    passed     81.53%
  16  3_0_0     0.00%    passed     96.17%
  17  16_0_0    0.00%    passed     89.91%
  18  10_0_0    0.00%    passed     55.95%
  19  20_0_0    0.00%    passed     81.38%
  20  19_0_0    0.00%    passed     97.28%
  21  18_0_0    0.00%    passed     97.10%
****  TOTAL     0.00%  0 sequences failed composition chi2 test (p-value<5%; df=3)

Create initial parsimony tree by phylogenetic likelihood library (PLL)... 0.000 seconds

NOTE: 0 MB RAM (0 GB) is required!
Measuring multi-threading efficiency up to 10 CPU cores
Increase to 10 rounds for branch lengths
4933 trees examined
Threads: 1 / Time: 10.001 sec / Speedup: 1.000 / Efficiency: 100% / LogL: -18438
Threads: 2 / Time: 25.194 sec / Speedup: 0.397 / Efficiency: 20% / LogL: -18438
BEST NUMBER OF THREADS: 1

Estimate model parameters (epsilon = 0.100)
1. Initial log-likelihood: -15106.088
Optimal log-likelihood: -15077.889
Rate parameters:  A-C: 1.00000  A-G: 1.00000  A-T: 1.00000  C-G: 1.00000  C-T: 1.00000  G-T: 1.00000
Base frequencies:  A: 0.250  C: 0.250  G: 0.250  T: 0.250
Parameters optimization took 1 rounds (0.001 sec)
Wrote distance file to... 
Computing ML distances based on estimated model parameters...
Calculating distance matrix: done in 0.000452995 secs using 98.9% CPU
Computing ML distances took 0.000484 sec (of wall-clock time) 0.000472 sec (of CPU time)
Setting up auxiliary I and S matrices: done in 1.5974e-05 secs using 68.86% CPU
Computing RapidNJ tree took 0.000057 sec (of wall-clock time) 0.000059 sec (of CPU time)
Log-likelihood of RapidNJ tree: -15154.319
--------------------------------------------------------------------
|             INITIALIZING CANDIDATE TREE SET                      |
--------------------------------------------------------------------
Generating 98 parsimony trees... 0.063 second
Computing log-likelihood of 98 initial trees ... 0.047 seconds
Current best score: -15065.857

Do NNI search on 20 best initial trees
Estimate model parameters (epsilon = 0.100)
BETTER TREE FOUND at iteration 1: -15065.677
Iteration 10 / LogL: -15065.784 / Time: 0h:0m:35s
Iteration 20 / LogL: -15065.677 / Time: 0h:0m:35s
Finish initializing candidate tree set (1)
Current best tree score: -15065.677 / CPU time: 0.215
Number of iterations: 20
--------------------------------------------------------------------
|               OPTIMIZING CANDIDATE TREE SET                      |
--------------------------------------------------------------------
Iteration 30 / LogL: -15065.732 / Time: 0h:0m:35s (0h:1m:26s left)
Iteration 40 / LogL: -15065.685 / Time: 0h:0m:35s (0h:0m:55s left)
Iteration 50 / LogL: -15065.681 / Time: 0h:0m:35s (0h:0m:37s left)
Iteration 60 / LogL: -15065.877 / Time: 0h:0m:35s (0h:0m:24s left)
Iteration 70 / LogL: -15065.686 / Time: 0h:0m:35s (0h:0m:16s left)
Iteration 80 / LogL: -15065.786 / Time: 0h:0m:35s (0h:0m:9s left)
Iteration 90 / LogL: -15089.237 / Time: 0h:0m:35s (0h:0m:4s left)
Iteration 100 / LogL: -15065.698 / Time: 0h:0m:35s (0h:0m:0s left)
TREE SEARCH COMPLETED AFTER 102 ITERATIONS / Time: 0h:0m:35s

--------------------------------------------------------------------
|                    FINALIZING TREE SEARCH                        |
--------------------------------------------------------------------
Performs final model parameters optimization
Estimate model parameters (epsilon = 0.010)
1. Initial log-likelihood: -15065.677
Optimal log-likelihood: -15065.677
Rate parameters:  A-C: 1.00000  A-G: 1.00000  A-T: 1.00000  C-G: 1.00000  C-T: 1.00000  G-T: 1.00000
Base frequencies:  A: 0.250  C: 0.250  G: 0.250  T: 0.250
Parameters optimization took 1 rounds (0.001 sec)
BEST SCORE FOUND : -15065.677

Testing tree branches by aBayes parametric test...
0.002 sec.
Total tree length: 1.739

Total number of iterations: 102
CPU time used for tree search: 0.732 sec (0h:0m:0s)
Wall-clock time used for tree search: 0.734 sec (0h:0m:0s)
Total CPU time used: 28.820 sec (0h:0m:28s)
Total wall-clock time used: 35.939 sec (0h:0m:35s)

Analysis results written to: 
  IQ-TREE report:                /Users/fahim/CSE6406-project/work/paper_subset_50x10_L1600/ils_high/replicate_06/estimated_gene_trees/L1600/jc/locus_0043.iqtree
  Maximum-likelihood tree:       /Users/fahim/CSE6406-project/work/paper_subset_50x10_L1600/ils_high/replicate_06/estimated_gene_trees/L1600/jc/locus_0043.treefile
  Likelihood distances:          /Users/fahim/CSE6406-project/work/paper_subset_50x10_L1600/ils_high/replicate_06/estimated_gene_trees/L1600/jc/locus_0043.mldist
  Screen log file:               /Users/fahim/CSE6406-project/work/paper_subset_50x10_L1600/ils_high/replicate_06/estimated_gene_trees/L1600/jc/locus_0043.log

Date and Time: Sat Sep 12 13:28:17 2026
