IQ-TREE multicore version 2.4.0 for MacOS ARM 64-bit built Feb 12 2025
Developed by Bui Quang Minh, Nguyen Lam Tung, Olga Chernomor, Heiko Schmidt,
Dominik Schrempf, Michael Woodhams, Ly Trong Nhan, Thomas Wong

Host:    Fahims-MacBook-Air.local (SSE4.2, 16 GB RAM)
Command: /Users/fahim/miniconda3/envs/cse6406/bin/iqtree2 -s /Users/fahim/CSE6406-project/work/paper_subset_50x10_L1600/ils_low/replicate_01/alignments/L1600/locus_0015.phy -m HKY+G4 --abayes -T AUTO --seed 6506016 --prefix /Users/fahim/CSE6406-project/work/paper_subset_50x10_L1600/ils_low/replicate_01/estimated_gene_trees/L1600/hky_g4/locus_0015 --redo --quiet
Seed:    6506016 (Using SPRNG - Scalable Parallel Random Number Generator)
Time:    Fri Sep 11 01:07:28 2026
Kernel:  SSE2 - auto-detect threads (10 CPU cores detected)

Reading alignment file /Users/fahim/CSE6406-project/work/paper_subset_50x10_L1600/ils_low/replicate_01/alignments/L1600/locus_0015.phy ... Phylip format detected
Alignment most likely contains DNA/RNA sequences
Alignment has 21 sequences with 1600 columns, 64 distinct patterns
17 parsimony-informative, 55 singleton sites, 1528 constant sites
        Gap/Ambiguity  Composition  p-value
Analyzing sequences: done in 3.79086e-05 secs using 55.4% CPU
   1  0_0_0     0.00%    passed     94.70%
   2  2_0_0     0.00%    passed    100.00%
   3  4_0_0     0.00%    passed     99.99%
   4  3_0_0     0.00%    passed     99.93%
   5  1_0_0     0.00%    passed     99.89%
   6  17_0_0    0.00%    passed     99.93%
   7  15_0_0    0.00%    passed     99.86%
   8  18_0_0    0.00%    passed     99.99%
   9  12_0_0    0.00%    passed    100.00%
  10  13_0_0    0.00%    passed    100.00%
  11  6_0_0     0.00%    passed     99.91%
  12  7_0_0     0.00%    passed    100.00%
  13  16_0_0    0.00%    passed     99.71%
  14  11_0_0    0.00%    passed     99.96%
  15  20_0_0    0.00%    passed     99.98%
  16  14_0_0    0.00%    passed     99.83%
  17  8_0_0     0.00%    passed     99.59%
  18  19_0_0    0.00%    passed     99.98%
  19  5_0_0     0.00%    passed     99.98%
  20  9_0_0     0.00%    passed     99.94%
  21  10_0_0    0.00%    passed     99.94%
****  TOTAL     0.00%  0 sequences failed composition chi2 test (p-value<5%; df=3)
NOTE: 10_0_0 is identical to 9_0_0 but kept for subsequent analysis

Create initial parsimony tree by phylogenetic likelihood library (PLL)... 0.000 seconds

NOTE: 0 MB RAM (0 GB) is required!
Measuring multi-threading efficiency up to 10 CPU cores
Increase to 10 rounds for branch lengths
26405 trees examined
Threads: 1 / Time: 10.000 sec / Speedup: 1.000 / Efficiency: 100% / LogL: -2970
Threads: 2 / Time: 31.753 sec / Speedup: 0.315 / Efficiency: 16% / LogL: -2970
BEST NUMBER OF THREADS: 1

Estimate model parameters (epsilon = 0.100)
1. Initial log-likelihood: -2796.461
2. Current log-likelihood: -2793.586
Optimal log-likelihood: -2793.583
Rate parameters:  A-C: 1.00000  A-G: 1.51056  A-T: 1.00000  C-G: 1.00000  C-T: 1.51056  G-T: 1.00000
Base frequencies:  A: 0.300  C: 0.214  G: 0.198  T: 0.287
Gamma shape alpha: 0.340
Parameters optimization took 2 rounds (0.002 sec)
Wrote distance file to... 
Computing ML distances based on estimated model parameters...
Calculating distance matrix: done in 0.000948906 secs using 98.85% CPU
Computing ML distances took 0.000969 sec (of wall-clock time) 0.000946 sec (of CPU time)
Setting up auxiliary I and S matrices: done in 1.88351e-05 secs using 63.71% CPU
Computing RapidNJ tree took 0.000065 sec (of wall-clock time) 0.000067 sec (of CPU time)
Log-likelihood of RapidNJ tree: -2794.020
--------------------------------------------------------------------
|             INITIALIZING CANDIDATE TREE SET                      |
--------------------------------------------------------------------
Generating 98 parsimony trees... 0.016 second
Computing log-likelihood of 98 initial trees ... 0.017 seconds
Current best score: -2793.582

Do NNI search on 20 best initial trees
Estimate model parameters (epsilon = 0.100)
BETTER TREE FOUND at iteration 1: -2793.582
BETTER TREE FOUND at iteration 2: -2793.582
BETTER TREE FOUND at iteration 5: -2793.582
BETTER TREE FOUND at iteration 6: -2793.582
Iteration 10 / LogL: -2793.582 / Time: 0h:0m:41s
BETTER TREE FOUND at iteration 16: -2793.582
Iteration 20 / LogL: -2793.582 / Time: 0h:0m:41s
Finish initializing candidate tree set (20)
Current best tree score: -2793.582 / CPU time: 0.049
Number of iterations: 20
--------------------------------------------------------------------
|               OPTIMIZING CANDIDATE TREE SET                      |
--------------------------------------------------------------------
Iteration 30 / LogL: -2793.590 / Time: 0h:0m:41s (0h:2m:4s left)
Iteration 40 / LogL: -2793.588 / Time: 0h:0m:41s (0h:1m:21s left)
Iteration 50 / LogL: -2807.649 / Time: 0h:0m:41s (0h:0m:56s left)
Iteration 60 / LogL: -2793.582 / Time: 0h:0m:41s (0h:0m:39s left)
Iteration 70 / LogL: -2804.842 / Time: 0h:0m:41s (0h:0m:27s left)
Iteration 80 / LogL: -2793.588 / Time: 0h:0m:41s (0h:0m:19s left)
Iteration 90 / LogL: -2797.901 / Time: 0h:0m:41s (0h:0m:12s left)
Iteration 100 / LogL: -2793.997 / Time: 0h:0m:41s (0h:0m:6s left)
Iteration 110 / LogL: -2793.593 / Time: 0h:0m:42s (0h:0m:2s left)
BETTER TREE FOUND at iteration 112: -2793.582
Iteration 120 / LogL: -2793.586 / Time: 0h:0m:42s (0h:0m:32s left)
Iteration 130 / LogL: -2811.506 / Time: 0h:0m:42s (0h:0m:26s left)
Iteration 140 / LogL: -2793.582 / Time: 0h:0m:42s (0h:0m:21s left)
Iteration 150 / LogL: -2793.587 / Time: 0h:0m:42s (0h:0m:17s left)
Iteration 160 / LogL: -2813.878 / Time: 0h:0m:42s (0h:0m:13s left)
BETTER TREE FOUND at iteration 167: -2793.582
Iteration 170 / LogL: -2793.582 / Time: 0h:0m:42s (0h:0m:24s left)
Iteration 180 / LogL: -2793.586 / Time: 0h:0m:42s (0h:0m:20s left)
Iteration 190 / LogL: -2797.901 / Time: 0h:0m:42s (0h:0m:17s left)
BETTER TREE FOUND at iteration 195: -2793.582
Iteration 200 / LogL: -2793.582 / Time: 0h:0m:42s (0h:0m:20s left)
Iteration 210 / LogL: -2793.586 / Time: 0h:0m:42s (0h:0m:17s left)
Iteration 220 / LogL: -2793.597 / Time: 0h:0m:42s (0h:0m:14s left)
BETTER TREE FOUND at iteration 223: -2793.582
Iteration 230 / LogL: -2793.584 / Time: 0h:0m:42s (0h:0m:17s left)
Iteration 240 / LogL: -2793.582 / Time: 0h:0m:42s (0h:0m:14s left)
Iteration 250 / LogL: -2793.599 / Time: 0h:0m:42s (0h:0m:12s left)
Iteration 260 / LogL: -2793.584 / Time: 0h:0m:42s (0h:0m:10s left)
Iteration 270 / LogL: -2793.583 / Time: 0h:0m:42s (0h:0m:8s left)
Iteration 280 / LogL: -2793.587 / Time: 0h:0m:42s (0h:0m:6s left)
Iteration 290 / LogL: -2793.588 / Time: 0h:0m:42s (0h:0m:4s left)
Iteration 300 / LogL: -2793.590 / Time: 0h:0m:42s (0h:0m:3s left)
Iteration 310 / LogL: -2793.584 / Time: 0h:0m:42s (0h:0m:1s left)
Iteration 320 / LogL: -2793.587 / Time: 0h:0m:42s (0h:0m:0s left)
TREE SEARCH COMPLETED AFTER 324 ITERATIONS / Time: 0h:0m:42s

--------------------------------------------------------------------
|                    FINALIZING TREE SEARCH                        |
--------------------------------------------------------------------
Performs final model parameters optimization
Estimate model parameters (epsilon = 0.010)
1. Initial log-likelihood: -2793.582
Optimal log-likelihood: -2793.582
Rate parameters:  A-C: 1.00000  A-G: 1.51056  A-T: 1.00000  C-G: 1.00000  C-T: 1.51056  G-T: 1.00000
Base frequencies:  A: 0.300  C: 0.214  G: 0.198  T: 0.287
Gamma shape alpha: 0.340
Parameters optimization took 1 rounds (0.001 sec)
BEST SCORE FOUND : -2793.582

Testing tree branches by aBayes parametric test...
0.001 sec.
Total tree length: 0.048

Total number of iterations: 324
CPU time used for tree search: 0.760 sec (0h:0m:0s)
Wall-clock time used for tree search: 0.763 sec (0h:0m:0s)
Total CPU time used: 30.491 sec (0h:0m:30s)
Total wall-clock time used: 42.526 sec (0h:0m:42s)

Analysis results written to: 
  IQ-TREE report:                /Users/fahim/CSE6406-project/work/paper_subset_50x10_L1600/ils_low/replicate_01/estimated_gene_trees/L1600/hky_g4/locus_0015.iqtree
  Maximum-likelihood tree:       /Users/fahim/CSE6406-project/work/paper_subset_50x10_L1600/ils_low/replicate_01/estimated_gene_trees/L1600/hky_g4/locus_0015.treefile
  Likelihood distances:          /Users/fahim/CSE6406-project/work/paper_subset_50x10_L1600/ils_low/replicate_01/estimated_gene_trees/L1600/hky_g4/locus_0015.mldist
  Screen log file:               /Users/fahim/CSE6406-project/work/paper_subset_50x10_L1600/ils_low/replicate_01/estimated_gene_trees/L1600/hky_g4/locus_0015.log

Date and Time: Fri Sep 11 01:08:10 2026
