IQ-TREE multicore version 2.4.0 for MacOS ARM 64-bit built Feb 12 2025
Developed by Bui Quang Minh, Nguyen Lam Tung, Olga Chernomor, Heiko Schmidt,
Dominik Schrempf, Michael Woodhams, Ly Trong Nhan, Thomas Wong

Host:    Fahims-MacBook-Air.local (SSE4.2, 16 GB RAM)
Command: /Users/fahim/miniconda3/envs/cse6406/bin/iqtree2 -s /Users/fahim/CSE6406-project/work/paper_subset_50x10_L1600/ils_low/replicate_01/alignments/L1600/locus_0009.phy -m HKY+G4 --abayes -T AUTO --seed 6506010 --prefix /Users/fahim/CSE6406-project/work/paper_subset_50x10_L1600/ils_low/replicate_01/estimated_gene_trees/L1600/hky_g4/locus_0009 --redo --quiet
Seed:    6506010 (Using SPRNG - Scalable Parallel Random Number Generator)
Time:    Fri Sep 11 01:02:45 2026
Kernel:  SSE2 - auto-detect threads (10 CPU cores detected)

Reading alignment file /Users/fahim/CSE6406-project/work/paper_subset_50x10_L1600/ils_low/replicate_01/alignments/L1600/locus_0009.phy ... Phylip format detected
Alignment most likely contains DNA/RNA sequences
Alignment has 21 sequences with 1600 columns, 78 distinct patterns
22 parsimony-informative, 59 singleton sites, 1519 constant sites
        Gap/Ambiguity  Composition  p-value
Analyzing sequences: done in 4.3869e-05 secs using 56.99% CPU
   1  1_0_0     0.00%    passed     99.92%
   2  4_0_0     0.00%    passed     99.93%
   3  3_0_0     0.00%    passed     99.93%
   4  2_0_0     0.00%    passed     99.72%
   5  15_0_0    0.00%    passed     99.63%
   6  17_0_0    0.00%    passed     99.40%
   7  12_0_0    0.00%    passed    100.00%
   8  18_0_0    0.00%    passed     99.91%
   9  6_0_0     0.00%    passed     99.97%
  10  13_0_0    0.00%    passed     99.97%
  11  10_0_0    0.00%    passed     99.96%
  12  9_0_0     0.00%    passed     99.88%
  13  5_0_0     0.00%    passed     99.73%
  14  11_0_0    0.00%    passed     99.99%
  15  8_0_0     0.00%    passed     99.96%
  16  14_0_0    0.00%    passed     99.75%
  17  20_0_0    0.00%    passed     99.96%
  18  16_0_0    0.00%    passed     99.99%
  19  7_0_0     0.00%    passed     99.65%
  20  19_0_0    0.00%    passed     99.99%
  21  0_0_0     0.00%    passed     99.22%
****  TOTAL     0.00%  0 sequences failed composition chi2 test (p-value<5%; df=3)

Create initial parsimony tree by phylogenetic likelihood library (PLL)... 0.000 seconds

NOTE: 0 MB RAM (0 GB) is required!
Measuring multi-threading efficiency up to 10 CPU cores
Increase to 10 rounds for branch lengths
13410 trees examined
Threads: 1 / Time: 10.001 sec / Speedup: 1.000 / Efficiency: 100% / LogL: -3126
Threads: 2 / Time: 37.105 sec / Speedup: 0.270 / Efficiency: 13% / LogL: -3126
BEST NUMBER OF THREADS: 1

Estimate model parameters (epsilon = 0.100)
1. Initial log-likelihood: -2892.088
2. Current log-likelihood: -2886.778
Optimal log-likelihood: -2886.776
Rate parameters:  A-C: 1.00000  A-G: 1.48543  A-T: 1.00000  C-G: 1.00000  C-T: 1.48543  G-T: 1.00000
Base frequencies:  A: 0.317  C: 0.185  G: 0.180  T: 0.318
Gamma shape alpha: 0.020
Parameters optimization took 2 rounds (0.004 sec)
Wrote distance file to... 
Computing ML distances based on estimated model parameters...
Calculating distance matrix: done in 0.00146699 secs using 99.59% CPU
Computing ML distances took 0.001489 sec (of wall-clock time) 0.001473 sec (of CPU time)
Setting up auxiliary I and S matrices: done in 2.59876e-05 secs using 69.26% CPU
Computing RapidNJ tree took 0.000093 sec (of wall-clock time) 0.000099 sec (of CPU time)
Log-likelihood of RapidNJ tree: -2889.250
--------------------------------------------------------------------
|             INITIALIZING CANDIDATE TREE SET                      |
--------------------------------------------------------------------
Generating 98 parsimony trees... 0.023 second
Computing log-likelihood of 98 initial trees ... 0.028 seconds
Current best score: -2886.776

Do NNI search on 20 best initial trees
Estimate model parameters (epsilon = 0.100)
BETTER TREE FOUND at iteration 1: -2886.776
BETTER TREE FOUND at iteration 2: -2886.775
Iteration 10 / LogL: -2886.776 / Time: 0h:0m:47s
BETTER TREE FOUND at iteration 15: -2886.775
Iteration 20 / LogL: -2886.776 / Time: 0h:0m:47s
Finish initializing candidate tree set (19)
Current best tree score: -2886.775 / CPU time: 0.099
Number of iterations: 20
--------------------------------------------------------------------
|               OPTIMIZING CANDIDATE TREE SET                      |
--------------------------------------------------------------------
Iteration 30 / LogL: -2886.782 / Time: 0h:0m:47s (0h:2m:18s left)
Iteration 40 / LogL: -2886.777 / Time: 0h:0m:47s (0h:1m:30s left)
Iteration 50 / LogL: -2886.781 / Time: 0h:0m:47s (0h:1m:2s left)
Iteration 60 / LogL: -2886.782 / Time: 0h:0m:47s (0h:0m:44s left)
Iteration 70 / LogL: -2900.459 / Time: 0h:0m:47s (0h:0m:30s left)
Iteration 80 / LogL: -2886.778 / Time: 0h:0m:47s (0h:0m:21s left)
Iteration 90 / LogL: -2886.777 / Time: 0h:0m:47s (0h:0m:13s left)
Iteration 100 / LogL: -2886.783 / Time: 0h:0m:47s (0h:0m:7s left)
Iteration 110 / LogL: -2886.787 / Time: 0h:0m:47s (0h:0m:2s left)
BETTER TREE FOUND at iteration 116: -2886.775
Iteration 120 / LogL: -2886.779 / Time: 0h:0m:47s (0h:0m:38s left)
Iteration 130 / LogL: -2886.789 / Time: 0h:0m:47s (0h:0m:31s left)
Iteration 140 / LogL: -2886.780 / Time: 0h:0m:47s (0h:0m:26s left)
Iteration 150 / LogL: -2886.784 / Time: 0h:0m:47s (0h:0m:21s left)
Iteration 160 / LogL: -2886.781 / Time: 0h:0m:47s (0h:0m:16s left)
Iteration 170 / LogL: -2886.786 / Time: 0h:0m:47s (0h:0m:13s left)
Iteration 180 / LogL: -2886.785 / Time: 0h:0m:47s (0h:0m:9s left)
Iteration 190 / LogL: -2886.784 / Time: 0h:0m:47s (0h:0m:6s left)
Iteration 200 / LogL: -2886.782 / Time: 0h:0m:47s (0h:0m:3s left)
Iteration 210 / LogL: -2886.782 / Time: 0h:0m:48s (0h:0m:1s left)
TREE SEARCH COMPLETED AFTER 217 ITERATIONS / Time: 0h:0m:48s

--------------------------------------------------------------------
|                    FINALIZING TREE SEARCH                        |
--------------------------------------------------------------------
Performs final model parameters optimization
Estimate model parameters (epsilon = 0.010)
1. Initial log-likelihood: -2886.775
Optimal log-likelihood: -2886.775
Rate parameters:  A-C: 1.00000  A-G: 1.48528  A-T: 1.00000  C-G: 1.00000  C-T: 1.48528  G-T: 1.00000
Base frequencies:  A: 0.317  C: 0.185  G: 0.180  T: 0.318
Gamma shape alpha: 0.020
Parameters optimization took 1 rounds (0.002 sec)
BEST SCORE FOUND : -2886.775

Testing tree branches by aBayes parametric test...
0.001 sec.
Total tree length: 0.058

Total number of iterations: 217
CPU time used for tree search: 0.929 sec (0h:0m:0s)
Wall-clock time used for tree search: 0.932 sec (0h:0m:0s)
Total CPU time used: 34.462 sec (0h:0m:34s)
Total wall-clock time used: 48.052 sec (0h:0m:48s)

Analysis results written to: 
  IQ-TREE report:                /Users/fahim/CSE6406-project/work/paper_subset_50x10_L1600/ils_low/replicate_01/estimated_gene_trees/L1600/hky_g4/locus_0009.iqtree
  Maximum-likelihood tree:       /Users/fahim/CSE6406-project/work/paper_subset_50x10_L1600/ils_low/replicate_01/estimated_gene_trees/L1600/hky_g4/locus_0009.treefile
  Likelihood distances:          /Users/fahim/CSE6406-project/work/paper_subset_50x10_L1600/ils_low/replicate_01/estimated_gene_trees/L1600/hky_g4/locus_0009.mldist
  Screen log file:               /Users/fahim/CSE6406-project/work/paper_subset_50x10_L1600/ils_low/replicate_01/estimated_gene_trees/L1600/hky_g4/locus_0009.log

Date and Time: Fri Sep 11 01:03:33 2026
