IQ-TREE multicore version 2.4.0 for MacOS ARM 64-bit built Feb 12 2025
Developed by Bui Quang Minh, Nguyen Lam Tung, Olga Chernomor, Heiko Schmidt,
Dominik Schrempf, Michael Woodhams, Ly Trong Nhan, Thomas Wong

Host:    Fahims-MacBook-Air.local (SSE4.2, 16 GB RAM)
Command: /Users/fahim/miniconda3/envs/cse6406/bin/iqtree2 -s /Users/fahim/CSE6406-project/work/paper_subset_50x10_L1600/ils_low/replicate_01/alignments/L1600/locus_0045.phy -m HKY+G4 --abayes -T AUTO --seed 6506046 --prefix /Users/fahim/CSE6406-project/work/paper_subset_50x10_L1600/ils_low/replicate_01/estimated_gene_trees/L1600/hky_g4/locus_0045 --redo --quiet
Seed:    6506046 (Using SPRNG - Scalable Parallel Random Number Generator)
Time:    Fri Sep 11 01:30:27 2026
Kernel:  SSE2 - auto-detect threads (10 CPU cores detected)

Reading alignment file /Users/fahim/CSE6406-project/work/paper_subset_50x10_L1600/ils_low/replicate_01/alignments/L1600/locus_0045.phy ... Phylip format detected
Alignment most likely contains DNA/RNA sequences
Alignment has 21 sequences with 1600 columns, 70 distinct patterns
17 parsimony-informative, 62 singleton sites, 1521 constant sites
        Gap/Ambiguity  Composition  p-value
Analyzing sequences: done in 3.69549e-05 secs using 59.53% CPU
   1  1_0_0     0.00%    passed     99.86%
   2  4_0_0     0.00%    passed     99.96%
   3  2_0_0     0.00%    passed     99.86%
   4  3_0_0     0.00%    passed     99.94%
   5  9_0_0     0.00%    passed     99.90%
   6  10_0_0    0.00%    passed     99.37%
   7  5_0_0     0.00%    passed     99.85%
   8  19_0_0    0.00%    passed     99.98%
   9  7_0_0     0.00%    passed     99.89%
  10  16_0_0    0.00%    passed     99.99%
  11  8_0_0     0.00%    passed     99.97%
  12  14_0_0    0.00%    passed     99.97%
  13  20_0_0    0.00%    passed     99.90%
  14  11_0_0    0.00%    passed     99.98%
  15  6_0_0     0.00%    passed     99.83%
  16  17_0_0    0.00%    passed     99.99%
  17  15_0_0    0.00%    passed     99.99%
  18  18_0_0    0.00%    passed     99.96%
  19  12_0_0    0.00%    passed     99.79%
  20  13_0_0    0.00%    passed     99.41%
  21  0_0_0     0.00%    passed     99.53%
****  TOTAL     0.00%  0 sequences failed composition chi2 test (p-value<5%; df=3)
NOTE: 14_0_0 is identical to 8_0_0 but kept for subsequent analysis
NOTE: 15_0_0 is identical to 17_0_0 but kept for subsequent analysis

Create initial parsimony tree by phylogenetic likelihood library (PLL)... 0.000 seconds

NOTE: 0 MB RAM (0 GB) is required!
Measuring multi-threading efficiency up to 10 CPU cores
Increase to 10 rounds for branch lengths
19745 trees examined
Threads: 1 / Time: 10.000 sec / Speedup: 1.000 / Efficiency: 100% / LogL: -3095
Threads: 2 / Time: 34.346 sec / Speedup: 0.291 / Efficiency: 15% / LogL: -3095
BEST NUMBER OF THREADS: 1

Estimate model parameters (epsilon = 0.100)
1. Initial log-likelihood: -2840.037
2. Current log-likelihood: -2836.644
Optimal log-likelihood: -2836.644
Rate parameters:  A-C: 1.00000  A-G: 1.67647  A-T: 1.00000  C-G: 1.00000  C-T: 1.67647  G-T: 1.00000
Base frequencies:  A: 0.299  C: 0.200  G: 0.219  T: 0.281
Gamma shape alpha: 998.443
Parameters optimization took 2 rounds (0.002 sec)
Wrote distance file to... 
Computing ML distances based on estimated model parameters...
Calculating distance matrix: done in 0.000977993 secs using 98.26% CPU
Computing ML distances took 0.000997 sec (of wall-clock time) 0.000968 sec (of CPU time)
Setting up auxiliary I and S matrices: done in 1.69277e-05 secs using 64.98% CPU
Computing RapidNJ tree took 0.000059 sec (of wall-clock time) 0.000067 sec (of CPU time)
Log-likelihood of RapidNJ tree: -2843.843
--------------------------------------------------------------------
|             INITIALIZING CANDIDATE TREE SET                      |
--------------------------------------------------------------------
Generating 98 parsimony trees... 0.017 second
Computing log-likelihood of 98 initial trees ... 0.018 seconds
Current best score: -2836.644

Do NNI search on 20 best initial trees
Estimate model parameters (epsilon = 0.100)
BETTER TREE FOUND at iteration 1: -2836.644
BETTER TREE FOUND at iteration 3: -2836.644
BETTER TREE FOUND at iteration 6: -2836.644
BETTER TREE FOUND at iteration 9: -2836.644
Iteration 10 / LogL: -2836.644 / Time: 0h:0m:44s
Iteration 20 / LogL: -2836.644 / Time: 0h:0m:44s
Finish initializing candidate tree set (20)
Current best tree score: -2836.644 / CPU time: 0.053
Number of iterations: 20
--------------------------------------------------------------------
|               OPTIMIZING CANDIDATE TREE SET                      |
--------------------------------------------------------------------
Iteration 30 / LogL: -2836.649 / Time: 0h:0m:44s (0h:2m:1s left)
Iteration 40 / LogL: -2836.655 / Time: 0h:0m:44s (0h:1m:18s left)
Iteration 50 / LogL: -2836.652 / Time: 0h:0m:44s (0h:0m:53s left)
Iteration 60 / LogL: -2836.650 / Time: 0h:0m:44s (0h:0m:36s left)
Iteration 70 / LogL: -2847.880 / Time: 0h:0m:44s (0h:0m:25s left)
Iteration 80 / LogL: -2836.646 / Time: 0h:0m:44s (0h:0m:16s left)
Iteration 90 / LogL: -2836.657 / Time: 0h:0m:44s (0h:0m:9s left)
Iteration 100 / LogL: -2836.653 / Time: 0h:0m:44s (0h:0m:4s left)
Iteration 110 / LogL: -2836.657 / Time: 0h:0m:44s (0h:0m:-1s left)
TREE SEARCH COMPLETED AFTER 110 ITERATIONS / Time: 0h:0m:44s

--------------------------------------------------------------------
|                    FINALIZING TREE SEARCH                        |
--------------------------------------------------------------------
Performs final model parameters optimization
Estimate model parameters (epsilon = 0.010)
1. Initial log-likelihood: -2836.644
Optimal log-likelihood: -2836.644
Rate parameters:  A-C: 1.00000  A-G: 1.67603  A-T: 1.00000  C-G: 1.00000  C-T: 1.67603  G-T: 1.00000
Base frequencies:  A: 0.299  C: 0.200  G: 0.219  T: 0.281
Gamma shape alpha: 998.443
Parameters optimization took 1 rounds (0.001 sec)
BEST SCORE FOUND : -2836.644

Testing tree branches by aBayes parametric test...
0.001 sec.
Total tree length: 0.050

Total number of iterations: 110
CPU time used for tree search: 0.266 sec (0h:0m:0s)
Wall-clock time used for tree search: 0.267 sec (0h:0m:0s)
Total CPU time used: 31.933 sec (0h:0m:31s)
Total wall-clock time used: 44.623 sec (0h:0m:44s)

Analysis results written to: 
  IQ-TREE report:                /Users/fahim/CSE6406-project/work/paper_subset_50x10_L1600/ils_low/replicate_01/estimated_gene_trees/L1600/hky_g4/locus_0045.iqtree
  Maximum-likelihood tree:       /Users/fahim/CSE6406-project/work/paper_subset_50x10_L1600/ils_low/replicate_01/estimated_gene_trees/L1600/hky_g4/locus_0045.treefile
  Likelihood distances:          /Users/fahim/CSE6406-project/work/paper_subset_50x10_L1600/ils_low/replicate_01/estimated_gene_trees/L1600/hky_g4/locus_0045.mldist
  Screen log file:               /Users/fahim/CSE6406-project/work/paper_subset_50x10_L1600/ils_low/replicate_01/estimated_gene_trees/L1600/hky_g4/locus_0045.log

Date and Time: Fri Sep 11 01:31:12 2026
