IQ-TREE multicore version 2.4.0 for Linux x86 64-bit built Feb 12 2025
Developed by Bui Quang Minh, Nguyen Lam Tung, Olga Chernomor, Heiko Schmidt,
Dominik Schrempf, Michael Woodhams, Ly Trong Nhan, Thomas Wong

Host:    ezmata (AVX2, FMA3, 15 GB RAM)
Command: /home/mis/miniconda3/envs/cse6406/bin/iqtree2 -s /home/mis/CSE6406-project/work/paper_subset_50x10_L800/ils_high/replicate_03/alignments/L800/locus_0037.phy -m HKY+G4 --abayes -T 1 --seed 6706038 --prefix /home/mis/CSE6406-project/work/paper_subset_50x10_L800/ils_high/replicate_03/estimated_gene_trees/L800/hky_g4/locus_0037 --redo --quiet
Seed:    6706038 (Using SPRNG - Scalable Parallel Random Number Generator)
Time:    Sat Sep 12 19:53:25 2026
Kernel:  AVX+FMA - 1 threads (16 CPU cores detected)

HINT: Use -nt option to specify number of threads because your CPU has 16 cores!
HINT: -nt AUTO will automatically determine the best number of threads to use.

Reading alignment file /home/mis/CSE6406-project/work/paper_subset_50x10_L800/ils_high/replicate_03/alignments/L800/locus_0037.phy ... Phylip format detected
Alignment most likely contains DNA/RNA sequences
Alignment has 21 sequences with 800 columns, 458 distinct patterns
394 parsimony-informative, 79 singleton sites, 327 constant sites
        Gap/Ambiguity  Composition  p-value
Analyzing sequences: done in 8.2959e-05 secs using 95.23% CPU
   1  9_0_0     0.00%    passed     75.90%
   2  5_0_0     0.00%    passed     74.45%
   3  14_0_0    0.00%    passed     64.19%
   4  7_0_0     0.00%    passed     69.17%
   5  18_0_0    0.00%    passed     99.99%
   6  6_0_0     0.00%    passed     85.64%
   7  15_0_0    0.00%    passed     99.27%
   8  1_0_0     0.00%    passed     22.53%
   9  3_0_0     0.00%    passed     76.13%
  10  2_0_0     0.00%    passed     47.92%
  11  16_0_0    0.00%    passed     79.40%
  12  19_0_0    0.00%    passed     95.12%
  13  10_0_0    0.00%    passed     97.31%
  14  12_0_0    0.00%    passed     77.14%
  15  17_0_0    0.00%    passed     97.46%
  16  4_0_0     0.00%    passed     56.16%
  17  13_0_0    0.00%    passed     82.28%
  18  11_0_0    0.00%    passed     84.55%
  19  8_0_0     0.00%    passed     86.28%
  20  20_0_0    0.00%    passed     99.66%
  21  0_0_0     0.00%    passed     62.46%
****  TOTAL     0.00%  0 sequences failed composition chi2 test (p-value<5%; df=3)

Create initial parsimony tree by phylogenetic likelihood library (PLL)... 0.008 seconds

NOTE: 1 MB RAM (0 GB) is required!
Estimate model parameters (epsilon = 0.100)
1. Initial log-likelihood: -11563.240
2. Current log-likelihood: -10964.065
3. Current log-likelihood: -10904.968
4. Current log-likelihood: -10899.950
5. Current log-likelihood: -10899.040
6. Current log-likelihood: -10898.853
Optimal log-likelihood: -10898.796
Rate parameters:  A-C: 1.00000  A-G: 2.01307  A-T: 1.00000  C-G: 1.00000  C-T: 2.01307  G-T: 1.00000
Base frequencies:  A: 0.303  C: 0.188  G: 0.201  T: 0.308
Gamma shape alpha: 0.206
Parameters optimization took 6 rounds (0.240 sec)
Wrote distance file to... 
Computing ML distances based on estimated model parameters...
Calculating distance matrix: done in 0.00521877 secs using 99.83% CPU
Computing ML distances took 0.005507 sec (of wall-clock time) 0.005407 sec (of CPU time)
Setting up auxiliary I and S matrices: done in 8.8961e-05 secs using 92.18% CPU
Computing RapidNJ tree took 0.000452 sec (of wall-clock time) 0.000353 sec (of CPU time)
Log-likelihood of RapidNJ tree: -10900.009
--------------------------------------------------------------------
|             INITIALIZING CANDIDATE TREE SET                      |
--------------------------------------------------------------------
Generating 98 parsimony trees... 0.379 second
Computing log-likelihood of 98 initial trees ... 0.540 seconds
Current best score: -10898.796

Do NNI search on 20 best initial trees
Estimate model parameters (epsilon = 0.100)
BETTER TREE FOUND at iteration 1: -10890.489
UPDATE BEST LOG-LIKELIHOOD: -10890.489
UPDATE BEST LOG-LIKELIHOOD: -10890.489
Iteration 10 / LogL: -10890.649 / Time: 0h:0m:2s
UPDATE BEST LOG-LIKELIHOOD: -10890.489
UPDATE BEST LOG-LIKELIHOOD: -10890.489
Iteration 20 / LogL: -10890.489 / Time: 0h:0m:3s
Finish initializing candidate tree set (4)
Current best tree score: -10890.489 / CPU time: 3.275
Number of iterations: 20
--------------------------------------------------------------------
|               OPTIMIZING CANDIDATE TREE SET                      |
--------------------------------------------------------------------
Iteration 30 / LogL: -10892.456 / Time: 0h:0m:5s (0h:0m:13s left)
UPDATE BEST LOG-LIKELIHOOD: -10890.489
Iteration 40 / LogL: -10890.489 / Time: 0h:0m:7s (0h:0m:11s left)
Iteration 50 / LogL: -10892.447 / Time: 0h:0m:9s (0h:0m:9s left)
Iteration 60 / LogL: -10890.489 / Time: 0h:0m:11s (0h:0m:7s left)
Iteration 70 / LogL: -10890.649 / Time: 0h:0m:13s (0h:0m:5s left)
Iteration 80 / LogL: -10891.958 / Time: 0h:0m:15s (0h:0m:4s left)
