IQ-TREE multicore version 2.4.0 for Linux x86 64-bit built Feb 12 2025
Developed by Bui Quang Minh, Nguyen Lam Tung, Olga Chernomor, Heiko Schmidt,
Dominik Schrempf, Michael Woodhams, Ly Trong Nhan, Thomas Wong

Host:    ezmata (AVX2, FMA3, 15 GB RAM)
Command: /home/mis/miniconda3/envs/cse6406/bin/iqtree2 -s /home/mis/CSE6406-project/work/paper_subset_50x10_L800/ils_high/replicate_02/alignments/L800/locus_0020.phy -m HKY+G4 --abayes -T 1 --seed 6606021 --prefix /home/mis/CSE6406-project/work/paper_subset_50x10_L800/ils_high/replicate_02/estimated_gene_trees/L800/hky_g4/locus_0020 --redo --quiet
Seed:    6606021 (Using SPRNG - Scalable Parallel Random Number Generator)
Time:    Sat Sep 12 19:51:04 2026
Kernel:  AVX+FMA - 1 threads (16 CPU cores detected)

HINT: Use -nt option to specify number of threads because your CPU has 16 cores!
HINT: -nt AUTO will automatically determine the best number of threads to use.

Reading alignment file /home/mis/CSE6406-project/work/paper_subset_50x10_L800/ils_high/replicate_02/alignments/L800/locus_0020.phy ... Phylip format detected
Alignment most likely contains DNA/RNA sequences
Alignment has 21 sequences with 800 columns, 506 distinct patterns
437 parsimony-informative, 71 singleton sites, 292 constant sites
        Gap/Ambiguity  Composition  p-value
Analyzing sequences: done in 5.3612e-05 secs using 98.86% CPU
   1  0_0_0     0.00%    passed     44.59%
   2  14_0_0    0.00%    passed     79.89%
   3  19_0_0    0.00%    passed     36.28%
   4  10_0_0    0.00%    passed     73.41%
   5  13_0_0    0.00%    passed     93.34%
   6  1_0_0     0.00%    passed     97.12%
   7  5_0_0     0.00%    passed     75.17%
   8  3_0_0     0.00%    passed     80.63%
   9  6_0_0     0.00%    passed     66.64%
  10  2_0_0     0.00%    passed     70.43%
  11  4_0_0     0.00%    passed     92.66%
  12  9_0_0     0.00%    passed     28.93%
  13  11_0_0    0.00%    passed     69.67%
  14  17_0_0    0.00%    passed     83.04%
  15  12_0_0    0.00%    passed     97.32%
  16  20_0_0    0.00%    passed     68.94%
  17  16_0_0    0.00%    passed     97.12%
  18  18_0_0    0.00%    passed     81.90%
  19  15_0_0    0.00%    passed     55.27%
  20  8_0_0     0.00%    passed     79.10%
  21  7_0_0     0.00%    passed     99.44%
****  TOTAL     0.00%  0 sequences failed composition chi2 test (p-value<5%; df=3)

Create initial parsimony tree by phylogenetic likelihood library (PLL)... 0.003 seconds

NOTE: 1 MB RAM (0 GB) is required!
Estimate model parameters (epsilon = 0.100)
1. Initial log-likelihood: -13249.926
2. Current log-likelihood: -12784.784
3. Current log-likelihood: -12692.791
4. Current log-likelihood: -12674.145
5. Current log-likelihood: -12668.296
6. Current log-likelihood: -12666.000
7. Current log-likelihood: -12664.999
8. Current log-likelihood: -12664.588
9. Current log-likelihood: -12664.369
Optimal log-likelihood: -12664.244
Rate parameters:  A-C: 1.00000  A-G: 2.05412  A-T: 1.00000  C-G: 1.00000  C-T: 2.05412  G-T: 1.00000
Base frequencies:  A: 0.289  C: 0.197  G: 0.215  T: 0.299
Gamma shape alpha: 0.200
Parameters optimization took 9 rounds (0.255 sec)
Wrote distance file to... 
Computing ML distances based on estimated model parameters...
Calculating distance matrix: done in 0.00547224 secs using 99.96% CPU
Computing ML distances took 0.005620 sec (of wall-clock time) 0.005623 sec (of CPU time)
Setting up auxiliary I and S matrices: done in 7.2087e-05 secs
Computing RapidNJ tree took 0.000261 sec (of wall-clock time) 0.000000 sec (of CPU time)
Log-likelihood of RapidNJ tree: -12650.593
--------------------------------------------------------------------
|             INITIALIZING CANDIDATE TREE SET                      |
--------------------------------------------------------------------
Generating 98 parsimony trees... 0.383 second
Computing log-likelihood of 98 initial trees ... 0.611 seconds
Current best score: -12650.593

Do NNI search on 20 best initial trees
Estimate model parameters (epsilon = 0.100)
BETTER TREE FOUND at iteration 1: -12629.596
UPDATE BEST LOG-LIKELIHOOD: -12629.594
Estimate model parameters (epsilon = 0.100)
BETTER TREE FOUND at iteration 5: -12623.443
UPDATE BEST LOG-LIKELIHOOD: -12623.439
Iteration 10 / LogL: -12629.581 / Time: 0h:0m:2s
UPDATE BEST LOG-LIKELIHOOD: -12623.439
Iteration 20 / LogL: -12629.723 / Time: 0h:0m:4s
Finish initializing candidate tree set (10)
Current best tree score: -12623.439 / CPU time: 4.113
Number of iterations: 20
--------------------------------------------------------------------
|               OPTIMIZING CANDIDATE TREE SET                      |
--------------------------------------------------------------------
UPDATE BEST LOG-LIKELIHOOD: -12623.439
UPDATE BEST LOG-LIKELIHOOD: -12623.439
Iteration 30 / LogL: -12623.462 / Time: 0h:0m:5s (0h:0m:14s left)
Iteration 40 / LogL: -12623.441 / Time: 0h:0m:6s (0h:0m:11s left)
Iteration 50 / LogL: -12623.463 / Time: 0h:0m:8s (0h:0m:9s left)
UPDATE BEST LOG-LIKELIHOOD: -12623.439
Iteration 60 / LogL: -12623.439 / Time: 0h:0m:9s (0h:0m:6s left)
UPDATE BEST LOG-LIKELIHOOD: -12623.439
Iteration 70 / LogL: -12623.439 / Time: 0h:0m:10s (0h:0m:5s left)
Iteration 80 / LogL: -12623.439 / Time: 0h:0m:11s (0h:0m:3s left)
Iteration 90 / LogL: -12636.794 / Time: 0h:0m:12s (0h:0m:2s left)
Iteration 100 / LogL: -12623.439 / Time: 0h:0m:14s (0h:0m:0s left)
UPDATE BEST LOG-LIKELIHOOD: -12623.439
TREE SEARCH COMPLETED AFTER 106 ITERATIONS / Time: 0h:0m:15s

--------------------------------------------------------------------
|                    FINALIZING TREE SEARCH                        |
--------------------------------------------------------------------
Performs final model parameters optimization
Estimate model parameters (epsilon = 0.010)
1. Initial log-likelihood: -12623.439
2. Current log-likelihood: -12623.420
3. Current log-likelihood: -12623.400
Optimal log-likelihood: -12623.387
Rate parameters:  A-C: 1.00000  A-G: 2.09283  A-T: 1.00000  C-G: 1.00000  C-T: 2.09283  G-T: 1.00000
Base frequencies:  A: 0.289  C: 0.197  G: 0.215  T: 0.299
Gamma shape alpha: 0.196
Parameters optimization took 3 rounds (0.051 sec)
BEST SCORE FOUND : -12623.387

Testing tree branches by aBayes parametric test...
0.027 sec.
Total tree length: 28.685

Total number of iterations: 106
CPU time used for tree search: 13.472 sec (0h:0m:13s)
Wall-clock time used for tree search: 14.824 sec (0h:0m:14s)
Total CPU time used: 13.842 sec (0h:0m:13s)
Total wall-clock time used: 15.220 sec (0h:0m:15s)

Analysis results written to: 
  IQ-TREE report:                /home/mis/CSE6406-project/work/paper_subset_50x10_L800/ils_high/replicate_02/estimated_gene_trees/L800/hky_g4/locus_0020.iqtree
  Maximum-likelihood tree:       /home/mis/CSE6406-project/work/paper_subset_50x10_L800/ils_high/replicate_02/estimated_gene_trees/L800/hky_g4/locus_0020.treefile
  Likelihood distances:          /home/mis/CSE6406-project/work/paper_subset_50x10_L800/ils_high/replicate_02/estimated_gene_trees/L800/hky_g4/locus_0020.mldist
  Screen log file:               /home/mis/CSE6406-project/work/paper_subset_50x10_L800/ils_high/replicate_02/estimated_gene_trees/L800/hky_g4/locus_0020.log

Date and Time: Sat Sep 12 19:51:19 2026
