IQ-TREE multicore version 2.4.0 for Linux x86 64-bit built Feb 12 2025
Developed by Bui Quang Minh, Nguyen Lam Tung, Olga Chernomor, Heiko Schmidt,
Dominik Schrempf, Michael Woodhams, Ly Trong Nhan, Thomas Wong

Host:    ezmata (AVX2, FMA3, 15 GB RAM)
Command: /home/mis/miniconda3/envs/cse6406/bin/iqtree2 -s /home/mis/CSE6406-project/work/paper_subset_50x10_L800/ils_high/replicate_02/alignments/L800/locus_0004.phy -m HKY+G4 --abayes -T 1 --seed 6606005 --prefix /home/mis/CSE6406-project/work/paper_subset_50x10_L800/ils_high/replicate_02/estimated_gene_trees/L800/hky_g4/locus_0004 --redo --quiet
Seed:    6606005 (Using SPRNG - Scalable Parallel Random Number Generator)
Time:    Sat Sep 12 19:50:51 2026
Kernel:  AVX+FMA - 1 threads (16 CPU cores detected)

HINT: Use -nt option to specify number of threads because your CPU has 16 cores!
HINT: -nt AUTO will automatically determine the best number of threads to use.

Reading alignment file /home/mis/CSE6406-project/work/paper_subset_50x10_L800/ils_high/replicate_02/alignments/L800/locus_0004.phy ... Phylip format detected
Alignment most likely contains DNA/RNA sequences
Alignment has 21 sequences with 800 columns, 531 distinct patterns
468 parsimony-informative, 68 singleton sites, 264 constant sites
        Gap/Ambiguity  Composition  p-value
Analyzing sequences: done in 4.6036e-05 secs using 97.75% CPU
   1  0_0_0     0.00%    passed     80.72%
   2  13_0_0    0.00%    passed     95.31%
   3  16_0_0    0.00%    passed     74.87%
   4  15_0_0    0.00%    passed     84.88%
   5  1_0_0     0.00%    passed     95.58%
   6  5_0_0     0.00%    passed     49.35%
   7  2_0_0     0.00%    passed     91.64%
   8  4_0_0     0.00%    passed     88.63%
   9  3_0_0     0.00%    passed     58.03%
  10  6_0_0     0.00%    passed     59.67%
  11  9_0_0     0.00%    passed     95.86%
  12  18_0_0    0.00%    passed     87.15%
  13  14_0_0    0.00%    passed     86.86%
  14  10_0_0    0.00%    passed     50.48%
  15  19_0_0    0.00%    passed     87.40%
  16  7_0_0     0.00%    passed     99.18%
  17  8_0_0     0.00%    passed     27.12%
  18  20_0_0    0.00%    passed     60.74%
  19  17_0_0    0.00%    passed     66.30%
  20  12_0_0    0.00%    passed     66.73%
  21  11_0_0    0.00%    passed     74.89%
****  TOTAL     0.00%  0 sequences failed composition chi2 test (p-value<5%; df=3)

Create initial parsimony tree by phylogenetic likelihood library (PLL)... 0.004 seconds

NOTE: 1 MB RAM (0 GB) is required!
Estimate model parameters (epsilon = 0.100)
1. Initial log-likelihood: -13610.794
2. Current log-likelihood: -13205.137
3. Current log-likelihood: -13123.818
4. Current log-likelihood: -13106.422
5. Current log-likelihood: -13099.694
6. Current log-likelihood: -13096.514
7. Current log-likelihood: -13094.873
8. Current log-likelihood: -13094.006
9. Current log-likelihood: -13093.508
10. Current log-likelihood: -13093.234
11. Current log-likelihood: -13093.096
Optimal log-likelihood: -13092.957
Rate parameters:  A-C: 1.00000  A-G: 1.99179  A-T: 1.00000  C-G: 1.00000  C-T: 1.99179  G-T: 1.00000
Base frequencies:  A: 0.300  C: 0.191  G: 0.221  T: 0.288
Gamma shape alpha: 0.205
Parameters optimization took 11 rounds (0.331 sec)
Wrote distance file to... 
Computing ML distances based on estimated model parameters...
Calculating distance matrix: done in 0.0052659 secs using 99.94% CPU
Computing ML distances took 0.005390 sec (of wall-clock time) 0.005389 sec (of CPU time)
Setting up auxiliary I and S matrices: done in 6.2082e-05 secs using 99.87% CPU
Computing RapidNJ tree took 0.000240 sec (of wall-clock time) 0.000236 sec (of CPU time)
Log-likelihood of RapidNJ tree: -13108.246
--------------------------------------------------------------------
|             INITIALIZING CANDIDATE TREE SET                      |
--------------------------------------------------------------------
Generating 98 parsimony trees... 0.439 second
Computing log-likelihood of 98 initial trees ... 0.707 seconds
Current best score: -13092.957

Do NNI search on 20 best initial trees
Estimate model parameters (epsilon = 0.100)
BETTER TREE FOUND at iteration 1: -13088.709
Estimate model parameters (epsilon = 0.100)
BETTER TREE FOUND at iteration 2: -13087.357
UPDATE BEST LOG-LIKELIHOOD: -13087.357
UPDATE BEST LOG-LIKELIHOOD: -13087.356
UPDATE BEST LOG-LIKELIHOOD: -13087.356
UPDATE BEST LOG-LIKELIHOOD: -13087.356
Iteration 10 / LogL: -13088.674 / Time: 0h:0m:2s
UPDATE BEST LOG-LIKELIHOOD: -13087.355
UPDATE BEST LOG-LIKELIHOOD: -13087.355
Iteration 20 / LogL: -13087.355 / Time: 0h:0m:3s
Finish initializing candidate tree set (2)
Current best tree score: -13087.355 / CPU time: 3.057
Number of iterations: 20
--------------------------------------------------------------------
|               OPTIMIZING CANDIDATE TREE SET                      |
--------------------------------------------------------------------
UPDATE BEST LOG-LIKELIHOOD: -13087.355
Iteration 30 / LogL: -13087.355 / Time: 0h:0m:4s (0h:0m:10s left)
UPDATE BEST LOG-LIKELIHOOD: -13087.355
Iteration 40 / LogL: -13087.355 / Time: 0h:0m:5s (0h:0m:8s left)
Iteration 50 / LogL: -13087.376 / Time: 0h:0m:6s (0h:0m:6s left)
Iteration 60 / LogL: -13088.665 / Time: 0h:0m:7s (0h:0m:5s left)
Iteration 70 / LogL: -13087.358 / Time: 0h:0m:8s (0h:0m:3s left)
Iteration 80 / LogL: -13087.355 / Time: 0h:0m:9s (0h:0m:2s left)
Iteration 90 / LogL: -13087.749 / Time: 0h:0m:10s (0h:0m:1s left)
Iteration 100 / LogL: -13087.373 / Time: 0h:0m:11s (0h:0m:0s left)
TREE SEARCH COMPLETED AFTER 103 ITERATIONS / Time: 0h:0m:12s

--------------------------------------------------------------------
|                    FINALIZING TREE SEARCH                        |
--------------------------------------------------------------------
Performs final model parameters optimization
Estimate model parameters (epsilon = 0.010)
1. Initial log-likelihood: -13087.355
2. Current log-likelihood: -13087.336
3. Current log-likelihood: -13087.311
4. Current log-likelihood: -13087.297
Optimal log-likelihood: -13087.285
Rate parameters:  A-C: 1.00000  A-G: 2.01797  A-T: 1.00000  C-G: 1.00000  C-T: 2.01797  G-T: 1.00000
Base frequencies:  A: 0.300  C: 0.191  G: 0.221  T: 0.288
Gamma shape alpha: 0.200
Parameters optimization took 4 rounds (0.044 sec)
BEST SCORE FOUND : -13087.285

Testing tree branches by aBayes parametric test...
0.017 sec.
Total tree length: 24.237

Total number of iterations: 103
CPU time used for tree search: 10.478 sec (0h:0m:10s)
Wall-clock time used for tree search: 11.670 sec (0h:0m:11s)
Total CPU time used: 10.858 sec (0h:0m:10s)
Total wall-clock time used: 12.126 sec (0h:0m:12s)

Analysis results written to: 
  IQ-TREE report:                /home/mis/CSE6406-project/work/paper_subset_50x10_L800/ils_high/replicate_02/estimated_gene_trees/L800/hky_g4/locus_0004.iqtree
  Maximum-likelihood tree:       /home/mis/CSE6406-project/work/paper_subset_50x10_L800/ils_high/replicate_02/estimated_gene_trees/L800/hky_g4/locus_0004.treefile
  Likelihood distances:          /home/mis/CSE6406-project/work/paper_subset_50x10_L800/ils_high/replicate_02/estimated_gene_trees/L800/hky_g4/locus_0004.mldist
  Screen log file:               /home/mis/CSE6406-project/work/paper_subset_50x10_L800/ils_high/replicate_02/estimated_gene_trees/L800/hky_g4/locus_0004.log

Date and Time: Sat Sep 12 19:51:03 2026
