IQ-TREE multicore version 2.4.0 for MacOS ARM 64-bit built Feb 12 2025
Developed by Bui Quang Minh, Nguyen Lam Tung, Olga Chernomor, Heiko Schmidt,
Dominik Schrempf, Michael Woodhams, Ly Trong Nhan, Thomas Wong

Host:    Fahims-MacBook-Air.local (SSE4.2, 16 GB RAM)
Command: /Users/fahim/miniconda3/envs/cse6406/bin/iqtree2 -s /Users/fahim/CSE6406-project/work/paper_subset_50x10_L1600/ils_low/replicate_03/alignments/L1600/locus_0010.phy -m GTR+G4 --abayes -T AUTO --seed 6706011 --prefix /Users/fahim/CSE6406-project/work/paper_subset_50x10_L1600/ils_low/replicate_03/estimated_gene_trees/L1600/gtr_g4/locus_0010 --redo --quiet
Seed:    6706011 (Using SPRNG - Scalable Parallel Random Number Generator)
Time:    Fri Sep 11 05:29:43 2026
Kernel:  SSE2 - auto-detect threads (10 CPU cores detected)

Reading alignment file /Users/fahim/CSE6406-project/work/paper_subset_50x10_L1600/ils_low/replicate_03/alignments/L1600/locus_0010.phy ... Phylip format detected
Alignment most likely contains DNA/RNA sequences
Alignment has 21 sequences with 1600 columns, 871 distinct patterns
777 parsimony-informative, 143 singleton sites, 680 constant sites
        Gap/Ambiguity  Composition  p-value
Analyzing sequences: done in 4.19617e-05 secs using 131.1% CPU
   1  0_0_0     0.00%    passed     86.14%
   2  2_0_0     0.00%    passed     80.35%
   3  1_0_0     0.00%    passed     94.65%
   4  3_0_0     0.00%    passed     46.37%
   5  20_0_0    0.00%    passed     88.57%
   6  15_0_0    0.00%    passed     81.36%
   7  19_0_0    0.00%    passed     74.10%
   8  10_0_0    0.00%    passed     73.69%
   9  17_0_0    0.00%    passed     76.15%
  10  4_0_0     0.00%    passed     57.47%
  11  13_0_0    0.00%    passed     83.08%
  12  12_0_0    0.00%    passed     91.85%
  13  16_0_0    0.00%    passed     75.30%
  14  8_0_0     0.00%    passed     83.24%
  15  11_0_0    0.00%    passed     88.95%
  16  18_0_0    0.00%    passed     87.47%
  17  14_0_0    0.00%    passed     89.45%
  18  5_0_0     0.00%    passed     94.34%
  19  7_0_0     0.00%    passed     23.41%
  20  9_0_0     0.00%    passed     83.80%
  21  6_0_0     0.00%    passed     98.17%
****  TOTAL     0.00%  0 sequences failed composition chi2 test (p-value<5%; df=3)

Create initial parsimony tree by phylogenetic likelihood library (PLL)... 0.001 seconds

NOTE: 2 MB RAM (0 GB) is required!
Measuring multi-threading efficiency up to 10 CPU cores
Increase to 10 rounds for branch lengths
800 trees examined
Threads: 1 / Time: 10.003 sec / Speedup: 1.000 / Efficiency: 100% / LogL: -23129
Threads: 2 / Time: 12.685 sec / Speedup: 0.789 / Efficiency: 39% / LogL: -23129
BEST NUMBER OF THREADS: 1

Estimate model parameters (epsilon = 0.100)
1. Initial log-likelihood: -21487.836
2. Current log-likelihood: -20430.499
3. Current log-likelihood: -20346.509
4. Current log-likelihood: -20342.389
5. Current log-likelihood: -20341.974
Optimal log-likelihood: -20341.860
Rate parameters:  A-C: 0.86663  A-G: 1.71513  A-T: 0.86077  C-G: 0.89618  C-T: 1.88672  G-T: 1.00000
Base frequencies:  A: 0.312  C: 0.205  G: 0.189  T: 0.294
Gamma shape alpha: 0.206
Parameters optimization took 5 rounds (0.097 sec)
Wrote distance file to... 
Computing ML distances based on estimated model parameters...
Calculating distance matrix: done in 0.000891924 secs using 98.89% CPU
Computing ML distances took 0.000946 sec (of wall-clock time) 0.000923 sec (of CPU time)
Setting up auxiliary I and S matrices: done in 1.50204e-05 secs using 73.23% CPU
Computing RapidNJ tree took 0.000057 sec (of wall-clock time) 0.000058 sec (of CPU time)
Log-likelihood of RapidNJ tree: -20352.055
--------------------------------------------------------------------
|             INITIALIZING CANDIDATE TREE SET                      |
--------------------------------------------------------------------
Generating 98 parsimony trees... 0.091 second
Computing log-likelihood of 98 initial trees ... 0.191 seconds
Current best score: -20341.860

Do NNI search on 20 best initial trees
Estimate model parameters (epsilon = 0.100)
BETTER TREE FOUND at iteration 1: -20334.891
Iteration 10 / LogL: -20335.236 / Time: 0h:0m:23s
Iteration 20 / LogL: -20335.502 / Time: 0h:0m:23s
Finish initializing candidate tree set (1)
Current best tree score: -20334.891 / CPU time: 0.804
Number of iterations: 20
--------------------------------------------------------------------
|               OPTIMIZING CANDIDATE TREE SET                      |
--------------------------------------------------------------------
Iteration 30 / LogL: -20335.468 / Time: 0h:0m:23s (0h:0m:58s left)
Iteration 40 / LogL: -20335.055 / Time: 0h:0m:24s (0h:0m:37s left)
Iteration 50 / LogL: -20334.937 / Time: 0h:0m:24s (0h:0m:25s left)
Iteration 60 / LogL: -20334.925 / Time: 0h:0m:24s (0h:0m:17s left)
Iteration 70 / LogL: -20334.901 / Time: 0h:0m:25s (0h:0m:11s left)
Iteration 80 / LogL: -20334.970 / Time: 0h:0m:25s (0h:0m:6s left)
Iteration 90 / LogL: -20335.102 / Time: 0h:0m:25s (0h:0m:3s left)
Iteration 100 / LogL: -20334.964 / Time: 0h:0m:25s (0h:0m:0s left)
TREE SEARCH COMPLETED AFTER 102 ITERATIONS / Time: 0h:0m:25s

--------------------------------------------------------------------
|                    FINALIZING TREE SEARCH                        |
--------------------------------------------------------------------
Performs final model parameters optimization
Estimate model parameters (epsilon = 0.010)
1. Initial log-likelihood: -20334.891
Optimal log-likelihood: -20334.884
Rate parameters:  A-C: 0.86769  A-G: 1.72196  A-T: 0.85647  C-G: 0.88629  C-T: 1.88941  G-T: 1.00000
Base frequencies:  A: 0.312  C: 0.205  G: 0.189  T: 0.294
Gamma shape alpha: 0.204
Parameters optimization took 1 rounds (0.007 sec)
BEST SCORE FOUND : -20334.884

Testing tree branches by aBayes parametric test...
0.007 sec.
Total tree length: 9.437

Total number of iterations: 102
CPU time used for tree search: 3.167 sec (0h:0m:3s)
Wall-clock time used for tree search: 3.172 sec (0h:0m:3s)
Total CPU time used: 26.597 sec (0h:0m:26s)
Total wall-clock time used: 25.991 sec (0h:0m:25s)

Analysis results written to: 
  IQ-TREE report:                /Users/fahim/CSE6406-project/work/paper_subset_50x10_L1600/ils_low/replicate_03/estimated_gene_trees/L1600/gtr_g4/locus_0010.iqtree
  Maximum-likelihood tree:       /Users/fahim/CSE6406-project/work/paper_subset_50x10_L1600/ils_low/replicate_03/estimated_gene_trees/L1600/gtr_g4/locus_0010.treefile
  Likelihood distances:          /Users/fahim/CSE6406-project/work/paper_subset_50x10_L1600/ils_low/replicate_03/estimated_gene_trees/L1600/gtr_g4/locus_0010.mldist
  Screen log file:               /Users/fahim/CSE6406-project/work/paper_subset_50x10_L1600/ils_low/replicate_03/estimated_gene_trees/L1600/gtr_g4/locus_0010.log

Date and Time: Fri Sep 11 05:30:09 2026
