IQ-TREE multicore version 2.4.0 for MacOS ARM 64-bit built Feb 12 2025
Developed by Bui Quang Minh, Nguyen Lam Tung, Olga Chernomor, Heiko Schmidt,
Dominik Schrempf, Michael Woodhams, Ly Trong Nhan, Thomas Wong

Host:    Fahims-MacBook-Air.local (SSE4.2, 16 GB RAM)
Command: /Users/fahim/miniconda3/envs/cse6406/bin/iqtree2 -s /Users/fahim/CSE6406-project/work/paper_subset_50x10_L1600/ils_low/replicate_03/alignments/L1600/locus_0041.phy -m GTR+G4 --abayes -T AUTO --seed 6706042 --prefix /Users/fahim/CSE6406-project/work/paper_subset_50x10_L1600/ils_low/replicate_03/estimated_gene_trees/L1600/gtr_g4/locus_0041 --redo --quiet
Seed:    6706042 (Using SPRNG - Scalable Parallel Random Number Generator)
Time:    Fri Sep 11 05:43:30 2026
Kernel:  SSE2 - auto-detect threads (10 CPU cores detected)

Reading alignment file /Users/fahim/CSE6406-project/work/paper_subset_50x10_L1600/ils_low/replicate_03/alignments/L1600/locus_0041.phy ... Phylip format detected
Alignment most likely contains DNA/RNA sequences
Alignment has 21 sequences with 1600 columns, 868 distinct patterns
756 parsimony-informative, 155 singleton sites, 689 constant sites
        Gap/Ambiguity  Composition  p-value
Analyzing sequences: done in 3.88622e-05 secs using 133.8% CPU
   1  0_0_0     0.00%    passed     68.57%
   2  16_0_0    0.00%    passed     82.32%
   3  19_0_0    0.00%    passed     58.91%
   4  10_0_0    0.00%    passed     85.67%
   5  12_0_0    0.00%    passed     99.07%
   6  4_0_0     0.00%    passed     89.60%
   7  13_0_0    0.00%    passed     86.77%
   8  17_0_0    0.00%    passed     48.60%
   9  8_0_0     0.00%    passed     38.80%
  10  11_0_0    0.00%    passed     58.52%
  11  18_0_0    0.00%    passed     78.55%
  12  6_0_0     0.00%    passed     91.80%
  13  7_0_0     0.00%    passed     93.35%
  14  5_0_0     0.00%    passed     70.82%
  15  14_0_0    0.00%    passed     49.25%
  16  9_0_0     0.00%    passed     97.43%
  17  20_0_0    0.00%    passed     73.45%
  18  15_0_0    0.00%    passed     96.02%
  19  1_0_0     0.00%    passed     87.99%
  20  3_0_0     0.00%    passed     95.26%
  21  2_0_0     0.00%    passed     74.05%
****  TOTAL     0.00%  0 sequences failed composition chi2 test (p-value<5%; df=3)

Create initial parsimony tree by phylogenetic likelihood library (PLL)... 0.001 seconds

NOTE: 2 MB RAM (0 GB) is required!
Measuring multi-threading efficiency up to 10 CPU cores
Increase to 10 rounds for branch lengths
773 trees examined
Threads: 1 / Time: 10.004 sec / Speedup: 1.000 / Efficiency: 100% / LogL: -22659
Threads: 2 / Time: 12.682 sec / Speedup: 0.789 / Efficiency: 39% / LogL: -22659
BEST NUMBER OF THREADS: 1

Estimate model parameters (epsilon = 0.100)
1. Initial log-likelihood: -20893.981
2. Current log-likelihood: -19875.700
3. Current log-likelihood: -19785.349
4. Current log-likelihood: -19780.974
5. Current log-likelihood: -19780.498
Optimal log-likelihood: -19780.400
Rate parameters:  A-C: 1.16029  A-G: 1.82703  A-T: 0.97201  C-G: 1.00816  C-T: 1.88649  G-T: 1.00000
Base frequencies:  A: 0.303  C: 0.203  G: 0.191  T: 0.303
Gamma shape alpha: 0.206
Parameters optimization took 5 rounds (0.099 sec)
Wrote distance file to... 
Computing ML distances based on estimated model parameters...
Calculating distance matrix: done in 0.000910997 secs using 99.12% CPU
Computing ML distances took 0.000959 sec (of wall-clock time) 0.000941 sec (of CPU time)
Setting up auxiliary I and S matrices: done in 1.71661e-05 secs using 64.08% CPU
Computing RapidNJ tree took 0.000061 sec (of wall-clock time) 0.000067 sec (of CPU time)
Log-likelihood of RapidNJ tree: -19747.878
--------------------------------------------------------------------
|             INITIALIZING CANDIDATE TREE SET                      |
--------------------------------------------------------------------
Generating 98 parsimony trees... 0.091 second
Computing log-likelihood of 98 initial trees ... 0.190 seconds
Current best score: -19747.878

Do NNI search on 20 best initial trees
Estimate model parameters (epsilon = 0.100)
BETTER TREE FOUND at iteration 1: -19740.245
Iteration 10 / LogL: -19741.214 / Time: 0h:0m:23s
Iteration 20 / LogL: -19741.553 / Time: 0h:0m:23s
Finish initializing candidate tree set (8)
Current best tree score: -19740.245 / CPU time: 1.125
Number of iterations: 20
--------------------------------------------------------------------
|               OPTIMIZING CANDIDATE TREE SET                      |
--------------------------------------------------------------------
UPDATE BEST LOG-LIKELIHOOD: -19740.245
Iteration 30 / LogL: -19740.434 / Time: 0h:0m:24s (0h:0m:59s left)
Iteration 40 / LogL: -19741.220 / Time: 0h:0m:24s (0h:0m:38s left)
Iteration 50 / LogL: -19741.214 / Time: 0h:0m:25s (0h:0m:26s left)
Iteration 60 / LogL: -19741.837 / Time: 0h:0m:25s (0h:0m:17s left)
Iteration 70 / LogL: -19740.298 / Time: 0h:0m:25s (0h:0m:11s left)
Iteration 80 / LogL: -19741.244 / Time: 0h:0m:26s (0h:0m:6s left)
Iteration 90 / LogL: -19741.244 / Time: 0h:0m:26s (0h:0m:3s left)
Iteration 100 / LogL: -19741.456 / Time: 0h:0m:26s (0h:0m:0s left)
TREE SEARCH COMPLETED AFTER 102 ITERATIONS / Time: 0h:0m:26s

--------------------------------------------------------------------
|                    FINALIZING TREE SEARCH                        |
--------------------------------------------------------------------
Performs final model parameters optimization
Estimate model parameters (epsilon = 0.010)
1. Initial log-likelihood: -19740.245
Optimal log-likelihood: -19740.239
Rate parameters:  A-C: 1.16944  A-G: 1.86020  A-T: 0.98674  C-G: 1.02264  C-T: 1.91682  G-T: 1.00000
Base frequencies:  A: 0.303  C: 0.203  G: 0.191  T: 0.303
Gamma shape alpha: 0.205
Parameters optimization took 1 rounds (0.009 sec)
BEST SCORE FOUND : -19740.239

Testing tree branches by aBayes parametric test...
0.007 sec.
Total tree length: 9.160

Total number of iterations: 102
CPU time used for tree search: 4.100 sec (0h:0m:4s)
Wall-clock time used for tree search: 4.107 sec (0h:0m:4s)
Total CPU time used: 27.523 sec (0h:0m:27s)
Total wall-clock time used: 26.928 sec (0h:0m:26s)

Analysis results written to: 
  IQ-TREE report:                /Users/fahim/CSE6406-project/work/paper_subset_50x10_L1600/ils_low/replicate_03/estimated_gene_trees/L1600/gtr_g4/locus_0041.iqtree
  Maximum-likelihood tree:       /Users/fahim/CSE6406-project/work/paper_subset_50x10_L1600/ils_low/replicate_03/estimated_gene_trees/L1600/gtr_g4/locus_0041.treefile
  Likelihood distances:          /Users/fahim/CSE6406-project/work/paper_subset_50x10_L1600/ils_low/replicate_03/estimated_gene_trees/L1600/gtr_g4/locus_0041.mldist
  Screen log file:               /Users/fahim/CSE6406-project/work/paper_subset_50x10_L1600/ils_low/replicate_03/estimated_gene_trees/L1600/gtr_g4/locus_0041.log

Date and Time: Fri Sep 11 05:43:57 2026
