IQ-TREE multicore version 2.4.0 for Linux x86 64-bit built Feb 12 2025
Developed by Bui Quang Minh, Nguyen Lam Tung, Olga Chernomor, Heiko Schmidt,
Dominik Schrempf, Michael Woodhams, Ly Trong Nhan, Thomas Wong

Host:    ezmata (AVX2, FMA3, 15 GB RAM)
Command: /home/mis/miniconda3/envs/cse6406/bin/iqtree2 -s /home/mis/CSE6406-project/work/paper_subset_50x10_L800/ils_high/replicate_02/alignments/L800/locus_0027.phy -m JC --abayes -T 1 --seed 6606028 --prefix /home/mis/CSE6406-project/work/paper_subset_50x10_L800/ils_high/replicate_02/estimated_gene_trees/L800/jc/locus_0027 --redo --quiet
Seed:    6606028 (Using SPRNG - Scalable Parallel Random Number Generator)
Time:    Sat Sep 12 19:51:59 2026
Kernel:  AVX+FMA - 1 threads (16 CPU cores detected)

HINT: Use -nt option to specify number of threads because your CPU has 16 cores!
HINT: -nt AUTO will automatically determine the best number of threads to use.

Reading alignment file /home/mis/CSE6406-project/work/paper_subset_50x10_L800/ils_high/replicate_02/alignments/L800/locus_0027.phy ... Phylip format detected
Alignment most likely contains DNA/RNA sequences
Alignment has 21 sequences with 800 columns, 503 distinct patterns
440 parsimony-informative, 64 singleton sites, 296 constant sites
        Gap/Ambiguity  Composition  p-value
Analyzing sequences: done in 4.2605e-05 secs using 96.23% CPU
   1  13_0_0    0.00%    passed     40.43%
   2  14_0_0    0.00%    passed     88.41%
   3  8_0_0     0.00%    passed     89.14%
   4  19_0_0    0.00%    passed     96.95%
   5  7_0_0     0.00%    passed     68.05%
   6  10_0_0    0.00%    passed     90.13%
   7  15_0_0    0.00%    passed     75.04%
   8  18_0_0    0.00%    passed     42.31%
   9  16_0_0    0.00%    passed     61.01%
  10  20_0_0    0.00%    passed     96.76%
  11  17_0_0    0.00%    passed     97.30%
  12  12_0_0    0.00%    passed     54.55%
  13  9_0_0     0.00%    passed     54.18%
  14  4_0_0     0.00%    passed     18.02%
  15  3_0_0     0.00%    passed     69.54%
  16  6_0_0     0.00%    passed     52.68%
  17  2_0_0     0.00%    passed     31.66%
  18  5_0_0     0.00%    passed     99.60%
  19  1_0_0     0.00%    passed     42.06%
  20  11_0_0    0.00%    passed     97.29%
  21  0_0_0     0.00%    passed     28.18%
****  TOTAL     0.00%  0 sequences failed composition chi2 test (p-value<5%; df=3)

Create initial parsimony tree by phylogenetic likelihood library (PLL)... 0.002 seconds

NOTE: 0 MB RAM (0 GB) is required!
Estimate model parameters (epsilon = 0.100)
1. Initial log-likelihood: -14946.297
Optimal log-likelihood: -14886.435
Rate parameters:  A-C: 1.00000  A-G: 1.00000  A-T: 1.00000  C-G: 1.00000  C-T: 1.00000  G-T: 1.00000
Base frequencies:  A: 0.250  C: 0.250  G: 0.250  T: 0.250
Parameters optimization took 1 rounds (0.006 sec)
Wrote distance file to... 
Computing ML distances based on estimated model parameters...
Calculating distance matrix: done in 0.00190874 secs using 95.87% CPU
Computing ML distances took 0.002012 sec (of wall-clock time) 0.001922 sec (of CPU time)
Setting up auxiliary I and S matrices: done in 5.6571e-05 secs using 98.99% CPU
Computing RapidNJ tree took 0.000229 sec (of wall-clock time) 0.000228 sec (of CPU time)
Log-likelihood of RapidNJ tree: -14917.112
--------------------------------------------------------------------
|             INITIALIZING CANDIDATE TREE SET                      |
--------------------------------------------------------------------
Generating 98 parsimony trees... 0.275 second
Computing log-likelihood of 98 initial trees ... 0.208 seconds
Current best score: -14886.435

Do NNI search on 20 best initial trees
Estimate model parameters (epsilon = 0.100)
BETTER TREE FOUND at iteration 1: -14880.973
Iteration 10 / LogL: -14880.987 / Time: 0h:0m:0s
Iteration 20 / LogL: -14886.882 / Time: 0h:0m:0s
Finish initializing candidate tree set (9)
Current best tree score: -14880.973 / CPU time: 0.843
Number of iterations: 20
--------------------------------------------------------------------
|               OPTIMIZING CANDIDATE TREE SET                      |
--------------------------------------------------------------------
Iteration 30 / LogL: -14886.933 / Time: 0h:0m:1s (0h:0m:2s left)
Iteration 40 / LogL: -14888.698 / Time: 0h:0m:1s (0h:0m:2s left)
Iteration 50 / LogL: -14888.703 / Time: 0h:0m:1s (0h:0m:1s left)
Iteration 60 / LogL: -14889.193 / Time: 0h:0m:2s (0h:0m:1s left)
Iteration 70 / LogL: -14880.977 / Time: 0h:0m:2s (0h:0m:1s left)
Iteration 80 / LogL: -14880.977 / Time: 0h:0m:3s (0h:0m:0s left)
Iteration 90 / LogL: -14880.977 / Time: 0h:0m:3s (0h:0m:0s left)
Iteration 100 / LogL: -14887.708 / Time: 0h:0m:3s (0h:0m:0s left)
TREE SEARCH COMPLETED AFTER 102 ITERATIONS / Time: 0h:0m:3s

--------------------------------------------------------------------
|                    FINALIZING TREE SEARCH                        |
--------------------------------------------------------------------
Performs final model parameters optimization
Estimate model parameters (epsilon = 0.010)
1. Initial log-likelihood: -14880.973
Optimal log-likelihood: -14880.973
Rate parameters:  A-C: 1.00000  A-G: 1.00000  A-T: 1.00000  C-G: 1.00000  C-T: 1.00000  G-T: 1.00000
Base frequencies:  A: 0.250  C: 0.250  G: 0.250  T: 0.250
Parameters optimization took 1 rounds (0.003 sec)
BEST SCORE FOUND : -14880.973

Testing tree branches by aBayes parametric test...
0.008 sec.
Total tree length: 5.522

Total number of iterations: 102
CPU time used for tree search: 3.348 sec (0h:0m:3s)
Wall-clock time used for tree search: 3.757 sec (0h:0m:3s)
Total CPU time used: 3.389 sec (0h:0m:3s)
Total wall-clock time used: 3.802 sec (0h:0m:3s)

Analysis results written to: 
  IQ-TREE report:                /home/mis/CSE6406-project/work/paper_subset_50x10_L800/ils_high/replicate_02/estimated_gene_trees/L800/jc/locus_0027.iqtree
  Maximum-likelihood tree:       /home/mis/CSE6406-project/work/paper_subset_50x10_L800/ils_high/replicate_02/estimated_gene_trees/L800/jc/locus_0027.treefile
  Likelihood distances:          /home/mis/CSE6406-project/work/paper_subset_50x10_L800/ils_high/replicate_02/estimated_gene_trees/L800/jc/locus_0027.mldist
  Screen log file:               /home/mis/CSE6406-project/work/paper_subset_50x10_L800/ils_high/replicate_02/estimated_gene_trees/L800/jc/locus_0027.log

Date and Time: Sat Sep 12 19:52:03 2026
