IQ-TREE multicore version 2.4.0 for Linux x86 64-bit built Feb 12 2025
Developed by Bui Quang Minh, Nguyen Lam Tung, Olga Chernomor, Heiko Schmidt,
Dominik Schrempf, Michael Woodhams, Ly Trong Nhan, Thomas Wong

Host:    ezmata (AVX2, FMA3, 15 GB RAM)
Command: /home/mis/miniconda3/envs/cse6406/bin/iqtree2 -s /home/mis/CSE6406-project/work/paper_subset_50x10_L800/ils_high/replicate_02/alignments/L800/locus_0045.phy -m JC --abayes -T 1 --seed 6606046 --prefix /home/mis/CSE6406-project/work/paper_subset_50x10_L800/ils_high/replicate_02/estimated_gene_trees/L800/jc/locus_0045 --redo --quiet
Seed:    6606046 (Using SPRNG - Scalable Parallel Random Number Generator)
Time:    Sat Sep 12 19:52:03 2026
Kernel:  AVX+FMA - 1 threads (16 CPU cores detected)

HINT: Use -nt option to specify number of threads because your CPU has 16 cores!
HINT: -nt AUTO will automatically determine the best number of threads to use.

Reading alignment file /home/mis/CSE6406-project/work/paper_subset_50x10_L800/ils_high/replicate_02/alignments/L800/locus_0045.phy ... Phylip format detected
Alignment most likely contains DNA/RNA sequences
Alignment has 21 sequences with 800 columns, 494 distinct patterns
411 parsimony-informative, 84 singleton sites, 305 constant sites
        Gap/Ambiguity  Composition  p-value
Analyzing sequences: done in 3.9249e-05 secs
   1  0_0_0     0.00%    passed     80.47%
   2  5_0_0     0.00%    passed     89.08%
   3  3_0_0     0.00%    passed     58.01%
   4  2_0_0     0.00%    passed     38.26%
   5  4_0_0     0.00%    passed     22.09%
   6  12_0_0    0.00%    passed     78.93%
   7  20_0_0    0.00%    passed     39.49%
   8  17_0_0    0.00%    passed     73.68%
   9  13_0_0    0.00%    passed     83.97%
  10  15_0_0    0.00%    passed     62.30%
  11  18_0_0    0.00%    passed     77.71%
  12  16_0_0    0.00%    passed     43.79%
  13  8_0_0     0.00%    passed     89.63%
  14  10_0_0    0.00%    passed     91.13%
  15  19_0_0    0.00%    passed     89.40%
  16  7_0_0     0.00%    passed     66.71%
  17  14_0_0    0.00%    passed     88.44%
  18  9_0_0     0.00%    passed     98.10%
  19  11_0_0    0.00%    passed     96.66%
  20  1_0_0     0.00%    passed     63.99%
  21  6_0_0     0.00%    passed     60.52%
****  TOTAL     0.00%  0 sequences failed composition chi2 test (p-value<5%; df=3)

Create initial parsimony tree by phylogenetic likelihood library (PLL)... 0.002 seconds

NOTE: 0 MB RAM (0 GB) is required!
Estimate model parameters (epsilon = 0.100)
1. Initial log-likelihood: -14444.210
Optimal log-likelihood: -14367.547
Rate parameters:  A-C: 1.00000  A-G: 1.00000  A-T: 1.00000  C-G: 1.00000  C-T: 1.00000  G-T: 1.00000
Base frequencies:  A: 0.250  C: 0.250  G: 0.250  T: 0.250
Parameters optimization took 1 rounds (0.004 sec)
Wrote distance file to... 
Computing ML distances based on estimated model parameters...
Calculating distance matrix: done in 0.00145334 secs using 86.35% CPU
Computing ML distances took 0.001543 sec (of wall-clock time) 0.001324 sec (of CPU time)
Setting up auxiliary I and S matrices: done in 4.9798e-05 secs using 98.4% CPU
Computing RapidNJ tree took 0.000203 sec (of wall-clock time) 0.000202 sec (of CPU time)
Log-likelihood of RapidNJ tree: -14400.537
--------------------------------------------------------------------
|             INITIALIZING CANDIDATE TREE SET                      |
--------------------------------------------------------------------
Generating 98 parsimony trees... 0.259 second
Computing log-likelihood of 98 initial trees ... 0.167 seconds
Current best score: -14345.642

Do NNI search on 20 best initial trees
Estimate model parameters (epsilon = 0.100)
BETTER TREE FOUND at iteration 1: -14338.352
Estimate model parameters (epsilon = 0.100)
BETTER TREE FOUND at iteration 5: -14338.315
Iteration 10 / LogL: -14351.343 / Time: 0h:0m:0s
Iteration 20 / LogL: -14349.540 / Time: 0h:0m:0s
Finish initializing candidate tree set (18)
Current best tree score: -14338.315 / CPU time: 0.729
Number of iterations: 20
--------------------------------------------------------------------
|               OPTIMIZING CANDIDATE TREE SET                      |
--------------------------------------------------------------------
Iteration 30 / LogL: -14338.352 / Time: 0h:0m:1s (0h:0m:2s left)
Iteration 40 / LogL: -14338.380 / Time: 0h:0m:1s (0h:0m:2s left)
Iteration 50 / LogL: -14366.917 / Time: 0h:0m:1s (0h:0m:1s left)
Iteration 60 / LogL: -14339.832 / Time: 0h:0m:1s (0h:0m:1s left)
Iteration 70 / LogL: -14338.379 / Time: 0h:0m:1s (0h:0m:0s left)
Iteration 80 / LogL: -14338.700 / Time: 0h:0m:2s (0h:0m:0s left)
Iteration 90 / LogL: -14339.157 / Time: 0h:0m:2s (0h:0m:0s left)
Iteration 100 / LogL: -14338.640 / Time: 0h:0m:2s (0h:0m:0s left)
TREE SEARCH COMPLETED AFTER 106 ITERATIONS / Time: 0h:0m:2s

--------------------------------------------------------------------
|                    FINALIZING TREE SEARCH                        |
--------------------------------------------------------------------
Performs final model parameters optimization
Estimate model parameters (epsilon = 0.010)
1. Initial log-likelihood: -14338.315
Optimal log-likelihood: -14338.315
Rate parameters:  A-C: 1.00000  A-G: 1.00000  A-T: 1.00000  C-G: 1.00000  C-T: 1.00000  G-T: 1.00000
Base frequencies:  A: 0.250  C: 0.250  G: 0.250  T: 0.250
Parameters optimization took 1 rounds (0.002 sec)
BEST SCORE FOUND : -14338.315

Testing tree branches by aBayes parametric test...
0.006 sec.
Total tree length: 5.179

Total number of iterations: 106
CPU time used for tree search: 2.594 sec (0h:0m:2s)
Wall-clock time used for tree search: 2.773 sec (0h:0m:2s)
Total CPU time used: 2.627 sec (0h:0m:2s)
Total wall-clock time used: 2.809 sec (0h:0m:2s)

Analysis results written to: 
  IQ-TREE report:                /home/mis/CSE6406-project/work/paper_subset_50x10_L800/ils_high/replicate_02/estimated_gene_trees/L800/jc/locus_0045.iqtree
  Maximum-likelihood tree:       /home/mis/CSE6406-project/work/paper_subset_50x10_L800/ils_high/replicate_02/estimated_gene_trees/L800/jc/locus_0045.treefile
  Likelihood distances:          /home/mis/CSE6406-project/work/paper_subset_50x10_L800/ils_high/replicate_02/estimated_gene_trees/L800/jc/locus_0045.mldist
  Screen log file:               /home/mis/CSE6406-project/work/paper_subset_50x10_L800/ils_high/replicate_02/estimated_gene_trees/L800/jc/locus_0045.log

Date and Time: Sat Sep 12 19:52:06 2026
