IQ-TREE multicore version 2.4.0 for Linux x86 64-bit built Feb 12 2025
Developed by Bui Quang Minh, Nguyen Lam Tung, Olga Chernomor, Heiko Schmidt,
Dominik Schrempf, Michael Woodhams, Ly Trong Nhan, Thomas Wong

Host:    ezmata (AVX2, FMA3, 15 GB RAM)
Command: /home/mis/miniconda3/envs/cse6406/bin/iqtree2 -s /home/mis/CSE6406-project/work/paper_subset_50x10_L800/ils_high/replicate_04/alignments/L800/locus_0034.phy -m HKY+G4 --abayes -T 1 --seed 6806035 --prefix /home/mis/CSE6406-project/work/paper_subset_50x10_L800/ils_high/replicate_04/estimated_gene_trees/L800/hky_g4/locus_0034 --redo --quiet
Seed:    6806035 (Using SPRNG - Scalable Parallel Random Number Generator)
Time:    Sat Sep 12 19:57:14 2026
Kernel:  AVX+FMA - 1 threads (16 CPU cores detected)

HINT: Use -nt option to specify number of threads because your CPU has 16 cores!
HINT: -nt AUTO will automatically determine the best number of threads to use.

Reading alignment file /home/mis/CSE6406-project/work/paper_subset_50x10_L800/ils_high/replicate_04/alignments/L800/locus_0034.phy ... Phylip format detected
Alignment most likely contains DNA/RNA sequences
Alignment has 21 sequences with 800 columns, 257 distinct patterns
191 parsimony-informative, 69 singleton sites, 540 constant sites
        Gap/Ambiguity  Composition  p-value
Analyzing sequences: done in 3.8896e-05 secs using 95.13% CPU
   1  5_0_0     0.00%    passed     99.63%
   2  14_0_0    0.00%    passed     99.30%
   3  2_0_0     0.00%    passed     89.50%
   4  15_0_0    0.00%    passed     99.08%
   5  11_0_0    0.00%    passed     99.97%
   6  1_0_0     0.00%    passed     98.41%
   7  4_0_0     0.00%    passed     99.83%
   8  16_0_0    0.00%    passed     99.42%
   9  8_0_0     0.00%    passed     94.87%
  10  9_0_0     0.00%    passed     92.96%
  11  3_0_0     0.00%    passed     99.38%
  12  13_0_0    0.00%    passed     94.88%
  13  6_0_0     0.00%    passed     92.21%
  14  7_0_0     0.00%    passed     45.73%
  15  18_0_0    0.00%    passed     91.17%
  16  20_0_0    0.00%    passed     99.44%
  17  12_0_0    0.00%    passed     98.90%
  18  10_0_0    0.00%    passed     98.62%
  19  19_0_0    0.00%    passed     93.98%
  20  17_0_0    0.00%    passed     99.44%
  21  0_0_0     0.00%    passed     88.61%
****  TOTAL     0.00%  0 sequences failed composition chi2 test (p-value<5%; df=3)

Create initial parsimony tree by phylogenetic likelihood library (PLL)... 0.002 seconds

NOTE: 0 MB RAM (0 GB) is required!
Estimate model parameters (epsilon = 0.100)
1. Initial log-likelihood: -4955.865
2. Current log-likelihood: -4758.981
3. Current log-likelihood: -4756.700
Optimal log-likelihood: -4756.676
Rate parameters:  A-C: 1.00000  A-G: 1.98879  A-T: 1.00000  C-G: 1.00000  C-T: 1.98879  G-T: 1.00000
Base frequencies:  A: 0.284  C: 0.206  G: 0.205  T: 0.304
Gamma shape alpha: 0.172
Parameters optimization took 3 rounds (0.054 sec)
Wrote distance file to... 
Computing ML distances based on estimated model parameters...
Calculating distance matrix: done in 0.00569601 secs using 99.96% CPU
Computing ML distances took 0.005786 sec (of wall-clock time) 0.005792 sec (of CPU time)
Setting up auxiliary I and S matrices: done in 7.8847e-05 secs using 97.66% CPU
Computing RapidNJ tree took 0.000311 sec (of wall-clock time) 0.000310 sec (of CPU time)
Log-likelihood of RapidNJ tree: -4769.710
--------------------------------------------------------------------
|             INITIALIZING CANDIDATE TREE SET                      |
--------------------------------------------------------------------
Generating 98 parsimony trees... 0.255 second
Computing log-likelihood of 98 initial trees ... 0.412 seconds
Current best score: -4755.325

Do NNI search on 20 best initial trees
Estimate model parameters (epsilon = 0.100)
BETTER TREE FOUND at iteration 1: -4754.079
Iteration 10 / LogL: -4754.080 / Time: 0h:0m:1s
Iteration 20 / LogL: -4754.080 / Time: 0h:0m:1s
Finish initializing candidate tree set (2)
Current best tree score: -4754.079 / CPU time: 1.166
Number of iterations: 20
--------------------------------------------------------------------
|               OPTIMIZING CANDIDATE TREE SET                      |
--------------------------------------------------------------------
Iteration 30 / LogL: -4754.086 / Time: 0h:0m:1s (0h:0m:3s left)
Iteration 40 / LogL: -4754.080 / Time: 0h:0m:1s (0h:0m:2s left)
Iteration 50 / LogL: -4754.109 / Time: 0h:0m:2s (0h:0m:2s left)
Iteration 60 / LogL: -4754.083 / Time: 0h:0m:2s (0h:0m:1s left)
Iteration 70 / LogL: -4754.080 / Time: 0h:0m:2s (0h:0m:1s left)
Iteration 80 / LogL: -4754.080 / Time: 0h:0m:2s (0h:0m:0s left)
Iteration 90 / LogL: -4770.178 / Time: 0h:0m:2s (0h:0m:0s left)
Iteration 100 / LogL: -4754.079 / Time: 0h:0m:3s (0h:0m:0s left)
TREE SEARCH COMPLETED AFTER 102 ITERATIONS / Time: 0h:0m:3s

--------------------------------------------------------------------
|                    FINALIZING TREE SEARCH                        |
--------------------------------------------------------------------
Performs final model parameters optimization
Estimate model parameters (epsilon = 0.010)
1. Initial log-likelihood: -4754.079
Optimal log-likelihood: -4754.079
Rate parameters:  A-C: 1.00000  A-G: 1.98010  A-T: 1.00000  C-G: 1.00000  C-T: 1.98010  G-T: 1.00000
Base frequencies:  A: 0.284  C: 0.206  G: 0.205  T: 0.304
Gamma shape alpha: 0.174
Parameters optimization took 1 rounds (0.004 sec)
BEST SCORE FOUND : -4754.079

Testing tree branches by aBayes parametric test...
0.007 sec.
Total tree length: 1.110

Total number of iterations: 102
CPU time used for tree search: 3.125 sec (0h:0m:3s)
Wall-clock time used for tree search: 3.197 sec (0h:0m:3s)
Total CPU time used: 3.225 sec (0h:0m:3s)
Total wall-clock time used: 3.297 sec (0h:0m:3s)

Analysis results written to: 
  IQ-TREE report:                /home/mis/CSE6406-project/work/paper_subset_50x10_L800/ils_high/replicate_04/estimated_gene_trees/L800/hky_g4/locus_0034.iqtree
  Maximum-likelihood tree:       /home/mis/CSE6406-project/work/paper_subset_50x10_L800/ils_high/replicate_04/estimated_gene_trees/L800/hky_g4/locus_0034.treefile
  Likelihood distances:          /home/mis/CSE6406-project/work/paper_subset_50x10_L800/ils_high/replicate_04/estimated_gene_trees/L800/hky_g4/locus_0034.mldist
  Screen log file:               /home/mis/CSE6406-project/work/paper_subset_50x10_L800/ils_high/replicate_04/estimated_gene_trees/L800/hky_g4/locus_0034.log

Date and Time: Sat Sep 12 19:57:17 2026
