IQ-TREE multicore version 2.4.0 for Linux x86 64-bit built Feb 12 2025
Developed by Bui Quang Minh, Nguyen Lam Tung, Olga Chernomor, Heiko Schmidt,
Dominik Schrempf, Michael Woodhams, Ly Trong Nhan, Thomas Wong

Host:    ezmata (AVX2, FMA3, 15 GB RAM)
Command: /home/mis/miniconda3/envs/cse6406/bin/iqtree2 -s /home/mis/CSE6406-project/work/paper_subset_50x10_L800/ils_high/replicate_05/alignments/L800/locus_0003.phy -m GTR --abayes -T 1 --seed 6906004 --prefix /home/mis/CSE6406-project/work/paper_subset_50x10_L800/ils_high/replicate_05/estimated_gene_trees/L800/gtr/locus_0003 --redo --quiet
Seed:    6906004 (Using SPRNG - Scalable Parallel Random Number Generator)
Time:    Sat Sep 12 19:58:14 2026
Kernel:  AVX+FMA - 1 threads (16 CPU cores detected)

HINT: Use -nt option to specify number of threads because your CPU has 16 cores!
HINT: -nt AUTO will automatically determine the best number of threads to use.

Reading alignment file /home/mis/CSE6406-project/work/paper_subset_50x10_L800/ils_high/replicate_05/alignments/L800/locus_0003.phy ... Phylip format detected
Alignment most likely contains DNA/RNA sequences
Alignment has 21 sequences with 800 columns, 286 distinct patterns
208 parsimony-informative, 83 singleton sites, 509 constant sites
        Gap/Ambiguity  Composition  p-value
Analyzing sequences: done in 3.8221e-05 secs using 96.81% CPU
   1  9_0_0     0.00%    passed     91.47%
   2  11_0_0    0.00%    passed     95.38%
   3  8_0_0     0.00%    passed     98.59%
   4  7_0_0     0.00%    passed     97.30%
   5  6_0_0     0.00%    passed     65.70%
   6  2_0_0     0.00%    passed     75.02%
   7  10_0_0    0.00%    passed     94.95%
   8  5_0_0     0.00%    passed     67.94%
   9  12_0_0    0.00%    passed     96.25%
  10  4_0_0     0.00%    passed     94.60%
  11  1_0_0     0.00%    passed     83.79%
  12  3_0_0     0.00%    passed     94.84%
  13  14_0_0    0.00%    passed     92.28%
  14  13_0_0    0.00%    passed     75.83%
  15  18_0_0    0.00%    passed     98.23%
  16  15_0_0    0.00%    passed     83.05%
  17  20_0_0    0.00%    passed     95.80%
  18  16_0_0    0.00%    passed     92.08%
  19  19_0_0    0.00%    passed     97.32%
  20  17_0_0    0.00%    passed     98.69%
  21  0_0_0     0.00%    passed     94.25%
****  TOTAL     0.00%  0 sequences failed composition chi2 test (p-value<5%; df=3)

Create initial parsimony tree by phylogenetic likelihood library (PLL)... 0.002 seconds

NOTE: 0 MB RAM (0 GB) is required!
Estimate model parameters (epsilon = 0.100)
1. Initial log-likelihood: -5811.898
2. Current log-likelihood: -5750.983
Optimal log-likelihood: -5750.882
Rate parameters:  A-C: 1.19440  A-G: 1.96150  A-T: 1.11875  C-G: 0.63044  C-T: 1.96812  G-T: 1.00000
Base frequencies:  A: 0.282  C: 0.216  G: 0.208  T: 0.294
Parameters optimization took 2 rounds (0.011 sec)
Wrote distance file to... 
Computing ML distances based on estimated model parameters...
Calculating distance matrix: done in 0.00112242 secs using 93.28% CPU
Computing ML distances took 0.001175 sec (of wall-clock time) 0.001095 sec (of CPU time)
Setting up auxiliary I and S matrices: done in 7.0316e-05 secs using 233.2% CPU
Computing RapidNJ tree took 0.000257 sec (of wall-clock time) 0.000349 sec (of CPU time)
Log-likelihood of RapidNJ tree: -5752.463
--------------------------------------------------------------------
|             INITIALIZING CANDIDATE TREE SET                      |
--------------------------------------------------------------------
Generating 98 parsimony trees... 0.138 second
Computing log-likelihood of 98 initial trees ... 0.092 seconds
Current best score: -5750.882

Do NNI search on 20 best initial trees
Estimate model parameters (epsilon = 0.100)
BETTER TREE FOUND at iteration 1: -5747.792
Iteration 10 / LogL: -5747.794 / Time: 0h:0m:0s
Iteration 20 / LogL: -5747.793 / Time: 0h:0m:0s
Finish initializing candidate tree set (3)
Current best tree score: -5747.792 / CPU time: 0.458
Number of iterations: 20
--------------------------------------------------------------------
|               OPTIMIZING CANDIDATE TREE SET                      |
--------------------------------------------------------------------
Iteration 30 / LogL: -5792.269 / Time: 0h:0m:0s (0h:0m:1s left)
Iteration 40 / LogL: -5748.263 / Time: 0h:0m:0s (0h:0m:1s left)
Iteration 50 / LogL: -5747.792 / Time: 0h:0m:0s (0h:0m:0s left)
Iteration 60 / LogL: -5748.261 / Time: 0h:0m:0s (0h:0m:0s left)
Iteration 70 / LogL: -5751.484 / Time: 0h:0m:1s (0h:0m:0s left)
Iteration 80 / LogL: -5751.472 / Time: 0h:0m:1s (0h:0m:0s left)
Iteration 90 / LogL: -5747.792 / Time: 0h:0m:1s (0h:0m:0s left)
Iteration 100 / LogL: -5792.246 / Time: 0h:0m:1s (0h:0m:0s left)
TREE SEARCH COMPLETED AFTER 102 ITERATIONS / Time: 0h:0m:1s

--------------------------------------------------------------------
|                    FINALIZING TREE SEARCH                        |
--------------------------------------------------------------------
Performs final model parameters optimization
Estimate model parameters (epsilon = 0.010)
1. Initial log-likelihood: -5747.792
Optimal log-likelihood: -5747.790
Rate parameters:  A-C: 1.18877  A-G: 1.96979  A-T: 1.11726  C-G: 0.62690  C-T: 1.98089  G-T: 1.00000
Base frequencies:  A: 0.282  C: 0.216  G: 0.208  T: 0.294
Parameters optimization took 1 rounds (0.002 sec)
BEST SCORE FOUND : -5747.790

Testing tree branches by aBayes parametric test...
0.003 sec.
Total tree length: 1.156

Total number of iterations: 102
CPU time used for tree search: 1.267 sec (0h:0m:1s)
Wall-clock time used for tree search: 1.333 sec (0h:0m:1s)
Total CPU time used: 1.299 sec (0h:0m:1s)
Total wall-clock time used: 1.367 sec (0h:0m:1s)

Analysis results written to: 
  IQ-TREE report:                /home/mis/CSE6406-project/work/paper_subset_50x10_L800/ils_high/replicate_05/estimated_gene_trees/L800/gtr/locus_0003.iqtree
  Maximum-likelihood tree:       /home/mis/CSE6406-project/work/paper_subset_50x10_L800/ils_high/replicate_05/estimated_gene_trees/L800/gtr/locus_0003.treefile
  Likelihood distances:          /home/mis/CSE6406-project/work/paper_subset_50x10_L800/ils_high/replicate_05/estimated_gene_trees/L800/gtr/locus_0003.mldist
  Screen log file:               /home/mis/CSE6406-project/work/paper_subset_50x10_L800/ils_high/replicate_05/estimated_gene_trees/L800/gtr/locus_0003.log

Date and Time: Sat Sep 12 19:58:16 2026
