IQ-TREE multicore version 2.4.0 for MacOS ARM 64-bit built Feb 12 2025
Developed by Bui Quang Minh, Nguyen Lam Tung, Olga Chernomor, Heiko Schmidt,
Dominik Schrempf, Michael Woodhams, Ly Trong Nhan, Thomas Wong

Host:    Fahims-MacBook-Air.local (SSE4.2, 16 GB RAM)
Command: /Users/fahim/miniconda3/envs/cse6406/bin/iqtree2 -s /Users/fahim/CSE6406-project/work/paper_subset_50x10_L1600/ils_low/replicate_04/alignments/L1600/locus_0015.phy -m HKY+G4 --abayes -T AUTO --seed 6806016 --prefix /Users/fahim/CSE6406-project/work/paper_subset_50x10_L1600/ils_low/replicate_04/estimated_gene_trees/L1600/hky_g4/locus_0015 --redo --quiet
Seed:    6806016 (Using SPRNG - Scalable Parallel Random Number Generator)
Time:    Fri Sep 11 08:28:18 2026
Kernel:  SSE2 - auto-detect threads (10 CPU cores detected)

Reading alignment file /Users/fahim/CSE6406-project/work/paper_subset_50x10_L1600/ils_low/replicate_04/alignments/L1600/locus_0015.phy ... Phylip format detected
Alignment most likely contains DNA/RNA sequences
Alignment has 21 sequences with 1600 columns, 461 distinct patterns
328 parsimony-informative, 187 singleton sites, 1085 constant sites
        Gap/Ambiguity  Composition  p-value
Analyzing sequences: done in 3.29018e-05 secs using 124.6% CPU
   1  18_0_0    0.00%    passed     99.41%
   2  20_0_0    0.00%    passed     93.61%
   3  17_0_0    0.00%    passed     99.07%
   4  19_0_0    0.00%    passed     97.30%
   5  10_0_0    0.00%    passed    100.00%
   6  11_0_0    0.00%    passed     99.36%
   7  16_0_0    0.00%    passed     97.64%
   8  4_0_0     0.00%    passed     97.68%
   9  1_0_0     0.00%    passed     95.04%
  10  15_0_0    0.00%    passed     88.54%
  11  2_0_0     0.00%    passed     93.30%
  12  3_0_0     0.00%    passed     98.16%
  13  8_0_0     0.00%    passed     99.76%
  14  9_0_0     0.00%    passed     99.99%
  15  12_0_0    0.00%    passed     82.80%
  16  13_0_0    0.00%    passed     97.84%
  17  6_0_0     0.00%    passed     93.92%
  18  14_0_0    0.00%    passed     96.72%
  19  5_0_0     0.00%    passed     98.71%
  20  7_0_0     0.00%    passed     94.57%
  21  0_0_0     0.00%    passed     53.84%
****  TOTAL     0.00%  0 sequences failed composition chi2 test (p-value<5%; df=3)

Create initial parsimony tree by phylogenetic likelihood library (PLL)... 0.000 seconds

NOTE: 1 MB RAM (0 GB) is required!
Measuring multi-threading efficiency up to 10 CPU cores
Increase to 10 rounds for branch lengths
2251 trees examined
Threads: 1 / Time: 10.002 sec / Speedup: 1.000 / Efficiency: 100% / LogL: -10107
Threads: 2 / Time: 14.564 sec / Speedup: 0.687 / Efficiency: 34% / LogL: -10107
BEST NUMBER OF THREADS: 1

Estimate model parameters (epsilon = 0.100)
1. Initial log-likelihood: -8767.693
2. Current log-likelihood: -8485.327
3. Current log-likelihood: -8481.351
Optimal log-likelihood: -8481.322
Rate parameters:  A-C: 1.00000  A-G: 2.16472  A-T: 1.00000  C-G: 1.00000  C-T: 2.16472  G-T: 1.00000
Base frequencies:  A: 0.318  C: 0.190  G: 0.194  T: 0.298
Gamma shape alpha: 0.195
Parameters optimization took 3 rounds (0.019 sec)
Wrote distance file to... 
Computing ML distances based on estimated model parameters...
Calculating distance matrix: done in 0.00106001 secs using 97.17% CPU
Computing ML distances took 0.001098 sec (of wall-clock time) 0.001053 sec (of CPU time)
Setting up auxiliary I and S matrices: done in 1.69277e-05 secs using 64.98% CPU
Computing RapidNJ tree took 0.000061 sec (of wall-clock time) 0.000066 sec (of CPU time)
Log-likelihood of RapidNJ tree: -8537.142
--------------------------------------------------------------------
|             INITIALIZING CANDIDATE TREE SET                      |
--------------------------------------------------------------------
Generating 98 parsimony trees... 0.063 second
Computing log-likelihood of 98 initial trees ... 0.105 seconds
Current best score: -8481.322

Do NNI search on 20 best initial trees
Estimate model parameters (epsilon = 0.100)
BETTER TREE FOUND at iteration 1: -8479.568
Iteration 10 / LogL: -8479.579 / Time: 0h:0m:24s
Iteration 20 / LogL: -8479.569 / Time: 0h:0m:25s
Finish initializing candidate tree set (8)
Current best tree score: -8479.568 / CPU time: 0.491
Number of iterations: 20
--------------------------------------------------------------------
|               OPTIMIZING CANDIDATE TREE SET                      |
--------------------------------------------------------------------
Iteration 30 / LogL: -8479.568 / Time: 0h:0m:25s (0h:1m:1s left)
Iteration 40 / LogL: -8479.569 / Time: 0h:0m:25s (0h:0m:39s left)
Iteration 50 / LogL: -8479.571 / Time: 0h:0m:25s (0h:0m:26s left)
Iteration 60 / LogL: -8484.755 / Time: 0h:0m:25s (0h:0m:17s left)
Iteration 70 / LogL: -8479.578 / Time: 0h:0m:26s (0h:0m:11s left)
Iteration 80 / LogL: -8479.570 / Time: 0h:0m:26s (0h:0m:6s left)
Iteration 90 / LogL: -8479.568 / Time: 0h:0m:26s (0h:0m:3s left)
Iteration 100 / LogL: -8479.574 / Time: 0h:0m:26s (0h:0m:0s left)
TREE SEARCH COMPLETED AFTER 102 ITERATIONS / Time: 0h:0m:26s

--------------------------------------------------------------------
|                    FINALIZING TREE SEARCH                        |
--------------------------------------------------------------------
Performs final model parameters optimization
Estimate model parameters (epsilon = 0.010)
1. Initial log-likelihood: -8479.568
Optimal log-likelihood: -8479.568
Rate parameters:  A-C: 1.00000  A-G: 2.16605  A-T: 1.00000  C-G: 1.00000  C-T: 2.16605  G-T: 1.00000
Base frequencies:  A: 0.318  C: 0.190  G: 0.194  T: 0.298
Gamma shape alpha: 0.196
Parameters optimization took 1 rounds (0.003 sec)
BEST SCORE FOUND : -8479.568

Testing tree branches by aBayes parametric test...
0.004 sec.
Total tree length: 0.920

Total number of iterations: 102
CPU time used for tree search: 2.098 sec (0h:0m:2s)
Wall-clock time used for tree search: 2.101 sec (0h:0m:2s)
Total CPU time used: 26.311 sec (0h:0m:26s)
Total wall-clock time used: 26.703 sec (0h:0m:26s)

Analysis results written to: 
  IQ-TREE report:                /Users/fahim/CSE6406-project/work/paper_subset_50x10_L1600/ils_low/replicate_04/estimated_gene_trees/L1600/hky_g4/locus_0015.iqtree
  Maximum-likelihood tree:       /Users/fahim/CSE6406-project/work/paper_subset_50x10_L1600/ils_low/replicate_04/estimated_gene_trees/L1600/hky_g4/locus_0015.treefile
  Likelihood distances:          /Users/fahim/CSE6406-project/work/paper_subset_50x10_L1600/ils_low/replicate_04/estimated_gene_trees/L1600/hky_g4/locus_0015.mldist
  Screen log file:               /Users/fahim/CSE6406-project/work/paper_subset_50x10_L1600/ils_low/replicate_04/estimated_gene_trees/L1600/hky_g4/locus_0015.log

Date and Time: Fri Sep 11 08:28:45 2026
