IQ-TREE multicore version 2.4.0 for MacOS ARM 64-bit built Feb 12 2025
Developed by Bui Quang Minh, Nguyen Lam Tung, Olga Chernomor, Heiko Schmidt,
Dominik Schrempf, Michael Woodhams, Ly Trong Nhan, Thomas Wong

Host:    Fahims-MacBook-Air.local (SSE4.2, 16 GB RAM)
Command: /Users/fahim/miniconda3/envs/cse6406/bin/iqtree2 -s /Users/fahim/CSE6406-project/work/paper_subset_50x10_L1600/ils_low/replicate_04/alignments/L1600/locus_0018.phy -m HKY+G4 --abayes -T AUTO --seed 6806019 --prefix /Users/fahim/CSE6406-project/work/paper_subset_50x10_L1600/ils_low/replicate_04/estimated_gene_trees/L1600/hky_g4/locus_0018 --redo --quiet
Seed:    6806019 (Using SPRNG - Scalable Parallel Random Number Generator)
Time:    Fri Sep 11 08:29:38 2026
Kernel:  SSE2 - auto-detect threads (10 CPU cores detected)

Reading alignment file /Users/fahim/CSE6406-project/work/paper_subset_50x10_L1600/ils_low/replicate_04/alignments/L1600/locus_0018.phy ... Phylip format detected
Alignment most likely contains DNA/RNA sequences
Alignment has 21 sequences with 1600 columns, 473 distinct patterns
344 parsimony-informative, 185 singleton sites, 1071 constant sites
        Gap/Ambiguity  Composition  p-value
Analyzing sequences: done in 4.1008e-05 secs using 97.54% CPU
   1  0_0_0     0.00%    passed     97.51%
   2  15_0_0    0.00%    passed     99.88%
   3  2_0_0     0.00%    passed     96.77%
   4  4_0_0     0.00%    passed     99.40%
   5  1_0_0     0.00%    passed     97.44%
   6  16_0_0    0.00%    passed     93.50%
   7  11_0_0    0.00%    passed     98.88%
   8  10_0_0    0.00%    passed     92.08%
   9  20_0_0    0.00%    passed     94.45%
  10  17_0_0    0.00%    passed     91.15%
  11  19_0_0    0.00%    passed     96.63%
  12  18_0_0    0.00%    passed     84.85%
  13  8_0_0     0.00%    passed     87.16%
  14  9_0_0     0.00%    passed     92.91%
  15  13_0_0    0.00%    passed     96.97%
  16  6_0_0     0.00%    passed     98.77%
  17  12_0_0    0.00%    passed     98.01%
  18  7_0_0     0.00%    passed     99.86%
  19  14_0_0    0.00%    passed     95.76%
  20  5_0_0     0.00%    passed     99.20%
  21  3_0_0     0.00%    passed     99.03%
****  TOTAL     0.00%  0 sequences failed composition chi2 test (p-value<5%; df=3)

Create initial parsimony tree by phylogenetic likelihood library (PLL)... 0.000 seconds

NOTE: 1 MB RAM (0 GB) is required!
Measuring multi-threading efficiency up to 10 CPU cores
Increase to 10 rounds for branch lengths
2207 trees examined
Threads: 1 / Time: 10.002 sec / Speedup: 1.000 / Efficiency: 100% / LogL: -10146
Threads: 2 / Time: 14.677 sec / Speedup: 0.681 / Efficiency: 34% / LogL: -10146
BEST NUMBER OF THREADS: 1

Estimate model parameters (epsilon = 0.100)
1. Initial log-likelihood: -8845.484
2. Current log-likelihood: -8584.404
3. Current log-likelihood: -8580.401
Optimal log-likelihood: -8580.375
Rate parameters:  A-C: 1.00000  A-G: 1.94664  A-T: 1.00000  C-G: 1.00000  C-T: 1.94664  G-T: 1.00000
Base frequencies:  A: 0.296  C: 0.199  G: 0.192  T: 0.313
Gamma shape alpha: 0.206
Parameters optimization took 3 rounds (0.020 sec)
Wrote distance file to... 
Computing ML distances based on estimated model parameters...
Calculating distance matrix: done in 0.00105095 secs using 97.34% CPU
Computing ML distances took 0.001087 sec (of wall-clock time) 0.001045 sec (of CPU time)
Setting up auxiliary I and S matrices: done in 1.5974e-05 secs using 62.6% CPU
Computing RapidNJ tree took 0.000062 sec (of wall-clock time) 0.000067 sec (of CPU time)
Log-likelihood of RapidNJ tree: -8593.893
--------------------------------------------------------------------
|             INITIALIZING CANDIDATE TREE SET                      |
--------------------------------------------------------------------
Generating 98 parsimony trees... 0.057 second
Computing log-likelihood of 98 initial trees ... 0.106 seconds
Current best score: -8580.375

Do NNI search on 20 best initial trees
Estimate model parameters (epsilon = 0.100)
BETTER TREE FOUND at iteration 1: -8577.760
Iteration 10 / LogL: -8577.761 / Time: 0h:0m:25s
Iteration 20 / LogL: -8577.760 / Time: 0h:0m:25s
Finish initializing candidate tree set (2)
Current best tree score: -8577.760 / CPU time: 0.473
Number of iterations: 20
--------------------------------------------------------------------
|               OPTIMIZING CANDIDATE TREE SET                      |
--------------------------------------------------------------------
Iteration 30 / LogL: -8577.765 / Time: 0h:0m:25s (0h:1m:2s left)
Iteration 40 / LogL: -8588.144 / Time: 0h:0m:25s (0h:0m:40s left)
Iteration 50 / LogL: -8587.647 / Time: 0h:0m:25s (0h:0m:26s left)
Iteration 60 / LogL: -8577.761 / Time: 0h:0m:25s (0h:0m:18s left)
Iteration 70 / LogL: -8588.144 / Time: 0h:0m:26s (0h:0m:11s left)
Iteration 80 / LogL: -8577.761 / Time: 0h:0m:26s (0h:0m:7s left)
UPDATE BEST LOG-LIKELIHOOD: -8577.760
Iteration 90 / LogL: -8577.761 / Time: 0h:0m:26s (0h:0m:3s left)
Iteration 100 / LogL: -8577.762 / Time: 0h:0m:26s (0h:0m:0s left)
TREE SEARCH COMPLETED AFTER 102 ITERATIONS / Time: 0h:0m:26s

--------------------------------------------------------------------
|                    FINALIZING TREE SEARCH                        |
--------------------------------------------------------------------
Performs final model parameters optimization
Estimate model parameters (epsilon = 0.010)
1. Initial log-likelihood: -8577.760
Optimal log-likelihood: -8577.760
Rate parameters:  A-C: 1.00000  A-G: 1.95355  A-T: 1.00000  C-G: 1.00000  C-T: 1.95355  G-T: 1.00000
Base frequencies:  A: 0.296  C: 0.199  G: 0.192  T: 0.313
Gamma shape alpha: 0.206
Parameters optimization took 1 rounds (0.003 sec)
BEST SCORE FOUND : -8577.760

Testing tree branches by aBayes parametric test...
0.004 sec.
Total tree length: 0.940

Total number of iterations: 102
CPU time used for tree search: 2.089 sec (0h:0m:2s)
Wall-clock time used for tree search: 2.093 sec (0h:0m:2s)
Total CPU time used: 26.294 sec (0h:0m:26s)
Total wall-clock time used: 26.806 sec (0h:0m:26s)

Analysis results written to: 
  IQ-TREE report:                /Users/fahim/CSE6406-project/work/paper_subset_50x10_L1600/ils_low/replicate_04/estimated_gene_trees/L1600/hky_g4/locus_0018.iqtree
  Maximum-likelihood tree:       /Users/fahim/CSE6406-project/work/paper_subset_50x10_L1600/ils_low/replicate_04/estimated_gene_trees/L1600/hky_g4/locus_0018.treefile
  Likelihood distances:          /Users/fahim/CSE6406-project/work/paper_subset_50x10_L1600/ils_low/replicate_04/estimated_gene_trees/L1600/hky_g4/locus_0018.mldist
  Screen log file:               /Users/fahim/CSE6406-project/work/paper_subset_50x10_L1600/ils_low/replicate_04/estimated_gene_trees/L1600/hky_g4/locus_0018.log

Date and Time: Fri Sep 11 08:30:05 2026
