IQ-TREE multicore version 2.4.0 for Linux x86 64-bit built Feb 12 2025
Developed by Bui Quang Minh, Nguyen Lam Tung, Olga Chernomor, Heiko Schmidt,
Dominik Schrempf, Michael Woodhams, Ly Trong Nhan, Thomas Wong

Host:    ezmata (AVX2, FMA3, 15 GB RAM)
Command: /home/mis/miniconda3/envs/cse6406/bin/iqtree2 -s /home/mis/CSE6406-project/work/paper_subset_50x10_L800/ils_high/replicate_09/alignments/L800/locus_0040.phy -m HKY+G4 --abayes -T 1 --seed 7306041 --prefix /home/mis/CSE6406-project/work/paper_subset_50x10_L800/ils_high/replicate_09/estimated_gene_trees/L800/hky_g4/locus_0040 --redo --quiet
Seed:    7306041 (Using SPRNG - Scalable Parallel Random Number Generator)
Time:    Sat Sep 12 20:06:49 2026
Kernel:  AVX+FMA - 1 threads (16 CPU cores detected)

HINT: Use -nt option to specify number of threads because your CPU has 16 cores!
HINT: -nt AUTO will automatically determine the best number of threads to use.

Reading alignment file /home/mis/CSE6406-project/work/paper_subset_50x10_L800/ils_high/replicate_09/alignments/L800/locus_0040.phy ... Phylip format detected
Alignment most likely contains DNA/RNA sequences
Alignment has 21 sequences with 800 columns, 493 distinct patterns
424 parsimony-informative, 74 singleton sites, 302 constant sites
        Gap/Ambiguity  Composition  p-value
Analyzing sequences: done in 5.9093e-05 secs
   1  1_0_0     0.00%    passed     80.60%
   2  8_0_0     0.00%    passed     92.80%
   3  9_0_0     0.00%    passed     91.02%
   4  3_0_0     0.00%    passed     86.24%
   5  19_0_0    0.00%    passed     90.96%
   6  5_0_0     0.00%    passed     78.33%
   7  15_0_0    0.00%    passed     65.40%
   8  17_0_0    0.00%    passed     87.56%
   9  18_0_0    0.00%    passed     86.92%
  10  7_0_0     0.00%    passed     98.84%
  11  4_0_0     0.00%    passed     93.90%
  12  13_0_0    0.00%    passed     93.85%
  13  14_0_0    0.00%    passed     64.56%
  14  11_0_0    0.00%    passed     94.50%
  15  6_0_0     0.00%    passed     93.68%
  16  12_0_0    0.00%    passed     48.62%
  17  20_0_0    0.00%    passed     90.16%
  18  16_0_0    0.00%    passed     87.83%
  19  2_0_0     0.00%    passed     70.04%
  20  10_0_0    0.00%    passed     84.83%
  21  0_0_0     0.00%    passed     47.48%
****  TOTAL     0.00%  0 sequences failed composition chi2 test (p-value<5%; df=3)

Create initial parsimony tree by phylogenetic likelihood library (PLL)... 0.003 seconds

NOTE: 1 MB RAM (0 GB) is required!
Estimate model parameters (epsilon = 0.100)
1. Initial log-likelihood: -12267.562
2. Current log-likelihood: -11797.735
3. Current log-likelihood: -11727.082
4. Current log-likelihood: -11714.843
5. Current log-likelihood: -11710.246
6. Current log-likelihood: -11708.177
7. Current log-likelihood: -11707.185
8. Current log-likelihood: -11706.649
9. Current log-likelihood: -11706.368
10. Current log-likelihood: -11706.240
Optimal log-likelihood: -11706.110
Rate parameters:  A-C: 1.00000  A-G: 1.79079  A-T: 1.00000  C-G: 1.00000  C-T: 1.79079  G-T: 1.00000
Base frequencies:  A: 0.272  C: 0.208  G: 0.209  T: 0.310
Gamma shape alpha: 0.201
Parameters optimization took 10 rounds (0.213 sec)
Wrote distance file to... 
Computing ML distances based on estimated model parameters...
Calculating distance matrix: done in 0.00402908 secs using 99.97% CPU
Computing ML distances took 0.004144 sec (of wall-clock time) 0.004146 sec (of CPU time)
Setting up auxiliary I and S matrices: done in 8.4573e-05 secs using 98.14% CPU
Computing RapidNJ tree took 0.000266 sec (of wall-clock time) 0.000265 sec (of CPU time)
Log-likelihood of RapidNJ tree: -11699.418
--------------------------------------------------------------------
|             INITIALIZING CANDIDATE TREE SET                      |
--------------------------------------------------------------------
Generating 98 parsimony trees... 0.299 second
Computing log-likelihood of 98 initial trees ... 0.593 seconds
Current best score: -11699.418

Do NNI search on 20 best initial trees
Estimate model parameters (epsilon = 0.100)
BETTER TREE FOUND at iteration 1: -11682.595
Iteration 10 / LogL: -11682.615 / Time: 0h:0m:2s
Iteration 20 / LogL: -11682.621 / Time: 0h:0m:3s
Finish initializing candidate tree set (2)
Current best tree score: -11682.595 / CPU time: 3.227
Number of iterations: 20
--------------------------------------------------------------------
|               OPTIMIZING CANDIDATE TREE SET                      |
--------------------------------------------------------------------
Iteration 30 / LogL: -11738.017 / Time: 0h:0m:4s (0h:0m:9s left)
Iteration 40 / LogL: -11682.667 / Time: 0h:0m:4s (0h:0m:7s left)
Iteration 50 / LogL: -11682.625 / Time: 0h:0m:6s (0h:0m:6s left)
Iteration 60 / LogL: -11682.597 / Time: 0h:0m:7s (0h:0m:4s left)
Iteration 70 / LogL: -11682.596 / Time: 0h:0m:8s (0h:0m:3s left)
UPDATE BEST LOG-LIKELIHOOD: -11682.595
Iteration 80 / LogL: -11682.601 / Time: 0h:0m:9s (0h:0m:2s left)
Iteration 90 / LogL: -11693.217 / Time: 0h:0m:10s (0h:0m:1s left)
Iteration 100 / LogL: -11682.596 / Time: 0h:0m:11s (0h:0m:0s left)
TREE SEARCH COMPLETED AFTER 102 ITERATIONS / Time: 0h:0m:11s

--------------------------------------------------------------------
|                    FINALIZING TREE SEARCH                        |
--------------------------------------------------------------------
Performs final model parameters optimization
Estimate model parameters (epsilon = 0.010)
1. Initial log-likelihood: -11682.595
Optimal log-likelihood: -11682.590
Rate parameters:  A-C: 1.00000  A-G: 1.83914  A-T: 1.00000  C-G: 1.00000  C-T: 1.83914  G-T: 1.00000
Base frequencies:  A: 0.272  C: 0.208  G: 0.209  T: 0.310
Gamma shape alpha: 0.200
Parameters optimization took 1 rounds (0.016 sec)
BEST SCORE FOUND : -11682.590

Testing tree branches by aBayes parametric test...
0.023 sec.
Total tree length: 19.010

Total number of iterations: 102
CPU time used for tree search: 11.237 sec (0h:0m:11s)
Wall-clock time used for tree search: 11.403 sec (0h:0m:11s)
Total CPU time used: 11.545 sec (0h:0m:11s)
Total wall-clock time used: 11.713 sec (0h:0m:11s)

Analysis results written to: 
  IQ-TREE report:                /home/mis/CSE6406-project/work/paper_subset_50x10_L800/ils_high/replicate_09/estimated_gene_trees/L800/hky_g4/locus_0040.iqtree
  Maximum-likelihood tree:       /home/mis/CSE6406-project/work/paper_subset_50x10_L800/ils_high/replicate_09/estimated_gene_trees/L800/hky_g4/locus_0040.treefile
  Likelihood distances:          /home/mis/CSE6406-project/work/paper_subset_50x10_L800/ils_high/replicate_09/estimated_gene_trees/L800/hky_g4/locus_0040.mldist
  Screen log file:               /home/mis/CSE6406-project/work/paper_subset_50x10_L800/ils_high/replicate_09/estimated_gene_trees/L800/hky_g4/locus_0040.log

Date and Time: Sat Sep 12 20:07:01 2026
