IQ-TREE multicore version 2.4.0 for Linux x86 64-bit built Feb 12 2025
Developed by Bui Quang Minh, Nguyen Lam Tung, Olga Chernomor, Heiko Schmidt,
Dominik Schrempf, Michael Woodhams, Ly Trong Nhan, Thomas Wong

Host:    ezmata (AVX2, FMA3, 15 GB RAM)
Command: /home/mis/miniconda3/envs/cse6406/bin/iqtree2 -s /home/mis/CSE6406-project/work/paper_subset_50x10_L800/ils_high/replicate_09/alignments/L800/locus_0046.phy -m HKY+G4 --abayes -T 1 --seed 7306047 --prefix /home/mis/CSE6406-project/work/paper_subset_50x10_L800/ils_high/replicate_09/estimated_gene_trees/L800/hky_g4/locus_0046 --redo --quiet
Seed:    7306047 (Using SPRNG - Scalable Parallel Random Number Generator)
Time:    Sat Sep 12 20:06:55 2026
Kernel:  AVX+FMA - 1 threads (16 CPU cores detected)

HINT: Use -nt option to specify number of threads because your CPU has 16 cores!
HINT: -nt AUTO will automatically determine the best number of threads to use.

Reading alignment file /home/mis/CSE6406-project/work/paper_subset_50x10_L800/ils_high/replicate_09/alignments/L800/locus_0046.phy ... Phylip format detected
Alignment most likely contains DNA/RNA sequences
Alignment has 21 sequences with 800 columns, 497 distinct patterns
430 parsimony-informative, 69 singleton sites, 301 constant sites
        Gap/Ambiguity  Composition  p-value
Analyzing sequences: done in 4.8319e-05 secs
   1  0_0_0     0.00%    passed      6.54%
   2  1_0_0     0.00%    passed     37.36%
   3  8_0_0     0.00%    passed     81.09%
   4  14_0_0    0.00%    passed     88.88%
   5  13_0_0    0.00%    passed     75.11%
   6  3_0_0     0.00%    passed     96.32%
   7  19_0_0    0.00%    passed     84.89%
   8  6_0_0     0.00%    passed     98.36%
   9  17_0_0    0.00%    passed     98.35%
  10  15_0_0    0.00%    passed     77.81%
  11  18_0_0    0.00%    passed     85.72%
  12  7_0_0     0.00%    passed     76.55%
  13  10_0_0    0.00%    passed     85.91%
  14  2_0_0     0.00%    passed     95.81%
  15  12_0_0    0.00%    passed     96.31%
  16  20_0_0    0.00%    passed     86.91%
  17  9_0_0     0.00%    passed     37.09%
  18  5_0_0     0.00%    passed     60.10%
  19  16_0_0    0.00%    passed     92.16%
  20  11_0_0    0.00%    passed     98.48%
  21  4_0_0     0.00%    passed     92.43%
****  TOTAL     0.00%  0 sequences failed composition chi2 test (p-value<5%; df=3)

Create initial parsimony tree by phylogenetic likelihood library (PLL)... 0.002 seconds

NOTE: 1 MB RAM (0 GB) is required!
Estimate model parameters (epsilon = 0.100)
1. Initial log-likelihood: -12188.327
2. Current log-likelihood: -11659.081
3. Current log-likelihood: -11597.621
4. Current log-likelihood: -11590.319
5. Current log-likelihood: -11588.609
6. Current log-likelihood: -11588.131
7. Current log-likelihood: -11588.001
Optimal log-likelihood: -11587.892
Rate parameters:  A-C: 1.00000  A-G: 2.19033  A-T: 1.00000  C-G: 1.00000  C-T: 2.19033  G-T: 1.00000
Base frequencies:  A: 0.296  C: 0.195  G: 0.213  T: 0.297
Gamma shape alpha: 0.212
Parameters optimization took 7 rounds (0.159 sec)
Wrote distance file to... 
Computing ML distances based on estimated model parameters...
Calculating distance matrix: done in 0.00382221 secs using 99.97% CPU
Computing ML distances took 0.003939 sec (of wall-clock time) 0.003944 sec (of CPU time)
Setting up auxiliary I and S matrices: done in 5.9498e-05 secs
Computing RapidNJ tree took 0.000244 sec (of wall-clock time) 0.000000 sec (of CPU time)
Log-likelihood of RapidNJ tree: -11576.170
--------------------------------------------------------------------
|             INITIALIZING CANDIDATE TREE SET                      |
--------------------------------------------------------------------
Generating 98 parsimony trees... 0.286 second
Computing log-likelihood of 98 initial trees ... 0.422 seconds
Current best score: -11576.170

Do NNI search on 20 best initial trees
Estimate model parameters (epsilon = 0.100)
BETTER TREE FOUND at iteration 1: -11572.006
Estimate model parameters (epsilon = 0.100)
BETTER TREE FOUND at iteration 9: -11566.608
Iteration 10 / LogL: -11573.004 / Time: 0h:0m:2s
UPDATE BEST LOG-LIKELIHOOD: -11566.606
Iteration 20 / LogL: -11572.004 / Time: 0h:0m:3s
Finish initializing candidate tree set (16)
Current best tree score: -11566.606 / CPU time: 3.325
Number of iterations: 20
--------------------------------------------------------------------
|               OPTIMIZING CANDIDATE TREE SET                      |
--------------------------------------------------------------------
Estimate model parameters (epsilon = 0.100)
BETTER TREE FOUND at iteration 22: -11566.253
Iteration 30 / LogL: -11572.005 / Time: 0h:0m:4s (0h:0m:13s left)
Iteration 40 / LogL: -11566.608 / Time: 0h:0m:4s (0h:0m:10s left)
Iteration 50 / LogL: -11566.676 / Time: 0h:0m:5s (0h:0m:8s left)
UPDATE BEST LOG-LIKELIHOOD: -11566.253
Iteration 60 / LogL: -11567.380 / Time: 0h:0m:6s (0h:0m:6s left)
UPDATE BEST LOG-LIKELIHOOD: -11566.253
Iteration 70 / LogL: -11566.607 / Time: 0h:0m:6s (0h:0m:5s left)
Iteration 80 / LogL: -11566.606 / Time: 0h:0m:7s (0h:0m:4s left)
Iteration 90 / LogL: -11566.253 / Time: 0h:0m:8s (0h:0m:2s left)
Iteration 100 / LogL: -11566.253 / Time: 0h:0m:8s (0h:0m:1s left)
UPDATE BEST LOG-LIKELIHOOD: -11566.253
Iteration 110 / LogL: -11605.326 / Time: 0h:0m:9s (0h:0m:1s left)
Iteration 120 / LogL: -11567.377 / Time: 0h:0m:9s (0h:0m:0s left)
TREE SEARCH COMPLETED AFTER 123 ITERATIONS / Time: 0h:0m:10s

--------------------------------------------------------------------
|                    FINALIZING TREE SEARCH                        |
--------------------------------------------------------------------
Performs final model parameters optimization
Estimate model parameters (epsilon = 0.010)
1. Initial log-likelihood: -11566.253
Optimal log-likelihood: -11566.253
Rate parameters:  A-C: 1.00000  A-G: 2.17066  A-T: 1.00000  C-G: 1.00000  C-T: 2.17066  G-T: 1.00000
Base frequencies:  A: 0.296  C: 0.195  G: 0.213  T: 0.297
Gamma shape alpha: 0.210
Parameters optimization took 1 rounds (0.007 sec)
BEST SCORE FOUND : -11566.253

Testing tree branches by aBayes parametric test...
0.008 sec.
Total tree length: 16.155

Total number of iterations: 123
CPU time used for tree search: 9.682 sec (0h:0m:9s)
Wall-clock time used for tree search: 9.873 sec (0h:0m:9s)
Total CPU time used: 9.901 sec (0h:0m:9s)
Total wall-clock time used: 10.096 sec (0h:0m:10s)

Analysis results written to: 
  IQ-TREE report:                /home/mis/CSE6406-project/work/paper_subset_50x10_L800/ils_high/replicate_09/estimated_gene_trees/L800/hky_g4/locus_0046.iqtree
  Maximum-likelihood tree:       /home/mis/CSE6406-project/work/paper_subset_50x10_L800/ils_high/replicate_09/estimated_gene_trees/L800/hky_g4/locus_0046.treefile
  Likelihood distances:          /home/mis/CSE6406-project/work/paper_subset_50x10_L800/ils_high/replicate_09/estimated_gene_trees/L800/hky_g4/locus_0046.mldist
  Screen log file:               /home/mis/CSE6406-project/work/paper_subset_50x10_L800/ils_high/replicate_09/estimated_gene_trees/L800/hky_g4/locus_0046.log

Date and Time: Sat Sep 12 20:07:05 2026
