IQ-TREE multicore version 2.4.0 for Linux x86 64-bit built Feb 12 2025
Developed by Bui Quang Minh, Nguyen Lam Tung, Olga Chernomor, Heiko Schmidt,
Dominik Schrempf, Michael Woodhams, Ly Trong Nhan, Thomas Wong

Host:    ezmata (AVX2, FMA3, 15 GB RAM)
Command: /home/mis/miniconda3/envs/cse6406/bin/iqtree2 -s /home/mis/CSE6406-project/work/paper_subset_50x10_L800/ils_high/replicate_09/alignments/L800/locus_0022.phy -m HKY+G4 --abayes -T 1 --seed 7306023 --prefix /home/mis/CSE6406-project/work/paper_subset_50x10_L800/ils_high/replicate_09/estimated_gene_trees/L800/hky_g4/locus_0022 --redo --quiet
Seed:    7306023 (Using SPRNG - Scalable Parallel Random Number Generator)
Time:    Sat Sep 12 20:06:29 2026
Kernel:  AVX+FMA - 1 threads (16 CPU cores detected)

HINT: Use -nt option to specify number of threads because your CPU has 16 cores!
HINT: -nt AUTO will automatically determine the best number of threads to use.

Reading alignment file /home/mis/CSE6406-project/work/paper_subset_50x10_L800/ils_high/replicate_09/alignments/L800/locus_0022.phy ... Phylip format detected
Alignment most likely contains DNA/RNA sequences
Alignment has 21 sequences with 800 columns, 494 distinct patterns
426 parsimony-informative, 81 singleton sites, 293 constant sites
        Gap/Ambiguity  Composition  p-value
Analyzing sequences: done in 2.2149e-05 secs using 99.33% CPU
   1  0_0_0     0.00%    passed     87.83%
   2  5_0_0     0.00%    passed     67.61%
   3  11_0_0    0.00%    passed     72.84%
   4  4_0_0     0.00%    passed     11.06%
   5  12_0_0    0.00%    passed     73.55%
   6  6_0_0     0.00%    passed     77.91%
   7  19_0_0    0.00%    passed     64.81%
   8  3_0_0     0.00%    passed     90.36%
   9  20_0_0    0.00%    passed     66.96%
  10  9_0_0     0.00%    passed     65.80%
  11  1_0_0     0.00%    passed     33.86%
  12  8_0_0     0.00%    passed     84.38%
  13  16_0_0    0.00%    passed     94.59%
  14  13_0_0    0.00%    passed     53.67%
  15  14_0_0    0.00%    passed     50.85%
  16  10_0_0    0.00%    passed     69.02%
  17  2_0_0     0.00%    passed     96.42%
  18  7_0_0     0.00%    passed     84.97%
  19  17_0_0    0.00%    passed     93.54%
  20  18_0_0    0.00%    passed     70.09%
  21  15_0_0    0.00%    passed     88.34%
****  TOTAL     0.00%  0 sequences failed composition chi2 test (p-value<5%; df=3)

Create initial parsimony tree by phylogenetic likelihood library (PLL)... 0.001 seconds

NOTE: 1 MB RAM (0 GB) is required!
Estimate model parameters (epsilon = 0.100)
1. Initial log-likelihood: -12303.453
2. Current log-likelihood: -11753.536
3. Current log-likelihood: -11690.448
4. Current log-likelihood: -11683.147
5. Current log-likelihood: -11681.392
6. Current log-likelihood: -11680.906
7. Current log-likelihood: -11680.778
Optimal log-likelihood: -11680.674
Rate parameters:  A-C: 1.00000  A-G: 1.99109  A-T: 1.00000  C-G: 1.00000  C-T: 1.99109  G-T: 1.00000
Base frequencies:  A: 0.307  C: 0.202  G: 0.196  T: 0.294
Gamma shape alpha: 0.210
Parameters optimization took 7 rounds (0.070 sec)
Wrote distance file to... 
Computing ML distances based on estimated model parameters...
Calculating distance matrix: done in 0.00232552 secs using 98.43% CPU
Computing ML distances took 0.002386 sec (of wall-clock time) 0.002349 sec (of CPU time)
Setting up auxiliary I and S matrices: done in 6.1293e-05 secs using 97.89% CPU
Computing RapidNJ tree took 0.000252 sec (of wall-clock time) 0.000146 sec (of CPU time)
Log-likelihood of RapidNJ tree: -11695.668
--------------------------------------------------------------------
|             INITIALIZING CANDIDATE TREE SET                      |
--------------------------------------------------------------------
Generating 98 parsimony trees... 0.173 second
Computing log-likelihood of 98 initial trees ... 0.264 seconds
Current best score: -11680.674

Do NNI search on 20 best initial trees
Estimate model parameters (epsilon = 0.100)
BETTER TREE FOUND at iteration 1: -11677.078
Estimate model parameters (epsilon = 0.100)
BETTER TREE FOUND at iteration 2: -11676.761
UPDATE BEST LOG-LIKELIHOOD: -11676.760
UPDATE BEST LOG-LIKELIHOOD: -11676.759
UPDATE BEST LOG-LIKELIHOOD: -11676.759
Iteration 10 / LogL: -11676.760 / Time: 0h:0m:1s
Iteration 20 / LogL: -11676.771 / Time: 0h:0m:1s
Finish initializing candidate tree set (2)
Current best tree score: -11676.759 / CPU time: 1.704
Number of iterations: 20
--------------------------------------------------------------------
|               OPTIMIZING CANDIDATE TREE SET                      |
--------------------------------------------------------------------
Iteration 30 / LogL: -11676.761 / Time: 0h:0m:2s (0h:0m:5s left)
UPDATE BEST LOG-LIKELIHOOD: -11676.759
Iteration 40 / LogL: -11677.060 / Time: 0h:0m:2s (0h:0m:4s left)
Iteration 50 / LogL: -11677.105 / Time: 0h:0m:3s (0h:0m:3s left)
Iteration 60 / LogL: -11676.760 / Time: 0h:0m:3s (0h:0m:2s left)
UPDATE BEST LOG-LIKELIHOOD: -11676.759
UPDATE BEST LOG-LIKELIHOOD: -11676.759
Iteration 70 / LogL: -11677.061 / Time: 0h:0m:4s (0h:0m:2s left)
Iteration 80 / LogL: -11676.759 / Time: 0h:0m:4s (0h:0m:1s left)
Iteration 90 / LogL: -11676.786 / Time: 0h:0m:5s (0h:0m:0s left)
UPDATE BEST LOG-LIKELIHOOD: -11676.759
Iteration 100 / LogL: -11677.373 / Time: 0h:0m:5s (0h:0m:0s left)
TREE SEARCH COMPLETED AFTER 103 ITERATIONS / Time: 0h:0m:5s

--------------------------------------------------------------------
|                    FINALIZING TREE SEARCH                        |
--------------------------------------------------------------------
Performs final model parameters optimization
Estimate model parameters (epsilon = 0.010)
1. Initial log-likelihood: -11676.759
Optimal log-likelihood: -11676.750
Rate parameters:  A-C: 1.00000  A-G: 2.00692  A-T: 1.00000  C-G: 1.00000  C-T: 2.00692  G-T: 1.00000
Base frequencies:  A: 0.307  C: 0.202  G: 0.196  T: 0.294
Gamma shape alpha: 0.206
Parameters optimization took 1 rounds (0.007 sec)
BEST SCORE FOUND : -11676.750

Testing tree branches by aBayes parametric test...
0.009 sec.
Total tree length: 16.536

Total number of iterations: 103
CPU time used for tree search: 5.706 sec (0h:0m:5s)
Wall-clock time used for tree search: 5.815 sec (0h:0m:5s)
Total CPU time used: 5.811 sec (0h:0m:5s)
Total wall-clock time used: 5.922 sec (0h:0m:5s)

Analysis results written to: 
  IQ-TREE report:                /home/mis/CSE6406-project/work/paper_subset_50x10_L800/ils_high/replicate_09/estimated_gene_trees/L800/hky_g4/locus_0022.iqtree
  Maximum-likelihood tree:       /home/mis/CSE6406-project/work/paper_subset_50x10_L800/ils_high/replicate_09/estimated_gene_trees/L800/hky_g4/locus_0022.treefile
  Likelihood distances:          /home/mis/CSE6406-project/work/paper_subset_50x10_L800/ils_high/replicate_09/estimated_gene_trees/L800/hky_g4/locus_0022.mldist
  Screen log file:               /home/mis/CSE6406-project/work/paper_subset_50x10_L800/ils_high/replicate_09/estimated_gene_trees/L800/hky_g4/locus_0022.log

Date and Time: Sat Sep 12 20:06:35 2026
