IQ-TREE multicore version 2.4.0 for Linux x86 64-bit built Feb 12 2025
Developed by Bui Quang Minh, Nguyen Lam Tung, Olga Chernomor, Heiko Schmidt,
Dominik Schrempf, Michael Woodhams, Ly Trong Nhan, Thomas Wong

Host:    ezmata (AVX2, FMA3, 15 GB RAM)
Command: /home/mis/miniconda3/envs/cse6406/bin/iqtree2 -s /home/mis/CSE6406-project/work/paper_subset_50x10_L200/ils_low/replicate_09/alignments/L200/locus_0034.phy -m HKY+G4 --abayes -T 1 --seed 7306035 --prefix /home/mis/CSE6406-project/work/paper_subset_50x10_L200/ils_low/replicate_09/estimated_gene_trees/L200/hky_g4/locus_0034 --redo --quiet
Seed:    7306035 (Using SPRNG - Scalable Parallel Random Number Generator)
Time:    Sat Sep 12 21:38:02 2026
Kernel:  AVX+FMA - 1 threads (16 CPU cores detected)

HINT: Use -nt option to specify number of threads because your CPU has 16 cores!
HINT: -nt AUTO will automatically determine the best number of threads to use.

Reading alignment file /home/mis/CSE6406-project/work/paper_subset_50x10_L200/ils_low/replicate_09/alignments/L200/locus_0034.phy ... Phylip format detected
Alignment most likely contains DNA/RNA sequences
Alignment has 21 sequences with 200 columns, 135 distinct patterns
111 parsimony-informative, 23 singleton sites, 66 constant sites
        Gap/Ambiguity  Composition  p-value
Analyzing sequences: done in 1.0361e-05 secs using 96.52% CPU
   1  1_0_0     0.00%    passed     90.67%
   2  11_0_0    0.00%    passed     21.47%
   3  4_0_0     0.00%    passed     79.78%
   4  14_0_0    0.00%    passed     62.60%
   5  13_0_0    0.00%    passed     61.41%
   6  9_0_0     0.00%    passed     91.70%
   7  3_0_0     0.00%    passed     99.35%
   8  6_0_0     0.00%    passed     93.55%
   9  19_0_0    0.00%    passed     55.73%
  10  12_0_0    0.00%    passed     63.33%
  11  20_0_0    0.00%    passed     93.18%
  12  2_0_0     0.00%    passed     77.75%
  13  10_0_0    0.00%    passed     70.61%
  14  5_0_0     0.00%    passed     96.00%
  15  17_0_0    0.00%    passed     85.44%
  16  15_0_0    0.00%    passed     98.92%
  17  18_0_0    0.00%    passed     73.45%
  18  7_0_0     0.00%    passed     66.89%
  19  16_0_0    0.00%    passed     96.65%
  20  8_0_0     0.00%    passed     77.32%
  21  0_0_0     0.00%    passed     39.79%
****  TOTAL     0.00%  0 sequences failed composition chi2 test (p-value<5%; df=3)

Create initial parsimony tree by phylogenetic likelihood library (PLL)... 0.001 seconds

NOTE: 0 MB RAM (0 GB) is required!
Estimate model parameters (epsilon = 0.100)
1. Initial log-likelihood: -3085.599
2. Current log-likelihood: -2976.229
3. Current log-likelihood: -2964.183
4. Current log-likelihood: -2962.727
5. Current log-likelihood: -2962.392
Optimal log-likelihood: -2962.257
Rate parameters:  A-C: 1.00000  A-G: 1.84945  A-T: 1.00000  C-G: 1.00000  C-T: 1.84945  G-T: 1.00000
Base frequencies:  A: 0.259  C: 0.235  G: 0.188  T: 0.319
Gamma shape alpha: 0.237
Parameters optimization took 5 rounds (0.022 sec)
Wrote distance file to... 
Computing ML distances based on estimated model parameters...
Calculating distance matrix: done in 0.00254607 secs using 99.96% CPU
Computing ML distances took 0.002584 sec (of wall-clock time) 0.002587 sec (of CPU time)
Setting up auxiliary I and S matrices: done in 8.4661e-05 secs using 99.22% CPU
Computing RapidNJ tree took 0.000284 sec (of wall-clock time) 0.000282 sec (of CPU time)
Log-likelihood of RapidNJ tree: -2956.602
--------------------------------------------------------------------
|             INITIALIZING CANDIDATE TREE SET                      |
--------------------------------------------------------------------
Generating 98 parsimony trees... 0.135 second
Computing log-likelihood of 98 initial trees ... 0.225 seconds
Current best score: -2956.602

Do NNI search on 20 best initial trees
Estimate model parameters (epsilon = 0.100)
BETTER TREE FOUND at iteration 1: -2947.032
Estimate model parameters (epsilon = 0.100)
BETTER TREE FOUND at iteration 2: -2945.442
Estimate model parameters (epsilon = 0.100)
BETTER TREE FOUND at iteration 4: -2945.286
UPDATE BEST LOG-LIKELIHOOD: -2945.286
Iteration 10 / LogL: -2945.457 / Time: 0h:0m:1s
UPDATE BEST LOG-LIKELIHOOD: -2945.285
BETTER TREE FOUND at iteration 19: -2945.285
Iteration 20 / LogL: -2947.011 / Time: 0h:0m:1s
Finish initializing candidate tree set (10)
Current best tree score: -2945.285 / CPU time: 1.679
Number of iterations: 20
--------------------------------------------------------------------
|               OPTIMIZING CANDIDATE TREE SET                      |
--------------------------------------------------------------------
UPDATE BEST LOG-LIKELIHOOD: -2945.285
Iteration 30 / LogL: -2945.457 / Time: 0h:0m:2s (0h:0m:6s left)
UPDATE BEST LOG-LIKELIHOOD: -2945.285
Iteration 40 / LogL: -2945.457 / Time: 0h:0m:2s (0h:0m:4s left)
Iteration 50 / LogL: -2945.286 / Time: 0h:0m:2s (0h:0m:3s left)
Iteration 60 / LogL: -2945.285 / Time: 0h:0m:2s (0h:0m:2s left)
Estimate model parameters (epsilon = 0.100)
BETTER TREE FOUND at iteration 66: -2944.864
BETTER TREE FOUND at iteration 70: -2944.863
Iteration 70 / LogL: -2944.863 / Time: 0h:0m:2s (0h:0m:4s left)
BETTER TREE FOUND at iteration 73: -2944.863
Iteration 80 / LogL: -2944.988 / Time: 0h:0m:3s (0h:0m:3s left)
Iteration 90 / LogL: -2944.863 / Time: 0h:0m:3s (0h:0m:3s left)
Iteration 100 / LogL: -2946.716 / Time: 0h:0m:3s (0h:0m:2s left)
Iteration 110 / LogL: -2945.291 / Time: 0h:0m:4s (0h:0m:2s left)
Iteration 120 / LogL: -2944.864 / Time: 0h:0m:4s (0h:0m:1s left)
Iteration 130 / LogL: -2944.865 / Time: 0h:0m:4s (0h:0m:1s left)
Iteration 140 / LogL: -2944.863 / Time: 0h:0m:4s (0h:0m:1s left)
Iteration 150 / LogL: -2945.291 / Time: 0h:0m:5s (0h:0m:0s left)
Iteration 160 / LogL: -2944.863 / Time: 0h:0m:5s (0h:0m:0s left)
Iteration 170 / LogL: -2945.292 / Time: 0h:0m:5s (0h:0m:0s left)
TREE SEARCH COMPLETED AFTER 174 ITERATIONS / Time: 0h:0m:5s

--------------------------------------------------------------------
|                    FINALIZING TREE SEARCH                        |
--------------------------------------------------------------------
Performs final model parameters optimization
Estimate model parameters (epsilon = 0.010)
1. Initial log-likelihood: -2944.863
Optimal log-likelihood: -2944.861
Rate parameters:  A-C: 1.00000  A-G: 1.79550  A-T: 1.00000  C-G: 1.00000  C-T: 1.79550  G-T: 1.00000
Base frequencies:  A: 0.259  C: 0.235  G: 0.188  T: 0.319
Gamma shape alpha: 0.227
Parameters optimization took 1 rounds (0.002 sec)
BEST SCORE FOUND : -2944.861

Testing tree branches by aBayes parametric test...
0.003 sec.
Total tree length: 15.345

Total number of iterations: 174
CPU time used for tree search: 5.506 sec (0h:0m:5s)
Wall-clock time used for tree search: 5.777 sec (0h:0m:5s)
Total CPU time used: 5.553 sec (0h:0m:5s)
Total wall-clock time used: 5.824 sec (0h:0m:5s)

Analysis results written to: 
  IQ-TREE report:                /home/mis/CSE6406-project/work/paper_subset_50x10_L200/ils_low/replicate_09/estimated_gene_trees/L200/hky_g4/locus_0034.iqtree
  Maximum-likelihood tree:       /home/mis/CSE6406-project/work/paper_subset_50x10_L200/ils_low/replicate_09/estimated_gene_trees/L200/hky_g4/locus_0034.treefile
  Likelihood distances:          /home/mis/CSE6406-project/work/paper_subset_50x10_L200/ils_low/replicate_09/estimated_gene_trees/L200/hky_g4/locus_0034.mldist
  Screen log file:               /home/mis/CSE6406-project/work/paper_subset_50x10_L200/ils_low/replicate_09/estimated_gene_trees/L200/hky_g4/locus_0034.log

Date and Time: Sat Sep 12 21:38:07 2026
