IQ-TREE multicore version 2.4.0 for Linux x86 64-bit built Feb 12 2025
Developed by Bui Quang Minh, Nguyen Lam Tung, Olga Chernomor, Heiko Schmidt,
Dominik Schrempf, Michael Woodhams, Ly Trong Nhan, Thomas Wong

Host:    ezmata (AVX2, FMA3, 15 GB RAM)
Command: /home/mis/miniconda3/envs/cse6406/bin/iqtree2 -s /home/mis/CSE6406-project/work/paper_subset_50x10_L200/ils_low/replicate_02/alignments/L200/locus_0018.phy -m GTR+G4 --abayes -T 1 --seed 6606019 --prefix /home/mis/CSE6406-project/work/paper_subset_50x10_L200/ils_low/replicate_02/estimated_gene_trees/L200/gtr_g4/locus_0018 --redo --quiet
Seed:    6606019 (Using SPRNG - Scalable Parallel Random Number Generator)
Time:    Sat Sep 12 21:30:34 2026
Kernel:  AVX+FMA - 1 threads (16 CPU cores detected)

HINT: Use -nt option to specify number of threads because your CPU has 16 cores!
HINT: -nt AUTO will automatically determine the best number of threads to use.

Reading alignment file /home/mis/CSE6406-project/work/paper_subset_50x10_L200/ils_low/replicate_02/alignments/L200/locus_0018.phy ... Phylip format detected
Alignment most likely contains DNA/RNA sequences
Alignment has 21 sequences with 200 columns, 126 distinct patterns
107 parsimony-informative, 16 singleton sites, 77 constant sites
        Gap/Ambiguity  Composition  p-value
Analyzing sequences: done in 1.7382e-05 secs using 57.53% CPU
   1  0_0_0     0.00%    passed     30.07%
   2  6_0_0     0.00%    passed     70.04%
   3  3_0_0     0.00%    passed     94.43%
   4  2_0_0     0.00%    passed     93.55%
   5  4_0_0     0.00%    passed     85.22%
   6  5_0_0     0.00%    passed     89.17%
   7  1_0_0     0.00%    passed     57.61%
   8  11_0_0    0.00%    passed     38.47%
   9  9_0_0     0.00%    passed     81.81%
  10  15_0_0    0.00%    passed     91.85%
  11  18_0_0    0.00%    passed     80.00%
  12  16_0_0    0.00%    passed     51.21%
  13  14_0_0    0.00%    passed     91.38%
  14  8_0_0     0.00%    passed     62.93%
  15  7_0_0     0.00%    passed     55.88%
  16  10_0_0    0.00%    passed     58.93%
  17  19_0_0    0.00%    passed     91.39%
  18  13_0_0    0.00%    passed     28.17%
  19  20_0_0    0.00%    passed     77.88%
  20  12_0_0    0.00%    passed     95.01%
  21  17_0_0    0.00%    passed     70.65%
****  TOTAL     0.00%  0 sequences failed composition chi2 test (p-value<5%; df=3)

Create initial parsimony tree by phylogenetic likelihood library (PLL)... 0.001 seconds

NOTE: 0 MB RAM (0 GB) is required!
Estimate model parameters (epsilon = 0.100)
1. Initial log-likelihood: -3152.820
2. Current log-likelihood: -3017.696
3. Current log-likelihood: -2982.463
4. Current log-likelihood: -2977.038
5. Current log-likelihood: -2975.544
6. Current log-likelihood: -2974.988
7. Current log-likelihood: -2974.844
Optimal log-likelihood: -2974.772
Rate parameters:  A-C: 1.13388  A-G: 2.11356  A-T: 1.14061  C-G: 1.41487  C-T: 2.49759  G-T: 1.00000
Base frequencies:  A: 0.297  C: 0.173  G: 0.202  T: 0.328
Gamma shape alpha: 0.166
Parameters optimization took 7 rounds (0.073 sec)
Wrote distance file to... 
Computing ML distances based on estimated model parameters...
Calculating distance matrix: done in 0.00423056 secs using 99.73% CPU
Computing ML distances took 0.004279 sec (of wall-clock time) 0.004271 sec (of CPU time)
WARNING: Some pairwise ML distances are too long (saturated)
Setting up auxiliary I and S matrices: done in 3.8977e-05 secs
Computing RapidNJ tree took 0.000141 sec (of wall-clock time) 0.000000 sec (of CPU time)
Log-likelihood of RapidNJ tree: -2984.488
--------------------------------------------------------------------
|             INITIALIZING CANDIDATE TREE SET                      |
--------------------------------------------------------------------
Generating 98 parsimony trees... 0.126 second
Computing log-likelihood of 98 initial trees ... 0.207 seconds
Current best score: -2974.772

Do NNI search on 20 best initial trees
Estimate model parameters (epsilon = 0.100)
BETTER TREE FOUND at iteration 1: -2969.831
Estimate model parameters (epsilon = 0.100)
BETTER TREE FOUND at iteration 5: -2968.061
Iteration 10 / LogL: -2969.780 / Time: 0h:0m:0s
Iteration 20 / LogL: -2969.882 / Time: 0h:0m:1s
Finish initializing candidate tree set (11)
Current best tree score: -2968.061 / CPU time: 1.123
Number of iterations: 20
--------------------------------------------------------------------
|               OPTIMIZING CANDIDATE TREE SET                      |
--------------------------------------------------------------------
UPDATE BEST LOG-LIKELIHOOD: -2968.061
BETTER TREE FOUND at iteration 25: -2968.060
Iteration 30 / LogL: -2968.061 / Time: 0h:0m:1s (0h:0m:4s left)
UPDATE BEST LOG-LIKELIHOOD: -2968.060
UPDATE BEST LOG-LIKELIHOOD: -2968.060
Iteration 40 / LogL: -2968.060 / Time: 0h:0m:1s (0h:0m:3s left)
Iteration 50 / LogL: -2968.060 / Time: 0h:0m:1s (0h:0m:2s left)
UPDATE BEST LOG-LIKELIHOOD: -2968.060
Iteration 60 / LogL: -2968.060 / Time: 0h:0m:2s (0h:0m:2s left)
Iteration 70 / LogL: -2968.060 / Time: 0h:0m:2s (0h:0m:1s left)
UPDATE BEST LOG-LIKELIHOOD: -2968.060
UPDATE BEST LOG-LIKELIHOOD: -2968.060
Iteration 80 / LogL: -2970.080 / Time: 0h:0m:2s (0h:0m:1s left)
Iteration 90 / LogL: -2968.060 / Time: 0h:0m:3s (0h:0m:1s left)
Iteration 100 / LogL: -2968.061 / Time: 0h:0m:3s (0h:0m:0s left)
Iteration 110 / LogL: -2968.060 / Time: 0h:0m:4s (0h:0m:0s left)
Iteration 120 / LogL: -2968.060 / Time: 0h:0m:4s (0h:0m:0s left)
TREE SEARCH COMPLETED AFTER 126 ITERATIONS / Time: 0h:0m:4s

--------------------------------------------------------------------
|                    FINALIZING TREE SEARCH                        |
--------------------------------------------------------------------
Performs final model parameters optimization
Estimate model parameters (epsilon = 0.010)
1. Initial log-likelihood: -2968.060
Optimal log-likelihood: -2968.059
Rate parameters:  A-C: 1.19747  A-G: 2.14157  A-T: 1.22440  C-G: 1.50768  C-T: 2.88240  G-T: 1.00000
Base frequencies:  A: 0.297  C: 0.173  G: 0.202  T: 0.328
Gamma shape alpha: 0.162
Parameters optimization took 1 rounds (0.005 sec)
BEST SCORE FOUND : -2968.059

Testing tree branches by aBayes parametric test...
0.006 sec.
Total tree length: 28.937

Total number of iterations: 126
CPU time used for tree search: 4.552 sec (0h:0m:4s)
Wall-clock time used for tree search: 4.739 sec (0h:0m:4s)
Total CPU time used: 4.664 sec (0h:0m:4s)
Total wall-clock time used: 4.853 sec (0h:0m:4s)

Analysis results written to: 
  IQ-TREE report:                /home/mis/CSE6406-project/work/paper_subset_50x10_L200/ils_low/replicate_02/estimated_gene_trees/L200/gtr_g4/locus_0018.iqtree
  Maximum-likelihood tree:       /home/mis/CSE6406-project/work/paper_subset_50x10_L200/ils_low/replicate_02/estimated_gene_trees/L200/gtr_g4/locus_0018.treefile
  Likelihood distances:          /home/mis/CSE6406-project/work/paper_subset_50x10_L200/ils_low/replicate_02/estimated_gene_trees/L200/gtr_g4/locus_0018.mldist
  Screen log file:               /home/mis/CSE6406-project/work/paper_subset_50x10_L200/ils_low/replicate_02/estimated_gene_trees/L200/gtr_g4/locus_0018.log

Date and Time: Sat Sep 12 21:30:39 2026
