IQ-TREE multicore version 2.4.0 for Linux x86 64-bit built Feb 12 2025
Developed by Bui Quang Minh, Nguyen Lam Tung, Olga Chernomor, Heiko Schmidt,
Dominik Schrempf, Michael Woodhams, Ly Trong Nhan, Thomas Wong

Host:    ezmata (AVX2, FMA3, 15 GB RAM)
Command: /home/mis/miniconda3/envs/cse6406/bin/iqtree2 -s /home/mis/CSE6406-project/work/paper_subset_50x10_L200/ils_low/replicate_02/alignments/L200/locus_0046.phy -m GTR+G4 --abayes -T 1 --seed 6606047 --prefix /home/mis/CSE6406-project/work/paper_subset_50x10_L200/ils_low/replicate_02/estimated_gene_trees/L200/gtr_g4/locus_0046 --redo --quiet
Seed:    6606047 (Using SPRNG - Scalable Parallel Random Number Generator)
Time:    Sat Sep 12 21:30:46 2026
Kernel:  AVX+FMA - 1 threads (16 CPU cores detected)

HINT: Use -nt option to specify number of threads because your CPU has 16 cores!
HINT: -nt AUTO will automatically determine the best number of threads to use.

Reading alignment file /home/mis/CSE6406-project/work/paper_subset_50x10_L200/ils_low/replicate_02/alignments/L200/locus_0046.phy ... Phylip format detected
Alignment most likely contains DNA/RNA sequences
Alignment has 21 sequences with 200 columns, 130 distinct patterns
109 parsimony-informative, 17 singleton sites, 74 constant sites
        Gap/Ambiguity  Composition  p-value
Analyzing sequences: done in 8.826e-06 secs using 33.99% CPU
   1  14_0_0    0.00%    passed     77.95%
   2  16_0_0    0.00%    passed     87.08%
   3  15_0_0    0.00%    passed     24.14%
   4  18_0_0    0.00%    passed     89.16%
   5  10_0_0    0.00%    passed     73.44%
   6  19_0_0    0.00%    passed     62.48%
   7  7_0_0     0.00%    passed     65.76%
   8  8_0_0     0.00%    passed     84.65%
   9  13_0_0    0.00%    passed     83.01%
  10  20_0_0    0.00%    passed     68.19%
  11  12_0_0    0.00%    passed     96.48%
  12  17_0_0    0.00%    passed     98.12%
  13  9_0_0     0.00%    passed     33.30%
  14  11_0_0    0.00%    passed     85.04%
  15  6_0_0     0.00%    passed     91.35%
  16  3_0_0     0.00%    passed     78.42%
  17  2_0_0     0.00%    passed     69.17%
  18  4_0_0     0.00%    passed     45.22%
  19  5_0_0     0.00%    passed     70.42%
  20  1_0_0     0.00%    passed     32.83%
  21  0_0_0     0.00%    passed     79.09%
****  TOTAL     0.00%  0 sequences failed composition chi2 test (p-value<5%; df=3)

Create initial parsimony tree by phylogenetic likelihood library (PLL)... 0.001 seconds

NOTE: 0 MB RAM (0 GB) is required!
Estimate model parameters (epsilon = 0.100)
1. Initial log-likelihood: -3230.212
2. Current log-likelihood: -3085.550
3. Current log-likelihood: -3063.170
4. Current log-likelihood: -3061.163
5. Current log-likelihood: -3060.788
Optimal log-likelihood: -3060.679
Rate parameters:  A-C: 3.45751  A-G: 3.32591  A-T: 1.46509  C-G: 2.63895  C-T: 3.16826  G-T: 1.00000
Base frequencies:  A: 0.288  C: 0.172  G: 0.210  T: 0.330
Gamma shape alpha: 0.202
Parameters optimization took 5 rounds (0.033 sec)
Wrote distance file to... 
Computing ML distances based on estimated model parameters...
Calculating distance matrix: done in 0.00253424 secs using 98.45% CPU
Computing ML distances took 0.002564 sec (of wall-clock time) 0.002526 sec (of CPU time)
WARNING: Some pairwise ML distances are too long (saturated)
Setting up auxiliary I and S matrices: done in 6.3667e-05 secs using 98.95% CPU
Computing RapidNJ tree took 0.000245 sec (of wall-clock time) 0.000495 sec (of CPU time)
Log-likelihood of RapidNJ tree: -3049.567
--------------------------------------------------------------------
|             INITIALIZING CANDIDATE TREE SET                      |
--------------------------------------------------------------------
Generating 98 parsimony trees... 0.072 second
Computing log-likelihood of 98 initial trees ... 0.099 seconds
Current best score: -3045.913

Do NNI search on 20 best initial trees
Estimate model parameters (epsilon = 0.100)
BETTER TREE FOUND at iteration 1: -3033.736
Estimate model parameters (epsilon = 0.100)
BETTER TREE FOUND at iteration 2: -3027.446
Estimate model parameters (epsilon = 0.100)
BETTER TREE FOUND at iteration 3: -3027.310
BETTER TREE FOUND at iteration 4: -3027.309
Iteration 10 / LogL: -3028.958 / Time: 0h:0m:0s
Iteration 20 / LogL: -3034.225 / Time: 0h:0m:1s
Finish initializing candidate tree set (15)
Current best tree score: -3027.309 / CPU time: 0.989
Number of iterations: 20
--------------------------------------------------------------------
|               OPTIMIZING CANDIDATE TREE SET                      |
--------------------------------------------------------------------
Estimate model parameters (epsilon = 0.100)
BETTER TREE FOUND at iteration 28: -3026.919
Iteration 30 / LogL: -3027.502 / Time: 0h:0m:1s (0h:0m:4s left)
BETTER TREE FOUND at iteration 35: -3026.919
Iteration 40 / LogL: -3027.608 / Time: 0h:0m:1s (0h:0m:3s left)
UPDATE BEST LOG-LIKELIHOOD: -3026.919
Iteration 50 / LogL: -3029.072 / Time: 0h:0m:1s (0h:0m:2s left)
Iteration 60 / LogL: -3027.301 / Time: 0h:0m:1s (0h:0m:2s left)
Iteration 70 / LogL: -3027.301 / Time: 0h:0m:1s (0h:0m:1s left)
Iteration 80 / LogL: -3027.086 / Time: 0h:0m:2s (0h:0m:1s left)
Iteration 90 / LogL: -3027.086 / Time: 0h:0m:2s (0h:0m:1s left)
Iteration 100 / LogL: -3026.919 / Time: 0h:0m:2s (0h:0m:0s left)
Iteration 110 / LogL: -3028.858 / Time: 0h:0m:2s (0h:0m:0s left)
UPDATE BEST LOG-LIKELIHOOD: -3026.919
Iteration 120 / LogL: -3027.661 / Time: 0h:0m:2s (0h:0m:0s left)
Iteration 130 / LogL: -3027.298 / Time: 0h:0m:3s (0h:0m:0s left)
TREE SEARCH COMPLETED AFTER 136 ITERATIONS / Time: 0h:0m:3s

--------------------------------------------------------------------
|                    FINALIZING TREE SEARCH                        |
--------------------------------------------------------------------
Performs final model parameters optimization
Estimate model parameters (epsilon = 0.010)
1. Initial log-likelihood: -3026.919
Optimal log-likelihood: -3026.918
Rate parameters:  A-C: 2.64637  A-G: 2.86358  A-T: 1.13571  C-G: 2.16200  C-T: 2.80667  G-T: 1.00000
Base frequencies:  A: 0.288  C: 0.172  G: 0.210  T: 0.330
Gamma shape alpha: 0.189
Parameters optimization took 1 rounds (0.003 sec)
BEST SCORE FOUND : -3026.918

Testing tree branches by aBayes parametric test...
0.003 sec.
Total tree length: 16.569

Total number of iterations: 136
CPU time used for tree search: 3.098 sec (0h:0m:3s)
Wall-clock time used for tree search: 3.264 sec (0h:0m:3s)
Total CPU time used: 3.154 sec (0h:0m:3s)
Total wall-clock time used: 3.321 sec (0h:0m:3s)

Analysis results written to: 
  IQ-TREE report:                /home/mis/CSE6406-project/work/paper_subset_50x10_L200/ils_low/replicate_02/estimated_gene_trees/L200/gtr_g4/locus_0046.iqtree
  Maximum-likelihood tree:       /home/mis/CSE6406-project/work/paper_subset_50x10_L200/ils_low/replicate_02/estimated_gene_trees/L200/gtr_g4/locus_0046.treefile
  Likelihood distances:          /home/mis/CSE6406-project/work/paper_subset_50x10_L200/ils_low/replicate_02/estimated_gene_trees/L200/gtr_g4/locus_0046.mldist
  Screen log file:               /home/mis/CSE6406-project/work/paper_subset_50x10_L200/ils_low/replicate_02/estimated_gene_trees/L200/gtr_g4/locus_0046.log

Date and Time: Sat Sep 12 21:30:49 2026
