IQ-TREE multicore version 2.4.0 for Linux x86 64-bit built Feb 12 2025
Developed by Bui Quang Minh, Nguyen Lam Tung, Olga Chernomor, Heiko Schmidt,
Dominik Schrempf, Michael Woodhams, Ly Trong Nhan, Thomas Wong

Host:    ezmata (AVX2, FMA3, 15 GB RAM)
Command: /home/mis/miniconda3/envs/cse6406/bin/iqtree2 -s /home/mis/CSE6406-project/work/paper_subset_50x10_L200/ils_low/replicate_02/alignments/L200/locus_0021.phy -m GTR+G4 --abayes -T 1 --seed 6606022 --prefix /home/mis/CSE6406-project/work/paper_subset_50x10_L200/ils_low/replicate_02/estimated_gene_trees/L200/gtr_g4/locus_0021 --redo --quiet
Seed:    6606022 (Using SPRNG - Scalable Parallel Random Number Generator)
Time:    Sat Sep 12 21:30:35 2026
Kernel:  AVX+FMA - 1 threads (16 CPU cores detected)

HINT: Use -nt option to specify number of threads because your CPU has 16 cores!
HINT: -nt AUTO will automatically determine the best number of threads to use.

Reading alignment file /home/mis/CSE6406-project/work/paper_subset_50x10_L200/ils_low/replicate_02/alignments/L200/locus_0021.phy ... Phylip format detected
Alignment most likely contains DNA/RNA sequences
Alignment has 21 sequences with 200 columns, 129 distinct patterns
107 parsimony-informative, 19 singleton sites, 74 constant sites
        Gap/Ambiguity  Composition  p-value
Analyzing sequences: done in 7.169e-06 secs using 27.9% CPU
   1  13_0_0    0.00%    passed     67.84%
   2  16_0_0    0.00%    passed     32.33%
   3  18_0_0    0.00%    passed     68.90%
   4  15_0_0    0.00%    passed     74.59%
   5  14_0_0    0.00%    passed     97.33%
   6  19_0_0    0.00%    passed     97.80%
   7  10_0_0    0.00%    passed     78.51%
   8  7_0_0     0.00%    passed     86.02%
   9  8_0_0     0.00%    passed     81.19%
  10  12_0_0    0.00%    passed     57.52%
  11  17_0_0    0.00%    passed     72.03%
  12  20_0_0    0.00%    passed     92.69%
  13  4_0_0     0.00%    passed     72.02%
  14  2_0_0     0.00%    passed     72.12%
  15  6_0_0     0.00%    passed     65.86%
  16  3_0_0     0.00%    passed     49.80%
  17  5_0_0     0.00%    passed     47.82%
  18  11_0_0    0.00%    passed     44.92%
  19  9_0_0     0.00%    passed     36.77%
  20  1_0_0     0.00%    passed     69.84%
  21  0_0_0     0.00%    passed     82.38%
****  TOTAL     0.00%  0 sequences failed composition chi2 test (p-value<5%; df=3)

Create initial parsimony tree by phylogenetic likelihood library (PLL)... 0.000 seconds

NOTE: 0 MB RAM (0 GB) is required!
Estimate model parameters (epsilon = 0.100)
1. Initial log-likelihood: -3159.988
2. Current log-likelihood: -3030.508
3. Current log-likelihood: -3006.872
4. Current log-likelihood: -3002.525
5. Current log-likelihood: -3001.243
6. Current log-likelihood: -3000.788
7. Current log-likelihood: -3000.639
Optimal log-likelihood: -3000.497
Rate parameters:  A-C: 0.70101  A-G: 1.38077  A-T: 0.89328  C-G: 0.85350  C-T: 1.05532  G-T: 1.00000
Base frequencies:  A: 0.257  C: 0.244  G: 0.202  T: 0.297
Gamma shape alpha: 0.196
Parameters optimization took 7 rounds (0.040 sec)
Wrote distance file to... 
Computing ML distances based on estimated model parameters...
Calculating distance matrix: done in 0.002213 secs using 100% CPU
Computing ML distances took 0.002241 sec (of wall-clock time) 0.002243 sec (of CPU time)
WARNING: Some pairwise ML distances are too long (saturated)
Setting up auxiliary I and S matrices: done in 5.3546e-05 secs using 98.98% CPU
Computing RapidNJ tree took 0.000201 sec (of wall-clock time) 0.000399 sec (of CPU time)
Log-likelihood of RapidNJ tree: -3027.960
--------------------------------------------------------------------
|             INITIALIZING CANDIDATE TREE SET                      |
--------------------------------------------------------------------
Generating 98 parsimony trees... 0.074 second
Computing log-likelihood of 98 initial trees ... 0.175 seconds
Current best score: -3000.497

Do NNI search on 20 best initial trees
Estimate model parameters (epsilon = 0.100)
BETTER TREE FOUND at iteration 1: -2985.505
Iteration 10 / LogL: -2988.172 / Time: 0h:0m:0s
Estimate model parameters (epsilon = 0.100)
BETTER TREE FOUND at iteration 17: -2983.053
Iteration 20 / LogL: -2987.915 / Time: 0h:0m:1s
Finish initializing candidate tree set (19)
Current best tree score: -2983.053 / CPU time: 1.180
Number of iterations: 20
--------------------------------------------------------------------
|               OPTIMIZING CANDIDATE TREE SET                      |
--------------------------------------------------------------------
BETTER TREE FOUND at iteration 25: -2983.053
BETTER TREE FOUND at iteration 28: -2983.053
Iteration 30 / LogL: -2983.458 / Time: 0h:0m:1s (0h:0m:5s left)
UPDATE BEST LOG-LIKELIHOOD: -2983.053
Iteration 40 / LogL: -2983.053 / Time: 0h:0m:1s (0h:0m:4s left)
UPDATE BEST LOG-LIKELIHOOD: -2983.053
Iteration 50 / LogL: -2983.053 / Time: 0h:0m:2s (0h:0m:3s left)
UPDATE BEST LOG-LIKELIHOOD: -2983.053
Iteration 60 / LogL: -2988.219 / Time: 0h:0m:2s (0h:0m:2s left)
Iteration 70 / LogL: -2983.502 / Time: 0h:0m:2s (0h:0m:2s left)
UPDATE BEST LOG-LIKELIHOOD: -2983.053
Iteration 80 / LogL: -2983.053 / Time: 0h:0m:2s (0h:0m:1s left)
Iteration 90 / LogL: -2983.458 / Time: 0h:0m:2s (0h:0m:1s left)
Iteration 100 / LogL: -2985.904 / Time: 0h:0m:3s (0h:0m:0s left)
Iteration 110 / LogL: -2983.053 / Time: 0h:0m:3s (0h:0m:0s left)
Iteration 120 / LogL: -2983.440 / Time: 0h:0m:3s (0h:0m:0s left)
TREE SEARCH COMPLETED AFTER 129 ITERATIONS / Time: 0h:0m:3s

--------------------------------------------------------------------
|                    FINALIZING TREE SEARCH                        |
--------------------------------------------------------------------
Performs final model parameters optimization
Estimate model parameters (epsilon = 0.010)
1. Initial log-likelihood: -2983.053
Optimal log-likelihood: -2983.052
Rate parameters:  A-C: 0.78598  A-G: 1.32787  A-T: 0.88627  C-G: 0.79770  C-T: 0.95071  G-T: 1.00000
Base frequencies:  A: 0.257  C: 0.244  G: 0.202  T: 0.297
Gamma shape alpha: 0.194
Parameters optimization took 1 rounds (0.003 sec)
BEST SCORE FOUND : -2983.052

Testing tree branches by aBayes parametric test...
0.003 sec.
Total tree length: 22.116

Total number of iterations: 129
CPU time used for tree search: 3.479 sec (0h:0m:3s)
Wall-clock time used for tree search: 3.644 sec (0h:0m:3s)
Total CPU time used: 3.557 sec (0h:0m:3s)
Total wall-clock time used: 3.723 sec (0h:0m:3s)

Analysis results written to: 
  IQ-TREE report:                /home/mis/CSE6406-project/work/paper_subset_50x10_L200/ils_low/replicate_02/estimated_gene_trees/L200/gtr_g4/locus_0021.iqtree
  Maximum-likelihood tree:       /home/mis/CSE6406-project/work/paper_subset_50x10_L200/ils_low/replicate_02/estimated_gene_trees/L200/gtr_g4/locus_0021.treefile
  Likelihood distances:          /home/mis/CSE6406-project/work/paper_subset_50x10_L200/ils_low/replicate_02/estimated_gene_trees/L200/gtr_g4/locus_0021.mldist
  Screen log file:               /home/mis/CSE6406-project/work/paper_subset_50x10_L200/ils_low/replicate_02/estimated_gene_trees/L200/gtr_g4/locus_0021.log

Date and Time: Sat Sep 12 21:30:38 2026
