IQ-TREE multicore version 2.4.0 for Linux x86 64-bit built Feb 12 2025
Developed by Bui Quang Minh, Nguyen Lam Tung, Olga Chernomor, Heiko Schmidt,
Dominik Schrempf, Michael Woodhams, Ly Trong Nhan, Thomas Wong

Host:    ezmata (AVX2, FMA3, 15 GB RAM)
Command: /home/mis/miniconda3/envs/cse6406/bin/iqtree2 -s /home/mis/CSE6406-project/work/paper_subset_50x10_L800/ils_low/replicate_06/alignments/L800/locus_0023.phy -m HKY+G4 --abayes -T AUTO --seed 7006024 --prefix /home/mis/CSE6406-project/work/paper_subset_50x10_L800/ils_low/replicate_06/estimated_gene_trees/L800/hky_g4/locus_0023 --redo --quiet
Seed:    7006024 (Using SPRNG - Scalable Parallel Random Number Generator)
Time:    Sat Sep 12 03:19:02 2026
Kernel:  AVX+FMA - auto-detect threads (16 CPU cores detected)

Reading alignment file /home/mis/CSE6406-project/work/paper_subset_50x10_L800/ils_low/replicate_06/alignments/L800/locus_0023.phy ... Phylip format detected
Alignment most likely contains DNA/RNA sequences
Alignment has 21 sequences with 800 columns, 281 distinct patterns
227 parsimony-informative, 72 singleton sites, 501 constant sites
        Gap/Ambiguity  Composition  p-value
Analyzing sequences: done in 9.4614e-05 secs using 138.5% CPU
   1  0_0_0     0.00%    passed     94.26%
   2  17_0_0    0.00%    passed     86.82%
   3  15_0_0    0.00%    passed     81.69%
   4  13_0_0    0.00%    passed     92.47%
   5  19_0_0    0.00%    passed     83.40%
   6  10_0_0    0.00%    passed     82.92%
   7  16_0_0    0.00%    passed     82.07%
   8  20_0_0    0.00%    passed     96.03%
   9  18_0_0    0.00%    passed     90.84%
  10  9_0_0     0.00%    passed     99.91%
  11  5_0_0     0.00%    passed     96.00%
  12  4_0_0     0.00%    passed     90.58%
  13  7_0_0     0.00%    passed     85.26%
  14  1_0_0     0.00%    passed     81.81%
  15  8_0_0     0.00%    passed     91.88%
  16  6_0_0     0.00%    passed     81.24%
  17  3_0_0     0.00%    passed     97.43%
  18  2_0_0     0.00%    passed     87.96%
  19  12_0_0    0.00%    passed     91.69%
  20  11_0_0    0.00%    passed     95.06%
  21  14_0_0    0.00%    passed     99.78%
****  TOTAL     0.00%  0 sequences failed composition chi2 test (p-value<5%; df=3)

Create initial parsimony tree by phylogenetic likelihood library (PLL)... 0.000 seconds

NOTE: 0 MB RAM (0 GB) is required!
Measuring multi-threading efficiency up to 16 CPU cores
Increase to 10 rounds for branch lengths
3322 trees examined
Threads: 1 / Time: 16.000 sec / Speedup: 1.000 / Efficiency: 100% / LogL: -6805
Threads: 2 / Time: 21.089 sec / Speedup: 0.759 / Efficiency: 38% / LogL: -6805
BEST NUMBER OF THREADS: 1

Estimate model parameters (epsilon = 0.100)
1. Initial log-likelihood: -5785.500
2. Current log-likelihood: -5537.589
3. Current log-likelihood: -5530.526
Optimal log-likelihood: -5530.475
Rate parameters:  A-C: 1.00000  A-G: 1.88772  A-T: 1.00000  C-G: 1.00000  C-T: 1.88772  G-T: 1.00000
Base frequencies:  A: 0.324  C: 0.183  G: 0.206  T: 0.287
Gamma shape alpha: 0.197
Parameters optimization took 3 rounds (0.014 sec)
Wrote distance file to... 
Computing ML distances based on estimated model parameters...
Calculating distance matrix: done in 0.00142075 secs using 96.15% CPU
Computing ML distances took 0.001454 sec (of wall-clock time) 0.001397 sec (of CPU time)
Setting up auxiliary I and S matrices: done in 3.0125e-05 secs using 99.59% CPU
Computing RapidNJ tree took 0.000117 sec (of wall-clock time) 0.000265 sec (of CPU time)
Log-likelihood of RapidNJ tree: -5545.727
--------------------------------------------------------------------
|             INITIALIZING CANDIDATE TREE SET                      |
--------------------------------------------------------------------
Generating 98 parsimony trees... 0.073 second
Computing log-likelihood of 98 initial trees ... 0.094 seconds
Current best score: -5530.475

Do NNI search on 20 best initial trees
Estimate model parameters (epsilon = 0.100)
BETTER TREE FOUND at iteration 1: -5529.911
Iteration 10 / LogL: -5529.957 / Time: 0h:0m:37s
Iteration 20 / LogL: -5529.956 / Time: 0h:0m:37s
Finish initializing candidate tree set (4)
Current best tree score: -5529.911 / CPU time: 0.441
Number of iterations: 20
--------------------------------------------------------------------
|               OPTIMIZING CANDIDATE TREE SET                      |
--------------------------------------------------------------------
Iteration 30 / LogL: -5530.331 / Time: 0h:0m:37s (0h:1m:32s left)
Iteration 40 / LogL: -5530.172 / Time: 0h:0m:37s (0h:0m:59s left)
Iteration 50 / LogL: -5530.134 / Time: 0h:0m:38s (0h:0m:39s left)
Iteration 60 / LogL: -5530.178 / Time: 0h:0m:38s (0h:0m:26s left)
Iteration 70 / LogL: -5529.911 / Time: 0h:0m:38s (0h:0m:17s left)
Iteration 80 / LogL: -5529.912 / Time: 0h:0m:38s (0h:0m:10s left)
Iteration 90 / LogL: -5529.912 / Time: 0h:0m:38s (0h:0m:4s left)
Iteration 100 / LogL: -5529.913 / Time: 0h:0m:39s (0h:0m:0s left)
TREE SEARCH COMPLETED AFTER 102 ITERATIONS / Time: 0h:0m:39s

--------------------------------------------------------------------
|                    FINALIZING TREE SEARCH                        |
--------------------------------------------------------------------
Performs final model parameters optimization
Estimate model parameters (epsilon = 0.010)
1. Initial log-likelihood: -5529.911
Optimal log-likelihood: -5529.911
Rate parameters:  A-C: 1.00000  A-G: 1.88538  A-T: 1.00000  C-G: 1.00000  C-T: 1.88538  G-T: 1.00000
Base frequencies:  A: 0.324  C: 0.183  G: 0.206  T: 0.287
Gamma shape alpha: 0.197
Parameters optimization took 1 rounds (0.002 sec)
BEST SCORE FOUND : -5529.911

Testing tree branches by aBayes parametric test...
0.004 sec.
Total tree length: 1.735

Total number of iterations: 102
CPU time used for tree search: 2.022 sec (0h:0m:2s)
Wall-clock time used for tree search: 2.072 sec (0h:0m:2s)
Total CPU time used: 44.771 sec (0h:0m:44s)
Total wall-clock time used: 39.193 sec (0h:0m:39s)

Analysis results written to: 
  IQ-TREE report:                /home/mis/CSE6406-project/work/paper_subset_50x10_L800/ils_low/replicate_06/estimated_gene_trees/L800/hky_g4/locus_0023.iqtree
  Maximum-likelihood tree:       /home/mis/CSE6406-project/work/paper_subset_50x10_L800/ils_low/replicate_06/estimated_gene_trees/L800/hky_g4/locus_0023.treefile
  Likelihood distances:          /home/mis/CSE6406-project/work/paper_subset_50x10_L800/ils_low/replicate_06/estimated_gene_trees/L800/hky_g4/locus_0023.mldist
  Screen log file:               /home/mis/CSE6406-project/work/paper_subset_50x10_L800/ils_low/replicate_06/estimated_gene_trees/L800/hky_g4/locus_0023.log

Date and Time: Sat Sep 12 03:19:42 2026
