IQ-TREE multicore version 2.4.0 for Linux x86 64-bit built Feb 12 2025
Developed by Bui Quang Minh, Nguyen Lam Tung, Olga Chernomor, Heiko Schmidt,
Dominik Schrempf, Michael Woodhams, Ly Trong Nhan, Thomas Wong

Host:    ezmata (AVX2, FMA3, 15 GB RAM)
Command: /home/mis/miniconda3/envs/cse6406/bin/iqtree2 -s /home/mis/CSE6406-project/work/paper_subset_50x10_L800/ils_low/replicate_06/alignments/L800/locus_0013.phy -m HKY+G4 --abayes -T AUTO --seed 7006014 --prefix /home/mis/CSE6406-project/work/paper_subset_50x10_L800/ils_low/replicate_06/estimated_gene_trees/L800/hky_g4/locus_0013 --redo --quiet
Seed:    7006014 (Using SPRNG - Scalable Parallel Random Number Generator)
Time:    Sat Sep 12 03:12:38 2026
Kernel:  AVX+FMA - auto-detect threads (16 CPU cores detected)

Reading alignment file /home/mis/CSE6406-project/work/paper_subset_50x10_L800/ils_low/replicate_06/alignments/L800/locus_0013.phy ... Phylip format detected
Alignment most likely contains DNA/RNA sequences
Alignment has 21 sequences with 800 columns, 283 distinct patterns
219 parsimony-informative, 77 singleton sites, 504 constant sites
        Gap/Ambiguity  Composition  p-value
Analyzing sequences: done in 6.7261e-05 secs
   1  0_0_0     0.00%    passed     94.68%
   2  9_0_0     0.00%    passed     66.21%
   3  5_0_0     0.00%    passed     98.13%
   4  7_0_0     0.00%    passed     87.66%
   5  1_0_0     0.00%    passed     98.48%
   6  6_0_0     0.00%    passed     98.56%
   7  8_0_0     0.00%    passed     99.63%
   8  4_0_0     0.00%    passed     90.27%
   9  12_0_0    0.00%    passed     86.42%
  10  11_0_0    0.00%    passed     94.82%
  11  14_0_0    0.00%    passed     91.59%
  12  17_0_0    0.00%    passed     88.93%
  13  13_0_0    0.00%    passed     93.18%
  14  15_0_0    0.00%    passed     99.04%
  15  19_0_0    0.00%    passed     70.70%
  16  16_0_0    0.00%    passed     98.94%
  17  10_0_0    0.00%    passed     97.42%
  18  18_0_0    0.00%    passed     98.82%
  19  20_0_0    0.00%    passed     92.91%
  20  2_0_0     0.00%    passed     75.25%
  21  3_0_0     0.00%    passed     91.16%
****  TOTAL     0.00%  0 sequences failed composition chi2 test (p-value<5%; df=3)

Create initial parsimony tree by phylogenetic likelihood library (PLL)... 0.001 seconds

NOTE: 0 MB RAM (0 GB) is required!
Measuring multi-threading efficiency up to 16 CPU cores
Increase to 10 rounds for branch lengths
3219 trees examined
Threads: 1 / Time: 16.002 sec / Speedup: 1.000 / Efficiency: 100% / LogL: -6722
Threads: 2 / Time: 20.356 sec / Speedup: 0.786 / Efficiency: 39% / LogL: -6722
BEST NUMBER OF THREADS: 1

Estimate model parameters (epsilon = 0.100)
1. Initial log-likelihood: -5588.206
2. Current log-likelihood: -5338.653
3. Current log-likelihood: -5331.168
Optimal log-likelihood: -5331.039
Rate parameters:  A-C: 1.00000  A-G: 2.09382  A-T: 1.00000  C-G: 1.00000  C-T: 2.09382  G-T: 1.00000
Base frequencies:  A: 0.300  C: 0.203  G: 0.194  T: 0.303
Gamma shape alpha: 0.199
Parameters optimization took 3 rounds (0.013 sec)
Wrote distance file to... 
Computing ML distances based on estimated model parameters...
Calculating distance matrix: done in 0.00121351 secs using 91.22% CPU
Computing ML distances took 0.001240 sec (of wall-clock time) 0.001131 sec (of CPU time)
Setting up auxiliary I and S matrices: done in 2.893e-05 secs using 1082% CPU
Computing RapidNJ tree took 0.000111 sec (of wall-clock time) 0.000394 sec (of CPU time)
Log-likelihood of RapidNJ tree: -5328.746
--------------------------------------------------------------------
|             INITIALIZING CANDIDATE TREE SET                      |
--------------------------------------------------------------------
Generating 98 parsimony trees... 0.081 second
Computing log-likelihood of 98 initial trees ... 0.096 seconds
Current best score: -5327.925

Do NNI search on 20 best initial trees
Estimate model parameters (epsilon = 0.100)
BETTER TREE FOUND at iteration 1: -5324.613
Estimate model parameters (epsilon = 0.100)
BETTER TREE FOUND at iteration 5: -5322.460
Iteration 10 / LogL: -5326.008 / Time: 0h:0m:36s
Iteration 20 / LogL: -5326.038 / Time: 0h:0m:36s
Finish initializing candidate tree set (11)
Current best tree score: -5322.460 / CPU time: 0.512
Number of iterations: 20
--------------------------------------------------------------------
|               OPTIMIZING CANDIDATE TREE SET                      |
--------------------------------------------------------------------
Iteration 30 / LogL: -5322.461 / Time: 0h:0m:37s (0h:1m:36s left)
UPDATE BEST LOG-LIKELIHOOD: -5322.460
Iteration 40 / LogL: -5322.460 / Time: 0h:0m:37s (0h:1m:2s left)
Iteration 50 / LogL: -5322.461 / Time: 0h:0m:37s (0h:0m:42s left)
UPDATE BEST LOG-LIKELIHOOD: -5322.460
Iteration 60 / LogL: -5325.989 / Time: 0h:0m:37s (0h:0m:28s left)
Iteration 70 / LogL: -5322.461 / Time: 0h:0m:38s (0h:0m:19s left)
UPDATE BEST LOG-LIKELIHOOD: -5322.460
Iteration 80 / LogL: -5322.460 / Time: 0h:0m:38s (0h:0m:12s left)
UPDATE BEST LOG-LIKELIHOOD: -5322.460
Iteration 90 / LogL: -5322.461 / Time: 0h:0m:38s (0h:0m:6s left)
Iteration 100 / LogL: -5323.149 / Time: 0h:0m:38s (0h:0m:1s left)
TREE SEARCH COMPLETED AFTER 106 ITERATIONS / Time: 0h:0m:38s

--------------------------------------------------------------------
|                    FINALIZING TREE SEARCH                        |
--------------------------------------------------------------------
Performs final model parameters optimization
Estimate model parameters (epsilon = 0.010)
1. Initial log-likelihood: -5322.460
Optimal log-likelihood: -5322.460
Rate parameters:  A-C: 1.00000  A-G: 2.12956  A-T: 1.00000  C-G: 1.00000  C-T: 2.12956  G-T: 1.00000
Base frequencies:  A: 0.300  C: 0.203  G: 0.194  T: 0.303
Gamma shape alpha: 0.199
Parameters optimization took 1 rounds (0.002 sec)
BEST SCORE FOUND : -5322.460

Testing tree branches by aBayes parametric test...
0.004 sec.
Total tree length: 1.748

Total number of iterations: 106
CPU time used for tree search: 2.341 sec (0h:0m:2s)
Wall-clock time used for tree search: 2.402 sec (0h:0m:2s)
Total CPU time used: 44.353 sec (0h:0m:44s)
Total wall-clock time used: 38.791 sec (0h:0m:38s)

Analysis results written to: 
  IQ-TREE report:                /home/mis/CSE6406-project/work/paper_subset_50x10_L800/ils_low/replicate_06/estimated_gene_trees/L800/hky_g4/locus_0013.iqtree
  Maximum-likelihood tree:       /home/mis/CSE6406-project/work/paper_subset_50x10_L800/ils_low/replicate_06/estimated_gene_trees/L800/hky_g4/locus_0013.treefile
  Likelihood distances:          /home/mis/CSE6406-project/work/paper_subset_50x10_L800/ils_low/replicate_06/estimated_gene_trees/L800/hky_g4/locus_0013.mldist
  Screen log file:               /home/mis/CSE6406-project/work/paper_subset_50x10_L800/ils_low/replicate_06/estimated_gene_trees/L800/hky_g4/locus_0013.log

Date and Time: Sat Sep 12 03:13:17 2026
