IQ-TREE multicore version 2.4.0 for Linux x86 64-bit built Feb 12 2025
Developed by Bui Quang Minh, Nguyen Lam Tung, Olga Chernomor, Heiko Schmidt,
Dominik Schrempf, Michael Woodhams, Ly Trong Nhan, Thomas Wong

Host:    ezmata (AVX2, FMA3, 15 GB RAM)
Command: /home/mis/miniconda3/envs/cse6406/bin/iqtree2 -s /home/mis/CSE6406-project/work/paper_subset_50x10_L800/ils_low/replicate_06/alignments/L800/locus_0049.phy -m HKY+G4 --abayes -T AUTO --seed 7006050 --prefix /home/mis/CSE6406-project/work/paper_subset_50x10_L800/ils_low/replicate_06/estimated_gene_trees/L800/hky_g4/locus_0049 --redo --quiet
Seed:    7006050 (Using SPRNG - Scalable Parallel Random Number Generator)
Time:    Sat Sep 12 03:35:43 2026
Kernel:  AVX+FMA - auto-detect threads (16 CPU cores detected)

Reading alignment file /home/mis/CSE6406-project/work/paper_subset_50x10_L800/ils_low/replicate_06/alignments/L800/locus_0049.phy ... Phylip format detected
Alignment most likely contains DNA/RNA sequences
Alignment has 21 sequences with 800 columns, 301 distinct patterns
242 parsimony-informative, 74 singleton sites, 484 constant sites
        Gap/Ambiguity  Composition  p-value
Analyzing sequences: done in 0.000130225 secs
   1  18_0_0    0.00%    passed     93.77%
   2  20_0_0    0.00%    passed     96.86%
   3  10_0_0    0.00%    passed     99.81%
   4  16_0_0    0.00%    passed     98.55%
   5  17_0_0    0.00%    passed     95.95%
   6  15_0_0    0.00%    passed     93.97%
   7  13_0_0    0.00%    passed     96.00%
   8  19_0_0    0.00%    passed     99.81%
   9  12_0_0    0.00%    passed     97.35%
  10  14_0_0    0.00%    passed     89.18%
  11  11_0_0    0.00%    passed     78.01%
  12  5_0_0     0.00%    passed     97.77%
  13  8_0_0     0.00%    passed     99.42%
  14  6_0_0     0.00%    passed     99.82%
  15  4_0_0     0.00%    passed     99.12%
  16  1_0_0     0.00%    passed     85.20%
  17  7_0_0     0.00%    passed     97.15%
  18  3_0_0     0.00%    passed     97.22%
  19  2_0_0     0.00%    passed     86.55%
  20  9_0_0     0.00%    passed     97.88%
  21  0_0_0     0.00%    passed     95.94%
****  TOTAL     0.00%  0 sequences failed composition chi2 test (p-value<5%; df=3)

Create initial parsimony tree by phylogenetic likelihood library (PLL)... 0.000 seconds

NOTE: 0 MB RAM (0 GB) is required!
Measuring multi-threading efficiency up to 16 CPU cores
Increase to 10 rounds for branch lengths
2917 trees examined
Threads: 1 / Time: 16.005 sec / Speedup: 1.000 / Efficiency: 100% / LogL: -7162
Threads: 2 / Time: 19.625 sec / Speedup: 0.816 / Efficiency: 41% / LogL: -7162
BEST NUMBER OF THREADS: 1

Estimate model parameters (epsilon = 0.100)
1. Initial log-likelihood: -5949.139
2. Current log-likelihood: -5746.680
3. Current log-likelihood: -5738.716
Optimal log-likelihood: -5738.650
Rate parameters:  A-C: 1.00000  A-G: 1.61329  A-T: 1.00000  C-G: 1.00000  C-T: 1.61329  G-T: 1.00000
Base frequencies:  A: 0.293  C: 0.209  G: 0.164  T: 0.334
Gamma shape alpha: 0.205
Parameters optimization took 3 rounds (0.013 sec)
Wrote distance file to... 
Computing ML distances based on estimated model parameters...
Calculating distance matrix: done in 0.00125916 secs using 99.99% CPU
Computing ML distances took 0.001293 sec (of wall-clock time) 0.001290 sec (of CPU time)
Setting up auxiliary I and S matrices: done in 3.3358e-05 secs using 98.93% CPU
Computing RapidNJ tree took 0.000125 sec (of wall-clock time) 0.000489 sec (of CPU time)
Log-likelihood of RapidNJ tree: -5739.871
--------------------------------------------------------------------
|             INITIALIZING CANDIDATE TREE SET                      |
--------------------------------------------------------------------
Generating 98 parsimony trees... 0.079 second
Computing log-likelihood of 98 initial trees ... 0.103 seconds
Current best score: -5736.561

Do NNI search on 20 best initial trees
Estimate model parameters (epsilon = 0.100)
BETTER TREE FOUND at iteration 1: -5733.388
Iteration 10 / LogL: -5735.393 / Time: 0h:0m:35s
Iteration 20 / LogL: -5733.393 / Time: 0h:0m:36s
Finish initializing candidate tree set (5)
Current best tree score: -5733.388 / CPU time: 0.474
Number of iterations: 20
--------------------------------------------------------------------
|               OPTIMIZING CANDIDATE TREE SET                      |
--------------------------------------------------------------------
Iteration 30 / LogL: -5733.439 / Time: 0h:0m:36s (0h:1m:28s left)
Iteration 40 / LogL: -5733.909 / Time: 0h:0m:36s (0h:0m:57s left)
Iteration 50 / LogL: -5733.451 / Time: 0h:0m:36s (0h:0m:38s left)
Iteration 60 / LogL: -5733.476 / Time: 0h:0m:36s (0h:0m:25s left)
Iteration 70 / LogL: -5733.422 / Time: 0h:0m:37s (0h:0m:16s left)
Iteration 80 / LogL: -5733.391 / Time: 0h:0m:37s (0h:0m:9s left)
Iteration 90 / LogL: -5733.396 / Time: 0h:0m:37s (0h:0m:4s left)
Iteration 100 / LogL: -5733.707 / Time: 0h:0m:37s (0h:0m:0s left)
TREE SEARCH COMPLETED AFTER 102 ITERATIONS / Time: 0h:0m:37s

--------------------------------------------------------------------
|                    FINALIZING TREE SEARCH                        |
--------------------------------------------------------------------
Performs final model parameters optimization
Estimate model parameters (epsilon = 0.010)
1. Initial log-likelihood: -5733.388
Optimal log-likelihood: -5733.388
Rate parameters:  A-C: 1.00000  A-G: 1.62266  A-T: 1.00000  C-G: 1.00000  C-T: 1.62266  G-T: 1.00000
Base frequencies:  A: 0.293  C: 0.209  G: 0.164  T: 0.334
Gamma shape alpha: 0.205
Parameters optimization took 1 rounds (0.003 sec)
BEST SCORE FOUND : -5733.388

Testing tree branches by aBayes parametric test...
0.004 sec.
Total tree length: 1.618

Total number of iterations: 102
CPU time used for tree search: 1.875 sec (0h:0m:1s)
Wall-clock time used for tree search: 1.914 sec (0h:0m:1s)
Total CPU time used: 43.002 sec (0h:0m:43s)
Total wall-clock time used: 37.575 sec (0h:0m:37s)

Analysis results written to: 
  IQ-TREE report:                /home/mis/CSE6406-project/work/paper_subset_50x10_L800/ils_low/replicate_06/estimated_gene_trees/L800/hky_g4/locus_0049.iqtree
  Maximum-likelihood tree:       /home/mis/CSE6406-project/work/paper_subset_50x10_L800/ils_low/replicate_06/estimated_gene_trees/L800/hky_g4/locus_0049.treefile
  Likelihood distances:          /home/mis/CSE6406-project/work/paper_subset_50x10_L800/ils_low/replicate_06/estimated_gene_trees/L800/hky_g4/locus_0049.mldist
  Screen log file:               /home/mis/CSE6406-project/work/paper_subset_50x10_L800/ils_low/replicate_06/estimated_gene_trees/L800/hky_g4/locus_0049.log

Date and Time: Sat Sep 12 03:36:21 2026
