IQ-TREE multicore version 2.4.0 for MacOS ARM 64-bit built Feb 12 2025
Developed by Bui Quang Minh, Nguyen Lam Tung, Olga Chernomor, Heiko Schmidt,
Dominik Schrempf, Michael Woodhams, Ly Trong Nhan, Thomas Wong

Host:    Fahims-MacBook-Air.local (SSE4.2, 16 GB RAM)
Command: /Users/fahim/miniconda3/envs/cse6406/bin/iqtree2 -s /Users/fahim/CSE6406-project/work/paper_subset_50x10_L1600/ils_low/replicate_10/alignments/L1600/locus_0050.phy -m HKY+G4 --abayes -T AUTO --seed 7406051 --prefix /Users/fahim/CSE6406-project/work/paper_subset_50x10_L1600/ils_low/replicate_10/estimated_gene_trees/L1600/hky_g4/locus_0050 --redo --quiet
Seed:    7406051 (Using SPRNG - Scalable Parallel Random Number Generator)
Time:    Fri Sep 11 21:57:17 2026
Kernel:  SSE2 - auto-detect threads (10 CPU cores detected)

Reading alignment file /Users/fahim/CSE6406-project/work/paper_subset_50x10_L1600/ils_low/replicate_10/alignments/L1600/locus_0050.phy ... Phylip format detected
Alignment most likely contains DNA/RNA sequences
Alignment has 21 sequences with 1600 columns, 447 distinct patterns
350 parsimony-informative, 163 singleton sites, 1087 constant sites
        Gap/Ambiguity  Composition  p-value
Analyzing sequences: done in 4.19617e-05 secs using 88.18% CPU
   1  0_0_0     0.00%    passed     90.95%
   2  20_0_0    0.00%    passed     94.91%
   3  19_0_0    0.00%    passed     91.89%
   4  5_0_0     0.00%    passed     98.43%
   5  12_0_0    0.00%    passed     99.47%
   6  6_0_0     0.00%    passed     95.79%
   7  17_0_0    0.00%    passed     92.64%
   8  4_0_0     0.00%    passed     85.98%
   9  9_0_0     0.00%    passed     87.23%
  10  13_0_0    0.00%    passed     98.74%
  11  3_0_0     0.00%    passed     99.06%
  12  7_0_0     0.00%    passed     99.15%
  13  15_0_0    0.00%    passed     88.64%
  14  8_0_0     0.00%    passed     71.46%
  15  18_0_0    0.00%    passed     99.74%
  16  14_0_0    0.00%    passed     99.43%
  17  11_0_0    0.00%    passed     95.75%
  18  1_0_0     0.00%    passed     99.64%
  19  16_0_0    0.00%    passed     99.08%
  20  2_0_0     0.00%    passed     98.16%
  21  10_0_0    0.00%    passed     93.12%
****  TOTAL     0.00%  0 sequences failed composition chi2 test (p-value<5%; df=3)

Create initial parsimony tree by phylogenetic likelihood library (PLL)... 0.000 seconds

NOTE: 1 MB RAM (0 GB) is required!
Measuring multi-threading efficiency up to 10 CPU cores
Increase to 10 rounds for branch lengths
1512 trees examined
Threads: 1 / Time: 10.002 sec / Speedup: 1.000 / Efficiency: 100% / LogL: -10424
Threads: 2 / Time: 13.651 sec / Speedup: 0.733 / Efficiency: 37% / LogL: -10424
BEST NUMBER OF THREADS: 1

Estimate model parameters (epsilon = 0.100)
1. Initial log-likelihood: -8572.675
2. Current log-likelihood: -8347.701
3. Current log-likelihood: -8344.274
Optimal log-likelihood: -8344.255
Rate parameters:  A-C: 1.00000  A-G: 1.94783  A-T: 1.00000  C-G: 1.00000  C-T: 1.94783  G-T: 1.00000
Base frequencies:  A: 0.301  C: 0.183  G: 0.217  T: 0.298
Gamma shape alpha: 0.206
Parameters optimization took 3 rounds (0.020 sec)
Wrote distance file to... 
Computing ML distances based on estimated model parameters...
Calculating distance matrix: done in 0.00127912 secs using 97.88% CPU
Computing ML distances took 0.001320 sec (of wall-clock time) 0.001279 sec (of CPU time)
Setting up auxiliary I and S matrices: done in 2.21729e-05 secs using 72.16% CPU
Computing RapidNJ tree took 0.000082 sec (of wall-clock time) 0.000083 sec (of CPU time)
Log-likelihood of RapidNJ tree: -8357.063
--------------------------------------------------------------------
|             INITIALIZING CANDIDATE TREE SET                      |
--------------------------------------------------------------------
Generating 98 parsimony trees... 0.058 second
Computing log-likelihood of 98 initial trees ... 0.122 seconds
Current best score: -8344.255

Do NNI search on 20 best initial trees
Estimate model parameters (epsilon = 0.100)
BETTER TREE FOUND at iteration 1: -8344.254
Iteration 10 / LogL: -8344.364 / Time: 0h:0m:23s
Iteration 20 / LogL: -8344.356 / Time: 0h:0m:24s
Finish initializing candidate tree set (1)
Current best tree score: -8344.254 / CPU time: 0.473
Number of iterations: 20
--------------------------------------------------------------------
|               OPTIMIZING CANDIDATE TREE SET                      |
--------------------------------------------------------------------
Iteration 30 / LogL: -8344.292 / Time: 0h:0m:24s (0h:0m:59s left)
Iteration 40 / LogL: -8344.316 / Time: 0h:0m:24s (0h:0m:38s left)
Iteration 50 / LogL: -8344.328 / Time: 0h:0m:24s (0h:0m:25s left)
Iteration 60 / LogL: -8344.263 / Time: 0h:0m:24s (0h:0m:17s left)
Iteration 70 / LogL: -8344.350 / Time: 0h:0m:25s (0h:0m:11s left)
Iteration 80 / LogL: -8346.222 / Time: 0h:0m:25s (0h:0m:6s left)
Iteration 90 / LogL: -8344.270 / Time: 0h:0m:25s (0h:0m:3s left)
Iteration 100 / LogL: -8344.255 / Time: 0h:0m:25s (0h:0m:0s left)
TREE SEARCH COMPLETED AFTER 102 ITERATIONS / Time: 0h:0m:25s

--------------------------------------------------------------------
|                    FINALIZING TREE SEARCH                        |
--------------------------------------------------------------------
Performs final model parameters optimization
Estimate model parameters (epsilon = 0.010)
1. Initial log-likelihood: -8344.254
Optimal log-likelihood: -8344.254
Rate parameters:  A-C: 1.00000  A-G: 1.94778  A-T: 1.00000  C-G: 1.00000  C-T: 1.94778  G-T: 1.00000
Base frequencies:  A: 0.301  C: 0.183  G: 0.217  T: 0.298
Gamma shape alpha: 0.205
Parameters optimization took 1 rounds (0.004 sec)
BEST SCORE FOUND : -8344.254

Testing tree branches by aBayes parametric test...
0.005 sec.
Total tree length: 0.867

Total number of iterations: 102
CPU time used for tree search: 1.868 sec (0h:0m:1s)
Wall-clock time used for tree search: 1.895 sec (0h:0m:1s)
Total CPU time used: 24.154 sec (0h:0m:24s)
Total wall-clock time used: 25.586 sec (0h:0m:25s)

Analysis results written to: 
  IQ-TREE report:                /Users/fahim/CSE6406-project/work/paper_subset_50x10_L1600/ils_low/replicate_10/estimated_gene_trees/L1600/hky_g4/locus_0050.iqtree
  Maximum-likelihood tree:       /Users/fahim/CSE6406-project/work/paper_subset_50x10_L1600/ils_low/replicate_10/estimated_gene_trees/L1600/hky_g4/locus_0050.treefile
  Likelihood distances:          /Users/fahim/CSE6406-project/work/paper_subset_50x10_L1600/ils_low/replicate_10/estimated_gene_trees/L1600/hky_g4/locus_0050.mldist
  Screen log file:               /Users/fahim/CSE6406-project/work/paper_subset_50x10_L1600/ils_low/replicate_10/estimated_gene_trees/L1600/hky_g4/locus_0050.log

Date and Time: Fri Sep 11 21:57:43 2026
