IQ-TREE multicore version 2.4.0 for MacOS ARM 64-bit built Feb 12 2025
Developed by Bui Quang Minh, Nguyen Lam Tung, Olga Chernomor, Heiko Schmidt,
Dominik Schrempf, Michael Woodhams, Ly Trong Nhan, Thomas Wong

Host:    Fahims-MacBook-Air.local (SSE4.2, 16 GB RAM)
Command: /Users/fahim/miniconda3/envs/cse6406/bin/iqtree2 -s /Users/fahim/CSE6406-project/work/paper_subset_50x10_L1600/ils_low/replicate_10/alignments/L1600/locus_0042.phy -m HKY+G4 --abayes -T AUTO --seed 7406043 --prefix /Users/fahim/CSE6406-project/work/paper_subset_50x10_L1600/ils_low/replicate_10/estimated_gene_trees/L1600/hky_g4/locus_0042 --redo --quiet
Seed:    7406043 (Using SPRNG - Scalable Parallel Random Number Generator)
Time:    Fri Sep 11 21:53:31 2026
Kernel:  SSE2 - auto-detect threads (10 CPU cores detected)

Reading alignment file /Users/fahim/CSE6406-project/work/paper_subset_50x10_L1600/ils_low/replicate_10/alignments/L1600/locus_0042.phy ... Phylip format detected
Alignment most likely contains DNA/RNA sequences
Alignment has 21 sequences with 1600 columns, 448 distinct patterns
331 parsimony-informative, 181 singleton sites, 1088 constant sites
        Gap/Ambiguity  Composition  p-value
Analyzing sequences: done in 4.1008e-05 secs using 82.91% CPU
   1  20_0_0    0.00%    passed     98.44%
   2  19_0_0    0.00%    passed     94.95%
   3  7_0_0     0.00%    passed     84.89%
   4  3_0_0     0.00%    passed     97.54%
   5  18_0_0    0.00%    passed     98.80%
   6  8_0_0     0.00%    passed     97.52%
   7  15_0_0    0.00%    passed     96.56%
   8  11_0_0    0.00%    passed     98.08%
   9  14_0_0    0.00%    passed     97.20%
  10  1_0_0     0.00%    passed     98.89%
  11  16_0_0    0.00%    passed     94.34%
  12  2_0_0     0.00%    passed     98.84%
  13  10_0_0    0.00%    passed     98.79%
  14  13_0_0    0.00%    passed     95.34%
  15  17_0_0    0.00%    passed     91.46%
  16  4_0_0     0.00%    passed     91.92%
  17  9_0_0     0.00%    passed     95.26%
  18  6_0_0     0.00%    passed     99.65%
  19  5_0_0     0.00%    passed     98.33%
  20  12_0_0    0.00%    passed     96.58%
  21  0_0_0     0.00%    passed     95.35%
****  TOTAL     0.00%  0 sequences failed composition chi2 test (p-value<5%; df=3)

Create initial parsimony tree by phylogenetic likelihood library (PLL)... 0.001 seconds

NOTE: 1 MB RAM (0 GB) is required!
Measuring multi-threading efficiency up to 10 CPU cores
Increase to 10 rounds for branch lengths
2065 trees examined
Threads: 1 / Time: 10.000 sec / Speedup: 1.000 / Efficiency: 100% / LogL: -10200
Threads: 2 / Time: 17.345 sec / Speedup: 0.577 / Efficiency: 29% / LogL: -10200
BEST NUMBER OF THREADS: 1

Estimate model parameters (epsilon = 0.100)
1. Initial log-likelihood: -8491.685
2. Current log-likelihood: -8262.740
3. Current log-likelihood: -8259.971
Optimal log-likelihood: -8259.965
Rate parameters:  A-C: 1.00000  A-G: 1.94073  A-T: 1.00000  C-G: 1.00000  C-T: 1.94073  G-T: 1.00000
Base frequencies:  A: 0.289  C: 0.202  G: 0.197  T: 0.312
Gamma shape alpha: 0.212
Parameters optimization took 3 rounds (0.022 sec)
Wrote distance file to... 
Computing ML distances based on estimated model parameters...
Calculating distance matrix: done in 0.00133896 secs using 99.11% CPU
Computing ML distances took 0.001386 sec (of wall-clock time) 0.001360 sec (of CPU time)
Setting up auxiliary I and S matrices: done in 2.28882e-05 secs using 74.27% CPU
Computing RapidNJ tree took 0.000084 sec (of wall-clock time) 0.000087 sec (of CPU time)
Log-likelihood of RapidNJ tree: -8273.901
--------------------------------------------------------------------
|             INITIALIZING CANDIDATE TREE SET                      |
--------------------------------------------------------------------
Generating 98 parsimony trees... 0.066 second
Computing log-likelihood of 98 initial trees ... 0.131 seconds
Current best score: -8258.308

Do NNI search on 20 best initial trees
Estimate model parameters (epsilon = 0.100)
BETTER TREE FOUND at iteration 1: -8258.124
Iteration 10 / LogL: -8258.141 / Time: 0h:0m:27s
Iteration 20 / LogL: -8258.163 / Time: 0h:0m:27s
Finish initializing candidate tree set (1)
Current best tree score: -8258.124 / CPU time: 0.482
Number of iterations: 20
--------------------------------------------------------------------
|               OPTIMIZING CANDIDATE TREE SET                      |
--------------------------------------------------------------------
Iteration 30 / LogL: -8258.206 / Time: 0h:0m:28s (0h:1m:8s left)
Iteration 40 / LogL: -8258.135 / Time: 0h:0m:28s (0h:0m:44s left)
Iteration 50 / LogL: -8258.228 / Time: 0h:0m:28s (0h:0m:29s left)
Iteration 60 / LogL: -8258.635 / Time: 0h:0m:28s (0h:0m:19s left)
Iteration 70 / LogL: -8258.195 / Time: 0h:0m:28s (0h:0m:12s left)
Iteration 80 / LogL: -8258.128 / Time: 0h:0m:28s (0h:0m:7s left)
Iteration 90 / LogL: -8258.126 / Time: 0h:0m:29s (0h:0m:3s left)
Iteration 100 / LogL: -8258.202 / Time: 0h:0m:29s (0h:0m:0s left)
TREE SEARCH COMPLETED AFTER 102 ITERATIONS / Time: 0h:0m:29s

--------------------------------------------------------------------
|                    FINALIZING TREE SEARCH                        |
--------------------------------------------------------------------
Performs final model parameters optimization
Estimate model parameters (epsilon = 0.010)
1. Initial log-likelihood: -8258.124
Optimal log-likelihood: -8258.124
Rate parameters:  A-C: 1.00000  A-G: 1.93953  A-T: 1.00000  C-G: 1.00000  C-T: 1.93953  G-T: 1.00000
Base frequencies:  A: 0.289  C: 0.202  G: 0.197  T: 0.312
Gamma shape alpha: 0.213
Parameters optimization took 1 rounds (0.003 sec)
BEST SCORE FOUND : -8258.124

Testing tree branches by aBayes parametric test...
0.004 sec.
Total tree length: 0.884

Total number of iterations: 102
CPU time used for tree search: 1.961 sec (0h:0m:1s)
Wall-clock time used for tree search: 1.994 sec (0h:0m:1s)
Total CPU time used: 28.133 sec (0h:0m:28s)
Total wall-clock time used: 29.379 sec (0h:0m:29s)

Analysis results written to: 
  IQ-TREE report:                /Users/fahim/CSE6406-project/work/paper_subset_50x10_L1600/ils_low/replicate_10/estimated_gene_trees/L1600/hky_g4/locus_0042.iqtree
  Maximum-likelihood tree:       /Users/fahim/CSE6406-project/work/paper_subset_50x10_L1600/ils_low/replicate_10/estimated_gene_trees/L1600/hky_g4/locus_0042.treefile
  Likelihood distances:          /Users/fahim/CSE6406-project/work/paper_subset_50x10_L1600/ils_low/replicate_10/estimated_gene_trees/L1600/hky_g4/locus_0042.mldist
  Screen log file:               /Users/fahim/CSE6406-project/work/paper_subset_50x10_L1600/ils_low/replicate_10/estimated_gene_trees/L1600/hky_g4/locus_0042.log

Date and Time: Fri Sep 11 21:54:01 2026
