IQ-TREE multicore version 2.4.0 for MacOS ARM 64-bit built Feb 12 2025
Developed by Bui Quang Minh, Nguyen Lam Tung, Olga Chernomor, Heiko Schmidt,
Dominik Schrempf, Michael Woodhams, Ly Trong Nhan, Thomas Wong

Host:    Fahims-MacBook-Air.local (SSE4.2, 16 GB RAM)
Command: /Users/fahim/miniconda3/envs/cse6406/bin/iqtree2 -s /Users/fahim/CSE6406-project/work/paper_subset_50x10_L1600/ils_low/replicate_10/alignments/L1600/locus_0005.phy -m HKY+G4 --abayes -T AUTO --seed 7406006 --prefix /Users/fahim/CSE6406-project/work/paper_subset_50x10_L1600/ils_low/replicate_10/estimated_gene_trees/L1600/hky_g4/locus_0005 --redo --quiet
Seed:    7406006 (Using SPRNG - Scalable Parallel Random Number Generator)
Time:    Fri Sep 11 21:36:34 2026
Kernel:  SSE2 - auto-detect threads (10 CPU cores detected)

Reading alignment file /Users/fahim/CSE6406-project/work/paper_subset_50x10_L1600/ils_low/replicate_10/alignments/L1600/locus_0005.phy ... Phylip format detected
Alignment most likely contains DNA/RNA sequences
Alignment has 21 sequences with 1600 columns, 422 distinct patterns
320 parsimony-informative, 163 singleton sites, 1117 constant sites
        Gap/Ambiguity  Composition  p-value
Analyzing sequences: done in 4.60148e-05 secs using 80.41% CPU
   1  13_0_0    0.00%    passed     99.23%
   2  16_0_0    0.00%    passed     97.34%
   3  1_0_0     0.00%    passed     91.56%
   4  7_0_0     0.00%    passed     93.85%
   5  3_0_0     0.00%    passed     85.80%
   6  15_0_0    0.00%    passed     99.82%
   7  8_0_0     0.00%    passed     99.72%
   8  18_0_0    0.00%    passed     99.62%
   9  11_0_0    0.00%    passed     99.47%
  10  14_0_0    0.00%    passed     99.63%
  11  10_0_0    0.00%    passed     98.24%
  12  2_0_0     0.00%    passed     89.62%
  13  12_0_0    0.00%    passed     94.35%
  14  6_0_0     0.00%    passed     98.95%
  15  5_0_0     0.00%    passed     92.32%
  16  17_0_0    0.00%    passed     97.87%
  17  4_0_0     0.00%    passed     99.53%
  18  9_0_0     0.00%    passed     97.51%
  19  20_0_0    0.00%    passed     95.70%
  20  19_0_0    0.00%    passed     96.28%
  21  0_0_0     0.00%    passed     98.34%
****  TOTAL     0.00%  0 sequences failed composition chi2 test (p-value<5%; df=3)

Create initial parsimony tree by phylogenetic likelihood library (PLL)... 0.000 seconds

NOTE: 1 MB RAM (0 GB) is required!
Measuring multi-threading efficiency up to 10 CPU cores
Increase to 10 rounds for branch lengths
1960 trees examined
Threads: 1 / Time: 10.003 sec / Speedup: 1.000 / Efficiency: 100% / LogL: -10261
Threads: 2 / Time: 15.443 sec / Speedup: 0.648 / Efficiency: 32% / LogL: -10261
BEST NUMBER OF THREADS: 1

Estimate model parameters (epsilon = 0.100)
1. Initial log-likelihood: -8307.312
2. Current log-likelihood: -8036.111
3. Current log-likelihood: -8031.395
Optimal log-likelihood: -8031.385
Rate parameters:  A-C: 1.00000  A-G: 1.95386  A-T: 1.00000  C-G: 1.00000  C-T: 1.95386  G-T: 1.00000
Base frequencies:  A: 0.306  C: 0.200  G: 0.190  T: 0.304
Gamma shape alpha: 0.181
Parameters optimization took 3 rounds (0.015 sec)
Wrote distance file to... 
Computing ML distances based on estimated model parameters...
Calculating distance matrix: done in 0.000964165 secs using 98.84% CPU
Computing ML distances took 0.000996 sec (of wall-clock time) 0.000976 sec (of CPU time)
Setting up auxiliary I and S matrices: done in 1.90735e-05 secs using 73.4% CPU
Computing RapidNJ tree took 0.000072 sec (of wall-clock time) 0.000070 sec (of CPU time)
Log-likelihood of RapidNJ tree: -8056.432
--------------------------------------------------------------------
|             INITIALIZING CANDIDATE TREE SET                      |
--------------------------------------------------------------------
Generating 98 parsimony trees... 0.055 second
Computing log-likelihood of 98 initial trees ... 0.118 seconds
Current best score: -8030.807

Do NNI search on 20 best initial trees
Estimate model parameters (epsilon = 0.100)
BETTER TREE FOUND at iteration 1: -8030.322
UPDATE BEST LOG-LIKELIHOOD: -8030.322
Iteration 10 / LogL: -8030.594 / Time: 0h:0m:25s
Iteration 20 / LogL: -8030.411 / Time: 0h:0m:25s
Finish initializing candidate tree set (5)
Current best tree score: -8030.322 / CPU time: 0.477
Number of iterations: 20
--------------------------------------------------------------------
|               OPTIMIZING CANDIDATE TREE SET                      |
--------------------------------------------------------------------
Iteration 30 / LogL: -8032.283 / Time: 0h:0m:26s (0h:1m:4s left)
Iteration 40 / LogL: -8030.411 / Time: 0h:0m:26s (0h:0m:41s left)
Iteration 50 / LogL: -8030.413 / Time: 0h:0m:26s (0h:0m:27s left)
Iteration 60 / LogL: -8032.283 / Time: 0h:0m:26s (0h:0m:18s left)
UPDATE BEST LOG-LIKELIHOOD: -8030.321
UPDATE BEST LOG-LIKELIHOOD: -8030.321
Iteration 70 / LogL: -8030.321 / Time: 0h:0m:26s (0h:0m:12s left)
Iteration 80 / LogL: -8030.405 / Time: 0h:0m:27s (0h:0m:7s left)
Iteration 90 / LogL: -8032.283 / Time: 0h:0m:27s (0h:0m:3s left)
Iteration 100 / LogL: -8030.417 / Time: 0h:0m:27s (0h:0m:0s left)
UPDATE BEST LOG-LIKELIHOOD: -8030.321
TREE SEARCH COMPLETED AFTER 102 ITERATIONS / Time: 0h:0m:27s

--------------------------------------------------------------------
|                    FINALIZING TREE SEARCH                        |
--------------------------------------------------------------------
Performs final model parameters optimization
Estimate model parameters (epsilon = 0.010)
1. Initial log-likelihood: -8030.321
Optimal log-likelihood: -8030.321
Rate parameters:  A-C: 1.00000  A-G: 1.94208  A-T: 1.00000  C-G: 1.00000  C-T: 1.94208  G-T: 1.00000
Base frequencies:  A: 0.306  C: 0.200  G: 0.190  T: 0.304
Gamma shape alpha: 0.180
Parameters optimization took 1 rounds (0.003 sec)
BEST SCORE FOUND : -8030.321

Testing tree branches by aBayes parametric test...
0.004 sec.
Total tree length: 0.908

Total number of iterations: 102
CPU time used for tree search: 2.183 sec (0h:0m:2s)
Wall-clock time used for tree search: 2.207 sec (0h:0m:2s)
Total CPU time used: 26.533 sec (0h:0m:26s)
Total wall-clock time used: 27.685 sec (0h:0m:27s)

Analysis results written to: 
  IQ-TREE report:                /Users/fahim/CSE6406-project/work/paper_subset_50x10_L1600/ils_low/replicate_10/estimated_gene_trees/L1600/hky_g4/locus_0005.iqtree
  Maximum-likelihood tree:       /Users/fahim/CSE6406-project/work/paper_subset_50x10_L1600/ils_low/replicate_10/estimated_gene_trees/L1600/hky_g4/locus_0005.treefile
  Likelihood distances:          /Users/fahim/CSE6406-project/work/paper_subset_50x10_L1600/ils_low/replicate_10/estimated_gene_trees/L1600/hky_g4/locus_0005.mldist
  Screen log file:               /Users/fahim/CSE6406-project/work/paper_subset_50x10_L1600/ils_low/replicate_10/estimated_gene_trees/L1600/hky_g4/locus_0005.log

Date and Time: Fri Sep 11 21:37:02 2026
