IQ-TREE multicore version 2.4.0 for Linux x86 64-bit built Feb 12 2025
Developed by Bui Quang Minh, Nguyen Lam Tung, Olga Chernomor, Heiko Schmidt,
Dominik Schrempf, Michael Woodhams, Ly Trong Nhan, Thomas Wong

Host:    ezmata (AVX2, FMA3, 15 GB RAM)
Command: /home/mis/miniconda3/envs/cse6406/bin/iqtree2 -s /home/mis/CSE6406-project/work/paper_subset_50x10_L1600/ils_high/replicate_09/alignments/L1600/locus_0029.phy -m GTR+G4 --abayes -T 1 --seed 7306030 --prefix /home/mis/CSE6406-project/work/paper_subset_50x10_L1600/ils_high/replicate_09/estimated_gene_trees/L1600/gtr_g4/locus_0029 --redo --quiet
Seed:    7306030 (Using SPRNG - Scalable Parallel Random Number Generator)
Time:    Sat Sep 12 22:03:22 2026
Kernel:  AVX+FMA - 1 threads (16 CPU cores detected)

HINT: Use -nt option to specify number of threads because your CPU has 16 cores!
HINT: -nt AUTO will automatically determine the best number of threads to use.

Reading alignment file /home/mis/CSE6406-project/work/paper_subset_50x10_L1600/ils_high/replicate_09/alignments/L1600/locus_0029.phy ... Phylip format detected
Alignment most likely contains DNA/RNA sequences
Alignment has 21 sequences with 1600 columns, 976 distinct patterns
869 parsimony-informative, 130 singleton sites, 601 constant sites
        Gap/Ambiguity  Composition  p-value
Analyzing sequences: done in 5.7787e-05 secs using 98.64% CPU
   1  0_0_0     0.00%    passed     17.41%
   2  8_0_0     0.00%    passed     83.12%
   3  19_0_0    0.00%    passed     99.12%
   4  6_0_0     0.00%    passed     91.23%
   5  4_0_0     0.00%    passed     26.46%
   6  11_0_0    0.00%    passed     36.28%
   7  18_0_0    0.00%    passed     90.12%
   8  15_0_0    0.00%    passed     74.06%
   9  17_0_0    0.00%    passed     86.72%
  10  7_0_0     0.00%    passed     94.56%
  11  5_0_0     0.00%    passed     77.22%
  12  10_0_0    0.00%    passed     72.55%
  13  2_0_0     0.00%    passed     90.28%
  14  14_0_0    0.00%    passed     91.53%
  15  13_0_0    0.00%    passed     48.87%
  16  3_0_0     0.00%    passed     20.18%
  17  9_0_0     0.00%    passed     94.60%
  18  20_0_0    0.00%    passed     85.98%
  19  12_0_0    0.00%    passed     84.79%
  20  1_0_0     0.00%    passed     88.57%
  21  16_0_0    0.00%    passed     93.50%
****  TOTAL     0.00%  0 sequences failed composition chi2 test (p-value<5%; df=3)

Create initial parsimony tree by phylogenetic likelihood library (PLL)... 0.003 seconds

NOTE: 2 MB RAM (0 GB) is required!
Estimate model parameters (epsilon = 0.100)
1. Initial log-likelihood: -25495.863
2. Current log-likelihood: -24489.965
3. Current log-likelihood: -24352.437
4. Current log-likelihood: -24328.801
5. Current log-likelihood: -24320.135
6. Current log-likelihood: -24316.238
7. Current log-likelihood: -24314.164
8. Current log-likelihood: -24313.112
9. Current log-likelihood: -24312.465
10. Current log-likelihood: -24312.104
11. Current log-likelihood: -24311.867
12. Current log-likelihood: -24311.749
Optimal log-likelihood: -24311.613
Rate parameters:  A-C: 0.77958  A-G: 1.71231  A-T: 0.80434  C-G: 0.83800  C-T: 1.67728  G-T: 1.00000
Base frequencies:  A: 0.308  C: 0.203  G: 0.196  T: 0.293
Gamma shape alpha: 0.186
Parameters optimization took 12 rounds (0.363 sec)
Wrote distance file to... 
Computing ML distances based on estimated model parameters...
Calculating distance matrix: done in 0.00321926 secs using 99.62% CPU
Computing ML distances took 0.003347 sec (of wall-clock time) 0.003335 sec (of CPU time)
Setting up auxiliary I and S matrices: done in 6.1074e-05 secs using 98.24% CPU
Computing RapidNJ tree took 0.000246 sec (of wall-clock time) 0.000461 sec (of CPU time)
Log-likelihood of RapidNJ tree: -24365.125
--------------------------------------------------------------------
|             INITIALIZING CANDIDATE TREE SET                      |
--------------------------------------------------------------------
Generating 98 parsimony trees... 0.284 second
Computing log-likelihood of 98 initial trees ... 0.524 seconds
Current best score: -24311.613

Do NNI search on 20 best initial trees
Estimate model parameters (epsilon = 0.100)
BETTER TREE FOUND at iteration 1: -24284.734
Estimate model parameters (epsilon = 0.100)
BETTER TREE FOUND at iteration 2: -24283.760
UPDATE BEST LOG-LIKELIHOOD: -24283.759
Iteration 10 / LogL: -24283.789 / Time: 0h:0m:2s
UPDATE BEST LOG-LIKELIHOOD: -24283.759
UPDATE BEST LOG-LIKELIHOOD: -24283.759
Iteration 20 / LogL: -24283.774 / Time: 0h:0m:3s
Finish initializing candidate tree set (2)
Current best tree score: -24283.759 / CPU time: 2.922
Number of iterations: 20
--------------------------------------------------------------------
|               OPTIMIZING CANDIDATE TREE SET                      |
--------------------------------------------------------------------
Iteration 30 / LogL: -24283.767 / Time: 0h:0m:4s (0h:0m:10s left)
Iteration 40 / LogL: -24283.759 / Time: 0h:0m:5s (0h:0m:8s left)
Iteration 50 / LogL: -24283.760 / Time: 0h:0m:6s (0h:0m:6s left)
Iteration 60 / LogL: -24283.775 / Time: 0h:0m:6s (0h:0m:4s left)
Iteration 70 / LogL: -24283.759 / Time: 0h:0m:7s (0h:0m:3s left)
Iteration 80 / LogL: -24283.760 / Time: 0h:0m:8s (0h:0m:2s left)
Iteration 90 / LogL: -24283.768 / Time: 0h:0m:9s (0h:0m:1s left)
Iteration 100 / LogL: -24283.760 / Time: 0h:0m:10s (0h:0m:0s left)
TREE SEARCH COMPLETED AFTER 103 ITERATIONS / Time: 0h:0m:11s

--------------------------------------------------------------------
|                    FINALIZING TREE SEARCH                        |
--------------------------------------------------------------------
Performs final model parameters optimization
Estimate model parameters (epsilon = 0.010)
1. Initial log-likelihood: -24283.759
Optimal log-likelihood: -24283.746
Rate parameters:  A-C: 0.77194  A-G: 1.72464  A-T: 0.81148  C-G: 0.84051  C-T: 1.70280  G-T: 1.00000
Base frequencies:  A: 0.308  C: 0.203  G: 0.196  T: 0.293
Gamma shape alpha: 0.184
Parameters optimization took 1 rounds (0.018 sec)
BEST SCORE FOUND : -24283.746

Testing tree branches by aBayes parametric test...
0.019 sec.
Total tree length: 20.485

Total number of iterations: 103
CPU time used for tree search: 10.692 sec (0h:0m:10s)
Wall-clock time used for tree search: 10.809 sec (0h:0m:10s)
Total CPU time used: 11.128 sec (0h:0m:11s)
Total wall-clock time used: 11.249 sec (0h:0m:11s)

Analysis results written to: 
  IQ-TREE report:                /home/mis/CSE6406-project/work/paper_subset_50x10_L1600/ils_high/replicate_09/estimated_gene_trees/L1600/gtr_g4/locus_0029.iqtree
  Maximum-likelihood tree:       /home/mis/CSE6406-project/work/paper_subset_50x10_L1600/ils_high/replicate_09/estimated_gene_trees/L1600/gtr_g4/locus_0029.treefile
  Likelihood distances:          /home/mis/CSE6406-project/work/paper_subset_50x10_L1600/ils_high/replicate_09/estimated_gene_trees/L1600/gtr_g4/locus_0029.mldist
  Screen log file:               /home/mis/CSE6406-project/work/paper_subset_50x10_L1600/ils_high/replicate_09/estimated_gene_trees/L1600/gtr_g4/locus_0029.log

Date and Time: Sat Sep 12 22:03:33 2026
