IQ-TREE multicore version 2.4.0 for Linux x86 64-bit built Feb 12 2025
Developed by Bui Quang Minh, Nguyen Lam Tung, Olga Chernomor, Heiko Schmidt,
Dominik Schrempf, Michael Woodhams, Ly Trong Nhan, Thomas Wong

Host:    ezmata (AVX2, FMA3, 15 GB RAM)
Command: /home/mis/miniconda3/envs/cse6406/bin/iqtree2 -s /home/mis/CSE6406-project/work/paper_subset_50x10_L1600/ils_high/replicate_09/alignments/L1600/locus_0025.phy -m GTR+G4 --abayes -T 1 --seed 7306026 --prefix /home/mis/CSE6406-project/work/paper_subset_50x10_L1600/ils_high/replicate_09/estimated_gene_trees/L1600/gtr_g4/locus_0025 --redo --quiet
Seed:    7306026 (Using SPRNG - Scalable Parallel Random Number Generator)
Time:    Sat Sep 12 22:03:12 2026
Kernel:  AVX+FMA - 1 threads (16 CPU cores detected)

HINT: Use -nt option to specify number of threads because your CPU has 16 cores!
HINT: -nt AUTO will automatically determine the best number of threads to use.

Reading alignment file /home/mis/CSE6406-project/work/paper_subset_50x10_L1600/ils_high/replicate_09/alignments/L1600/locus_0025.phy ... Phylip format detected
Alignment most likely contains DNA/RNA sequences
Alignment has 21 sequences with 1600 columns, 947 distinct patterns
828 parsimony-informative, 155 singleton sites, 617 constant sites
        Gap/Ambiguity  Composition  p-value
Analyzing sequences: done in 5.4496e-05 secs using 99.09% CPU
   1  8_0_0     0.00%    passed     97.84%
   2  0_0_0     0.00%    passed     26.53%
   3  16_0_0    0.00%    passed     73.32%
   4  1_0_0     0.00%    passed     72.70%
   5  4_0_0     0.00%    passed     55.37%
   6  7_0_0     0.00%    passed     75.42%
   7  10_0_0    0.00%    passed     76.41%
   8  3_0_0     0.00%    passed     92.08%
   9  2_0_0     0.00%    passed     94.29%
  10  15_0_0    0.00%    passed     74.35%
  11  5_0_0     0.00%    passed     41.42%
  12  18_0_0    0.00%    passed     97.78%
  13  17_0_0    0.00%    passed     89.11%
  14  9_0_0     0.00%    passed     87.49%
  15  12_0_0    0.00%    passed     90.67%
  16  19_0_0    0.00%    passed     88.95%
  17  14_0_0    0.00%    passed     93.72%
  18  13_0_0    0.00%    passed     49.67%
  19  20_0_0    0.00%    passed     40.90%
  20  6_0_0     0.00%    passed     99.52%
  21  11_0_0    0.00%    passed     95.23%
****  TOTAL     0.00%  0 sequences failed composition chi2 test (p-value<5%; df=3)

Create initial parsimony tree by phylogenetic likelihood library (PLL)... 0.002 seconds

NOTE: 2 MB RAM (0 GB) is required!
Estimate model parameters (epsilon = 0.100)
1. Initial log-likelihood: -24070.608
2. Current log-likelihood: -23004.855
3. Current log-likelihood: -22842.582
4. Current log-likelihood: -22820.306
5. Current log-likelihood: -22813.245
6. Current log-likelihood: -22810.430
7. Current log-likelihood: -22809.162
8. Current log-likelihood: -22808.588
9. Current log-likelihood: -22808.300
10. Current log-likelihood: -22808.190
Optimal log-likelihood: -22808.072
Rate parameters:  A-C: 0.92329  A-G: 1.92294  A-T: 0.91388  C-G: 1.08216  C-T: 2.10813  G-T: 1.00000
Base frequencies:  A: 0.302  C: 0.183  G: 0.207  T: 0.308
Gamma shape alpha: 0.201
Parameters optimization took 10 rounds (0.304 sec)
Wrote distance file to... 
Computing ML distances based on estimated model parameters...
Calculating distance matrix: done in 0.00301043 secs using 99.95% CPU
Computing ML distances took 0.003146 sec (of wall-clock time) 0.003146 sec (of CPU time)
Setting up auxiliary I and S matrices: done in 5.8395e-05 secs using 97.61% CPU
Computing RapidNJ tree took 0.000235 sec (of wall-clock time) 0.000234 sec (of CPU time)
Log-likelihood of RapidNJ tree: -22796.887
--------------------------------------------------------------------
|             INITIALIZING CANDIDATE TREE SET                      |
--------------------------------------------------------------------
Generating 98 parsimony trees... 0.316 second
Computing log-likelihood of 98 initial trees ... 0.605 seconds
Current best score: -22796.887

Do NNI search on 20 best initial trees
Estimate model parameters (epsilon = 0.100)
BETTER TREE FOUND at iteration 1: -22775.813
UPDATE BEST LOG-LIKELIHOOD: -22775.810
Iteration 10 / LogL: -22778.804 / Time: 0h:0m:2s
Iteration 20 / LogL: -22811.369 / Time: 0h:0m:4s
Finish initializing candidate tree set (11)
Current best tree score: -22775.810 / CPU time: 4.329
Number of iterations: 20
--------------------------------------------------------------------
|               OPTIMIZING CANDIDATE TREE SET                      |
--------------------------------------------------------------------
Iteration 30 / LogL: -22792.639 / Time: 0h:0m:5s (0h:0m:13s left)
Iteration 40 / LogL: -22775.828 / Time: 0h:0m:7s (0h:0m:11s left)
Iteration 50 / LogL: -22776.134 / Time: 0h:0m:9s (0h:0m:10s left)
UPDATE BEST LOG-LIKELIHOOD: -22775.810
Iteration 60 / LogL: -22775.818 / Time: 0h:0m:12s (0h:0m:8s left)
Iteration 70 / LogL: -22775.884 / Time: 0h:0m:14s (0h:0m:6s left)
UPDATE BEST LOG-LIKELIHOOD: -22775.810
Iteration 80 / LogL: -22775.814 / Time: 0h:0m:16s (0h:0m:4s left)
Iteration 90 / LogL: -22776.625 / Time: 0h:0m:18s (0h:0m:2s left)
Iteration 100 / LogL: -22775.814 / Time: 0h:0m:21s (0h:0m:0s left)
TREE SEARCH COMPLETED AFTER 102 ITERATIONS / Time: 0h:0m:21s

--------------------------------------------------------------------
|                    FINALIZING TREE SEARCH                        |
--------------------------------------------------------------------
Performs final model parameters optimization
Estimate model parameters (epsilon = 0.010)
1. Initial log-likelihood: -22775.810
2. Current log-likelihood: -22775.783
3. Current log-likelihood: -22775.761
4. Current log-likelihood: -22775.751
Optimal log-likelihood: -22775.743
Rate parameters:  A-C: 0.93094  A-G: 1.93442  A-T: 0.90845  C-G: 1.10159  C-T: 2.11092  G-T: 1.00000
Base frequencies:  A: 0.302  C: 0.183  G: 0.207  T: 0.308
Gamma shape alpha: 0.198
Parameters optimization took 4 rounds (0.146 sec)
BEST SCORE FOUND : -22775.743

Testing tree branches by aBayes parametric test...
0.044 sec.
Total tree length: 19.869

Total number of iterations: 102
CPU time used for tree search: 21.065 sec (0h:0m:21s)
Wall-clock time used for tree search: 21.272 sec (0h:0m:21s)
Total CPU time used: 21.596 sec (0h:0m:21s)
Total wall-clock time used: 21.813 sec (0h:0m:21s)

Analysis results written to: 
  IQ-TREE report:                /home/mis/CSE6406-project/work/paper_subset_50x10_L1600/ils_high/replicate_09/estimated_gene_trees/L1600/gtr_g4/locus_0025.iqtree
  Maximum-likelihood tree:       /home/mis/CSE6406-project/work/paper_subset_50x10_L1600/ils_high/replicate_09/estimated_gene_trees/L1600/gtr_g4/locus_0025.treefile
  Likelihood distances:          /home/mis/CSE6406-project/work/paper_subset_50x10_L1600/ils_high/replicate_09/estimated_gene_trees/L1600/gtr_g4/locus_0025.mldist
  Screen log file:               /home/mis/CSE6406-project/work/paper_subset_50x10_L1600/ils_high/replicate_09/estimated_gene_trees/L1600/gtr_g4/locus_0025.log

Date and Time: Sat Sep 12 22:03:34 2026
