IQ-TREE multicore version 2.4.0 for Linux x86 64-bit built Feb 12 2025
Developed by Bui Quang Minh, Nguyen Lam Tung, Olga Chernomor, Heiko Schmidt,
Dominik Schrempf, Michael Woodhams, Ly Trong Nhan, Thomas Wong

Host:    ezmata (AVX2, FMA3, 15 GB RAM)
Command: /home/mis/miniconda3/envs/cse6406/bin/iqtree2 -s /home/mis/CSE6406-project/work/paper_subset_50x10_L1600/ils_high/replicate_09/alignments/L1600/locus_0002.phy -m GTR+G4 --abayes -T 1 --seed 7306003 --prefix /home/mis/CSE6406-project/work/paper_subset_50x10_L1600/ils_high/replicate_09/estimated_gene_trees/L1600/gtr_g4/locus_0002 --redo --quiet
Seed:    7306003 (Using SPRNG - Scalable Parallel Random Number Generator)
Time:    Sat Sep 12 22:02:41 2026
Kernel:  AVX+FMA - 1 threads (16 CPU cores detected)

HINT: Use -nt option to specify number of threads because your CPU has 16 cores!
HINT: -nt AUTO will automatically determine the best number of threads to use.

Reading alignment file /home/mis/CSE6406-project/work/paper_subset_50x10_L1600/ils_high/replicate_09/alignments/L1600/locus_0002.phy ... Phylip format detected
Alignment most likely contains DNA/RNA sequences
Alignment has 21 sequences with 1600 columns, 981 distinct patterns
872 parsimony-informative, 146 singleton sites, 582 constant sites
        Gap/Ambiguity  Composition  p-value
Analyzing sequences: done in 9.8136e-05 secs using 26.49% CPU
   1  0_0_0     0.00%    passed     44.95%
   2  1_0_0     0.00%    passed     86.25%
   3  9_0_0     0.00%    passed     41.08%
   4  20_0_0    0.00%    passed     75.47%
   5  12_0_0    0.00%    passed     89.84%
   6  3_0_0     0.00%    passed     89.35%
   7  6_0_0     0.00%    passed     65.45%
   8  19_0_0    0.00%    passed     82.45%
   9  13_0_0    0.00%    passed     58.60%
  10  4_0_0     0.00%    passed     68.13%
  11  14_0_0    0.00%    passed     89.83%
  12  11_0_0    0.00%    passed     54.44%
  13  17_0_0    0.00%    passed     60.86%
  14  15_0_0    0.00%    passed     46.07%
  15  10_0_0    0.00%    passed     69.33%
  16  2_0_0     0.00%    passed     92.06%
  17  5_0_0     0.00%    passed     46.52%
  18  18_0_0    0.00%    passed     70.95%
  19  8_0_0     0.00%    passed     87.86%
  20  7_0_0     0.00%    passed     94.79%
  21  16_0_0    0.00%    passed     94.96%
****  TOTAL     0.00%  0 sequences failed composition chi2 test (p-value<5%; df=3)

Create initial parsimony tree by phylogenetic likelihood library (PLL)... 0.005 seconds

NOTE: 2 MB RAM (0 GB) is required!
Estimate model parameters (epsilon = 0.100)
1. Initial log-likelihood: -25456.703
2. Current log-likelihood: -24397.313
3. Current log-likelihood: -24258.389
4. Current log-likelihood: -24235.799
5. Current log-likelihood: -24228.520
6. Current log-likelihood: -24225.765
7. Current log-likelihood: -24224.557
8. Current log-likelihood: -24224.020
9. Current log-likelihood: -24223.749
10. Current log-likelihood: -24223.640
Optimal log-likelihood: -24223.537
Rate parameters:  A-C: 0.86673  A-G: 2.27003  A-T: 1.00890  C-G: 0.95523  C-T: 2.09863  G-T: 1.00000
Base frequencies:  A: 0.290  C: 0.209  G: 0.194  T: 0.307
Gamma shape alpha: 0.196
Parameters optimization took 10 rounds (0.359 sec)
Wrote distance file to... 
Computing ML distances based on estimated model parameters...
Calculating distance matrix: done in 0.00529255 secs using 99.97% CPU
Computing ML distances took 0.005470 sec (of wall-clock time) 0.005473 sec (of CPU time)
WARNING: Some pairwise ML distances are too long (saturated)
Setting up auxiliary I and S matrices: done in 5.7828e-05 secs
Computing RapidNJ tree took 0.000231 sec (of wall-clock time) 0.000000 sec (of CPU time)
Log-likelihood of RapidNJ tree: -24284.291
--------------------------------------------------------------------
|             INITIALIZING CANDIDATE TREE SET                      |
--------------------------------------------------------------------
Generating 98 parsimony trees... 0.350 second
Computing log-likelihood of 98 initial trees ... 0.567 seconds
Current best score: -24223.537

Do NNI search on 20 best initial trees
Estimate model parameters (epsilon = 0.100)
BETTER TREE FOUND at iteration 1: -24219.924
Iteration 10 / LogL: -24219.928 / Time: 0h:0m:2s
UPDATE BEST LOG-LIKELIHOOD: -24219.924
Iteration 20 / LogL: -24219.924 / Time: 0h:0m:3s
Finish initializing candidate tree set (2)
Current best tree score: -24219.924 / CPU time: 2.868
Number of iterations: 20
--------------------------------------------------------------------
|               OPTIMIZING CANDIDATE TREE SET                      |
--------------------------------------------------------------------
Iteration 30 / LogL: -24235.777 / Time: 0h:0m:4s (0h:0m:10s left)
Iteration 40 / LogL: -24220.195 / Time: 0h:0m:5s (0h:0m:7s left)
Iteration 50 / LogL: -24236.291 / Time: 0h:0m:6s (0h:0m:6s left)
Iteration 60 / LogL: -24235.852 / Time: 0h:0m:6s (0h:0m:4s left)
Iteration 70 / LogL: -24219.938 / Time: 0h:0m:7s (0h:0m:3s left)
Iteration 80 / LogL: -24235.777 / Time: 0h:0m:8s (0h:0m:2s left)
Iteration 90 / LogL: -24219.926 / Time: 0h:0m:9s (0h:0m:1s left)
Iteration 100 / LogL: -24219.926 / Time: 0h:0m:10s (0h:0m:0s left)
TREE SEARCH COMPLETED AFTER 102 ITERATIONS / Time: 0h:0m:10s

--------------------------------------------------------------------
|                    FINALIZING TREE SEARCH                        |
--------------------------------------------------------------------
Performs final model parameters optimization
Estimate model parameters (epsilon = 0.010)
1. Initial log-likelihood: -24219.924
Optimal log-likelihood: -24219.915
Rate parameters:  A-C: 0.86686  A-G: 2.27032  A-T: 1.01090  C-G: 0.95528  C-T: 2.10721  G-T: 1.00000
Base frequencies:  A: 0.290  C: 0.209  G: 0.194  T: 0.307
Gamma shape alpha: 0.195
Parameters optimization took 1 rounds (0.022 sec)
BEST SCORE FOUND : -24219.915

Testing tree branches by aBayes parametric test...
0.021 sec.
Total tree length: 18.937

Total number of iterations: 102
CPU time used for tree search: 9.983 sec (0h:0m:9s)
Wall-clock time used for tree search: 10.133 sec (0h:0m:10s)
Total CPU time used: 10.437 sec (0h:0m:10s)
Total wall-clock time used: 10.592 sec (0h:0m:10s)

Analysis results written to: 
  IQ-TREE report:                /home/mis/CSE6406-project/work/paper_subset_50x10_L1600/ils_high/replicate_09/estimated_gene_trees/L1600/gtr_g4/locus_0002.iqtree
  Maximum-likelihood tree:       /home/mis/CSE6406-project/work/paper_subset_50x10_L1600/ils_high/replicate_09/estimated_gene_trees/L1600/gtr_g4/locus_0002.treefile
  Likelihood distances:          /home/mis/CSE6406-project/work/paper_subset_50x10_L1600/ils_high/replicate_09/estimated_gene_trees/L1600/gtr_g4/locus_0002.mldist
  Screen log file:               /home/mis/CSE6406-project/work/paper_subset_50x10_L1600/ils_high/replicate_09/estimated_gene_trees/L1600/gtr_g4/locus_0002.log

Date and Time: Sat Sep 12 22:02:52 2026
