IQ-TREE multicore version 2.4.0 for Linux x86 64-bit built Feb 12 2025
Developed by Bui Quang Minh, Nguyen Lam Tung, Olga Chernomor, Heiko Schmidt,
Dominik Schrempf, Michael Woodhams, Ly Trong Nhan, Thomas Wong

Host:    ezmata (AVX2, FMA3, 15 GB RAM)
Command: /home/mis/miniconda3/envs/cse6406/bin/iqtree2 -s /home/mis/CSE6406-project/work/paper_subset_50x10_L1600/ils_high/replicate_09/alignments/L1600/locus_0047.phy -m GTR+G4 --abayes -T 1 --seed 7306048 --prefix /home/mis/CSE6406-project/work/paper_subset_50x10_L1600/ils_high/replicate_09/estimated_gene_trees/L1600/gtr_g4/locus_0047 --redo --quiet
Seed:    7306048 (Using SPRNG - Scalable Parallel Random Number Generator)
Time:    Sat Sep 12 22:03:51 2026
Kernel:  AVX+FMA - 1 threads (16 CPU cores detected)

HINT: Use -nt option to specify number of threads because your CPU has 16 cores!
HINT: -nt AUTO will automatically determine the best number of threads to use.

Reading alignment file /home/mis/CSE6406-project/work/paper_subset_50x10_L1600/ils_high/replicate_09/alignments/L1600/locus_0047.phy ... Phylip format detected
Alignment most likely contains DNA/RNA sequences
Alignment has 21 sequences with 1600 columns, 943 distinct patterns
832 parsimony-informative, 156 singleton sites, 612 constant sites
        Gap/Ambiguity  Composition  p-value
Analyzing sequences: done in 0.000132891 secs using 97.82% CPU
   1  4_0_0     0.00%    passed     95.38%
   2  2_0_0     0.00%    passed     89.27%
   3  10_0_0    0.00%    passed     83.77%
   4  7_0_0     0.00%    passed     89.49%
   5  5_0_0     0.00%    passed     19.13%
   6  15_0_0    0.00%    passed     76.07%
   7  18_0_0    0.00%    passed     75.82%
   8  17_0_0    0.00%    passed     55.07%
   9  3_0_0     0.00%    passed     70.89%
  10  20_0_0    0.00%    passed     67.22%
  11  12_0_0    0.00%    passed     58.31%
  12  6_0_0     0.00%    passed     43.42%
  13  19_0_0    0.00%    passed     87.33%
  14  9_0_0     0.00%    passed     96.47%
  15  1_0_0     0.00%    passed     98.92%
  16  16_0_0    0.00%    passed     88.92%
  17  8_0_0     0.00%    passed     70.51%
  18  11_0_0    0.00%    passed     81.73%
  19  13_0_0    0.00%    passed     59.92%
  20  14_0_0    0.00%    passed     58.00%
  21  0_0_0     0.00%    passed     79.70%
****  TOTAL     0.00%  0 sequences failed composition chi2 test (p-value<5%; df=3)

Create initial parsimony tree by phylogenetic likelihood library (PLL)... 0.005 seconds

NOTE: 2 MB RAM (0 GB) is required!
Estimate model parameters (epsilon = 0.100)
1. Initial log-likelihood: -24057.750
2. Current log-likelihood: -23028.224
3. Current log-likelihood: -22878.401
4. Current log-likelihood: -22855.624
5. Current log-likelihood: -22848.695
6. Current log-likelihood: -22846.021
7. Current log-likelihood: -22844.882
8. Current log-likelihood: -22844.349
9. Current log-likelihood: -22844.102
Optimal log-likelihood: -22843.958
Rate parameters:  A-C: 0.85831  A-G: 2.18043  A-T: 0.77090  C-G: 0.97643  C-T: 1.77352  G-T: 1.00000
Base frequencies:  A: 0.292  C: 0.213  G: 0.190  T: 0.305
Gamma shape alpha: 0.191
Parameters optimization took 9 rounds (0.736 sec)
Wrote distance file to... 
Computing ML distances based on estimated model parameters...
Calculating distance matrix: done in 0.00569248 secs using 99.94% CPU
Computing ML distances took 0.005938 sec (of wall-clock time) 0.005940 sec (of CPU time)
Setting up auxiliary I and S matrices: done in 6.4321e-05 secs
Computing RapidNJ tree took 0.000259 sec (of wall-clock time) 0.000000 sec (of CPU time)
Log-likelihood of RapidNJ tree: -22846.060
--------------------------------------------------------------------
|             INITIALIZING CANDIDATE TREE SET                      |
--------------------------------------------------------------------
Generating 98 parsimony trees... 0.585 second
Computing log-likelihood of 98 initial trees ... 1.312 seconds
Current best score: -22843.958

Do NNI search on 20 best initial trees
Estimate model parameters (epsilon = 0.100)
BETTER TREE FOUND at iteration 1: -22835.724
UPDATE BEST LOG-LIKELIHOOD: -22835.715
UPDATE BEST LOG-LIKELIHOOD: -22835.712
UPDATE BEST LOG-LIKELIHOOD: -22835.711
Iteration 10 / LogL: -22835.722 / Time: 0h:0m:5s
Iteration 20 / LogL: -22835.713 / Time: 0h:0m:7s
Finish initializing candidate tree set (7)
Current best tree score: -22835.711 / CPU time: 7.072
Number of iterations: 20
--------------------------------------------------------------------
|               OPTIMIZING CANDIDATE TREE SET                      |
--------------------------------------------------------------------
Iteration 30 / LogL: -22835.776 / Time: 0h:0m:10s (0h:0m:25s left)
Iteration 40 / LogL: -22835.775 / Time: 0h:0m:12s (0h:0m:19s left)
UPDATE BEST LOG-LIKELIHOOD: -22835.711
Iteration 50 / LogL: -22838.034 / Time: 0h:0m:15s (0h:0m:15s left)
Iteration 60 / LogL: -22837.762 / Time: 0h:0m:17s (0h:0m:12s left)
Iteration 70 / LogL: -22835.775 / Time: 0h:0m:19s (0h:0m:8s left)
Iteration 80 / LogL: -22836.087 / Time: 0h:0m:22s (0h:0m:5s left)
Iteration 90 / LogL: -22835.712 / Time: 0h:0m:24s (0h:0m:3s left)
Iteration 100 / LogL: -22835.775 / Time: 0h:0m:27s (0h:0m:0s left)
TREE SEARCH COMPLETED AFTER 102 ITERATIONS / Time: 0h:0m:27s

--------------------------------------------------------------------
|                    FINALIZING TREE SEARCH                        |
--------------------------------------------------------------------
Performs final model parameters optimization
Estimate model parameters (epsilon = 0.010)
1. Initial log-likelihood: -22835.711
2. Current log-likelihood: -22835.690
3. Current log-likelihood: -22835.667
Optimal log-likelihood: -22835.657
Rate parameters:  A-C: 0.84901  A-G: 2.18832  A-T: 0.77407  C-G: 0.96567  C-T: 1.76723  G-T: 1.00000
Base frequencies:  A: 0.292  C: 0.213  G: 0.190  T: 0.305
Gamma shape alpha: 0.188
Parameters optimization took 3 rounds (0.110 sec)
BEST SCORE FOUND : -22835.657

Testing tree branches by aBayes parametric test...
0.045 sec.
Total tree length: 18.988

Total number of iterations: 102
CPU time used for tree search: 26.645 sec (0h:0m:26s)
Wall-clock time used for tree search: 26.912 sec (0h:0m:26s)
Total CPU time used: 27.606 sec (0h:0m:27s)
Total wall-clock time used: 27.877 sec (0h:0m:27s)

Analysis results written to: 
  IQ-TREE report:                /home/mis/CSE6406-project/work/paper_subset_50x10_L1600/ils_high/replicate_09/estimated_gene_trees/L1600/gtr_g4/locus_0047.iqtree
  Maximum-likelihood tree:       /home/mis/CSE6406-project/work/paper_subset_50x10_L1600/ils_high/replicate_09/estimated_gene_trees/L1600/gtr_g4/locus_0047.treefile
  Likelihood distances:          /home/mis/CSE6406-project/work/paper_subset_50x10_L1600/ils_high/replicate_09/estimated_gene_trees/L1600/gtr_g4/locus_0047.mldist
  Screen log file:               /home/mis/CSE6406-project/work/paper_subset_50x10_L1600/ils_high/replicate_09/estimated_gene_trees/L1600/gtr_g4/locus_0047.log

Date and Time: Sat Sep 12 22:04:19 2026
