IQ-TREE multicore version 2.4.0 for MacOS ARM 64-bit built Feb 12 2025
Developed by Bui Quang Minh, Nguyen Lam Tung, Olga Chernomor, Heiko Schmidt,
Dominik Schrempf, Michael Woodhams, Ly Trong Nhan, Thomas Wong

Host:    Fahims-MacBook-Air.local (SSE4.2, 16 GB RAM)
Command: /Users/fahim/miniconda3/envs/cse6406/bin/iqtree2 -s /Users/fahim/CSE6406-project/work/paper_subset_10x2_L1600/ils_low/replicate_01/alignments/L1600/locus_0004.phy -m HKY+G4 --abayes -T AUTO --seed 6506005 --prefix /Users/fahim/CSE6406-project/work/paper_subset_10x2_L1600/ils_low/replicate_01/estimated_gene_trees/L1600/hky_g4/locus_0004 --redo --quiet
Seed:    6506005 (Using SPRNG - Scalable Parallel Random Number Generator)
Time:    Thu Sep 10 16:30:13 2026
Kernel:  SSE2 - auto-detect threads (10 CPU cores detected)

Reading alignment file /Users/fahim/CSE6406-project/work/paper_subset_10x2_L1600/ils_low/replicate_01/alignments/L1600/locus_0004.phy ... Phylip format detected
Alignment most likely contains DNA/RNA sequences
Alignment has 21 sequences with 1600 columns, 52 distinct patterns
10 parsimony-informative, 53 singleton sites, 1537 constant sites
        Gap/Ambiguity  Composition  p-value
Analyzing sequences: done in 5.38826e-05 secs using 50.11% CPU
   1  3_0_0     0.00%    passed     99.99%
   2  2_0_0     0.00%    passed     99.99%
   3  4_0_0     0.00%    passed     99.99%
   4  1_0_0     0.00%    passed     99.93%
   5  6_0_0     0.00%    passed     99.94%
   6  13_0_0    0.00%    passed     99.99%
   7  12_0_0    0.00%    passed     99.94%
   8  18_0_0    0.00%    passed     99.94%
   9  17_0_0    0.00%    passed     99.99%
  10  15_0_0    0.00%    passed     99.99%
  11  10_0_0    0.00%    passed     99.75%
  12  9_0_0     0.00%    passed     99.69%
  13  5_0_0     0.00%    passed     99.98%
  14  19_0_0    0.00%    passed     99.96%
  15  7_0_0     0.00%    passed     99.94%
  16  11_0_0    0.00%    passed     99.99%
  17  14_0_0    0.00%    passed     99.99%
  18  8_0_0     0.00%    passed     99.73%
  19  20_0_0    0.00%    passed     99.98%
  20  16_0_0    0.00%    passed     99.97%
  21  0_0_0     0.00%    passed     99.75%
****  TOTAL     0.00%  0 sequences failed composition chi2 test (p-value<5%; df=3)
NOTE: 15_0_0 is identical to 17_0_0 but kept for subsequent analysis

Create initial parsimony tree by phylogenetic likelihood library (PLL)... 0.000 seconds

NOTE: 0 MB RAM (0 GB) is required!
Measuring multi-threading efficiency up to 10 CPU cores
Increase to 10 rounds for branch lengths
17524 trees examined
Threads: 1 / Time: 10.000 sec / Speedup: 1.000 / Efficiency: 100% / LogL: -2904
Threads: 2 / Time: 39.953 sec / Speedup: 0.250 / Efficiency: 13% / LogL: -2904
BEST NUMBER OF THREADS: 1

Estimate model parameters (epsilon = 0.100)
1. Initial log-likelihood: -2733.844
2. Current log-likelihood: -2724.982
Optimal log-likelihood: -2724.980
Rate parameters:  A-C: 1.00000  A-G: 2.42000  A-T: 1.00000  C-G: 1.00000  C-T: 2.42000  G-T: 1.00000
Base frequencies:  A: 0.287  C: 0.191  G: 0.209  T: 0.312
Gamma shape alpha: 0.020
Parameters optimization took 2 rounds (0.003 sec)
Wrote distance file to... 
Computing ML distances based on estimated model parameters...
Calculating distance matrix: done in 0.00157213 secs using 99.61% CPU
Computing ML distances took 0.001592 sec (of wall-clock time) 0.001576 sec (of CPU time)
Setting up auxiliary I and S matrices: done in 2.09808e-05 secs using 76.26% CPU
Computing RapidNJ tree took 0.000085 sec (of wall-clock time) 0.000085 sec (of CPU time)
Log-likelihood of RapidNJ tree: -2731.305
--------------------------------------------------------------------
|             INITIALIZING CANDIDATE TREE SET                      |
--------------------------------------------------------------------
Generating 98 parsimony trees... 0.021 second
Computing log-likelihood of 98 initial trees ... 0.023 seconds
Current best score: -2724.980

Do NNI search on 20 best initial trees
Estimate model parameters (epsilon = 0.100)
BETTER TREE FOUND at iteration 1: -2724.980
BETTER TREE FOUND at iteration 2: -2724.980
Iteration 10 / LogL: -2724.980 / Time: 0h:0m:50s
Iteration 20 / LogL: -2724.980 / Time: 0h:0m:50s
Finish initializing candidate tree set (20)
Current best tree score: -2724.980 / CPU time: 0.083
Number of iterations: 20
--------------------------------------------------------------------
|               OPTIMIZING CANDIDATE TREE SET                      |
--------------------------------------------------------------------
Iteration 30 / LogL: -2724.985 / Time: 0h:0m:50s (0h:2m:4s left)
Iteration 40 / LogL: -2724.985 / Time: 0h:0m:50s (0h:1m:19s left)
Iteration 50 / LogL: -2724.992 / Time: 0h:0m:50s (0h:0m:53s left)
Iteration 60 / LogL: -2724.986 / Time: 0h:0m:50s (0h:0m:35s left)
Iteration 70 / LogL: -2724.988 / Time: 0h:0m:50s (0h:0m:23s left)
Iteration 80 / LogL: -2724.980 / Time: 0h:0m:50s (0h:0m:13s left)
BETTER TREE FOUND at iteration 81: -2724.980
Iteration 90 / LogL: -2724.981 / Time: 0h:0m:50s (0h:0m:51s left)
Iteration 100 / LogL: -2724.983 / Time: 0h:0m:50s (0h:0m:41s left)
BETTER TREE FOUND at iteration 110: -2724.980
Iteration 110 / LogL: -2724.980 / Time: 0h:0m:50s (0h:0m:46s left)
Iteration 120 / LogL: -2724.989 / Time: 0h:0m:50s (0h:0m:38s left)
Iteration 130 / LogL: -2728.769 / Time: 0h:0m:50s (0h:0m:31s left)
Iteration 140 / LogL: -2724.988 / Time: 0h:0m:50s (0h:0m:25s left)
BETTER TREE FOUND at iteration 144: -2724.980
Iteration 150 / LogL: -2724.981 / Time: 0h:0m:50s (0h:0m:31s left)
Iteration 160 / LogL: -2724.987 / Time: 0h:0m:50s (0h:0m:26s left)
Iteration 170 / LogL: -2724.980 / Time: 0h:0m:50s (0h:0m:22s left)
Iteration 180 / LogL: -2724.980 / Time: 0h:0m:50s (0h:0m:18s left)
BETTER TREE FOUND at iteration 187: -2724.980
Iteration 190 / LogL: -2739.249 / Time: 0h:0m:50s (0h:0m:25s left)
BETTER TREE FOUND at iteration 194: -2724.980
Iteration 200 / LogL: -2728.769 / Time: 0h:0m:50s (0h:0m:23s left)
Iteration 210 / LogL: -2735.976 / Time: 0h:0m:50s (0h:0m:20s left)
Iteration 220 / LogL: -2724.980 / Time: 0h:0m:50s (0h:0m:17s left)
Iteration 230 / LogL: -2724.980 / Time: 0h:0m:50s (0h:0m:14s left)
Iteration 240 / LogL: -2724.983 / Time: 0h:0m:50s (0h:0m:11s left)
Iteration 250 / LogL: -2724.994 / Time: 0h:0m:50s (0h:0m:8s left)
Iteration 260 / LogL: -2732.192 / Time: 0h:0m:50s (0h:0m:6s left)
Iteration 270 / LogL: -2730.067 / Time: 0h:0m:50s (0h:0m:4s left)
BETTER TREE FOUND at iteration 278: -2724.980
Iteration 280 / LogL: -2724.982 / Time: 0h:0m:50s (0h:0m:17s left)
Iteration 290 / LogL: -2724.988 / Time: 0h:0m:50s (0h:0m:15s left)
Iteration 300 / LogL: -2724.985 / Time: 0h:0m:50s (0h:0m:13s left)
Iteration 310 / LogL: -2724.980 / Time: 0h:0m:50s (0h:0m:11s left)
Iteration 320 / LogL: -2724.980 / Time: 0h:0m:50s (0h:0m:9s left)
Iteration 330 / LogL: -2724.989 / Time: 0h:0m:50s (0h:0m:7s left)
Iteration 340 / LogL: -2724.986 / Time: 0h:0m:50s (0h:0m:5s left)
Iteration 350 / LogL: -2724.991 / Time: 0h:0m:50s (0h:0m:4s left)
Iteration 360 / LogL: -2724.981 / Time: 0h:0m:51s (0h:0m:2s left)
Iteration 370 / LogL: -2724.986 / Time: 0h:0m:51s (0h:0m:1s left)
TREE SEARCH COMPLETED AFTER 379 ITERATIONS / Time: 0h:0m:51s

--------------------------------------------------------------------
|                    FINALIZING TREE SEARCH                        |
--------------------------------------------------------------------
Performs final model parameters optimization
Estimate model parameters (epsilon = 0.010)
1. Initial log-likelihood: -2724.980
Optimal log-likelihood: -2724.980
Rate parameters:  A-C: 1.00000  A-G: 2.41995  A-T: 1.00000  C-G: 1.00000  C-T: 2.41995  G-T: 1.00000
Base frequencies:  A: 0.287  C: 0.191  G: 0.209  T: 0.312
Gamma shape alpha: 0.020
Parameters optimization took 1 rounds (0.001 sec)
BEST SCORE FOUND : -2724.980

Testing tree branches by aBayes parametric test...
0.001 sec.
Total tree length: 0.044

Total number of iterations: 379
CPU time used for tree search: 1.104 sec (0h:0m:1s)
Wall-clock time used for tree search: 1.107 sec (0h:0m:1s)
Total CPU time used: 34.027 sec (0h:0m:34s)
Total wall-clock time used: 51.073 sec (0h:0m:51s)

Analysis results written to: 
  IQ-TREE report:                /Users/fahim/CSE6406-project/work/paper_subset_10x2_L1600/ils_low/replicate_01/estimated_gene_trees/L1600/hky_g4/locus_0004.iqtree
  Maximum-likelihood tree:       /Users/fahim/CSE6406-project/work/paper_subset_10x2_L1600/ils_low/replicate_01/estimated_gene_trees/L1600/hky_g4/locus_0004.treefile
  Likelihood distances:          /Users/fahim/CSE6406-project/work/paper_subset_10x2_L1600/ils_low/replicate_01/estimated_gene_trees/L1600/hky_g4/locus_0004.mldist
  Screen log file:               /Users/fahim/CSE6406-project/work/paper_subset_10x2_L1600/ils_low/replicate_01/estimated_gene_trees/L1600/hky_g4/locus_0004.log

Date and Time: Thu Sep 10 16:31:04 2026
