IQ-TREE multicore version 2.4.0 for Linux x86 64-bit built Feb 12 2025
Developed by Bui Quang Minh, Nguyen Lam Tung, Olga Chernomor, Heiko Schmidt,
Dominik Schrempf, Michael Woodhams, Ly Trong Nhan, Thomas Wong

Host:    ezmata (AVX2, FMA3, 15 GB RAM)
Command: /home/mis/miniconda3/envs/cse6406/bin/iqtree2 -s /home/mis/CSE6406-project/work/paper_subset_50x10_L800/ils_high/replicate_09/alignments/L800/locus_0050.phy -m JC --abayes -T 1 --seed 7306051 --prefix /home/mis/CSE6406-project/work/paper_subset_50x10_L800/ils_high/replicate_09/estimated_gene_trees/L800/jc/locus_0050 --redo --quiet
Seed:    7306051 (Using SPRNG - Scalable Parallel Random Number Generator)
Time:    Sat Sep 12 20:07:32 2026
Kernel:  AVX+FMA - 1 threads (16 CPU cores detected)

HINT: Use -nt option to specify number of threads because your CPU has 16 cores!
HINT: -nt AUTO will automatically determine the best number of threads to use.

Reading alignment file /home/mis/CSE6406-project/work/paper_subset_50x10_L800/ils_high/replicate_09/alignments/L800/locus_0050.phy ... Phylip format detected
Alignment most likely contains DNA/RNA sequences
Alignment has 21 sequences with 800 columns, 478 distinct patterns
400 parsimony-informative, 90 singleton sites, 310 constant sites
        Gap/Ambiguity  Composition  p-value
Analyzing sequences: done in 4.9041e-05 secs using 97.88% CPU
   1  0_0_0     0.00%    passed     30.82%
   2  1_0_0     0.00%    passed     22.99%
   3  11_0_0    0.00%    passed     85.80%
   4  15_0_0    0.00%    passed     68.93%
   5  5_0_0     0.00%    passed     99.30%
   6  2_0_0     0.00%    passed     95.54%
   7  10_0_0    0.00%    passed     93.37%
   8  4_0_0     0.00%    passed     88.11%
   9  18_0_0    0.00%    passed     88.27%
  10  17_0_0    0.00%    passed     86.04%
  11  3_0_0     0.00%    passed     83.58%
  12  9_0_0     0.00%    passed     97.38%
  13  12_0_0    0.00%    passed     75.99%
  14  20_0_0    0.00%    passed     82.68%
  15  7_0_0     0.00%    passed     53.50%
  16  13_0_0    0.00%    passed     83.30%
  17  14_0_0    0.00%    passed     68.88%
  18  16_0_0    0.00%    passed     82.47%
  19  8_0_0     0.00%    passed     65.01%
  20  19_0_0    0.00%    passed     73.49%
  21  6_0_0     0.00%    passed     67.24%
****  TOTAL     0.00%  0 sequences failed composition chi2 test (p-value<5%; df=3)

Create initial parsimony tree by phylogenetic likelihood library (PLL)... 0.002 seconds

NOTE: 0 MB RAM (0 GB) is required!
Estimate model parameters (epsilon = 0.100)
1. Initial log-likelihood: -13799.034
Optimal log-likelihood: -13748.645
Rate parameters:  A-C: 1.00000  A-G: 1.00000  A-T: 1.00000  C-G: 1.00000  C-T: 1.00000  G-T: 1.00000
Base frequencies:  A: 0.250  C: 0.250  G: 0.250  T: 0.250
Parameters optimization took 1 rounds (0.005 sec)
Wrote distance file to... 
Computing ML distances based on estimated model parameters...
Calculating distance matrix: done in 0.00133048 secs using 99.89% CPU
Computing ML distances took 0.001437 sec (of wall-clock time) 0.001443 sec (of CPU time)
Setting up auxiliary I and S matrices: done in 6.0936e-05 secs
Computing RapidNJ tree took 0.000249 sec (of wall-clock time) 0.000000 sec (of CPU time)
Log-likelihood of RapidNJ tree: -13781.082
--------------------------------------------------------------------
|             INITIALIZING CANDIDATE TREE SET                      |
--------------------------------------------------------------------
Generating 98 parsimony trees... 0.286 second
Computing log-likelihood of 98 initial trees ... 0.210 seconds
Current best score: -13741.288

Do NNI search on 20 best initial trees
Estimate model parameters (epsilon = 0.100)
BETTER TREE FOUND at iteration 1: -13736.743
Iteration 10 / LogL: -13736.769 / Time: 0h:0m:0s
Iteration 20 / LogL: -13744.552 / Time: 0h:0m:0s
Finish initializing candidate tree set (10)
Current best tree score: -13736.743 / CPU time: 0.823
Number of iterations: 20
--------------------------------------------------------------------
|               OPTIMIZING CANDIDATE TREE SET                      |
--------------------------------------------------------------------
Iteration 30 / LogL: -13742.268 / Time: 0h:0m:1s (0h:0m:2s left)
Iteration 40 / LogL: -13742.003 / Time: 0h:0m:1s (0h:0m:2s left)
Iteration 50 / LogL: -13736.762 / Time: 0h:0m:1s (0h:0m:1s left)
Iteration 60 / LogL: -13736.758 / Time: 0h:0m:1s (0h:0m:1s left)
Iteration 70 / LogL: -13736.874 / Time: 0h:0m:2s (0h:0m:0s left)
Iteration 80 / LogL: -13737.486 / Time: 0h:0m:2s (0h:0m:0s left)
Iteration 90 / LogL: -13737.450 / Time: 0h:0m:2s (0h:0m:0s left)
Iteration 100 / LogL: -13736.762 / Time: 0h:0m:2s (0h:0m:0s left)
TREE SEARCH COMPLETED AFTER 102 ITERATIONS / Time: 0h:0m:2s

--------------------------------------------------------------------
|                    FINALIZING TREE SEARCH                        |
--------------------------------------------------------------------
Performs final model parameters optimization
Estimate model parameters (epsilon = 0.010)
1. Initial log-likelihood: -13736.743
Optimal log-likelihood: -13736.743
Rate parameters:  A-C: 1.00000  A-G: 1.00000  A-T: 1.00000  C-G: 1.00000  C-T: 1.00000  G-T: 1.00000
Base frequencies:  A: 0.250  C: 0.250  G: 0.250  T: 0.250
Parameters optimization took 1 rounds (0.003 sec)
BEST SCORE FOUND : -13736.743

Testing tree branches by aBayes parametric test...
0.007 sec.
Total tree length: 4.749

Total number of iterations: 102
CPU time used for tree search: 2.849 sec (0h:0m:2s)
Wall-clock time used for tree search: 2.939 sec (0h:0m:2s)
Total CPU time used: 2.887 sec (0h:0m:2s)
Total wall-clock time used: 2.978 sec (0h:0m:2s)

Analysis results written to: 
  IQ-TREE report:                /home/mis/CSE6406-project/work/paper_subset_50x10_L800/ils_high/replicate_09/estimated_gene_trees/L800/jc/locus_0050.iqtree
  Maximum-likelihood tree:       /home/mis/CSE6406-project/work/paper_subset_50x10_L800/ils_high/replicate_09/estimated_gene_trees/L800/jc/locus_0050.treefile
  Likelihood distances:          /home/mis/CSE6406-project/work/paper_subset_50x10_L800/ils_high/replicate_09/estimated_gene_trees/L800/jc/locus_0050.mldist
  Screen log file:               /home/mis/CSE6406-project/work/paper_subset_50x10_L800/ils_high/replicate_09/estimated_gene_trees/L800/jc/locus_0050.log

Date and Time: Sat Sep 12 20:07:35 2026
