IQ-TREE multicore version 2.4.0 for Linux x86 64-bit built Feb 12 2025
Developed by Bui Quang Minh, Nguyen Lam Tung, Olga Chernomor, Heiko Schmidt,
Dominik Schrempf, Michael Woodhams, Ly Trong Nhan, Thomas Wong

Host:    ezmata (AVX2, FMA3, 15 GB RAM)
Command: /home/mis/miniconda3/envs/cse6406/bin/iqtree2 -s /home/mis/CSE6406-project/work/paper_subset_50x10_L800/ils_high/replicate_09/alignments/L800/locus_0025.phy -m JC --abayes -T 1 --seed 7306026 --prefix /home/mis/CSE6406-project/work/paper_subset_50x10_L800/ils_high/replicate_09/estimated_gene_trees/L800/jc/locus_0025 --redo --quiet
Seed:    7306026 (Using SPRNG - Scalable Parallel Random Number Generator)
Time:    Sat Sep 12 20:07:25 2026
Kernel:  AVX+FMA - 1 threads (16 CPU cores detected)

HINT: Use -nt option to specify number of threads because your CPU has 16 cores!
HINT: -nt AUTO will automatically determine the best number of threads to use.

Reading alignment file /home/mis/CSE6406-project/work/paper_subset_50x10_L800/ils_high/replicate_09/alignments/L800/locus_0025.phy ... Phylip format detected
Alignment most likely contains DNA/RNA sequences
Alignment has 21 sequences with 800 columns, 471 distinct patterns
401 parsimony-informative, 86 singleton sites, 313 constant sites
        Gap/Ambiguity  Composition  p-value
Analyzing sequences: done in 4.6255e-05 secs using 97.29% CPU
   1  8_0_0     0.00%    passed     67.14%
   2  0_0_0     0.00%    passed     86.52%
   3  16_0_0    0.00%    passed     80.38%
   4  1_0_0     0.00%    passed     83.10%
   5  4_0_0     0.00%    passed     68.84%
   6  7_0_0     0.00%    passed     76.15%
   7  10_0_0    0.00%    passed     84.99%
   8  3_0_0     0.00%    passed     87.24%
   9  2_0_0     0.00%    passed     93.87%
  10  15_0_0    0.00%    passed     92.79%
  11  5_0_0     0.00%    passed     81.42%
  12  18_0_0    0.00%    passed     97.28%
  13  17_0_0    0.00%    passed     91.11%
  14  9_0_0     0.00%    passed     80.52%
  15  12_0_0    0.00%    passed     75.41%
  16  19_0_0    0.00%    passed     97.27%
  17  14_0_0    0.00%    passed     88.07%
  18  13_0_0    0.00%    passed     63.76%
  19  20_0_0    0.00%    passed     85.87%
  20  6_0_0     0.00%    passed     94.28%
  21  11_0_0    0.00%    passed     96.60%
****  TOTAL     0.00%  0 sequences failed composition chi2 test (p-value<5%; df=3)

Create initial parsimony tree by phylogenetic likelihood library (PLL)... 0.002 seconds

NOTE: 0 MB RAM (0 GB) is required!
Estimate model parameters (epsilon = 0.100)
1. Initial log-likelihood: -13170.759
Optimal log-likelihood: -13107.389
Rate parameters:  A-C: 1.00000  A-G: 1.00000  A-T: 1.00000  C-G: 1.00000  C-T: 1.00000  G-T: 1.00000
Base frequencies:  A: 0.250  C: 0.250  G: 0.250  T: 0.250
Parameters optimization took 1 rounds (0.004 sec)
Wrote distance file to... 
Computing ML distances based on estimated model parameters...
Calculating distance matrix: done in 0.00123036 secs using 94.93% CPU
Computing ML distances took 0.001320 sec (of wall-clock time) 0.001253 sec (of CPU time)
Setting up auxiliary I and S matrices: done in 5.8753e-05 secs using 97.02% CPU
Computing RapidNJ tree took 0.000234 sec (of wall-clock time) 0.000234 sec (of CPU time)
Log-likelihood of RapidNJ tree: -13160.929
--------------------------------------------------------------------
|             INITIALIZING CANDIDATE TREE SET                      |
--------------------------------------------------------------------
Generating 98 parsimony trees... 0.253 second
Computing log-likelihood of 98 initial trees ... 0.194 seconds
Current best score: -13083.692

Do NNI search on 20 best initial trees
Estimate model parameters (epsilon = 0.100)
BETTER TREE FOUND at iteration 1: -13081.703
Estimate model parameters (epsilon = 0.100)
BETTER TREE FOUND at iteration 3: -13079.681
Estimate model parameters (epsilon = 0.100)
BETTER TREE FOUND at iteration 10: -13078.374
Iteration 10 / LogL: -13078.374 / Time: 0h:0m:0s
Iteration 20 / LogL: -13086.130 / Time: 0h:0m:0s
Finish initializing candidate tree set (17)
Current best tree score: -13078.374 / CPU time: 0.785
Number of iterations: 20
--------------------------------------------------------------------
|               OPTIMIZING CANDIDATE TREE SET                      |
--------------------------------------------------------------------
Iteration 30 / LogL: -13079.726 / Time: 0h:0m:1s (0h:0m:2s left)
Estimate model parameters (epsilon = 0.100)
BETTER TREE FOUND at iteration 31: -13075.709
Iteration 40 / LogL: -13076.355 / Time: 0h:0m:1s (0h:0m:3s left)
Iteration 50 / LogL: -13079.616 / Time: 0h:0m:1s (0h:0m:2s left)
Estimate model parameters (epsilon = 0.100)
BETTER TREE FOUND at iteration 51: -13075.606
Iteration 60 / LogL: -13078.434 / Time: 0h:0m:1s (0h:0m:2s left)
Iteration 70 / LogL: -13084.392 / Time: 0h:0m:2s (0h:0m:2s left)
Iteration 80 / LogL: -13075.662 / Time: 0h:0m:2s (0h:0m:2s left)
Iteration 90 / LogL: -13075.611 / Time: 0h:0m:2s (0h:0m:1s left)
Iteration 100 / LogL: -13075.615 / Time: 0h:0m:2s (0h:0m:1s left)
Iteration 110 / LogL: -13075.795 / Time: 0h:0m:3s (0h:0m:1s left)
Iteration 120 / LogL: -13075.716 / Time: 0h:0m:3s (0h:0m:0s left)
Iteration 130 / LogL: -13075.616 / Time: 0h:0m:3s (0h:0m:0s left)
Iteration 140 / LogL: -13075.615 / Time: 0h:0m:4s (0h:0m:0s left)
Iteration 150 / LogL: -13075.648 / Time: 0h:0m:4s (0h:0m:0s left)
TREE SEARCH COMPLETED AFTER 152 ITERATIONS / Time: 0h:0m:4s

--------------------------------------------------------------------
|                    FINALIZING TREE SEARCH                        |
--------------------------------------------------------------------
Performs final model parameters optimization
Estimate model parameters (epsilon = 0.010)
1. Initial log-likelihood: -13075.606
Optimal log-likelihood: -13075.606
Rate parameters:  A-C: 1.00000  A-G: 1.00000  A-T: 1.00000  C-G: 1.00000  C-T: 1.00000  G-T: 1.00000
Base frequencies:  A: 0.250  C: 0.250  G: 0.250  T: 0.250
Parameters optimization took 1 rounds (0.002 sec)
BEST SCORE FOUND : -13075.606

Testing tree branches by aBayes parametric test...
0.007 sec.
Total tree length: 4.466

Total number of iterations: 152
CPU time used for tree search: 4.221 sec (0h:0m:4s)
Wall-clock time used for tree search: 4.339 sec (0h:0m:4s)
Total CPU time used: 4.256 sec (0h:0m:4s)
Total wall-clock time used: 4.375 sec (0h:0m:4s)

Analysis results written to: 
  IQ-TREE report:                /home/mis/CSE6406-project/work/paper_subset_50x10_L800/ils_high/replicate_09/estimated_gene_trees/L800/jc/locus_0025.iqtree
  Maximum-likelihood tree:       /home/mis/CSE6406-project/work/paper_subset_50x10_L800/ils_high/replicate_09/estimated_gene_trees/L800/jc/locus_0025.treefile
  Likelihood distances:          /home/mis/CSE6406-project/work/paper_subset_50x10_L800/ils_high/replicate_09/estimated_gene_trees/L800/jc/locus_0025.mldist
  Screen log file:               /home/mis/CSE6406-project/work/paper_subset_50x10_L800/ils_high/replicate_09/estimated_gene_trees/L800/jc/locus_0025.log

Date and Time: Sat Sep 12 20:07:29 2026
