IQ-TREE multicore version 2.4.0 for Linux x86 64-bit built Feb 12 2025
Developed by Bui Quang Minh, Nguyen Lam Tung, Olga Chernomor, Heiko Schmidt,
Dominik Schrempf, Michael Woodhams, Ly Trong Nhan, Thomas Wong

Host:    ezmata (AVX2, FMA3, 15 GB RAM)
Command: /home/mis/miniconda3/envs/cse6406/bin/iqtree2 -s /home/mis/CSE6406-project/work/paper_subset_50x10_L800/ils_high/replicate_09/alignments/L800/locus_0016.phy -m JC --abayes -T 1 --seed 7306017 --prefix /home/mis/CSE6406-project/work/paper_subset_50x10_L800/ils_high/replicate_09/estimated_gene_trees/L800/jc/locus_0016 --redo --quiet
Seed:    7306017 (Using SPRNG - Scalable Parallel Random Number Generator)
Time:    Sat Sep 12 20:07:22 2026
Kernel:  AVX+FMA - 1 threads (16 CPU cores detected)

HINT: Use -nt option to specify number of threads because your CPU has 16 cores!
HINT: -nt AUTO will automatically determine the best number of threads to use.

Reading alignment file /home/mis/CSE6406-project/work/paper_subset_50x10_L800/ils_high/replicate_09/alignments/L800/locus_0016.phy ... Phylip format detected
Alignment most likely contains DNA/RNA sequences
Alignment has 21 sequences with 800 columns, 486 distinct patterns
424 parsimony-informative, 68 singleton sites, 308 constant sites
        Gap/Ambiguity  Composition  p-value
Analyzing sequences: done in 5.2131e-05 secs using 95.91% CPU
   1  18_0_0    0.00%    passed     80.70%
   2  17_0_0    0.00%    passed     90.50%
   3  15_0_0    0.00%    passed     47.93%
   4  5_0_0     0.00%    passed     88.80%
   5  2_0_0     0.00%    passed     74.31%
   6  3_0_0     0.00%    passed     59.06%
   7  20_0_0    0.00%    passed     99.70%
   8  19_0_0    0.00%    passed     87.49%
   9  6_0_0     0.00%    passed     88.25%
  10  1_0_0     0.00%    passed     94.37%
  11  16_0_0    0.00%    passed     94.71%
  12  8_0_0     0.00%    passed     87.97%
  13  11_0_0    0.00%    passed     77.78%
  14  9_0_0     0.00%    passed     73.95%
  15  12_0_0    0.00%    passed     23.82%
  16  10_0_0    0.00%    passed     91.36%
  17  7_0_0     0.00%    passed     82.15%
  18  14_0_0    0.00%    passed     91.40%
  19  13_0_0    0.00%    passed     28.30%
  20  4_0_0     0.00%    passed     88.60%
  21  0_0_0     0.00%    passed     49.01%
****  TOTAL     0.00%  0 sequences failed composition chi2 test (p-value<5%; df=3)

Create initial parsimony tree by phylogenetic likelihood library (PLL)... 0.002 seconds

NOTE: 0 MB RAM (0 GB) is required!
Estimate model parameters (epsilon = 0.100)
1. Initial log-likelihood: -14149.747
Optimal log-likelihood: -14080.448
Rate parameters:  A-C: 1.00000  A-G: 1.00000  A-T: 1.00000  C-G: 1.00000  C-T: 1.00000  G-T: 1.00000
Base frequencies:  A: 0.250  C: 0.250  G: 0.250  T: 0.250
Parameters optimization took 1 rounds (0.005 sec)
Wrote distance file to... 
Computing ML distances based on estimated model parameters...
Calculating distance matrix: done in 0.00144793 secs using 99.87% CPU
Computing ML distances took 0.001568 sec (of wall-clock time) 0.001573 sec (of CPU time)
Setting up auxiliary I and S matrices: done in 6.6984e-05 secs using 98.53% CPU
Computing RapidNJ tree took 0.000260 sec (of wall-clock time) 0.000259 sec (of CPU time)
Log-likelihood of RapidNJ tree: -14149.464
--------------------------------------------------------------------
|             INITIALIZING CANDIDATE TREE SET                      |
--------------------------------------------------------------------
Generating 98 parsimony trees... 0.191 second
Computing log-likelihood of 98 initial trees ... 0.102 seconds
Current best score: -14072.431

Do NNI search on 20 best initial trees
Estimate model parameters (epsilon = 0.100)
BETTER TREE FOUND at iteration 1: -14070.516
Estimate model parameters (epsilon = 0.100)
BETTER TREE FOUND at iteration 2: -14067.765
Estimate model parameters (epsilon = 0.100)
BETTER TREE FOUND at iteration 3: -14066.351
Iteration 10 / LogL: -14067.768 / Time: 0h:0m:0s
Iteration 20 / LogL: -14072.004 / Time: 0h:0m:0s
Finish initializing candidate tree set (8)
Current best tree score: -14066.351 / CPU time: 0.461
Number of iterations: 20
--------------------------------------------------------------------
|               OPTIMIZING CANDIDATE TREE SET                      |
--------------------------------------------------------------------
Iteration 30 / LogL: -14066.356 / Time: 0h:0m:0s (0h:0m:1s left)
Iteration 40 / LogL: -14066.912 / Time: 0h:0m:0s (0h:0m:1s left)
Iteration 50 / LogL: -14066.357 / Time: 0h:0m:0s (0h:0m:0s left)
Iteration 60 / LogL: -14067.797 / Time: 0h:0m:0s (0h:0m:0s left)
Iteration 70 / LogL: -14068.740 / Time: 0h:0m:1s (0h:0m:0s left)
Iteration 80 / LogL: -14067.770 / Time: 0h:0m:1s (0h:0m:0s left)
Iteration 90 / LogL: -14067.767 / Time: 0h:0m:1s (0h:0m:0s left)
Iteration 100 / LogL: -14078.028 / Time: 0h:0m:1s (0h:0m:0s left)
TREE SEARCH COMPLETED AFTER 104 ITERATIONS / Time: 0h:0m:1s

--------------------------------------------------------------------
|                    FINALIZING TREE SEARCH                        |
--------------------------------------------------------------------
Performs final model parameters optimization
Estimate model parameters (epsilon = 0.010)
1. Initial log-likelihood: -14066.351
Optimal log-likelihood: -14066.351
Rate parameters:  A-C: 1.00000  A-G: 1.00000  A-T: 1.00000  C-G: 1.00000  C-T: 1.00000  G-T: 1.00000
Base frequencies:  A: 0.250  C: 0.250  G: 0.250  T: 0.250
Parameters optimization took 1 rounds (0.001 sec)
BEST SCORE FOUND : -14066.351

Testing tree branches by aBayes parametric test...
0.003 sec.
Total tree length: 5.002

Total number of iterations: 104
CPU time used for tree search: 1.474 sec (0h:0m:1s)
Wall-clock time used for tree search: 1.523 sec (0h:0m:1s)
Total CPU time used: 1.511 sec (0h:0m:1s)
Total wall-clock time used: 1.560 sec (0h:0m:1s)

Analysis results written to: 
  IQ-TREE report:                /home/mis/CSE6406-project/work/paper_subset_50x10_L800/ils_high/replicate_09/estimated_gene_trees/L800/jc/locus_0016.iqtree
  Maximum-likelihood tree:       /home/mis/CSE6406-project/work/paper_subset_50x10_L800/ils_high/replicate_09/estimated_gene_trees/L800/jc/locus_0016.treefile
  Likelihood distances:          /home/mis/CSE6406-project/work/paper_subset_50x10_L800/ils_high/replicate_09/estimated_gene_trees/L800/jc/locus_0016.mldist
  Screen log file:               /home/mis/CSE6406-project/work/paper_subset_50x10_L800/ils_high/replicate_09/estimated_gene_trees/L800/jc/locus_0016.log

Date and Time: Sat Sep 12 20:07:24 2026
