IQ-TREE multicore version 2.4.0 for Linux x86 64-bit built Feb 12 2025
Developed by Bui Quang Minh, Nguyen Lam Tung, Olga Chernomor, Heiko Schmidt,
Dominik Schrempf, Michael Woodhams, Ly Trong Nhan, Thomas Wong

Host:    ezmata (AVX2, FMA3, 15 GB RAM)
Command: /home/mis/miniconda3/envs/cse6406/bin/iqtree2 -s /home/mis/CSE6406-project/work/paper_subset_50x10_L200/ils_low/replicate_04/alignments/L200/locus_0026.phy -m GTR+G4 --abayes -T 1 --seed 6806027 --prefix /home/mis/CSE6406-project/work/paper_subset_50x10_L200/ils_low/replicate_04/estimated_gene_trees/L200/gtr_g4/locus_0026 --redo --quiet
Seed:    6806027 (Using SPRNG - Scalable Parallel Random Number Generator)
Time:    Sat Sep 12 21:32:46 2026
Kernel:  AVX+FMA - 1 threads (16 CPU cores detected)

HINT: Use -nt option to specify number of threads because your CPU has 16 cores!
HINT: -nt AUTO will automatically determine the best number of threads to use.

Reading alignment file /home/mis/CSE6406-project/work/paper_subset_50x10_L200/ils_low/replicate_04/alignments/L200/locus_0026.phy ... Phylip format detected
Alignment most likely contains DNA/RNA sequences
Alignment has 21 sequences with 200 columns, 66 distinct patterns
44 parsimony-informative, 18 singleton sites, 138 constant sites
        Gap/Ambiguity  Composition  p-value
Analyzing sequences: done in 6.68e-06 secs
   1  9_0_0     0.00%    passed     87.86%
   2  3_0_0     0.00%    passed     99.09%
   3  14_0_0    0.00%    passed     93.62%
   4  5_0_0     0.00%    passed     85.85%
   5  7_0_0     0.00%    passed     96.08%
   6  12_0_0    0.00%    passed     91.71%
   7  6_0_0     0.00%    passed     96.35%
   8  13_0_0    0.00%    passed     86.73%
   9  8_0_0     0.00%    passed     98.90%
  10  18_0_0    0.00%    passed     97.89%
  11  20_0_0    0.00%    passed     96.54%
  12  17_0_0    0.00%    passed     94.83%
  13  19_0_0    0.00%    passed     95.04%
  14  10_0_0    0.00%    passed     89.08%
  15  2_0_0     0.00%    passed     97.60%
  16  15_0_0    0.00%    passed     93.16%
  17  4_0_0     0.00%    passed     96.59%
  18  1_0_0     0.00%    passed     99.15%
  19  11_0_0    0.00%    passed     98.74%
  20  16_0_0    0.00%    passed     95.28%
  21  0_0_0     0.00%    passed     99.14%
****  TOTAL     0.00%  0 sequences failed composition chi2 test (p-value<5%; df=3)

Create initial parsimony tree by phylogenetic likelihood library (PLL)... 0.000 seconds

NOTE: 0 MB RAM (0 GB) is required!
Estimate model parameters (epsilon = 0.100)
1. Initial log-likelihood: -997.116
2. Current log-likelihood: -968.540
3. Current log-likelihood: -967.596
Optimal log-likelihood: -967.589
Rate parameters:  A-C: 1.05556  A-G: 1.49135  A-T: 1.18212  C-G: 0.93812  C-T: 2.98776  G-T: 1.00000
Base frequencies:  A: 0.320  C: 0.183  G: 0.231  T: 0.266
Gamma shape alpha: 0.184
Parameters optimization took 3 rounds (0.012 sec)
Wrote distance file to... 
Computing ML distances based on estimated model parameters...
Calculating distance matrix: done in 0.00245551 secs using 97.25% CPU
Computing ML distances took 0.002475 sec (of wall-clock time) 0.002406 sec (of CPU time)
Setting up auxiliary I and S matrices: done in 5.2578e-05 secs using 98.9% CPU
Computing RapidNJ tree took 0.000200 sec (of wall-clock time) 0.000383 sec (of CPU time)
Log-likelihood of RapidNJ tree: -970.381
--------------------------------------------------------------------
|             INITIALIZING CANDIDATE TREE SET                      |
--------------------------------------------------------------------
Generating 98 parsimony trees... 0.048 second
Computing log-likelihood of 98 initial trees ... 0.063 seconds
Current best score: -966.485

Do NNI search on 20 best initial trees
Estimate model parameters (epsilon = 0.100)
BETTER TREE FOUND at iteration 1: -966.306
Iteration 10 / LogL: -966.307 / Time: 0h:0m:0s
BETTER TREE FOUND at iteration 19: -966.306
Iteration 20 / LogL: -967.689 / Time: 0h:0m:0s
Finish initializing candidate tree set (16)
Current best tree score: -966.306 / CPU time: 0.250
Number of iterations: 20
--------------------------------------------------------------------
|               OPTIMIZING CANDIDATE TREE SET                      |
--------------------------------------------------------------------
Iteration 30 / LogL: -966.306 / Time: 0h:0m:0s (0h:0m:1s left)
Iteration 40 / LogL: -966.306 / Time: 0h:0m:0s (0h:0m:1s left)
Iteration 50 / LogL: -966.986 / Time: 0h:0m:0s (0h:0m:0s left)
Iteration 60 / LogL: -966.986 / Time: 0h:0m:0s (0h:0m:0s left)
Iteration 70 / LogL: -966.306 / Time: 0h:0m:0s (0h:0m:0s left)
Iteration 80 / LogL: -966.306 / Time: 0h:0m:1s (0h:0m:0s left)
Iteration 90 / LogL: -966.306 / Time: 0h:0m:1s (0h:0m:0s left)
Iteration 100 / LogL: -966.306 / Time: 0h:0m:1s (0h:0m:0s left)
Iteration 110 / LogL: -966.306 / Time: 0h:0m:1s (0h:0m:0s left)
Iteration 120 / LogL: -966.307 / Time: 0h:0m:1s (0h:0m:-1s left)
TREE SEARCH COMPLETED AFTER 120 ITERATIONS / Time: 0h:0m:1s

--------------------------------------------------------------------
|                    FINALIZING TREE SEARCH                        |
--------------------------------------------------------------------
Performs final model parameters optimization
Estimate model parameters (epsilon = 0.010)
1. Initial log-likelihood: -966.306
Optimal log-likelihood: -966.306
Rate parameters:  A-C: 1.14262  A-G: 1.54112  A-T: 1.11168  C-G: 0.87113  C-T: 2.87141  G-T: 1.00000
Base frequencies:  A: 0.320  C: 0.183  G: 0.231  T: 0.266
Gamma shape alpha: 0.185
Parameters optimization took 1 rounds (0.002 sec)
BEST SCORE FOUND : -966.306

Testing tree branches by aBayes parametric test...
0.002 sec.
Total tree length: 0.750

Total number of iterations: 120
CPU time used for tree search: 1.385 sec (0h:0m:1s)
Wall-clock time used for tree search: 1.465 sec (0h:0m:1s)
Total CPU time used: 1.413 sec (0h:0m:1s)
Total wall-clock time used: 1.493 sec (0h:0m:1s)

Analysis results written to: 
  IQ-TREE report:                /home/mis/CSE6406-project/work/paper_subset_50x10_L200/ils_low/replicate_04/estimated_gene_trees/L200/gtr_g4/locus_0026.iqtree
  Maximum-likelihood tree:       /home/mis/CSE6406-project/work/paper_subset_50x10_L200/ils_low/replicate_04/estimated_gene_trees/L200/gtr_g4/locus_0026.treefile
  Likelihood distances:          /home/mis/CSE6406-project/work/paper_subset_50x10_L200/ils_low/replicate_04/estimated_gene_trees/L200/gtr_g4/locus_0026.mldist
  Screen log file:               /home/mis/CSE6406-project/work/paper_subset_50x10_L200/ils_low/replicate_04/estimated_gene_trees/L200/gtr_g4/locus_0026.log

Date and Time: Sat Sep 12 21:32:48 2026
