IQ-TREE multicore version 2.4.0 for Linux x86 64-bit built Feb 12 2025
Developed by Bui Quang Minh, Nguyen Lam Tung, Olga Chernomor, Heiko Schmidt,
Dominik Schrempf, Michael Woodhams, Ly Trong Nhan, Thomas Wong

Host:    ezmata (AVX2, FMA3, 15 GB RAM)
Command: /home/mis/miniconda3/envs/cse6406/bin/iqtree2 -s /home/mis/CSE6406-project/work/paper_subset_50x10_L200/ils_low/replicate_04/alignments/L200/locus_0045.phy -m GTR+G4 --abayes -T 1 --seed 6806046 --prefix /home/mis/CSE6406-project/work/paper_subset_50x10_L200/ils_low/replicate_04/estimated_gene_trees/L200/gtr_g4/locus_0045 --redo --quiet
Seed:    6806046 (Using SPRNG - Scalable Parallel Random Number Generator)
Time:    Sat Sep 12 21:32:51 2026
Kernel:  AVX+FMA - 1 threads (16 CPU cores detected)

HINT: Use -nt option to specify number of threads because your CPU has 16 cores!
HINT: -nt AUTO will automatically determine the best number of threads to use.

Reading alignment file /home/mis/CSE6406-project/work/paper_subset_50x10_L200/ils_low/replicate_04/alignments/L200/locus_0045.phy ... Phylip format detected
Alignment most likely contains DNA/RNA sequences
Alignment has 21 sequences with 200 columns, 63 distinct patterns
39 parsimony-informative, 21 singleton sites, 140 constant sites
        Gap/Ambiguity  Composition  p-value
Analyzing sequences: done in 1.3109e-05 secs using 53.4% CPU
   1  18_0_0    0.00%    passed     99.87%
   2  20_0_0    0.00%    passed     95.00%
   3  17_0_0    0.00%    passed     99.75%
   4  19_0_0    0.00%    passed     99.71%
   5  10_0_0    0.00%    passed     97.64%
   6  9_0_0     0.00%    passed     99.61%
   7  7_0_0     0.00%    passed     98.82%
   8  14_0_0    0.00%    passed     94.43%
   9  5_0_0     0.00%    passed     96.42%
  10  8_0_0     0.00%    passed     97.57%
  11  3_0_0     0.00%    passed     98.82%
  12  12_0_0    0.00%    passed     99.75%
  13  13_0_0    0.00%    passed     98.79%
  14  6_0_0     0.00%    passed     96.45%
  15  2_0_0     0.00%    passed     94.16%
  16  15_0_0    0.00%    passed     99.28%
  17  1_0_0     0.00%    passed     99.31%
  18  4_0_0     0.00%    passed     99.31%
  19  16_0_0    0.00%    passed     99.40%
  20  11_0_0    0.00%    passed     96.50%
  21  0_0_0     0.00%    passed     98.55%
****  TOTAL     0.00%  0 sequences failed composition chi2 test (p-value<5%; df=3)
NOTE: 4_0_0 is identical to 1_0_0 but kept for subsequent analysis

Create initial parsimony tree by phylogenetic likelihood library (PLL)... 0.001 seconds

NOTE: 0 MB RAM (0 GB) is required!
Estimate model parameters (epsilon = 0.100)
1. Initial log-likelihood: -1001.337
2. Current log-likelihood: -971.800
3. Current log-likelihood: -971.533
Optimal log-likelihood: -971.531
Rate parameters:  A-C: 0.45313  A-G: 1.18423  A-T: 0.87489  C-G: 0.80192  C-T: 1.07980  G-T: 1.00000
Base frequencies:  A: 0.275  C: 0.170  G: 0.251  T: 0.304
Gamma shape alpha: 0.193
Parameters optimization took 3 rounds (0.023 sec)
Wrote distance file to... 
Computing ML distances based on estimated model parameters...
Calculating distance matrix: done in 0.0034382 secs using 98.34% CPU
Computing ML distances took 0.003476 sec (of wall-clock time) 0.003421 sec (of CPU time)
Setting up auxiliary I and S matrices: done in 5.7858e-05 secs using 98.52% CPU
Computing RapidNJ tree took 0.000231 sec (of wall-clock time) 0.000230 sec (of CPU time)
Log-likelihood of RapidNJ tree: -971.404
--------------------------------------------------------------------
|             INITIALIZING CANDIDATE TREE SET                      |
--------------------------------------------------------------------
Generating 98 parsimony trees... 0.064 second
Computing log-likelihood of 98 initial trees ... 0.054 seconds
Current best score: -968.397

Do NNI search on 20 best initial trees
Estimate model parameters (epsilon = 0.100)
BETTER TREE FOUND at iteration 1: -967.976
BETTER TREE FOUND at iteration 4: -967.976
UPDATE BEST LOG-LIKELIHOOD: -967.976
Estimate model parameters (epsilon = 0.100)
UPDATE BEST LOG-LIKELIHOOD: -967.859
UPDATE BEST LOG-LIKELIHOOD: -967.859
UPDATE BEST LOG-LIKELIHOOD: -967.859
Iteration 10 / LogL: -967.859 / Time: 0h:0m:0s
Iteration 20 / LogL: -968.959 / Time: 0h:0m:0s
Finish initializing candidate tree set (11)
Current best tree score: -967.859 / CPU time: 0.276
Number of iterations: 20
--------------------------------------------------------------------
|               OPTIMIZING CANDIDATE TREE SET                      |
--------------------------------------------------------------------
Estimate model parameters (epsilon = 0.100)
UPDATE BEST LOG-LIKELIHOOD: -967.813
Iteration 30 / LogL: -967.976 / Time: 0h:0m:0s (0h:0m:1s left)
Iteration 40 / LogL: -968.026 / Time: 0h:0m:0s (0h:0m:1s left)
Iteration 50 / LogL: -968.002 / Time: 0h:0m:0s (0h:0m:0s left)
Iteration 60 / LogL: -969.594 / Time: 0h:0m:1s (0h:0m:0s left)
Iteration 70 / LogL: -969.714 / Time: 0h:0m:1s (0h:0m:0s left)
Iteration 80 / LogL: -967.813 / Time: 0h:0m:1s (0h:0m:0s left)
Iteration 90 / LogL: -972.251 / Time: 0h:0m:1s (0h:0m:0s left)
Iteration 100 / LogL: -967.976 / Time: 0h:0m:2s (0h:0m:0s left)
TREE SEARCH COMPLETED AFTER 105 ITERATIONS / Time: 0h:0m:2s

--------------------------------------------------------------------
|                    FINALIZING TREE SEARCH                        |
--------------------------------------------------------------------
Performs final model parameters optimization
Estimate model parameters (epsilon = 0.010)
1. Initial log-likelihood: -967.813
Optimal log-likelihood: -967.813
Rate parameters:  A-C: 0.33368  A-G: 1.15659  A-T: 0.77744  C-G: 0.67085  C-T: 1.04593  G-T: 1.00000
Base frequencies:  A: 0.275  C: 0.170  G: 0.251  T: 0.304
Gamma shape alpha: 0.184
Parameters optimization took 1 rounds (0.004 sec)
BEST SCORE FOUND : -967.813

Testing tree branches by aBayes parametric test...
0.004 sec.
Total tree length: 0.733

Total number of iterations: 105
CPU time used for tree search: 1.977 sec (0h:0m:1s)
Wall-clock time used for tree search: 2.073 sec (0h:0m:2s)
Total CPU time used: 2.027 sec (0h:0m:2s)
Total wall-clock time used: 2.123 sec (0h:0m:2s)

Analysis results written to: 
  IQ-TREE report:                /home/mis/CSE6406-project/work/paper_subset_50x10_L200/ils_low/replicate_04/estimated_gene_trees/L200/gtr_g4/locus_0045.iqtree
  Maximum-likelihood tree:       /home/mis/CSE6406-project/work/paper_subset_50x10_L200/ils_low/replicate_04/estimated_gene_trees/L200/gtr_g4/locus_0045.treefile
  Likelihood distances:          /home/mis/CSE6406-project/work/paper_subset_50x10_L200/ils_low/replicate_04/estimated_gene_trees/L200/gtr_g4/locus_0045.mldist
  Screen log file:               /home/mis/CSE6406-project/work/paper_subset_50x10_L200/ils_low/replicate_04/estimated_gene_trees/L200/gtr_g4/locus_0045.log

Date and Time: Sat Sep 12 21:32:53 2026
