IQ-TREE multicore version 2.4.0 for Linux x86 64-bit built Feb 12 2025
Developed by Bui Quang Minh, Nguyen Lam Tung, Olga Chernomor, Heiko Schmidt,
Dominik Schrempf, Michael Woodhams, Ly Trong Nhan, Thomas Wong

Host:    ezmata (AVX2, FMA3, 15 GB RAM)
Command: /home/mis/miniconda3/envs/cse6406/bin/iqtree2 -s /home/mis/CSE6406-project/work/paper_subset_50x10_L200/ils_high/replicate_06/alignments/L200/locus_0023.phy -m JC --abayes -T 1 --seed 7006024 --prefix /home/mis/CSE6406-project/work/paper_subset_50x10_L200/ils_high/replicate_06/estimated_gene_trees/L200/jc/locus_0023 --redo --quiet
Seed:    7006024 (Using SPRNG - Scalable Parallel Random Number Generator)
Time:    Sat Sep 12 21:44:20 2026
Kernel:  AVX+FMA - 1 threads (16 CPU cores detected)

HINT: Use -nt option to specify number of threads because your CPU has 16 cores!
HINT: -nt AUTO will automatically determine the best number of threads to use.

Reading alignment file /home/mis/CSE6406-project/work/paper_subset_50x10_L200/ils_high/replicate_06/alignments/L200/locus_0023.phy ... Phylip format detected
Alignment most likely contains DNA/RNA sequences
Alignment has 21 sequences with 200 columns, 81 distinct patterns
59 parsimony-informative, 18 singleton sites, 123 constant sites
        Gap/Ambiguity  Composition  p-value
Analyzing sequences: done in 7.853e-06 secs using 38.2% CPU
   1  0_0_0     0.00%    passed     91.12%
   2  7_0_0     0.00%    passed     95.40%
   3  1_0_0     0.00%    passed     97.54%
   4  4_0_0     0.00%    passed     93.48%
   5  8_0_0     0.00%    passed     98.80%
   6  6_0_0     0.00%    passed     98.09%
   7  2_0_0     0.00%    passed     98.03%
   8  3_0_0     0.00%    passed     99.16%
   9  5_0_0     0.00%    passed     78.41%
  10  14_0_0    0.00%    passed     83.82%
  11  12_0_0    0.00%    passed     99.12%
  12  11_0_0    0.00%    passed     89.27%
  13  16_0_0    0.00%    passed     96.90%
  14  10_0_0    0.00%    passed     99.00%
  15  20_0_0    0.00%    passed     98.95%
  16  19_0_0    0.00%    passed     86.67%
  17  18_0_0    0.00%    passed     94.76%
  18  13_0_0    0.00%    passed     98.43%
  19  17_0_0    0.00%    passed     94.43%
  20  15_0_0    0.00%    passed     96.46%
  21  9_0_0     0.00%    passed     94.15%
****  TOTAL     0.00%  0 sequences failed composition chi2 test (p-value<5%; df=3)

Create initial parsimony tree by phylogenetic likelihood library (PLL)... 0.000 seconds

NOTE: 0 MB RAM (0 GB) is required!
Estimate model parameters (epsilon = 0.100)
1. Initial log-likelihood: -1673.278
Optimal log-likelihood: -1669.730
Rate parameters:  A-C: 1.00000  A-G: 1.00000  A-T: 1.00000  C-G: 1.00000  C-T: 1.00000  G-T: 1.00000
Base frequencies:  A: 0.250  C: 0.250  G: 0.250  T: 0.250
Parameters optimization took 1 rounds (0.001 sec)
Wrote distance file to... 
Computing ML distances based on estimated model parameters...
Calculating distance matrix: done in 0.000825766 secs using 100% CPU
Computing ML distances took 0.000850 sec (of wall-clock time) 0.000851 sec (of CPU time)
Setting up auxiliary I and S matrices: done in 5.4909e-05 secs using 98.34% CPU
Computing RapidNJ tree took 0.000216 sec (of wall-clock time) 0.000215 sec (of CPU time)
Log-likelihood of RapidNJ tree: -1674.910
--------------------------------------------------------------------
|             INITIALIZING CANDIDATE TREE SET                      |
--------------------------------------------------------------------
Generating 98 parsimony trees... 0.062 second
Computing log-likelihood of 98 initial trees ... 0.047 seconds
Current best score: -1667.662

Do NNI search on 20 best initial trees
Estimate model parameters (epsilon = 0.100)
BETTER TREE FOUND at iteration 1: -1667.585
Iteration 10 / LogL: -1667.996 / Time: 0h:0m:0s
Iteration 20 / LogL: -1669.040 / Time: 0h:0m:0s
Finish initializing candidate tree set (10)
Current best tree score: -1667.585 / CPU time: 0.179
Number of iterations: 20
--------------------------------------------------------------------
|               OPTIMIZING CANDIDATE TREE SET                      |
--------------------------------------------------------------------
Iteration 30 / LogL: -1668.421 / Time: 0h:0m:0s (0h:0m:0s left)
Iteration 40 / LogL: -1668.043 / Time: 0h:0m:0s (0h:0m:0s left)
Iteration 50 / LogL: -1668.043 / Time: 0h:0m:0s (0h:0m:0s left)
Iteration 60 / LogL: -1668.044 / Time: 0h:0m:0s (0h:0m:0s left)
Iteration 70 / LogL: -1669.356 / Time: 0h:0m:0s (0h:0m:0s left)
Iteration 80 / LogL: -1667.986 / Time: 0h:0m:0s (0h:0m:0s left)
Iteration 90 / LogL: -1667.997 / Time: 0h:0m:0s (0h:0m:0s left)
Iteration 100 / LogL: -1667.589 / Time: 0h:0m:1s (0h:0m:0s left)
TREE SEARCH COMPLETED AFTER 102 ITERATIONS / Time: 0h:0m:1s

--------------------------------------------------------------------
|                    FINALIZING TREE SEARCH                        |
--------------------------------------------------------------------
Performs final model parameters optimization
Estimate model parameters (epsilon = 0.010)
1. Initial log-likelihood: -1667.585
Optimal log-likelihood: -1667.585
Rate parameters:  A-C: 1.00000  A-G: 1.00000  A-T: 1.00000  C-G: 1.00000  C-T: 1.00000  G-T: 1.00000
Base frequencies:  A: 0.250  C: 0.250  G: 0.250  T: 0.250
Parameters optimization took 1 rounds (0.001 sec)
BEST SCORE FOUND : -1667.585

Testing tree branches by aBayes parametric test...
0.003 sec.
Total tree length: 1.448

Total number of iterations: 102
CPU time used for tree search: 0.977 sec (0h:0m:0s)
Wall-clock time used for tree search: 1.047 sec (0h:0m:1s)
Total CPU time used: 0.991 sec (0h:0m:0s)
Total wall-clock time used: 1.062 sec (0h:0m:1s)

Analysis results written to: 
  IQ-TREE report:                /home/mis/CSE6406-project/work/paper_subset_50x10_L200/ils_high/replicate_06/estimated_gene_trees/L200/jc/locus_0023.iqtree
  Maximum-likelihood tree:       /home/mis/CSE6406-project/work/paper_subset_50x10_L200/ils_high/replicate_06/estimated_gene_trees/L200/jc/locus_0023.treefile
  Likelihood distances:          /home/mis/CSE6406-project/work/paper_subset_50x10_L200/ils_high/replicate_06/estimated_gene_trees/L200/jc/locus_0023.mldist
  Screen log file:               /home/mis/CSE6406-project/work/paper_subset_50x10_L200/ils_high/replicate_06/estimated_gene_trees/L200/jc/locus_0023.log

Date and Time: Sat Sep 12 21:44:21 2026
