IQ-TREE multicore version 2.4.0 for Linux x86 64-bit built Feb 12 2025
Developed by Bui Quang Minh, Nguyen Lam Tung, Olga Chernomor, Heiko Schmidt,
Dominik Schrempf, Michael Woodhams, Ly Trong Nhan, Thomas Wong

Host:    ezmata (AVX2, FMA3, 15 GB RAM)
Command: /home/mis/miniconda3/envs/cse6406/bin/iqtree2 -s /home/mis/CSE6406-project/work/paper_subset_50x10_L800/ils_low/replicate_09/alignments/L800/locus_0048.phy -m JC --abayes -T AUTO --seed 7306049 --prefix /home/mis/CSE6406-project/work/paper_subset_50x10_L800/ils_low/replicate_09/estimated_gene_trees/L800/jc/locus_0048 --redo --quiet
Seed:    7306049 (Using SPRNG - Scalable Parallel Random Number Generator)
Time:    Sat Sep 12 13:20:03 2026
Kernel:  AVX+FMA - auto-detect threads (16 CPU cores detected)

Reading alignment file /home/mis/CSE6406-project/work/paper_subset_50x10_L800/ils_low/replicate_09/alignments/L800/locus_0048.phy ... Phylip format detected
Alignment most likely contains DNA/RNA sequences
Alignment has 21 sequences with 800 columns, 472 distinct patterns
403 parsimony-informative, 75 singleton sites, 322 constant sites
        Gap/Ambiguity  Composition  p-value
Analyzing sequences: done in 9.3768e-05 secs using 135.4% CPU
   1  20_0_0    0.00%    passed     98.26%
   2  12_0_0    0.00%    passed     87.40%
   3  6_0_0     0.00%    passed     43.36%
   4  19_0_0    0.00%    passed     88.36%
   5  3_0_0     0.00%    passed     85.76%
   6  9_0_0     0.00%    passed     68.53%
   7  10_0_0    0.00%    passed     50.13%
   8  2_0_0     0.00%    passed     61.85%
   9  7_0_0     0.00%    passed     62.65%
  10  15_0_0    0.00%    passed     54.08%
  11  18_0_0    0.00%    passed     96.65%
  12  17_0_0    0.00%    passed     95.61%
  13  5_0_0     0.00%    passed     90.67%
  14  14_0_0    0.00%    passed     39.32%
  15  13_0_0    0.00%    passed     26.05%
  16  11_0_0    0.00%    passed     49.52%
  17  4_0_0     0.00%    passed     78.06%
  18  8_0_0     0.00%    passed     74.59%
  19  16_0_0    0.00%    passed     98.82%
  20  1_0_0     0.00%    passed     93.65%
  21  0_0_0     0.00%    passed     19.42%
****  TOTAL     0.00%  0 sequences failed composition chi2 test (p-value<5%; df=3)

Create initial parsimony tree by phylogenetic likelihood library (PLL)... 0.001 seconds

NOTE: 0 MB RAM (0 GB) is required!
Measuring multi-threading efficiency up to 16 CPU cores
Increase to 10 rounds for branch lengths
5462 trees examined
Threads: 1 / Time: 16.002 sec / Speedup: 1.000 / Efficiency: 100% / LogL: -14003
Threads: 2 / Time: 25.613 sec / Speedup: 0.625 / Efficiency: 31% / LogL: -14003
BEST NUMBER OF THREADS: 1

Estimate model parameters (epsilon = 0.100)
1. Initial log-likelihood: -12711.747
Optimal log-likelihood: -12679.370
Rate parameters:  A-C: 1.00000  A-G: 1.00000  A-T: 1.00000  C-G: 1.00000  C-T: 1.00000  G-T: 1.00000
Base frequencies:  A: 0.250  C: 0.250  G: 0.250  T: 0.250
Parameters optimization took 1 rounds (0.002 sec)
Wrote distance file to... 
Computing ML distances based on estimated model parameters...
Calculating distance matrix: done in 0.00052216 secs using 88.86% CPU
Computing ML distances took 0.000564 sec (of wall-clock time) 0.000500 sec (of CPU time)
Setting up auxiliary I and S matrices: done in 3.0074e-05 secs using 99.75% CPU
Computing RapidNJ tree took 0.000116 sec (of wall-clock time) 0.000424 sec (of CPU time)
Log-likelihood of RapidNJ tree: -12708.658
--------------------------------------------------------------------
|             INITIALIZING CANDIDATE TREE SET                      |
--------------------------------------------------------------------
Generating 98 parsimony trees... 0.114 second
Computing log-likelihood of 98 initial trees ... 0.065 seconds
Current best score: -12675.943

Do NNI search on 20 best initial trees
Estimate model parameters (epsilon = 0.100)
BETTER TREE FOUND at iteration 1: -12672.338
Iteration 10 / LogL: -12680.358 / Time: 0h:0m:41s
Iteration 20 / LogL: -12672.343 / Time: 0h:0m:41s
Finish initializing candidate tree set (4)
Current best tree score: -12672.338 / CPU time: 0.299
Number of iterations: 20
--------------------------------------------------------------------
|               OPTIMIZING CANDIDATE TREE SET                      |
--------------------------------------------------------------------
Iteration 30 / LogL: -12672.462 / Time: 0h:0m:42s (0h:1m:42s left)
Iteration 40 / LogL: -12701.219 / Time: 0h:0m:42s (0h:1m:5s left)
Iteration 50 / LogL: -12672.347 / Time: 0h:0m:42s (0h:0m:43s left)
Iteration 60 / LogL: -12672.367 / Time: 0h:0m:42s (0h:0m:29s left)
Iteration 70 / LogL: -12672.351 / Time: 0h:0m:42s (0h:0m:19s left)
Iteration 80 / LogL: -12672.473 / Time: 0h:0m:42s (0h:0m:11s left)
Iteration 90 / LogL: -12672.348 / Time: 0h:0m:42s (0h:0m:5s left)
Iteration 100 / LogL: -12672.358 / Time: 0h:0m:42s (0h:0m:0s left)
TREE SEARCH COMPLETED AFTER 102 ITERATIONS / Time: 0h:0m:42s

--------------------------------------------------------------------
|                    FINALIZING TREE SEARCH                        |
--------------------------------------------------------------------
Performs final model parameters optimization
Estimate model parameters (epsilon = 0.010)
1. Initial log-likelihood: -12672.338
Optimal log-likelihood: -12672.338
Rate parameters:  A-C: 1.00000  A-G: 1.00000  A-T: 1.00000  C-G: 1.00000  C-T: 1.00000  G-T: 1.00000
Base frequencies:  A: 0.250  C: 0.250  G: 0.250  T: 0.250
Parameters optimization took 1 rounds (0.001 sec)
BEST SCORE FOUND : -12672.338

Testing tree branches by aBayes parametric test...
0.002 sec.
Total tree length: 4.226

Total number of iterations: 102
CPU time used for tree search: 1.076 sec (0h:0m:1s)
Wall-clock time used for tree search: 1.095 sec (0h:0m:1s)
Total CPU time used: 44.855 sec (0h:0m:44s)
Total wall-clock time used: 42.725 sec (0h:0m:42s)

Analysis results written to: 
  IQ-TREE report:                /home/mis/CSE6406-project/work/paper_subset_50x10_L800/ils_low/replicate_09/estimated_gene_trees/L800/jc/locus_0048.iqtree
  Maximum-likelihood tree:       /home/mis/CSE6406-project/work/paper_subset_50x10_L800/ils_low/replicate_09/estimated_gene_trees/L800/jc/locus_0048.treefile
  Likelihood distances:          /home/mis/CSE6406-project/work/paper_subset_50x10_L800/ils_low/replicate_09/estimated_gene_trees/L800/jc/locus_0048.mldist
  Screen log file:               /home/mis/CSE6406-project/work/paper_subset_50x10_L800/ils_low/replicate_09/estimated_gene_trees/L800/jc/locus_0048.log

Date and Time: Sat Sep 12 13:20:46 2026
