IQ-TREE multicore version 2.4.0 for Linux x86 64-bit built Feb 12 2025
Developed by Bui Quang Minh, Nguyen Lam Tung, Olga Chernomor, Heiko Schmidt,
Dominik Schrempf, Michael Woodhams, Ly Trong Nhan, Thomas Wong

Host:    ezmata (AVX2, FMA3, 15 GB RAM)
Command: /home/mis/miniconda3/envs/cse6406/bin/iqtree2 -s /home/mis/CSE6406-project/work/paper_subset_50x10_L800/ils_low/replicate_02/alignments/L800/locus_0035.phy -m GTR+G4 --abayes -T AUTO --seed 6606036 --prefix /home/mis/CSE6406-project/work/paper_subset_50x10_L800/ils_low/replicate_02/estimated_gene_trees/L800/gtr_g4/locus_0035 --redo --quiet
Seed:    6606036 (Using SPRNG - Scalable Parallel Random Number Generator)
Time:    Fri Sep 11 03:11:35 2026
Kernel:  AVX+FMA - auto-detect threads (16 CPU cores detected)

Reading alignment file /home/mis/CSE6406-project/work/paper_subset_50x10_L800/ils_low/replicate_02/alignments/L800/locus_0035.phy ... Phylip format detected
Alignment most likely contains DNA/RNA sequences
Alignment has 21 sequences with 800 columns, 493 distinct patterns
431 parsimony-informative, 71 singleton sites, 298 constant sites
        Gap/Ambiguity  Composition  p-value
Analyzing sequences: done in 0.000152399 secs
   1  1_0_0     0.00%    passed     83.41%
   2  5_0_0     0.00%    passed     83.37%
   3  9_0_0     0.00%    passed     96.41%
   4  11_0_0    0.00%    passed     85.58%
   5  10_0_0    0.00%    passed     91.16%
   6  7_0_0     0.00%    passed     95.33%
   7  8_0_0     0.00%    passed     64.82%
   8  19_0_0    0.00%    passed     94.93%
   9  15_0_0    0.00%    passed     70.43%
  10  18_0_0    0.00%    passed     71.81%
  11  16_0_0    0.00%    passed     98.07%
  12  14_0_0    0.00%    passed     99.90%
  13  13_0_0    0.00%    passed     74.21%
  14  20_0_0    0.00%    passed     99.12%
  15  17_0_0    0.00%    passed     97.34%
  16  12_0_0    0.00%    passed     69.47%
  17  6_0_0     0.00%    passed     78.16%
  18  3_0_0     0.00%    passed     90.98%
  19  2_0_0     0.00%    passed     71.24%
  20  4_0_0     0.00%    passed     84.07%
  21  0_0_0     0.00%    passed     26.43%
****  TOTAL     0.00%  0 sequences failed composition chi2 test (p-value<5%; df=3)

Create initial parsimony tree by phylogenetic likelihood library (PLL)... 0.001 seconds

NOTE: 1 MB RAM (0 GB) is required!
Measuring multi-threading efficiency up to 16 CPU cores
Increase to 10 rounds for branch lengths
1517 trees examined
Threads: 1 / Time: 16.009 sec / Speedup: 1.000 / Efficiency: 100% / LogL: -12901
Threads: 2 / Time: 17.003 sec / Speedup: 0.942 / Efficiency: 47% / LogL: -12901
BEST NUMBER OF THREADS: 1

Estimate model parameters (epsilon = 0.100)
1. Initial log-likelihood: -12493.404
2. Current log-likelihood: -11998.262
3. Current log-likelihood: -11926.251
4. Current log-likelihood: -11917.584
5. Current log-likelihood: -11915.560
6. Current log-likelihood: -11914.953
7. Current log-likelihood: -11914.745
Optimal log-likelihood: -11914.663
Rate parameters:  A-C: 1.44518  A-G: 2.37146  A-T: 1.21521  C-G: 1.75446  C-T: 2.66012  G-T: 1.00000
Base frequencies:  A: 0.316  C: 0.194  G: 0.181  T: 0.309
Gamma shape alpha: 0.212
Parameters optimization took 7 rounds (0.103 sec)
Wrote distance file to... 
Computing ML distances based on estimated model parameters...
Calculating distance matrix: done in 0.00221587 secs using 99.01% CPU
Computing ML distances took 0.002275 sec (of wall-clock time) 0.002250 sec (of CPU time)
Setting up auxiliary I and S matrices: done in 4.0355e-05 secs using 99.12% CPU
Computing RapidNJ tree took 0.000145 sec (of wall-clock time) 0.000463 sec (of CPU time)
Log-likelihood of RapidNJ tree: -11966.154
--------------------------------------------------------------------
|             INITIALIZING CANDIDATE TREE SET                      |
--------------------------------------------------------------------
Generating 98 parsimony trees... 0.158 second
Computing log-likelihood of 98 initial trees ... 0.227 seconds
Current best score: -11914.663

Do NNI search on 20 best initial trees
Estimate model parameters (epsilon = 0.100)
BETTER TREE FOUND at iteration 1: -11910.188
Iteration 10 / LogL: -11910.200 / Time: 0h:0m:33s
Iteration 20 / LogL: -11910.200 / Time: 0h:0m:34s
Finish initializing candidate tree set (4)
Current best tree score: -11910.188 / CPU time: 1.171
Number of iterations: 20
--------------------------------------------------------------------
|               OPTIMIZING CANDIDATE TREE SET                      |
--------------------------------------------------------------------
Iteration 30 / LogL: -11910.746 / Time: 0h:0m:34s (0h:1m:24s left)
UPDATE BEST LOG-LIKELIHOOD: -11910.187
Iteration 40 / LogL: -11910.200 / Time: 0h:0m:34s (0h:0m:54s left)
Iteration 50 / LogL: -11910.194 / Time: 0h:0m:35s (0h:0m:36s left)
Iteration 60 / LogL: -11910.588 / Time: 0h:0m:35s (0h:0m:24s left)
Iteration 70 / LogL: -11910.265 / Time: 0h:0m:35s (0h:0m:16s left)
Iteration 80 / LogL: -11910.200 / Time: 0h:0m:35s (0h:0m:9s left)
Iteration 90 / LogL: -11910.663 / Time: 0h:0m:36s (0h:0m:4s left)
Iteration 100 / LogL: -11910.200 / Time: 0h:0m:36s (0h:0m:0s left)
TREE SEARCH COMPLETED AFTER 102 ITERATIONS / Time: 0h:0m:36s

--------------------------------------------------------------------
|                    FINALIZING TREE SEARCH                        |
--------------------------------------------------------------------
Performs final model parameters optimization
Estimate model parameters (epsilon = 0.010)
1. Initial log-likelihood: -11910.187
Optimal log-likelihood: -11910.176
Rate parameters:  A-C: 1.45554  A-G: 2.38443  A-T: 1.22615  C-G: 1.75953  C-T: 2.69959  G-T: 1.00000
Base frequencies:  A: 0.316  C: 0.194  G: 0.181  T: 0.309
Gamma shape alpha: 0.211
Parameters optimization took 1 rounds (0.006 sec)
BEST SCORE FOUND : -11910.176

Testing tree branches by aBayes parametric test...
0.006 sec.
Total tree length: 17.825

Total number of iterations: 102
CPU time used for tree search: 3.396 sec (0h:0m:3s)
Wall-clock time used for tree search: 3.457 sec (0h:0m:3s)
Total CPU time used: 43.669 sec (0h:0m:43s)
Total wall-clock time used: 36.603 sec (0h:0m:36s)

Analysis results written to: 
  IQ-TREE report:                /home/mis/CSE6406-project/work/paper_subset_50x10_L800/ils_low/replicate_02/estimated_gene_trees/L800/gtr_g4/locus_0035.iqtree
  Maximum-likelihood tree:       /home/mis/CSE6406-project/work/paper_subset_50x10_L800/ils_low/replicate_02/estimated_gene_trees/L800/gtr_g4/locus_0035.treefile
  Likelihood distances:          /home/mis/CSE6406-project/work/paper_subset_50x10_L800/ils_low/replicate_02/estimated_gene_trees/L800/gtr_g4/locus_0035.mldist
  Screen log file:               /home/mis/CSE6406-project/work/paper_subset_50x10_L800/ils_low/replicate_02/estimated_gene_trees/L800/gtr_g4/locus_0035.log

Date and Time: Fri Sep 11 03:12:12 2026
