IQ-TREE multicore version 2.4.0 for MacOS ARM 64-bit built Feb 12 2025
Developed by Bui Quang Minh, Nguyen Lam Tung, Olga Chernomor, Heiko Schmidt,
Dominik Schrempf, Michael Woodhams, Ly Trong Nhan, Thomas Wong

Host:    Fahims-MacBook-Air.local (SSE4.2, 16 GB RAM)
Command: /Users/fahim/miniconda3/envs/cse6406/bin/iqtree2 -s /Users/fahim/CSE6406-project/work/paper_subset_50x10_L1600/ils_high/replicate_06/alignments/L1600/locus_0050.phy -m HKY --abayes -T AUTO --seed 7006051 --prefix /Users/fahim/CSE6406-project/work/paper_subset_50x10_L1600/ils_high/replicate_06/estimated_gene_trees/L1600/hky/locus_0050 --redo --quiet
Seed:    7006051 (Using SPRNG - Scalable Parallel Random Number Generator)
Time:    Sat Sep 12 13:02:57 2026
Kernel:  SSE2 - auto-detect threads (10 CPU cores detected)

Reading alignment file /Users/fahim/CSE6406-project/work/paper_subset_50x10_L1600/ils_high/replicate_06/alignments/L1600/locus_0050.phy ... Phylip format detected
Alignment most likely contains DNA/RNA sequences
Alignment has 21 sequences with 1600 columns, 645 distinct patterns
529 parsimony-informative, 172 singleton sites, 899 constant sites
        Gap/Ambiguity  Composition  p-value
Analyzing sequences: done in 4.29153e-05 secs using 97.87% CPU
   1  0_0_0     0.00%    passed     85.07%
   2  19_0_0    0.00%    passed     55.30%
   3  15_0_0    0.00%    passed     80.45%
   4  16_0_0    0.00%    passed     92.40%
   5  10_0_0    0.00%    passed     95.04%
   6  20_0_0    0.00%    passed     78.03%
   7  5_0_0     0.00%    passed     81.92%
   8  2_0_0     0.00%    passed     74.02%
   9  3_0_0     0.00%    passed     99.62%
  10  9_0_0     0.00%    passed     92.95%
  11  4_0_0     0.00%    passed     72.77%
  12  1_0_0     0.00%    passed     83.76%
  13  8_0_0     0.00%    passed     87.32%
  14  6_0_0     0.00%    passed     88.96%
  15  7_0_0     0.00%    passed     88.10%
  16  14_0_0    0.00%    passed     98.32%
  17  11_0_0    0.00%    passed     78.91%
  18  12_0_0    0.00%    passed     81.25%
  19  13_0_0    0.00%    passed     59.73%
  20  17_0_0    0.00%    passed     82.11%
  21  18_0_0    0.00%    passed     93.55%
****  TOTAL     0.00%  0 sequences failed composition chi2 test (p-value<5%; df=3)

Create initial parsimony tree by phylogenetic likelihood library (PLL)... 0.000 seconds

NOTE: 0 MB RAM (0 GB) is required!
Measuring multi-threading efficiency up to 10 CPU cores
Increase to 10 rounds for branch lengths
4843 trees examined
Threads: 1 / Time: 10.001 sec / Speedup: 1.000 / Efficiency: 100% / LogL: -18747
Threads: 2 / Time: 22.834 sec / Speedup: 0.438 / Efficiency: 22% / LogL: -18747
BEST NUMBER OF THREADS: 1

Estimate model parameters (epsilon = 0.100)
1. Initial log-likelihood: -15797.296
2. Current log-likelihood: -15667.473
3. Current log-likelihood: -15667.348
Optimal log-likelihood: -15667.348
Rate parameters:  A-C: 1.00000  A-G: 1.76755  A-T: 1.00000  C-G: 1.00000  C-T: 1.76755  G-T: 1.00000
Base frequencies:  A: 0.290  C: 0.205  G: 0.199  T: 0.306
Parameters optimization took 3 rounds (0.004 sec)
Wrote distance file to... 
Computing ML distances based on estimated model parameters...
Calculating distance matrix: done in 0.000429869 secs using 97.47% CPU
Computing ML distances took 0.000465 sec (of wall-clock time) 0.000445 sec (of CPU time)
Setting up auxiliary I and S matrices: done in 1.50204e-05 secs using 73.23% CPU
Computing RapidNJ tree took 0.000057 sec (of wall-clock time) 0.000047 sec (of CPU time)
Log-likelihood of RapidNJ tree: -15702.923
--------------------------------------------------------------------
|             INITIALIZING CANDIDATE TREE SET                      |
--------------------------------------------------------------------
Generating 98 parsimony trees... 0.061 second
Computing log-likelihood of 98 initial trees ... 0.048 seconds
Current best score: -15662.966

Do NNI search on 20 best initial trees
Estimate model parameters (epsilon = 0.100)
BETTER TREE FOUND at iteration 1: -15661.863
Iteration 10 / LogL: -15666.832 / Time: 0h:0m:33s
Iteration 20 / LogL: -15661.868 / Time: 0h:0m:33s
Finish initializing candidate tree set (4)
Current best tree score: -15661.863 / CPU time: 0.223
Number of iterations: 20
--------------------------------------------------------------------
|               OPTIMIZING CANDIDATE TREE SET                      |
--------------------------------------------------------------------
Iteration 30 / LogL: -15663.150 / Time: 0h:0m:33s (0h:1m:21s left)
Iteration 40 / LogL: -15663.096 / Time: 0h:0m:33s (0h:0m:51s left)
Iteration 50 / LogL: -15661.868 / Time: 0h:0m:33s (0h:0m:34s left)
Iteration 60 / LogL: -15663.116 / Time: 0h:0m:33s (0h:0m:23s left)
Iteration 70 / LogL: -15663.098 / Time: 0h:0m:33s (0h:0m:15s left)
Iteration 80 / LogL: -15662.052 / Time: 0h:0m:33s (0h:0m:8s left)
Iteration 90 / LogL: -15661.866 / Time: 0h:0m:33s (0h:0m:4s left)
Iteration 100 / LogL: -15661.864 / Time: 0h:0m:33s (0h:0m:0s left)
TREE SEARCH COMPLETED AFTER 102 ITERATIONS / Time: 0h:0m:33s

--------------------------------------------------------------------
|                    FINALIZING TREE SEARCH                        |
--------------------------------------------------------------------
Performs final model parameters optimization
Estimate model parameters (epsilon = 0.010)
1. Initial log-likelihood: -15661.863
Optimal log-likelihood: -15661.863
Rate parameters:  A-C: 1.00000  A-G: 1.77832  A-T: 1.00000  C-G: 1.00000  C-T: 1.77832  G-T: 1.00000
Base frequencies:  A: 0.290  C: 0.205  G: 0.199  T: 0.306
Parameters optimization took 1 rounds (0.001 sec)
BEST SCORE FOUND : -15661.863

Testing tree branches by aBayes parametric test...
0.002 sec.
Total tree length: 1.898

Total number of iterations: 102
CPU time used for tree search: 0.787 sec (0h:0m:0s)
Wall-clock time used for tree search: 0.789 sec (0h:0m:0s)
Total CPU time used: 28.184 sec (0h:0m:28s)
Total wall-clock time used: 33.639 sec (0h:0m:33s)

Analysis results written to: 
  IQ-TREE report:                /Users/fahim/CSE6406-project/work/paper_subset_50x10_L1600/ils_high/replicate_06/estimated_gene_trees/L1600/hky/locus_0050.iqtree
  Maximum-likelihood tree:       /Users/fahim/CSE6406-project/work/paper_subset_50x10_L1600/ils_high/replicate_06/estimated_gene_trees/L1600/hky/locus_0050.treefile
  Likelihood distances:          /Users/fahim/CSE6406-project/work/paper_subset_50x10_L1600/ils_high/replicate_06/estimated_gene_trees/L1600/hky/locus_0050.mldist
  Screen log file:               /Users/fahim/CSE6406-project/work/paper_subset_50x10_L1600/ils_high/replicate_06/estimated_gene_trees/L1600/hky/locus_0050.log

Date and Time: Sat Sep 12 13:03:31 2026
