IQ-TREE multicore version 2.4.0 for MacOS ARM 64-bit built Feb 12 2025
Developed by Bui Quang Minh, Nguyen Lam Tung, Olga Chernomor, Heiko Schmidt,
Dominik Schrempf, Michael Woodhams, Ly Trong Nhan, Thomas Wong

Host:    Fahims-MacBook-Air.local (SSE4.2, 16 GB RAM)
Command: /Users/fahim/miniconda3/envs/cse6406/bin/iqtree2 -s /Users/fahim/CSE6406-project/work/paper_subset_50x10_L1600/ils_high/replicate_06/alignments/L1600/locus_0021.phy -m HKY --abayes -T AUTO --seed 7006022 --prefix /Users/fahim/CSE6406-project/work/paper_subset_50x10_L1600/ils_high/replicate_06/estimated_gene_trees/L1600/hky/locus_0021 --redo --quiet
Seed:    7006022 (Using SPRNG - Scalable Parallel Random Number Generator)
Time:    Sat Sep 12 12:46:14 2026
Kernel:  SSE2 - auto-detect threads (10 CPU cores detected)

Reading alignment file /Users/fahim/CSE6406-project/work/paper_subset_50x10_L1600/ils_high/replicate_06/alignments/L1600/locus_0021.phy ... Phylip format detected
Alignment most likely contains DNA/RNA sequences
Alignment has 21 sequences with 1600 columns, 611 distinct patterns
510 parsimony-informative, 161 singleton sites, 928 constant sites
        Gap/Ambiguity  Composition  p-value
Analyzing sequences: done in 5.00679e-05 secs using 83.89% CPU
   1  19_0_0    0.00%    passed     90.39%
   2  13_0_0    0.00%    passed     87.92%
   3  17_0_0    0.00%    passed     99.37%
   4  15_0_0    0.00%    passed     68.63%
   5  12_0_0    0.00%    passed     92.47%
   6  11_0_0    0.00%    passed     98.65%
   7  14_0_0    0.00%    passed     79.20%
   8  9_0_0     0.00%    passed     97.58%
   9  5_0_0     0.00%    passed     96.18%
  10  8_0_0     0.00%    passed     98.54%
  11  7_0_0     0.00%    passed     91.71%
  12  1_0_0     0.00%    passed     87.35%
  13  4_0_0     0.00%    passed     93.27%
  14  6_0_0     0.00%    passed     96.02%
  15  2_0_0     0.00%    passed     91.81%
  16  3_0_0     0.00%    passed     91.22%
  17  20_0_0    0.00%    passed     88.59%
  18  10_0_0    0.00%    passed     79.71%
  19  0_0_0     0.00%    passed     92.28%
  20  18_0_0    0.00%    passed     65.27%
  21  16_0_0    0.00%    passed     93.85%
****  TOTAL     0.00%  0 sequences failed composition chi2 test (p-value<5%; df=3)

Create initial parsimony tree by phylogenetic likelihood library (PLL)... 0.000 seconds

NOTE: 0 MB RAM (0 GB) is required!
Measuring multi-threading efficiency up to 10 CPU cores
Increase to 10 rounds for branch lengths
4734 trees examined
Threads: 1 / Time: 10.001 sec / Speedup: 1.000 / Efficiency: 100% / LogL: -17311
Threads: 2 / Time: 23.993 sec / Speedup: 0.417 / Efficiency: 21% / LogL: -17311
BEST NUMBER OF THREADS: 1

Estimate model parameters (epsilon = 0.100)
1. Initial log-likelihood: -14661.073
2. Current log-likelihood: -14545.738
3. Current log-likelihood: -14545.557
Optimal log-likelihood: -14545.557
Rate parameters:  A-C: 1.00000  A-G: 1.77946  A-T: 1.00000  C-G: 1.00000  C-T: 1.77946  G-T: 1.00000
Base frequencies:  A: 0.278  C: 0.202  G: 0.210  T: 0.311
Parameters optimization took 3 rounds (0.004 sec)
Wrote distance file to... 
Computing ML distances based on estimated model parameters...
Calculating distance matrix: done in 0.000459194 secs using 97.78% CPU
Computing ML distances took 0.000502 sec (of wall-clock time) 0.000474 sec (of CPU time)
Setting up auxiliary I and S matrices: done in 1.78814e-05 secs using 72.7% CPU
Computing RapidNJ tree took 0.000066 sec (of wall-clock time) 0.000066 sec (of CPU time)
Log-likelihood of RapidNJ tree: -14645.967
--------------------------------------------------------------------
|             INITIALIZING CANDIDATE TREE SET                      |
--------------------------------------------------------------------
Generating 98 parsimony trees... 0.068 second
Computing log-likelihood of 98 initial trees ... 0.049 seconds
Current best score: -14545.557

Do NNI search on 20 best initial trees
Estimate model parameters (epsilon = 0.100)
BETTER TREE FOUND at iteration 1: -14545.557
Iteration 10 / LogL: -14545.596 / Time: 0h:0m:34s
Iteration 20 / LogL: -14545.558 / Time: 0h:0m:34s
Finish initializing candidate tree set (1)
Current best tree score: -14545.557 / CPU time: 0.219
Number of iterations: 20
--------------------------------------------------------------------
|               OPTIMIZING CANDIDATE TREE SET                      |
--------------------------------------------------------------------
Iteration 30 / LogL: -14545.575 / Time: 0h:0m:34s (0h:1m:23s left)
Iteration 40 / LogL: -14545.618 / Time: 0h:0m:34s (0h:0m:53s left)
Iteration 50 / LogL: -14545.560 / Time: 0h:0m:34s (0h:0m:35s left)
Iteration 60 / LogL: -14545.674 / Time: 0h:0m:34s (0h:0m:23s left)
Iteration 70 / LogL: -14545.557 / Time: 0h:0m:34s (0h:0m:15s left)
Iteration 80 / LogL: -14545.839 / Time: 0h:0m:34s (0h:0m:9s left)
Iteration 90 / LogL: -14545.691 / Time: 0h:0m:34s (0h:0m:4s left)
Iteration 100 / LogL: -14545.576 / Time: 0h:0m:34s (0h:0m:0s left)
TREE SEARCH COMPLETED AFTER 102 ITERATIONS / Time: 0h:0m:34s

--------------------------------------------------------------------
|                    FINALIZING TREE SEARCH                        |
--------------------------------------------------------------------
Performs final model parameters optimization
Estimate model parameters (epsilon = 0.010)
1. Initial log-likelihood: -14545.557
Optimal log-likelihood: -14545.557
Rate parameters:  A-C: 1.00000  A-G: 1.77946  A-T: 1.00000  C-G: 1.00000  C-T: 1.77946  G-T: 1.00000
Base frequencies:  A: 0.278  C: 0.202  G: 0.210  T: 0.311
Parameters optimization took 1 rounds (0.001 sec)
BEST SCORE FOUND : -14545.557

Testing tree branches by aBayes parametric test...
0.002 sec.
Total tree length: 1.714

Total number of iterations: 102
CPU time used for tree search: 0.754 sec (0h:0m:0s)
Wall-clock time used for tree search: 0.758 sec (0h:0m:0s)
Total CPU time used: 28.679 sec (0h:0m:28s)
Total wall-clock time used: 34.766 sec (0h:0m:34s)

Analysis results written to: 
  IQ-TREE report:                /Users/fahim/CSE6406-project/work/paper_subset_50x10_L1600/ils_high/replicate_06/estimated_gene_trees/L1600/hky/locus_0021.iqtree
  Maximum-likelihood tree:       /Users/fahim/CSE6406-project/work/paper_subset_50x10_L1600/ils_high/replicate_06/estimated_gene_trees/L1600/hky/locus_0021.treefile
  Likelihood distances:          /Users/fahim/CSE6406-project/work/paper_subset_50x10_L1600/ils_high/replicate_06/estimated_gene_trees/L1600/hky/locus_0021.mldist
  Screen log file:               /Users/fahim/CSE6406-project/work/paper_subset_50x10_L1600/ils_high/replicate_06/estimated_gene_trees/L1600/hky/locus_0021.log

Date and Time: Sat Sep 12 12:46:49 2026
