IQ-TREE multicore version 2.4.0 for MacOS ARM 64-bit built Feb 12 2025
Developed by Bui Quang Minh, Nguyen Lam Tung, Olga Chernomor, Heiko Schmidt,
Dominik Schrempf, Michael Woodhams, Ly Trong Nhan, Thomas Wong

Host:    Fahims-MacBook-Air.local (SSE4.2, 16 GB RAM)
Command: /Users/fahim/miniconda3/envs/cse6406/bin/iqtree2 -s /Users/fahim/CSE6406-project/work/paper_subset_50x10_L1600/ils_high/replicate_06/alignments/L1600/locus_0023.phy -m HKY --abayes -T AUTO --seed 7006024 --prefix /Users/fahim/CSE6406-project/work/paper_subset_50x10_L1600/ils_high/replicate_06/estimated_gene_trees/L1600/hky/locus_0023 --redo --quiet
Seed:    7006024 (Using SPRNG - Scalable Parallel Random Number Generator)
Time:    Sat Sep 12 12:47:23 2026
Kernel:  SSE2 - auto-detect threads (10 CPU cores detected)

Reading alignment file /Users/fahim/CSE6406-project/work/paper_subset_50x10_L1600/ils_high/replicate_06/alignments/L1600/locus_0023.phy ... Phylip format detected
Alignment most likely contains DNA/RNA sequences
Alignment has 21 sequences with 1600 columns, 594 distinct patterns
464 parsimony-informative, 192 singleton sites, 944 constant sites
        Gap/Ambiguity  Composition  p-value
Analyzing sequences: done in 4.29153e-05 secs using 100.2% CPU
   1  0_0_0     0.00%    passed     94.00%
   2  7_0_0     0.00%    passed     84.66%
   3  1_0_0     0.00%    passed     96.37%
   4  4_0_0     0.00%    passed     97.10%
   5  8_0_0     0.00%    passed     93.55%
   6  6_0_0     0.00%    passed     71.94%
   7  2_0_0     0.00%    passed     61.55%
   8  3_0_0     0.00%    passed     84.36%
   9  5_0_0     0.00%    passed     94.26%
  10  14_0_0    0.00%    passed     96.76%
  11  12_0_0    0.00%    passed     81.37%
  12  11_0_0    0.00%    passed     72.00%
  13  16_0_0    0.00%    passed     99.57%
  14  10_0_0    0.00%    passed     92.52%
  15  20_0_0    0.00%    passed     96.49%
  16  19_0_0    0.00%    passed     99.78%
  17  18_0_0    0.00%    passed     77.11%
  18  13_0_0    0.00%    passed     82.63%
  19  17_0_0    0.00%    passed     96.24%
  20  15_0_0    0.00%    passed     90.39%
  21  9_0_0     0.00%    passed     99.13%
****  TOTAL     0.00%  0 sequences failed composition chi2 test (p-value<5%; df=3)

Create initial parsimony tree by phylogenetic likelihood library (PLL)... 0.000 seconds

NOTE: 0 MB RAM (0 GB) is required!
Measuring multi-threading efficiency up to 10 CPU cores
Increase to 10 rounds for branch lengths
4410 trees examined
Threads: 1 / Time: 10.001 sec / Speedup: 1.000 / Efficiency: 100% / LogL: -17610
Threads: 2 / Time: 24.575 sec / Speedup: 0.407 / Efficiency: 20% / LogL: -17610
BEST NUMBER OF THREADS: 1

Estimate model parameters (epsilon = 0.100)
1. Initial log-likelihood: -14434.089
2. Current log-likelihood: -14314.085
3. Current log-likelihood: -14313.956
Optimal log-likelihood: -14313.955
Rate parameters:  A-C: 1.00000  A-G: 1.78685  A-T: 1.00000  C-G: 1.00000  C-T: 1.78685  G-T: 1.00000
Base frequencies:  A: 0.291  C: 0.203  G: 0.213  T: 0.293
Parameters optimization took 3 rounds (0.004 sec)
Wrote distance file to... 
Computing ML distances based on estimated model parameters...
Calculating distance matrix: done in 0.000420809 secs using 98.14% CPU
Computing ML distances took 0.000459 sec (of wall-clock time) 0.000437 sec (of CPU time)
Setting up auxiliary I and S matrices: done in 1.5974e-05 secs using 75.12% CPU
Computing RapidNJ tree took 0.000079 sec (of wall-clock time) 0.000073 sec (of CPU time)
Log-likelihood of RapidNJ tree: -14341.590
--------------------------------------------------------------------
|             INITIALIZING CANDIDATE TREE SET                      |
--------------------------------------------------------------------
Generating 98 parsimony trees... 0.059 second
Computing log-likelihood of 98 initial trees ... 0.046 seconds
Current best score: -14311.419

Do NNI search on 20 best initial trees
Estimate model parameters (epsilon = 0.100)
BETTER TREE FOUND at iteration 1: -14311.003
Estimate model parameters (epsilon = 0.100)
BETTER TREE FOUND at iteration 3: -14306.642
Iteration 10 / LogL: -14321.092 / Time: 0h:0m:34s
Estimate model parameters (epsilon = 0.100)
BETTER TREE FOUND at iteration 17: -14301.920
Iteration 20 / LogL: -14306.645 / Time: 0h:0m:34s
Finish initializing candidate tree set (7)
Current best tree score: -14301.920 / CPU time: 0.197
Number of iterations: 20
--------------------------------------------------------------------
|               OPTIMIZING CANDIDATE TREE SET                      |
--------------------------------------------------------------------
Iteration 30 / LogL: -14307.658 / Time: 0h:0m:34s (0h:1m:44s left)
Iteration 40 / LogL: -14306.656 / Time: 0h:0m:34s (0h:1m:8s left)
Iteration 50 / LogL: -14306.647 / Time: 0h:0m:34s (0h:0m:47s left)
Iteration 60 / LogL: -14301.921 / Time: 0h:0m:35s (0h:0m:33s left)
Iteration 70 / LogL: -14301.922 / Time: 0h:0m:35s (0h:0m:23s left)
Iteration 80 / LogL: -14301.932 / Time: 0h:0m:35s (0h:0m:16s left)
Iteration 90 / LogL: -14356.519 / Time: 0h:0m:35s (0h:0m:10s left)
Iteration 100 / LogL: -14301.938 / Time: 0h:0m:35s (0h:0m:6s left)
Iteration 110 / LogL: -14312.830 / Time: 0h:0m:35s (0h:0m:2s left)
TREE SEARCH COMPLETED AFTER 118 ITERATIONS / Time: 0h:0m:35s

--------------------------------------------------------------------
|                    FINALIZING TREE SEARCH                        |
--------------------------------------------------------------------
Performs final model parameters optimization
Estimate model parameters (epsilon = 0.010)
1. Initial log-likelihood: -14301.920
Optimal log-likelihood: -14301.920
Rate parameters:  A-C: 1.00000  A-G: 1.79336  A-T: 1.00000  C-G: 1.00000  C-T: 1.79336  G-T: 1.00000
Base frequencies:  A: 0.291  C: 0.203  G: 0.213  T: 0.293
Parameters optimization took 1 rounds (0.001 sec)
BEST SCORE FOUND : -14301.920

Testing tree branches by aBayes parametric test...
0.002 sec.
Total tree length: 1.673

Total number of iterations: 118
CPU time used for tree search: 0.800 sec (0h:0m:0s)
Wall-clock time used for tree search: 0.804 sec (0h:0m:0s)
Total CPU time used: 28.845 sec (0h:0m:28s)
Total wall-clock time used: 35.394 sec (0h:0m:35s)

Analysis results written to: 
  IQ-TREE report:                /Users/fahim/CSE6406-project/work/paper_subset_50x10_L1600/ils_high/replicate_06/estimated_gene_trees/L1600/hky/locus_0023.iqtree
  Maximum-likelihood tree:       /Users/fahim/CSE6406-project/work/paper_subset_50x10_L1600/ils_high/replicate_06/estimated_gene_trees/L1600/hky/locus_0023.treefile
  Likelihood distances:          /Users/fahim/CSE6406-project/work/paper_subset_50x10_L1600/ils_high/replicate_06/estimated_gene_trees/L1600/hky/locus_0023.mldist
  Screen log file:               /Users/fahim/CSE6406-project/work/paper_subset_50x10_L1600/ils_high/replicate_06/estimated_gene_trees/L1600/hky/locus_0023.log

Date and Time: Sat Sep 12 12:47:59 2026
