IQ-TREE multicore version 2.4.0 for Linux x86 64-bit built Feb 12 2025
Developed by Bui Quang Minh, Nguyen Lam Tung, Olga Chernomor, Heiko Schmidt,
Dominik Schrempf, Michael Woodhams, Ly Trong Nhan, Thomas Wong

Host:    ezmata (AVX2, FMA3, 15 GB RAM)
Command: /home/mis/miniconda3/envs/cse6406/bin/iqtree2 -s /home/mis/CSE6406-project/work/paper_subset_10x2_L200_800/ils_high/replicate_01/alignments/L200/locus_0004.phy -m GTR+G4 --abayes -T AUTO --seed 6506005 --prefix /home/mis/CSE6406-project/work/paper_subset_10x2_L200_800/ils_high/replicate_01/estimated_gene_trees/L200/gtr_g4/locus_0004 --redo --quiet
Seed:    6506005 (Using SPRNG - Scalable Parallel Random Number Generator)
Time:    Thu Sep 10 18:15:01 2026
Kernel:  AVX+FMA - auto-detect threads (16 CPU cores detected)

Reading alignment file /home/mis/CSE6406-project/work/paper_subset_10x2_L200_800/ils_high/replicate_01/alignments/L200/locus_0004.phy ... Phylip format detected
Alignment most likely contains DNA/RNA sequences
Alignment has 21 sequences with 200 columns, 21 distinct patterns
1 parsimony-informative, 16 singleton sites, 183 constant sites
        Gap/Ambiguity  Composition  p-value
Analyzing sequences: done in 0.000124318 secs using 30.57% CPU
   1  9_0_0     0.00%    passed     99.93%
   2  10_0_0    0.00%    passed     99.54%
   3  20_0_0    0.00%    passed     99.73%
   4  7_0_0     0.00%    passed     98.66%
   5  11_0_0    0.00%    passed     99.99%
   6  14_0_0    0.00%    passed     99.99%
   7  16_0_0    0.00%    passed     99.99%
   8  19_0_0    0.00%    passed     99.99%
   9  8_0_0     0.00%    passed     99.93%
  10  5_0_0     0.00%    passed     99.99%
  11  1_0_0     0.00%    passed     99.99%
  12  2_0_0     0.00%    passed     99.99%
  13  3_0_0     0.00%    passed     99.99%
  14  6_0_0     0.00%    passed     99.85%
  15  18_0_0    0.00%    passed     99.73%
  16  12_0_0    0.00%    passed     99.99%
  17  13_0_0    0.00%    passed     99.15%
  18  17_0_0    0.00%    passed     99.93%
  19  15_0_0    0.00%    passed     99.21%
  20  4_0_0     0.00%    passed     99.93%
  21  0_0_0     0.00%    passed     98.22%
****  TOTAL     0.00%  0 sequences failed composition chi2 test (p-value<5%; df=3)
NOTE: 14_0_0 is identical to 11_0_0 but kept for subsequent analysis
NOTE: 4_0_0 is identical to 17_0_0 but kept for subsequent analysis
NOTE: 7 identical sequences (see below) will be ignored for subsequent analysis
NOTE: 16_0_0 (identical to 11_0_0) is ignored but added at the end
NOTE: 19_0_0 (identical to 11_0_0) is ignored but added at the end
NOTE: 5_0_0 (identical to 11_0_0) is ignored but added at the end
NOTE: 1_0_0 (identical to 11_0_0) is ignored but added at the end
NOTE: 2_0_0 (identical to 11_0_0) is ignored but added at the end
NOTE: 3_0_0 (identical to 11_0_0) is ignored but added at the end
NOTE: 12_0_0 (identical to 11_0_0) is ignored but added at the end
Alignment was printed to /home/mis/CSE6406-project/work/paper_subset_10x2_L200_800/ils_high/replicate_01/estimated_gene_trees/L200/gtr_g4/locus_0004.uniqueseq.phy

For your convenience alignment with unique sequences printed to /home/mis/CSE6406-project/work/paper_subset_10x2_L200_800/ils_high/replicate_01/estimated_gene_trees/L200/gtr_g4/locus_0004.uniqueseq.phy

Create initial parsimony tree by phylogenetic likelihood library (PLL)... 0.000 seconds

NOTE: 0 MB RAM (0 GB) is required!
Measuring multi-threading efficiency up to 16 CPU cores
Increase to 10 rounds for branch lengths
94668 trees examined
Threads: 1 / Time: 16.000 sec / Speedup: 1.000 / Efficiency: 100% / LogL: -406
Threads: 2 / Time: 24.775 sec / Speedup: 0.646 / Efficiency: 32% / LogL: -406
BEST NUMBER OF THREADS: 1

Estimate model parameters (epsilon = 0.100)
1. Initial log-likelihood: -393.998
2. Current log-likelihood: -390.797
Optimal log-likelihood: -390.796
Rate parameters:  A-C: 6.78363  A-G: 5.79773  A-T: 2.09627  C-G: 1.91717  C-T: 3.59134  G-T: 1.00000
Base frequencies:  A: 0.293  C: 0.178  G: 0.199  T: 0.330
Gamma shape alpha: 1.409
Parameters optimization took 2 rounds (0.015 sec)
Wrote distance file to... 
Computing ML distances based on estimated model parameters...
Calculating distance matrix: done in 0.000675901 secs using 86.4% CPU
Computing ML distances took 0.000686 sec (of wall-clock time) 0.000592 sec (of CPU time)
Setting up auxiliary I and S matrices: done in 1.9889e-05 secs using 95.53% CPU
Computing RapidNJ tree took 0.000062 sec (of wall-clock time) 0.000214 sec (of CPU time)
Log-likelihood of RapidNJ tree: -390.265
--------------------------------------------------------------------
|             INITIALIZING CANDIDATE TREE SET                      |
--------------------------------------------------------------------
Generating 98 parsimony trees... 0.009 second
Computing log-likelihood of 98 initial trees ... 0.011 seconds
Current best score: -390.265

Do NNI search on 20 best initial trees
Estimate model parameters (epsilon = 0.100)
BETTER TREE FOUND at iteration 1: -389.911
BETTER TREE FOUND at iteration 2: -389.908
BETTER TREE FOUND at iteration 5: -389.908
BETTER TREE FOUND at iteration 6: -389.908
Iteration 10 / LogL: -391.157 / Time: 0h:0m:40s
BETTER TREE FOUND at iteration 19: -389.908
Iteration 20 / LogL: -389.908 / Time: 0h:0m:40s
Finish initializing candidate tree set (20)
Current best tree score: -389.908 / CPU time: 0.037
Number of iterations: 20
--------------------------------------------------------------------
|               OPTIMIZING CANDIDATE TREE SET                      |
--------------------------------------------------------------------
Iteration 30 / LogL: -389.908 / Time: 0h:0m:40s (0h:2m:5s left)
BETTER TREE FOUND at iteration 31: -389.908
Iteration 40 / LogL: -391.158 / Time: 0h:0m:40s (0h:1m:35s left)
BETTER TREE FOUND at iteration 41: -389.908
BETTER TREE FOUND at iteration 47: -389.908
Iteration 50 / LogL: -389.908 / Time: 0h:0m:40s (0h:1m:20s left)
Iteration 60 / LogL: -389.908 / Time: 0h:0m:40s (0h:1m:0s left)
BETTER TREE FOUND at iteration 62: -389.908
Iteration 70 / LogL: -389.908 / Time: 0h:0m:40s (0h:0m:54s left)
Iteration 80 / LogL: -393.652 / Time: 0h:0m:40s (0h:0m:42s left)
Iteration 90 / LogL: -389.908 / Time: 0h:0m:40s (0h:0m:33s left)
Iteration 100 / LogL: -391.158 / Time: 0h:0m:40s (0h:0m:25s left)
BETTER TREE FOUND at iteration 107: -389.908
Iteration 110 / LogL: -389.908 / Time: 0h:0m:40s (0h:0m:36s left)
Iteration 120 / LogL: -393.652 / Time: 0h:0m:40s (0h:0m:29s left)
Iteration 130 / LogL: -389.908 / Time: 0h:0m:40s (0h:0m:24s left)
Iteration 140 / LogL: -389.908 / Time: 0h:0m:40s (0h:0m:19s left)
Iteration 150 / LogL: -389.908 / Time: 0h:0m:40s (0h:0m:15s left)
Iteration 160 / LogL: -389.908 / Time: 0h:0m:40s (0h:0m:12s left)
Iteration 170 / LogL: -389.908 / Time: 0h:0m:40s (0h:0m:8s left)
Iteration 180 / LogL: -389.908 / Time: 0h:0m:40s (0h:0m:6s left)
Iteration 190 / LogL: -389.908 / Time: 0h:0m:40s (0h:0m:3s left)
Iteration 200 / LogL: -391.158 / Time: 0h:0m:40s (0h:0m:1s left)
BETTER TREE FOUND at iteration 205: -389.908
Iteration 210 / LogL: -389.908 / Time: 0h:0m:40s (0h:0m:18s left)
Iteration 220 / LogL: -389.908 / Time: 0h:0m:40s (0h:0m:15s left)
UPDATE BEST LOG-LIKELIHOOD: -389.907
Iteration 230 / LogL: -389.908 / Time: 0h:0m:40s (0h:0m:13s left)
Iteration 240 / LogL: -389.908 / Time: 0h:0m:41s (0h:0m:11s left)
Iteration 250 / LogL: -389.908 / Time: 0h:0m:41s (0h:0m:9s left)
Iteration 260 / LogL: -389.907 / Time: 0h:0m:41s (0h:0m:7s left)
Iteration 270 / LogL: -389.907 / Time: 0h:0m:41s (0h:0m:5s left)
Iteration 280 / LogL: -393.652 / Time: 0h:0m:41s (0h:0m:3s left)
Iteration 290 / LogL: -389.908 / Time: 0h:0m:41s (0h:0m:2s left)
Iteration 300 / LogL: -389.908 / Time: 0h:0m:41s (0h:0m:0s left)
TREE SEARCH COMPLETED AFTER 306 ITERATIONS / Time: 0h:0m:41s

--------------------------------------------------------------------
|                    FINALIZING TREE SEARCH                        |
--------------------------------------------------------------------
Performs final model parameters optimization
Estimate model parameters (epsilon = 0.010)
1. Initial log-likelihood: -389.907
Optimal log-likelihood: -389.907
Rate parameters:  A-C: 6.59166  A-G: 5.61612  A-T: 1.32058  C-G: 1.85093  C-T: 4.67254  G-T: 1.00000
Base frequencies:  A: 0.293  C: 0.178  G: 0.199  T: 0.330
Gamma shape alpha: 1.046
Parameters optimization took 1 rounds (0.000 sec)
BEST SCORE FOUND : -389.907

Testing tree branches by aBayes parametric test...
0.000 sec.
Total tree length: 0.092

Total number of iterations: 306
CPU time used for tree search: 0.242 sec (0h:0m:0s)
Wall-clock time used for tree search: 0.256 sec (0h:0m:0s)
Total CPU time used: 35.023 sec (0h:0m:35s)
Total wall-clock time used: 41.056 sec (0h:0m:41s)

Analysis results written to: 
  IQ-TREE report:                /home/mis/CSE6406-project/work/paper_subset_10x2_L200_800/ils_high/replicate_01/estimated_gene_trees/L200/gtr_g4/locus_0004.iqtree
  Maximum-likelihood tree:       /home/mis/CSE6406-project/work/paper_subset_10x2_L200_800/ils_high/replicate_01/estimated_gene_trees/L200/gtr_g4/locus_0004.treefile
  Likelihood distances:          /home/mis/CSE6406-project/work/paper_subset_10x2_L200_800/ils_high/replicate_01/estimated_gene_trees/L200/gtr_g4/locus_0004.mldist
  Screen log file:               /home/mis/CSE6406-project/work/paper_subset_10x2_L200_800/ils_high/replicate_01/estimated_gene_trees/L200/gtr_g4/locus_0004.log

Date and Time: Thu Sep 10 18:15:42 2026
