IQ-TREE multicore version 2.4.0 for Linux x86 64-bit built Feb 12 2025
Developed by Bui Quang Minh, Nguyen Lam Tung, Olga Chernomor, Heiko Schmidt,
Dominik Schrempf, Michael Woodhams, Ly Trong Nhan, Thomas Wong

Host:    ezmata (AVX2, FMA3, 15 GB RAM)
Command: /home/mis/miniconda3/envs/cse6406/bin/iqtree2 -s /home/mis/CSE6406-project/work/paper_subset_50x10_L200/ils_high/replicate_03/alignments/L200/locus_0017.phy -m HKY --abayes -T 1 --seed 6706018 --prefix /home/mis/CSE6406-project/work/paper_subset_50x10_L200/ils_high/replicate_03/estimated_gene_trees/L200/hky/locus_0017 --redo --quiet
Seed:    6706018 (Using SPRNG - Scalable Parallel Random Number Generator)
Time:    Sat Sep 12 21:41:46 2026
Kernel:  AVX+FMA - 1 threads (16 CPU cores detected)

HINT: Use -nt option to specify number of threads because your CPU has 16 cores!
HINT: -nt AUTO will automatically determine the best number of threads to use.

Reading alignment file /home/mis/CSE6406-project/work/paper_subset_50x10_L200/ils_high/replicate_03/alignments/L200/locus_0017.phy ... Phylip format detected
Alignment most likely contains DNA/RNA sequences
Alignment has 21 sequences with 200 columns, 124 distinct patterns
102 parsimony-informative, 20 singleton sites, 78 constant sites
        Gap/Ambiguity  Composition  p-value
Analyzing sequences: done in 1.7004e-05 secs using 23.52% CPU
   1  0_0_0     0.00%    passed     74.57%
   2  3_0_0     0.00%    passed     67.41%
   3  1_0_0     0.00%    passed     60.20%
   4  2_0_0     0.00%    passed     61.93%
   5  11_0_0    0.00%    passed     87.29%
   6  4_0_0     0.00%    passed     65.21%
   7  15_0_0    0.00%    passed     87.80%
   8  8_0_0     0.00%    passed     36.65%
   9  16_0_0    0.00%    passed     79.93%
  10  20_0_0    0.00%    passed     76.30%
  11  17_0_0    0.00%    passed     96.17%
  12  19_0_0    0.00%    passed     62.33%
  13  10_0_0    0.00%    passed     94.26%
  14  12_0_0    0.00%    passed     19.29%
  15  13_0_0    0.00%    passed     85.27%
  16  18_0_0    0.00%    passed     95.51%
  17  14_0_0    0.00%    passed     95.19%
  18  5_0_0     0.00%    passed     86.81%
  19  7_0_0     0.00%    passed     88.10%
  20  9_0_0     0.00%    passed     62.90%
  21  6_0_0     0.00%    passed     28.79%
****  TOTAL     0.00%  0 sequences failed composition chi2 test (p-value<5%; df=3)

Create initial parsimony tree by phylogenetic likelihood library (PLL)... 0.001 seconds

NOTE: 0 MB RAM (0 GB) is required!
Estimate model parameters (epsilon = 0.100)
1. Initial log-likelihood: -3381.044
2. Current log-likelihood: -3368.253
Optimal log-likelihood: -3368.186
Rate parameters:  A-C: 1.00000  A-G: 1.28881  A-T: 1.00000  C-G: 1.00000  C-T: 1.28881  G-T: 1.00000
Base frequencies:  A: 0.302  C: 0.231  G: 0.182  T: 0.285
Parameters optimization took 2 rounds (0.003 sec)
Wrote distance file to... 
Computing ML distances based on estimated model parameters...
Calculating distance matrix: done in 0.000873062 secs using 99.88% CPU
Computing ML distances took 0.000924 sec (of wall-clock time) 0.000928 sec (of CPU time)
Setting up auxiliary I and S matrices: done in 3.9515e-05 secs using 98.7% CPU
Computing RapidNJ tree took 0.000154 sec (of wall-clock time) 0.000153 sec (of CPU time)
Log-likelihood of RapidNJ tree: -3380.130
--------------------------------------------------------------------
|             INITIALIZING CANDIDATE TREE SET                      |
--------------------------------------------------------------------
Generating 98 parsimony trees... 0.070 second
Computing log-likelihood of 98 initial trees ... 0.051 seconds
Current best score: -3348.510

Do NNI search on 20 best initial trees
Estimate model parameters (epsilon = 0.100)
BETTER TREE FOUND at iteration 1: -3345.583
Iteration 10 / LogL: -3357.265 / Time: 0h:0m:0s
Iteration 20 / LogL: -3352.104 / Time: 0h:0m:0s
Finish initializing candidate tree set (17)
Current best tree score: -3345.583 / CPU time: 0.197
Number of iterations: 20
--------------------------------------------------------------------
|               OPTIMIZING CANDIDATE TREE SET                      |
--------------------------------------------------------------------
Estimate model parameters (epsilon = 0.100)
UPDATE BEST LOG-LIKELIHOOD: -3345.506
Iteration 30 / LogL: -3345.506 / Time: 0h:0m:0s (0h:0m:0s left)
Iteration 40 / LogL: -3345.509 / Time: 0h:0m:0s (0h:0m:0s left)
Iteration 50 / LogL: -3345.830 / Time: 0h:0m:0s (0h:0m:0s left)
Iteration 60 / LogL: -3345.876 / Time: 0h:0m:0s (0h:0m:0s left)
Iteration 70 / LogL: -3345.513 / Time: 0h:0m:0s (0h:0m:0s left)
Iteration 80 / LogL: -3345.595 / Time: 0h:0m:0s (0h:0m:0s left)
Iteration 90 / LogL: -3346.383 / Time: 0h:0m:0s (0h:0m:0s left)
Iteration 100 / LogL: -3345.947 / Time: 0h:0m:0s (0h:0m:0s left)
TREE SEARCH COMPLETED AFTER 102 ITERATIONS / Time: 0h:0m:0s

--------------------------------------------------------------------
|                    FINALIZING TREE SEARCH                        |
--------------------------------------------------------------------
Performs final model parameters optimization
Estimate model parameters (epsilon = 0.010)
1. Initial log-likelihood: -3345.506
Optimal log-likelihood: -3345.506
Rate parameters:  A-C: 1.00000  A-G: 1.32982  A-T: 1.00000  C-G: 1.00000  C-T: 1.32982  G-T: 1.00000
Base frequencies:  A: 0.302  C: 0.231  G: 0.182  T: 0.285
Parameters optimization took 1 rounds (0.001 sec)
BEST SCORE FOUND : -3345.506

Testing tree branches by aBayes parametric test...
0.001 sec.
Total tree length: 4.567

Total number of iterations: 102
CPU time used for tree search: 0.608 sec (0h:0m:0s)
Wall-clock time used for tree search: 0.667 sec (0h:0m:0s)
Total CPU time used: 0.632 sec (0h:0m:0s)
Total wall-clock time used: 0.690 sec (0h:0m:0s)

Analysis results written to: 
  IQ-TREE report:                /home/mis/CSE6406-project/work/paper_subset_50x10_L200/ils_high/replicate_03/estimated_gene_trees/L200/hky/locus_0017.iqtree
  Maximum-likelihood tree:       /home/mis/CSE6406-project/work/paper_subset_50x10_L200/ils_high/replicate_03/estimated_gene_trees/L200/hky/locus_0017.treefile
  Likelihood distances:          /home/mis/CSE6406-project/work/paper_subset_50x10_L200/ils_high/replicate_03/estimated_gene_trees/L200/hky/locus_0017.mldist
  Screen log file:               /home/mis/CSE6406-project/work/paper_subset_50x10_L200/ils_high/replicate_03/estimated_gene_trees/L200/hky/locus_0017.log

Date and Time: Sat Sep 12 21:41:47 2026
