IQ-TREE multicore version 2.4.0 for Linux x86 64-bit built Feb 12 2025
Developed by Bui Quang Minh, Nguyen Lam Tung, Olga Chernomor, Heiko Schmidt,
Dominik Schrempf, Michael Woodhams, Ly Trong Nhan, Thomas Wong

Host:    ezmata (AVX2, FMA3, 15 GB RAM)
Command: /home/mis/miniconda3/envs/cse6406/bin/iqtree2 -s /home/mis/CSE6406-project/work/paper_subset_50x10_L200/ils_high/replicate_03/alignments/L200/locus_0031.phy -m HKY --abayes -T 1 --seed 6706032 --prefix /home/mis/CSE6406-project/work/paper_subset_50x10_L200/ils_high/replicate_03/estimated_gene_trees/L200/hky/locus_0031 --redo --quiet
Seed:    6706032 (Using SPRNG - Scalable Parallel Random Number Generator)
Time:    Sat Sep 12 21:41:48 2026
Kernel:  AVX+FMA - 1 threads (16 CPU cores detected)

HINT: Use -nt option to specify number of threads because your CPU has 16 cores!
HINT: -nt AUTO will automatically determine the best number of threads to use.

Reading alignment file /home/mis/CSE6406-project/work/paper_subset_50x10_L200/ils_high/replicate_03/alignments/L200/locus_0031.phy ... Phylip format detected
Alignment most likely contains DNA/RNA sequences
Alignment has 21 sequences with 200 columns, 124 distinct patterns
103 parsimony-informative, 17 singleton sites, 80 constant sites
        Gap/Ambiguity  Composition  p-value
Analyzing sequences: done in 1.3295e-05 secs using 45.13% CPU
   1  15_0_0    0.00%    passed     75.22%
   2  20_0_0    0.00%    passed     62.69%
   3  8_0_0     0.00%    passed     31.10%
   4  4_0_0     0.00%    passed     64.28%
   5  13_0_0    0.00%    passed     86.45%
   6  17_0_0    0.00%    passed     93.08%
   7  18_0_0    0.00%    passed     37.14%
   8  11_0_0    0.00%    passed     84.55%
   9  3_0_0     0.00%    passed     57.76%
  10  1_0_0     0.00%    passed     57.52%
  11  6_0_0     0.00%    passed     84.36%
  12  7_0_0     0.00%    passed     63.30%
  13  12_0_0    0.00%    passed     92.64%
  14  10_0_0    0.00%    passed     41.82%
  15  19_0_0    0.00%    passed     62.42%
  16  16_0_0    0.00%    passed     71.88%
  17  9_0_0     0.00%    passed     66.01%
  18  5_0_0     0.00%    passed     99.81%
  19  14_0_0    0.00%    passed     82.65%
  20  2_0_0     0.00%    passed     41.83%
  21  0_0_0     0.00%    passed     77.63%
****  TOTAL     0.00%  0 sequences failed composition chi2 test (p-value<5%; df=3)

Create initial parsimony tree by phylogenetic likelihood library (PLL)... 0.001 seconds

NOTE: 0 MB RAM (0 GB) is required!
Estimate model parameters (epsilon = 0.100)
1. Initial log-likelihood: -3186.921
2. Current log-likelihood: -3165.593
3. Current log-likelihood: -3165.347
Optimal log-likelihood: -3165.337
Rate parameters:  A-C: 1.00000  A-G: 1.55440  A-T: 1.00000  C-G: 1.00000  C-T: 1.55440  G-T: 1.00000
Base frequencies:  A: 0.306  C: 0.185  G: 0.214  T: 0.296
Parameters optimization took 3 rounds (0.005 sec)
Wrote distance file to... 
Computing ML distances based on estimated model parameters...
Calculating distance matrix: done in 0.000927516 secs using 99.94% CPU
Computing ML distances took 0.000967 sec (of wall-clock time) 0.000971 sec (of CPU time)
Setting up auxiliary I and S matrices: done in 5.6402e-05 secs using 97.51% CPU
Computing RapidNJ tree took 0.000207 sec (of wall-clock time) 0.000206 sec (of CPU time)
Log-likelihood of RapidNJ tree: -3191.373
--------------------------------------------------------------------
|             INITIALIZING CANDIDATE TREE SET                      |
--------------------------------------------------------------------
Generating 98 parsimony trees... 0.118 second
Computing log-likelihood of 98 initial trees ... 0.089 seconds
Current best score: -3162.883

Do NNI search on 20 best initial trees
Estimate model parameters (epsilon = 0.100)
BETTER TREE FOUND at iteration 1: -3162.408
Iteration 10 / LogL: -3162.462 / Time: 0h:0m:0s
Iteration 20 / LogL: -3165.123 / Time: 0h:0m:0s
Finish initializing candidate tree set (14)
Current best tree score: -3162.408 / CPU time: 0.349
Number of iterations: 20
--------------------------------------------------------------------
|               OPTIMIZING CANDIDATE TREE SET                      |
--------------------------------------------------------------------
Iteration 30 / LogL: -3162.545 / Time: 0h:0m:0s (0h:0m:1s left)
Iteration 40 / LogL: -3162.485 / Time: 0h:0m:0s (0h:0m:0s left)
Iteration 50 / LogL: -3162.445 / Time: 0h:0m:0s (0h:0m:0s left)
Iteration 60 / LogL: -3163.946 / Time: 0h:0m:0s (0h:0m:0s left)
Iteration 70 / LogL: -3162.452 / Time: 0h:0m:0s (0h:0m:0s left)
Iteration 80 / LogL: -3169.909 / Time: 0h:0m:0s (0h:0m:0s left)
Iteration 90 / LogL: -3162.466 / Time: 0h:0m:1s (0h:0m:0s left)
Iteration 100 / LogL: -3162.426 / Time: 0h:0m:1s (0h:0m:0s left)
TREE SEARCH COMPLETED AFTER 102 ITERATIONS / Time: 0h:0m:1s

--------------------------------------------------------------------
|                    FINALIZING TREE SEARCH                        |
--------------------------------------------------------------------
Performs final model parameters optimization
Estimate model parameters (epsilon = 0.010)
1. Initial log-likelihood: -3162.408
Optimal log-likelihood: -3162.408
Rate parameters:  A-C: 1.00000  A-G: 1.59295  A-T: 1.00000  C-G: 1.00000  C-T: 1.59295  G-T: 1.00000
Base frequencies:  A: 0.306  C: 0.185  G: 0.214  T: 0.296
Parameters optimization took 1 rounds (0.001 sec)
BEST SCORE FOUND : -3162.408

Testing tree branches by aBayes parametric test...
0.002 sec.
Total tree length: 4.244

Total number of iterations: 102
CPU time used for tree search: 1.024 sec (0h:0m:1s)
Wall-clock time used for tree search: 1.085 sec (0h:0m:1s)
Total CPU time used: 1.045 sec (0h:0m:1s)
Total wall-clock time used: 1.107 sec (0h:0m:1s)

Analysis results written to: 
  IQ-TREE report:                /home/mis/CSE6406-project/work/paper_subset_50x10_L200/ils_high/replicate_03/estimated_gene_trees/L200/hky/locus_0031.iqtree
  Maximum-likelihood tree:       /home/mis/CSE6406-project/work/paper_subset_50x10_L200/ils_high/replicate_03/estimated_gene_trees/L200/hky/locus_0031.treefile
  Likelihood distances:          /home/mis/CSE6406-project/work/paper_subset_50x10_L200/ils_high/replicate_03/estimated_gene_trees/L200/hky/locus_0031.mldist
  Screen log file:               /home/mis/CSE6406-project/work/paper_subset_50x10_L200/ils_high/replicate_03/estimated_gene_trees/L200/hky/locus_0031.log

Date and Time: Sat Sep 12 21:41:49 2026
