IQ-TREE multicore version 2.4.0 for Linux x86 64-bit built Feb 12 2025
Developed by Bui Quang Minh, Nguyen Lam Tung, Olga Chernomor, Heiko Schmidt,
Dominik Schrempf, Michael Woodhams, Ly Trong Nhan, Thomas Wong

Host:    ezmata (AVX2, FMA3, 15 GB RAM)
Command: /home/mis/miniconda3/envs/cse6406/bin/iqtree2 -s /home/mis/CSE6406-project/work/paper_subset_50x10_L800/ils_high/replicate_08/alignments/L800/locus_0009.phy -m HKY+G4 --abayes -T 1 --seed 7206010 --prefix /home/mis/CSE6406-project/work/paper_subset_50x10_L800/ils_high/replicate_08/estimated_gene_trees/L800/hky_g4/locus_0009 --redo --quiet
Seed:    7206010 (Using SPRNG - Scalable Parallel Random Number Generator)
Time:    Sat Sep 12 20:03:59 2026
Kernel:  AVX+FMA - 1 threads (16 CPU cores detected)

HINT: Use -nt option to specify number of threads because your CPU has 16 cores!
HINT: -nt AUTO will automatically determine the best number of threads to use.

Reading alignment file /home/mis/CSE6406-project/work/paper_subset_50x10_L800/ils_high/replicate_08/alignments/L800/locus_0009.phy ... Phylip format detected
Alignment most likely contains DNA/RNA sequences
Alignment has 21 sequences with 800 columns, 439 distinct patterns
375 parsimony-informative, 74 singleton sites, 351 constant sites
        Gap/Ambiguity  Composition  p-value
Analyzing sequences: done in 2.3597e-05 secs using 46.62% CPU
   1  0_0_0     0.00%    passed     82.02%
   2  1_0_0     0.00%    passed     95.38%
   3  10_0_0    0.00%    passed     96.64%
   4  6_0_0     0.00%    passed     60.22%
   5  14_0_0    0.00%    passed     81.22%
   6  7_0_0     0.00%    passed     98.82%
   7  18_0_0    0.00%    passed     70.59%
   8  19_0_0    0.00%    passed     84.21%
   9  17_0_0    0.00%    passed     88.72%
  10  20_0_0    0.00%    passed     61.32%
  11  15_0_0    0.00%    passed     72.99%
  12  16_0_0    0.00%    passed     61.25%
  13  12_0_0    0.00%    passed     94.20%
  14  3_0_0     0.00%    passed     91.44%
  15  2_0_0     0.00%    passed     61.65%
  16  8_0_0     0.00%    passed     59.92%
  17  4_0_0     0.00%    passed     88.59%
  18  5_0_0     0.00%    passed     87.66%
  19  11_0_0    0.00%    passed     75.17%
  20  13_0_0    0.00%    passed     90.53%
  21  9_0_0     0.00%    passed     93.97%
****  TOTAL     0.00%  0 sequences failed composition chi2 test (p-value<5%; df=3)

Create initial parsimony tree by phylogenetic likelihood library (PLL)... 0.001 seconds

NOTE: 1 MB RAM (0 GB) is required!
Estimate model parameters (epsilon = 0.100)
1. Initial log-likelihood: -10458.449
2. Current log-likelihood: -9935.168
3. Current log-likelihood: -9871.628
4. Current log-likelihood: -9866.587
5. Current log-likelihood: -9865.768
6. Current log-likelihood: -9865.587
Optimal log-likelihood: -9865.544
Rate parameters:  A-C: 1.00000  A-G: 2.05309  A-T: 1.00000  C-G: 1.00000  C-T: 2.05309  G-T: 1.00000
Base frequencies:  A: 0.298  C: 0.195  G: 0.194  T: 0.312
Gamma shape alpha: 0.204
Parameters optimization took 6 rounds (0.062 sec)
Wrote distance file to... 
Computing ML distances based on estimated model parameters...
Calculating distance matrix: done in 0.00230515 secs using 98.87% CPU
Computing ML distances took 0.002373 sec (of wall-clock time) 0.002347 sec (of CPU time)
Setting up auxiliary I and S matrices: done in 5.9874e-05 secs
Computing RapidNJ tree took 0.000242 sec (of wall-clock time) 0.000000 sec (of CPU time)
Log-likelihood of RapidNJ tree: -9865.646
--------------------------------------------------------------------
|             INITIALIZING CANDIDATE TREE SET                      |
--------------------------------------------------------------------
Generating 98 parsimony trees... 0.155 second
Computing log-likelihood of 98 initial trees ... 0.249 seconds
Current best score: -9865.544

Do NNI search on 20 best initial trees
Estimate model parameters (epsilon = 0.100)
BETTER TREE FOUND at iteration 1: -9854.406
Iteration 10 / LogL: -9854.454 / Time: 0h:0m:0s
Iteration 20 / LogL: -9854.500 / Time: 0h:0m:1s
Finish initializing candidate tree set (2)
Current best tree score: -9854.406 / CPU time: 0.927
Number of iterations: 20
--------------------------------------------------------------------
|               OPTIMIZING CANDIDATE TREE SET                      |
--------------------------------------------------------------------
Iteration 30 / LogL: -9855.630 / Time: 0h:0m:1s (0h:0m:3s left)
Iteration 40 / LogL: -9855.608 / Time: 0h:0m:1s (0h:0m:2s left)
UPDATE BEST LOG-LIKELIHOOD: -9854.406
Iteration 50 / LogL: -9854.408 / Time: 0h:0m:1s (0h:0m:2s left)
Iteration 60 / LogL: -9855.845 / Time: 0h:0m:2s (0h:0m:1s left)
Iteration 70 / LogL: -9855.708 / Time: 0h:0m:2s (0h:0m:1s left)
Iteration 80 / LogL: -9854.433 / Time: 0h:0m:3s (0h:0m:0s left)
Iteration 90 / LogL: -9854.727 / Time: 0h:0m:3s (0h:0m:0s left)
Iteration 100 / LogL: -9854.414 / Time: 0h:0m:3s (0h:0m:0s left)
TREE SEARCH COMPLETED AFTER 102 ITERATIONS / Time: 0h:0m:3s

--------------------------------------------------------------------
|                    FINALIZING TREE SEARCH                        |
--------------------------------------------------------------------
Performs final model parameters optimization
Estimate model parameters (epsilon = 0.010)
1. Initial log-likelihood: -9854.406
Optimal log-likelihood: -9854.396
Rate parameters:  A-C: 1.00000  A-G: 2.05184  A-T: 1.00000  C-G: 1.00000  C-T: 2.05184  G-T: 1.00000
Base frequencies:  A: 0.298  C: 0.195  G: 0.194  T: 0.312
Gamma shape alpha: 0.202
Parameters optimization took 1 rounds (0.006 sec)
BEST SCORE FOUND : -9854.396

Testing tree branches by aBayes parametric test...
0.009 sec.
Total tree length: 11.307

Total number of iterations: 102
CPU time used for tree search: 3.652 sec (0h:0m:3s)
Wall-clock time used for tree search: 3.726 sec (0h:0m:3s)
Total CPU time used: 3.751 sec (0h:0m:3s)
Total wall-clock time used: 3.827 sec (0h:0m:3s)

Analysis results written to: 
  IQ-TREE report:                /home/mis/CSE6406-project/work/paper_subset_50x10_L800/ils_high/replicate_08/estimated_gene_trees/L800/hky_g4/locus_0009.iqtree
  Maximum-likelihood tree:       /home/mis/CSE6406-project/work/paper_subset_50x10_L800/ils_high/replicate_08/estimated_gene_trees/L800/hky_g4/locus_0009.treefile
  Likelihood distances:          /home/mis/CSE6406-project/work/paper_subset_50x10_L800/ils_high/replicate_08/estimated_gene_trees/L800/hky_g4/locus_0009.mldist
  Screen log file:               /home/mis/CSE6406-project/work/paper_subset_50x10_L800/ils_high/replicate_08/estimated_gene_trees/L800/hky_g4/locus_0009.log

Date and Time: Sat Sep 12 20:04:03 2026
