IQ-TREE multicore version 2.4.0 for Linux x86 64-bit built Feb 12 2025
Developed by Bui Quang Minh, Nguyen Lam Tung, Olga Chernomor, Heiko Schmidt,
Dominik Schrempf, Michael Woodhams, Ly Trong Nhan, Thomas Wong

Host:    ezmata (AVX2, FMA3, 15 GB RAM)
Command: /home/mis/miniconda3/envs/cse6406/bin/iqtree2 -s /home/mis/CSE6406-project/work/paper_subset_50x10_L800/ils_high/replicate_08/alignments/L800/locus_0025.phy -m HKY+G4 --abayes -T 1 --seed 7206026 --prefix /home/mis/CSE6406-project/work/paper_subset_50x10_L800/ils_high/replicate_08/estimated_gene_trees/L800/hky_g4/locus_0025 --redo --quiet
Seed:    7206026 (Using SPRNG - Scalable Parallel Random Number Generator)
Time:    Sat Sep 12 20:04:12 2026
Kernel:  AVX+FMA - 1 threads (16 CPU cores detected)

HINT: Use -nt option to specify number of threads because your CPU has 16 cores!
HINT: -nt AUTO will automatically determine the best number of threads to use.

Reading alignment file /home/mis/CSE6406-project/work/paper_subset_50x10_L800/ils_high/replicate_08/alignments/L800/locus_0025.phy ... Phylip format detected
Alignment most likely contains DNA/RNA sequences
Alignment has 21 sequences with 800 columns, 457 distinct patterns
408 parsimony-informative, 53 singleton sites, 339 constant sites
        Gap/Ambiguity  Composition  p-value
Analyzing sequences: done in 4.8668e-05 secs using 98.63% CPU
   1  0_0_0     0.00%    passed     69.18%
   2  14_0_0    0.00%    passed     90.29%
   3  4_0_0     0.00%    passed     95.71%
   4  6_0_0     0.00%    passed     80.14%
   5  12_0_0    0.00%    passed     91.35%
   6  16_0_0    0.00%    passed     92.68%
   7  8_0_0     0.00%    passed     72.28%
   8  17_0_0    0.00%    passed     92.80%
   9  2_0_0     0.00%    passed     62.73%
  10  18_0_0    0.00%    passed     35.75%
  11  19_0_0    0.00%    passed     93.30%
  12  20_0_0    0.00%    passed     94.64%
  13  15_0_0    0.00%    passed     76.08%
  14  3_0_0     0.00%    passed     82.19%
  15  7_0_0     0.00%    passed     69.43%
  16  10_0_0    0.00%    passed     68.94%
  17  11_0_0    0.00%    passed     95.43%
  18  5_0_0     0.00%    passed     99.85%
  19  13_0_0    0.00%    passed     68.02%
  20  9_0_0     0.00%    passed     71.07%
  21  1_0_0     0.00%    passed     76.06%
****  TOTAL     0.00%  0 sequences failed composition chi2 test (p-value<5%; df=3)

Create initial parsimony tree by phylogenetic likelihood library (PLL)... 0.002 seconds

NOTE: 1 MB RAM (0 GB) is required!
Estimate model parameters (epsilon = 0.100)
1. Initial log-likelihood: -10993.973
2. Current log-likelihood: -10465.572
3. Current log-likelihood: -10418.399
4. Current log-likelihood: -10415.301
5. Current log-likelihood: -10414.883
Optimal log-likelihood: -10414.801
Rate parameters:  A-C: 1.00000  A-G: 1.94511  A-T: 1.00000  C-G: 1.00000  C-T: 1.94511  G-T: 1.00000
Base frequencies:  A: 0.293  C: 0.204  G: 0.209  T: 0.294
Gamma shape alpha: 0.202
Parameters optimization took 5 rounds (0.109 sec)
Wrote distance file to... 
Computing ML distances based on estimated model parameters...
Calculating distance matrix: done in 0.00377314 secs using 99.76% CPU
Computing ML distances took 0.003878 sec (of wall-clock time) 0.003871 sec (of CPU time)
Setting up auxiliary I and S matrices: done in 6.2342e-05 secs using 94.64% CPU
Computing RapidNJ tree took 0.000239 sec (of wall-clock time) 0.000230 sec (of CPU time)
Log-likelihood of RapidNJ tree: -10408.053
--------------------------------------------------------------------
|             INITIALIZING CANDIDATE TREE SET                      |
--------------------------------------------------------------------
Generating 98 parsimony trees... 0.257 second
Computing log-likelihood of 98 initial trees ... 0.491 seconds
Current best score: -10408.053

Do NNI search on 20 best initial trees
Estimate model parameters (epsilon = 0.100)
BETTER TREE FOUND at iteration 1: -10403.609
Iteration 10 / LogL: -10403.663 / Time: 0h:0m:1s
Iteration 20 / LogL: -10403.671 / Time: 0h:0m:1s
Finish initializing candidate tree set (1)
Current best tree score: -10403.609 / CPU time: 1.284
Number of iterations: 20
--------------------------------------------------------------------
|               OPTIMIZING CANDIDATE TREE SET                      |
--------------------------------------------------------------------
Iteration 30 / LogL: -10403.951 / Time: 0h:0m:1s (0h:0m:4s left)
Iteration 40 / LogL: -10403.632 / Time: 0h:0m:2s (0h:0m:3s left)
Iteration 50 / LogL: -10403.711 / Time: 0h:0m:2s (0h:0m:2s left)
Iteration 60 / LogL: -10403.722 / Time: 0h:0m:2s (0h:0m:1s left)
Iteration 70 / LogL: -10403.680 / Time: 0h:0m:3s (0h:0m:1s left)
Iteration 80 / LogL: -10403.631 / Time: 0h:0m:3s (0h:0m:0s left)
Iteration 90 / LogL: -10403.622 / Time: 0h:0m:3s (0h:0m:0s left)
Iteration 100 / LogL: -10403.785 / Time: 0h:0m:4s (0h:0m:0s left)
TREE SEARCH COMPLETED AFTER 102 ITERATIONS / Time: 0h:0m:4s

--------------------------------------------------------------------
|                    FINALIZING TREE SEARCH                        |
--------------------------------------------------------------------
Performs final model parameters optimization
Estimate model parameters (epsilon = 0.010)
1. Initial log-likelihood: -10403.609
Optimal log-likelihood: -10403.602
Rate parameters:  A-C: 1.00000  A-G: 1.96786  A-T: 1.00000  C-G: 1.00000  C-T: 1.96786  G-T: 1.00000
Base frequencies:  A: 0.293  C: 0.204  G: 0.209  T: 0.294
Gamma shape alpha: 0.199
Parameters optimization took 1 rounds (0.006 sec)
BEST SCORE FOUND : -10403.602

Testing tree branches by aBayes parametric test...
0.008 sec.
Total tree length: 9.752

Total number of iterations: 102
CPU time used for tree search: 3.941 sec (0h:0m:3s)
Wall-clock time used for tree search: 4.011 sec (0h:0m:4s)
Total CPU time used: 4.108 sec (0h:0m:4s)
Total wall-clock time used: 4.178 sec (0h:0m:4s)

Analysis results written to: 
  IQ-TREE report:                /home/mis/CSE6406-project/work/paper_subset_50x10_L800/ils_high/replicate_08/estimated_gene_trees/L800/hky_g4/locus_0025.iqtree
  Maximum-likelihood tree:       /home/mis/CSE6406-project/work/paper_subset_50x10_L800/ils_high/replicate_08/estimated_gene_trees/L800/hky_g4/locus_0025.treefile
  Likelihood distances:          /home/mis/CSE6406-project/work/paper_subset_50x10_L800/ils_high/replicate_08/estimated_gene_trees/L800/hky_g4/locus_0025.mldist
  Screen log file:               /home/mis/CSE6406-project/work/paper_subset_50x10_L800/ils_high/replicate_08/estimated_gene_trees/L800/hky_g4/locus_0025.log

Date and Time: Sat Sep 12 20:04:17 2026
