IQ-TREE multicore version 2.4.0 for Linux x86 64-bit built Feb 12 2025
Developed by Bui Quang Minh, Nguyen Lam Tung, Olga Chernomor, Heiko Schmidt,
Dominik Schrempf, Michael Woodhams, Ly Trong Nhan, Thomas Wong

Host:    ezmata (AVX2, FMA3, 15 GB RAM)
Command: /home/mis/miniconda3/envs/cse6406/bin/iqtree2 -s /home/mis/CSE6406-project/work/paper_subset_50x10_L800/ils_high/replicate_08/alignments/L800/locus_0001.phy -m HKY+G4 --abayes -T 1 --seed 7206002 --prefix /home/mis/CSE6406-project/work/paper_subset_50x10_L800/ils_high/replicate_08/estimated_gene_trees/L800/hky_g4/locus_0001 --redo --quiet
Seed:    7206002 (Using SPRNG - Scalable Parallel Random Number Generator)
Time:    Sat Sep 12 20:03:54 2026
Kernel:  AVX+FMA - 1 threads (16 CPU cores detected)

HINT: Use -nt option to specify number of threads because your CPU has 16 cores!
HINT: -nt AUTO will automatically determine the best number of threads to use.

Reading alignment file /home/mis/CSE6406-project/work/paper_subset_50x10_L800/ils_high/replicate_08/alignments/L800/locus_0001.phy ... Phylip format detected
Alignment most likely contains DNA/RNA sequences
Alignment has 21 sequences with 800 columns, 455 distinct patterns
363 parsimony-informative, 98 singleton sites, 339 constant sites
        Gap/Ambiguity  Composition  p-value
Analyzing sequences: done in 3.8803e-05 secs using 95.35% CPU
   1  0_0_0     0.00%    passed     19.74%
   2  16_0_0    0.00%    passed     79.65%
   3  7_0_0     0.00%    passed     78.24%
   4  3_0_0     0.00%    passed     97.56%
   5  18_0_0    0.00%    passed     63.95%
   6  20_0_0    0.00%    passed     97.20%
   7  17_0_0    0.00%    passed     52.24%
   8  19_0_0    0.00%    passed     70.05%
   9  15_0_0    0.00%    passed     90.50%
  10  12_0_0    0.00%    passed     99.89%
  11  2_0_0     0.00%    passed     76.11%
  12  8_0_0     0.00%    passed     76.33%
  13  14_0_0    0.00%    passed     91.12%
  14  4_0_0     0.00%    passed     98.55%
  15  6_0_0     0.00%    passed     58.03%
  16  11_0_0    0.00%    passed     83.22%
  17  5_0_0     0.00%    passed     81.50%
  18  13_0_0    0.00%    passed     71.63%
  19  9_0_0     0.00%    passed     96.02%
  20  10_0_0    0.00%    passed     55.24%
  21  1_0_0     0.00%    passed     74.93%
****  TOTAL     0.00%  0 sequences failed composition chi2 test (p-value<5%; df=3)

Create initial parsimony tree by phylogenetic likelihood library (PLL)... 0.001 seconds

NOTE: 1 MB RAM (0 GB) is required!
Estimate model parameters (epsilon = 0.100)
1. Initial log-likelihood: -10659.682
2. Current log-likelihood: -10082.985
3. Current log-likelihood: -10045.337
4. Current log-likelihood: -10043.904
Optimal log-likelihood: -10043.798
Rate parameters:  A-C: 1.00000  A-G: 2.07472  A-T: 1.00000  C-G: 1.00000  C-T: 2.07472  G-T: 1.00000
Base frequencies:  A: 0.285  C: 0.200  G: 0.195  T: 0.320
Gamma shape alpha: 0.218
Parameters optimization took 4 rounds (0.089 sec)
Wrote distance file to... 
Computing ML distances based on estimated model parameters...
Calculating distance matrix: done in 0.00298912 secs using 99.83% CPU
Computing ML distances took 0.003090 sec (of wall-clock time) 0.003084 sec (of CPU time)
Setting up auxiliary I and S matrices: done in 4.8584e-05 secs using 98.8% CPU
Computing RapidNJ tree took 0.000164 sec (of wall-clock time) 0.000163 sec (of CPU time)
Log-likelihood of RapidNJ tree: -10055.047
--------------------------------------------------------------------
|             INITIALIZING CANDIDATE TREE SET                      |
--------------------------------------------------------------------
Generating 98 parsimony trees... 0.127 second
Computing log-likelihood of 98 initial trees ... 0.270 seconds
Current best score: -10027.111

Do NNI search on 20 best initial trees
Estimate model parameters (epsilon = 0.100)
BETTER TREE FOUND at iteration 1: -10001.030
BETTER TREE FOUND at iteration 3: -10001.029
Iteration 10 / LogL: -10007.377 / Time: 0h:0m:1s
UPDATE BEST LOG-LIKELIHOOD: -10001.029
UPDATE BEST LOG-LIKELIHOOD: -10001.029
Iteration 20 / LogL: -10001.187 / Time: 0h:0m:1s
Finish initializing candidate tree set (4)
Current best tree score: -10001.029 / CPU time: 1.520
Number of iterations: 20
--------------------------------------------------------------------
|               OPTIMIZING CANDIDATE TREE SET                      |
--------------------------------------------------------------------
UPDATE BEST LOG-LIKELIHOOD: -10001.029
Iteration 30 / LogL: -10001.029 / Time: 0h:0m:2s (0h:0m:6s left)
Iteration 40 / LogL: -10001.770 / Time: 0h:0m:3s (0h:0m:5s left)
Iteration 50 / LogL: -10001.033 / Time: 0h:0m:4s (0h:0m:4s left)
Iteration 60 / LogL: -10001.029 / Time: 0h:0m:5s (0h:0m:3s left)
Iteration 70 / LogL: -10001.029 / Time: 0h:0m:6s (0h:0m:3s left)
Iteration 80 / LogL: -10001.029 / Time: 0h:0m:7s (0h:0m:2s left)
Iteration 90 / LogL: -10001.187 / Time: 0h:0m:8s (0h:0m:1s left)
Iteration 100 / LogL: -10001.029 / Time: 0h:0m:9s (0h:0m:0s left)
TREE SEARCH COMPLETED AFTER 104 ITERATIONS / Time: 0h:0m:9s

--------------------------------------------------------------------
|                    FINALIZING TREE SEARCH                        |
--------------------------------------------------------------------
Performs final model parameters optimization
Estimate model parameters (epsilon = 0.010)
1. Initial log-likelihood: -10001.029
Optimal log-likelihood: -10001.027
Rate parameters:  A-C: 1.00000  A-G: 2.10121  A-T: 1.00000  C-G: 1.00000  C-T: 2.10121  G-T: 1.00000
Base frequencies:  A: 0.285  C: 0.200  G: 0.195  T: 0.320
Gamma shape alpha: 0.211
Parameters optimization took 1 rounds (0.012 sec)
BEST SCORE FOUND : -10001.027

Testing tree branches by aBayes parametric test...
0.020 sec.
Total tree length: 9.094

Total number of iterations: 104
CPU time used for tree search: 9.686 sec (0h:0m:9s)
Wall-clock time used for tree search: 9.815 sec (0h:0m:9s)
Total CPU time used: 9.827 sec (0h:0m:9s)
Total wall-clock time used: 9.960 sec (0h:0m:9s)

Analysis results written to: 
  IQ-TREE report:                /home/mis/CSE6406-project/work/paper_subset_50x10_L800/ils_high/replicate_08/estimated_gene_trees/L800/hky_g4/locus_0001.iqtree
  Maximum-likelihood tree:       /home/mis/CSE6406-project/work/paper_subset_50x10_L800/ils_high/replicate_08/estimated_gene_trees/L800/hky_g4/locus_0001.treefile
  Likelihood distances:          /home/mis/CSE6406-project/work/paper_subset_50x10_L800/ils_high/replicate_08/estimated_gene_trees/L800/hky_g4/locus_0001.mldist
  Screen log file:               /home/mis/CSE6406-project/work/paper_subset_50x10_L800/ils_high/replicate_08/estimated_gene_trees/L800/hky_g4/locus_0001.log

Date and Time: Sat Sep 12 20:04:04 2026
