IQ-TREE multicore version 2.4.0 for Linux x86 64-bit built Feb 12 2025
Developed by Bui Quang Minh, Nguyen Lam Tung, Olga Chernomor, Heiko Schmidt,
Dominik Schrempf, Michael Woodhams, Ly Trong Nhan, Thomas Wong

Host:    ezmata (AVX2, FMA3, 15 GB RAM)
Command: /home/mis/miniconda3/envs/cse6406/bin/iqtree2 -s /home/mis/CSE6406-project/work/paper_subset_50x10_L800/ils_high/replicate_03/alignments/L800/locus_0041.phy -m HKY --abayes -T 1 --seed 6706042 --prefix /home/mis/CSE6406-project/work/paper_subset_50x10_L800/ils_high/replicate_03/estimated_gene_trees/L800/hky/locus_0041 --redo --quiet
Seed:    6706042 (Using SPRNG - Scalable Parallel Random Number Generator)
Time:    Sat Sep 12 19:56:06 2026
Kernel:  AVX+FMA - 1 threads (16 CPU cores detected)

HINT: Use -nt option to specify number of threads because your CPU has 16 cores!
HINT: -nt AUTO will automatically determine the best number of threads to use.

Reading alignment file /home/mis/CSE6406-project/work/paper_subset_50x10_L800/ils_high/replicate_03/alignments/L800/locus_0041.phy ... Phylip format detected
Alignment most likely contains DNA/RNA sequences
Alignment has 21 sequences with 800 columns, 476 distinct patterns
415 parsimony-informative, 63 singleton sites, 322 constant sites
        Gap/Ambiguity  Composition  p-value
Analyzing sequences: done in 6.1313e-05 secs using 97.86% CPU
   1  0_0_0     0.00%    passed     91.33%
   2  4_0_0     0.00%    passed     75.60%
   3  17_0_0    0.00%    passed     44.59%
   4  20_0_0    0.00%    passed     83.91%
   5  13_0_0    0.00%    passed     99.25%
   6  12_0_0    0.00%    passed     93.27%
   7  10_0_0    0.00%    passed     80.97%
   8  19_0_0    0.00%    passed     82.15%
   9  14_0_0    0.00%    passed     96.74%
  10  6_0_0     0.00%    failed      4.67%
  11  18_0_0    0.00%    passed     90.58%
  12  9_0_0     0.00%    passed     63.19%
  13  7_0_0     0.00%    passed     97.61%
  14  5_0_0     0.00%    passed     67.77%
  15  15_0_0    0.00%    passed     63.74%
  16  1_0_0     0.00%    passed     87.09%
  17  3_0_0     0.00%    passed     72.91%
  18  2_0_0     0.00%    passed     87.06%
  19  11_0_0    0.00%    passed     96.24%
  20  8_0_0     0.00%    passed     98.53%
  21  16_0_0    0.00%    passed     81.61%
****  TOTAL     0.00%  1 sequences failed composition chi2 test (p-value<5%; df=3)

Create initial parsimony tree by phylogenetic likelihood library (PLL)... 0.002 seconds

NOTE: 0 MB RAM (0 GB) is required!
Estimate model parameters (epsilon = 0.100)
1. Initial log-likelihood: -13399.574
2. Current log-likelihood: -13338.542
3. Current log-likelihood: -13338.386
Optimal log-likelihood: -13338.385
Rate parameters:  A-C: 1.00000  A-G: 1.37846  A-T: 1.00000  C-G: 1.00000  C-T: 1.37846  G-T: 1.00000
Base frequencies:  A: 0.294  C: 0.203  G: 0.201  T: 0.302
Parameters optimization took 3 rounds (0.013 sec)
Wrote distance file to... 
Computing ML distances based on estimated model parameters...
Calculating distance matrix: done in 0.00124935 secs using 99.89% CPU
Computing ML distances took 0.001343 sec (of wall-clock time) 0.001347 sec (of CPU time)
Setting up auxiliary I and S matrices: done in 6.425e-05 secs using 98.05% CPU
Computing RapidNJ tree took 0.000240 sec (of wall-clock time) 0.000239 sec (of CPU time)
Log-likelihood of RapidNJ tree: -13370.323
--------------------------------------------------------------------
|             INITIALIZING CANDIDATE TREE SET                      |
--------------------------------------------------------------------
Generating 98 parsimony trees... 0.291 second
Computing log-likelihood of 98 initial trees ... 0.185 seconds
Current best score: -13329.369

Do NNI search on 20 best initial trees
Estimate model parameters (epsilon = 0.100)
BETTER TREE FOUND at iteration 1: -13326.355
Iteration 10 / LogL: -13326.421 / Time: 0h:0m:0s
Iteration 20 / LogL: -13326.417 / Time: 0h:0m:0s
Finish initializing candidate tree set (4)
Current best tree score: -13326.355 / CPU time: 0.791
Number of iterations: 20
--------------------------------------------------------------------
|               OPTIMIZING CANDIDATE TREE SET                      |
--------------------------------------------------------------------
Iteration 30 / LogL: -13326.398 / Time: 0h:0m:0s (0h:0m:2s left)
Iteration 40 / LogL: -13334.035 / Time: 0h:0m:1s (0h:0m:1s left)
Iteration 50 / LogL: -13326.430 / Time: 0h:0m:1s (0h:0m:1s left)
Iteration 60 / LogL: -13330.249 / Time: 0h:0m:1s (0h:0m:0s left)
Iteration 70 / LogL: -13326.370 / Time: 0h:0m:1s (0h:0m:0s left)
Iteration 80 / LogL: -13335.951 / Time: 0h:0m:1s (0h:0m:0s left)
Iteration 90 / LogL: -13326.446 / Time: 0h:0m:2s (0h:0m:0s left)
Iteration 100 / LogL: -13326.360 / Time: 0h:0m:2s (0h:0m:0s left)
TREE SEARCH COMPLETED AFTER 102 ITERATIONS / Time: 0h:0m:2s

--------------------------------------------------------------------
|                    FINALIZING TREE SEARCH                        |
--------------------------------------------------------------------
Performs final model parameters optimization
Estimate model parameters (epsilon = 0.010)
1. Initial log-likelihood: -13326.355
Optimal log-likelihood: -13326.355
Rate parameters:  A-C: 1.00000  A-G: 1.39429  A-T: 1.00000  C-G: 1.00000  C-T: 1.39429  G-T: 1.00000
Base frequencies:  A: 0.294  C: 0.203  G: 0.201  T: 0.302
Parameters optimization took 1 rounds (0.003 sec)
BEST SCORE FOUND : -13326.355

Testing tree branches by aBayes parametric test...
0.006 sec.
Total tree length: 4.530

Total number of iterations: 102
CPU time used for tree search: 2.210 sec (0h:0m:2s)
Wall-clock time used for tree search: 2.297 sec (0h:0m:2s)
Total CPU time used: 2.255 sec (0h:0m:2s)
Total wall-clock time used: 2.342 sec (0h:0m:2s)

Analysis results written to: 
  IQ-TREE report:                /home/mis/CSE6406-project/work/paper_subset_50x10_L800/ils_high/replicate_03/estimated_gene_trees/L800/hky/locus_0041.iqtree
  Maximum-likelihood tree:       /home/mis/CSE6406-project/work/paper_subset_50x10_L800/ils_high/replicate_03/estimated_gene_trees/L800/hky/locus_0041.treefile
  Likelihood distances:          /home/mis/CSE6406-project/work/paper_subset_50x10_L800/ils_high/replicate_03/estimated_gene_trees/L800/hky/locus_0041.mldist
  Screen log file:               /home/mis/CSE6406-project/work/paper_subset_50x10_L800/ils_high/replicate_03/estimated_gene_trees/L800/hky/locus_0041.log

Date and Time: Sat Sep 12 19:56:08 2026
