IQ-TREE multicore version 2.4.0 for Linux x86 64-bit built Feb 12 2025
Developed by Bui Quang Minh, Nguyen Lam Tung, Olga Chernomor, Heiko Schmidt,
Dominik Schrempf, Michael Woodhams, Ly Trong Nhan, Thomas Wong

Host:    ezmata (AVX2, FMA3, 15 GB RAM)
Command: /home/mis/miniconda3/envs/cse6406/bin/iqtree2 -s /home/mis/CSE6406-project/work/paper_subset_50x10_L800/ils_high/replicate_03/alignments/L800/locus_0017.phy -m HKY --abayes -T 1 --seed 6706018 --prefix /home/mis/CSE6406-project/work/paper_subset_50x10_L800/ils_high/replicate_03/estimated_gene_trees/L800/hky/locus_0017 --redo --quiet
Seed:    6706018 (Using SPRNG - Scalable Parallel Random Number Generator)
Time:    Sat Sep 12 19:53:41 2026
Kernel:  AVX+FMA - 1 threads (16 CPU cores detected)

HINT: Use -nt option to specify number of threads because your CPU has 16 cores!
HINT: -nt AUTO will automatically determine the best number of threads to use.

Reading alignment file /home/mis/CSE6406-project/work/paper_subset_50x10_L800/ils_high/replicate_03/alignments/L800/locus_0017.phy ... Phylip format detected
Alignment most likely contains DNA/RNA sequences
Alignment has 21 sequences with 800 columns, 461 distinct patterns
393 parsimony-informative, 74 singleton sites, 333 constant sites
        Gap/Ambiguity  Composition  p-value
Analyzing sequences: done in 5.1503e-05 secs
   1  0_0_0     0.00%    passed     65.47%
   2  3_0_0     0.00%    passed     96.07%
   3  1_0_0     0.00%    passed     62.99%
   4  2_0_0     0.00%    passed     40.70%
   5  11_0_0    0.00%    passed     55.46%
   6  4_0_0     0.00%    passed     39.79%
   7  15_0_0    0.00%    passed     85.89%
   8  8_0_0     0.00%    passed     92.95%
   9  16_0_0    0.00%    passed     80.78%
  10  20_0_0    0.00%    passed     92.88%
  11  17_0_0    0.00%    passed     88.37%
  12  19_0_0    0.00%    passed     46.15%
  13  10_0_0    0.00%    passed     78.23%
  14  12_0_0    0.00%    passed     59.10%
  15  13_0_0    0.00%    passed     56.36%
  16  18_0_0    0.00%    passed     99.41%
  17  14_0_0    0.00%    passed     92.64%
  18  5_0_0     0.00%    passed     92.34%
  19  7_0_0     0.00%    passed     80.59%
  20  9_0_0     0.00%    passed     86.03%
  21  6_0_0     0.00%    passed     72.08%
****  TOTAL     0.00%  0 sequences failed composition chi2 test (p-value<5%; df=3)

Create initial parsimony tree by phylogenetic likelihood library (PLL)... 0.002 seconds

NOTE: 0 MB RAM (0 GB) is required!
Estimate model parameters (epsilon = 0.100)
1. Initial log-likelihood: -13032.254
2. Current log-likelihood: -12954.214
Optimal log-likelihood: -12954.118
Rate parameters:  A-C: 1.00000  A-G: 1.32585  A-T: 1.00000  C-G: 1.00000  C-T: 1.32585  G-T: 1.00000
Base frequencies:  A: 0.304  C: 0.220  G: 0.195  T: 0.281
Parameters optimization took 2 rounds (0.013 sec)
Wrote distance file to... 
Computing ML distances based on estimated model parameters...
Calculating distance matrix: done in 0.00164908 secs using 99.87% CPU
Computing ML distances took 0.001777 sec (of wall-clock time) 0.001782 sec (of CPU time)
Setting up auxiliary I and S matrices: done in 7.2794e-05 secs using 97.54% CPU
Computing RapidNJ tree took 0.000309 sec (of wall-clock time) 0.000309 sec (of CPU time)
Log-likelihood of RapidNJ tree: -13051.985
--------------------------------------------------------------------
|             INITIALIZING CANDIDATE TREE SET                      |
--------------------------------------------------------------------
Generating 98 parsimony trees... 