IQ-TREE multicore version 2.4.0 for Linux x86 64-bit built Feb 12 2025
Developed by Bui Quang Minh, Nguyen Lam Tung, Olga Chernomor, Heiko Schmidt,
Dominik Schrempf, Michael Woodhams, Ly Trong Nhan, Thomas Wong

Host:    ezmata (AVX2, FMA3, 15 GB RAM)
Command: /home/mis/miniconda3/envs/cse6406/bin/iqtree2 -s /home/mis/CSE6406-project/work/paper_subset_50x10_L800/ils_high/replicate_03/alignments/L800/locus_0032.phy -m HKY --abayes -T 1 --seed 6706033 --prefix /home/mis/CSE6406-project/work/paper_subset_50x10_L800/ils_high/replicate_03/estimated_gene_trees/L800/hky/locus_0032 --redo --quiet
Seed:    6706033 (Using SPRNG - Scalable Parallel Random Number Generator)
Time:    Sat Sep 12 19:56:04 2026
Kernel:  AVX+FMA - 1 threads (16 CPU cores detected)

HINT: Use -nt option to specify number of threads because your CPU has 16 cores!
HINT: -nt AUTO will automatically determine the best number of threads to use.

Reading alignment file /home/mis/CSE6406-project/work/paper_subset_50x10_L800/ils_high/replicate_03/alignments/L800/locus_0032.phy ... Phylip format detected
Alignment most likely contains DNA/RNA sequences
Alignment has 21 sequences with 800 columns, 460 distinct patterns
376 parsimony-informative, 88 singleton sites, 336 constant sites
        Gap/Ambiguity  Composition  p-value
Analyzing sequences: done in 3.9448e-05 secs using 98.86% CPU
   1  1_0_0     0.00%    passed     83.55%
   2  3_0_0     0.00%    passed     94.83%
   3  2_0_0     0.00%    passed     64.41%
   4  15_0_0    0.00%    passed     91.97%
   5  7_0_0     0.00%    passed     88.61%
   6  14_0_0    0.00%    passed     93.93%
   7  18_0_0    0.00%    passed     85.62%
   8  6_0_0     0.00%    passed     74.10%
   9  5_0_0     0.00%    passed     87.59%
  10  9_0_0     0.00%    passed     92.06%
  11  11_0_0    0.00%    passed     93.29%
  12  8_0_0     0.00%    passed     98.96%
  13  13_0_0    0.00%    passed     74.40%
  14  12_0_0    0.00%    passed     36.89%
  15  17_0_0    0.00%    passed     98.21%
  16  20_0_0    0.00%    passed     82.98%
  17  10_0_0    0.00%    passed     96.36%
  18  19_0_0    0.00%    passed     53.52%
  19  4_0_0     0.00%    passed     59.00%
  20  16_0_0    0.00%    passed     66.53%
  21  0_0_0     0.00%    passed     89.74%
****  TOTAL     0.00%  0 sequences failed composition chi2 test (p-value<5%; df=3)

Create initial parsimony tree by phylogenetic likelihood library (PLL)... 0.002 seconds

NOTE: 0 MB RAM (0 GB) is required!
Estimate model parameters (epsilon = 0.100)
1. Initial log-likelihood: -12539.731
2. Current log-likelihood: -12479.222
3. Current log-likelihood: -12479.072
Optimal log-likelihood: -12479.072
Rate parameters:  A-C: 1.00000  A-G: 1.37804  A-T: 1.00000  C-G: 1.00000  C-T: 1.37804  G-T: 1.00000
Base frequencies:  A: 0.296  C: 0.196  G: 0.187  T: 0.321
Parameters optimization took 3 rounds (0.012 sec)
Wrote distance file to... 
Computing ML distances based on estimated model parameters...
Calculating distance matrix: done in 0.00111117 secs using 89.64% CPU
Computing ML distances took 0.001200 sec (of wall-clock time) 0.001076 sec (of CPU time)
Setting up auxiliary I and S matrices: done in 6.2485e-05 secs using 232.1% CPU
Computing RapidNJ tree took 0.000240 sec (of wall-clock time) 0.000323 sec (of CPU time)
Log-likelihood of RapidNJ tree: -12511.633
--------------------------------------------------------------------
|             INITIALIZING CANDIDATE TREE SET                      |
--------------------------------------------------------------------
Generating 98 parsimony trees... 0.219 second
Computing log-likelihood of 98 initial trees ... 0.172 seconds
Current best score: -12468.918

Do NNI search on 20 best initial trees
Estimate model parameters (epsilon = 0.100)
BETTER TREE FOUND at iteration 1: -12468.016
Estimate model parameters (epsilon = 0.100)
BETTER TREE FOUND at iteration 3: -12467.397
Iteration 10 / LogL: -12473.982 / Time: 0h:0m:0s
Iteration 20 / LogL: -12475.853 / Time: 0h:0m:0s
Finish initializing candidate tree set (16)
Current best tree score: -12467.397 / CPU time: 0.667
Number of iterations: 20
--------------------------------------------------------------------
|               OPTIMIZING CANDIDATE TREE SET                      |
--------------------------------------------------------------------
Estimate model parameters (epsilon = 0.100)
BETTER TREE FOUND at iteration 21: -12465.710
Iteration 30 / LogL: -12470.099 / Time: 0h:0m:0s (0h:0m:2s left)
Iteration 40 / LogL: -12465.740 / Time: 0h:0m:1s (0h:0m:2s left)
Iteration 50 / LogL: -12465.770 / Time: 0h:0m:1s (0h:0m:1s left)
Iteration 60 / LogL: -12467.130 / Time: 0h:0m:1s (0h:0m:1s left)
Iteration 70 / LogL: -12468.029 / Time: 0h:0m:1s (0h:0m:1s left)
Iteration 80 / LogL: -12465.716 / Time: 0h:0m:1s (0h:0m:0s left)
Iteration 90 / LogL: -12468.616 / Time: 0h:0m:1s (0h:0m:0s left)
Iteration 100 / LogL: -12468.289 / Time: 0h:0m:1s (0h:0m:0s left)
Iteration 110 / LogL: -12471.459 / Time: 0h:0m:1s (0h:0m:0s left)
Iteration 120 / LogL: -12467.432 / Time: 0h:0m:2s (0h:0m:0s left)
TREE SEARCH COMPLETED AFTER 122 ITERATIONS / Time: 0h:0m:2s

--------------------------------------------------------------------
|                    FINALIZING TREE SEARCH                        |
--------------------------------------------------------------------
Performs final model parameters optimization
Estimate model parameters (epsilon = 0.010)
1. Initial log-likelihood: -12465.710
Optimal log-likelihood: -12465.710
Rate parameters:  A-C: 1.00000  A-G: 1.37493  A-T: 1.00000  C-G: 1.00000  C-T: 1.37493  G-T: 1.00000
Base frequencies:  A: 0.296  C: 0.196  G: 0.187  T: 0.321
Parameters optimization took 1 rounds (0.002 sec)
BEST SCORE FOUND : -12465.710

Testing tree branches by aBayes parametric test...
0.003 sec.
Total tree length: 4.111

Total number of iterations: 122
CPU time used for tree search: 1.944 sec (0h:0m:1s)
Wall-clock time used for tree search: 2.008 sec (0h:0m:2s)
Total CPU time used: 1.980 sec (0h:0m:1s)
Total wall-clock time used: 2.047 sec (0h:0m:2s)

Analysis results written to: 
  IQ-TREE report:                /home/mis/CSE6406-project/work/paper_subset_50x10_L800/ils_high/replicate_03/estimated_gene_trees/L800/hky/locus_0032.iqtree
  Maximum-likelihood tree:       /home/mis/CSE6406-project/work/paper_subset_50x10_L800/ils_high/replicate_03/estimated_gene_trees/L800/hky/locus_0032.treefile
  Likelihood distances:          /home/mis/CSE6406-project/work/paper_subset_50x10_L800/ils_high/replicate_03/estimated_gene_trees/L800/hky/locus_0032.mldist
  Screen log file:               /home/mis/CSE6406-project/work/paper_subset_50x10_L800/ils_high/replicate_03/estimated_gene_trees/L800/hky/locus_0032.log

Date and Time: Sat Sep 12 19:56:06 2026
