IQ-TREE multicore version 2.4.0 for Linux x86 64-bit built Feb 12 2025
Developed by Bui Quang Minh, Nguyen Lam Tung, Olga Chernomor, Heiko Schmidt,
Dominik Schrempf, Michael Woodhams, Ly Trong Nhan, Thomas Wong

Host:    ezmata (AVX2, FMA3, 15 GB RAM)
Command: /home/mis/miniconda3/envs/cse6406/bin/iqtree2 -s /home/mis/CSE6406-project/work/paper_subset_50x10_L800/ils_high/replicate_04/alignments/L800/locus_0014.phy -m HKY --abayes -T 1 --seed 6806015 --prefix /home/mis/CSE6406-project/work/paper_subset_50x10_L800/ils_high/replicate_04/estimated_gene_trees/L800/hky/locus_0014 --redo --quiet
Seed:    6806015 (Using SPRNG - Scalable Parallel Random Number Generator)
Time:    Sat Sep 12 19:57:28 2026
Kernel:  AVX+FMA - 1 threads (16 CPU cores detected)

HINT: Use -nt option to specify number of threads because your CPU has 16 cores!
HINT: -nt AUTO will automatically determine the best number of threads to use.

Reading alignment file /home/mis/CSE6406-project/work/paper_subset_50x10_L800/ils_high/replicate_04/alignments/L800/locus_0014.phy ... Phylip format detected
Alignment most likely contains DNA/RNA sequences
Alignment has 21 sequences with 800 columns, 283 distinct patterns
197 parsimony-informative, 97 singleton sites, 505 constant sites
        Gap/Ambiguity  Composition  p-value
Analyzing sequences: done in 3.2482e-05 secs
   1  10_0_0    0.00%    passed     94.27%
   2  15_0_0    0.00%    passed     93.96%
   3  12_0_0    0.00%    passed     98.02%
   4  5_0_0     0.00%    passed     89.46%
   5  14_0_0    0.00%    passed     98.62%
   6  4_0_0     0.00%    passed     93.33%
   7  1_0_0     0.00%    passed     97.11%
   8  16_0_0    0.00%    passed     97.97%
   9  7_0_0     0.00%    passed     98.52%
  10  8_0_0     0.00%    passed     96.64%
  11  20_0_0    0.00%    passed     84.76%
  12  17_0_0    0.00%    passed     99.37%
  13  19_0_0    0.00%    passed     98.77%
  14  11_0_0    0.00%    passed     98.10%
  15  13_0_0    0.00%    passed     91.45%
  16  9_0_0     0.00%    passed     95.45%
  17  3_0_0     0.00%    passed     95.72%
  18  6_0_0     0.00%    passed     97.16%
  19  2_0_0     0.00%    passed     99.68%
  20  18_0_0    0.00%    passed     98.16%
  21  0_0_0     0.00%    passed     88.49%
****  TOTAL     0.00%  0 sequences failed composition chi2 test (p-value<5%; df=3)

Create initial parsimony tree by phylogenetic likelihood library (PLL)... 0.002 seconds

NOTE: 0 MB RAM (0 GB) is required!
Estimate model parameters (epsilon = 0.100)
1. Initial log-likelihood: -5669.530
2. Current log-likelihood: -5619.695
Optimal log-likelihood: -5619.618
Rate parameters:  A-C: 1.00000  A-G: 1.91824  A-T: 1.00000  C-G: 1.00000  C-T: 1.91824  G-T: 1.00000
Base frequencies:  A: 0.305  C: 0.207  G: 0.167  T: 0.320
Parameters optimization took 2 rounds (0.008 sec)
Wrote distance file to... 
Computing ML distances based on estimated model parameters...
Calculating distance matrix: done in 0.00170633 secs using 94.94% CPU
Computing ML distances took 0.001784 sec (of wall-clock time) 0.001693 sec (of CPU time)
Setting up auxiliary I and S matrices: done in 6.9186e-05 secs using 98.29% CPU
Computing RapidNJ tree took 0.000268 sec (of wall-clock time) 0.000262 sec (of CPU time)
Log-likelihood of RapidNJ tree: -5630.862
--------------------------------------------------------------------
|             INITIALIZING CANDIDATE TREE SET                      |
--------------------------------------------------------------------
Generating 98 parsimony trees... 0.206 second
Computing log-likelihood of 98 initial trees ... 0.144 seconds
Current best score: -5613.670

Do NNI search on 20 best initial trees
Estimate model parameters (epsilon = 0.100)
BETTER TREE FOUND at iteration 1: -5613.592
Estimate model parameters (epsilon = 0.100)
BETTER TREE FOUND at iteration 3: -5613.342
Iteration 10 / LogL: -5613.342 / Time: 0h:0m:0s
Iteration 20 / LogL: -5613.594 / Time: 0h:0m:0s
Finish initializing candidate tree set (3)
Current best tree score: -5613.342 / CPU time: 0.575
Number of iterations: 20
--------------------------------------------------------------------
|               OPTIMIZING CANDIDATE TREE SET                      |
--------------------------------------------------------------------
Iteration 30 / LogL: -5613.595 / Time: 0h:0m:0s (0h:0m:2s left)
Iteration 40 / LogL: -5613.581 / Time: 0h:0m:0s (0h:0m:1s left)
Iteration 50 / LogL: -5613.598 / Time: 0h:0m:1s (0h:0m:1s left)
Iteration 60 / LogL: -5618.314 / Time: 0h:0m:1s (0h:0m:1s left)
Iteration 70 / LogL: -5613.599 / Time: 0h:0m:1s (0h:0m:0s left)
Iteration 80 / LogL: -5613.593 / Time: 0h:0m:1s (0h:0m:0s left)
Iteration 90 / LogL: -5613.598 / Time: 0h:0m:2s (0h:0m:0s left)
Iteration 100 / LogL: -5618.282 / Time: 0h:0m:2s (0h:0m:0s left)
TREE SEARCH COMPLETED AFTER 104 ITERATIONS / Time: 0h:0m:2s

--------------------------------------------------------------------
|                    FINALIZING TREE SEARCH                        |
--------------------------------------------------------------------
Performs final model parameters optimization
Estimate model parameters (epsilon = 0.010)
1. Initial log-likelihood: -5613.342
Optimal log-likelihood: -5613.342
Rate parameters:  A-C: 1.00000  A-G: 1.95255  A-T: 1.00000  C-G: 1.00000  C-T: 1.95255  G-T: 1.00000
Base frequencies:  A: 0.305  C: 0.207  G: 0.167  T: 0.320
Parameters optimization took 1 rounds (0.002 sec)
BEST SCORE FOUND : -5613.342

Testing tree branches by aBayes parametric test...
0.005 sec.
Total tree length: 1.135

Total number of iterations: 104
CPU time used for tree search: 2.172 sec (0h:0m:2s)
Wall-clock time used for tree search: 2.251 sec (0h:0m:2s)
Total CPU time used: 2.206 sec (0h:0m:2s)
Total wall-clock time used: 2.288 sec (0h:0m:2s)

Analysis results written to: 
  IQ-TREE report:                /home/mis/CSE6406-project/work/paper_subset_50x10_L800/ils_high/replicate_04/estimated_gene_trees/L800/hky/locus_0014.iqtree
  Maximum-likelihood tree:       /home/mis/CSE6406-project/work/paper_subset_50x10_L800/ils_high/replicate_04/estimated_gene_trees/L800/hky/locus_0014.treefile
  Likelihood distances:          /home/mis/CSE6406-project/work/paper_subset_50x10_L800/ils_high/replicate_04/estimated_gene_trees/L800/hky/locus_0014.mldist
  Screen log file:               /home/mis/CSE6406-project/work/paper_subset_50x10_L800/ils_high/replicate_04/estimated_gene_trees/L800/hky/locus_0014.log

Date and Time: Sat Sep 12 19:57:30 2026
