IQ-TREE multicore version 2.4.0 for Linux x86 64-bit built Feb 12 2025
Developed by Bui Quang Minh, Nguyen Lam Tung, Olga Chernomor, Heiko Schmidt,
Dominik Schrempf, Michael Woodhams, Ly Trong Nhan, Thomas Wong

Host:    ezmata (AVX2, FMA3, 15 GB RAM)
Command: /home/mis/miniconda3/envs/cse6406/bin/iqtree2 -s /home/mis/CSE6406-project/work/paper_subset_50x10_L800/ils_high/replicate_04/alignments/L800/locus_0006.phy -m HKY --abayes -T 1 --seed 6806007 --prefix /home/mis/CSE6406-project/work/paper_subset_50x10_L800/ils_high/replicate_04/estimated_gene_trees/L800/hky/locus_0006 --redo --quiet
Seed:    6806007 (Using SPRNG - Scalable Parallel Random Number Generator)
Time:    Sat Sep 12 19:57:26 2026
Kernel:  AVX+FMA - 1 threads (16 CPU cores detected)

HINT: Use -nt option to specify number of threads because your CPU has 16 cores!
HINT: -nt AUTO will automatically determine the best number of threads to use.

Reading alignment file /home/mis/CSE6406-project/work/paper_subset_50x10_L800/ils_high/replicate_04/alignments/L800/locus_0006.phy ... Phylip format detected
Alignment most likely contains DNA/RNA sequences
Alignment has 21 sequences with 800 columns, 289 distinct patterns
202 parsimony-informative, 96 singleton sites, 501 constant sites
        Gap/Ambiguity  Composition  p-value
Analyzing sequences: done in 3.0123e-05 secs using 96.27% CPU
   1  1_0_0     0.00%    passed     98.07%
   2  16_0_0    0.00%    passed     97.94%
   3  4_0_0     0.00%    passed     98.87%
   4  11_0_0    0.00%    passed     89.71%
   5  2_0_0     0.00%    passed     91.05%
   6  15_0_0    0.00%    passed     98.24%
   7  14_0_0    0.00%    passed     89.19%
   8  8_0_0     0.00%    passed     97.49%
   9  9_0_0     0.00%    passed     89.40%
  10  3_0_0     0.00%    passed     99.99%
  11  10_0_0    0.00%    passed     92.39%
  12  18_0_0    0.00%    passed     95.11%
  13  20_0_0    0.00%    passed     96.69%
  14  7_0_0     0.00%    passed     99.30%
  15  13_0_0    0.00%    passed     94.73%
  16  6_0_0     0.00%    passed     97.07%
  17  12_0_0    0.00%    passed     66.46%
  18  5_0_0     0.00%    passed     97.30%
  19  19_0_0    0.00%    passed     88.77%
  20  17_0_0    0.00%    passed     79.04%
  21  0_0_0     0.00%    passed     65.50%
****  TOTAL     0.00%  0 sequences failed composition chi2 test (p-value<5%; df=3)

Create initial parsimony tree by phylogenetic likelihood library (PLL)... 0.002 seconds

NOTE: 0 MB RAM (0 GB) is required!
Estimate model parameters (epsilon = 0.100)
1. Initial log-likelihood: -5617.534
2. Current log-likelihood: -5567.184
Optimal log-likelihood: -5567.105
Rate parameters:  A-C: 1.00000  A-G: 1.89514  A-T: 1.00000  C-G: 1.00000  C-T: 1.89514  G-T: 1.00000
Base frequencies:  A: 0.309  C: 0.189  G: 0.199  T: 0.302
Parameters optimization took 2 rounds (0.008 sec)
Wrote distance file to... 
Computing ML distances based on estimated model parameters...
Calculating distance matrix: done in 0.00165394 secs using 99.88% CPU
Computing ML distances took 0.001737 sec (of wall-clock time) 0.001742 sec (of CPU time)
Setting up auxiliary I and S matrices: done in 6.9663e-05 secs using 99.05% CPU
Computing RapidNJ tree took 0.000269 sec (of wall-clock time) 0.000235 sec (of CPU time)
Log-likelihood of RapidNJ tree: -5565.884
--------------------------------------------------------------------
|             INITIALIZING CANDIDATE TREE SET                      |
--------------------------------------------------------------------
Generating 98 parsimony trees... 0.117 second
Computing log-likelihood of 98 initial trees ... 0.085 seconds
Current best score: -5553.984

Do NNI search on 20 best initial trees
Estimate model parameters (epsilon = 0.100)
BETTER TREE FOUND at iteration 1: -5553.554
Iteration 10 / LogL: -5559.718 / Time: 0h:0m:0s
Estimate model parameters (epsilon = 0.100)
BETTER TREE FOUND at iteration 17: -5553.108
Iteration 20 / LogL: -5555.202 / Time: 0h:0m:0s
Finish initializing candidate tree set (6)
Current best tree score: -5553.108 / CPU time: 0.323
Number of iterations: 20
--------------------------------------------------------------------
|               OPTIMIZING CANDIDATE TREE SET                      |
--------------------------------------------------------------------
Iteration 30 / LogL: -5555.202 / Time: 0h:0m:0s (0h:0m:1s left)
Iteration 40 / LogL: -5563.040 / Time: 0h:0m:0s (0h:0m:1s left)
Iteration 50 / LogL: -5553.559 / Time: 0h:0m:0s (0h:0m:0s left)
Iteration 60 / LogL: -5553.559 / Time: 0h:0m:0s (0h:0m:0s left)
UPDATE BEST LOG-LIKELIHOOD: -5553.108
Iteration 70 / LogL: -5555.202 / Time: 0h:0m:0s (0h:0m:0s left)
UPDATE BEST LOG-LIKELIHOOD: -5553.108
Iteration 80 / LogL: -5555.228 / Time: 0h:0m:1s (0h:0m:0s left)
Iteration 90 / LogL: -5555.032 / Time: 0h:0m:1s (0h:0m:0s left)
Iteration 100 / LogL: -5553.108 / Time: 0h:0m:1s (0h:0m:0s left)
Iteration 110 / LogL: -5553.108 / Time: 0h:0m:1s (0h:0m:0s left)
TREE SEARCH COMPLETED AFTER 118 ITERATIONS / Time: 0h:0m:1s

--------------------------------------------------------------------
|                    FINALIZING TREE SEARCH                        |
--------------------------------------------------------------------
Performs final model parameters optimization
Estimate model parameters (epsilon = 0.010)
1. Initial log-likelihood: -5553.108
Optimal log-likelihood: -5553.108
Rate parameters:  A-C: 1.00000  A-G: 1.91468  A-T: 1.00000  C-G: 1.00000  C-T: 1.91468  G-T: 1.00000
Base frequencies:  A: 0.309  C: 0.189  G: 0.199  T: 0.302
Parameters optimization took 1 rounds (0.002 sec)
BEST SCORE FOUND : -5553.108

Testing tree branches by aBayes parametric test...
0.002 sec.
Total tree length: 1.137

Total number of iterations: 118
CPU time used for tree search: 1.427 sec (0h:0m:1s)
Wall-clock time used for tree search: 1.509 sec (0h:0m:1s)
Total CPU time used: 1.458 sec (0h:0m:1s)
Total wall-clock time used: 1.541 sec (0h:0m:1s)

Analysis results written to: 
  IQ-TREE report:                /home/mis/CSE6406-project/work/paper_subset_50x10_L800/ils_high/replicate_04/estimated_gene_trees/L800/hky/locus_0006.iqtree
  Maximum-likelihood tree:       /home/mis/CSE6406-project/work/paper_subset_50x10_L800/ils_high/replicate_04/estimated_gene_trees/L800/hky/locus_0006.treefile
  Likelihood distances:          /home/mis/CSE6406-project/work/paper_subset_50x10_L800/ils_high/replicate_04/estimated_gene_trees/L800/hky/locus_0006.mldist
  Screen log file:               /home/mis/CSE6406-project/work/paper_subset_50x10_L800/ils_high/replicate_04/estimated_gene_trees/L800/hky/locus_0006.log

Date and Time: Sat Sep 12 19:57:27 2026
