IQ-TREE multicore version 2.4.0 for MacOS ARM 64-bit built Feb 12 2025
Developed by Bui Quang Minh, Nguyen Lam Tung, Olga Chernomor, Heiko Schmidt,
Dominik Schrempf, Michael Woodhams, Ly Trong Nhan, Thomas Wong

Host:    Fahims-MacBook-Air.local (SSE4.2, 16 GB RAM)
Command: /Users/fahim/miniconda3/envs/cse6406/bin/iqtree2 -s /Users/fahim/CSE6406-project/work/paper_subset_50x10_L1600/ils_low/replicate_03/alignments/L1600/locus_0040.phy -m JC --abayes -T AUTO --seed 6706041 --prefix /Users/fahim/CSE6406-project/work/paper_subset_50x10_L1600/ils_low/replicate_03/estimated_gene_trees/L1600/jc/locus_0040 --redo --quiet
Seed:    6706041 (Using SPRNG - Scalable Parallel Random Number Generator)
Time:    Fri Sep 11 07:21:51 2026
Kernel:  SSE2 - auto-detect threads (10 CPU cores detected)

Reading alignment file /Users/fahim/CSE6406-project/work/paper_subset_50x10_L1600/ils_low/replicate_03/alignments/L1600/locus_0040.phy ... Phylip format detected
Alignment most likely contains DNA/RNA sequences
Alignment has 21 sequences with 1600 columns, 840 distinct patterns
749 parsimony-informative, 131 singleton sites, 720 constant sites
        Gap/Ambiguity  Composition  p-value
Analyzing sequences: done in 4.19617e-05 secs using 123.9% CPU
   1  0_0_0     0.00%    passed     75.47%
   2  16_0_0    0.00%    passed     51.09%
   3  12_0_0    0.00%    passed     93.38%
   4  13_0_0    0.00%    passed     95.00%
   5  17_0_0    0.00%    passed     99.33%
   6  4_0_0     0.00%    passed     99.02%
   7  19_0_0    0.00%    passed     72.92%
   8  10_0_0    0.00%    passed     95.94%
   9  11_0_0    0.00%    passed     94.86%
  10  8_0_0     0.00%    passed     81.40%
  11  20_0_0    0.00%    passed     94.26%
  12  15_0_0    0.00%    passed     63.50%
  13  7_0_0     0.00%    passed     64.02%
  14  5_0_0     0.00%    passed     99.57%
  15  14_0_0    0.00%    passed     91.80%
  16  9_0_0     0.00%    passed     90.39%
  17  6_0_0     0.00%    passed     95.35%
  18  18_0_0    0.00%    passed     31.60%
  19  1_0_0     0.00%    passed     99.77%
  20  3_0_0     0.00%    passed     70.69%
  21  2_0_0     0.00%    passed     97.97%
****  TOTAL     0.00%  0 sequences failed composition chi2 test (p-value<5%; df=3)

Create initial parsimony tree by phylogenetic likelihood library (PLL)... 0.001 seconds

NOTE: 0 MB RAM (0 GB) is required!
Measuring multi-threading efficiency up to 10 CPU cores
Increase to 10 rounds for branch lengths
3293 trees examined
Threads: 1 / Time: 10.002 sec / Speedup: 1.000 / Efficiency: 100% / LogL: -26421
Threads: 2 / Time: 20.120 sec / Speedup: 0.497 / Efficiency: 25% / LogL: -26421
BEST NUMBER OF THREADS: 1

Estimate model parameters (epsilon = 0.100)
1. Initial log-likelihood: -23549.721
Optimal log-likelihood: -23459.592
Rate parameters:  A-C: 1.00000  A-G: 1.00000  A-T: 1.00000  C-G: 1.00000  C-T: 1.00000  G-T: 1.00000
Base frequencies:  A: 0.250  C: 0.250  G: 0.250  T: 0.250
Parameters optimization took 1 rounds (0.002 sec)
Wrote distance file to... 
Computing ML distances based on estimated model parameters...
Calculating distance matrix: done in 0.000482082 secs using 98.32% CPU
Computing ML distances took 0.000538 sec (of wall-clock time) 0.000515 sec (of CPU time)
Setting up auxiliary I and S matrices: done in 1.69277e-05 secs using 76.8% CPU
Computing RapidNJ tree took 0.000064 sec (of wall-clock time) 0.000071 sec (of CPU time)
Log-likelihood of RapidNJ tree: -23601.461
--------------------------------------------------------------------
|             INITIALIZING CANDIDATE TREE SET                      |
--------------------------------------------------------------------
Generating 98 parsimony trees... 0.087 second
Computing log-likelihood of 98 initial trees ... 0.066 seconds
Current best score: -23459.592

Do NNI search on 20 best initial trees
Estimate model parameters (epsilon = 0.100)
BETTER TREE FOUND at iteration 1: -23457.827
Estimate model parameters (epsilon = 0.100)
BETTER TREE FOUND at iteration 2: -23456.148
Iteration 10 / LogL: -23457.835 / Time: 0h:0m:30s
Iteration 20 / LogL: -23474.056 / Time: 0h:0m:30s
Finish initializing candidate tree set (5)
Current best tree score: -23456.148 / CPU time: 0.302
Number of iterations: 20
--------------------------------------------------------------------
|               OPTIMIZING CANDIDATE TREE SET                      |
--------------------------------------------------------------------
Iteration 30 / LogL: -23457.839 / Time: 0h:0m:30s (0h:1m:15s left)
Iteration 40 / LogL: -23462.716 / Time: 0h:0m:30s (0h:0m:48s left)
Iteration 50 / LogL: -23462.888 / Time: 0h:0m:30s (0h:0m:32s left)
Iteration 60 / LogL: -23458.013 / Time: 0h:0m:30s (0h:0m:21s left)
Iteration 70 / LogL: -23457.850 / Time: 0h:0m:30s (0h:0m:14s left)
Iteration 80 / LogL: -23474.061 / Time: 0h:0m:30s (0h:0m:8s left)
Iteration 90 / LogL: -23460.586 / Time: 0h:0m:31s (0h:0m:4s left)
Iteration 100 / LogL: -23462.691 / Time: 0h:0m:31s (0h:0m:0s left)
TREE SEARCH COMPLETED AFTER 103 ITERATIONS / Time: 0h:0m:31s

--------------------------------------------------------------------
|                    FINALIZING TREE SEARCH                        |
--------------------------------------------------------------------
Performs final model parameters optimization
Estimate model parameters (epsilon = 0.010)
1. Initial log-likelihood: -23456.148
Optimal log-likelihood: -23456.148
Rate parameters:  A-C: 1.00000  A-G: 1.00000  A-T: 1.00000  C-G: 1.00000  C-T: 1.00000  G-T: 1.00000
Base frequencies:  A: 0.250  C: 0.250  G: 0.250  T: 0.250
Parameters optimization took 1 rounds (0.001 sec)
BEST SCORE FOUND : -23456.148

Testing tree branches by aBayes parametric test...
0.002 sec.
Total tree length: 3.633

Total number of iterations: 103
CPU time used for tree search: 1.020 sec (0h:0m:1s)
Wall-clock time used for tree search: 1.022 sec (0h:0m:1s)
Total CPU time used: 27.227 sec (0h:0m:27s)
Total wall-clock time used: 31.157 sec (0h:0m:31s)

Analysis results written to: 
  IQ-TREE report:                /Users/fahim/CSE6406-project/work/paper_subset_50x10_L1600/ils_low/replicate_03/estimated_gene_trees/L1600/jc/locus_0040.iqtree
  Maximum-likelihood tree:       /Users/fahim/CSE6406-project/work/paper_subset_50x10_L1600/ils_low/replicate_03/estimated_gene_trees/L1600/jc/locus_0040.treefile
  Likelihood distances:          /Users/fahim/CSE6406-project/work/paper_subset_50x10_L1600/ils_low/replicate_03/estimated_gene_trees/L1600/jc/locus_0040.mldist
  Screen log file:               /Users/fahim/CSE6406-project/work/paper_subset_50x10_L1600/ils_low/replicate_03/estimated_gene_trees/L1600/jc/locus_0040.log

Date and Time: Fri Sep 11 07:22:22 2026
