IQ-TREE multicore version 2.4.0 for MacOS ARM 64-bit built Feb 12 2025
Developed by Bui Quang Minh, Nguyen Lam Tung, Olga Chernomor, Heiko Schmidt,
Dominik Schrempf, Michael Woodhams, Ly Trong Nhan, Thomas Wong

Host:    Fahims-MacBook-Air.local (SSE4.2, 16 GB RAM)
Command: /Users/fahim/miniconda3/envs/cse6406/bin/iqtree2 -s /Users/fahim/CSE6406-project/work/paper_subset_50x10_L1600/ils_low/replicate_03/alignments/L1600/locus_0020.phy -m JC --abayes -T AUTO --seed 6706021 --prefix /Users/fahim/CSE6406-project/work/paper_subset_50x10_L1600/ils_low/replicate_03/estimated_gene_trees/L1600/jc/locus_0020 --redo --quiet
Seed:    6706021 (Using SPRNG - Scalable Parallel Random Number Generator)
Time:    Fri Sep 11 07:11:31 2026
Kernel:  SSE2 - auto-detect threads (10 CPU cores detected)

Reading alignment file /Users/fahim/CSE6406-project/work/paper_subset_50x10_L1600/ils_low/replicate_03/alignments/L1600/locus_0020.phy ... Phylip format detected
Alignment most likely contains DNA/RNA sequences
Alignment has 21 sequences with 1600 columns, 859 distinct patterns
754 parsimony-informative, 148 singleton sites, 698 constant sites
        Gap/Ambiguity  Composition  p-value
Analyzing sequences: done in 4.3869e-05 secs using 125.4% CPU
   1  3_0_0     0.00%    passed     32.85%
   2  1_0_0     0.00%    passed     11.58%
   3  2_0_0     0.00%    passed     69.74%
   4  20_0_0    0.00%    passed     63.98%
   5  16_0_0    0.00%    passed     68.66%
   6  4_0_0     0.00%    passed     91.21%
   7  13_0_0    0.00%    passed     72.31%
   8  17_0_0    0.00%    passed     72.79%
   9  12_0_0    0.00%    passed     72.22%
  10  10_0_0    0.00%    passed     97.28%
  11  19_0_0    0.00%    passed     88.76%
  12  11_0_0    0.00%    passed     45.24%
  13  8_0_0     0.00%    passed     51.68%
  14  18_0_0    0.00%    passed     41.81%
  15  7_0_0     0.00%    passed     96.54%
  16  14_0_0    0.00%    passed     99.16%
  17  5_0_0     0.00%    passed     87.80%
  18  9_0_0     0.00%    passed     64.95%
  19  6_0_0     0.00%    passed     59.80%
  20  15_0_0    0.00%    passed     78.53%
  21  0_0_0     0.00%    passed     34.55%
****  TOTAL     0.00%  0 sequences failed composition chi2 test (p-value<5%; df=3)

Create initial parsimony tree by phylogenetic likelihood library (PLL)... 0.000 seconds

NOTE: 0 MB RAM (0 GB) is required!
Measuring multi-threading efficiency up to 10 CPU cores
Increase to 10 rounds for branch lengths
3044 trees examined
Threads: 1 / Time: 10.003 sec / Speedup: 1.000 / Efficiency: 100% / LogL: -26281
Threads: 2 / Time: 19.979 sec / Speedup: 0.501 / Efficiency: 25% / LogL: -26281
BEST NUMBER OF THREADS: 1

Estimate model parameters (epsilon = 0.100)
1. Initial log-likelihood: -23271.345
Optimal log-likelihood: -23179.845
Rate parameters:  A-C: 1.00000  A-G: 1.00000  A-T: 1.00000  C-G: 1.00000  C-T: 1.00000  G-T: 1.00000
Base frequencies:  A: 0.250  C: 0.250  G: 0.250  T: 0.250
Parameters optimization took 1 rounds (0.002 sec)
Wrote distance file to... 
Computing ML distances based on estimated model parameters...
Calculating distance matrix: done in 0.000459909 secs using 98.93% CPU
Computing ML distances took 0.000504 sec (of wall-clock time) 0.000491 sec (of CPU time)
Setting up auxiliary I and S matrices: done in 1.50204e-05 secs using 73.23% CPU
Computing RapidNJ tree took 0.000059 sec (of wall-clock time) 0.000057 sec (of CPU time)
Log-likelihood of RapidNJ tree: -23307.335
--------------------------------------------------------------------
|             INITIALIZING CANDIDATE TREE SET                      |
--------------------------------------------------------------------
Generating 98 parsimony trees... 0.090 second
Computing log-likelihood of 98 initial trees ... 0.068 seconds
Current best score: -23170.825

Do NNI search on 20 best initial trees
Estimate model parameters (epsilon = 0.100)
BETTER TREE FOUND at iteration 1: -23168.340
Iteration 10 / LogL: -23173.028 / Time: 0h:0m:30s
Iteration 20 / LogL: -23172.050 / Time: 0h:0m:30s
Finish initializing candidate tree set (9)
Current best tree score: -23168.340 / CPU time: 0.293
Number of iterations: 20
--------------------------------------------------------------------
|               OPTIMIZING CANDIDATE TREE SET                      |
--------------------------------------------------------------------
Iteration 30 / LogL: -23172.140 / Time: 0h:0m:30s (0h:1m:14s left)
Iteration 40 / LogL: -23172.316 / Time: 0h:0m:30s (0h:0m:47s left)
Iteration 50 / LogL: -23172.181 / Time: 0h:0m:30s (0h:0m:31s left)
Iteration 60 / LogL: -23171.549 / Time: 0h:0m:30s (0h:0m:21s left)
Iteration 70 / LogL: -23172.156 / Time: 0h:0m:30s (0h:0m:13s left)
Iteration 80 / LogL: -23172.150 / Time: 0h:0m:30s (0h:0m:8s left)
Iteration 90 / LogL: -23172.137 / Time: 0h:0m:30s (0h:0m:3s left)
Iteration 100 / LogL: -23206.656 / Time: 0h:0m:30s (0h:0m:0s left)
TREE SEARCH COMPLETED AFTER 102 ITERATIONS / Time: 0h:0m:31s

--------------------------------------------------------------------
|                    FINALIZING TREE SEARCH                        |
--------------------------------------------------------------------
Performs final model parameters optimization
Estimate model parameters (epsilon = 0.010)
1. Initial log-likelihood: -23168.340
Optimal log-likelihood: -23168.340
Rate parameters:  A-C: 1.00000  A-G: 1.00000  A-T: 1.00000  C-G: 1.00000  C-T: 1.00000  G-T: 1.00000
Base frequencies:  A: 0.250  C: 0.250  G: 0.250  T: 0.250
Parameters optimization took 1 rounds (0.001 sec)
BEST SCORE FOUND : -23168.340

Testing tree branches by aBayes parametric test...
0.002 sec.
Total tree length: 3.592

Total number of iterations: 102
CPU time used for tree search: 1.018 sec (0h:0m:1s)
Wall-clock time used for tree search: 1.020 sec (0h:0m:1s)
Total CPU time used: 27.134 sec (0h:0m:27s)
Total wall-clock time used: 31.015 sec (0h:0m:31s)

Analysis results written to: 
  IQ-TREE report:                /Users/fahim/CSE6406-project/work/paper_subset_50x10_L1600/ils_low/replicate_03/estimated_gene_trees/L1600/jc/locus_0020.iqtree
  Maximum-likelihood tree:       /Users/fahim/CSE6406-project/work/paper_subset_50x10_L1600/ils_low/replicate_03/estimated_gene_trees/L1600/jc/locus_0020.treefile
  Likelihood distances:          /Users/fahim/CSE6406-project/work/paper_subset_50x10_L1600/ils_low/replicate_03/estimated_gene_trees/L1600/jc/locus_0020.mldist
  Screen log file:               /Users/fahim/CSE6406-project/work/paper_subset_50x10_L1600/ils_low/replicate_03/estimated_gene_trees/L1600/jc/locus_0020.log

Date and Time: Fri Sep 11 07:12:02 2026
