IQ-TREE multicore version 2.4.0 for MacOS ARM 64-bit built Feb 12 2025
Developed by Bui Quang Minh, Nguyen Lam Tung, Olga Chernomor, Heiko Schmidt,
Dominik Schrempf, Michael Woodhams, Ly Trong Nhan, Thomas Wong

Host:    Fahims-MacBook-Air.local (SSE4.2, 16 GB RAM)
Command: /Users/fahim/miniconda3/envs/cse6406/bin/iqtree2 -s /Users/fahim/CSE6406-project/work/paper_subset_50x10_L1600/ils_low/replicate_09/alignments/L1600/locus_0009.phy -m HKY --abayes -T AUTO --seed 7306010 --prefix /Users/fahim/CSE6406-project/work/paper_subset_50x10_L1600/ils_low/replicate_09/estimated_gene_trees/L1600/hky/locus_0009 --redo --quiet
Seed:    7306010 (Using SPRNG - Scalable Parallel Random Number Generator)
Time:    Fri Sep 11 19:52:06 2026
Kernel:  SSE2 - auto-detect threads (10 CPU cores detected)

Reading alignment file /Users/fahim/CSE6406-project/work/paper_subset_50x10_L1600/ils_low/replicate_09/alignments/L1600/locus_0009.phy ... Phylip format detected
Alignment most likely contains DNA/RNA sequences
Alignment has 21 sequences with 1600 columns, 884 distinct patterns
783 parsimony-informative, 162 singleton sites, 655 constant sites
        Gap/Ambiguity  Composition  p-value
Analyzing sequences: done in 4.19617e-05 secs using 123.9% CPU
   1  1_0_0     0.00%    passed     96.37%
   2  6_0_0     0.00%    passed     40.89%
   3  19_0_0    0.00%    passed     12.47%
   4  20_0_0    0.00%    passed     93.98%
   5  12_0_0    0.00%    passed     40.99%
   6  3_0_0     0.00%    passed     89.14%
   7  9_0_0     0.00%    passed     88.22%
   8  13_0_0    0.00%    passed     92.86%
   9  14_0_0    0.00%    passed     61.67%
  10  5_0_0     0.00%    passed     63.59%
  11  15_0_0    0.00%    passed     94.38%
  12  18_0_0    0.00%    passed     77.66%
  13  17_0_0    0.00%    passed     80.09%
  14  7_0_0     0.00%    passed     70.22%
  15  10_0_0    0.00%    passed     76.63%
  16  2_0_0     0.00%    passed     55.96%
  17  11_0_0    0.00%    passed     95.23%
  18  4_0_0     0.00%    passed     54.11%
  19  16_0_0    0.00%    passed     63.80%
  20  8_0_0     0.00%    passed     52.45%
  21  0_0_0     0.00%    passed     39.54%
****  TOTAL     0.00%  0 sequences failed composition chi2 test (p-value<5%; df=3)

Create initial parsimony tree by phylogenetic likelihood library (PLL)... 0.001 seconds

NOTE: 0 MB RAM (0 GB) is required!
Measuring multi-threading efficiency up to 10 CPU cores
Increase to 10 rounds for branch lengths
2960 trees examined
Threads: 1 / Time: 10.000 sec / Speedup: 1.000 / Efficiency: 100% / LogL: -27388
Threads: 2 / Time: 19.518 sec / Speedup: 0.512 / Efficiency: 26% / LogL: -27388
BEST NUMBER OF THREADS: 1

Estimate model parameters (epsilon = 0.100)
1. Initial log-likelihood: -24873.871
2. Current log-likelihood: -24729.012
3. Current log-likelihood: -24728.764
Optimal log-likelihood: -24728.764
Rate parameters:  A-C: 1.00000  A-G: 1.36314  A-T: 1.00000  C-G: 1.00000  C-T: 1.36314  G-T: 1.00000
Base frequencies:  A: 0.299  C: 0.212  G: 0.200  T: 0.289
Parameters optimization took 3 rounds (0.005 sec)
Wrote distance file to... 
Computing ML distances based on estimated model parameters...
Calculating distance matrix: done in 0.000460148 secs using 97.58% CPU
Computing ML distances took 0.000513 sec (of wall-clock time) 0.000492 sec (of CPU time)
Setting up auxiliary I and S matrices: done in 1.5974e-05 secs using 75.12% CPU
Computing RapidNJ tree took 0.000063 sec (of wall-clock time) 0.000067 sec (of CPU time)
Log-likelihood of RapidNJ tree: -24772.779
--------------------------------------------------------------------
|             INITIALIZING CANDIDATE TREE SET                      |
--------------------------------------------------------------------
Generating 98 parsimony trees... 0.097 second
Computing log-likelihood of 98 initial trees ... 0.066 seconds
Current best score: -24728.764

Do NNI search on 20 best initial trees
Estimate model parameters (epsilon = 0.100)
BETTER TREE FOUND at iteration 1: -24709.413
Iteration 10 / LogL: -24709.541 / Time: 0h:0m:29s
Iteration 20 / LogL: -24709.424 / Time: 0h:0m:29s
Finish initializing candidate tree set (4)
Current best tree score: -24709.413 / CPU time: 0.322
Number of iterations: 20
--------------------------------------------------------------------
|               OPTIMIZING CANDIDATE TREE SET                      |
--------------------------------------------------------------------
Iteration 30 / LogL: -24709.422 / Time: 0h:0m:29s (0h:1m:13s left)
Iteration 40 / LogL: -24747.902 / Time: 0h:0m:30s (0h:0m:46s left)
Iteration 50 / LogL: -24747.913 / Time: 0h:0m:30s (0h:0m:31s left)
Iteration 60 / LogL: -24748.162 / Time: 0h:0m:30s (0h:0m:20s left)
Iteration 70 / LogL: -24725.443 / Time: 0h:0m:30s (0h:0m:13s left)
Iteration 80 / LogL: -24709.750 / Time: 0h:0m:30s (0h:0m:8s left)
Iteration 90 / LogL: -24724.802 / Time: 0h:0m:30s (0h:0m:3s left)
Iteration 100 / LogL: -24709.424 / Time: 0h:0m:30s (0h:0m:0s left)
TREE SEARCH COMPLETED AFTER 102 ITERATIONS / Time: 0h:0m:30s

--------------------------------------------------------------------
|                    FINALIZING TREE SEARCH                        |
--------------------------------------------------------------------
Performs final model parameters optimization
Estimate model parameters (epsilon = 0.010)
1. Initial log-likelihood: -24709.413
Optimal log-likelihood: -24709.412
Rate parameters:  A-C: 1.00000  A-G: 1.37713  A-T: 1.00000  C-G: 1.00000  C-T: 1.37713  G-T: 1.00000
Base frequencies:  A: 0.299  C: 0.212  G: 0.200  T: 0.289
Parameters optimization took 1 rounds (0.001 sec)
BEST SCORE FOUND : -24709.412

Testing tree branches by aBayes parametric test...
0.002 sec.
Total tree length: 4.091

Total number of iterations: 102
CPU time used for tree search: 1.033 sec (0h:0m:1s)
Wall-clock time used for tree search: 1.036 sec (0h:0m:1s)
Total CPU time used: 27.037 sec (0h:0m:27s)
Total wall-clock time used: 30.572 sec (0h:0m:30s)

Analysis results written to: 
  IQ-TREE report:                /Users/fahim/CSE6406-project/work/paper_subset_50x10_L1600/ils_low/replicate_09/estimated_gene_trees/L1600/hky/locus_0009.iqtree
  Maximum-likelihood tree:       /Users/fahim/CSE6406-project/work/paper_subset_50x10_L1600/ils_low/replicate_09/estimated_gene_trees/L1600/hky/locus_0009.treefile
  Likelihood distances:          /Users/fahim/CSE6406-project/work/paper_subset_50x10_L1600/ils_low/replicate_09/estimated_gene_trees/L1600/hky/locus_0009.mldist
  Screen log file:               /Users/fahim/CSE6406-project/work/paper_subset_50x10_L1600/ils_low/replicate_09/estimated_gene_trees/L1600/hky/locus_0009.log

Date and Time: Fri Sep 11 19:52:37 2026
