IQ-TREE multicore version 2.4.0 for MacOS ARM 64-bit built Feb 12 2025
Developed by Bui Quang Minh, Nguyen Lam Tung, Olga Chernomor, Heiko Schmidt,
Dominik Schrempf, Michael Woodhams, Ly Trong Nhan, Thomas Wong

Host:    Fahims-MacBook-Air.local (SSE4.2, 16 GB RAM)
Command: /Users/fahim/miniconda3/envs/cse6406/bin/iqtree2 -s /Users/fahim/CSE6406-project/work/paper_subset_50x10_L1600/ils_low/replicate_09/alignments/L1600/locus_0019.phy -m HKY --abayes -T AUTO --seed 7306020 --prefix /Users/fahim/CSE6406-project/work/paper_subset_50x10_L1600/ils_low/replicate_09/estimated_gene_trees/L1600/hky/locus_0019 --redo --quiet
Seed:    7306020 (Using SPRNG - Scalable Parallel Random Number Generator)
Time:    Fri Sep 11 19:57:11 2026
Kernel:  SSE2 - auto-detect threads (10 CPU cores detected)

Reading alignment file /Users/fahim/CSE6406-project/work/paper_subset_50x10_L1600/ils_low/replicate_09/alignments/L1600/locus_0019.phy ... Phylip format detected
Alignment most likely contains DNA/RNA sequences
Alignment has 21 sequences with 1600 columns, 910 distinct patterns
794 parsimony-informative, 152 singleton sites, 654 constant sites
        Gap/Ambiguity  Composition  p-value
Analyzing sequences: done in 5.22137e-05 secs using 101.5% CPU
   1  8_0_0     0.00%    passed     74.32%
   2  16_0_0    0.00%    passed     60.06%
   3  14_0_0    0.00%    passed     67.71%
   4  13_0_0    0.00%    passed     77.02%
   5  7_0_0     0.00%    passed     96.92%
   6  10_0_0    0.00%    passed     82.86%
   7  2_0_0     0.00%    passed     65.24%
   8  18_0_0    0.00%    passed     59.82%
   9  15_0_0    0.00%    passed     23.28%
  10  17_0_0    0.00%    passed     57.85%
  11  5_0_0     0.00%    passed     66.89%
  12  11_0_0    0.00%    passed     32.39%
  13  4_0_0     0.00%    passed     71.01%
  14  12_0_0    0.00%    passed     88.23%
  15  20_0_0    0.00%    passed     89.38%
  16  9_0_0     0.00%    passed     60.74%
  17  3_0_0     0.00%    passed     88.43%
  18  6_0_0     0.00%    passed     99.64%
  19  19_0_0    0.00%    passed     97.04%
  20  1_0_0     0.00%    passed     49.87%
  21  0_0_0     0.00%    passed     64.15%
****  TOTAL     0.00%  0 sequences failed composition chi2 test (p-value<5%; df=3)

Create initial parsimony tree by phylogenetic likelihood library (PLL)... 0.001 seconds

NOTE: 0 MB RAM (0 GB) is required!
Measuring multi-threading efficiency up to 10 CPU cores
Increase to 10 rounds for branch lengths
3065 trees examined
Threads: 1 / Time: 10.003 sec / Speedup: 1.000 / Efficiency: 100% / LogL: -27018
Threads: 2 / Time: 19.190 sec / Speedup: 0.521 / Efficiency: 26% / LogL: -27018
BEST NUMBER OF THREADS: 1

Estimate model parameters (epsilon = 0.100)
1. Initial log-likelihood: -25349.335
2. Current log-likelihood: -25195.896
3. Current log-likelihood: -25195.698
Optimal log-likelihood: -25195.698
Rate parameters:  A-C: 1.00000  A-G: 1.35208  A-T: 1.00000  C-G: 1.00000  C-T: 1.35208  G-T: 1.00000
Base frequencies:  A: 0.304  C: 0.193  G: 0.206  T: 0.297
Parameters optimization took 3 rounds (0.006 sec)
Wrote distance file to... 
Computing ML distances based on estimated model parameters...
Calculating distance matrix: done in 0.00045681 secs using 98.07% CPU
Computing ML distances took 0.000503 sec (of wall-clock time) 0.000487 sec (of CPU time)
Setting up auxiliary I and S matrices: done in 1.50204e-05 secs using 73.23% CPU
Computing RapidNJ tree took 0.000060 sec (of wall-clock time) 0.000066 sec (of CPU time)
Log-likelihood of RapidNJ tree: -25305.719
--------------------------------------------------------------------
|             INITIALIZING CANDIDATE TREE SET                      |
--------------------------------------------------------------------
Generating 98 parsimony trees... 0.091 second
Computing log-likelihood of 98 initial trees ... 0.067 seconds
Current best score: -25195.698

Do NNI search on 20 best initial trees
Estimate model parameters (epsilon = 0.100)
BETTER TREE FOUND at iteration 1: -25193.042
Estimate model parameters (epsilon = 0.100)
BETTER TREE FOUND at iteration 2: -25187.369
Iteration 10 / LogL: -25193.549 / Time: 0h:0m:29s
Iteration 20 / LogL: -25192.435 / Time: 0h:0m:29s
Finish initializing candidate tree set (6)
Current best tree score: -25187.369 / CPU time: 0.280
Number of iterations: 20
--------------------------------------------------------------------
|               OPTIMIZING CANDIDATE TREE SET                      |
--------------------------------------------------------------------
Iteration 30 / LogL: -25192.134 / Time: 0h:0m:29s (0h:1m:13s left)
Iteration 40 / LogL: -25192.187 / Time: 0h:0m:29s (0h:0m:47s left)
Iteration 50 / LogL: -25187.870 / Time: 0h:0m:29s (0h:0m:31s left)
Iteration 60 / LogL: -25187.424 / Time: 0h:0m:29s (0h:0m:21s left)
Iteration 70 / LogL: -25188.391 / Time: 0h:0m:29s (0h:0m:13s left)
Iteration 80 / LogL: -25187.372 / Time: 0h:0m:30s (0h:0m:8s left)
Iteration 90 / LogL: -25192.147 / Time: 0h:0m:30s (0h:0m:4s left)
Iteration 100 / LogL: -25192.263 / Time: 0h:0m:30s (0h:0m:0s left)
TREE SEARCH COMPLETED AFTER 103 ITERATIONS / Time: 0h:0m:30s

--------------------------------------------------------------------
|                    FINALIZING TREE SEARCH                        |
--------------------------------------------------------------------
Performs final model parameters optimization
Estimate model parameters (epsilon = 0.010)
1. Initial log-likelihood: -25187.369
Optimal log-likelihood: -25187.369
Rate parameters:  A-C: 1.00000  A-G: 1.35376  A-T: 1.00000  C-G: 1.00000  C-T: 1.35376  G-T: 1.00000
Base frequencies:  A: 0.304  C: 0.193  G: 0.206  T: 0.297
Parameters optimization took 1 rounds (0.002 sec)
BEST SCORE FOUND : -25187.369

Testing tree branches by aBayes parametric test...
0.002 sec.
Total tree length: 4.199

Total number of iterations: 103
CPU time used for tree search: 1.110 sec (0h:0m:1s)
Wall-clock time used for tree search: 1.113 sec (0h:0m:1s)
Total CPU time used: 26.889 sec (0h:0m:26s)
Total wall-clock time used: 30.324 sec (0h:0m:30s)

Analysis results written to: 
  IQ-TREE report:                /Users/fahim/CSE6406-project/work/paper_subset_50x10_L1600/ils_low/replicate_09/estimated_gene_trees/L1600/hky/locus_0019.iqtree
  Maximum-likelihood tree:       /Users/fahim/CSE6406-project/work/paper_subset_50x10_L1600/ils_low/replicate_09/estimated_gene_trees/L1600/hky/locus_0019.treefile
  Likelihood distances:          /Users/fahim/CSE6406-project/work/paper_subset_50x10_L1600/ils_low/replicate_09/estimated_gene_trees/L1600/hky/locus_0019.mldist
  Screen log file:               /Users/fahim/CSE6406-project/work/paper_subset_50x10_L1600/ils_low/replicate_09/estimated_gene_trees/L1600/hky/locus_0019.log

Date and Time: Fri Sep 11 19:57:41 2026
