IQ-TREE multicore version 2.4.0 for Linux x86 64-bit built Feb 12 2025
Developed by Bui Quang Minh, Nguyen Lam Tung, Olga Chernomor, Heiko Schmidt,
Dominik Schrempf, Michael Woodhams, Ly Trong Nhan, Thomas Wong

Host:    ezmata (AVX2, FMA3, 15 GB RAM)
Command: /home/mis/miniconda3/envs/cse6406/bin/iqtree2 -s /home/mis/CSE6406-project/work/paper_subset_50x10_L800/ils_low/replicate_06/alignments/L800/locus_0013.phy -m GTR --abayes -T AUTO --seed 7006014 --prefix /home/mis/CSE6406-project/work/paper_subset_50x10_L800/ils_low/replicate_06/estimated_gene_trees/L800/gtr/locus_0013 --redo --quiet
Seed:    7006014 (Using SPRNG - Scalable Parallel Random Number Generator)
Time:    Sat Sep 12 02:34:55 2026
Kernel:  AVX+FMA - auto-detect threads (16 CPU cores detected)

Reading alignment file /home/mis/CSE6406-project/work/paper_subset_50x10_L800/ils_low/replicate_06/alignments/L800/locus_0013.phy ... Phylip format detected
Alignment most likely contains DNA/RNA sequences
Alignment has 21 sequences with 800 columns, 283 distinct patterns
219 parsimony-informative, 77 singleton sites, 504 constant sites
        Gap/Ambiguity  Composition  p-value
Analyzing sequences: done in 0.000102939 secs
   1  0_0_0     0.00%    passed     94.68%
   2  9_0_0     0.00%    passed     66.21%
   3  5_0_0     0.00%    passed     98.13%
   4  7_0_0     0.00%    passed     87.66%
   5  1_0_0     0.00%    passed     98.48%
   6  6_0_0     0.00%    passed     98.56%
   7  8_0_0     0.00%    passed     99.63%
   8  4_0_0     0.00%    passed     90.27%
   9  12_0_0    0.00%    passed     86.42%
  10  11_0_0    0.00%    passed     94.82%
  11  14_0_0    0.00%    passed     91.59%
  12  17_0_0    0.00%    passed     88.93%
  13  13_0_0    0.00%    passed     93.18%
  14  15_0_0    0.00%    passed     99.04%
  15  19_0_0    0.00%    passed     70.70%
  16  16_0_0    0.00%    passed     98.94%
  17  10_0_0    0.00%    passed     97.42%
  18  18_0_0    0.00%    passed     98.82%
  19  20_0_0    0.00%    passed     92.91%
  20  2_0_0     0.00%    passed     75.25%
  21  3_0_0     0.00%    passed     91.16%
****  TOTAL     0.00%  0 sequences failed composition chi2 test (p-value<5%; df=3)

Create initial parsimony tree by phylogenetic likelihood library (PLL)... 0.001 seconds

NOTE: 0 MB RAM (0 GB) is required!
Measuring multi-threading efficiency up to 16 CPU cores
Increase to 10 rounds for branch lengths
8265 trees examined
Threads: 1 / Time: 16.000 sec / Speedup: 1.000 / Efficiency: 100% / LogL: -7343
Threads: 2 / Time: 30.156 sec / Speedup: 0.531 / Efficiency: 27% / LogL: -7343
BEST NUMBER OF THREADS: 1

Estimate model parameters (epsilon = 0.100)
1. Initial log-likelihood: -5978.302
2. Current log-likelihood: -5928.304
Optimal log-likelihood: -5928.226
Rate parameters:  A-C: 0.82281  A-G: 1.69707  A-T: 0.87518  C-G: 0.85130  C-T: 1.58790  G-T: 1.00000
Base frequencies:  A: 0.300  C: 0.203  G: 0.194  T: 0.303
Parameters optimization took 2 rounds (0.005 sec)
Wrote distance file to... 
Computing ML distances based on estimated model parameters...
Calculating distance matrix: done in 0.000541567 secs using 74.41% CPU
Computing ML distances took 0.000569 sec (of wall-clock time) 0.000425 sec (of CPU time)
Setting up auxiliary I and S matrices: done in 4.7602e-05 secs using 52.52% CPU
Computing RapidNJ tree took 0.000128 sec (of wall-clock time) 0.000026 sec (of CPU time)
Log-likelihood of RapidNJ tree: -5926.970
--------------------------------------------------------------------
|             INITIALIZING CANDIDATE TREE SET                      |
--------------------------------------------------------------------
Generating 98 parsimony trees... 0.079 second
Computing log-likelihood of 98 initial trees ... 0.046 seconds
Current best score: -5916.526

Do NNI search on 20 best initial trees
Estimate model parameters (epsilon = 0.100)
BETTER TREE FOUND at iteration 1: -5916.190
Iteration 10 / LogL: -5919.645 / Time: 0h:0m:46s
Estimate model parameters (epsilon = 0.100)
BETTER TREE FOUND at iteration 11: -5914.392
Iteration 20 / LogL: -5925.589 / Time: 0h:0m:46s
Finish initializing candidate tree set (9)
Current best tree score: -5914.392 / CPU time: 0.188
Number of iterations: 20
--------------------------------------------------------------------
|               OPTIMIZING CANDIDATE TREE SET                      |
--------------------------------------------------------------------
Iteration 30 / LogL: -5914.405 / Time: 0h:0m:46s (0h:2m:9s left)
Iteration 40 / LogL: -5918.599 / Time: 0h:0m:46s (0h:1m:24s left)
Iteration 50 / LogL: -5918.527 / Time: 0h:0m:46s (0h:0m:57s left)
Iteration 60 / LogL: -5932.940 / Time: 0h:0m:46s (0h:0m:40s left)
Iteration 70 / LogL: -5917.688 / Time: 0h:0m:46s (0h:0m:27s left)
Iteration 80 / LogL: -5918.380 / Time: 0h:0m:46s (0h:0m:18s left)
Iteration 90 / LogL: -5914.393 / Time: 0h:0m:46s (0h:0m:11s left)
Iteration 100 / LogL: -5914.394 / Time: 0h:0m:46s (0h:0m:5s left)
Iteration 110 / LogL: -5916.209 / Time: 0h:0m:46s (0h:0m:0s left)
TREE SEARCH COMPLETED AFTER 112 ITERATIONS / Time: 0h:0m:46s

--------------------------------------------------------------------
|                    FINALIZING TREE SEARCH                        |
--------------------------------------------------------------------
Performs final model parameters optimization
Estimate model parameters (epsilon = 0.010)
1. Initial log-likelihood: -5914.392
Optimal log-likelihood: -5914.392
Rate parameters:  A-C: 0.84284  A-G: 1.76230  A-T: 0.87489  C-G: 0.84484  C-T: 1.60313  G-T: 1.00000
Base frequencies:  A: 0.300  C: 0.203  G: 0.194  T: 0.303
Parameters optimization took 1 rounds (0.001 sec)
BEST SCORE FOUND : -5914.392

Testing tree branches by aBayes parametric test...
0.002 sec.
Total tree length: 1.255

Total number of iterations: 112
CPU time used for tree search: 0.771 sec (0h:0m:0s)
Wall-clock time used for tree search: 0.795 sec (0h:0m:0s)
Total CPU time used: 43.737 sec (0h:0m:43s)
Total wall-clock time used: 46.966 sec (0h:0m:46s)

Analysis results written to: 
  IQ-TREE report:                /home/mis/CSE6406-project/work/paper_subset_50x10_L800/ils_low/replicate_06/estimated_gene_trees/L800/gtr/locus_0013.iqtree
  Maximum-likelihood tree:       /home/mis/CSE6406-project/work/paper_subset_50x10_L800/ils_low/replicate_06/estimated_gene_trees/L800/gtr/locus_0013.treefile
  Likelihood distances:          /home/mis/CSE6406-project/work/paper_subset_50x10_L800/ils_low/replicate_06/estimated_gene_trees/L800/gtr/locus_0013.mldist
  Screen log file:               /home/mis/CSE6406-project/work/paper_subset_50x10_L800/ils_low/replicate_06/estimated_gene_trees/L800/gtr/locus_0013.log

Date and Time: Sat Sep 12 02:35:42 2026
