IQ-TREE multicore version 2.4.0 for Linux x86 64-bit built Feb 12 2025
Developed by Bui Quang Minh, Nguyen Lam Tung, Olga Chernomor, Heiko Schmidt,
Dominik Schrempf, Michael Woodhams, Ly Trong Nhan, Thomas Wong

Host:    ezmata (AVX2, FMA3, 15 GB RAM)
Command: /home/mis/miniconda3/envs/cse6406/bin/iqtree2 -s /home/mis/CSE6406-project/work/paper_subset_50x10_L200/ils_high/replicate_08/alignments/L200/locus_0037.phy -m HKY --abayes -T 1 --seed 7206038 --prefix /home/mis/CSE6406-project/work/paper_subset_50x10_L200/ils_high/replicate_08/estimated_gene_trees/L200/hky/locus_0037 --redo --quiet
Seed:    7206038 (Using SPRNG - Scalable Parallel Random Number Generator)
Time:    Sat Sep 12 21:46:12 2026
Kernel:  AVX+FMA - 1 threads (16 CPU cores detected)

HINT: Use -nt option to specify number of threads because your CPU has 16 cores!
HINT: -nt AUTO will automatically determine the best number of threads to use.

Reading alignment file /home/mis/CSE6406-project/work/paper_subset_50x10_L200/ils_high/replicate_08/alignments/L200/locus_0037.phy ... Phylip format detected
Alignment most likely contains DNA/RNA sequences
Alignment has 21 sequences with 200 columns, 108 distinct patterns
87 parsimony-informative, 17 singleton sites, 96 constant sites
        Gap/Ambiguity  Composition  p-value
Analyzing sequences: done in 7.971e-06 secs
   1  14_0_0    0.00%    passed     59.70%
   2  4_0_0     0.00%    passed     96.54%
   3  6_0_0     0.00%    passed     95.91%
   4  9_0_0     0.00%    passed     84.62%
   5  5_0_0     0.00%    passed     31.68%
   6  13_0_0    0.00%    passed     86.85%
   7  11_0_0    0.00%    passed     63.37%
   8  10_0_0    0.00%    passed     98.90%
   9  1_0_0     0.00%    passed     44.33%
  10  2_0_0     0.00%    passed     99.91%
  11  20_0_0    0.00%    passed     55.27%
  12  19_0_0    0.00%    passed     82.97%
  13  17_0_0    0.00%    passed     97.90%
  14  18_0_0    0.00%    passed     64.35%
  15  15_0_0    0.00%    passed     75.37%
  16  8_0_0     0.00%    passed     63.97%
  17  3_0_0     0.00%    passed     89.30%
  18  7_0_0     0.00%    passed     67.17%
  19  12_0_0    0.00%    passed     80.37%
  20  16_0_0    0.00%    passed     88.73%
  21  0_0_0     0.00%    passed     24.51%
****  TOTAL     0.00%  0 sequences failed composition chi2 test (p-value<5%; df=3)

Create initial parsimony tree by phylogenetic likelihood library (PLL)... 0.001 seconds

NOTE: 0 MB RAM (0 GB) is required!
Estimate model parameters (epsilon = 0.100)
1. Initial log-likelihood: -2987.078
2. Current log-likelihood: -2976.385
Optimal log-likelihood: -2976.332
Rate parameters:  A-C: 1.00000  A-G: 1.32573  A-T: 1.00000  C-G: 1.00000  C-T: 1.32573  G-T: 1.00000
Base frequencies:  A: 0.319  C: 0.158  G: 0.181  T: 0.342
Parameters optimization took 2 rounds (0.003 sec)
Wrote distance file to... 
Computing ML distances based on estimated model parameters...
Calculating distance matrix: done in 0.000815037 secs using 99.87% CPU
Computing ML distances took 0.000855 sec (of wall-clock time) 0.000857 sec (of CPU time)
Setting up auxiliary I and S matrices: done in 5.5862e-05 secs using 98.46% CPU
Computing RapidNJ tree took 0.000230 sec (of wall-clock time) 0.000230 sec (of CPU time)
Log-likelihood of RapidNJ tree: -2988.373
--------------------------------------------------------------------
|             INITIALIZING CANDIDATE TREE SET                      |
--------------------------------------------------------------------
Generating 98 parsimony trees... 0.078 second
Computing log-likelihood of 98 initial trees ... 0.052 seconds
Current best score: -2954.722

Do NNI search on 20 best initial trees
Estimate model parameters (epsilon = 0.100)
BETTER TREE FOUND at iteration 1: -2954.385
Estimate model parameters (epsilon = 0.100)
BETTER TREE FOUND at iteration 6: -2954.207
Estimate model parameters (epsilon = 0.100)
BETTER TREE FOUND at iteration 10: -2951.751
Iteration 10 / LogL: -2951.751 / Time: 0h:0m:0s
Estimate model parameters (epsilon = 0.100)
BETTER TREE FOUND at iteration 14: -2951.187
Iteration 20 / LogL: -2960.886 / Time: 0h:0m:0s
Finish initializing candidate tree set (11)
Current best tree score: -2951.187 / CPU time: 0.213
Number of iterations: 20
--------------------------------------------------------------------
|               OPTIMIZING CANDIDATE TREE SET                      |
--------------------------------------------------------------------
Iteration 30 / LogL: -2951.794 / Time: 0h:0m:0s (0h:0m:0s left)
Iteration 40 / LogL: -2951.765 / Time: 0h:0m:0s (0h:0m:0s left)
Iteration 50 / LogL: -2952.569 / Time: 0h:0m:0s (0h:0m:0s left)
Iteration 60 / LogL: -2954.709 / Time: 0h:0m:0s (0h:0m:0s left)
Iteration 70 / LogL: -2954.287 / Time: 0h:0m:0s (0h:0m:0s left)
Iteration 80 / LogL: -2953.674 / Time: 0h:0m:0s (0h:0m:0s left)
Iteration 90 / LogL: -2951.192 / Time: 0h:0m:0s (0h:0m:0s left)
Iteration 100 / LogL: -2952.577 / Time: 0h:0m:0s (0h:0m:0s left)
Iteration 110 / LogL: -2951.798 / Time: 0h:0m:0s (0h:0m:0s left)
TREE SEARCH COMPLETED AFTER 115 ITERATIONS / Time: 0h:0m:0s

--------------------------------------------------------------------
|                    FINALIZING TREE SEARCH                        |
--------------------------------------------------------------------
Performs final model parameters optimization
Estimate model parameters (epsilon = 0.010)
1. Initial log-likelihood: -2951.187
Optimal log-likelihood: -2951.187
Rate parameters:  A-C: 1.00000  A-G: 1.35641  A-T: 1.00000  C-G: 1.00000  C-T: 1.35641  G-T: 1.00000
Base frequencies:  A: 0.319  C: 0.158  G: 0.181  T: 0.342
Parameters optimization took 1 rounds (0.001 sec)
BEST SCORE FOUND : -2951.187

Testing tree branches by aBayes parametric test...
0.002 sec.
Total tree length: 3.751

Total number of iterations: 115
CPU time used for tree search: 0.820 sec (0h:0m:0s)
Wall-clock time used for tree search: 0.901 sec (0h:0m:0s)
Total CPU time used: 0.837 sec (0h:0m:0s)
Total wall-clock time used: 0.919 sec (0h:0m:0s)

Analysis results written to: 
  IQ-TREE report:                /home/mis/CSE6406-project/work/paper_subset_50x10_L200/ils_high/replicate_08/estimated_gene_trees/L200/hky/locus_0037.iqtree
  Maximum-likelihood tree:       /home/mis/CSE6406-project/work/paper_subset_50x10_L200/ils_high/replicate_08/estimated_gene_trees/L200/hky/locus_0037.treefile
  Likelihood distances:          /home/mis/CSE6406-project/work/paper_subset_50x10_L200/ils_high/replicate_08/estimated_gene_trees/L200/hky/locus_0037.mldist
  Screen log file:               /home/mis/CSE6406-project/work/paper_subset_50x10_L200/ils_high/replicate_08/estimated_gene_trees/L200/hky/locus_0037.log

Date and Time: Sat Sep 12 21:46:13 2026
