IQ-TREE multicore version 2.4.0 for Linux x86 64-bit built Feb 12 2025
Developed by Bui Quang Minh, Nguyen Lam Tung, Olga Chernomor, Heiko Schmidt,
Dominik Schrempf, Michael Woodhams, Ly Trong Nhan, Thomas Wong

Host:    ezmata (AVX2, FMA3, 15 GB RAM)
Command: /home/mis/miniconda3/envs/cse6406/bin/iqtree2 -s /home/mis/CSE6406-project/work/paper_subset_50x10_L200/ils_high/replicate_08/alignments/L200/locus_0040.phy -m HKY --abayes -T 1 --seed 7206041 --prefix /home/mis/CSE6406-project/work/paper_subset_50x10_L200/ils_high/replicate_08/estimated_gene_trees/L200/hky/locus_0040 --redo --quiet
Seed:    7206041 (Using SPRNG - Scalable Parallel Random Number Generator)
Time:    Sat Sep 12 21:46:13 2026
Kernel:  AVX+FMA - 1 threads (16 CPU cores detected)

HINT: Use -nt option to specify number of threads because your CPU has 16 cores!
HINT: -nt AUTO will automatically determine the best number of threads to use.

Reading alignment file /home/mis/CSE6406-project/work/paper_subset_50x10_L200/ils_high/replicate_08/alignments/L200/locus_0040.phy ... Phylip format detected
Alignment most likely contains DNA/RNA sequences
Alignment has 21 sequences with 200 columns, 116 distinct patterns
97 parsimony-informative, 17 singleton sites, 86 constant sites
        Gap/Ambiguity  Composition  p-value
Analyzing sequences: done in 1.0444e-05 secs using 28.72% CPU
   1  0_0_0     0.00%    passed     77.64%
   2  9_0_0     0.00%    passed     98.29%
   3  18_0_0    0.00%    passed     97.98%
   4  17_0_0    0.00%    passed     79.68%
   5  19_0_0    0.00%    passed     94.23%
   6  8_0_0     0.00%    passed     95.69%
   7  20_0_0    0.00%    passed     96.50%
   8  3_0_0     0.00%    passed     81.44%
   9  7_0_0     0.00%    passed     96.76%
  10  5_0_0     0.00%    passed     57.70%
  11  11_0_0    0.00%    passed     49.37%
  12  13_0_0    0.00%    passed     75.66%
  13  1_0_0     0.00%    passed     63.59%
  14  2_0_0     0.00%    passed     79.21%
  15  12_0_0    0.00%    passed     88.57%
  16  16_0_0    0.00%    passed     96.27%
  17  15_0_0    0.00%    passed     34.98%
  18  6_0_0     0.00%    passed     37.62%
  19  4_0_0     0.00%    passed     96.23%
  20  14_0_0    0.00%    passed     71.16%
  21  10_0_0    0.00%    passed     96.76%
****  TOTAL     0.00%  0 sequences failed composition chi2 test (p-value<5%; df=3)

Create initial parsimony tree by phylogenetic likelihood library (PLL)... 0.001 seconds

NOTE: 0 MB RAM (0 GB) is required!
Estimate model parameters (epsilon = 0.100)
1. Initial log-likelihood: -3026.132
2. Current log-likelihood: -3011.842
Optimal log-likelihood: -3011.752
Rate parameters:  A-C: 1.00000  A-G: 1.37147  A-T: 1.00000  C-G: 1.00000  C-T: 1.37147  G-T: 1.00000
Base frequencies:  A: 0.306  C: 0.204  G: 0.221  T: 0.269
Parameters optimization took 2 rounds (0.002 sec)
Wrote distance file to... 
Computing ML distances based on estimated model parameters...
Calculating distance matrix: done in 0.00071146 secs using 99.94% CPU
Computing ML distances took 0.000744 sec (of wall-clock time) 0.000746 sec (of CPU time)
Setting up auxiliary I and S matrices: done in 5.8048e-05 secs
Computing RapidNJ tree took 0.000225 sec (of wall-clock time) 0.000000 sec (of CPU time)
Log-likelihood of RapidNJ tree: -3015.879
--------------------------------------------------------------------
|             INITIALIZING CANDIDATE TREE SET                      |
--------------------------------------------------------------------
Generating 98 parsimony trees... 0.101 second
Computing log-likelihood of 98 initial trees ... 0.053 seconds
Current best score: -3011.586

Do NNI search on 20 best initial trees
Estimate model parameters (epsilon = 0.100)
BETTER TREE FOUND at iteration 1: -3011.291
Iteration 10 / LogL: -3011.320 / Time: 0h:0m:0s
Iteration 20 / LogL: -3017.471 / Time: 0h:0m:0s
Finish initializing candidate tree set (9)
Current best tree score: -3011.291 / CPU time: 0.218
Number of iterations: 20
--------------------------------------------------------------------
|               OPTIMIZING CANDIDATE TREE SET                      |
--------------------------------------------------------------------
Iteration 30 / LogL: -3014.237 / Time: 0h:0m:0s (0h:0m:0s left)
Iteration 40 / LogL: -3012.480 / Time: 0h:0m:0s (0h:0m:0s left)
Iteration 50 / LogL: -3011.317 / Time: 0h:0m:0s (0h:0m:0s left)
Iteration 60 / LogL: -3011.306 / Time: 0h:0m:0s (0h:0m:0s left)
Iteration 70 / LogL: -3011.299 / Time: 0h:0m:0s (0h:0m:0s left)
Iteration 80 / LogL: -3011.902 / Time: 0h:0m:0s (0h:0m:0s left)
Iteration 90 / LogL: -3011.900 / Time: 0h:0m:0s (0h:0m:0s left)
Iteration 100 / LogL: -3011.323 / Time: 0h:0m:0s (0h:0m:0s left)
TREE SEARCH COMPLETED AFTER 102 ITERATIONS / Time: 0h:0m:0s

--------------------------------------------------------------------
|                    FINALIZING TREE SEARCH                        |
--------------------------------------------------------------------
Performs final model parameters optimization
Estimate model parameters (epsilon = 0.010)
1. Initial log-likelihood: -3011.291
Optimal log-likelihood: -3011.291
Rate parameters:  A-C: 1.00000  A-G: 1.37905  A-T: 1.00000  C-G: 1.00000  C-T: 1.37905  G-T: 1.00000
Base frequencies:  A: 0.306  C: 0.204  G: 0.221  T: 0.269
Parameters optimization took 1 rounds (0.001 sec)
BEST SCORE FOUND : -3011.291

Testing tree branches by aBayes parametric test...
0.002 sec.
Total tree length: 3.829

Total number of iterations: 102
CPU time used for tree search: 0.742 sec (0h:0m:0s)
Wall-clock time used for tree search: 0.794 sec (0h:0m:0s)
Total CPU time used: 0.758 sec (0h:0m:0s)
Total wall-clock time used: 0.811 sec (0h:0m:0s)

Analysis results written to: 
  IQ-TREE report:                /home/mis/CSE6406-project/work/paper_subset_50x10_L200/ils_high/replicate_08/estimated_gene_trees/L200/hky/locus_0040.iqtree
  Maximum-likelihood tree:       /home/mis/CSE6406-project/work/paper_subset_50x10_L200/ils_high/replicate_08/estimated_gene_trees/L200/hky/locus_0040.treefile
  Likelihood distances:          /home/mis/CSE6406-project/work/paper_subset_50x10_L200/ils_high/replicate_08/estimated_gene_trees/L200/hky/locus_0040.mldist
  Screen log file:               /home/mis/CSE6406-project/work/paper_subset_50x10_L200/ils_high/replicate_08/estimated_gene_trees/L200/hky/locus_0040.log

Date and Time: Sat Sep 12 21:46:13 2026
