IQ-TREE multicore version 2.4.0 for MacOS ARM 64-bit built Feb 12 2025
Developed by Bui Quang Minh, Nguyen Lam Tung, Olga Chernomor, Heiko Schmidt,
Dominik Schrempf, Michael Woodhams, Ly Trong Nhan, Thomas Wong

Host:    Fahims-MacBook-Air.local (SSE4.2, 16 GB RAM)
Command: /Users/fahim/miniconda3/envs/cse6406/bin/iqtree2 -s /Users/fahim/CSE6406-project/work/paper_subset_50x10_L1600/ils_high/replicate_07/alignments/L1600/locus_0026.phy -m JC --abayes -T AUTO --seed 7106027 --prefix /Users/fahim/CSE6406-project/work/paper_subset_50x10_L1600/ils_high/replicate_07/estimated_gene_trees/L1600/jc/locus_0026 --redo --quiet
Seed:    7106027 (Using SPRNG - Scalable Parallel Random Number Generator)
Time:    Sat Sep 12 15:23:51 2026
Kernel:  SSE2 - auto-detect threads (10 CPU cores detected)

Reading alignment file /Users/fahim/CSE6406-project/work/paper_subset_50x10_L1600/ils_high/replicate_07/alignments/L1600/locus_0026.phy ... Phylip format detected
Alignment most likely contains DNA/RNA sequences
Alignment has 21 sequences with 1600 columns, 775 distinct patterns
621 parsimony-informative, 208 singleton sites, 771 constant sites
        Gap/Ambiguity  Composition  p-value
Analyzing sequences: done in 4.79221e-05 secs using 104.3% CPU
   1  12_0_0    0.00%    passed     60.68%
   2  8_0_0     0.00%    passed     35.03%
   3  15_0_0    0.00%    passed     55.23%
   4  7_0_0     0.00%    passed     64.27%
   5  19_0_0    0.00%    passed     25.86%
   6  18_0_0    0.00%    passed     82.61%
   7  20_0_0    0.00%    passed     60.81%
   8  5_0_0     0.00%    passed     95.36%
   9  17_0_0    0.00%    passed     98.47%
  10  14_0_0    0.00%    passed     75.49%
  11  6_0_0     0.00%    passed     69.15%
  12  2_0_0     0.00%    passed     73.30%
  13  4_0_0     0.00%    passed     93.01%
  14  16_0_0    0.00%    passed     91.49%
  15  3_0_0     0.00%    passed     96.20%
  16  13_0_0    0.00%    passed     96.77%
  17  10_0_0    0.00%    passed     93.48%
  18  11_0_0    0.00%    passed     96.80%
  19  9_0_0     0.00%    passed     81.82%
  20  1_0_0     0.00%    passed     51.57%
  21  0_0_0     0.00%    passed     85.54%
****  TOTAL     0.00%  0 sequences failed composition chi2 test (p-value<5%; df=3)

Create initial parsimony tree by phylogenetic likelihood library (PLL)... 0.001 seconds

NOTE: 0 MB RAM (0 GB) is required!
Measuring multi-threading efficiency up to 10 CPU cores
Increase to 10 rounds for branch lengths
3708 trees examined
Threads: 1 / Time: 10.001 sec / Speedup: 1.000 / Efficiency: 100% / LogL: -24103
Threads: 2 / Time: 20.939 sec / Speedup: 0.478 / Efficiency: 24% / LogL: -24103
BEST NUMBER OF THREADS: 1

Estimate model parameters (epsilon = 0.100)
1. Initial log-likelihood: -22499.477
Optimal log-likelihood: -22398.646
Rate parameters:  A-C: 1.00000  A-G: 1.00000  A-T: 1.00000  C-G: 1.00000  C-T: 1.00000  G-T: 1.00000
Base frequencies:  A: 0.250  C: 0.250  G: 0.250  T: 0.250
Parameters optimization took 1 rounds (0.002 sec)
Wrote distance file to... 
Computing ML distances based on estimated model parameters...
Calculating distance matrix: done in 0.00051403 secs using 98.05% CPU
Computing ML distances took 0.000566 sec (of wall-clock time) 0.000542 sec (of CPU time)
Setting up auxiliary I and S matrices: done in 1.90735e-05 secs using 73.4% CPU
Computing RapidNJ tree took 0.000075 sec (of wall-clock time) 0.000070 sec (of CPU time)
Log-likelihood of RapidNJ tree: -22531.321
--------------------------------------------------------------------
|             INITIALIZING CANDIDATE TREE SET                      |
--------------------------------------------------------------------
Generating 98 parsimony trees... 0.086 second
Computing log-likelihood of 98 initial trees ... 0.066 seconds
Current best score: -22393.493

Do NNI search on 20 best initial trees
Estimate model parameters (epsilon = 0.100)
BETTER TREE FOUND at iteration 1: -22391.601
Iteration 10 / LogL: -22391.713 / Time: 0h:0m:31s
Iteration 20 / LogL: -22391.612 / Time: 0h:0m:31s
Finish initializing candidate tree set (5)
Current best tree score: -22391.601 / CPU time: 0.266
Number of iterations: 20
--------------------------------------------------------------------
|               OPTIMIZING CANDIDATE TREE SET                      |
--------------------------------------------------------------------
Iteration 30 / LogL: -22391.857 / Time: 0h:0m:31s (0h:1m:16s left)
Iteration 40 / LogL: -22391.621 / Time: 0h:0m:31s (0h:0m:49s left)
Iteration 50 / LogL: -22391.633 / Time: 0h:0m:31s (0h:0m:32s left)
Iteration 60 / LogL: -22391.608 / Time: 0h:0m:31s (0h:0m:21s left)
Iteration 70 / LogL: -22391.606 / Time: 0h:0m:31s (0h:0m:14s left)
Iteration 80 / LogL: -22391.815 / Time: 0h:0m:31s (0h:0m:8s left)
Iteration 90 / LogL: -22391.625 / Time: 0h:0m:31s (0h:0m:3s left)
Iteration 100 / LogL: -22391.622 / Time: 0h:0m:31s (0h:0m:0s left)
TREE SEARCH COMPLETED AFTER 102 ITERATIONS / Time: 0h:0m:31s

--------------------------------------------------------------------
|                    FINALIZING TREE SEARCH                        |
--------------------------------------------------------------------
Performs final model parameters optimization
Estimate model parameters (epsilon = 0.010)
1. Initial log-likelihood: -22391.601
Optimal log-likelihood: -22391.601
Rate parameters:  A-C: 1.00000  A-G: 1.00000  A-T: 1.00000  C-G: 1.00000  C-T: 1.00000  G-T: 1.00000
Base frequencies:  A: 0.250  C: 0.250  G: 0.250  T: 0.250
Parameters optimization took 1 rounds (0.001 sec)
BEST SCORE FOUND : -22391.601

Testing tree branches by aBayes parametric test...
0.002 sec.
Total tree length: 3.334

Total number of iterations: 102
CPU time used for tree search: 0.937 sec (0h:0m:0s)
Wall-clock time used for tree search: 0.946 sec (0h:0m:0s)
Total CPU time used: 27.449 sec (0h:0m:27s)
Total wall-clock time used: 31.899 sec (0h:0m:31s)

Analysis results written to: 
  IQ-TREE report:                /Users/fahim/CSE6406-project/work/paper_subset_50x10_L1600/ils_high/replicate_07/estimated_gene_trees/L1600/jc/locus_0026.iqtree
  Maximum-likelihood tree:       /Users/fahim/CSE6406-project/work/paper_subset_50x10_L1600/ils_high/replicate_07/estimated_gene_trees/L1600/jc/locus_0026.treefile
  Likelihood distances:          /Users/fahim/CSE6406-project/work/paper_subset_50x10_L1600/ils_high/replicate_07/estimated_gene_trees/L1600/jc/locus_0026.mldist
  Screen log file:               /Users/fahim/CSE6406-project/work/paper_subset_50x10_L1600/ils_high/replicate_07/estimated_gene_trees/L1600/jc/locus_0026.log

Date and Time: Sat Sep 12 15:24:23 2026
