IQ-TREE multicore version 2.4.0 for MacOS ARM 64-bit built Feb 12 2025
Developed by Bui Quang Minh, Nguyen Lam Tung, Olga Chernomor, Heiko Schmidt,
Dominik Schrempf, Michael Woodhams, Ly Trong Nhan, Thomas Wong

Host:    Fahims-MacBook-Air.local (SSE4.2, 16 GB RAM)
Command: /Users/fahim/miniconda3/envs/cse6406/bin/iqtree2 -s /Users/fahim/CSE6406-project/work/paper_subset_50x10_L1600/ils_high/replicate_07/alignments/L1600/locus_0042.phy -m JC --abayes -T AUTO --seed 7106043 --prefix /Users/fahim/CSE6406-project/work/paper_subset_50x10_L1600/ils_high/replicate_07/estimated_gene_trees/L1600/jc/locus_0042 --redo --quiet
Seed:    7106043 (Using SPRNG - Scalable Parallel Random Number Generator)
Time:    Sat Sep 12 15:32:20 2026
Kernel:  SSE2 - auto-detect threads (10 CPU cores detected)

Reading alignment file /Users/fahim/CSE6406-project/work/paper_subset_50x10_L1600/ils_high/replicate_07/alignments/L1600/locus_0042.phy ... Phylip format detected
Alignment most likely contains DNA/RNA sequences
Alignment has 21 sequences with 1600 columns, 803 distinct patterns
666 parsimony-informative, 189 singleton sites, 745 constant sites
        Gap/Ambiguity  Composition  p-value
Analyzing sequences: done in 4.22001e-05 secs using 116.1% CPU
   1  16_0_0    0.00%    passed     58.30%
   2  15_0_0    0.00%    passed     43.70%
   3  1_0_0     0.00%    passed     83.09%
   4  6_0_0     0.00%    passed     77.70%
   5  9_0_0     0.00%    passed     75.47%
   6  11_0_0    0.00%    passed     92.36%
   7  17_0_0    0.00%    passed     87.81%
   8  10_0_0    0.00%    passed     97.97%
   9  12_0_0    0.00%    passed     57.97%
  10  7_0_0     0.00%    passed     45.53%
  11  19_0_0    0.00%    passed     76.22%
  12  18_0_0    0.00%    passed     90.38%
  13  20_0_0    0.00%    passed     93.93%
  14  8_0_0     0.00%    passed     53.26%
  15  3_0_0     0.00%    passed     68.68%
  16  13_0_0    0.00%    passed     93.96%
  17  2_0_0     0.00%    passed     96.40%
  18  14_0_0    0.00%    passed     80.78%
  19  4_0_0     0.00%    passed     91.88%
  20  5_0_0     0.00%    passed     88.15%
  21  0_0_0     0.00%    passed     85.64%
****  TOTAL     0.00%  0 sequences failed composition chi2 test (p-value<5%; df=3)

Create initial parsimony tree by phylogenetic likelihood library (PLL)... 0.001 seconds

NOTE: 0 MB RAM (0 GB) is required!
Measuring multi-threading efficiency up to 10 CPU cores
Increase to 10 rounds for branch lengths
3487 trees examined
Threads: 1 / Time: 10.001 sec / Speedup: 1.000 / Efficiency: 100% / LogL: -23811
Threads: 2 / Time: 21.073 sec / Speedup: 0.475 / Efficiency: 24% / LogL: -23811
BEST NUMBER OF THREADS: 1

Estimate model parameters (epsilon = 0.100)
1. Initial log-likelihood: -21956.708
Optimal log-likelihood: -21892.207
Rate parameters:  A-C: 1.00000  A-G: 1.00000  A-T: 1.00000  C-G: 1.00000  C-T: 1.00000  G-T: 1.00000
Base frequencies:  A: 0.250  C: 0.250  G: 0.250  T: 0.250
Parameters optimization took 1 rounds (0.002 sec)
Wrote distance file to... 
Computing ML distances based on estimated model parameters...
Calculating distance matrix: done in 0.000463009 secs using 98.7% CPU
Computing ML distances took 0.000516 sec (of wall-clock time) 0.000495 sec (of CPU time)
Setting up auxiliary I and S matrices: done in 1.81198e-05 secs using 66.23% CPU
Computing RapidNJ tree took 0.000064 sec (of wall-clock time) 0.000051 sec (of CPU time)
Log-likelihood of RapidNJ tree: -21947.082
--------------------------------------------------------------------
|             INITIALIZING CANDIDATE TREE SET                      |
--------------------------------------------------------------------
Generating 98 parsimony trees... 0.091 second
Computing log-likelihood of 98 initial trees ... 0.068 seconds
Current best score: -21892.207

Do NNI search on 20 best initial trees
Estimate model parameters (epsilon = 0.100)
BETTER TREE FOUND at iteration 1: -21888.992
Iteration 10 / LogL: -21889.956 / Time: 0h:0m:31s
Estimate model parameters (epsilon = 0.100)
BETTER TREE FOUND at iteration 20: -21888.114
Iteration 20 / LogL: -21888.114 / Time: 0h:0m:31s
Finish initializing candidate tree set (11)
Current best tree score: -21888.114 / CPU time: 0.307
Number of iterations: 20
--------------------------------------------------------------------
|               OPTIMIZING CANDIDATE TREE SET                      |
--------------------------------------------------------------------
Iteration 30 / LogL: -21888.123 / Time: 0h:0m:31s (0h:1m:37s left)
Iteration 40 / LogL: -21888.119 / Time: 0h:0m:31s (0h:1m:4s left)
Iteration 50 / LogL: -21888.120 / Time: 0h:0m:31s (0h:0m:45s left)
Iteration 60 / LogL: -21888.996 / Time: 0h:0m:31s (0h:0m:32s left)
Iteration 70 / LogL: -21889.995 / Time: 0h:0m:31s (0h:0m:23s left)
Iteration 80 / LogL: -21890.799 / Time: 0h:0m:31s (0h:0m:16s left)
Iteration 90 / LogL: -21888.169 / Time: 0h:0m:32s (0h:0m:10s left)
Iteration 100 / LogL: -21888.532 / Time: 0h:0m:32s (0h:0m:6s left)
Iteration 110 / LogL: -21888.135 / Time: 0h:0m:32s (0h:0m:2s left)
Iteration 120 / LogL: -21888.117 / Time: 0h:0m:32s (0h:0m:0s left)
TREE SEARCH COMPLETED AFTER 121 ITERATIONS / Time: 0h:0m:32s

--------------------------------------------------------------------
|                    FINALIZING TREE SEARCH                        |
--------------------------------------------------------------------
Performs final model parameters optimization
Estimate model parameters (epsilon = 0.010)
1. Initial log-likelihood: -21888.114
Optimal log-likelihood: -21888.114
Rate parameters:  A-C: 1.00000  A-G: 1.00000  A-T: 1.00000  C-G: 1.00000  C-T: 1.00000  G-T: 1.00000
Base frequencies:  A: 0.250  C: 0.250  G: 0.250  T: 0.250
Parameters optimization took 1 rounds (0.001 sec)
BEST SCORE FOUND : -21888.114

Testing tree branches by aBayes parametric test...
0.002 sec.
Total tree length: 3.184

Total number of iterations: 121
CPU time used for tree search: 1.206 sec (0h:0m:1s)
Wall-clock time used for tree search: 1.213 sec (0h:0m:1s)
Total CPU time used: 27.786 sec (0h:0m:27s)
Total wall-clock time used: 32.303 sec (0h:0m:32s)

Analysis results written to: 
  IQ-TREE report:                /Users/fahim/CSE6406-project/work/paper_subset_50x10_L1600/ils_high/replicate_07/estimated_gene_trees/L1600/jc/locus_0042.iqtree
  Maximum-likelihood tree:       /Users/fahim/CSE6406-project/work/paper_subset_50x10_L1600/ils_high/replicate_07/estimated_gene_trees/L1600/jc/locus_0042.treefile
  Likelihood distances:          /Users/fahim/CSE6406-project/work/paper_subset_50x10_L1600/ils_high/replicate_07/estimated_gene_trees/L1600/jc/locus_0042.mldist
  Screen log file:               /Users/fahim/CSE6406-project/work/paper_subset_50x10_L1600/ils_high/replicate_07/estimated_gene_trees/L1600/jc/locus_0042.log

Date and Time: Sat Sep 12 15:32:53 2026
