IQ-TREE multicore version 2.4.0 for MacOS ARM 64-bit built Feb 12 2025
Developed by Bui Quang Minh, Nguyen Lam Tung, Olga Chernomor, Heiko Schmidt,
Dominik Schrempf, Michael Woodhams, Ly Trong Nhan, Thomas Wong

Host:    Fahims-MacBook-Air.local (SSE4.2, 16 GB RAM)
Command: /Users/fahim/miniconda3/envs/cse6406/bin/iqtree2 -s /Users/fahim/CSE6406-project/work/paper_subset_50x10_L1600/ils_high/replicate_07/alignments/L1600/locus_0022.phy -m JC --abayes -T AUTO --seed 7106023 --prefix /Users/fahim/CSE6406-project/work/paper_subset_50x10_L1600/ils_high/replicate_07/estimated_gene_trees/L1600/jc/locus_0022 --redo --quiet
Seed:    7106023 (Using SPRNG - Scalable Parallel Random Number Generator)
Time:    Sat Sep 12 15:21:43 2026
Kernel:  SSE2 - auto-detect threads (10 CPU cores detected)

Reading alignment file /Users/fahim/CSE6406-project/work/paper_subset_50x10_L1600/ils_high/replicate_07/alignments/L1600/locus_0022.phy ... Phylip format detected
Alignment most likely contains DNA/RNA sequences
Alignment has 21 sequences with 1600 columns, 770 distinct patterns
637 parsimony-informative, 175 singleton sites, 788 constant sites
        Gap/Ambiguity  Composition  p-value
Analyzing sequences: done in 3.88622e-05 secs using 133.8% CPU
   1  0_0_0     0.00%    passed     82.11%
   2  18_0_0    0.00%    passed     91.08%
   3  20_0_0    0.00%    passed     38.30%
   4  19_0_0    0.00%    passed     82.88%
   5  1_0_0     0.00%    passed     90.88%
   6  5_0_0     0.00%    passed     81.74%
   7  11_0_0    0.00%    passed     75.39%
   8  9_0_0     0.00%    passed     82.11%
   9  12_0_0    0.00%    passed     52.13%
  10  7_0_0     0.00%    passed     81.17%
  11  15_0_0    0.00%    passed     95.07%
  12  13_0_0    0.00%    passed     15.84%
  13  3_0_0     0.00%    passed     48.37%
  14  8_0_0     0.00%    passed     95.64%
  15  14_0_0    0.00%    passed     40.47%
  16  4_0_0     0.00%    passed     92.26%
  17  6_0_0     0.00%    passed     75.96%
  18  2_0_0     0.00%    passed     94.99%
  19  17_0_0    0.00%    passed     85.45%
  20  10_0_0    0.00%    passed     57.62%
  21  16_0_0    0.00%    passed     84.09%
****  TOTAL     0.00%  0 sequences failed composition chi2 test (p-value<5%; df=3)

Create initial parsimony tree by phylogenetic likelihood library (PLL)... 0.001 seconds

NOTE: 0 MB RAM (0 GB) is required!
Measuring multi-threading efficiency up to 10 CPU cores
Increase to 10 rounds for branch lengths
3254 trees examined
Threads: 1 / Time: 10.002 sec / Speedup: 1.000 / Efficiency: 100% / LogL: -23845
Threads: 2 / Time: 21.612 sec / Speedup: 0.463 / Efficiency: 23% / LogL: -23845
BEST NUMBER OF THREADS: 1

Estimate model parameters (epsilon = 0.100)
1. Initial log-likelihood: -21660.897
Optimal log-likelihood: -21604.938
Rate parameters:  A-C: 1.00000  A-G: 1.00000  A-T: 1.00000  C-G: 1.00000  C-T: 1.00000  G-T: 1.00000
Base frequencies:  A: 0.250  C: 0.250  G: 0.250  T: 0.250
Parameters optimization took 1 rounds (0.001 sec)
Wrote distance file to... 
Computing ML distances based on estimated model parameters...
Calculating distance matrix: done in 0.000485182 secs using 98.93% CPU
Computing ML distances took 0.000531 sec (of wall-clock time) 0.000517 sec (of CPU time)
Setting up auxiliary I and S matrices: done in 1.90735e-05 secs using 73.4% CPU
Computing RapidNJ tree took 0.000072 sec (of wall-clock time) 0.000070 sec (of CPU time)
Log-likelihood of RapidNJ tree: -21709.517
--------------------------------------------------------------------
|             INITIALIZING CANDIDATE TREE SET                      |
--------------------------------------------------------------------
Generating 98 parsimony trees... 0.089 second
Computing log-likelihood of 98 initial trees ... 0.065 seconds
Current best score: -21575.871

Do NNI search on 20 best initial trees
Estimate model parameters (epsilon = 0.100)
BETTER TREE FOUND at iteration 1: -21569.984
Estimate model parameters (epsilon = 0.100)
BETTER TREE FOUND at iteration 2: -21569.006
Iteration 10 / LogL: -21570.095 / Time: 0h:0m:31s
Iteration 20 / LogL: -21587.645 / Time: 0h:0m:31s
Finish initializing candidate tree set (5)
Current best tree score: -21569.006 / CPU time: 0.316
Number of iterations: 20
--------------------------------------------------------------------
|               OPTIMIZING CANDIDATE TREE SET                      |
--------------------------------------------------------------------
Iteration 30 / LogL: -21569.031 / Time: 0h:0m:32s (0h:1m:19s left)
Iteration 40 / LogL: -21569.013 / Time: 0h:0m:32s (0h:0m:51s left)
Iteration 50 / LogL: -21569.031 / Time: 0h:0m:32s (0h:0m:34s left)
Iteration 60 / LogL: -21569.013 / Time: 0h:0m:32s (0h:0m:22s left)
Iteration 70 / LogL: -21579.047 / Time: 0h:0m:32s (0h:0m:15s left)
Iteration 80 / LogL: -21569.014 / Time: 0h:0m:32s (0h:0m:9s left)
Iteration 90 / LogL: -21570.001 / Time: 0h:0m:32s (0h:0m:4s left)
Iteration 100 / LogL: -21571.080 / Time: 0h:0m:32s (0h:0m:0s left)
TREE SEARCH COMPLETED AFTER 103 ITERATIONS / Time: 0h:0m:32s

--------------------------------------------------------------------
|                    FINALIZING TREE SEARCH                        |
--------------------------------------------------------------------
Performs final model parameters optimization
Estimate model parameters (epsilon = 0.010)
1. Initial log-likelihood: -21569.006
Optimal log-likelihood: -21569.006
Rate parameters:  A-C: 1.00000  A-G: 1.00000  A-T: 1.00000  C-G: 1.00000  C-T: 1.00000  G-T: 1.00000
Base frequencies:  A: 0.250  C: 0.250  G: 0.250  T: 0.250
Parameters optimization took 1 rounds (0.001 sec)
BEST SCORE FOUND : -21569.006

Testing tree branches by aBayes parametric test...
0.002 sec.
Total tree length: 3.144

Total number of iterations: 103
CPU time used for tree search: 1.015 sec (0h:0m:1s)
Wall-clock time used for tree search: 1.020 sec (0h:0m:1s)
Total CPU time used: 27.909 sec (0h:0m:27s)
Total wall-clock time used: 32.647 sec (0h:0m:32s)

Analysis results written to: 
  IQ-TREE report:                /Users/fahim/CSE6406-project/work/paper_subset_50x10_L1600/ils_high/replicate_07/estimated_gene_trees/L1600/jc/locus_0022.iqtree
  Maximum-likelihood tree:       /Users/fahim/CSE6406-project/work/paper_subset_50x10_L1600/ils_high/replicate_07/estimated_gene_trees/L1600/jc/locus_0022.treefile
  Likelihood distances:          /Users/fahim/CSE6406-project/work/paper_subset_50x10_L1600/ils_high/replicate_07/estimated_gene_trees/L1600/jc/locus_0022.mldist
  Screen log file:               /Users/fahim/CSE6406-project/work/paper_subset_50x10_L1600/ils_high/replicate_07/estimated_gene_trees/L1600/jc/locus_0022.log

Date and Time: Sat Sep 12 15:22:16 2026
