IQ-TREE multicore version 2.4.0 for Linux x86 64-bit built Feb 12 2025
Developed by Bui Quang Minh, Nguyen Lam Tung, Olga Chernomor, Heiko Schmidt,
Dominik Schrempf, Michael Woodhams, Ly Trong Nhan, Thomas Wong

Host:    ezmata (AVX2, FMA3, 15 GB RAM)
Command: /home/mis/miniconda3/envs/cse6406/bin/iqtree2 -s /home/mis/CSE6406-project/work/paper_subset_50x10_L800/ils_low/replicate_03/alignments/L800/locus_0042.phy -m HKY --abayes -T AUTO --seed 6706043 --prefix /home/mis/CSE6406-project/work/paper_subset_50x10_L800/ils_low/replicate_03/estimated_gene_trees/L800/hky/locus_0042 --redo --quiet
Seed:    6706043 (Using SPRNG - Scalable Parallel Random Number Generator)
Time:    Fri Sep 11 07:40:49 2026
Kernel:  AVX+FMA - auto-detect threads (16 CPU cores detected)

Reading alignment file /home/mis/CSE6406-project/work/paper_subset_50x10_L800/ils_low/replicate_03/alignments/L800/locus_0042.phy ... Phylip format detected
Alignment most likely contains DNA/RNA sequences
Alignment has 21 sequences with 800 columns, 435 distinct patterns
372 parsimony-informative, 84 singleton sites, 344 constant sites
        Gap/Ambiguity  Composition  p-value
Analyzing sequences: done in 1.3019e-05 secs using 192% CPU
   1  20_0_0    0.00%    passed     97.79%
   2  15_0_0    0.00%    passed     62.30%
   3  17_0_0    0.00%    passed     97.61%
   4  4_0_0     0.00%    passed     92.50%
   5  13_0_0    0.00%    passed     85.74%
   6  12_0_0    0.00%    passed     84.29%
   7  19_0_0    0.00%    passed     90.29%
   8  10_0_0    0.00%    passed     94.46%
   9  16_0_0    0.00%    passed     60.89%
  10  8_0_0     0.00%    passed     97.49%
  11  11_0_0    0.00%    passed     97.85%
  12  18_0_0    0.00%    passed     60.72%
  13  9_0_0     0.00%    passed     99.86%
  14  5_0_0     0.00%    passed     87.60%
  15  14_0_0    0.00%    passed     82.61%
  16  7_0_0     0.00%    passed     83.90%
  17  6_0_0     0.00%    passed     82.98%
  18  2_0_0     0.00%    passed     97.46%
  19  1_0_0     0.00%    passed     93.56%
  20  3_0_0     0.00%    passed     94.97%
  21  0_0_0     0.00%    passed     75.98%
****  TOTAL     0.00%  0 sequences failed composition chi2 test (p-value<5%; df=3)

Create initial parsimony tree by phylogenetic likelihood library (PLL)... 0.001 seconds

NOTE: 0 MB RAM (0 GB) is required!
Measuring multi-threading efficiency up to 16 CPU cores
Increase to 10 rounds for branch lengths
5811 trees examined
Threads: 1 / Time: 16.002 sec / Speedup: 1.000 / Efficiency: 100% / LogL: -12842
Threads: 2 / Time: 24.590 sec / Speedup: 0.651 / Efficiency: 33% / LogL: -12842
BEST NUMBER OF THREADS: 1

Estimate model parameters (epsilon = 0.100)
1. Initial log-likelihood: -11764.728
2. Current log-likelihood: -11715.944
Optimal log-likelihood: -11715.846
Rate parameters:  A-C: 1.00000  A-G: 1.34352  A-T: 1.00000  C-G: 1.00000  C-T: 1.34352  G-T: 1.00000
Base frequencies:  A: 0.296  C: 0.215  G: 0.204  T: 0.286
Parameters optimization took 2 rounds (0.003 sec)
Wrote distance file to... 
Computing ML distances based on estimated model parameters...
Calculating distance matrix: done in 0.000429657 secs using 79.37% CPU
Computing ML distances took 0.000461 sec (of wall-clock time) 0.000368 sec (of CPU time)
Setting up auxiliary I and S matrices: done in 2.5554e-05 secs using 78.27% CPU
Computing RapidNJ tree took 0.000100 sec (of wall-clock time) 0.000040 sec (of CPU time)
Log-likelihood of RapidNJ tree: -11760.392
--------------------------------------------------------------------
|             INITIALIZING CANDIDATE TREE SET                      |
--------------------------------------------------------------------
Generating 98 parsimony trees... 0.101 second
Computing log-likelihood of 98 initial trees ... 0.061 seconds
Current best score: -11715.247

Do NNI search on 20 best initial trees
Estimate model parameters (epsilon = 0.100)
BETTER TREE FOUND at iteration 1: -11714.223
Iteration 10 / LogL: -11715.980 / Time: 0h:0m:40s
Iteration 20 / LogL: -11714.266 / Time: 0h:0m:40s
Finish initializing candidate tree set (8)
Current best tree score: -11714.223 / CPU time: 0.270
Number of iterations: 20
--------------------------------------------------------------------
|               OPTIMIZING CANDIDATE TREE SET                      |
--------------------------------------------------------------------
Iteration 30 / LogL: -11716.115 / Time: 0h:0m:40s (0h:1m:40s left)
Iteration 40 / LogL: -11716.263 / Time: 0h:0m:41s (0h:1m:4s left)
Iteration 50 / LogL: -11716.703 / Time: 0h:0m:41s (0h:0m:42s left)
Iteration 60 / LogL: -11718.238 / Time: 0h:0m:41s (0h:0m:28s left)
Iteration 70 / LogL: -11716.170 / Time: 0h:0m:41s (0h:0m:18s left)
Iteration 80 / LogL: -11718.267 / Time: 0h:0m:41s (0h:0m:11s left)
Iteration 90 / LogL: -11714.247 / Time: 0h:0m:41s (0h:0m:5s left)
Iteration 100 / LogL: -11715.986 / Time: 0h:0m:41s (0h:0m:0s left)
TREE SEARCH COMPLETED AFTER 102 ITERATIONS / Time: 0h:0m:41s

--------------------------------------------------------------------
|                    FINALIZING TREE SEARCH                        |
--------------------------------------------------------------------
Performs final model parameters optimization
Estimate model parameters (epsilon = 0.010)
1. Initial log-likelihood: -11714.223
Optimal log-likelihood: -11714.223
Rate parameters:  A-C: 1.00000  A-G: 1.34048  A-T: 1.00000  C-G: 1.00000  C-T: 1.34048  G-T: 1.00000
Base frequencies:  A: 0.296  C: 0.215  G: 0.204  T: 0.286
Parameters optimization took 1 rounds (0.002 sec)
BEST SCORE FOUND : -11714.223

Testing tree branches by aBayes parametric test...
0.002 sec.
Total tree length: 3.703

Total number of iterations: 102
CPU time used for tree search: 0.953 sec (0h:0m:0s)
Wall-clock time used for tree search: 0.976 sec (0h:0m:0s)
Total CPU time used: 42.485 sec (0h:0m:42s)
Total wall-clock time used: 41.584 sec (0h:0m:41s)

Analysis results written to: 
  IQ-TREE report:                /home/mis/CSE6406-project/work/paper_subset_50x10_L800/ils_low/replicate_03/estimated_gene_trees/L800/hky/locus_0042.iqtree
  Maximum-likelihood tree:       /home/mis/CSE6406-project/work/paper_subset_50x10_L800/ils_low/replicate_03/estimated_gene_trees/L800/hky/locus_0042.treefile
  Likelihood distances:          /home/mis/CSE6406-project/work/paper_subset_50x10_L800/ils_low/replicate_03/estimated_gene_trees/L800/hky/locus_0042.mldist
  Screen log file:               /home/mis/CSE6406-project/work/paper_subset_50x10_L800/ils_low/replicate_03/estimated_gene_trees/L800/hky/locus_0042.log

Date and Time: Fri Sep 11 07:41:30 2026
