IQ-TREE multicore version 2.4.0 for Linux x86 64-bit built Feb 12 2025
Developed by Bui Quang Minh, Nguyen Lam Tung, Olga Chernomor, Heiko Schmidt,
Dominik Schrempf, Michael Woodhams, Ly Trong Nhan, Thomas Wong

Host:    ezmata (AVX2, FMA3, 15 GB RAM)
Command: /home/mis/miniconda3/envs/cse6406/bin/iqtree2 -s /home/mis/CSE6406-project/work/paper_subset_50x10_L800/ils_low/replicate_03/alignments/L800/locus_0038.phy -m HKY --abayes -T AUTO --seed 6706039 --prefix /home/mis/CSE6406-project/work/paper_subset_50x10_L800/ils_low/replicate_03/estimated_gene_trees/L800/hky/locus_0038 --redo --quiet
Seed:    6706039 (Using SPRNG - Scalable Parallel Random Number Generator)
Time:    Fri Sep 11 07:38:05 2026
Kernel:  AVX+FMA - auto-detect threads (16 CPU cores detected)

Reading alignment file /home/mis/CSE6406-project/work/paper_subset_50x10_L800/ils_low/replicate_03/alignments/L800/locus_0038.phy ... Phylip format detected
Alignment most likely contains DNA/RNA sequences
Alignment has 21 sequences with 800 columns, 441 distinct patterns
374 parsimony-informative, 85 singleton sites, 341 constant sites
        Gap/Ambiguity  Composition  p-value
Analyzing sequences: done in 0.000102013 secs using 106.8% CPU
   1  0_0_0     0.00%    passed     92.76%
   2  1_0_0     0.00%    passed     78.20%
   3  3_0_0     0.00%    passed     95.83%
   4  2_0_0     0.00%    passed     98.40%
   5  20_0_0    0.00%    passed     96.95%
   6  11_0_0    0.00%    passed     87.08%
   7  8_0_0     0.00%    passed     93.92%
   8  6_0_0     0.00%    passed     73.05%
   9  9_0_0     0.00%    passed     48.24%
  10  7_0_0     0.00%    passed     72.40%
  11  5_0_0     0.00%    passed     51.90%
  12  14_0_0    0.00%    passed     76.35%
  13  18_0_0    0.00%    passed     58.58%
  14  15_0_0    0.00%    passed     65.90%
  15  19_0_0    0.00%    passed     77.30%
  16  10_0_0    0.00%    passed     74.18%
  17  17_0_0    0.00%    passed     87.00%
  18  13_0_0    0.00%    passed     97.35%
  19  4_0_0     0.00%    passed     98.99%
  20  12_0_0    0.00%    passed     42.94%
  21  16_0_0    0.00%    passed     96.86%
****  TOTAL     0.00%  0 sequences failed composition chi2 test (p-value<5%; df=3)

Create initial parsimony tree by phylogenetic likelihood library (PLL)... 0.001 seconds

NOTE: 0 MB RAM (0 GB) is required!
Measuring multi-threading efficiency up to 16 CPU cores
Increase to 10 rounds for branch lengths
5495 trees examined
Threads: 1 / Time: 16.002 sec / Speedup: 1.000 / Efficiency: 100% / LogL: -12974
Threads: 2 / Time: 24.271 sec / Speedup: 0.659 / Efficiency: 33% / LogL: -12974
BEST NUMBER OF THREADS: 1

Estimate model parameters (epsilon = 0.100)
1. Initial log-likelihood: -11527.532
2. Current log-likelihood: -11465.168
3. Current log-likelihood: -11465.046
Optimal log-likelihood: -11465.046
Rate parameters:  A-C: 1.00000  A-G: 1.44806  A-T: 1.00000  C-G: 1.00000  C-T: 1.44806  G-T: 1.00000
Base frequencies:  A: 0.305  C: 0.200  G: 0.193  T: 0.302
Parameters optimization took 3 rounds (0.004 sec)
Wrote distance file to... 
Computing ML distances based on estimated model parameters...
Calculating distance matrix: done in 0.000401358 secs using 79.73% CPU
Computing ML distances took 0.000432 sec (of wall-clock time) 0.000346 sec (of CPU time)
Setting up auxiliary I and S matrices: done in 2.508e-05 secs using 821.4% CPU
Computing RapidNJ tree took 0.000090 sec (of wall-clock time) 0.000259 sec (of CPU time)
Log-likelihood of RapidNJ tree: -11524.420
--------------------------------------------------------------------
|             INITIALIZING CANDIDATE TREE SET                      |
--------------------------------------------------------------------
Generating 98 parsimony trees... 0.082 second
Computing log-likelihood of 98 initial trees ... 0.056 seconds
Current best score: -11465.046

Do NNI search on 20 best initial trees
Estimate model parameters (epsilon = 0.100)
BETTER TREE FOUND at iteration 1: -11462.397
Iteration 10 / LogL: -11475.506 / Time: 0h:0m:40s
Iteration 20 / LogL: -11462.434 / Time: 0h:0m:40s
Finish initializing candidate tree set (6)
Current best tree score: -11462.397 / CPU time: 0.247
Number of iterations: 20
--------------------------------------------------------------------
|               OPTIMIZING CANDIDATE TREE SET                      |
--------------------------------------------------------------------
Iteration 30 / LogL: -11462.434 / Time: 0h:0m:40s (0h:1m:39s left)
Iteration 40 / LogL: -11462.418 / Time: 0h:0m:40s (0h:1m:3s left)
Iteration 50 / LogL: -11464.472 / Time: 0h:0m:40s (0h:0m:42s left)
Iteration 60 / LogL: -11462.468 / Time: 0h:0m:40s (0h:0m:28s left)
Iteration 70 / LogL: -11462.423 / Time: 0h:0m:40s (0h:0m:18s left)
Iteration 80 / LogL: -11464.492 / Time: 0h:0m:41s (0h:0m:10s left)
Iteration 90 / LogL: -11464.485 / Time: 0h:0m:41s (0h:0m:5s left)
Iteration 100 / LogL: -11462.426 / Time: 0h:0m:41s (0h:0m:0s left)
TREE SEARCH COMPLETED AFTER 102 ITERATIONS / Time: 0h:0m:41s

--------------------------------------------------------------------
|                    FINALIZING TREE SEARCH                        |
--------------------------------------------------------------------
Performs final model parameters optimization
Estimate model parameters (epsilon = 0.010)
1. Initial log-likelihood: -11462.397
Optimal log-likelihood: -11462.397
Rate parameters:  A-C: 1.00000  A-G: 1.44620  A-T: 1.00000  C-G: 1.00000  C-T: 1.44620  G-T: 1.00000
Base frequencies:  A: 0.305  C: 0.200  G: 0.193  T: 0.302
Parameters optimization took 1 rounds (0.001 sec)
BEST SCORE FOUND : -11462.397

Testing tree branches by aBayes parametric test...
0.002 sec.
Total tree length: 3.594

Total number of iterations: 102
CPU time used for tree search: 0.882 sec (0h:0m:0s)
Wall-clock time used for tree search: 0.913 sec (0h:0m:0s)
Total CPU time used: 42.057 sec (0h:0m:42s)
Total wall-clock time used: 41.202 sec (0h:0m:41s)

Analysis results written to: 
  IQ-TREE report:                /home/mis/CSE6406-project/work/paper_subset_50x10_L800/ils_low/replicate_03/estimated_gene_trees/L800/hky/locus_0038.iqtree
  Maximum-likelihood tree:       /home/mis/CSE6406-project/work/paper_subset_50x10_L800/ils_low/replicate_03/estimated_gene_trees/L800/hky/locus_0038.treefile
  Likelihood distances:          /home/mis/CSE6406-project/work/paper_subset_50x10_L800/ils_low/replicate_03/estimated_gene_trees/L800/hky/locus_0038.mldist
  Screen log file:               /home/mis/CSE6406-project/work/paper_subset_50x10_L800/ils_low/replicate_03/estimated_gene_trees/L800/hky/locus_0038.log

Date and Time: Fri Sep 11 07:38:46 2026
