IQ-TREE multicore version 2.4.0 for Linux x86 64-bit built Feb 12 2025
Developed by Bui Quang Minh, Nguyen Lam Tung, Olga Chernomor, Heiko Schmidt,
Dominik Schrempf, Michael Woodhams, Ly Trong Nhan, Thomas Wong

Host:    ezmata (AVX2, FMA3, 15 GB RAM)
Command: /home/mis/miniconda3/envs/cse6406/bin/iqtree2 -s /home/mis/CSE6406-project/work/paper_subset_50x10_L800/ils_low/replicate_03/alignments/L800/locus_0008.phy -m HKY --abayes -T AUTO --seed 6706009 --prefix /home/mis/CSE6406-project/work/paper_subset_50x10_L800/ils_low/replicate_03/estimated_gene_trees/L800/hky/locus_0008 --redo --quiet
Seed:    6706009 (Using SPRNG - Scalable Parallel Random Number Generator)
Time:    Fri Sep 11 07:17:04 2026
Kernel:  AVX+FMA - auto-detect threads (16 CPU cores detected)

Reading alignment file /home/mis/CSE6406-project/work/paper_subset_50x10_L800/ils_low/replicate_03/alignments/L800/locus_0008.phy ... Phylip format detected
Alignment most likely contains DNA/RNA sequences
Alignment has 21 sequences with 800 columns, 429 distinct patterns
369 parsimony-informative, 68 singleton sites, 363 constant sites
        Gap/Ambiguity  Composition  p-value
Analyzing sequences: done in 9.7281e-05 secs using 138.8% CPU
   1  20_0_0    0.00%    passed     91.08%
   2  8_0_0     0.00%    passed     90.45%
   3  11_0_0    0.00%    passed     67.13%
   4  17_0_0    0.00%    passed     85.61%
   5  13_0_0    0.00%    passed     68.11%
   6  4_0_0     0.00%    passed     89.75%
   7  12_0_0    0.00%    passed     63.19%
   8  10_0_0    0.00%    passed     99.98%
   9  19_0_0    0.00%    passed     78.63%
  10  15_0_0    0.00%    passed     52.73%
  11  16_0_0    0.00%    passed     67.77%
  12  18_0_0    0.00%    passed     96.30%
  13  5_0_0     0.00%    passed     99.10%
  14  14_0_0    0.00%    passed     73.43%
  15  7_0_0     0.00%    passed     78.83%
  16  9_0_0     0.00%    passed     77.21%
  17  6_0_0     0.00%    passed     70.72%
  18  1_0_0     0.00%    passed     87.66%
  19  3_0_0     0.00%    passed     89.61%
  20  2_0_0     0.00%    passed     83.82%
  21  0_0_0     0.00%    passed     69.50%
****  TOTAL     0.00%  0 sequences failed composition chi2 test (p-value<5%; df=3)

Create initial parsimony tree by phylogenetic likelihood library (PLL)... 0.001 seconds

NOTE: 0 MB RAM (0 GB) is required!
Measuring multi-threading efficiency up to 16 CPU cores
Increase to 10 rounds for branch lengths
6235 trees examined
Threads: 1 / Time: 16.001 sec / Speedup: 1.000 / Efficiency: 100% / LogL: -12890
Threads: 2 / Time: 26.237 sec / Speedup: 0.610 / Efficiency: 30% / LogL: -12890
BEST NUMBER OF THREADS: 1

Estimate model parameters (epsilon = 0.100)
1. Initial log-likelihood: -11483.397
2. Current log-likelihood: -11414.597
Optimal log-likelihood: -11414.527
Rate parameters:  A-C: 1.00000  A-G: 1.33260  A-T: 1.00000  C-G: 1.00000  C-T: 1.33260  G-T: 1.00000
Base frequencies:  A: 0.312  C: 0.194  G: 0.201  T: 0.293
Parameters optimization took 2 rounds (0.003 sec)
Wrote distance file to... 
Computing ML distances based on estimated model parameters...
Calculating distance matrix: done in 0.000475453 secs using 84.55% CPU
Computing ML distances took 0.000508 sec (of wall-clock time) 0.000430 sec (of CPU time)
Setting up auxiliary I and S matrices: done in 2.5445e-05 secs using 98.25% CPU
Computing RapidNJ tree took 0.000114 sec (of wall-clock time) 0.000371 sec (of CPU time)
Log-likelihood of RapidNJ tree: -11429.599
--------------------------------------------------------------------
|             INITIALIZING CANDIDATE TREE SET                      |
--------------------------------------------------------------------
Generating 98 parsimony trees... 0.083 second
Computing log-likelihood of 98 initial trees ... 0.052 seconds
Current best score: -11395.412

Do NNI search on 20 best initial trees
Estimate model parameters (epsilon = 0.100)
BETTER TREE FOUND at iteration 1: -11392.188
Iteration 10 / LogL: -11392.193 / Time: 0h:0m:42s
Iteration 20 / LogL: -11401.759 / Time: 0h:0m:42s
Finish initializing candidate tree set (6)
Current best tree score: -11392.188 / CPU time: 0.263
Number of iterations: 20
--------------------------------------------------------------------
|               OPTIMIZING CANDIDATE TREE SET                      |
--------------------------------------------------------------------
Iteration 30 / LogL: -11392.208 / Time: 0h:0m:42s (0h:1m:44s left)
Iteration 40 / LogL: -11402.596 / Time: 0h:0m:42s (0h:1m:6s left)
Iteration 50 / LogL: -11392.554 / Time: 0h:0m:42s (0h:0m:44s left)
Iteration 60 / LogL: -11392.199 / Time: 0h:0m:42s (0h:0m:29s left)
Iteration 70 / LogL: -11392.213 / Time: 0h:0m:42s (0h:0m:19s left)
Iteration 80 / LogL: -11392.246 / Time: 0h:0m:42s (0h:0m:11s left)
Iteration 90 / LogL: -11392.191 / Time: 0h:0m:43s (0h:0m:5s left)
Iteration 100 / LogL: -11402.588 / Time: 0h:0m:43s (0h:0m:0s left)
TREE SEARCH COMPLETED AFTER 102 ITERATIONS / Time: 0h:0m:43s

--------------------------------------------------------------------
|                    FINALIZING TREE SEARCH                        |
--------------------------------------------------------------------
Performs final model parameters optimization
Estimate model parameters (epsilon = 0.010)
1. Initial log-likelihood: -11392.188
Optimal log-likelihood: -11392.188
Rate parameters:  A-C: 1.00000  A-G: 1.29796  A-T: 1.00000  C-G: 1.00000  C-T: 1.29796  G-T: 1.00000
Base frequencies:  A: 0.312  C: 0.194  G: 0.201  T: 0.293
Parameters optimization took 1 rounds (0.001 sec)
BEST SCORE FOUND : -11392.188

Testing tree branches by aBayes parametric test...
0.002 sec.
Total tree length: 3.574

Total number of iterations: 102
CPU time used for tree search: 0.898 sec (0h:0m:0s)
Wall-clock time used for tree search: 0.912 sec (0h:0m:0s)
Total CPU time used: 44.115 sec (0h:0m:44s)
Total wall-clock time used: 43.166 sec (0h:0m:43s)

Analysis results written to: 
  IQ-TREE report:                /home/mis/CSE6406-project/work/paper_subset_50x10_L800/ils_low/replicate_03/estimated_gene_trees/L800/hky/locus_0008.iqtree
  Maximum-likelihood tree:       /home/mis/CSE6406-project/work/paper_subset_50x10_L800/ils_low/replicate_03/estimated_gene_trees/L800/hky/locus_0008.treefile
  Likelihood distances:          /home/mis/CSE6406-project/work/paper_subset_50x10_L800/ils_low/replicate_03/estimated_gene_trees/L800/hky/locus_0008.mldist
  Screen log file:               /home/mis/CSE6406-project/work/paper_subset_50x10_L800/ils_low/replicate_03/estimated_gene_trees/L800/hky/locus_0008.log

Date and Time: Fri Sep 11 07:17:47 2026
