IQ-TREE multicore version 2.4.0 for MacOS ARM 64-bit built Feb 12 2025
Developed by Bui Quang Minh, Nguyen Lam Tung, Olga Chernomor, Heiko Schmidt,
Dominik Schrempf, Michael Woodhams, Ly Trong Nhan, Thomas Wong

Host:    Fahims-MacBook-Air.local (SSE4.2, 16 GB RAM)
Command: /Users/fahim/miniconda3/envs/cse6406/bin/iqtree2 -s /Users/fahim/CSE6406-project/work/paper_subset_50x10_L1600/ils_low/replicate_06/alignments/L1600/locus_0013.phy -m JC --abayes -T AUTO --seed 7006014 --prefix /Users/fahim/CSE6406-project/work/paper_subset_50x10_L1600/ils_low/replicate_06/estimated_gene_trees/L1600/jc/locus_0013 --redo --quiet
Seed:    7006014 (Using SPRNG - Scalable Parallel Random Number Generator)
Time:    Fri Sep 11 14:04:03 2026
Kernel:  SSE2 - auto-detect threads (10 CPU cores detected)

Reading alignment file /Users/fahim/CSE6406-project/work/paper_subset_50x10_L1600/ils_low/replicate_06/alignments/L1600/locus_0013.phy ... Phylip format detected
Alignment most likely contains DNA/RNA sequences
Alignment has 21 sequences with 1600 columns, 575 distinct patterns
478 parsimony-informative, 145 singleton sites, 977 constant sites
        Gap/Ambiguity  Composition  p-value
Analyzing sequences: done in 4.31538e-05 secs using 95.01% CPU
   1  0_0_0     0.00%    passed     92.66%
   2  9_0_0     0.00%    passed     74.98%
   3  5_0_0     0.00%    passed     98.58%
   4  7_0_0     0.00%    passed     89.52%
   5  1_0_0     0.00%    passed     97.71%
   6  6_0_0     0.00%    passed     92.75%
   7  8_0_0     0.00%    passed     77.27%
   8  4_0_0     0.00%    passed     96.40%
   9  12_0_0    0.00%    passed     84.59%
  10  11_0_0    0.00%    passed     81.88%
  11  14_0_0    0.00%    passed     85.97%
  12  17_0_0    0.00%    passed     78.91%
  13  13_0_0    0.00%    passed     99.07%
  14  15_0_0    0.00%    passed     86.92%
  15  19_0_0    0.00%    passed     96.01%
  16  16_0_0    0.00%    passed     92.38%
  17  10_0_0    0.00%    passed     93.80%
  18  18_0_0    0.00%    passed     77.67%
  19  20_0_0    0.00%    passed     78.62%
  20  2_0_0     0.00%    passed     82.90%
  21  3_0_0     0.00%    passed     89.86%
****  TOTAL     0.00%  0 sequences failed composition chi2 test (p-value<5%; df=3)

Create initial parsimony tree by phylogenetic likelihood library (PLL)... 0.000 seconds

NOTE: 0 MB RAM (0 GB) is required!
Measuring multi-threading efficiency up to 10 CPU cores
Increase to 10 rounds for branch lengths
4820 trees examined
Threads: 1 / Time: 10.002 sec / Speedup: 1.000 / Efficiency: 100% / LogL: -16015
Threads: 2 / Time: 26.104 sec / Speedup: 0.383 / Efficiency: 19% / LogL: -16015
BEST NUMBER OF THREADS: 1

Estimate model parameters (epsilon = 0.100)
1. Initial log-likelihood: -12963.999
Optimal log-likelihood: -12942.480
Rate parameters:  A-C: 1.00000  A-G: 1.00000  A-T: 1.00000  C-G: 1.00000  C-T: 1.00000  G-T: 1.00000
Base frequencies:  A: 0.250  C: 0.250  G: 0.250  T: 0.250
Parameters optimization took 1 rounds (0.001 sec)
Wrote distance file to... 
Computing ML distances based on estimated model parameters...
Calculating distance matrix: done in 0.000468016 secs using 98.93% CPU
Computing ML distances took 0.000506 sec (of wall-clock time) 0.000488 sec (of CPU time)
Setting up auxiliary I and S matrices: done in 1.69277e-05 secs using 70.89% CPU
Computing RapidNJ tree took 0.000063 sec (of wall-clock time) 0.000068 sec (of CPU time)
Log-likelihood of RapidNJ tree: -12953.306
--------------------------------------------------------------------
|             INITIALIZING CANDIDATE TREE SET                      |
--------------------------------------------------------------------
Generating 98 parsimony trees... 0.061 second
Computing log-likelihood of 98 initial trees ... 0.049 seconds
Current best score: -12942.480

Do NNI search on 20 best initial trees
Estimate model parameters (epsilon = 0.100)
BETTER TREE FOUND at iteration 1: -12942.480
Iteration 10 / LogL: -12942.591 / Time: 0h:0m:36s
Iteration 20 / LogL: -12942.501 / Time: 0h:0m:36s
Finish initializing candidate tree set (4)
Current best tree score: -12942.480 / CPU time: 0.208
Number of iterations: 20
--------------------------------------------------------------------
|               OPTIMIZING CANDIDATE TREE SET                      |
--------------------------------------------------------------------
Iteration 30 / LogL: -12945.817 / Time: 0h:0m:36s (0h:1m:29s left)
Iteration 40 / LogL: -12947.965 / Time: 0h:0m:36s (0h:0m:57s left)
Iteration 50 / LogL: -12942.487 / Time: 0h:0m:36s (0h:0m:38s left)
Iteration 60 / LogL: -12945.825 / Time: 0h:0m:36s (0h:0m:25s left)
Iteration 70 / LogL: -12953.493 / Time: 0h:0m:36s (0h:0m:16s left)
Iteration 80 / LogL: -12953.261 / Time: 0h:0m:36s (0h:0m:9s left)
Iteration 90 / LogL: -12942.484 / Time: 0h:0m:36s (0h:0m:4s left)
Iteration 100 / LogL: -12942.481 / Time: 0h:0m:36s (0h:0m:0s left)
TREE SEARCH COMPLETED AFTER 102 ITERATIONS / Time: 0h:0m:36s

--------------------------------------------------------------------
|                    FINALIZING TREE SEARCH                        |
--------------------------------------------------------------------
Performs final model parameters optimization
Estimate model parameters (epsilon = 0.010)
1. Initial log-likelihood: -12942.480
Optimal log-likelihood: -12942.480
Rate parameters:  A-C: 1.00000  A-G: 1.00000  A-T: 1.00000  C-G: 1.00000  C-T: 1.00000  G-T: 1.00000
Base frequencies:  A: 0.250  C: 0.250  G: 0.250  T: 0.250
Parameters optimization took 1 rounds (0.001 sec)
BEST SCORE FOUND : -12942.480

Testing tree branches by aBayes parametric test...
0.002 sec.
Total tree length: 1.414

Total number of iterations: 102
CPU time used for tree search: 0.833 sec (0h:0m:0s)
Wall-clock time used for tree search: 0.836 sec (0h:0m:0s)
Total CPU time used: 29.398 sec (0h:0m:29s)
Total wall-clock time used: 36.954 sec (0h:0m:36s)

Analysis results written to: 
  IQ-TREE report:                /Users/fahim/CSE6406-project/work/paper_subset_50x10_L1600/ils_low/replicate_06/estimated_gene_trees/L1600/jc/locus_0013.iqtree
  Maximum-likelihood tree:       /Users/fahim/CSE6406-project/work/paper_subset_50x10_L1600/ils_low/replicate_06/estimated_gene_trees/L1600/jc/locus_0013.treefile
  Likelihood distances:          /Users/fahim/CSE6406-project/work/paper_subset_50x10_L1600/ils_low/replicate_06/estimated_gene_trees/L1600/jc/locus_0013.mldist
  Screen log file:               /Users/fahim/CSE6406-project/work/paper_subset_50x10_L1600/ils_low/replicate_06/estimated_gene_trees/L1600/jc/locus_0013.log

Date and Time: Fri Sep 11 14:04:40 2026
