IQ-TREE multicore version 2.4.0 for Linux x86 64-bit built Feb 12 2025
Developed by Bui Quang Minh, Nguyen Lam Tung, Olga Chernomor, Heiko Schmidt,
Dominik Schrempf, Michael Woodhams, Ly Trong Nhan, Thomas Wong

Host:    ezmata (AVX2, FMA3, 15 GB RAM)
Command: /home/mis/miniconda3/envs/cse6406/bin/iqtree2 -s /home/mis/CSE6406-project/work/paper_subset_50x10_L800/ils_low/replicate_01/alignments/L800/locus_0037.phy -m JC --abayes -T AUTO --seed 6506038 --prefix /home/mis/CSE6406-project/work/paper_subset_50x10_L800/ils_low/replicate_01/estimated_gene_trees/L800/jc/locus_0037 --redo --quiet
Seed:    6506038 (Using SPRNG - Scalable Parallel Random Number Generator)
Time:    Fri Sep 11 02:37:32 2026
Kernel:  AVX+FMA - auto-detect threads (16 CPU cores detected)

Reading alignment file /home/mis/CSE6406-project/work/paper_subset_50x10_L800/ils_low/replicate_01/alignments/L800/locus_0037.phy ... Phylip format detected
Alignment most likely contains DNA/RNA sequences
Alignment has 21 sequences with 800 columns, 34 distinct patterns
9 parsimony-informative, 23 singleton sites, 768 constant sites
        Gap/Ambiguity  Composition  p-value
Analyzing sequences: done in 0.000201034 secs
   1  0_0_0     0.00%    passed     98.76%
   2  13_0_0    0.00%    passed     99.96%
   3  17_0_0    0.00%    passed     99.97%
   4  15_0_0    0.00%    passed     99.97%
   5  18_0_0    0.00%    passed     99.99%
   6  12_0_0    0.00%    passed     99.99%
   7  6_0_0     0.00%    passed     99.97%
   8  1_0_0     0.00%    passed     99.90%
   9  2_0_0     0.00%    passed     99.90%
  10  3_0_0     0.00%    passed     99.94%
  11  4_0_0     0.00%    passed     99.99%
  12  19_0_0    0.00%    passed     99.97%
  13  7_0_0     0.00%    passed     99.96%
  14  16_0_0    0.00%    passed     99.82%
  15  14_0_0    0.00%    passed     99.94%
  16  8_0_0     0.00%    passed     99.86%
  17  20_0_0    0.00%    passed     99.83%
  18  11_0_0    0.00%    passed     99.61%
  19  9_0_0     0.00%    passed     99.90%
  20  10_0_0    0.00%    passed     99.74%
  21  5_0_0     0.00%    passed     99.99%
****  TOTAL     0.00%  0 sequences failed composition chi2 test (p-value<5%; df=3)
NOTE: 15_0_0 is identical to 17_0_0 but kept for subsequent analysis
NOTE: 5_0_0 is identical to 12_0_0 but kept for subsequent analysis

Create initial parsimony tree by phylogenetic likelihood library (PLL)... 0.000 seconds

NOTE: 0 MB RAM (0 GB) is required!
Measuring multi-threading efficiency up to 16 CPU cores
Increase to 10 rounds for branch lengths
52475 trees examined
Threads: 1 / Time: 16.000 sec / Speedup: 1.000 / Efficiency: 100% / LogL: -1507
Threads: 2 / Time: 32.174 sec / Speedup: 0.497 / Efficiency: 25% / LogL: -1507
BEST NUMBER OF THREADS: 1

Estimate model parameters (epsilon = 0.100)
1. Initial log-likelihood: -1381.274
Optimal log-likelihood: -1381.273
Rate parameters:  A-C: 1.00000  A-G: 1.00000  A-T: 1.00000  C-G: 1.00000  C-T: 1.00000  G-T: 1.00000
Base frequencies:  A: 0.250  C: 0.250  G: 0.250  T: 0.250
Parameters optimization took 1 rounds (0.000 sec)
Wrote distance file to... 
Computing ML distances based on estimated model parameters...
Calculating distance matrix: done in 0.000578484 secs using 84.19% CPU
Computing ML distances took 0.000597 sec (of wall-clock time) 0.000503 sec (of CPU time)
Setting up auxiliary I and S matrices: done in 2.5757e-05 secs using 97.06% CPU
Computing RapidNJ tree took 0.000103 sec (of wall-clock time) 0.000102 sec (of CPU time)
Log-likelihood of RapidNJ tree: -1381.162
--------------------------------------------------------------------
|             INITIALIZING CANDIDATE TREE SET                      |
--------------------------------------------------------------------
Generating 98 parsimony trees... 0.022 second
Computing log-likelihood of 98 initial trees ... 0.016 seconds
Current best score: -1381.162

Do NNI search on 20 best initial trees
Estimate model parameters (epsilon = 0.100)
BETTER TREE FOUND at iteration 1: -1381.162
Iteration 10 / LogL: -1381.273 / Time: 0h:0m:48s
Estimate model parameters (epsilon = 0.100)
BETTER TREE FOUND at iteration 17: -1381.145
Iteration 20 / LogL: -1381.273 / Time: 0h:0m:48s
Finish initializing candidate tree set (20)
Current best tree score: -1381.145 / CPU time: 0.056
Number of iterations: 20
--------------------------------------------------------------------
|               OPTIMIZING CANDIDATE TREE SET                      |
--------------------------------------------------------------------
Iteration 30 / LogL: -1381.149 / Time: 0h:0m:48s (0h:2m:24s left)
Iteration 40 / LogL: -1381.148 / Time: 0h:0m:48s (0h:1m:35s left)
Iteration 50 / LogL: -1381.146 / Time: 0h:0m:48s (0h:1m:6s left)
Iteration 60 / LogL: -1381.146 / Time: 0h:0m:48s (0h:0m:46s left)
Iteration 70 / LogL: -1381.147 / Time: 0h:0m:48s (0h:0m:32s left)
Iteration 80 / LogL: -1381.145 / Time: 0h:0m:48s (0h:0m:22s left)
Iteration 90 / LogL: -1381.277 / Time: 0h:0m:48s (0h:0m:14s left)
BETTER TREE FOUND at iteration 100: -1381.145
Iteration 100 / LogL: -1381.145 / Time: 0h:0m:48s (0h:0m:48s left)
BETTER TREE FOUND at iteration 104: -1381.145
Iteration 110 / LogL: -1381.146 / Time: 0h:0m:48s (0h:0m:41s left)
BETTER TREE FOUND at iteration 120: -1381.145
Iteration 120 / LogL: -1381.145 / Time: 0h:0m:48s (0h:0m:40s left)
Iteration 130 / LogL: -1381.150 / Time: 0h:0m:48s (0h:0m:33s left)
BETTER TREE FOUND at iteration 132: -1381.145
Iteration 140 / LogL: -1394.671 / Time: 0h:0m:48s (0h:0m:32s left)
Iteration 150 / LogL: -1381.276 / Time: 0h:0m:48s (0h:0m:26s left)
Iteration 160 / LogL: -1381.146 / Time: 0h:0m:48s (0h:0m:21s left)
Iteration 170 / LogL: -1381.147 / Time: 0h:0m:48s (0h:0m:17s left)
Iteration 180 / LogL: -1381.147 / Time: 0h:0m:48s (0h:0m:14s left)
Iteration 190 / LogL: -1381.146 / Time: 0h:0m:48s (0h:0m:10s left)
Iteration 200 / LogL: -1381.147 / Time: 0h:0m:48s (0h:0m:7s left)
Iteration 210 / LogL: -1381.150 / Time: 0h:0m:48s (0h:0m:5s left)
Iteration 220 / LogL: -1394.541 / Time: 0h:0m:48s (0h:0m:2s left)
Iteration 230 / LogL: -1381.148 / Time: 0h:0m:48s (0h:0m:0s left)
TREE SEARCH COMPLETED AFTER 233 ITERATIONS / Time: 0h:0m:48s

--------------------------------------------------------------------
|                    FINALIZING TREE SEARCH                        |
--------------------------------------------------------------------
Performs final model parameters optimization
Estimate model parameters (epsilon = 0.010)
1. Initial log-likelihood: -1381.145
Optimal log-likelihood: -1381.145
Rate parameters:  A-C: 1.00000  A-G: 1.00000  A-T: 1.00000  C-G: 1.00000  C-T: 1.00000  G-T: 1.00000
Base frequencies:  A: 0.250  C: 0.250  G: 0.250  T: 0.250
Parameters optimization took 1 rounds (0.000 sec)
BEST SCORE FOUND : -1381.145

Testing tree branches by aBayes parametric test...
0.000 sec.
Total tree length: 0.043

Total number of iterations: 233
CPU time used for tree search: 0.403 sec (0h:0m:0s)
Wall-clock time used for tree search: 0.445 sec (0h:0m:0s)
Total CPU time used: 37.705 sec (0h:0m:37s)
Total wall-clock time used: 48.630 sec (0h:0m:48s)

Analysis results written to: 
  IQ-TREE report:                /home/mis/CSE6406-project/work/paper_subset_50x10_L800/ils_low/replicate_01/estimated_gene_trees/L800/jc/locus_0037.iqtree
  Maximum-likelihood tree:       /home/mis/CSE6406-project/work/paper_subset_50x10_L800/ils_low/replicate_01/estimated_gene_trees/L800/jc/locus_0037.treefile
  Likelihood distances:          /home/mis/CSE6406-project/work/paper_subset_50x10_L800/ils_low/replicate_01/estimated_gene_trees/L800/jc/locus_0037.mldist
  Screen log file:               /home/mis/CSE6406-project/work/paper_subset_50x10_L800/ils_low/replicate_01/estimated_gene_trees/L800/jc/locus_0037.log

Date and Time: Fri Sep 11 02:38:21 2026
