IQ-TREE multicore version 2.4.0 for Linux x86 64-bit built Feb 12 2025
Developed by Bui Quang Minh, Nguyen Lam Tung, Olga Chernomor, Heiko Schmidt,
Dominik Schrempf, Michael Woodhams, Ly Trong Nhan, Thomas Wong

Host:    ezmata (AVX2, FMA3, 15 GB RAM)
Command: /home/mis/miniconda3/envs/cse6406/bin/iqtree2 -s /home/mis/CSE6406-project/work/paper_subset_50x10_L800/ils_high/replicate_01/alignments/L800/locus_0004.phy -m HKY --abayes -T AUTO --seed 6506005 --prefix /home/mis/CSE6406-project/work/paper_subset_50x10_L800/ils_high/replicate_01/estimated_gene_trees/L800/hky/locus_0004 --redo --quiet
Seed:    6506005 (Using SPRNG - Scalable Parallel Random Number Generator)
Time:    Sat Sep 12 18:31:32 2026
Kernel:  AVX+FMA - auto-detect threads (16 CPU cores detected)

Reading alignment file /home/mis/CSE6406-project/work/paper_subset_50x10_L800/ils_high/replicate_01/alignments/L800/locus_0004.phy ... Phylip format detected
Alignment most likely contains DNA/RNA sequences
Alignment has 21 sequences with 800 columns, 52 distinct patterns
10 parsimony-informative, 39 singleton sites, 751 constant sites
        Gap/Ambiguity  Composition  p-value
Analyzing sequences: done in 0.000122951 secs using 43.92% CPU
   1  9_0_0     0.00%    passed     99.67%
   2  10_0_0    0.00%    passed     99.75%
   3  20_0_0    0.00%    passed     99.97%
   4  7_0_0     0.00%    passed     99.98%
   5  11_0_0    0.00%    passed     99.50%
   6  14_0_0    0.00%    passed    100.00%
   7  16_0_0    0.00%    passed     99.75%
   8  19_0_0    0.00%    passed     99.98%
   9  8_0_0     0.00%    passed     99.49%
  10  5_0_0     0.00%    passed     99.24%
  11  1_0_0     0.00%    passed     99.96%
  12  2_0_0     0.00%    passed     99.81%
  13  3_0_0     0.00%    passed     99.60%
  14  6_0_0     0.00%    passed     99.75%
  15  18_0_0    0.00%    passed     99.90%
  16  12_0_0    0.00%    passed     99.61%
  17  13_0_0    0.00%    passed     99.99%
  18  17_0_0    0.00%    passed     99.83%
  19  15_0_0    0.00%    passed     99.98%
  20  4_0_0     0.00%    passed     98.92%
  21  0_0_0     0.00%    passed     99.49%
****  TOTAL     0.00%  0 sequences failed composition chi2 test (p-value<5%; df=3)

Create initial parsimony tree by phylogenetic likelihood library (PLL)... 0.000 seconds

NOTE: 0 MB RAM (0 GB) is required!
Measuring multi-threading efficiency up to 16 CPU cores
Increase to 10 rounds for branch lengths
47361 trees examined
Threads: 1 / Time: 16.000 sec / Speedup: 1.000 / Efficiency: 100% / LogL: -1603
Threads: 2 / Time: 30.749 sec / Speedup: 0.520 / Efficiency: 26% / LogL: -1603
BEST NUMBER OF THREADS: 1

Estimate model parameters (epsilon = 0.100)
1. Initial log-likelihood: -1519.968
2. Current log-likelihood: -1514.203
Optimal log-likelihood: -1514.202
Rate parameters:  A-C: 1.00000  A-G: 2.52123  A-T: 1.00000  C-G: 1.00000  C-T: 2.52123  G-T: 1.00000
Base frequencies:  A: 0.291  C: 0.200  G: 0.190  T: 0.318
Parameters optimization took 2 rounds (0.001 sec)
Wrote distance file to... 
Computing ML distances based on estimated model parameters...
Calculating distance matrix: done in 0.000478763 secs using 69.14% CPU
Computing ML distances took 0.000492 sec (of wall-clock time) 0.000342 sec (of CPU time)
Setting up auxiliary I and S matrices: done in 2.7182e-05 secs using 99.33% CPU
Computing RapidNJ tree took 0.000100 sec (of wall-clock time) 0.000197 sec (of CPU time)
Log-likelihood of RapidNJ tree: -1517.853
--------------------------------------------------------------------
|             INITIALIZING CANDIDATE TREE SET                      |
--------------------------------------------------------------------
Generating 98 parsimony trees... 0.024 second
Computing log-likelihood of 98 initial trees ... 0.019 seconds
Current best score: -1514.202

Do NNI search on 20 best initial trees
Estimate model parameters (epsilon = 0.100)
BETTER TREE FOUND at iteration 1: -1514.202
BETTER TREE FOUND at iteration 2: -1514.202
Iteration 10 / LogL: -1514.202 / Time: 0h:0m:46s
BETTER TREE FOUND at iteration 19: -1514.202
Iteration 20 / LogL: -1514.202 / Time: 0h:0m:46s
Finish initializing candidate tree set (20)
Current best tree score: -1514.202 / CPU time: 0.058
Number of iterations: 20
--------------------------------------------------------------------
|               OPTIMIZING CANDIDATE TREE SET                      |
--------------------------------------------------------------------
Iteration 30 / LogL: -1514.206 / Time: 0h:0m:46s (0h:2m:23s left)
Iteration 40 / LogL: -1521.328 / Time: 0h:0m:46s (0h:1m:34s left)
Iteration 50 / LogL: -1514.205 / Time: 0h:0m:46s (0h:1m:5s left)
Iteration 60 / LogL: -1514.207 / Time: 0h:0m:46s (0h:0m:46s left)
Iteration 70 / LogL: -1514.206 / Time: 0h:0m:46s (0h:0m:33s left)
Iteration 80 / LogL: -1514.202 / Time: 0h:0m:46s (0h:0m:23s left)
Iteration 90 / LogL: -1514.203 / Time: 0h:0m:46s (0h:0m:15s left)
Iteration 100 / LogL: -1514.205 / Time: 0h:0m:46s (0h:0m:9s left)
BETTER TREE FOUND at iteration 107: -1514.202
Iteration 110 / LogL: -1519.952 / Time: 0h:0m:46s (0h:0m:41s left)
Iteration 120 / LogL: -1519.482 / Time: 0h:0m:46s (0h:0m:34s left)
Iteration 130 / LogL: -1514.205 / Time: 0h:0m:47s (0h:0m:28s left)
Iteration 140 / LogL: -1514.205 / Time: 0h:0m:47s (0h:0m:22s left)
Iteration 150 / LogL: -1514.205 / Time: 0h:0m:47s (0h:0m:17s left)
Iteration 160 / LogL: -1514.204 / Time: 0h:0m:47s (0h:0m:13s left)
Iteration 170 / LogL: -1514.204 / Time: 0h:0m:47s (0h:0m:10s left)
Iteration 180 / LogL: -1514.203 / Time: 0h:0m:47s (0h:0m:7s left)
BETTER TREE FOUND at iteration 181: -1514.202
Iteration 190 / LogL: -1514.202 / Time: 0h:0m:47s (0h:0m:22s left)
Iteration 200 / LogL: -1514.202 / Time: 0h:0m:47s (0h:0m:19s left)
BETTER TREE FOUND at iteration 202: -1514.202
Iteration 210 / LogL: -1514.204 / Time: 0h:0m:47s (0h:0m:20s left)
Iteration 220 / LogL: -1514.202 / Time: 0h:0m:47s (0h:0m:17s left)
Iteration 230 / LogL: -1514.202 / Time: 0h:0m:47s (0h:0m:14s left)
Iteration 240 / LogL: -1514.203 / Time: 0h:0m:47s (0h:0m:12s left)
Iteration 250 / LogL: -1514.206 / Time: 0h:0m:47s (0h:0m:9s left)
Iteration 260 / LogL: -1514.202 / Time: 0h:0m:47s (0h:0m:7s left)
Iteration 270 / LogL: -1514.206 / Time: 0h:0m:47s (0h:0m:5s left)
Iteration 280 / LogL: -1542.766 / Time: 0h:0m:47s (0h:0m:3s left)
BETTER TREE FOUND at iteration 289: -1514.202
Iteration 290 / LogL: -1514.204 / Time: 0h:0m:47s (0h:0m:16s left)
Iteration 300 / LogL: -1527.999 / Time: 0h:0m:47s (0h:0m:14s left)
Iteration 310 / LogL: -1514.204 / Time: 0h:0m:47s (0h:0m:12s left)
Iteration 320 / LogL: -1514.204 / Time: 0h:0m:47s (0h:0m:10s left)
Iteration 330 / LogL: -1514.207 / Time: 0h:0m:47s (0h:0m:8s left)
Iteration 340 / LogL: -1514.205 / Time: 0h:0m:47s (0h:0m:6s left)
Iteration 350 / LogL: -1520.375 / Time: 0h:0m:47s (0h:0m:5s left)
Iteration 360 / LogL: -1514.203 / Time: 0h:0m:47s (0h:0m:3s left)
BETTER TREE FOUND at iteration 363: -1514.202
Iteration 370 / LogL: -1514.202 / Time: 0h:0m:47s (0h:0m:11s left)
Iteration 380 / LogL: -1519.954 / Time: 0h:0m:47s (0h:0m:10s left)
Iteration 390 / LogL: -1514.207 / Time: 0h:0m:47s (0h:0m:8s left)
Iteration 400 / LogL: -1523.597 / Time: 0h:0m:47s (0h:0m:7s left)
Iteration 410 / LogL: -1514.205 / Time: 0h:0m:47s (0h:0m:6s left)
Iteration 420 / LogL: -1514.202 / Time: 0h:0m:47s (0h:0m:4s left)
Iteration 430 / LogL: -1514.204 / Time: 0h:0m:47s (0h:0m:3s left)
Iteration 440 / LogL: -1514.202 / Time: 0h:0m:47s (0h:0m:2s left)
Iteration 450 / LogL: -1523.595 / Time: 0h:0m:47s (0h:0m:1s left)
Iteration 460 / LogL: -1514.206 / Time: 0h:0m:47s (0h:0m:0s left)
TREE SEARCH COMPLETED AFTER 464 ITERATIONS / Time: 0h:0m:47s

--------------------------------------------------------------------
|                    FINALIZING TREE SEARCH                        |
--------------------------------------------------------------------
Performs final model parameters optimization
Estimate model parameters (epsilon = 0.010)
1. Initial log-likelihood: -1514.202
Optimal log-likelihood: -1514.202
Rate parameters:  A-C: 1.00000  A-G: 2.52119  A-T: 1.00000  C-G: 1.00000  C-T: 2.52119  G-T: 1.00000
Base frequencies:  A: 0.291  C: 0.200  G: 0.190  T: 0.318
Parameters optimization took 1 rounds (0.001 sec)
BEST SCORE FOUND : -1514.202

Testing tree branches by aBayes parametric test...
0.001 sec.
Total tree length: 0.069

Total number of iterations: 464
CPU time used for tree search: 0.756 sec (0h:0m:0s)
Wall-clock time used for tree search: 0.820 sec (0h:0m:0s)
Total CPU time used: 39.005 sec (0h:0m:39s)
Total wall-clock time used: 47.582 sec (0h:0m:47s)

Analysis results written to: 
  IQ-TREE report:                /home/mis/CSE6406-project/work/paper_subset_50x10_L800/ils_high/replicate_01/estimated_gene_trees/L800/hky/locus_0004.iqtree
  Maximum-likelihood tree:       /home/mis/CSE6406-project/work/paper_subset_50x10_L800/ils_high/replicate_01/estimated_gene_trees/L800/hky/locus_0004.treefile
  Likelihood distances:          /home/mis/CSE6406-project/work/paper_subset_50x10_L800/ils_high/replicate_01/estimated_gene_trees/L800/hky/locus_0004.mldist
  Screen log file:               /home/mis/CSE6406-project/work/paper_subset_50x10_L800/ils_high/replicate_01/estimated_gene_trees/L800/hky/locus_0004.log

Date and Time: Sat Sep 12 18:32:20 2026
