IQ-TREE multicore version 2.4.0 for Linux x86 64-bit built Feb 12 2025
Developed by Bui Quang Minh, Nguyen Lam Tung, Olga Chernomor, Heiko Schmidt,
Dominik Schrempf, Michael Woodhams, Ly Trong Nhan, Thomas Wong

Host:    ezmata (AVX2, FMA3, 15 GB RAM)
Command: /home/mis/miniconda3/envs/cse6406/bin/iqtree2 -s /home/mis/CSE6406-project/work/paper_subset_50x10_L200/ils_low/replicate_08/alignments/L200/locus_0006.phy -m GTR+G4 --abayes -T 1 --seed 7206007 --prefix /home/mis/CSE6406-project/work/paper_subset_50x10_L200/ils_low/replicate_08/estimated_gene_trees/L200/gtr_g4/locus_0006 --redo --quiet
Seed:    7206007 (Using SPRNG - Scalable Parallel Random Number Generator)
Time:    Sat Sep 12 21:36:06 2026
Kernel:  AVX+FMA - 1 threads (16 CPU cores detected)

HINT: Use -nt option to specify number of threads because your CPU has 16 cores!
HINT: -nt AUTO will automatically determine the best number of threads to use.

Reading alignment file /home/mis/CSE6406-project/work/paper_subset_50x10_L200/ils_low/replicate_08/alignments/L200/locus_0006.phy ... Phylip format detected
Alignment most likely contains DNA/RNA sequences
Alignment has 21 sequences with 200 columns, 116 distinct patterns
88 parsimony-informative, 26 singleton sites, 86 constant sites
        Gap/Ambiguity  Composition  p-value
Analyzing sequences: done in 1.7489e-05 secs using 91.49% CPU
   1  0_0_0     0.00%    passed     37.89%
   2  3_0_0     0.00%    passed     77.11%
   3  7_0_0     0.00%    passed     74.97%
   4  20_0_0    0.00%    passed     89.74%
   5  17_0_0    0.00%    passed     53.14%
   6  2_0_0     0.00%    passed     85.42%
   7  19_0_0    0.00%    passed     80.23%
   8  18_0_0    0.00%    passed     95.04%
   9  8_0_0     0.00%    passed     90.44%
  10  15_0_0    0.00%    passed     87.30%
  11  12_0_0    0.00%    passed     72.62%
  12  16_0_0    0.00%    passed     93.65%
  13  6_0_0     0.00%    passed     93.34%
  14  14_0_0    0.00%    passed     73.01%
  15  4_0_0     0.00%    passed     86.46%
  16  10_0_0    0.00%    passed     94.46%
  17  5_0_0     0.00%    passed     99.60%
  18  11_0_0    0.00%    passed     74.55%
  19  13_0_0    0.00%    passed     82.65%
  20  9_0_0     0.00%    passed     78.11%
  21  1_0_0     0.00%    passed     95.71%
****  TOTAL     0.00%  0 sequences failed composition chi2 test (p-value<5%; df=3)

Create initial parsimony tree by phylogenetic likelihood library (PLL)... 0.001 seconds

NOTE: 0 MB RAM (0 GB) is required!
Estimate model parameters (epsilon = 0.100)
1. Initial log-likelihood: -2417.243
2. Current log-likelihood: -2315.836
3. Current log-likelihood: -2303.851
4. Current log-likelihood: -2302.766
Optimal log-likelihood: -2302.668
Rate parameters:  A-C: 0.72921  A-G: 1.17861  A-T: 0.61862  C-G: 0.79557  C-T: 0.96881  G-T: 1.00000
Base frequencies:  A: 0.269  C: 0.215  G: 0.217  T: 0.300
Gamma shape alpha: 0.203
Parameters optimization took 4 rounds (0.045 sec)
Wrote distance file to... 
Computing ML distances based on estimated model parameters...
Calculating distance matrix: done in 0.00197763 secs using 99.36% CPU
Computing ML distances took 0.002009 sec (of wall-clock time) 0.001996 sec (of CPU time)
Setting up auxiliary I and S matrices: done in 6.5551e-05 secs
Computing RapidNJ tree took 0.000269 sec (of wall-clock time) 0.000000 sec (of CPU time)
Log-likelihood of RapidNJ tree: -2315.199
--------------------------------------------------------------------
|             INITIALIZING CANDIDATE TREE SET                      |
--------------------------------------------------------------------
Generating 98 parsimony trees... 0.090 second
Computing log-likelihood of 98 initial trees ... 0.096 seconds
Current best score: -2302.668

Do NNI search on 20 best initial trees
Estimate model parameters (epsilon = 0.100)
BETTER TREE FOUND at iteration 1: -2302.655
Estimate model parameters (epsilon = 0.100)
BETTER TREE FOUND at iteration 2: -2301.496
Estimate model parameters (epsilon = 0.100)
BETTER TREE FOUND at iteration 6: -2298.127
BETTER TREE FOUND at iteration 7: -2298.127
UPDATE BEST LOG-LIKELIHOOD: -2298.127
Iteration 10 / LogL: -2302.782 / Time: 0h:0m:0s
Iteration 20 / LogL: -2302.635 / Time: 0h:0m:0s
Finish initializing candidate tree set (14)
Current best tree score: -2298.127 / CPU time: 0.593
Number of iterations: 20
--------------------------------------------------------------------
|               OPTIMIZING CANDIDATE TREE SET                      |
--------------------------------------------------------------------
Iteration 30 / LogL: -2298.127 / Time: 0h:0m:0s (0h:0m:2s left)
Iteration 40 / LogL: -2298.432 / Time: 0h:0m:1s (0h:0m:1s left)
UPDATE BEST LOG-LIKELIHOOD: -2298.127
Iteration 50 / LogL: -2298.128 / Time: 0h:0m:1s (0h:0m:1s left)
Iteration 60 / LogL: -2298.127 / Time: 0h:0m:1s (0h:0m:1s left)
UPDATE BEST LOG-LIKELIHOOD: -2298.127
Iteration 70 / LogL: -2298.432 / Time: 0h:0m:1s (0h:0m:0s left)
Iteration 80 / LogL: -2298.127 / Time: 0h:0m:1s (0h:0m:0s left)
Iteration 90 / LogL: -2298.127 / Time: 0h:0m:2s (0h:0m:0s left)
Iteration 100 / LogL: -2298.127 / Time: 0h:0m:2s (0h:0m:0s left)
TREE SEARCH COMPLETED AFTER 108 ITERATIONS / Time: 0h:0m:2s

--------------------------------------------------------------------
|                    FINALIZING TREE SEARCH                        |
--------------------------------------------------------------------
Performs final model parameters optimization
Estimate model parameters (epsilon = 0.010)
1. Initial log-likelihood: -2298.127
Optimal log-likelihood: -2298.126
Rate parameters:  A-C: 0.74875  A-G: 1.17215  A-T: 0.65220  C-G: 0.76425  C-T: 0.98687  G-T: 1.00000
Base frequencies:  A: 0.269  C: 0.215  G: 0.217  T: 0.300
Gamma shape alpha: 0.194
Parameters optimization took 1 rounds (0.003 sec)
BEST SCORE FOUND : -2298.126

Testing tree branches by aBayes parametric test...
0.003 sec.
Total tree length: 7.511

Total number of iterations: 108
CPU time used for tree search: 2.397 sec (0h:0m:2s)
Wall-clock time used for tree search: 2.533 sec (0h:0m:2s)
Total CPU time used: 2.465 sec (0h:0m:2s)
Total wall-clock time used: 2.603 sec (0h:0m:2s)

Analysis results written to: 
  IQ-TREE report:                /home/mis/CSE6406-project/work/paper_subset_50x10_L200/ils_low/replicate_08/estimated_gene_trees/L200/gtr_g4/locus_0006.iqtree
  Maximum-likelihood tree:       /home/mis/CSE6406-project/work/paper_subset_50x10_L200/ils_low/replicate_08/estimated_gene_trees/L200/gtr_g4/locus_0006.treefile
  Likelihood distances:          /home/mis/CSE6406-project/work/paper_subset_50x10_L200/ils_low/replicate_08/estimated_gene_trees/L200/gtr_g4/locus_0006.mldist
  Screen log file:               /home/mis/CSE6406-project/work/paper_subset_50x10_L200/ils_low/replicate_08/estimated_gene_trees/L200/gtr_g4/locus_0006.log

Date and Time: Sat Sep 12 21:36:09 2026
