IQ-TREE multicore version 2.4.0 for Linux x86 64-bit built Feb 12 2025
Developed by Bui Quang Minh, Nguyen Lam Tung, Olga Chernomor, Heiko Schmidt,
Dominik Schrempf, Michael Woodhams, Ly Trong Nhan, Thomas Wong

Host:    ezmata (AVX2, FMA3, 15 GB RAM)
Command: /home/mis/miniconda3/envs/cse6406/bin/iqtree2 -s /home/mis/CSE6406-project/work/paper_subset_50x10_L200/ils_low/replicate_08/alignments/L200/locus_0009.phy -m GTR+G4 --abayes -T 1 --seed 7206010 --prefix /home/mis/CSE6406-project/work/paper_subset_50x10_L200/ils_low/replicate_08/estimated_gene_trees/L200/gtr_g4/locus_0009 --redo --quiet
Seed:    7206010 (Using SPRNG - Scalable Parallel Random Number Generator)
Time:    Sat Sep 12 21:36:09 2026
Kernel:  AVX+FMA - 1 threads (16 CPU cores detected)

HINT: Use -nt option to specify number of threads because your CPU has 16 cores!
HINT: -nt AUTO will automatically determine the best number of threads to use.

Reading alignment file /home/mis/CSE6406-project/work/paper_subset_50x10_L200/ils_low/replicate_08/alignments/L200/locus_0009.phy ... Phylip format detected
Alignment most likely contains DNA/RNA sequences
Alignment has 21 sequences with 200 columns, 108 distinct patterns
82 parsimony-informative, 24 singleton sites, 94 constant sites
        Gap/Ambiguity  Composition  p-value
Analyzing sequences: done in 1.0402e-05 secs using 28.84% CPU
   1  1_0_0     0.00%    passed     77.43%
   2  6_0_0     0.00%    passed     70.98%
   3  14_0_0    0.00%    passed     77.34%
   4  4_0_0     0.00%    passed     47.30%
   5  9_0_0     0.00%    passed     95.28%
   6  13_0_0    0.00%    passed     90.60%
   7  11_0_0    0.00%    passed     62.68%
   8  5_0_0     0.00%    passed     67.81%
   9  10_0_0    0.00%    passed     80.12%
  10  16_0_0    0.00%    passed     95.74%
  11  12_0_0    0.00%    passed     60.61%
  12  3_0_0     0.00%    passed     34.88%
  13  7_0_0     0.00%    passed     63.55%
  14  19_0_0    0.00%    passed     82.42%
  15  17_0_0    0.00%    passed     87.35%
  16  2_0_0     0.00%    passed     92.77%
  17  18_0_0    0.00%    passed     84.92%
  18  8_0_0     0.00%    passed     60.61%
  19  20_0_0    0.00%    passed     95.56%
  20  15_0_0    0.00%    passed     86.23%
  21  0_0_0     0.00%    passed     55.00%
****  TOTAL     0.00%  0 sequences failed composition chi2 test (p-value<5%; df=3)

Create initial parsimony tree by phylogenetic likelihood library (PLL)... 0.001 seconds

NOTE: 0 MB RAM (0 GB) is required!
Estimate model parameters (epsilon = 0.100)
1. Initial log-likelihood: -2177.978
2. Current log-likelihood: -2070.260
3. Current log-likelihood: -2054.844
4. Current log-likelihood: -2053.737
Optimal log-likelihood: -2053.649
Rate parameters:  A-C: 0.73300  A-G: 1.46242  A-T: 0.95421  C-G: 1.06442  C-T: 1.92927  G-T: 1.00000
Base frequencies:  A: 0.321  C: 0.165  G: 0.204  T: 0.310
Gamma shape alpha: 0.193
Parameters optimization took 4 rounds (0.027 sec)
Wrote distance file to... 
Computing ML distances based on estimated model parameters...
Calculating distance matrix: done in 0.00196187 secs using 98.02% CPU
Computing ML distances took 0.002003 sec (of wall-clock time) 0.001965 sec (of CPU time)
Setting up auxiliary I and S matrices: done in 8.2029e-05 secs using 223.1% CPU
Computing RapidNJ tree took 0.000296 sec (of wall-clock time) 0.000565 sec (of CPU time)
Log-likelihood of RapidNJ tree: -2059.866
--------------------------------------------------------------------
|             INITIALIZING CANDIDATE TREE SET                      |
--------------------------------------------------------------------
Generating 98 parsimony trees... 0.094 second
Computing log-likelihood of 98 initial trees ... 0.090 seconds
Current best score: -2042.684

Do NNI search on 20 best initial trees
Estimate model parameters (epsilon = 0.100)
BETTER TREE FOUND at iteration 1: -2036.839
UPDATE BEST LOG-LIKELIHOOD: -2036.836
UPDATE BEST LOG-LIKELIHOOD: -2036.831
Iteration 10 / LogL: -2036.871 / Time: 0h:0m:0s
UPDATE BEST LOG-LIKELIHOOD: -2036.830
UPDATE BEST LOG-LIKELIHOOD: -2036.828
Iteration 20 / LogL: -2037.106 / Time: 0h:0m:0s
Finish initializing candidate tree set (3)
Current best tree score: -2036.828 / CPU time: 0.516
Number of iterations: 20
--------------------------------------------------------------------
|               OPTIMIZING CANDIDATE TREE SET                      |
--------------------------------------------------------------------
UPDATE BEST LOG-LIKELIHOOD: -2036.822
UPDATE BEST LOG-LIKELIHOOD: -2036.821
UPDATE BEST LOG-LIKELIHOOD: -2036.821
UPDATE BEST LOG-LIKELIHOOD: -2036.821
Iteration 30 / LogL: -2036.821 / Time: 0h:0m:0s (0h:0m:1s left)
Iteration 40 / LogL: -2038.978 / Time: 0h:0m:0s (0h:0m:1s left)
UPDATE BEST LOG-LIKELIHOOD: -2036.821
Iteration 50 / LogL: -2037.106 / Time: 0h:0m:1s (0h:0m:1s left)
Iteration 60 / LogL: -2036.821 / Time: 0h:0m:1s (0h:0m:0s left)
UPDATE BEST LOG-LIKELIHOOD: -2036.820
Iteration 70 / LogL: -2039.852 / Time: 0h:0m:1s (0h:0m:0s left)
Iteration 80 / LogL: -2036.822 / Time: 0h:0m:1s (0h:0m:0s left)
Iteration 90 / LogL: -2036.823 / Time: 0h:0m:1s (0h:0m:0s left)
Iteration 100 / LogL: -2036.837 / Time: 0h:0m:1s (0h:0m:0s left)
TREE SEARCH COMPLETED AFTER 102 ITERATIONS / Time: 0h:0m:1s

--------------------------------------------------------------------
|                    FINALIZING TREE SEARCH                        |
--------------------------------------------------------------------
Performs final model parameters optimization
Estimate model parameters (epsilon = 0.010)
1. Initial log-likelihood: -2036.820
Optimal log-likelihood: -2036.814
Rate parameters:  A-C: 0.79195  A-G: 1.57963  A-T: 0.96777  C-G: 1.16083  C-T: 1.86306  G-T: 1.00000
Base frequencies:  A: 0.321  C: 0.165  G: 0.204  T: 0.310
Gamma shape alpha: 0.179
Parameters optimization took 1 rounds (0.003 sec)
BEST SCORE FOUND : -2036.814

Testing tree branches by aBayes parametric test...
0.003 sec.
Total tree length: 7.313

Total number of iterations: 102
CPU time used for tree search: 1.793 sec (0h:0m:1s)
Wall-clock time used for tree search: 1.896 sec (0h:0m:1s)
Total CPU time used: 1.843 sec (0h:0m:1s)
Total wall-clock time used: 1.947 sec (0h:0m:1s)

Analysis results written to: 
  IQ-TREE report:                /home/mis/CSE6406-project/work/paper_subset_50x10_L200/ils_low/replicate_08/estimated_gene_trees/L200/gtr_g4/locus_0009.iqtree
  Maximum-likelihood tree:       /home/mis/CSE6406-project/work/paper_subset_50x10_L200/ils_low/replicate_08/estimated_gene_trees/L200/gtr_g4/locus_0009.treefile
  Likelihood distances:          /home/mis/CSE6406-project/work/paper_subset_50x10_L200/ils_low/replicate_08/estimated_gene_trees/L200/gtr_g4/locus_0009.mldist
  Screen log file:               /home/mis/CSE6406-project/work/paper_subset_50x10_L200/ils_low/replicate_08/estimated_gene_trees/L200/gtr_g4/locus_0009.log

Date and Time: Sat Sep 12 21:36:11 2026
