IQ-TREE multicore version 2.4.0 for Linux x86 64-bit built Feb 12 2025
Developed by Bui Quang Minh, Nguyen Lam Tung, Olga Chernomor, Heiko Schmidt,
Dominik Schrempf, Michael Woodhams, Ly Trong Nhan, Thomas Wong

Host:    ezmata (AVX2, FMA3, 15 GB RAM)
Command: /home/mis/miniconda3/envs/cse6406/bin/iqtree2 -s /home/mis/CSE6406-project/work/paper_subset_50x10_L200/ils_low/replicate_08/alignments/L200/locus_0011.phy -m GTR+G4 --abayes -T 1 --seed 7206012 --prefix /home/mis/CSE6406-project/work/paper_subset_50x10_L200/ils_low/replicate_08/estimated_gene_trees/L200/gtr_g4/locus_0011 --redo --quiet
Seed:    7206012 (Using SPRNG - Scalable Parallel Random Number Generator)
Time:    Sat Sep 12 21:36:09 2026
Kernel:  AVX+FMA - 1 threads (16 CPU cores detected)

HINT: Use -nt option to specify number of threads because your CPU has 16 cores!
HINT: -nt AUTO will automatically determine the best number of threads to use.

Reading alignment file /home/mis/CSE6406-project/work/paper_subset_50x10_L200/ils_low/replicate_08/alignments/L200/locus_0011.phy ... Phylip format detected
Alignment most likely contains DNA/RNA sequences
Alignment has 21 sequences with 200 columns, 96 distinct patterns
80 parsimony-informative, 13 singleton sites, 107 constant sites
        Gap/Ambiguity  Composition  p-value
Analyzing sequences: done in 1.794e-05 secs
   1  0_0_0     0.00%    passed     87.70%
   2  15_0_0    0.00%    passed     97.86%
   3  20_0_0    0.00%    passed     93.90%
   4  2_0_0     0.00%    passed     94.41%
   5  17_0_0    0.00%    passed     95.77%
   6  19_0_0    0.00%    passed     94.03%
   7  18_0_0    0.00%    passed     95.65%
   8  8_0_0     0.00%    passed     86.72%
   9  7_0_0     0.00%    passed     99.88%
  10  3_0_0     0.00%    passed     61.69%
  11  12_0_0    0.00%    passed     54.73%
  12  16_0_0    0.00%    passed     84.67%
  13  10_0_0    0.00%    passed     98.44%
  14  5_0_0     0.00%    passed     85.79%
  15  13_0_0    0.00%    passed     86.59%
  16  11_0_0    0.00%    passed     93.81%
  17  9_0_0     0.00%    passed     39.81%
  18  6_0_0     0.00%    passed     95.42%
  19  14_0_0    0.00%    passed     95.17%
  20  4_0_0     0.00%    passed     93.22%
  21  1_0_0     0.00%    passed     20.29%
****  TOTAL     0.00%  0 sequences failed composition chi2 test (p-value<5%; df=3)

Create initial parsimony tree by phylogenetic likelihood library (PLL)... 0.001 seconds

NOTE: 0 MB RAM (0 GB) is required!
Estimate model parameters (epsilon = 0.100)
1. Initial log-likelihood: -2093.972
2. Current log-likelihood: -1963.840
3. Current log-likelihood: -1944.475
4. Current log-likelihood: -1942.472
5. Current log-likelihood: -1942.100
Optimal log-likelihood: -1942.021
Rate parameters:  A-C: 0.82226  A-G: 1.76604  A-T: 0.78297  C-G: 1.09541  C-T: 1.50555  G-T: 1.00000
Base frequencies:  A: 0.295  C: 0.208  G: 0.192  T: 0.305
Gamma shape alpha: 0.166
Parameters optimization took 5 rounds (0.056 sec)
Wrote distance file to... 
Computing ML distances based on estimated model parameters...
Calculating distance matrix: done in 0.00284033 secs using 99.95% CPU
Computing ML distances took 0.002896 sec (of wall-clock time) 0.002901 sec (of CPU time)
Setting up auxiliary I and S matrices: done in 6.1093e-05 secs using 98.21% CPU
Computing RapidNJ tree took 0.000236 sec (of wall-clock time) 0.000235 sec (of CPU time)
Log-likelihood of RapidNJ tree: -1951.266
--------------------------------------------------------------------
|             INITIALIZING CANDIDATE TREE SET                      |
--------------------------------------------------------------------
Generating 98 parsimony trees... 0.106 second
Computing log-likelihood of 98 initial trees ... 0.170 seconds
Current best score: -1942.021

Do NNI search on 20 best initial trees
Estimate model parameters (epsilon = 0.100)
BETTER TREE FOUND at iteration 1: -1939.282
Estimate model parameters (epsilon = 0.100)
BETTER TREE FOUND at iteration 2: -1937.771
UPDATE BEST LOG-LIKELIHOOD: -1937.771
Estimate model parameters (epsilon = 0.100)
BETTER TREE FOUND at iteration 4: -1936.806
Iteration 10 / LogL: -1936.806 / Time: 0h:0m:0s
UPDATE BEST LOG-LIKELIHOOD: -1936.806
UPDATE BEST LOG-LIKELIHOOD: -1936.806
Iteration 20 / LogL: -1940.997 / Time: 0h:0m:1s
Finish initializing candidate tree set (10)
Current best tree score: -1936.806 / CPU time: 1.141
Number of iterations: 20
--------------------------------------------------------------------
|               OPTIMIZING CANDIDATE TREE SET                      |
--------------------------------------------------------------------
UPDATE BEST LOG-LIKELIHOOD: -1936.806
Iteration 30 / LogL: -1936.806 / Time: 0h:0m:1s (0h:0m:4s left)
Iteration 40 / LogL: -1936.806 / Time: 0h:0m:2s (0h:0m:3s left)
Iteration 50 / LogL: -1936.806 / Time: 0h:0m:2s (0h:0m:2s left)
Iteration 60 / LogL: -1936.806 / Time: 0h:0m:2s (0h:0m:2s left)
UPDATE BEST LOG-LIKELIHOOD: -1936.806
Iteration 70 / LogL: -1936.806 / Time: 0h:0m:3s (0h:0m:1s left)
UPDATE BEST LOG-LIKELIHOOD: -1936.806
Iteration 80 / LogL: -1936.806 / Time: 0h:0m:3s (0h:0m:1s left)
Iteration 90 / LogL: -1936.806 / Time: 0h:0m:3s (0h:0m:0s left)
Iteration 100 / LogL: -1936.806 / Time: 0h:0m:4s (0h:0m:0s left)
TREE SEARCH COMPLETED AFTER 105 ITERATIONS / Time: 0h:0m:4s

--------------------------------------------------------------------
|                    FINALIZING TREE SEARCH                        |
--------------------------------------------------------------------
Performs final model parameters optimization
Estimate model parameters (epsilon = 0.010)
1. Initial log-likelihood: -1936.806
Optimal log-likelihood: -1936.805
Rate parameters:  A-C: 0.92060  A-G: 1.84082  A-T: 0.76122  C-G: 1.15832  C-T: 1.60000  G-T: 1.00000
Base frequencies:  A: 0.295  C: 0.208  G: 0.192  T: 0.305
Gamma shape alpha: 0.165
Parameters optimization took 1 rounds (0.002 sec)
BEST SCORE FOUND : -1936.805

Testing tree branches by aBayes parametric test...
0.003 sec.
Total tree length: 8.179

Total number of iterations: 105
CPU time used for tree search: 3.820 sec (0h:0m:3s)
Wall-clock time used for tree search: 4.005 sec (0h:0m:4s)
Total CPU time used: 3.905 sec (0h:0m:3s)
Total wall-clock time used: 4.091 sec (0h:0m:4s)

Analysis results written to: 
  IQ-TREE report:                /home/mis/CSE6406-project/work/paper_subset_50x10_L200/ils_low/replicate_08/estimated_gene_trees/L200/gtr_g4/locus_0011.iqtree
  Maximum-likelihood tree:       /home/mis/CSE6406-project/work/paper_subset_50x10_L200/ils_low/replicate_08/estimated_gene_trees/L200/gtr_g4/locus_0011.treefile
  Likelihood distances:          /home/mis/CSE6406-project/work/paper_subset_50x10_L200/ils_low/replicate_08/estimated_gene_trees/L200/gtr_g4/locus_0011.mldist
  Screen log file:               /home/mis/CSE6406-project/work/paper_subset_50x10_L200/ils_low/replicate_08/estimated_gene_trees/L200/gtr_g4/locus_0011.log

Date and Time: Sat Sep 12 21:36:13 2026
