IQ-TREE multicore version 2.4.0 for Linux x86 64-bit built Feb 12 2025
Developed by Bui Quang Minh, Nguyen Lam Tung, Olga Chernomor, Heiko Schmidt,
Dominik Schrempf, Michael Woodhams, Ly Trong Nhan, Thomas Wong

Host:    ezmata (AVX2, FMA3, 15 GB RAM)
Command: /home/mis/miniconda3/envs/cse6406/bin/iqtree2 -s /home/mis/CSE6406-project/work/paper_subset_50x10_L200/ils_low/replicate_08/alignments/L200/locus_0048.phy -m GTR+G4 --abayes -T 1 --seed 7206049 --prefix /home/mis/CSE6406-project/work/paper_subset_50x10_L200/ils_low/replicate_08/estimated_gene_trees/L200/gtr_g4/locus_0048 --redo --quiet
Seed:    7206049 (Using SPRNG - Scalable Parallel Random Number Generator)
Time:    Sat Sep 12 21:36:25 2026
Kernel:  AVX+FMA - 1 threads (16 CPU cores detected)

HINT: Use -nt option to specify number of threads because your CPU has 16 cores!
HINT: -nt AUTO will automatically determine the best number of threads to use.

Reading alignment file /home/mis/CSE6406-project/work/paper_subset_50x10_L200/ils_low/replicate_08/alignments/L200/locus_0048.phy ... Phylip format detected
Alignment most likely contains DNA/RNA sequences
Alignment has 21 sequences with 200 columns, 113 distinct patterns
89 parsimony-informative, 21 singleton sites, 90 constant sites
        Gap/Ambiguity  Composition  p-value
Analyzing sequences: done in 1.6768e-05 secs using 77.53% CPU
   1  6_0_0     0.00%    passed     72.51%
   2  14_0_0    0.00%    passed     90.20%
   3  4_0_0     0.00%    passed     74.62%
   4  13_0_0    0.00%    passed     75.84%
   5  11_0_0    0.00%    passed     76.19%
   6  5_0_0     0.00%    passed     47.97%
   7  9_0_0     0.00%    passed     91.34%
   8  10_0_0    0.00%    passed     81.37%
   9  18_0_0    0.00%    passed     99.58%
  10  19_0_0    0.00%    passed     50.94%
  11  17_0_0    0.00%    passed     96.54%
  12  2_0_0     0.00%    passed     91.17%
  13  20_0_0    0.00%    passed     78.37%
  14  8_0_0     0.00%    passed     66.87%
  15  15_0_0    0.00%    passed     97.08%
  16  7_0_0     0.00%    passed     74.41%
  17  3_0_0     0.00%    passed     93.71%
  18  16_0_0    0.00%    passed     96.76%
  19  12_0_0    0.00%    passed     77.98%
  20  1_0_0     0.00%    passed     88.94%
  21  0_0_0     0.00%    passed     84.80%
****  TOTAL     0.00%  0 sequences failed composition chi2 test (p-value<5%; df=3)

Create initial parsimony tree by phylogenetic likelihood library (PLL)... 0.001 seconds

NOTE: 0 MB RAM (0 GB) is required!
Estimate model parameters (epsilon = 0.100)
1. Initial log-likelihood: -2438.780
2. Current log-likelihood: -2328.553
3. Current log-likelihood: -2316.566
4. Current log-likelihood: -2315.983
Optimal log-likelihood: -2315.933
Rate parameters:  A-C: 1.03067  A-G: 1.85907  A-T: 1.29460  C-G: 0.86445  C-T: 1.24500  G-T: 1.00000
Base frequencies:  A: 0.271  C: 0.243  G: 0.204  T: 0.281
Gamma shape alpha: 0.207
Parameters optimization took 4 rounds (0.025 sec)
Wrote distance file to... 
Computing ML distances based on estimated model parameters...
Calculating distance matrix: done in 0.00194666 secs using 96.58% CPU
Computing ML distances took 0.001978 sec (of wall-clock time) 0.001912 sec (of CPU time)
Setting up auxiliary I and S matrices: done in 6.7338e-05 secs using 98.01% CPU
Computing RapidNJ tree took 0.000258 sec (of wall-clock time) 0.000501 sec (of CPU time)
Log-likelihood of RapidNJ tree: -2328.718
--------------------------------------------------------------------
|             INITIALIZING CANDIDATE TREE SET                      |
--------------------------------------------------------------------
Generating 98 parsimony trees... 0.086 second
Computing log-likelihood of 98 initial trees ... 0.094 seconds
Current best score: -2312.705

Do NNI search on 20 best initial trees
Estimate model parameters (epsilon = 0.100)
BETTER TREE FOUND at iteration 1: -2306.717
BETTER TREE FOUND at iteration 5: -2306.717
UPDATE BEST LOG-LIKELIHOOD: -2306.717
Iteration 10 / LogL: -2306.717 / Time: 0h:0m:0s
Iteration 20 / LogL: -2306.717 / Time: 0h:0m:0s
Finish initializing candidate tree set (9)
Current best tree score: -2306.717 / CPU time: 0.579
Number of iterations: 20
--------------------------------------------------------------------
|               OPTIMIZING CANDIDATE TREE SET                      |
--------------------------------------------------------------------
UPDATE BEST LOG-LIKELIHOOD: -2306.717
Iteration 30 / LogL: -2306.717 / Time: 0h:0m:0s (0h:0m:2s left)
Iteration 40 / LogL: -2306.717 / Time: 0h:0m:1s (0h:0m:1s left)
Iteration 50 / LogL: -2306.717 / Time: 0h:0m:1s (0h:0m:1s left)
Iteration 60 / LogL: -2306.717 / Time: 0h:0m:1s (0h:0m:1s left)
Iteration 70 / LogL: -2306.717 / Time: 0h:0m:1s (0h:0m:0s left)
Iteration 80 / LogL: -2307.292 / Time: 0h:0m:1s (0h:0m:0s left)
Iteration 90 / LogL: -2306.717 / Time: 0h:0m:1s (0h:0m:0s left)
Iteration 100 / LogL: -2306.717 / Time: 0h:0m:2s (0h:0m:0s left)
TREE SEARCH COMPLETED AFTER 106 ITERATIONS / Time: 0h:0m:2s

--------------------------------------------------------------------
|                    FINALIZING TREE SEARCH                        |
--------------------------------------------------------------------
Performs final model parameters optimization
Estimate model parameters (epsilon = 0.010)
1. Initial log-likelihood: -2306.717
Optimal log-likelihood: -2306.716
Rate parameters:  A-C: 0.92936  A-G: 1.78168  A-T: 1.15744  C-G: 0.81959  C-T: 1.24118  G-T: 1.00000
Base frequencies:  A: 0.271  C: 0.243  G: 0.204  T: 0.281
Gamma shape alpha: 0.200
Parameters optimization took 1 rounds (0.003 sec)
BEST SCORE FOUND : -2306.716

Testing tree branches by aBayes parametric test...
0.003 sec.
Total tree length: 7.185

Total number of iterations: 106
CPU time used for tree search: 2.079 sec (0h:0m:2s)
Wall-clock time used for tree search: 2.218 sec (0h:0m:2s)
Total CPU time used: 2.126 sec (0h:0m:2s)
Total wall-clock time used: 2.266 sec (0h:0m:2s)

Analysis results written to: 
  IQ-TREE report:                /home/mis/CSE6406-project/work/paper_subset_50x10_L200/ils_low/replicate_08/estimated_gene_trees/L200/gtr_g4/locus_0048.iqtree
  Maximum-likelihood tree:       /home/mis/CSE6406-project/work/paper_subset_50x10_L200/ils_low/replicate_08/estimated_gene_trees/L200/gtr_g4/locus_0048.treefile
  Likelihood distances:          /home/mis/CSE6406-project/work/paper_subset_50x10_L200/ils_low/replicate_08/estimated_gene_trees/L200/gtr_g4/locus_0048.mldist
  Screen log file:               /home/mis/CSE6406-project/work/paper_subset_50x10_L200/ils_low/replicate_08/estimated_gene_trees/L200/gtr_g4/locus_0048.log

Date and Time: Sat Sep 12 21:36:28 2026
