IQ-TREE multicore version 2.4.0 for Linux x86 64-bit built Feb 12 2025
Developed by Bui Quang Minh, Nguyen Lam Tung, Olga Chernomor, Heiko Schmidt,
Dominik Schrempf, Michael Woodhams, Ly Trong Nhan, Thomas Wong

Host:    ezmata (AVX2, FMA3, 15 GB RAM)
Command: /home/mis/miniconda3/envs/cse6406/bin/iqtree2 -s /home/mis/CSE6406-project/work/paper_subset_50x10_L200/ils_high/replicate_03/alignments/L200/locus_0023.phy -m GTR --abayes -T 1 --seed 6706024 --prefix /home/mis/CSE6406-project/work/paper_subset_50x10_L200/ils_high/replicate_03/estimated_gene_trees/L200/gtr/locus_0023 --redo --quiet
Seed:    6706024 (Using SPRNG - Scalable Parallel Random Number Generator)
Time:    Sat Sep 12 21:41:14 2026
Kernel:  AVX+FMA - 1 threads (16 CPU cores detected)

HINT: Use -nt option to specify number of threads because your CPU has 16 cores!
HINT: -nt AUTO will automatically determine the best number of threads to use.

Reading alignment file /home/mis/CSE6406-project/work/paper_subset_50x10_L200/ils_high/replicate_03/alignments/L200/locus_0023.phy ... Phylip format detected
Alignment most likely contains DNA/RNA sequences
Alignment has 21 sequences with 200 columns, 123 distinct patterns
108 parsimony-informative, 11 singleton sites, 81 constant sites
        Gap/Ambiguity  Composition  p-value
Analyzing sequences: done in 1.7267e-05 secs
   1  4_0_0     0.00%    passed     45.88%
   2  13_0_0    0.00%    passed     83.15%
   3  12_0_0    0.00%    passed     97.59%
   4  17_0_0    0.00%    passed     54.79%
   5  18_0_0    0.00%    passed     79.40%
   6  19_0_0    0.00%    passed     91.89%
   7  10_0_0    0.00%    passed     85.05%
   8  11_0_0    0.00%    passed     86.26%
   9  8_0_0     0.00%    passed     74.64%
  10  2_0_0     0.00%    passed     37.01%
  11  3_0_0     0.00%    passed     24.96%
  12  1_0_0     0.00%    passed     25.37%
  13  14_0_0    0.00%    passed     75.19%
  14  5_0_0     0.00%    passed     83.19%
  15  7_0_0     0.00%    passed     95.98%
  16  6_0_0     0.00%    passed     70.72%
  17  9_0_0     0.00%    passed     38.95%
  18  16_0_0    0.00%    passed     21.61%
  19  20_0_0    0.00%    passed     66.38%
  20  15_0_0    0.00%    passed     93.08%
  21  0_0_0     0.00%    passed     67.50%
****  TOTAL     0.00%  0 sequences failed composition chi2 test (p-value<5%; df=3)

Create initial parsimony tree by phylogenetic likelihood library (PLL)... 0.001 seconds

NOTE: 0 MB RAM (0 GB) is required!
Estimate model parameters (epsilon = 0.100)
1. Initial log-likelihood: -2993.598
2. Current log-likelihood: -2974.456
3. Current log-likelihood: -2973.982
Optimal log-likelihood: -2973.974
Rate parameters:  A-C: 1.33034  A-G: 1.53318  A-T: 1.49550  C-G: 1.16471  C-T: 1.88603  G-T: 1.00000
Base frequencies:  A: 0.290  C: 0.184  G: 0.226  T: 0.300
Parameters optimization took 3 rounds (0.009 sec)
Wrote distance file to... 
Computing ML distances based on estimated model parameters...
Calculating distance matrix: done in 0.00061458 secs using 74.03% CPU
Computing ML distances took 0.000644 sec (of wall-clock time) 0.000478 sec (of CPU time)
Setting up auxiliary I and S matrices: done in 6.277e-05 secs using 98.77% CPU
Computing RapidNJ tree took 0.000243 sec (of wall-clock time) 0.000473 sec (of CPU time)
Log-likelihood of RapidNJ tree: -2987.086
--------------------------------------------------------------------
|             INITIALIZING CANDIDATE TREE SET                      |
--------------------------------------------------------------------
Generating 98 parsimony trees... 0.096 second
Computing log-likelihood of 98 initial trees ... 0.054 seconds
Current best score: -2967.385

Do NNI search on 20 best initial trees
Estimate model parameters (epsilon = 0.100)
BETTER TREE FOUND at iteration 1: -2966.182
Estimate model parameters (epsilon = 0.100)
BETTER TREE FOUND at iteration 2: -2965.432
Iteration 10 / LogL: -2965.435 / Time: 0h:0m:0s
Iteration 20 / LogL: -2972.543 / Time: 0h:0m:0s
Finish initializing candidate tree set (11)
Current best tree score: -2965.432 / CPU time: 0.236
Number of iterations: 20
--------------------------------------------------------------------
|               OPTIMIZING CANDIDATE TREE SET                      |
--------------------------------------------------------------------
Iteration 30 / LogL: -2966.699 / Time: 0h:0m:0s (0h:0m:0s left)
Iteration 40 / LogL: -2974.542 / Time: 0h:0m:0s (0h:0m:0s left)
Iteration 50 / LogL: -2965.793 / Time: 0h:0m:0s (0h:0m:0s left)
Iteration 60 / LogL: -2966.366 / Time: 0h:0m:0s (0h:0m:0s left)
Iteration 70 / LogL: -2965.819 / Time: 0h:0m:0s (0h:0m:0s left)
Iteration 80 / LogL: -2968.404 / Time: 0h:0m:0s (0h:0m:0s left)
Iteration 90 / LogL: -2965.671 / Time: 0h:0m:0s (0h:0m:0s left)
Iteration 100 / LogL: -2965.501 / Time: 0h:0m:0s (0h:0m:0s left)
TREE SEARCH COMPLETED AFTER 103 ITERATIONS / Time: 0h:0m:0s

--------------------------------------------------------------------
|                    FINALIZING TREE SEARCH                        |
--------------------------------------------------------------------
Performs final model parameters optimization
Estimate model parameters (epsilon = 0.010)
1. Initial log-likelihood: -2965.432
Optimal log-likelihood: -2965.432
Rate parameters:  A-C: 1.38823  A-G: 1.76836  A-T: 1.59848  C-G: 1.34705  C-T: 2.11734  G-T: 1.00000
Base frequencies:  A: 0.290  C: 0.184  G: 0.226  T: 0.300
Parameters optimization took 1 rounds (0.001 sec)
BEST SCORE FOUND : -2965.432

Testing tree branches by aBayes parametric test...
0.002 sec.
Total tree length: 3.809

Total number of iterations: 103
CPU time used for tree search: 0.841 sec (0h:0m:0s)
Wall-clock time used for tree search: 0.902 sec (0h:0m:0s)
Total CPU time used: 0.868 sec (0h:0m:0s)
Total wall-clock time used: 0.930 sec (0h:0m:0s)

Analysis results written to: 
  IQ-TREE report:                /home/mis/CSE6406-project/work/paper_subset_50x10_L200/ils_high/replicate_03/estimated_gene_trees/L200/gtr/locus_0023.iqtree
  Maximum-likelihood tree:       /home/mis/CSE6406-project/work/paper_subset_50x10_L200/ils_high/replicate_03/estimated_gene_trees/L200/gtr/locus_0023.treefile
  Likelihood distances:          /home/mis/CSE6406-project/work/paper_subset_50x10_L200/ils_high/replicate_03/estimated_gene_trees/L200/gtr/locus_0023.mldist
  Screen log file:               /home/mis/CSE6406-project/work/paper_subset_50x10_L200/ils_high/replicate_03/estimated_gene_trees/L200/gtr/locus_0023.log

Date and Time: Sat Sep 12 21:41:15 2026
