IQ-TREE multicore version 2.4.0 for Linux x86 64-bit built Feb 12 2025
Developed by Bui Quang Minh, Nguyen Lam Tung, Olga Chernomor, Heiko Schmidt,
Dominik Schrempf, Michael Woodhams, Ly Trong Nhan, Thomas Wong

Host:    ezmata (AVX2, FMA3, 15 GB RAM)
Command: /home/mis/miniconda3/envs/cse6406/bin/iqtree2 -s /home/mis/CSE6406-project/work/paper_subset_50x10_L200/ils_low/replicate_02/alignments/L200/locus_0012.phy -m HKY+G4 --abayes -T 1 --seed 6606013 --prefix /home/mis/CSE6406-project/work/paper_subset_50x10_L200/ils_low/replicate_02/estimated_gene_trees/L200/hky_g4/locus_0012 --redo --quiet
Seed:    6606013 (Using SPRNG - Scalable Parallel Random Number Generator)
Time:    Sat Sep 12 21:30:59 2026
Kernel:  AVX+FMA - 1 threads (16 CPU cores detected)

HINT: Use -nt option to specify number of threads because your CPU has 16 cores!
HINT: -nt AUTO will automatically determine the best number of threads to use.

Reading alignment file /home/mis/CSE6406-project/work/paper_subset_50x10_L200/ils_low/replicate_02/alignments/L200/locus_0012.phy ... Phylip format detected
Alignment most likely contains DNA/RNA sequences
Alignment has 21 sequences with 200 columns, 131 distinct patterns
113 parsimony-informative, 15 singleton sites, 72 constant sites
        Gap/Ambiguity  Composition  p-value
Analyzing sequences: done in 1.5301e-05 secs using 58.82% CPU
   1  3_0_0     0.00%    passed     40.71%
   2  6_0_0     0.00%    passed     80.66%
   3  2_0_0     0.00%    passed     98.44%
   4  4_0_0     0.00%    passed     36.53%
   5  5_0_0     0.00%    passed     88.85%
   6  1_0_0     0.00%    passed     55.49%
   7  9_0_0     0.00%    passed     85.94%
   8  11_0_0    0.00%    passed     37.93%
   9  17_0_0    0.00%    passed     44.43%
  10  12_0_0    0.00%    passed     32.86%
  11  20_0_0    0.00%    passed     82.32%
  12  8_0_0     0.00%    passed     32.13%
  13  7_0_0     0.00%    passed     58.38%
  14  10_0_0    0.00%    passed     50.20%
  15  19_0_0    0.00%    passed     54.73%
  16  15_0_0    0.00%    passed     75.15%
  17  18_0_0    0.00%    passed     98.56%
  18  16_0_0    0.00%    passed     76.84%
  19  14_0_0    0.00%    passed     78.83%
  20  13_0_0    0.00%    passed     81.72%
  21  0_0_0     0.00%    passed     20.12%
****  TOTAL     0.00%  0 sequences failed composition chi2 test (p-value<5%; df=3)

Create initial parsimony tree by phylogenetic likelihood library (PLL)... 0.001 seconds

NOTE: 0 MB RAM (0 GB) is required!
Estimate model parameters (epsilon = 0.100)
1. Initial log-likelihood: -3047.100
2. Current log-likelihood: -2932.601
3. Current log-likelihood: -2909.963
4. Current log-likelihood: -2906.636
5. Current log-likelihood: -2905.766
6. Current log-likelihood: -2905.464
Optimal log-likelihood: -2905.337
Rate parameters:  A-C: 1.00000  A-G: 1.92850  A-T: 1.00000  C-G: 1.00000  C-T: 1.92850  G-T: 1.00000
Base frequencies:  A: 0.339  C: 0.199  G: 0.176  T: 0.286
Gamma shape alpha: 0.220
Parameters optimization took 6 rounds (0.021 sec)
Wrote distance file to... 
Computing ML distances based on estimated model parameters...
Calculating distance matrix: done in 0.00210453 secs using 99.36% CPU
Computing ML distances took 0.002134 sec (of wall-clock time) 0.002123 sec (of CPU time)
WARNING: Some pairwise ML distances are too long (saturated)
Setting up auxiliary I and S matrices: done in 5.7107e-05 secs
Computing RapidNJ tree took 0.000218 sec (of wall-clock time) 0.000000 sec (of CPU time)
Log-likelihood of RapidNJ tree: -2916.397
--------------------------------------------------------------------
|             INITIALIZING CANDIDATE TREE SET                      |
--------------------------------------------------------------------
Generating 98 parsimony trees... 0.064 second
Computing log-likelihood of 98 initial trees ... 0.101 seconds
Current best score: -2905.337

Do NNI search on 20 best initial trees
Estimate model parameters (epsilon = 0.100)
BETTER TREE FOUND at iteration 1: -2897.778
Estimate model parameters (epsilon = 0.100)
BETTER TREE FOUND at iteration 3: -2897.658
Estimate model parameters (epsilon = 0.100)
BETTER TREE FOUND at iteration 4: -2897.528
Iteration 10 / LogL: -2898.615 / Time: 0h:0m:0s
BETTER TREE FOUND at iteration 16: -2897.527
Iteration 20 / LogL: -2898.132 / Time: 0h:0m:0s
Finish initializing candidate tree set (12)
Current best tree score: -2897.527 / CPU time: 0.795
Number of iterations: 20
--------------------------------------------------------------------
|               OPTIMIZING CANDIDATE TREE SET                      |
--------------------------------------------------------------------
UPDATE BEST LOG-LIKELIHOOD: -2897.527
Iteration 30 / LogL: -2897.527 / Time: 0h:0m:1s (0h:0m:3s left)
Iteration 40 / LogL: -2897.736 / Time: 0h:0m:1s (0h:0m:2s left)
UPDATE BEST LOG-LIKELIHOOD: -2897.527
Iteration 50 / LogL: -2898.105 / Time: 0h:0m:1s (0h:0m:1s left)
Iteration 60 / LogL: -2900.807 / Time: 0h:0m:1s (0h:0m:1s left)
Iteration 70 / LogL: -2897.650 / Time: 0h:0m:1s (0h:0m:1s left)
Iteration 80 / LogL: -2897.527 / Time: 0h:0m:2s (0h:0m:1s left)
UPDATE BEST LOG-LIKELIHOOD: -2897.527
Iteration 90 / LogL: -2897.527 / Time: 0h:0m:2s (0h:0m:0s left)
Iteration 100 / LogL: -2897.650 / Time: 0h:0m:3s (0h:0m:0s left)
Iteration 110 / LogL: -2897.527 / Time: 0h:0m:3s (0h:0m:0s left)
TREE SEARCH COMPLETED AFTER 117 ITERATIONS / Time: 0h:0m:3s

--------------------------------------------------------------------
|                    FINALIZING TREE SEARCH                        |
--------------------------------------------------------------------
Performs final model parameters optimization
Estimate model parameters (epsilon = 0.010)
1. Initial log-likelihood: -2897.527
Optimal log-likelihood: -2897.519
Rate parameters:  A-C: 1.00000  A-G: 1.95904  A-T: 1.00000  C-G: 1.00000  C-T: 1.95904  G-T: 1.00000
Base frequencies:  A: 0.339  C: 0.199  G: 0.176  T: 0.286
Gamma shape alpha: 0.212
Parameters optimization took 1 rounds (0.002 sec)
BEST SCORE FOUND : -2897.519

Testing tree branches by aBayes parametric test...
0.003 sec.
Total tree length: 17.891

Total number of iterations: 117
CPU time used for tree search: 3.228 sec (0h:0m:3s)
Wall-clock time used for tree search: 3.359 sec (0h:0m:3s)
Total CPU time used: 3.270 sec (0h:0m:3s)
Total wall-clock time used: 3.403 sec (0h:0m:3s)

Analysis results written to: 
  IQ-TREE report:                /home/mis/CSE6406-project/work/paper_subset_50x10_L200/ils_low/replicate_02/estimated_gene_trees/L200/hky_g4/locus_0012.iqtree
  Maximum-likelihood tree:       /home/mis/CSE6406-project/work/paper_subset_50x10_L200/ils_low/replicate_02/estimated_gene_trees/L200/hky_g4/locus_0012.treefile
  Likelihood distances:          /home/mis/CSE6406-project/work/paper_subset_50x10_L200/ils_low/replicate_02/estimated_gene_trees/L200/hky_g4/locus_0012.mldist
  Screen log file:               /home/mis/CSE6406-project/work/paper_subset_50x10_L200/ils_low/replicate_02/estimated_gene_trees/L200/hky_g4/locus_0012.log

Date and Time: Sat Sep 12 21:31:02 2026
