IQ-TREE multicore version 2.4.0 for Linux x86 64-bit built Feb 12 2025
Developed by Bui Quang Minh, Nguyen Lam Tung, Olga Chernomor, Heiko Schmidt,
Dominik Schrempf, Michael Woodhams, Ly Trong Nhan, Thomas Wong

Host:    ezmata (AVX2, FMA3, 15 GB RAM)
Command: /home/mis/miniconda3/envs/cse6406/bin/iqtree2 -s /home/mis/CSE6406-project/work/paper_subset_50x10_L200/ils_low/replicate_02/alignments/L200/locus_0017.phy -m HKY+G4 --abayes -T 1 --seed 6606018 --prefix /home/mis/CSE6406-project/work/paper_subset_50x10_L200/ils_low/replicate_02/estimated_gene_trees/L200/hky_g4/locus_0017 --redo --quiet
Seed:    6606018 (Using SPRNG - Scalable Parallel Random Number Generator)
Time:    Sat Sep 12 21:31:01 2026
Kernel:  AVX+FMA - 1 threads (16 CPU cores detected)

HINT: Use -nt option to specify number of threads because your CPU has 16 cores!
HINT: -nt AUTO will automatically determine the best number of threads to use.

Reading alignment file /home/mis/CSE6406-project/work/paper_subset_50x10_L200/ils_low/replicate_02/alignments/L200/locus_0017.phy ... Phylip format detected
Alignment most likely contains DNA/RNA sequences
Alignment has 21 sequences with 200 columns, 136 distinct patterns
118 parsimony-informative, 14 singleton sites, 68 constant sites
        Gap/Ambiguity  Composition  p-value
Analyzing sequences: done in 1.5162e-05 secs using 65.95% CPU
   1  4_0_0     0.00%    passed     40.02%
   2  2_0_0     0.00%    passed     56.44%
   3  6_0_0     0.00%    passed     75.68%
   4  3_0_0     0.00%    passed     48.67%
   5  9_0_0     0.00%    passed     49.78%
   6  11_0_0    0.00%    passed     73.16%
   7  16_0_0    0.00%    passed     98.20%
   8  18_0_0    0.00%    passed     80.25%
   9  15_0_0    0.00%    passed     60.22%
  10  14_0_0    0.00%    passed     94.38%
  11  13_0_0    0.00%    passed     95.02%
  12  19_0_0    0.00%    passed     36.09%
  13  10_0_0    0.00%    passed     19.02%
  14  8_0_0     0.00%    passed     94.38%
  15  7_0_0     0.00%    passed     89.67%
  16  20_0_0    0.00%    passed     74.33%
  17  12_0_0    0.00%    passed     53.72%
  18  17_0_0    0.00%    passed     95.53%
  19  1_0_0     0.00%    passed     63.79%
  20  5_0_0     0.00%    passed     83.31%
  21  0_0_0     0.00%    passed     83.11%
****  TOTAL     0.00%  0 sequences failed composition chi2 test (p-value<5%; df=3)

Create initial parsimony tree by phylogenetic likelihood library (PLL)... 0.001 seconds

NOTE: 0 MB RAM (0 GB) is required!
Estimate model parameters (epsilon = 0.100)
1. Initial log-likelihood: -3204.616
2. Current log-likelihood: -3102.799
3. Current log-likelihood: -3088.739
4. Current log-likelihood: -3086.798
5. Current log-likelihood: -3086.317
6. Current log-likelihood: -3086.180
Optimal log-likelihood: -3086.082
Rate parameters:  A-C: 1.00000  A-G: 2.19044  A-T: 1.00000  C-G: 1.00000  C-T: 2.19044  G-T: 1.00000
Base frequencies:  A: 0.262  C: 0.191  G: 0.199  T: 0.349
Gamma shape alpha: 0.255
Parameters optimization took 6 rounds (0.042 sec)
Wrote distance file to... 
Computing ML distances based on estimated model parameters...
Calculating distance matrix: done in 0.00318811 secs using 99.93% CPU
Computing ML distances took 0.003232 sec (of wall-clock time) 0.003236 sec (of CPU time)
Setting up auxiliary I and S matrices: done in 7.2735e-05 secs
Computing RapidNJ tree took 0.000240 sec (of wall-clock time) 0.000000 sec (of CPU time)
Log-likelihood of RapidNJ tree: -3103.999
--------------------------------------------------------------------
|             INITIALIZING CANDIDATE TREE SET                      |
--------------------------------------------------------------------
Generating 98 parsimony trees... 0.154 second
Computing log-likelihood of 98 initial trees ... 0.192 seconds
Current best score: -3086.082

Do NNI search on 20 best initial trees
Estimate model parameters (epsilon = 0.100)
BETTER TREE FOUND at iteration 1: -3081.605
UPDATE BEST LOG-LIKELIHOOD: -3081.601
BETTER TREE FOUND at iteration 4: -3081.601
Iteration 10 / LogL: -3092.695 / Time: 0h:0m:0s
UPDATE BEST LOG-LIKELIHOOD: -3081.601
Iteration 20 / LogL: -3081.601 / Time: 0h:0m:1s
Finish initializing candidate tree set (6)
Current best tree score: -3081.601 / CPU time: 1.131
Number of iterations: 20
--------------------------------------------------------------------
|               OPTIMIZING CANDIDATE TREE SET                      |
--------------------------------------------------------------------
UPDATE BEST LOG-LIKELIHOOD: -3081.601
UPDATE BEST LOG-LIKELIHOOD: -3081.601
Iteration 30 / LogL: -3081.601 / Time: 0h:0m:1s (0h:0m:4s left)
Iteration 40 / LogL: -3082.508 / Time: 0h:0m:1s (0h:0m:3s left)
UPDATE BEST LOG-LIKELIHOOD: -3081.601
Iteration 50 / LogL: -3081.782 / Time: 0h:0m:2s (0h:0m:2s left)
Iteration 60 / LogL: -3081.601 / Time: 0h:0m:2s (0h:0m:2s left)
Iteration 70 / LogL: -3082.098 / Time: 0h:0m:3s (0h:0m:1s left)
Iteration 80 / LogL: -3081.609 / Time: 0h:0m:3s (0h:0m:1s left)
Iteration 90 / LogL: -3081.602 / Time: 0h:0m:4s (0h:0m:0s left)
Iteration 100 / LogL: -3081.601 / Time: 0h:0m:4s (0h:0m:0s left)
TREE SEARCH COMPLETED AFTER 105 ITERATIONS / Time: 0h:0m:4s

--------------------------------------------------------------------
|                    FINALIZING TREE SEARCH                        |
--------------------------------------------------------------------
Performs final model parameters optimization
Estimate model parameters (epsilon = 0.010)
1. Initial log-likelihood: -3081.601
2. Current log-likelihood: -3081.586
3. Current log-likelihood: -3081.575
Optimal log-likelihood: -3081.565
Rate parameters:  A-C: 1.00000  A-G: 2.25553  A-T: 1.00000  C-G: 1.00000  C-T: 2.25553  G-T: 1.00000
Base frequencies:  A: 0.262  C: 0.191  G: 0.199  T: 0.349
Gamma shape alpha: 0.245
Parameters optimization took 3 rounds (0.011 sec)
BEST SCORE FOUND : -3081.565

Testing tree branches by aBayes parametric test...
0.007 sec.
Total tree length: 14.276

Total number of iterations: 105
CPU time used for tree search: 4.514 sec (0h:0m:4s)
Wall-clock time used for tree search: 4.699 sec (0h:0m:4s)
Total CPU time used: 4.594 sec (0h:0m:4s)
Total wall-clock time used: 4.781 sec (0h:0m:4s)

Analysis results written to: 
  IQ-TREE report:                /home/mis/CSE6406-project/work/paper_subset_50x10_L200/ils_low/replicate_02/estimated_gene_trees/L200/hky_g4/locus_0017.iqtree
  Maximum-likelihood tree:       /home/mis/CSE6406-project/work/paper_subset_50x10_L200/ils_low/replicate_02/estimated_gene_trees/L200/hky_g4/locus_0017.treefile
  Likelihood distances:          /home/mis/CSE6406-project/work/paper_subset_50x10_L200/ils_low/replicate_02/estimated_gene_trees/L200/hky_g4/locus_0017.mldist
  Screen log file:               /home/mis/CSE6406-project/work/paper_subset_50x10_L200/ils_low/replicate_02/estimated_gene_trees/L200/hky_g4/locus_0017.log

Date and Time: Sat Sep 12 21:31:06 2026
