IQ-TREE multicore version 2.4.0 for MacOS ARM 64-bit built Feb 12 2025
Developed by Bui Quang Minh, Nguyen Lam Tung, Olga Chernomor, Heiko Schmidt,
Dominik Schrempf, Michael Woodhams, Ly Trong Nhan, Thomas Wong

Host:    Fahims-MacBook-Air.local (SSE4.2, 16 GB RAM)
Command: /Users/fahim/miniconda3/envs/cse6406/bin/iqtree2 -s /Users/fahim/CSE6406-project/work/paper_subset_50x10_L1600/ils_high/replicate_06/alignments/L1600/locus_0003.phy -m HKY+G4 --abayes -T AUTO --seed 7006004 --prefix /Users/fahim/CSE6406-project/work/paper_subset_50x10_L1600/ils_high/replicate_06/estimated_gene_trees/L1600/hky_g4/locus_0003 --redo --quiet
Seed:    7006004 (Using SPRNG - Scalable Parallel Random Number Generator)
Time:    Sat Sep 12 12:13:16 2026
Kernel:  SSE2 - auto-detect threads (10 CPU cores detected)

Reading alignment file /Users/fahim/CSE6406-project/work/paper_subset_50x10_L1600/ils_high/replicate_06/alignments/L1600/locus_0003.phy ... Phylip format detected
Alignment most likely contains DNA/RNA sequences
Alignment has 21 sequences with 1600 columns, 571 distinct patterns
459 parsimony-informative, 175 singleton sites, 966 constant sites
        Gap/Ambiguity  Composition  p-value
Analyzing sequences: done in 3.60012e-05 secs using 100% CPU
   1  2_0_0     0.00%    passed     98.72%
   2  3_0_0     0.00%    passed     95.55%
   3  14_0_0    0.00%    passed     65.97%
   4  11_0_0    0.00%    passed     78.31%
   5  12_0_0    0.00%    passed     91.57%
   6  10_0_0    0.00%    passed     96.96%
   7  16_0_0    0.00%    passed     86.80%
   8  18_0_0    0.00%    passed     93.62%
   9  20_0_0    0.00%    passed     44.44%
  10  5_0_0     0.00%    passed     92.76%
  11  4_0_0     0.00%    passed     69.43%
  12  7_0_0     0.00%    passed     98.36%
  13  1_0_0     0.00%    passed     97.39%
  14  6_0_0     0.00%    passed     94.88%
  15  8_0_0     0.00%    passed     86.86%
  16  9_0_0     0.00%    passed     95.73%
  17  17_0_0    0.00%    passed     99.42%
  18  15_0_0    0.00%    passed     71.59%
  19  13_0_0    0.00%    passed     37.63%
  20  19_0_0    0.00%    passed     78.55%
  21  0_0_0     0.00%    passed     89.93%
****  TOTAL     0.00%  0 sequences failed composition chi2 test (p-value<5%; df=3)

Create initial parsimony tree by phylogenetic likelihood library (PLL)... 0.000 seconds

NOTE: 1 MB RAM (0 GB) is required!
Measuring multi-threading efficiency up to 10 CPU cores
Increase to 10 rounds for branch lengths
1321 trees examined
Threads: 1 / Time: 10.006 sec / Speedup: 1.000 / Efficiency: 100% / LogL: -15247
Threads: 2 / Time: 14.692 sec / Speedup: 0.681 / Efficiency: 34% / LogL: -15247
BEST NUMBER OF THREADS: 1

Estimate model parameters (epsilon = 0.100)
1. Initial log-likelihood: -12738.891
2. Current log-likelihood: -12084.139
3. Current log-likelihood: -12071.942
Optimal log-likelihood: -12071.907
Rate parameters:  A-C: 1.00000  A-G: 2.22776  A-T: 1.00000  C-G: 1.00000  C-T: 2.22776  G-T: 1.00000
Base frequencies:  A: 0.286  C: 0.209  G: 0.203  T: 0.302
Gamma shape alpha: 0.197
Parameters optimization took 3 rounds (0.023 sec)
Wrote distance file to... 
Computing ML distances based on estimated model parameters...
Calculating distance matrix: done in 0.000658989 secs using 99.09% CPU
Computing ML distances took 0.000691 sec (of wall-clock time) 0.000677 sec (of CPU time)
Setting up auxiliary I and S matrices: done in 1.5974e-05 secs using 75.12% CPU
Computing RapidNJ tree took 0.000060 sec (of wall-clock time) 0.000060 sec (of CPU time)
Log-likelihood of RapidNJ tree: -12092.987
--------------------------------------------------------------------
|             INITIALIZING CANDIDATE TREE SET                      |
--------------------------------------------------------------------
Generating 98 parsimony trees... 0.055 second
Computing log-likelihood of 98 initial trees ... 0.122 seconds
Current best score: -12071.907

Do NNI search on 20 best initial trees
Estimate model parameters (epsilon = 0.100)
BETTER TREE FOUND at iteration 1: -12071.748
Iteration 10 / LogL: -12071.764 / Time: 0h:0m:25s
Iteration 20 / LogL: -12071.769 / Time: 0h:0m:25s
Finish initializing candidate tree set (1)
Current best tree score: -12071.748 / CPU time: 0.524
Number of iterations: 20
--------------------------------------------------------------------
|               OPTIMIZING CANDIDATE TREE SET                      |
--------------------------------------------------------------------
Iteration 30 / LogL: -12071.755 / Time: 0h:0m:25s (0h:1m:2s left)
Iteration 40 / LogL: -12071.850 / Time: 0h:0m:25s (0h:0m:40s left)
Iteration 50 / LogL: -12071.755 / Time: 0h:0m:25s (0h:0m:26s left)
Iteration 60 / LogL: -12071.754 / Time: 0h:0m:26s (0h:0m:18s left)
Iteration 70 / LogL: -12071.786 / Time: 0h:0m:26s (0h:0m:11s left)
Iteration 80 / LogL: -12079.169 / Time: 0h:0m:26s (0h:0m:7s left)
Iteration 90 / LogL: -12071.863 / Time: 0h:0m:26s (0h:0m:3s left)
Iteration 100 / LogL: -12071.753 / Time: 0h:0m:26s (0h:0m:0s left)
TREE SEARCH COMPLETED AFTER 102 ITERATIONS / Time: 0h:0m:26s

--------------------------------------------------------------------
|                    FINALIZING TREE SEARCH                        |
--------------------------------------------------------------------
Performs final model parameters optimization
Estimate model parameters (epsilon = 0.010)
1. Initial log-likelihood: -12071.748
Optimal log-likelihood: -12071.748
Rate parameters:  A-C: 1.00000  A-G: 2.22930  A-T: 1.00000  C-G: 1.00000  C-T: 2.22930  G-T: 1.00000
Base frequencies:  A: 0.286  C: 0.209  G: 0.203  T: 0.302
Gamma shape alpha: 0.197
Parameters optimization took 1 rounds (0.003 sec)
BEST SCORE FOUND : -12071.748

Testing tree branches by aBayes parametric test...
0.005 sec.
Total tree length: 2.142

Total number of iterations: 102
CPU time used for tree search: 2.255 sec (0h:0m:2s)
Wall-clock time used for tree search: 2.268 sec (0h:0m:2s)
Total CPU time used: 26.175 sec (0h:0m:26s)
Total wall-clock time used: 27.007 sec (0h:0m:27s)

Analysis results written to: 
  IQ-TREE report:                /Users/fahim/CSE6406-project/work/paper_subset_50x10_L1600/ils_high/replicate_06/estimated_gene_trees/L1600/hky_g4/locus_0003.iqtree
  Maximum-likelihood tree:       /Users/fahim/CSE6406-project/work/paper_subset_50x10_L1600/ils_high/replicate_06/estimated_gene_trees/L1600/hky_g4/locus_0003.treefile
  Likelihood distances:          /Users/fahim/CSE6406-project/work/paper_subset_50x10_L1600/ils_high/replicate_06/estimated_gene_trees/L1600/hky_g4/locus_0003.mldist
  Screen log file:               /Users/fahim/CSE6406-project/work/paper_subset_50x10_L1600/ils_high/replicate_06/estimated_gene_trees/L1600/hky_g4/locus_0003.log

Date and Time: Sat Sep 12 12:13:43 2026
