IQ-TREE multicore version 2.4.0 for Linux x86 64-bit built Feb 12 2025
Developed by Bui Quang Minh, Nguyen Lam Tung, Olga Chernomor, Heiko Schmidt,
Dominik Schrempf, Michael Woodhams, Ly Trong Nhan, Thomas Wong

Host:    ezmata (AVX2, FMA3, 15 GB RAM)
Command: /home/mis/miniconda3/envs/cse6406/bin/iqtree2 -s /home/mis/CSE6406-project/work/paper_subset_50x10_L800/ils_high/replicate_09/alignments/L800/locus_0023.phy -m HKY --abayes -T 1 --seed 7306024 --prefix /home/mis/CSE6406-project/work/paper_subset_50x10_L800/ils_high/replicate_09/estimated_gene_trees/L800/hky/locus_0023 --redo --quiet
Seed:    7306024 (Using SPRNG - Scalable Parallel Random Number Generator)
Time:    Sat Sep 12 20:07:10 2026
Kernel:  AVX+FMA - 1 threads (16 CPU cores detected)

HINT: Use -nt option to specify number of threads because your CPU has 16 cores!
HINT: -nt AUTO will automatically determine the best number of threads to use.

Reading alignment file /home/mis/CSE6406-project/work/paper_subset_50x10_L800/ils_high/replicate_09/alignments/L800/locus_0023.phy ... Phylip format detected
Alignment most likely contains DNA/RNA sequences
Alignment has 21 sequences with 800 columns, 499 distinct patterns
436 parsimony-informative, 68 singleton sites, 296 constant sites
        Gap/Ambiguity  Composition  p-value
Analyzing sequences: done in 4.901e-05 secs using 95.9% CPU
   1  7_0_0     0.00%    passed     47.43%
   2  16_0_0    0.00%    passed     96.90%
   3  19_0_0    0.00%    passed     85.82%
   4  12_0_0    0.00%    passed     66.40%
   5  20_0_0    0.00%    passed     93.74%
   6  11_0_0    0.00%    passed     88.52%
   7  8_0_0     0.00%    passed     78.58%
   8  13_0_0    0.00%    passed     91.47%
   9  3_0_0     0.00%    passed     77.38%
  10  6_0_0     0.00%    passed     72.28%
  11  4_0_0     0.00%    passed     94.03%
  12  5_0_0     0.00%    passed     69.81%
  13  15_0_0    0.00%    passed     59.20%
  14  18_0_0    0.00%    passed     91.65%
  15  17_0_0    0.00%    passed     85.33%
  16  14_0_0    0.00%    passed     48.18%
  17  9_0_0     0.00%    passed     81.37%
  18  10_0_0    0.00%    passed     93.47%
  19  2_0_0     0.00%    passed     52.87%
  20  0_0_0     0.00%    passed     95.88%
  21  1_0_0     0.00%    passed     91.02%
****  TOTAL     0.00%  0 sequences failed composition chi2 test (p-value<5%; df=3)

Create initial parsimony tree by phylogenetic likelihood library (PLL)... 0.003 seconds

NOTE: 0 MB RAM (0 GB) is required!
Estimate model parameters (epsilon = 0.100)
1. Initial log-likelihood: -13722.030
2. Current log-likelihood: -13652.269
3. Current log-likelihood: -13652.056
Optimal log-likelihood: -13652.055
Rate parameters:  A-C: 1.00000  A-G: 1.29671  A-T: 1.00000  C-G: 1.00000  C-T: 1.29671  G-T: 1.00000
Base frequencies:  A: 0.298  C: 0.192  G: 0.200  T: 0.310
Parameters optimization took 3 rounds (0.015 sec)
Wrote distance file to... 
Computing ML distances based on estimated model parameters...
Calculating distance matrix: done in 0.00132681 secs using 97.23% CPU
Computing ML distances took 0.001428 sec (of wall-clock time) 0.001385 sec (of CPU time)
Setting up auxiliary I and S matrices: done in 6.0199e-05 secs
Computing RapidNJ tree took 0.000234 sec (of wall-clock time) 0.000000 sec (of CPU time)
Log-likelihood of RapidNJ tree: -13684.289
--------------------------------------------------------------------
|             INITIALIZING CANDIDATE TREE SET                      |
--------------------------------------------------------------------
Generating 98 parsimony trees... 0.272 second
Computing log-likelihood of 98 initial trees ... 0.128 seconds
Current best score: -13644.226

Do NNI search on 20 best initial trees
Estimate model parameters (epsilon = 0.100)
BETTER TREE FOUND at iteration 1: -13632.428
Iteration 10 / LogL: -13632.672 / Time: 0h:0m:0s
Iteration 20 / LogL: -13632.445 / Time: 0h:0m:0s
Finish initializing candidate tree set (5)
Current best tree score: -13632.428 / CPU time: 0.592
Number of iterations: 20
--------------------------------------------------------------------
|               OPTIMIZING CANDIDATE TREE SET                      |
--------------------------------------------------------------------
Iteration 30 / LogL: -13641.342 / Time: 0h:0m:0s (0h:0m:1s left)
Iteration 40 / LogL: -13632.530 / Time: 0h:0m:0s (0h:0m:1s left)
Iteration 50 / LogL: -13632.695 / Time: 0h:0m:1s (0h:0m:1s left)
Iteration 60 / LogL: -13639.183 / Time: 0h:0m:1s (0h:0m:0s left)
Iteration 70 / LogL: -13641.341 / Time: 0h:0m:1s (0h:0m:0s left)
Iteration 80 / LogL: -13639.200 / Time: 0h:0m:1s (0h:0m:0s left)
Iteration 90 / LogL: -13632.443 / Time: 0h:0m:1s (0h:0m:0s left)
Iteration 100 / LogL: -13633.276 / Time: 0h:0m:1s (0h:0m:0s left)
TREE SEARCH COMPLETED AFTER 102 ITERATIONS / Time: 0h:0m:1s

--------------------------------------------------------------------
|                    FINALIZING TREE SEARCH                        |
--------------------------------------------------------------------
Performs final model parameters optimization
Estimate model parameters (epsilon = 0.010)
1. Initial log-likelihood: -13632.428
Optimal log-likelihood: -13632.428
Rate parameters:  A-C: 1.00000  A-G: 1.29253  A-T: 1.00000  C-G: 1.00000  C-T: 1.29253  G-T: 1.00000
Base frequencies:  A: 0.298  C: 0.192  G: 0.200  T: 0.310
Parameters optimization took 1 rounds (0.002 sec)
BEST SCORE FOUND : -13632.428

Testing tree branches by aBayes parametric test...
0.003 sec.
Total tree length: 4.987

Total number of iterations: 102
CPU time used for tree search: 1.586 sec (0h:0m:1s)
Wall-clock time used for tree search: 1.638 sec (0h:0m:1s)
Total CPU time used: 1.631 sec (0h:0m:1s)
Total wall-clock time used: 1.684 sec (0h:0m:1s)

Analysis results written to: 
  IQ-TREE report:                /home/mis/CSE6406-project/work/paper_subset_50x10_L800/ils_high/replicate_09/estimated_gene_trees/L800/hky/locus_0023.iqtree
  Maximum-likelihood tree:       /home/mis/CSE6406-project/work/paper_subset_50x10_L800/ils_high/replicate_09/estimated_gene_trees/L800/hky/locus_0023.treefile
  Likelihood distances:          /home/mis/CSE6406-project/work/paper_subset_50x10_L800/ils_high/replicate_09/estimated_gene_trees/L800/hky/locus_0023.mldist
  Screen log file:               /home/mis/CSE6406-project/work/paper_subset_50x10_L800/ils_high/replicate_09/estimated_gene_trees/L800/hky/locus_0023.log

Date and Time: Sat Sep 12 20:07:12 2026
