IQ-TREE multicore version 2.4.0 for MacOS ARM 64-bit built Feb 12 2025
Developed by Bui Quang Minh, Nguyen Lam Tung, Olga Chernomor, Heiko Schmidt,
Dominik Schrempf, Michael Woodhams, Ly Trong Nhan, Thomas Wong

Host:    Fahims-MacBook-Air.local (SSE4.2, 16 GB RAM)
Command: /Users/fahim/miniconda3/envs/cse6406/bin/iqtree2 -s /Users/fahim/CSE6406-project/work/paper_subset_50x10_L1600/ils_low/replicate_10/alignments/L1600/locus_0046.phy -m HKY --abayes -T AUTO --seed 7406047 --prefix /Users/fahim/CSE6406-project/work/paper_subset_50x10_L1600/ils_low/replicate_10/estimated_gene_trees/L1600/hky/locus_0046 --redo --quiet
Seed:    7406047 (Using SPRNG - Scalable Parallel Random Number Generator)
Time:    Fri Sep 11 22:27:29 2026
Kernel:  SSE2 - auto-detect threads (10 CPU cores detected)

Reading alignment file /Users/fahim/CSE6406-project/work/paper_subset_50x10_L1600/ils_low/replicate_10/alignments/L1600/locus_0046.phy ... Phylip format detected
Alignment most likely contains DNA/RNA sequences
Alignment has 21 sequences with 1600 columns, 485 distinct patterns
366 parsimony-informative, 184 singleton sites, 1050 constant sites
        Gap/Ambiguity  Composition  p-value
Analyzing sequences: done in 3.69549e-05 secs using 92% CPU
   1  19_0_0    0.00%    passed     99.50%
   2  20_0_0    0.00%    passed     99.97%
   3  5_0_0     0.00%    passed     89.99%
   4  6_0_0     0.00%    passed     95.16%
   5  12_0_0    0.00%    passed     99.64%
   6  17_0_0    0.00%    passed     96.46%
   7  4_0_0     0.00%    passed     99.28%
   8  9_0_0     0.00%    passed     98.94%
   9  14_0_0    0.00%    passed     99.23%
  10  11_0_0    0.00%    passed     99.60%
  11  18_0_0    0.00%    passed     96.96%
  12  8_0_0     0.00%    passed     90.47%
  13  15_0_0    0.00%    passed     95.45%
  14  3_0_0     0.00%    passed     83.15%
  15  7_0_0     0.00%    passed     98.88%
  16  2_0_0     0.00%    passed     99.66%
  17  10_0_0    0.00%    passed     97.51%
  18  1_0_0     0.00%    passed     91.42%
  19  16_0_0    0.00%    passed     98.09%
  20  13_0_0    0.00%    passed     90.68%
  21  0_0_0     0.00%    passed     72.42%
****  TOTAL     0.00%  0 sequences failed composition chi2 test (p-value<5%; df=3)

Create initial parsimony tree by phylogenetic likelihood library (PLL)... 0.000 seconds

NOTE: 0 MB RAM (0 GB) is required!
Measuring multi-threading efficiency up to 10 CPU cores
Increase to 10 rounds for branch lengths
6207 trees examined
Threads: 1 / Time: 10.001 sec / Speedup: 1.000 / Efficiency: 100% / LogL: -11797
Threads: 2 / Time: 27.317 sec / Speedup: 0.366 / Efficiency: 18% / LogL: -11797
BEST NUMBER OF THREADS: 1

Estimate model parameters (epsilon = 0.100)
1. Initial log-likelihood: -9441.438
2. Current log-likelihood: -9359.326
Optimal log-likelihood: -9359.265
Rate parameters:  A-C: 1.00000  A-G: 2.00749  A-T: 1.00000  C-G: 1.00000  C-T: 2.00749  G-T: 1.00000
Base frequencies:  A: 0.298  C: 0.198  G: 0.192  T: 0.312
Parameters optimization took 2 rounds (0.002 sec)
Wrote distance file to... 
Computing ML distances based on estimated model parameters...
Calculating distance matrix: done in 0.000405073 secs using 98.01% CPU
Computing ML distances took 0.000437 sec (of wall-clock time) 0.000417 sec (of CPU time)
Setting up auxiliary I and S matrices: done in 1.5974e-05 secs using 62.6% CPU
Computing RapidNJ tree took 0.000059 sec (of wall-clock time) 0.000063 sec (of CPU time)
Log-likelihood of RapidNJ tree: -9410.302
--------------------------------------------------------------------
|             INITIALIZING CANDIDATE TREE SET                      |
--------------------------------------------------------------------
Generating 98 parsimony trees... 0.050 second
Computing log-likelihood of 98 initial trees ... 0.040 seconds
Current best score: -9359.265

Do NNI search on 20 best initial trees
Estimate model parameters (epsilon = 0.100)
BETTER TREE FOUND at iteration 1: -9359.265
Iteration 10 / LogL: -9359.266 / Time: 0h:0m:37s
Iteration 20 / LogL: -9359.271 / Time: 0h:0m:37s
Finish initializing candidate tree set (1)
Current best tree score: -9359.265 / CPU time: 0.176
Number of iterations: 20
--------------------------------------------------------------------
|               OPTIMIZING CANDIDATE TREE SET                      |
--------------------------------------------------------------------
Iteration 30 / LogL: -9359.291 / Time: 0h:0m:37s (0h:1m:31s left)
Iteration 40 / LogL: -9359.355 / Time: 0h:0m:37s (0h:0m:58s left)
Iteration 50 / LogL: -9359.296 / Time: 0h:0m:37s (0h:0m:39s left)
Iteration 60 / LogL: -9359.268 / Time: 0h:0m:37s (0h:0m:26s left)
Iteration 70 / LogL: -9359.320 / Time: 0h:0m:37s (0h:0m:16s left)
Iteration 80 / LogL: -9359.286 / Time: 0h:0m:37s (0h:0m:10s left)
Iteration 90 / LogL: -9359.280 / Time: 0h:0m:37s (0h:0m:4s left)
Iteration 100 / LogL: -9359.279 / Time: 0h:0m:37s (0h:0m:0s left)
TREE SEARCH COMPLETED AFTER 102 ITERATIONS / Time: 0h:0m:37s

--------------------------------------------------------------------
|                    FINALIZING TREE SEARCH                        |
--------------------------------------------------------------------
Performs final model parameters optimization
Estimate model parameters (epsilon = 0.010)
1. Initial log-likelihood: -9359.265
Optimal log-likelihood: -9359.265
Rate parameters:  A-C: 1.00000  A-G: 2.00755  A-T: 1.00000  C-G: 1.00000  C-T: 2.00755  G-T: 1.00000
Base frequencies:  A: 0.298  C: 0.198  G: 0.192  T: 0.312
Parameters optimization took 1 rounds (0.001 sec)
BEST SCORE FOUND : -9359.265

Testing tree branches by aBayes parametric test...
0.001 sec.
Total tree length: 0.848

Total number of iterations: 102
CPU time used for tree search: 0.576 sec (0h:0m:0s)
Wall-clock time used for tree search: 0.577 sec (0h:0m:0s)
Total CPU time used: 29.739 sec (0h:0m:29s)
Total wall-clock time used: 37.906 sec (0h:0m:37s)

Analysis results written to: 
  IQ-TREE report:                /Users/fahim/CSE6406-project/work/paper_subset_50x10_L1600/ils_low/replicate_10/estimated_gene_trees/L1600/hky/locus_0046.iqtree
  Maximum-likelihood tree:       /Users/fahim/CSE6406-project/work/paper_subset_50x10_L1600/ils_low/replicate_10/estimated_gene_trees/L1600/hky/locus_0046.treefile
  Likelihood distances:          /Users/fahim/CSE6406-project/work/paper_subset_50x10_L1600/ils_low/replicate_10/estimated_gene_trees/L1600/hky/locus_0046.mldist
  Screen log file:               /Users/fahim/CSE6406-project/work/paper_subset_50x10_L1600/ils_low/replicate_10/estimated_gene_trees/L1600/hky/locus_0046.log

Date and Time: Fri Sep 11 22:28:06 2026
