IQ-TREE multicore version 2.4.0 for MacOS ARM 64-bit built Feb 12 2025
Developed by Bui Quang Minh, Nguyen Lam Tung, Olga Chernomor, Heiko Schmidt,
Dominik Schrempf, Michael Woodhams, Ly Trong Nhan, Thomas Wong

Host:    Fahims-MacBook-Air.local (SSE4.2, 16 GB RAM)
Command: /Users/fahim/miniconda3/envs/cse6406/bin/iqtree2 -s /Users/fahim/CSE6406-project/work/paper_subset_50x10_L1600/ils_low/replicate_10/alignments/L1600/locus_0032.phy -m HKY --abayes -T AUTO --seed 7406033 --prefix /Users/fahim/CSE6406-project/work/paper_subset_50x10_L1600/ils_low/replicate_10/estimated_gene_trees/L1600/hky/locus_0032 --redo --quiet
Seed:    7406033 (Using SPRNG - Scalable Parallel Random Number Generator)
Time:    Fri Sep 11 22:18:18 2026
Kernel:  SSE2 - auto-detect threads (10 CPU cores detected)

Reading alignment file /Users/fahim/CSE6406-project/work/paper_subset_50x10_L1600/ils_low/replicate_10/alignments/L1600/locus_0032.phy ... Phylip format detected
Alignment most likely contains DNA/RNA sequences
Alignment has 21 sequences with 1600 columns, 435 distinct patterns
330 parsimony-informative, 155 singleton sites, 1115 constant sites
        Gap/Ambiguity  Composition  p-value
Analyzing sequences: done in 3.50475e-05 secs using 97.01% CPU
   1  0_0_0     0.00%    passed     98.25%
   2  13_0_0    0.00%    passed     77.22%
   3  10_0_0    0.00%    passed     96.59%
   4  2_0_0     0.00%    passed     98.80%
   5  16_0_0    0.00%    passed     93.62%
   6  1_0_0     0.00%    passed     99.04%
   7  7_0_0     0.00%    passed     82.50%
   8  3_0_0     0.00%    passed     97.38%
   9  11_0_0    0.00%    passed     92.28%
  10  14_0_0    0.00%    passed     93.85%
  11  15_0_0    0.00%    passed     98.93%
  12  8_0_0     0.00%    passed     99.66%
  13  18_0_0    0.00%    passed     99.93%
  14  17_0_0    0.00%    passed     82.71%
  15  9_0_0     0.00%    passed     99.82%
  16  4_0_0     0.00%    passed     98.90%
  17  6_0_0     0.00%    passed     99.25%
  18  12_0_0    0.00%    passed     99.74%
  19  5_0_0     0.00%    passed     92.35%
  20  19_0_0    0.00%    passed     86.14%
  21  20_0_0    0.00%    passed     85.49%
****  TOTAL     0.00%  0 sequences failed composition chi2 test (p-value<5%; df=3)

Create initial parsimony tree by phylogenetic likelihood library (PLL)... 0.000 seconds

NOTE: 0 MB RAM (0 GB) is required!
Measuring multi-threading efficiency up to 10 CPU cores
Increase to 10 rounds for branch lengths
6884 trees examined
Threads: 1 / Time: 10.002 sec / Speedup: 1.000 / Efficiency: 100% / LogL: -10855
Threads: 2 / Time: 29.404 sec / Speedup: 0.340 / Efficiency: 17% / LogL: -10855
BEST NUMBER OF THREADS: 1

Estimate model parameters (epsilon = 0.100)
1. Initial log-likelihood: -8679.481
2. Current log-likelihood: -8625.980
Optimal log-likelihood: -8625.925
Rate parameters:  A-C: 1.00000  A-G: 1.84262  A-T: 1.00000  C-G: 1.00000  C-T: 1.84262  G-T: 1.00000
Base frequencies:  A: 0.316  C: 0.186  G: 0.196  T: 0.302
Parameters optimization took 2 rounds (0.002 sec)
Wrote distance file to... 
Computing ML distances based on estimated model parameters...
Calculating distance matrix: done in 0.000421047 secs using 99.28% CPU
Computing ML distances took 0.000447 sec (of wall-clock time) 0.000437 sec (of CPU time)
Setting up auxiliary I and S matrices: done in 1.69277e-05 secs using 70.89% CPU
Computing RapidNJ tree took 0.000065 sec (of wall-clock time) 0.000063 sec (of CPU time)
Log-likelihood of RapidNJ tree: -8663.498
--------------------------------------------------------------------
|             INITIALIZING CANDIDATE TREE SET                      |
--------------------------------------------------------------------
Generating 98 parsimony trees... 0.049 second
Computing log-likelihood of 98 initial trees ... 0.035 seconds
Current best score: -8625.925

Do NNI search on 20 best initial trees
Estimate model parameters (epsilon = 0.100)
BETTER TREE FOUND at iteration 1: -8625.925
Iteration 10 / LogL: -8626.186 / Time: 0h:0m:39s
Iteration 20 / LogL: -8625.926 / Time: 0h:0m:39s
Finish initializing candidate tree set (1)
Current best tree score: -8625.925 / CPU time: 0.169
Number of iterations: 20
--------------------------------------------------------------------
|               OPTIMIZING CANDIDATE TREE SET                      |
--------------------------------------------------------------------
Iteration 30 / LogL: -8625.926 / Time: 0h:0m:39s (0h:1m:37s left)
Iteration 40 / LogL: -8625.927 / Time: 0h:0m:39s (0h:1m:2s left)
Iteration 50 / LogL: -8625.925 / Time: 0h:0m:39s (0h:0m:41s left)
Iteration 60 / LogL: -8625.944 / Time: 0h:0m:39s (0h:0m:27s left)
Iteration 70 / LogL: -8649.422 / Time: 0h:0m:39s (0h:0m:17s left)
Iteration 80 / LogL: -8625.926 / Time: 0h:0m:39s (0h:0m:10s left)
Iteration 90 / LogL: -8625.938 / Time: 0h:0m:39s (0h:0m:4s left)
Iteration 100 / LogL: -8656.484 / Time: 0h:0m:40s (0h:0m:0s left)
TREE SEARCH COMPLETED AFTER 102 ITERATIONS / Time: 0h:0m:40s

--------------------------------------------------------------------
|                    FINALIZING TREE SEARCH                        |
--------------------------------------------------------------------
Performs final model parameters optimization
Estimate model parameters (epsilon = 0.010)
1. Initial log-likelihood: -8625.925
Optimal log-likelihood: -8625.925
Rate parameters:  A-C: 1.00000  A-G: 1.84272  A-T: 1.00000  C-G: 1.00000  C-T: 1.84272  G-T: 1.00000
Base frequencies:  A: 0.316  C: 0.186  G: 0.196  T: 0.302
Parameters optimization took 1 rounds (0.001 sec)
BEST SCORE FOUND : -8625.925

Testing tree branches by aBayes parametric test...
0.001 sec.
Total tree length: 0.754

Total number of iterations: 102
CPU time used for tree search: 0.613 sec (0h:0m:0s)
Wall-clock time used for tree search: 0.615 sec (0h:0m:0s)
Total CPU time used: 30.756 sec (0h:0m:30s)
Total wall-clock time used: 40.032 sec (0h:0m:40s)

Analysis results written to: 
  IQ-TREE report:                /Users/fahim/CSE6406-project/work/paper_subset_50x10_L1600/ils_low/replicate_10/estimated_gene_trees/L1600/hky/locus_0032.iqtree
  Maximum-likelihood tree:       /Users/fahim/CSE6406-project/work/paper_subset_50x10_L1600/ils_low/replicate_10/estimated_gene_trees/L1600/hky/locus_0032.treefile
  Likelihood distances:          /Users/fahim/CSE6406-project/work/paper_subset_50x10_L1600/ils_low/replicate_10/estimated_gene_trees/L1600/hky/locus_0032.mldist
  Screen log file:               /Users/fahim/CSE6406-project/work/paper_subset_50x10_L1600/ils_low/replicate_10/estimated_gene_trees/L1600/hky/locus_0032.log

Date and Time: Fri Sep 11 22:18:58 2026
