IQ-TREE multicore version 2.4.0 for Linux x86 64-bit built Feb 12 2025
Developed by Bui Quang Minh, Nguyen Lam Tung, Olga Chernomor, Heiko Schmidt,
Dominik Schrempf, Michael Woodhams, Ly Trong Nhan, Thomas Wong

Host:    ezmata (AVX2, FMA3, 15 GB RAM)
Command: /home/mis/miniconda3/envs/cse6406/bin/iqtree2 -s /home/mis/CSE6406-project/work/paper_subset_50x10_L800/ils_low/replicate_06/alignments/L800/locus_0047.phy -m JC --abayes -T AUTO --seed 7006048 --prefix /home/mis/CSE6406-project/work/paper_subset_50x10_L800/ils_low/replicate_06/estimated_gene_trees/L800/jc/locus_0047 --redo --quiet
Seed:    7006048 (Using SPRNG - Scalable Parallel Random Number Generator)
Time:    Sat Sep 12 04:52:31 2026
Kernel:  AVX+FMA - auto-detect threads (16 CPU cores detected)

Reading alignment file /home/mis/CSE6406-project/work/paper_subset_50x10_L800/ils_low/replicate_06/alignments/L800/locus_0047.phy ... Phylip format detected
Alignment most likely contains DNA/RNA sequences
Alignment has 21 sequences with 800 columns, 300 distinct patterns
232 parsimony-informative, 79 singleton sites, 488 constant sites
        Gap/Ambiguity  Composition  p-value
Analyzing sequences: done in 6.3315e-05 secs using 192.7% CPU
   1  0_0_0     0.00%    passed     97.63%
   2  14_0_0    0.00%    passed     93.21%
   3  11_0_0    0.00%    passed     85.11%
   4  12_0_0    0.00%    passed     89.81%
   5  2_0_0     0.00%    passed     90.44%
   6  3_0_0     0.00%    passed     97.43%
   7  4_0_0     0.00%    passed     99.13%
   8  7_0_0     0.00%    passed     96.00%
   9  1_0_0     0.00%    passed     89.00%
  10  8_0_0     0.00%    passed     97.76%
  11  6_0_0     0.00%    passed     89.50%
  12  5_0_0     0.00%    passed     95.46%
  13  9_0_0     0.00%    passed     80.98%
  14  16_0_0    0.00%    passed     96.59%
  15  10_0_0    0.00%    passed     98.95%
  16  18_0_0    0.00%    passed     92.48%
  17  20_0_0    0.00%    passed     71.14%
  18  15_0_0    0.00%    passed     90.77%
  19  13_0_0    0.00%    passed     95.59%
  20  17_0_0    0.00%    passed     88.78%
  21  19_0_0    0.00%    passed     99.68%
****  TOTAL     0.00%  0 sequences failed composition chi2 test (p-value<5%; df=3)

Create initial parsimony tree by phylogenetic likelihood library (PLL)... 0.000 seconds

NOTE: 0 MB RAM (0 GB) is required!
Measuring multi-threading efficiency up to 16 CPU cores
Increase to 10 rounds for branch lengths
7955 trees examined
Threads: 1 / Time: 16.002 sec / Speedup: 1.000 / Efficiency: 100% / LogL: -8161
Threads: 2 / Time: 28.974 sec / Speedup: 0.552 / Efficiency: 28% / LogL: -8161
BEST NUMBER OF THREADS: 1

Estimate model parameters (epsilon = 0.100)
1. Initial log-likelihood: -6252.210
Optimal log-likelihood: -6243.200
Rate parameters:  A-C: 1.00000  A-G: 1.00000  A-T: 1.00000  C-G: 1.00000  C-T: 1.00000  G-T: 1.00000
Base frequencies:  A: 0.250  C: 0.250  G: 0.250  T: 0.250
Parameters optimization took 1 rounds (0.001 sec)
Wrote distance file to... 
Computing ML distances based on estimated model parameters...
Calculating distance matrix: done in 0.000604429 secs using 75.44% CPU
Computing ML distances took 0.000636 sec (of wall-clock time) 0.000482 sec (of CPU time)
Setting up auxiliary I and S matrices: done in 3.008e-05 secs using 99.73% CPU
Computing RapidNJ tree took 0.000121 sec (of wall-clock time) 0.000231 sec (of CPU time)
Log-likelihood of RapidNJ tree: -6246.305
--------------------------------------------------------------------
|             INITIALIZING CANDIDATE TREE SET                      |
--------------------------------------------------------------------
Generating 98 parsimony trees... 0.078 second
Computing log-likelihood of 98 initial trees ... 0.046 seconds
Current best score: -6234.105

Do NNI search on 20 best initial trees
Estimate model parameters (epsilon = 0.100)
BETTER TREE FOUND at iteration 1: -6231.999
Iteration 10 / LogL: -6232.000 / Time: 0h:0m:45s
Iteration 20 / LogL: -6232.018 / Time: 0h:0m:45s
Finish initializing candidate tree set (4)
Current best tree score: -6231.999 / CPU time: 0.219
Number of iterations: 20
--------------------------------------------------------------------
|               OPTIMIZING CANDIDATE TREE SET                      |
--------------------------------------------------------------------
Iteration 30 / LogL: -6249.796 / Time: 0h:0m:45s (0h:1m:50s left)
Iteration 40 / LogL: -6232.211 / Time: 0h:0m:45s (0h:1m:10s left)
Iteration 50 / LogL: -6232.000 / Time: 0h:0m:45s (0h:0m:47s left)
Iteration 60 / LogL: -6249.747 / Time: 0h:0m:45s (0h:0m:31s left)
Iteration 70 / LogL: -6249.746 / Time: 0h:0m:45s (0h:0m:20s left)
Iteration 80 / LogL: -6247.619 / Time: 0h:0m:45s (0h:0m:12s left)
Iteration 90 / LogL: -6232.007 / Time: 0h:0m:45s (0h:0m:5s left)
Iteration 100 / LogL: -6246.821 / Time: 0h:0m:45s (0h:0m:0s left)
TREE SEARCH COMPLETED AFTER 102 ITERATIONS / Time: 0h:0m:45s

--------------------------------------------------------------------
|                    FINALIZING TREE SEARCH                        |
--------------------------------------------------------------------
Performs final model parameters optimization
Estimate model parameters (epsilon = 0.010)
1. Initial log-likelihood: -6231.999
Optimal log-likelihood: -6231.999
Rate parameters:  A-C: 1.00000  A-G: 1.00000  A-T: 1.00000  C-G: 1.00000  C-T: 1.00000  G-T: 1.00000
Base frequencies:  A: 0.250  C: 0.250  G: 0.250  T: 0.250
Parameters optimization took 1 rounds (0.001 sec)
BEST SCORE FOUND : -6231.999

Testing tree branches by aBayes parametric test...
0.002 sec.
Total tree length: 1.326

Total number of iterations: 102
CPU time used for tree search: 0.703 sec (0h:0m:0s)
Wall-clock time used for tree search: 0.724 sec (0h:0m:0s)
Total CPU time used: 43.490 sec (0h:0m:43s)
Total wall-clock time used: 45.711 sec (0h:0m:45s)

Analysis results written to: 
  IQ-TREE report:                /home/mis/CSE6406-project/work/paper_subset_50x10_L800/ils_low/replicate_06/estimated_gene_trees/L800/jc/locus_0047.iqtree
  Maximum-likelihood tree:       /home/mis/CSE6406-project/work/paper_subset_50x10_L800/ils_low/replicate_06/estimated_gene_trees/L800/jc/locus_0047.treefile
  Likelihood distances:          /home/mis/CSE6406-project/work/paper_subset_50x10_L800/ils_low/replicate_06/estimated_gene_trees/L800/jc/locus_0047.mldist
  Screen log file:               /home/mis/CSE6406-project/work/paper_subset_50x10_L800/ils_low/replicate_06/estimated_gene_trees/L800/jc/locus_0047.log

Date and Time: Sat Sep 12 04:53:16 2026
