IQ-TREE multicore version 2.4.0 for Linux x86 64-bit built Feb 12 2025
Developed by Bui Quang Minh, Nguyen Lam Tung, Olga Chernomor, Heiko Schmidt,
Dominik Schrempf, Michael Woodhams, Ly Trong Nhan, Thomas Wong

Host:    ezmata (AVX2, FMA3, 15 GB RAM)
Command: /home/mis/miniconda3/envs/cse6406/bin/iqtree2 -s /home/mis/CSE6406-project/work/paper_subset_50x10_L800/ils_high/replicate_10/alignments/L800/locus_0003.phy -m GTR --abayes -T 1 --seed 7406004 --prefix /home/mis/CSE6406-project/work/paper_subset_50x10_L800/ils_high/replicate_10/estimated_gene_trees/L800/gtr/locus_0003 --redo --quiet
Seed:    7406004 (Using SPRNG - Scalable Parallel Random Number Generator)
Time:    Sat Sep 12 20:07:57 2026
Kernel:  AVX+FMA - 1 threads (16 CPU cores detected)

HINT: Use -nt option to specify number of threads because your CPU has 16 cores!
HINT: -nt AUTO will automatically determine the best number of threads to use.

Reading alignment file /home/mis/CSE6406-project/work/paper_subset_50x10_L800/ils_high/replicate_10/alignments/L800/locus_0003.phy ... Phylip format detected
Alignment most likely contains DNA/RNA sequences
Alignment has 21 sequences with 800 columns, 271 distinct patterns
201 parsimony-informative, 87 singleton sites, 512 constant sites
        Gap/Ambiguity  Composition  p-value
Analyzing sequences: done in 2.899e-05 secs using 96.59% CPU
   1  10_0_0    0.00%    passed     93.27%
   2  15_0_0    0.00%    passed     98.33%
   3  8_0_0     0.00%    passed     99.93%
   4  14_0_0    0.00%    passed     99.39%
   5  18_0_0    0.00%    passed     89.28%
   6  11_0_0    0.00%    passed     91.07%
   7  6_0_0     0.00%    passed     99.83%
   8  12_0_0    0.00%    passed     98.80%
   9  4_0_0     0.00%    passed     97.29%
  10  9_0_0     0.00%    passed     99.21%
  11  17_0_0    0.00%    passed     97.14%
  12  5_0_0     0.00%    passed     68.14%
  13  13_0_0    0.00%    passed     97.00%
  14  2_0_0     0.00%    passed     97.98%
  15  3_0_0     0.00%    passed     96.46%
  16  7_0_0     0.00%    passed     94.15%
  17  1_0_0     0.00%    passed     93.83%
  18  16_0_0    0.00%    passed     91.10%
  19  20_0_0    0.00%    passed     94.53%
  20  19_0_0    0.00%    passed     88.03%
  21  0_0_0     0.00%    passed     78.09%
****  TOTAL     0.00%  0 sequences failed composition chi2 test (p-value<5%; df=3)

Create initial parsimony tree by phylogenetic likelihood library (PLL)... 0.002 seconds

NOTE: 0 MB RAM (0 GB) is required!
Estimate model parameters (epsilon = 0.100)
1. Initial log-likelihood: -5363.652
2. Current log-likelihood: -5321.887
Optimal log-likelihood: -5321.827
Rate parameters:  A-C: 1.52639  A-G: 2.46856  A-T: 1.25392  C-G: 1.23394  C-T: 1.99491  G-T: 1.00000
Base frequencies:  A: 0.298  C: 0.197  G: 0.187  T: 0.318
Parameters optimization took 2 rounds (0.015 sec)
Wrote distance file to... 
Computing ML distances based on estimated model parameters...
Calculating distance matrix: done in 0.00150205 secs using 99.93% CPU
Computing ML distances took 0.001576 sec (of wall-clock time) 0.001580 sec (of CPU time)
Setting up auxiliary I and S matrices: done in 6.8422e-05 secs
Computing RapidNJ tree took 0.000264 sec (of wall-clock time) 0.000000 sec (of CPU time)
Log-likelihood of RapidNJ tree: -5368.576
--------------------------------------------------------------------
|             INITIALIZING CANDIDATE TREE SET                      |
--------------------------------------------------------------------
Generating 98 parsimony trees... 0.223 second
Computing log-likelihood of 98 initial trees ... 0.153 seconds
Current best score: -5321.827

Do NNI search on 20 best initial trees
Estimate model parameters (epsilon = 0.100)
BETTER TREE FOUND at iteration 1: -5321.827
Iteration 10 / LogL: -5321.832 / Time: 0h:0m:0s
Iteration 20 / LogL: -5321.837 / Time: 0h:0m:0s
Finish initializing candidate tree set (1)
Current best tree score: -5321.827 / CPU time: 0.673
Number of iterations: 20
--------------------------------------------------------------------
|               OPTIMIZING CANDIDATE TREE SET                      |
--------------------------------------------------------------------
Iteration 30 / LogL: -5398.981 / Time: 0h:0m:0s (0h:0m:2s left)
Iteration 40 / LogL: -5321.829 / Time: 0h:0m:1s (0h:0m:1s left)
Iteration 50 / LogL: -5423.463 / Time: 0h:0m:1s (0h:0m:1s left)
Iteration 60 / LogL: -5346.277 / Time: 0h:0m:1s (0h:0m:1s left)
Iteration 70 / LogL: -5346.293 / Time: 0h:0m:1s (0h:0m:0s left)
Iteration 80 / LogL: -5321.828 / Time: 0h:0m:1s (0h:0m:0s left)
Iteration 90 / LogL: -5346.281 / Time: 0h:0m:2s (0h:0m:0s left)
Iteration 100 / LogL: -5346.275 / Time: 0h:0m:2s (0h:0m:0s left)
TREE SEARCH COMPLETED AFTER 102 ITERATIONS / Time: 0h:0m:2s

--------------------------------------------------------------------
|                    FINALIZING TREE SEARCH                        |
--------------------------------------------------------------------
Performs final model parameters optimization
Estimate model parameters (epsilon = 0.010)
1. Initial log-likelihood: -5321.827
Optimal log-likelihood: -5321.827
Rate parameters:  A-C: 1.52800  A-G: 2.47099  A-T: 1.25564  C-G: 1.23567  C-T: 1.99758  G-T: 1.00000
Base frequencies:  A: 0.298  C: 0.197  G: 0.187  T: 0.318
Parameters optimization took 1 rounds (0.007 sec)
BEST SCORE FOUND : -5321.827

Testing tree branches by aBayes parametric test...
0.005 sec.
Total tree length: 1.046

Total number of iterations: 102
CPU time used for tree search: 2.208 sec (0h:0m:2s)
Wall-clock time used for tree search: 2.289 sec (0h:0m:2s)
Total CPU time used: 2.250 sec (0h:0m:2s)
Total wall-clock time used: 2.338 sec (0h:0m:2s)

Analysis results written to: 
  IQ-TREE report:                /home/mis/CSE6406-project/work/paper_subset_50x10_L800/ils_high/replicate_10/estimated_gene_trees/L800/gtr/locus_0003.iqtree
  Maximum-likelihood tree:       /home/mis/CSE6406-project/work/paper_subset_50x10_L800/ils_high/replicate_10/estimated_gene_trees/L800/gtr/locus_0003.treefile
  Likelihood distances:          /home/mis/CSE6406-project/work/paper_subset_50x10_L800/ils_high/replicate_10/estimated_gene_trees/L800/gtr/locus_0003.mldist
  Screen log file:               /home/mis/CSE6406-project/work/paper_subset_50x10_L800/ils_high/replicate_10/estimated_gene_trees/L800/gtr/locus_0003.log

Date and Time: Sat Sep 12 20:07:59 2026
