IQ-TREE multicore version 2.4.0 for Linux x86 64-bit built Feb 12 2025
Developed by Bui Quang Minh, Nguyen Lam Tung, Olga Chernomor, Heiko Schmidt,
Dominik Schrempf, Michael Woodhams, Ly Trong Nhan, Thomas Wong

Host:    ezmata (AVX2, FMA3, 15 GB RAM)
Command: /home/mis/miniconda3/envs/cse6406/bin/iqtree2 -s /home/mis/CSE6406-project/work/paper_subset_50x10_L800/ils_high/replicate_10/alignments/L800/locus_0022.phy -m GTR --abayes -T 1 --seed 7406023 --prefix /home/mis/CSE6406-project/work/paper_subset_50x10_L800/ils_high/replicate_10/estimated_gene_trees/L800/gtr/locus_0022 --redo --quiet
Seed:    7406023 (Using SPRNG - Scalable Parallel Random Number Generator)
Time:    Sat Sep 12 20:08:01 2026
Kernel:  AVX+FMA - 1 threads (16 CPU cores detected)

HINT: Use -nt option to specify number of threads because your CPU has 16 cores!
HINT: -nt AUTO will automatically determine the best number of threads to use.

Reading alignment file /home/mis/CSE6406-project/work/paper_subset_50x10_L800/ils_high/replicate_10/alignments/L800/locus_0022.phy ... Phylip format detected
Alignment most likely contains DNA/RNA sequences
Alignment has 21 sequences with 800 columns, 262 distinct patterns
178 parsimony-informative, 94 singleton sites, 528 constant sites
        Gap/Ambiguity  Composition  p-value
Analyzing sequences: done in 2.4046e-05 secs
   1  13_0_0    0.00%    passed     97.98%
   2  14_0_0    0.00%    passed     96.35%
   3  3_0_0     0.00%    passed     78.54%
   4  7_0_0     0.00%    passed     98.72%
   5  16_0_0    0.00%    passed     90.36%
   6  1_0_0     0.00%    passed     95.52%
   7  6_0_0     0.00%    passed     95.82%
   8  5_0_0     0.00%    passed     96.63%
   9  4_0_0     0.00%    passed     98.27%
  10  9_0_0     0.00%    passed     88.85%
  11  12_0_0    0.00%    passed     83.96%
  12  15_0_0    0.00%    passed     99.62%
  13  11_0_0    0.00%    passed     97.58%
  14  8_0_0     0.00%    passed     94.66%
  15  18_0_0    0.00%    passed     99.06%
  16  2_0_0     0.00%    passed     99.94%
  17  10_0_0    0.00%    passed     60.36%
  18  17_0_0    0.00%    passed     97.58%
  19  19_0_0    0.00%    passed     95.71%
  20  20_0_0    0.00%    passed     97.57%
  21  0_0_0     0.00%    passed     81.76%
****  TOTAL     0.00%  0 sequences failed composition chi2 test (p-value<5%; df=3)

Create initial parsimony tree by phylogenetic likelihood library (PLL)... 0.002 seconds

NOTE: 0 MB RAM (0 GB) is required!
Estimate model parameters (epsilon = 0.100)
1. Initial log-likelihood: -5460.201
2. Current log-likelihood: -5406.960
Optimal log-likelihood: -5406.899
Rate parameters:  A-C: 1.28550  A-G: 2.19022  A-T: 0.98449  C-G: 1.26421  C-T: 2.07447  G-T: 1.00000
Base frequencies:  A: 0.292  C: 0.194  G: 0.211  T: 0.303
Parameters optimization took 2 rounds (0.014 sec)
Wrote distance file to... 
Computing ML distances based on estimated model parameters...
Calculating distance matrix: done in 0.00150237 secs using 99.98% CPU
Computing ML distances took 0.001559 sec (of wall-clock time) 0.001563 sec (of CPU time)
Setting up auxiliary I and S matrices: done in 5.7839e-05 secs using 98.55% CPU
Computing RapidNJ tree took 0.000229 sec (of wall-clock time) 0.000228 sec (of CPU time)
Log-likelihood of RapidNJ tree: -5435.426
--------------------------------------------------------------------
|             INITIALIZING CANDIDATE TREE SET                      |
--------------------------------------------------------------------
Generating 98 parsimony trees... 0.150 second
Computing log-likelihood of 98 initial trees ... 0.129 seconds
Current best score: -5400.340

Do NNI search on 20 best initial trees
Estimate model parameters (epsilon = 0.100)
BETTER TREE FOUND at iteration 1: -5400.259
Iteration 10 / LogL: -5400.497 / Time: 0h:0m:0s
Iteration 20 / LogL: -5400.259 / Time: 0h:0m:0s
Finish initializing candidate tree set (2)
Current best tree score: -5400.259 / CPU time: 0.481
Number of iterations: 20
--------------------------------------------------------------------
|               OPTIMIZING CANDIDATE TREE SET                      |
--------------------------------------------------------------------
Iteration 30 / LogL: -5400.499 / Time: 0h:0m:0s (0h:0m:1s left)
Iteration 40 / LogL: -5400.260 / Time: 0h:0m:0s (0h:0m:1s left)
Iteration 50 / LogL: -5400.497 / Time: 0h:0m:0s (0h:0m:0s left)
Iteration 60 / LogL: -5400.518 / Time: 0h:0m:1s (0h:0m:0s left)
Iteration 70 / LogL: -5400.260 / Time: 0h:0m:1s (0h:0m:0s left)
Iteration 80 / LogL: -5400.259 / Time: 0h:0m:1s (0h:0m:0s left)
Iteration 90 / LogL: -5400.265 / Time: 0h:0m:1s (0h:0m:0s left)
Iteration 100 / LogL: -5400.259 / Time: 0h:0m:1s (0h:0m:0s left)
TREE SEARCH COMPLETED AFTER 102 ITERATIONS / Time: 0h:0m:1s

--------------------------------------------------------------------
|                    FINALIZING TREE SEARCH                        |
--------------------------------------------------------------------
Performs final model parameters optimization
Estimate model parameters (epsilon = 0.010)
1. Initial log-likelihood: -5400.259
Optimal log-likelihood: -5400.258
Rate parameters:  A-C: 1.24105  A-G: 2.15400  A-T: 0.96372  C-G: 1.22836  C-T: 2.06764  G-T: 1.00000
Base frequencies:  A: 0.292  C: 0.194  G: 0.211  T: 0.303
Parameters optimization took 1 rounds (0.002 sec)
BEST SCORE FOUND : -5400.258

Testing tree branches by aBayes parametric test...
0.002 sec.
Total tree length: 1.067

Total number of iterations: 102
CPU time used for tree search: 1.253 sec (0h:0m:1s)
Wall-clock time used for tree search: 1.319 sec (0h:0m:1s)
Total CPU time used: 1.289 sec (0h:0m:1s)
Total wall-clock time used: 1.354 sec (0h:0m:1s)

Analysis results written to: 
  IQ-TREE report:                /home/mis/CSE6406-project/work/paper_subset_50x10_L800/ils_high/replicate_10/estimated_gene_trees/L800/gtr/locus_0022.iqtree
  Maximum-likelihood tree:       /home/mis/CSE6406-project/work/paper_subset_50x10_L800/ils_high/replicate_10/estimated_gene_trees/L800/gtr/locus_0022.treefile
  Likelihood distances:          /home/mis/CSE6406-project/work/paper_subset_50x10_L800/ils_high/replicate_10/estimated_gene_trees/L800/gtr/locus_0022.mldist
  Screen log file:               /home/mis/CSE6406-project/work/paper_subset_50x10_L800/ils_high/replicate_10/estimated_gene_trees/L800/gtr/locus_0022.log

Date and Time: Sat Sep 12 20:08:02 2026
