IQ-TREE multicore version 2.4.0 for Linux x86 64-bit built Feb 12 2025
Developed by Bui Quang Minh, Nguyen Lam Tung, Olga Chernomor, Heiko Schmidt,
Dominik Schrempf, Michael Woodhams, Ly Trong Nhan, Thomas Wong

Host:    ezmata (AVX2, FMA3, 15 GB RAM)
Command: /home/mis/miniconda3/envs/cse6406/bin/iqtree2 -s /home/mis/CSE6406-project/work/paper_subset_50x10_L800/ils_high/replicate_10/alignments/L800/locus_0045.phy -m GTR --abayes -T 1 --seed 7406046 --prefix /home/mis/CSE6406-project/work/paper_subset_50x10_L800/ils_high/replicate_10/estimated_gene_trees/L800/gtr/locus_0045 --redo --quiet
Seed:    7406046 (Using SPRNG - Scalable Parallel Random Number Generator)
Time:    Sat Sep 12 20:08:05 2026
Kernel:  AVX+FMA - 1 threads (16 CPU cores detected)

HINT: Use -nt option to specify number of threads because your CPU has 16 cores!
HINT: -nt AUTO will automatically determine the best number of threads to use.

Reading alignment file /home/mis/CSE6406-project/work/paper_subset_50x10_L800/ils_high/replicate_10/alignments/L800/locus_0045.phy ... Phylip format detected
Alignment most likely contains DNA/RNA sequences
Alignment has 21 sequences with 800 columns, 263 distinct patterns
199 parsimony-informative, 67 singleton sites, 534 constant sites
        Gap/Ambiguity  Composition  p-value
Analyzing sequences: done in 2.2851e-05 secs
   1  0_0_0     0.00%    passed     97.02%
   2  13_0_0    0.00%    passed     75.85%
   3  3_0_0     0.00%    passed     86.61%
   4  7_0_0     0.00%    passed     98.33%
   5  17_0_0    0.00%    passed     99.31%
   6  9_0_0     0.00%    passed     98.70%
   7  4_0_0     0.00%    passed     99.98%
   8  12_0_0    0.00%    passed     98.84%
   9  5_0_0     0.00%    passed     96.90%
  10  6_0_0     0.00%    passed     91.27%
  11  11_0_0    0.00%    passed     99.67%
  12  14_0_0    0.00%    passed     99.52%
  13  8_0_0     0.00%    passed     91.84%
  14  15_0_0    0.00%    passed     89.17%
  15  18_0_0    0.00%    passed     92.57%
  16  2_0_0     0.00%    passed     95.85%
  17  10_0_0    0.00%    passed     88.35%
  18  1_0_0     0.00%    passed     94.05%
  19  16_0_0    0.00%    passed     97.36%
  20  19_0_0    0.00%    passed     95.08%
  21  20_0_0    0.00%    passed     97.78%
****  TOTAL     0.00%  0 sequences failed composition chi2 test (p-value<5%; df=3)

Create initial parsimony tree by phylogenetic likelihood library (PLL)... 0.001 seconds

NOTE: 0 MB RAM (0 GB) is required!
Estimate model parameters (epsilon = 0.100)
1. Initial log-likelihood: -5125.414
2. Current log-likelihood: -5079.463
Optimal log-likelihood: -5079.378
Rate parameters:  A-C: 1.22060  A-G: 2.21730  A-T: 1.25172  C-G: 1.04216  C-T: 2.30903  G-T: 1.00000
Base frequencies:  A: 0.303  C: 0.202  G: 0.221  T: 0.274
Parameters optimization took 2 rounds (0.014 sec)
Wrote distance file to... 
Computing ML distances based on estimated model parameters...
Calculating distance matrix: done in 0.00138494 secs using 93.72% CPU
Computing ML distances took 0.001444 sec (of wall-clock time) 0.001357 sec (of CPU time)
Setting up auxiliary I and S matrices: done in 5.8047e-05 secs using 98.2% CPU
Computing RapidNJ tree took 0.000229 sec (of wall-clock time) 0.000228 sec (of CPU time)
Log-likelihood of RapidNJ tree: -5094.867
--------------------------------------------------------------------
|             INITIALIZING CANDIDATE TREE SET                      |
--------------------------------------------------------------------
Generating 98 parsimony trees... 0.161 second
Computing log-likelihood of 98 initial trees ... 0.127 seconds
Current best score: -5077.652

Do NNI search on 20 best initial trees
Estimate model parameters (epsilon = 0.100)
BETTER TREE FOUND at iteration 1: -5077.595
Iteration 10 / LogL: -5077.595 / Time: 0h:0m:0s
Iteration 20 / LogL: -5077.595 / Time: 0h:0m:0s
Finish initializing candidate tree set (2)
Current best tree score: -5077.595 / CPU time: 0.510
Number of iterations: 20
--------------------------------------------------------------------
|               OPTIMIZING CANDIDATE TREE SET                      |
--------------------------------------------------------------------
Iteration 30 / LogL: -5077.619 / Time: 0h:0m:0s (0h:0m:1s left)
Iteration 40 / LogL: -5077.619 / Time: 0h:0m:0s (0h:0m:1s left)
Iteration 50 / LogL: -5104.511 / Time: 0h:0m:0s (0h:0m:0s left)
Iteration 60 / LogL: -5104.510 / Time: 0h:0m:1s (0h:0m:0s left)
Iteration 70 / LogL: -5104.527 / Time: 0h:0m:1s (0h:0m:0s left)
Iteration 80 / LogL: -5077.596 / Time: 0h:0m:1s (0h:0m:0s left)
Iteration 90 / LogL: -5104.516 / Time: 0h:0m:1s (0h:0m:0s left)
Iteration 100 / LogL: -5077.595 / Time: 0h:0m:1s (0h:0m:0s left)
TREE SEARCH COMPLETED AFTER 102 ITERATIONS / Time: 0h:0m:1s

--------------------------------------------------------------------
|                    FINALIZING TREE SEARCH                        |
--------------------------------------------------------------------
Performs final model parameters optimization
Estimate model parameters (epsilon = 0.010)
1. Initial log-likelihood: -5077.595
Optimal log-likelihood: -5077.593
Rate parameters:  A-C: 1.21053  A-G: 2.22400  A-T: 1.27216  C-G: 1.02987  C-T: 2.29796  G-T: 1.00000
Base frequencies:  A: 0.303  C: 0.202  G: 0.221  T: 0.274
Parameters optimization took 1 rounds (0.002 sec)
BEST SCORE FOUND : -5077.593

Testing tree branches by aBayes parametric test...
0.002 sec.
Total tree length: 0.969

Total number of iterations: 102
CPU time used for tree search: 1.436 sec (0h:0m:1s)
Wall-clock time used for tree search: 1.513 sec (0h:0m:1s)
Total CPU time used: 1.470 sec (0h:0m:1s)
Total wall-clock time used: 1.548 sec (0h:0m:1s)

Analysis results written to: 
  IQ-TREE report:                /home/mis/CSE6406-project/work/paper_subset_50x10_L800/ils_high/replicate_10/estimated_gene_trees/L800/gtr/locus_0045.iqtree
  Maximum-likelihood tree:       /home/mis/CSE6406-project/work/paper_subset_50x10_L800/ils_high/replicate_10/estimated_gene_trees/L800/gtr/locus_0045.treefile
  Likelihood distances:          /home/mis/CSE6406-project/work/paper_subset_50x10_L800/ils_high/replicate_10/estimated_gene_trees/L800/gtr/locus_0045.mldist
  Screen log file:               /home/mis/CSE6406-project/work/paper_subset_50x10_L800/ils_high/replicate_10/estimated_gene_trees/L800/gtr/locus_0045.log

Date and Time: Sat Sep 12 20:08:07 2026
