IQ-TREE multicore version 2.4.0 for Linux x86 64-bit built Feb 12 2025
Developed by Bui Quang Minh, Nguyen Lam Tung, Olga Chernomor, Heiko Schmidt,
Dominik Schrempf, Michael Woodhams, Ly Trong Nhan, Thomas Wong

Host:    ezmata (AVX2, FMA3, 15 GB RAM)
Command: /home/mis/miniconda3/envs/cse6406/bin/iqtree2 -s /home/mis/CSE6406-project/work/paper_subset_50x10_L200/ils_high/replicate_02/alignments/L200/locus_0003.phy -m GTR+G4 --abayes -T 1 --seed 6606004 --prefix /home/mis/CSE6406-project/work/paper_subset_50x10_L200/ils_high/replicate_02/estimated_gene_trees/L200/gtr_g4/locus_0003 --redo --quiet
Seed:    6606004 (Using SPRNG - Scalable Parallel Random Number Generator)
Time:    Sat Sep 12 21:39:19 2026
Kernel:  AVX+FMA - 1 threads (16 CPU cores detected)

HINT: Use -nt option to specify number of threads because your CPU has 16 cores!
HINT: -nt AUTO will automatically determine the best number of threads to use.

Reading alignment file /home/mis/CSE6406-project/work/paper_subset_50x10_L200/ils_high/replicate_02/alignments/L200/locus_0003.phy ... Phylip format detected
Alignment most likely contains DNA/RNA sequences
Alignment has 21 sequences with 200 columns, 117 distinct patterns
97 parsimony-informative, 17 singleton sites, 86 constant sites
        Gap/Ambiguity  Composition  p-value
Analyzing sequences: done in 9.305e-06 secs using 85.98% CPU
   1  1_0_0     0.00%    passed     73.34%
   2  4_0_0     0.00%    passed     87.81%
   3  2_0_0     0.00%    passed     82.55%
   4  3_0_0     0.00%    passed     99.94%
   5  6_0_0     0.00%    passed     98.49%
   6  17_0_0    0.00%    passed     45.01%
   7  12_0_0    0.00%    passed     95.07%
   8  20_0_0    0.00%    passed     91.69%
   9  13_0_0    0.00%    passed     91.77%
  10  7_0_0     0.00%    passed     96.12%
  11  19_0_0    0.00%    passed     94.65%
  12  15_0_0    0.00%    passed     98.54%
  13  18_0_0    0.00%    passed     59.58%
  14  14_0_0    0.00%    passed     80.42%
  15  8_0_0     0.00%    passed     92.08%
  16  10_0_0    0.00%    passed     88.55%
  17  16_0_0    0.00%    passed     81.34%
  18  9_0_0     0.00%    passed     66.92%
  19  11_0_0    0.00%    passed     30.12%
  20  5_0_0     0.00%    passed     82.87%
  21  0_0_0     0.00%    passed     97.64%
****  TOTAL     0.00%  0 sequences failed composition chi2 test (p-value<5%; df=3)

Create initial parsimony tree by phylogenetic likelihood library (PLL)... 0.001 seconds

NOTE: 0 MB RAM (0 GB) is required!
Estimate model parameters (epsilon = 0.100)
1. Initial log-likelihood: -2886.132
2. Current log-likelihood: -2754.298
3. Current log-likelihood: -2726.828
4. Current log-likelihood: -2719.101
5. Current log-likelihood: -2716.771
6. Current log-likelihood: -2715.849
7. Current log-likelihood: -2715.433
8. Current log-likelihood: -2715.188
9. Current log-likelihood: -2715.084
Optimal log-likelihood: -2714.968
Rate parameters:  A-C: 1.01756  A-G: 1.84663  A-T: 0.83294  C-G: 1.33009  C-T: 2.77867  G-T: 1.00000
Base frequencies:  A: 0.312  C: 0.218  G: 0.177  T: 0.293
Gamma shape alpha: 0.182
Parameters optimization took 9 rounds (0.047 sec)
Wrote distance file to... 
Computing ML distances based on estimated model parameters...
Calculating distance matrix: done in 0.00237842 secs using 99.06% CPU
Computing ML distances took 0.002412 sec (of wall-clock time) 0.002391 sec (of CPU time)
WARNING: Some pairwise ML distances are too long (saturated)
Setting up auxiliary I and S matrices: done in 4.7892e-05 secs using 98.14% CPU
Computing RapidNJ tree took 0.000175 sec (of wall-clock time) 0.000175 sec (of CPU time)
Log-likelihood of RapidNJ tree: -2723.856
--------------------------------------------------------------------
|             INITIALIZING CANDIDATE TREE SET                      |
--------------------------------------------------------------------
Generating 98 parsimony trees... 0.070 second
Computing log-likelihood of 98 initial trees ... 0.109 seconds
Current best score: -2714.968

Do NNI search on 20 best initial trees
Estimate model parameters (epsilon = 0.100)
BETTER TREE FOUND at iteration 1: -2699.113
Estimate model parameters (epsilon = 0.100)
BETTER TREE FOUND at iteration 3: -2697.377
Estimate model parameters (epsilon = 0.100)
BETTER TREE FOUND at iteration 4: -2692.156
UPDATE BEST LOG-LIKELIHOOD: -2692.155
Iteration 10 / LogL: -2694.200 / Time: 0h:0m:0s
Iteration 20 / LogL: -2698.620 / Time: 0h:0m:1s
Finish initializing candidate tree set (19)
Current best tree score: -2692.155 / CPU time: 1.228
Number of iterations: 20
--------------------------------------------------------------------
|               OPTIMIZING CANDIDATE TREE SET                      |
--------------------------------------------------------------------
UPDATE BEST LOG-LIKELIHOOD: -2692.155
Iteration 30 / LogL: -2693.189 / Time: 0h:0m:1s (0h:0m:4s left)
Estimate model parameters (epsilon = 0.100)
BETTER TREE FOUND at iteration 35: -2691.910
Iteration 40 / LogL: -2692.066 / Time: 0h:0m:1s (0h:0m:4s left)
UPDATE BEST LOG-LIKELIHOOD: -2691.908
BETTER TREE FOUND at iteration 44: -2691.908
UPDATE BEST LOG-LIKELIHOOD: -2691.908
Iteration 50 / LogL: -2698.718 / Time: 0h:0m:2s (0h:0m:4s left)
UPDATE BEST LOG-LIKELIHOOD: -2691.908
Iteration 60 / LogL: -2691.908 / Time: 0h:0m:2s (0h:0m:3s left)
Iteration 70 / LogL: -2693.517 / Time: 0h:0m:2s (0h:0m:3s left)
Iteration 80 / LogL: -2694.411 / Time: 0h:0m:3s (0h:0m:2s left)
UPDATE BEST LOG-LIKELIHOOD: -2691.908
Iteration 90 / LogL: -2691.908 / Time: 0h:0m:3s (0h:0m:2s left)
Iteration 100 / LogL: -2691.908 / Time: 0h:0m:4s (0h:0m:1s left)
UPDATE BEST LOG-LIKELIHOOD: -2691.908
UPDATE BEST LOG-LIKELIHOOD: -2691.907
Iteration 110 / LogL: -2691.908 / Time: 0h:0m:4s (0h:0m:1s left)
Iteration 120 / LogL: -2691.908 / Time: 0h:0m:4s (0h:0m:0s left)
Iteration 130 / LogL: -2692.822 / Time: 0h:0m:5s (0h:0m:0s left)
Iteration 140 / LogL: -2693.198 / Time: 0h:0m:5s (0h:0m:0s left)
TREE SEARCH COMPLETED AFTER 145 ITERATIONS / Time: 0h:0m:5s

--------------------------------------------------------------------
|                    FINALIZING TREE SEARCH                        |
--------------------------------------------------------------------
Performs final model parameters optimization
Estimate model parameters (epsilon = 0.010)
1. Initial log-likelihood: -2691.907
Optimal log-likelihood: -2691.905
Rate parameters:  A-C: 1.13175  A-G: 1.80593  A-T: 0.94654  C-G: 1.34397  C-T: 3.04038  G-T: 1.00000
Base frequencies:  A: 0.312  C: 0.218  G: 0.177  T: 0.293
Gamma shape alpha: 0.172
Parameters optimization took 1 rounds (0.003 sec)
BEST SCORE FOUND : -2691.905

Testing tree branches by aBayes parametric test...
0.003 sec.
Total tree length: 33.531

Total number of iterations: 145
CPU time used for tree search: 5.228 sec (0h:0m:5s)
Wall-clock time used for tree search: 5.465 sec (0h:0m:5s)
Total CPU time used: 5.300 sec (0h:0m:5s)
Total wall-clock time used: 5.537 sec (0h:0m:5s)

Analysis results written to: 
  IQ-TREE report:                /home/mis/CSE6406-project/work/paper_subset_50x10_L200/ils_high/replicate_02/estimated_gene_trees/L200/gtr_g4/locus_0003.iqtree
  Maximum-likelihood tree:       /home/mis/CSE6406-project/work/paper_subset_50x10_L200/ils_high/replicate_02/estimated_gene_trees/L200/gtr_g4/locus_0003.treefile
  Likelihood distances:          /home/mis/CSE6406-project/work/paper_subset_50x10_L200/ils_high/replicate_02/estimated_gene_trees/L200/gtr_g4/locus_0003.mldist
  Screen log file:               /home/mis/CSE6406-project/work/paper_subset_50x10_L200/ils_high/replicate_02/estimated_gene_trees/L200/gtr_g4/locus_0003.log

Date and Time: Sat Sep 12 21:39:25 2026
