IQ-TREE multicore version 2.4.0 for MacOS ARM 64-bit built Feb 12 2025
Developed by Bui Quang Minh, Nguyen Lam Tung, Olga Chernomor, Heiko Schmidt,
Dominik Schrempf, Michael Woodhams, Ly Trong Nhan, Thomas Wong

Host:    Fahims-MacBook-Air.local (SSE4.2, 16 GB RAM)
Command: /Users/fahim/miniconda3/envs/cse6406/bin/iqtree2 -s /Users/fahim/CSE6406-project/work/paper_subset_50x10_L1600/ils_high/replicate_05/alignments/L1600/locus_0049.phy -m HKY --abayes -T AUTO --seed 6906050 --prefix /Users/fahim/CSE6406-project/work/paper_subset_50x10_L1600/ils_high/replicate_05/estimated_gene_trees/L1600/hky/locus_0049 --redo --quiet
Seed:    6906050 (Using SPRNG - Scalable Parallel Random Number Generator)
Time:    Sat Sep 12 10:49:26 2026
Kernel:  SSE2 - auto-detect threads (10 CPU cores detected)

Reading alignment file /Users/fahim/CSE6406-project/work/paper_subset_50x10_L1600/ils_high/replicate_05/alignments/L1600/locus_0049.phy ... Phylip format detected
Alignment most likely contains DNA/RNA sequences
Alignment has 21 sequences with 1600 columns, 535 distinct patterns
396 parsimony-informative, 199 singleton sites, 1005 constant sites
        Gap/Ambiguity  Composition  p-value
Analyzing sequences: done in 3.40939e-05 secs using 111.5% CPU
   1  0_0_0     0.00%    passed     54.47%
   2  18_0_0    0.00%    passed     95.36%
   3  20_0_0    0.00%    passed     86.43%
   4  17_0_0    0.00%    passed     91.14%
   5  19_0_0    0.00%    passed     67.44%
   6  14_0_0    0.00%    passed     96.02%
   7  15_0_0    0.00%    passed     94.84%
   8  6_0_0     0.00%    passed     98.53%
   9  9_0_0     0.00%    passed     94.71%
  10  11_0_0    0.00%    passed     84.39%
  11  7_0_0     0.00%    passed     94.36%
  12  8_0_0     0.00%    passed     94.90%
  13  2_0_0     0.00%    passed     99.54%
  14  1_0_0     0.00%    passed     99.30%
  15  4_0_0     0.00%    passed     99.72%
  16  3_0_0     0.00%    passed     94.74%
  17  16_0_0    0.00%    passed     98.04%
  18  13_0_0    0.00%    passed     90.12%
  19  12_0_0    0.00%    passed     96.89%
  20  10_0_0    0.00%    passed     88.72%
  21  5_0_0     0.00%    passed     84.70%
****  TOTAL     0.00%  0 sequences failed composition chi2 test (p-value<5%; df=3)

Create initial parsimony tree by phylogenetic likelihood library (PLL)... 0.000 seconds

NOTE: 0 MB RAM (0 GB) is required!
Measuring multi-threading efficiency up to 10 CPU cores
Increase to 10 rounds for branch lengths
6381 trees examined
Threads: 1 / Time: 10.001 sec / Speedup: 1.000 / Efficiency: 100% / LogL: -13045
Threads: 2 / Time: 25.526 sec / Speedup: 0.392 / Efficiency: 20% / LogL: -13045
BEST NUMBER OF THREADS: 1

Estimate model parameters (epsilon = 0.100)
1. Initial log-likelihood: -11774.810
2. Current log-likelihood: -11683.576
Optimal log-likelihood: -11683.488
Rate parameters:  A-C: 1.00000  A-G: 1.82757  A-T: 1.00000  C-G: 1.00000  C-T: 1.82757  G-T: 1.00000
Base frequencies:  A: 0.307  C: 0.191  G: 0.197  T: 0.306
Parameters optimization took 2 rounds (0.003 sec)
Wrote distance file to... 
Computing ML distances based on estimated model parameters...
Calculating distance matrix: done in 0.000393152 secs using 98.44% CPU
Computing ML distances took 0.000421 sec (of wall-clock time) 0.000409 sec (of CPU time)
Setting up auxiliary I and S matrices: done in 1.40667e-05 secs using 71.09% CPU
Computing RapidNJ tree took 0.000059 sec (of wall-clock time) 0.000063 sec (of CPU time)
Log-likelihood of RapidNJ tree: -11772.033
--------------------------------------------------------------------
|             INITIALIZING CANDIDATE TREE SET                      |
--------------------------------------------------------------------
Generating 98 parsimony trees... 0.063 second
Computing log-likelihood of 98 initial trees ... 0.042 seconds
Current best score: -11675.010

Do NNI search on 20 best initial trees
Estimate model parameters (epsilon = 0.100)
BETTER TREE FOUND at iteration 1: -11668.823
Iteration 10 / LogL: -11682.302 / Time: 0h:0m:35s
Iteration 20 / LogL: -11682.289 / Time: 0h:0m:35s
Finish initializing candidate tree set (3)
Current best tree score: -11668.823 / CPU time: 0.207
Number of iterations: 20
--------------------------------------------------------------------
|               OPTIMIZING CANDIDATE TREE SET                      |
--------------------------------------------------------------------
Iteration 30 / LogL: -11668.865 / Time: 0h:0m:35s (0h:1m:27s left)
Iteration 40 / LogL: -11698.684 / Time: 0h:0m:35s (0h:0m:56s left)
Iteration 50 / LogL: -11682.289 / Time: 0h:0m:35s (0h:0m:37s left)
Iteration 60 / LogL: -11675.877 / Time: 0h:0m:35s (0h:0m:25s left)
Iteration 70 / LogL: -11682.306 / Time: 0h:0m:36s (0h:0m:16s left)
Iteration 80 / LogL: -11668.824 / Time: 0h:0m:36s (0h:0m:9s left)
Iteration 90 / LogL: -11668.824 / Time: 0h:0m:36s (0h:0m:4s left)
Iteration 100 / LogL: -11668.831 / Time: 0h:0m:36s (0h:0m:0s left)
TREE SEARCH COMPLETED AFTER 102 ITERATIONS / Time: 0h:0m:36s

--------------------------------------------------------------------
|                    FINALIZING TREE SEARCH                        |
--------------------------------------------------------------------
Performs final model parameters optimization
Estimate model parameters (epsilon = 0.010)
1. Initial log-likelihood: -11668.823
Optimal log-likelihood: -11668.823
Rate parameters:  A-C: 1.00000  A-G: 1.87295  A-T: 1.00000  C-G: 1.00000  C-T: 1.87295  G-T: 1.00000
Base frequencies:  A: 0.307  C: 0.191  G: 0.197  T: 0.306
Parameters optimization took 1 rounds (0.001 sec)
BEST SCORE FOUND : -11668.823

Testing tree branches by aBayes parametric test...
0.002 sec.
Total tree length: 1.246

Total number of iterations: 102
CPU time used for tree search: 0.698 sec (0h:0m:0s)
Wall-clock time used for tree search: 0.700 sec (0h:0m:0s)
Total CPU time used: 29.104 sec (0h:0m:29s)
Total wall-clock time used: 36.238 sec (0h:0m:36s)

Analysis results written to: 
  IQ-TREE report:                /Users/fahim/CSE6406-project/work/paper_subset_50x10_L1600/ils_high/replicate_05/estimated_gene_trees/L1600/hky/locus_0049.iqtree
  Maximum-likelihood tree:       /Users/fahim/CSE6406-project/work/paper_subset_50x10_L1600/ils_high/replicate_05/estimated_gene_trees/L1600/hky/locus_0049.treefile
  Likelihood distances:          /Users/fahim/CSE6406-project/work/paper_subset_50x10_L1600/ils_high/replicate_05/estimated_gene_trees/L1600/hky/locus_0049.mldist
  Screen log file:               /Users/fahim/CSE6406-project/work/paper_subset_50x10_L1600/ils_high/replicate_05/estimated_gene_trees/L1600/hky/locus_0049.log

Date and Time: Sat Sep 12 10:50:02 2026
