IQ-TREE multicore version 2.4.0 for MacOS ARM 64-bit built Feb 12 2025
Developed by Bui Quang Minh, Nguyen Lam Tung, Olga Chernomor, Heiko Schmidt,
Dominik Schrempf, Michael Woodhams, Ly Trong Nhan, Thomas Wong

Host:    Fahims-MacBook-Air.local (SSE4.2, 16 GB RAM)
Command: /Users/fahim/miniconda3/envs/cse6406/bin/iqtree2 -s /Users/fahim/CSE6406-project/work/paper_subset_50x10_L1600/ils_high/replicate_05/alignments/L1600/locus_0014.phy -m HKY --abayes -T AUTO --seed 6906015 --prefix /Users/fahim/CSE6406-project/work/paper_subset_50x10_L1600/ils_high/replicate_05/estimated_gene_trees/L1600/hky/locus_0014 --redo --quiet
Seed:    6906015 (Using SPRNG - Scalable Parallel Random Number Generator)
Time:    Sat Sep 12 10:28:21 2026
Kernel:  SSE2 - auto-detect threads (10 CPU cores detected)

Reading alignment file /Users/fahim/CSE6406-project/work/paper_subset_50x10_L1600/ils_high/replicate_05/alignments/L1600/locus_0014.phy ... Phylip format detected
Alignment most likely contains DNA/RNA sequences
Alignment has 21 sequences with 1600 columns, 564 distinct patterns
437 parsimony-informative, 171 singleton sites, 992 constant sites
        Gap/Ambiguity  Composition  p-value
Analyzing sequences: done in 3.40939e-05 secs using 117.3% CPU
   1  0_0_0     0.00%    passed     99.97%
   2  3_0_0     0.00%    passed     94.81%
   3  4_0_0     0.00%    passed     99.85%
   4  1_0_0     0.00%    passed     91.81%
   5  12_0_0    0.00%    passed     89.65%
   6  8_0_0     0.00%    passed     92.45%
   7  7_0_0     0.00%    passed     56.22%
   8  5_0_0     0.00%    passed     97.69%
   9  9_0_0     0.00%    passed     97.59%
  10  11_0_0    0.00%    passed     91.99%
  11  6_0_0     0.00%    passed     99.29%
  12  10_0_0    0.00%    passed     93.75%
  13  20_0_0    0.00%    passed     90.43%
  14  15_0_0    0.00%    passed     99.00%
  15  2_0_0     0.00%    passed     96.64%
  16  14_0_0    0.00%    passed     97.25%
  17  16_0_0    0.00%    passed     77.51%
  18  19_0_0    0.00%    passed     80.16%
  19  17_0_0    0.00%    passed     68.53%
  20  13_0_0    0.00%    passed     96.92%
  21  18_0_0    0.00%    passed     98.39%
****  TOTAL     0.00%  0 sequences failed composition chi2 test (p-value<5%; df=3)

Create initial parsimony tree by phylogenetic likelihood library (PLL)... 0.000 seconds

NOTE: 0 MB RAM (0 GB) is required!
Measuring multi-threading efficiency up to 10 CPU cores
Increase to 10 rounds for branch lengths
5078 trees examined
Threads: 1 / Time: 10.001 sec / Speedup: 1.000 / Efficiency: 100% / LogL: -14466
Threads: 2 / Time: 24.600 sec / Speedup: 0.407 / Efficiency: 20% / LogL: -14466
BEST NUMBER OF THREADS: 1

Estimate model parameters (epsilon = 0.100)
1. Initial log-likelihood: -11853.164
2. Current log-likelihood: -11755.817
Optimal log-likelihood: -11755.736
Rate parameters:  A-C: 1.00000  A-G: 1.87297  A-T: 1.00000  C-G: 1.00000  C-T: 1.87297  G-T: 1.00000
Base frequencies:  A: 0.301  C: 0.197  G: 0.203  T: 0.299
Parameters optimization took 2 rounds (0.003 sec)
Wrote distance file to... 
Computing ML distances based on estimated model parameters...
Calculating distance matrix: done in 0.00040102 secs using 98.75% CPU
Computing ML distances took 0.000429 sec (of wall-clock time) 0.000417 sec (of CPU time)
Setting up auxiliary I and S matrices: done in 1.40667e-05 secs using 71.09% CPU
Computing RapidNJ tree took 0.000051 sec (of wall-clock time) 0.000042 sec (of CPU time)
Log-likelihood of RapidNJ tree: -11776.391
--------------------------------------------------------------------
|             INITIALIZING CANDIDATE TREE SET                      |
--------------------------------------------------------------------
Generating 98 parsimony trees... 0.054 second
Computing log-likelihood of 98 initial trees ... 0.043 seconds
Current best score: -11755.736

Do NNI search on 20 best initial trees
Estimate model parameters (epsilon = 0.100)
BETTER TREE FOUND at iteration 1: -11755.487
Iteration 10 / LogL: -11770.581 / Time: 0h:0m:34s
Iteration 20 / LogL: -11759.545 / Time: 0h:0m:34s
Finish initializing candidate tree set (11)
Current best tree score: -11755.487 / CPU time: 0.183
Number of iterations: 20
--------------------------------------------------------------------
|               OPTIMIZING CANDIDATE TREE SET                      |
--------------------------------------------------------------------
Iteration 30 / LogL: -11769.541 / Time: 0h:0m:34s (0h:1m:25s left)
Iteration 40 / LogL: -11756.615 / Time: 0h:0m:34s (0h:0m:54s left)
Iteration 50 / LogL: -11756.149 / Time: 0h:0m:34s (0h:0m:36s left)
Iteration 60 / LogL: -11755.487 / Time: 0h:0m:35s (0h:0m:24s left)
Iteration 70 / LogL: -11756.132 / Time: 0h:0m:35s (0h:0m:15s left)
Iteration 80 / LogL: -11759.545 / Time: 0h:0m:35s (0h:0m:9s left)
Iteration 90 / LogL: -11756.163 / Time: 0h:0m:35s (0h:0m:4s left)
Iteration 100 / LogL: -11756.695 / Time: 0h:0m:35s (0h:0m:0s left)
TREE SEARCH COMPLETED AFTER 102 ITERATIONS / Time: 0h:0m:35s

--------------------------------------------------------------------
|                    FINALIZING TREE SEARCH                        |
--------------------------------------------------------------------
Performs final model parameters optimization
Estimate model parameters (epsilon = 0.010)
1. Initial log-likelihood: -11755.487
Optimal log-likelihood: -11755.487
Rate parameters:  A-C: 1.00000  A-G: 1.87415  A-T: 1.00000  C-G: 1.00000  C-T: 1.87415  G-T: 1.00000
Base frequencies:  A: 0.301  C: 0.197  G: 0.203  T: 0.299
Parameters optimization took 1 rounds (0.001 sec)
BEST SCORE FOUND : -11755.487

Testing tree branches by aBayes parametric test...
0.002 sec.
Total tree length: 1.219

Total number of iterations: 102
CPU time used for tree search: 0.708 sec (0h:0m:0s)
Wall-clock time used for tree search: 0.710 sec (0h:0m:0s)
Total CPU time used: 28.748 sec (0h:0m:28s)
Total wall-clock time used: 35.322 sec (0h:0m:35s)

Analysis results written to: 
  IQ-TREE report:                /Users/fahim/CSE6406-project/work/paper_subset_50x10_L1600/ils_high/replicate_05/estimated_gene_trees/L1600/hky/locus_0014.iqtree
  Maximum-likelihood tree:       /Users/fahim/CSE6406-project/work/paper_subset_50x10_L1600/ils_high/replicate_05/estimated_gene_trees/L1600/hky/locus_0014.treefile
  Likelihood distances:          /Users/fahim/CSE6406-project/work/paper_subset_50x10_L1600/ils_high/replicate_05/estimated_gene_trees/L1600/hky/locus_0014.mldist
  Screen log file:               /Users/fahim/CSE6406-project/work/paper_subset_50x10_L1600/ils_high/replicate_05/estimated_gene_trees/L1600/hky/locus_0014.log

Date and Time: Sat Sep 12 10:28:56 2026
