IQ-TREE multicore version 2.4.0 for Linux x86 64-bit built Feb 12 2025
Developed by Bui Quang Minh, Nguyen Lam Tung, Olga Chernomor, Heiko Schmidt,
Dominik Schrempf, Michael Woodhams, Ly Trong Nhan, Thomas Wong

Host:    ezmata (AVX2, FMA3, 15 GB RAM)
Command: /home/mis/miniconda3/envs/cse6406/bin/iqtree2 -s /home/mis/CSE6406-project/work/paper_subset_50x10_L800/ils_high/replicate_04/alignments/L800/locus_0004.phy -m GTR --abayes -T 1 --seed 6806005 --prefix /home/mis/CSE6406-project/work/paper_subset_50x10_L800/ils_high/replicate_04/estimated_gene_trees/L800/gtr/locus_0004 --redo --quiet
Seed:    6806005 (Using SPRNG - Scalable Parallel Random Number Generator)
Time:    Sat Sep 12 19:56:48 2026
Kernel:  AVX+FMA - 1 threads (16 CPU cores detected)

HINT: Use -nt option to specify number of threads because your CPU has 16 cores!
HINT: -nt AUTO will automatically determine the best number of threads to use.

Reading alignment file /home/mis/CSE6406-project/work/paper_subset_50x10_L800/ils_high/replicate_04/alignments/L800/locus_0004.phy ... Phylip format detected
Alignment most likely contains DNA/RNA sequences
Alignment has 21 sequences with 800 columns, 274 distinct patterns
185 parsimony-informative, 97 singleton sites, 518 constant sites
        Gap/Ambiguity  Composition  p-value
Analyzing sequences: done in 2.6763e-05 secs
   1  20_0_0    0.00%    passed     97.65%
   2  18_0_0    0.00%    passed     98.30%
   3  16_0_0    0.00%    passed     99.81%
   4  1_0_0     0.00%    passed     98.10%
   5  4_0_0     0.00%    passed     98.51%
   6  12_0_0    0.00%    passed     98.55%
   7  9_0_0     0.00%    passed     93.95%
   8  3_0_0     0.00%    passed     97.66%
   9  13_0_0    0.00%    passed     99.31%
  10  6_0_0     0.00%    passed     95.85%
  11  14_0_0    0.00%    passed     97.21%
  12  10_0_0    0.00%    passed     92.54%
  13  19_0_0    0.00%    passed     96.87%
  14  17_0_0    0.00%    passed     97.66%
  15  8_0_0     0.00%    passed     97.42%
  16  5_0_0     0.00%    passed     96.94%
  17  11_0_0    0.00%    passed     99.65%
  18  7_0_0     0.00%    passed     99.98%
  19  2_0_0     0.00%    passed     84.16%
  20  15_0_0    0.00%    passed     97.23%
  21  0_0_0     0.00%    passed     99.95%
****  TOTAL     0.00%  0 sequences failed composition chi2 test (p-value<5%; df=3)

Create initial parsimony tree by phylogenetic likelihood library (PLL)... 0.001 seconds

NOTE: 0 MB RAM (0 GB) is required!
Estimate model parameters (epsilon = 0.100)
1. Initial log-likelihood: -5353.934
2. Current log-likelihood: -5316.059
Optimal log-likelihood: -5315.981
Rate parameters:  A-C: 1.38585  A-G: 1.90168  A-T: 1.10061  C-G: 1.23334  C-T: 2.00623  G-T: 1.00000
Base frequencies:  A: 0.303  C: 0.187  G: 0.199  T: 0.310
Parameters optimization took 2 rounds (0.014 sec)
Wrote distance file to... 
Computing ML distances based on estimated model parameters...
Calculating distance matrix: done in 0.00142858 secs using 88.48% CPU
Computing ML distances took 0.001491 sec (of wall-clock time) 0.001323 sec (of CPU time)
Setting up auxiliary I and S matrices: done in 6.6646e-05 secs
Computing RapidNJ tree took 0.000273 sec (of wall-clock time) 0.000000 sec (of CPU time)
Log-likelihood of RapidNJ tree: -5359.808
--------------------------------------------------------------------
|             INITIALIZING CANDIDATE TREE SET                      |
--------------------------------------------------------------------
Generating 98 parsimony trees... 0.198 second
Computing log-likelihood of 98 initial trees ... 0.138 seconds
Current best score: -5310.530

Do NNI search on 20 best initial trees
Estimate model parameters (epsilon = 0.100)
BETTER TREE FOUND at iteration 1: -5310.376
Estimate model parameters (epsilon = 0.100)
BETTER TREE FOUND at iteration 3: -5309.054
Iteration 10 / LogL: -5309.351 / Time: 0h:0m:0s
Iteration 20 / LogL: -5311.272 / Time: 0h:0m:0s
Finish initializing candidate tree set (12)
Current best tree score: -5309.054 / CPU time: 0.524
Number of iterations: 20
--------------------------------------------------------------------
|               OPTIMIZING CANDIDATE TREE SET                      |
--------------------------------------------------------------------
Iteration 30 / LogL: -5311.283 / Time: 0h:0m:0s (0h:0m:1s left)
Iteration 40 / LogL: -5309.055 / Time: 0h:0m:0s (0h:0m:1s left)
Iteration 50 / LogL: -5309.055 / Time: 0h:0m:0s (0h:0m:0s left)
Iteration 60 / LogL: -5311.304 / Time: 0h:0m:0s (0h:0m:0s left)
Iteration 70 / LogL: -5310.387 / Time: 0h:0m:1s (0h:0m:0s left)
Iteration 80 / LogL: -5313.218 / Time: 0h:0m:1s (0h:0m:0s left)
Iteration 90 / LogL: -5311.278 / Time: 0h:0m:1s (0h:0m:0s left)
Iteration 100 / LogL: -5309.055 / Time: 0h:0m:1s (0h:0m:0s left)
TREE SEARCH COMPLETED AFTER 104 ITERATIONS / Time: 0h:0m:1s

--------------------------------------------------------------------
|                    FINALIZING TREE SEARCH                        |
--------------------------------------------------------------------
Performs final model parameters optimization
Estimate model parameters (epsilon = 0.010)
1. Initial log-likelihood: -5309.054
Optimal log-likelihood: -5309.053
Rate parameters:  A-C: 1.40914  A-G: 1.91277  A-T: 1.07474  C-G: 1.22382  C-T: 2.00766  G-T: 1.00000
Base frequencies:  A: 0.303  C: 0.187  G: 0.199  T: 0.310
Parameters optimization took 1 rounds (0.002 sec)
BEST SCORE FOUND : -5309.053

Testing tree branches by aBayes parametric test...
0.002 sec.
Total tree length: 1.062

Total number of iterations: 104
CPU time used for tree search: 1.450 sec (0h:0m:1s)
Wall-clock time used for tree search: 1.521 sec (0h:0m:1s)
Total CPU time used: 1.483 sec (0h:0m:1s)
Total wall-clock time used: 1.558 sec (0h:0m:1s)

Analysis results written to: 
  IQ-TREE report:                /home/mis/CSE6406-project/work/paper_subset_50x10_L800/ils_high/replicate_04/estimated_gene_trees/L800/gtr/locus_0004.iqtree
  Maximum-likelihood tree:       /home/mis/CSE6406-project/work/paper_subset_50x10_L800/ils_high/replicate_04/estimated_gene_trees/L800/gtr/locus_0004.treefile
  Likelihood distances:          /home/mis/CSE6406-project/work/paper_subset_50x10_L800/ils_high/replicate_04/estimated_gene_trees/L800/gtr/locus_0004.mldist
  Screen log file:               /home/mis/CSE6406-project/work/paper_subset_50x10_L800/ils_high/replicate_04/estimated_gene_trees/L800/gtr/locus_0004.log

Date and Time: Sat Sep 12 19:56:49 2026
