IQ-TREE multicore version 2.4.0 for Linux x86 64-bit built Feb 12 2025
Developed by Bui Quang Minh, Nguyen Lam Tung, Olga Chernomor, Heiko Schmidt,
Dominik Schrempf, Michael Woodhams, Ly Trong Nhan, Thomas Wong

Host:    ezmata (AVX2, FMA3, 15 GB RAM)
Command: /home/mis/miniconda3/envs/cse6406/bin/iqtree2 -s /home/mis/CSE6406-project/work/paper_subset_50x10_L800/ils_high/replicate_04/alignments/L800/locus_0037.phy -m GTR --abayes -T 1 --seed 6806038 --prefix /home/mis/CSE6406-project/work/paper_subset_50x10_L800/ils_high/replicate_04/estimated_gene_trees/L800/gtr/locus_0037 --redo --quiet
Seed:    6806038 (Using SPRNG - Scalable Parallel Random Number Generator)
Time:    Sat Sep 12 19:56:55 2026
Kernel:  AVX+FMA - 1 threads (16 CPU cores detected)

HINT: Use -nt option to specify number of threads because your CPU has 16 cores!
HINT: -nt AUTO will automatically determine the best number of threads to use.

Reading alignment file /home/mis/CSE6406-project/work/paper_subset_50x10_L800/ils_high/replicate_04/alignments/L800/locus_0037.phy ... Phylip format detected
Alignment most likely contains DNA/RNA sequences
Alignment has 21 sequences with 800 columns, 285 distinct patterns
183 parsimony-informative, 116 singleton sites, 501 constant sites
        Gap/Ambiguity  Composition  p-value
Analyzing sequences: done in 1.4224e-05 secs using 91.39% CPU
   1  0_0_0     0.00%    passed     68.44%
   2  20_0_0    0.00%    passed     91.63%
   3  19_0_0    0.00%    passed     98.37%
   4  17_0_0    0.00%    passed     87.80%
   5  7_0_0     0.00%    passed     95.48%
   6  2_0_0     0.00%    passed     98.21%
   7  16_0_0    0.00%    passed     94.62%
   8  1_0_0     0.00%    passed     94.33%
   9  11_0_0    0.00%    passed     91.99%
  10  4_0_0     0.00%    passed     99.95%
  11  15_0_0    0.00%    passed     98.22%
  12  10_0_0    0.00%    passed     98.83%
  13  14_0_0    0.00%    passed     92.50%
  14  6_0_0     0.00%    passed     90.92%
  15  13_0_0    0.00%    passed     91.52%
  16  12_0_0    0.00%    passed     99.80%
  17  8_0_0     0.00%    passed     74.25%
  18  3_0_0     0.00%    passed     86.40%
  19  9_0_0     0.00%    passed     97.97%
  20  5_0_0     0.00%    passed     99.00%
  21  18_0_0    0.00%    passed     89.98%
****  TOTAL     0.00%  0 sequences failed composition chi2 test (p-value<5%; df=3)

Create initial parsimony tree by phylogenetic likelihood library (PLL)... 0.001 seconds

NOTE: 0 MB RAM (0 GB) is required!
Estimate model parameters (epsilon = 0.100)
1. Initial log-likelihood: -5450.145
2. Current log-likelihood: -5399.138
3. Current log-likelihood: -5398.933
Optimal log-likelihood: -5398.933
Rate parameters:  A-C: 0.88906  A-G: 1.77862  A-T: 0.94810  C-G: 1.02432  C-T: 1.86472  G-T: 1.00000
Base frequencies:  A: 0.293  C: 0.211  G: 0.203  T: 0.293
Parameters optimization took 3 rounds (0.010 sec)
Wrote distance file to... 
Computing ML distances based on estimated model parameters...
Calculating distance matrix: done in 0.000881159 secs using 99.98% CPU
Computing ML distances took 0.000923 sec (of wall-clock time) 0.000925 sec (of CPU time)
Setting up auxiliary I and S matrices: done in 6.7851e-05 secs using 97.27% CPU
Computing RapidNJ tree took 0.000281 sec (of wall-clock time) 0.000471 sec (of CPU time)
Log-likelihood of RapidNJ tree: -5416.255
--------------------------------------------------------------------
|             INITIALIZING CANDIDATE TREE SET                      |
--------------------------------------------------------------------
Generating 98 parsimony trees... 0.181 second
Computing log-likelihood of 98 initial trees ... 0.148 seconds
Current best score: -5388.542

Do NNI search on 20 best initial trees
Estimate model parameters (epsilon = 0.100)
BETTER TREE FOUND at iteration 1: -5387.301
Iteration 10 / LogL: -5389.047 / Time: 0h:0m:0s
Iteration 20 / LogL: -5391.319 / Time: 0h:0m:0s
Finish initializing candidate tree set (7)
Current best tree score: -5387.301 / CPU time: 0.579
Number of iterations: 20
--------------------------------------------------------------------
|               OPTIMIZING CANDIDATE TREE SET                      |
--------------------------------------------------------------------
UPDATE BEST LOG-LIKELIHOOD: -5387.301
Iteration 30 / LogL: -5392.126 / Time: 0h:0m:0s (0h:0m:1s left)
Iteration 40 / LogL: -5387.302 / Time: 0h:0m:1s (0h:0m:1s left)
Iteration 50 / LogL: -5388.056 / Time: 0h:0m:1s (0h:0m:1s left)
Iteration 60 / LogL: -5387.306 / Time: 0h:0m:1s (0h:0m:0s left)
Iteration 70 / LogL: -5387.302 / Time: 0h:0m:1s (0h:0m:0s left)
Iteration 80 / LogL: -5388.056 / Time: 0h:0m:1s (0h:0m:0s left)
Iteration 90 / LogL: -5388.057 / Time: 0h:0m:2s (0h:0m:0s left)
Iteration 100 / LogL: -5403.129 / Time: 0h:0m:2s (0h:0m:0s left)
TREE SEARCH COMPLETED AFTER 102 ITERATIONS / Time: 0h:0m:2s

--------------------------------------------------------------------
|                    FINALIZING TREE SEARCH                        |
--------------------------------------------------------------------
Performs final model parameters optimization
Estimate model parameters (epsilon = 0.010)
1. Initial log-likelihood: -5387.301
Optimal log-likelihood: -5387.301
Rate parameters:  A-C: 0.87623  A-G: 1.80361  A-T: 0.95638  C-G: 0.98658  C-T: 1.86379  G-T: 1.00000
Base frequencies:  A: 0.293  C: 0.211  G: 0.203  T: 0.293
Parameters optimization took 1 rounds (0.003 sec)
BEST SCORE FOUND : -5387.301

Testing tree branches by aBayes parametric test...
0.005 sec.
Total tree length: 1.084

Total number of iterations: 102
CPU time used for tree search: 2.190 sec (0h:0m:2s)
Wall-clock time used for tree search: 2.283 sec (0h:0m:2s)
Total CPU time used: 2.223 sec (0h:0m:2s)
Total wall-clock time used: 2.316 sec (0h:0m:2s)

Analysis results written to: 
  IQ-TREE report:                /home/mis/CSE6406-project/work/paper_subset_50x10_L800/ils_high/replicate_04/estimated_gene_trees/L800/gtr/locus_0037.iqtree
  Maximum-likelihood tree:       /home/mis/CSE6406-project/work/paper_subset_50x10_L800/ils_high/replicate_04/estimated_gene_trees/L800/gtr/locus_0037.treefile
  Likelihood distances:          /home/mis/CSE6406-project/work/paper_subset_50x10_L800/ils_high/replicate_04/estimated_gene_trees/L800/gtr/locus_0037.mldist
  Screen log file:               /home/mis/CSE6406-project/work/paper_subset_50x10_L800/ils_high/replicate_04/estimated_gene_trees/L800/gtr/locus_0037.log

Date and Time: Sat Sep 12 19:56:58 2026
