IQ-TREE multicore version 2.4.0 for Linux x86 64-bit built Feb 12 2025
Developed by Bui Quang Minh, Nguyen Lam Tung, Olga Chernomor, Heiko Schmidt,
Dominik Schrempf, Michael Woodhams, Ly Trong Nhan, Thomas Wong

Host:    ezmata (AVX2, FMA3, 15 GB RAM)
Command: /home/mis/miniconda3/envs/cse6406/bin/iqtree2 -s /home/mis/CSE6406-project/work/paper_subset_50x10_L200/ils_high/replicate_10/alignments/L200/locus_0050.phy -m GTR --abayes -T 1 --seed 7406051 --prefix /home/mis/CSE6406-project/work/paper_subset_50x10_L200/ils_high/replicate_10/estimated_gene_trees/L200/gtr/locus_0050 --redo --quiet
Seed:    7406051 (Using SPRNG - Scalable Parallel Random Number Generator)
Time:    Sat Sep 12 21:47:37 2026
Kernel:  AVX+FMA - 1 threads (16 CPU cores detected)

HINT: Use -nt option to specify number of threads because your CPU has 16 cores!
HINT: -nt AUTO will automatically determine the best number of threads to use.

Reading alignment file /home/mis/CSE6406-project/work/paper_subset_50x10_L200/ils_high/replicate_10/alignments/L200/locus_0050.phy ... Phylip format detected
Alignment most likely contains DNA/RNA sequences
Alignment has 21 sequences with 200 columns, 78 distinct patterns
55 parsimony-informative, 20 singleton sites, 125 constant sites
        Gap/Ambiguity  Composition  p-value
Analyzing sequences: done in 1.3733e-05 secs using 58.25% CPU
   1  0_0_0     0.00%    passed     77.54%
   2  17_0_0    0.00%    passed     96.18%
   3  4_0_0     0.00%    passed     99.05%
   4  9_0_0     0.00%    passed     98.55%
   5  2_0_0     0.00%    passed     91.85%
   6  10_0_0    0.00%    passed     89.42%
   7  20_0_0    0.00%    passed     94.78%
   8  19_0_0    0.00%    passed     99.11%
   9  13_0_0    0.00%    passed     99.82%
  10  6_0_0     0.00%    passed     90.39%
  11  18_0_0    0.00%    passed     82.97%
  12  11_0_0    0.00%    passed     95.20%
  13  14_0_0    0.00%    passed     98.48%
  14  8_0_0     0.00%    passed     99.33%
  15  15_0_0    0.00%    passed     97.22%
  16  1_0_0     0.00%    passed     95.97%
  17  16_0_0    0.00%    passed     94.21%
  18  7_0_0     0.00%    passed     97.85%
  19  3_0_0     0.00%    passed     95.89%
  20  12_0_0    0.00%    passed     97.14%
  21  5_0_0     0.00%    passed     93.47%
****  TOTAL     0.00%  0 sequences failed composition chi2 test (p-value<5%; df=3)

Create initial parsimony tree by phylogenetic likelihood library (PLL)... 0.001 seconds

NOTE: 0 MB RAM (0 GB) is required!
Estimate model parameters (epsilon = 0.100)
1. Initial log-likelihood: -1275.755
2. Current log-likelihood: -1261.311
Optimal log-likelihood: -1261.249
Rate parameters:  A-C: 0.66440  A-G: 1.37056  A-T: 1.09060  C-G: 0.65321  C-T: 1.78486  G-T: 1.00000
Base frequencies:  A: 0.293  C: 0.229  G: 0.221  T: 0.258
Parameters optimization took 2 rounds (0.008 sec)
Wrote distance file to... 
Computing ML distances based on estimated model parameters...
Calculating distance matrix: done in 0.00128795 secs using 94.03% CPU
Computing ML distances took 0.001333 sec (of wall-clock time) 0.001257 sec (of CPU time)
Setting up auxiliary I and S matrices: done in 5.8719e-05 secs
Computing RapidNJ tree took 0.000240 sec (of wall-clock time) 0.000000 sec (of CPU time)
Log-likelihood of RapidNJ tree: -1269.677
--------------------------------------------------------------------
|             INITIALIZING CANDIDATE TREE SET                      |
--------------------------------------------------------------------
Generating 98 parsimony trees... 0.107 second
Computing log-likelihood of 98 initial trees ... 0.079 seconds
Current best score: -1254.768

Do NNI search on 20 best initial trees
Estimate model parameters (epsilon = 0.100)
BETTER TREE FOUND at iteration 1: -1254.441
UPDATE BEST LOG-LIKELIHOOD: -1254.441
Estimate model parameters (epsilon = 0.100)
BETTER TREE FOUND at iteration 5: -1253.511
UPDATE BEST LOG-LIKELIHOOD: -1253.511
Iteration 10 / LogL: -1254.581 / Time: 0h:0m:0s
Iteration 20 / LogL: -1255.421 / Time: 0h:0m:0s
Finish initializing candidate tree set (4)
Current best tree score: -1253.511 / CPU time: 0.312
Number of iterations: 20
--------------------------------------------------------------------
|               OPTIMIZING CANDIDATE TREE SET                      |
--------------------------------------------------------------------
Iteration 30 / LogL: -1253.516 / Time: 0h:0m:0s (0h:0m:1s left)
Iteration 40 / LogL: -1253.511 / Time: 0h:0m:0s (0h:0m:1s left)
Iteration 50 / LogL: -1253.511 / Time: 0h:0m:0s (0h:0m:0s left)
Iteration 60 / LogL: -1253.511 / Time: 0h:0m:0s (0h:0m:0s left)
Iteration 70 / LogL: -1263.951 / Time: 0h:0m:1s (0h:0m:0s left)
Iteration 80 / LogL: -1253.668 / Time: 0h:0m:1s (0h:0m:0s left)
Iteration 90 / LogL: -1253.668 / Time: 0h:0m:1s (0h:0m:0s left)
Iteration 100 / LogL: -1253.511 / Time: 0h:0m:1s (0h:0m:0s left)
TREE SEARCH COMPLETED AFTER 106 ITERATIONS / Time: 0h:0m:1s

--------------------------------------------------------------------
|                    FINALIZING TREE SEARCH                        |
--------------------------------------------------------------------
Performs final model parameters optimization
Estimate model parameters (epsilon = 0.010)
1. Initial log-likelihood: -1253.511
Optimal log-likelihood: -1253.511
Rate parameters:  A-C: 0.61796  A-G: 1.25023  A-T: 1.06300  C-G: 0.56404  C-T: 1.63764  G-T: 1.00000
Base frequencies:  A: 0.293  C: 0.229  G: 0.221  T: 0.258
Parameters optimization took 1 rounds (0.002 sec)
BEST SCORE FOUND : -1253.511

Testing tree branches by aBayes parametric test...
0.003 sec.
Total tree length: 0.990

Total number of iterations: 106
CPU time used for tree search: 1.382 sec (0h:0m:1s)
Wall-clock time used for tree search: 1.488 sec (0h:0m:1s)
Total CPU time used: 1.410 sec (0h:0m:1s)
Total wall-clock time used: 1.518 sec (0h:0m:1s)

Analysis results written to: 
  IQ-TREE report:                /home/mis/CSE6406-project/work/paper_subset_50x10_L200/ils_high/replicate_10/estimated_gene_trees/L200/gtr/locus_0050.iqtree
  Maximum-likelihood tree:       /home/mis/CSE6406-project/work/paper_subset_50x10_L200/ils_high/replicate_10/estimated_gene_trees/L200/gtr/locus_0050.treefile
  Likelihood distances:          /home/mis/CSE6406-project/work/paper_subset_50x10_L200/ils_high/replicate_10/estimated_gene_trees/L200/gtr/locus_0050.mldist
  Screen log file:               /home/mis/CSE6406-project/work/paper_subset_50x10_L200/ils_high/replicate_10/estimated_gene_trees/L200/gtr/locus_0050.log

Date and Time: Sat Sep 12 21:47:39 2026
