IQ-TREE multicore version 2.4.0 for MacOS ARM 64-bit built Feb 12 2025
Developed by Bui Quang Minh, Nguyen Lam Tung, Olga Chernomor, Heiko Schmidt,
Dominik Schrempf, Michael Woodhams, Ly Trong Nhan, Thomas Wong

Host:    Fahims-MacBook-Air.local (SSE4.2, 16 GB RAM)
Command: /Users/fahim/miniconda3/envs/cse6406/bin/iqtree2 -s /Users/fahim/CSE6406-project/work/paper_subset_50x10_L1600/ils_low/replicate_01/alignments/L1600/locus_0034.phy -m HKY --abayes -T AUTO --seed 6506035 --prefix /Users/fahim/CSE6406-project/work/paper_subset_50x10_L1600/ils_low/replicate_01/estimated_gene_trees/L1600/hky/locus_0034 --redo --quiet
Seed:    6506035 (Using SPRNG - Scalable Parallel Random Number Generator)
Time:    Fri Sep 11 02:12:23 2026
Kernel:  SSE2 - auto-detect threads (10 CPU cores detected)

Reading alignment file /Users/fahim/CSE6406-project/work/paper_subset_50x10_L1600/ils_low/replicate_01/alignments/L1600/locus_0034.phy ... Phylip format detected
Alignment most likely contains DNA/RNA sequences
Alignment has 21 sequences with 1600 columns, 68 distinct patterns
21 parsimony-informative, 57 singleton sites, 1522 constant sites
        Gap/Ambiguity  Composition  p-value
Analyzing sequences: done in 4.1008e-05 secs using 73.16% CPU
   1  0_0_0     0.00%    passed     99.89%
   2  3_0_0     0.00%    passed     99.89%
   3  4_0_0     0.00%    passed     99.89%
   4  2_0_0     0.00%    passed     99.99%
   5  1_0_0     0.00%    passed     99.63%
   6  6_0_0     0.00%    passed     99.88%
   7  13_0_0    0.00%    passed     99.92%
   8  17_0_0    0.00%    passed     99.95%
   9  15_0_0    0.00%    passed     99.96%
  10  12_0_0    0.00%    passed    100.00%
  11  18_0_0    0.00%    passed     99.85%
  12  7_0_0     0.00%    passed     99.96%
  13  11_0_0    0.00%    passed     99.97%
  14  8_0_0     0.00%    passed     99.91%
  15  14_0_0    0.00%    passed     99.91%
  16  20_0_0    0.00%    passed     99.87%
  17  16_0_0    0.00%    passed     99.99%
  18  19_0_0    0.00%    passed     99.94%
  19  10_0_0    0.00%    passed     99.78%
  20  9_0_0     0.00%    passed     99.98%
  21  5_0_0     0.00%    passed     99.90%
****  TOTAL     0.00%  0 sequences failed composition chi2 test (p-value<5%; df=3)
NOTE: 14_0_0 is identical to 8_0_0 but kept for subsequent analysis

Create initial parsimony tree by phylogenetic likelihood library (PLL)... 0.000 seconds

NOTE: 0 MB RAM (0 GB) is required!
Measuring multi-threading efficiency up to 10 CPU cores
Increase to 10 rounds for branch lengths
25965 trees examined
Threads: 1 / Time: 10.000 sec / Speedup: 1.000 / Efficiency: 100% / LogL: -3169
Threads: 2 / Time: 50.630 sec / Speedup: 0.198 / Efficiency: 10% / LogL: -3169
BEST NUMBER OF THREADS: 1

Estimate model parameters (epsilon = 0.100)
1. Initial log-likelihood: -2837.227
Optimal log-likelihood: -2837.175
Rate parameters:  A-C: 1.00000  A-G: 1.07929  A-T: 1.00000  C-G: 1.00000  C-T: 1.07929  G-T: 1.00000
Base frequencies:  A: 0.297  C: 0.209  G: 0.193  T: 0.301
Parameters optimization took 1 rounds (0.000 sec)
Wrote distance file to... 
Computing ML distances based on estimated model parameters...
Calculating distance matrix: done in 0.000439882 secs using 98.89% CPU
Computing ML distances took 0.000462 sec (of wall-clock time) 0.000445 sec (of CPU time)
Setting up auxiliary I and S matrices: done in 2.59876e-05 secs using 57.72% CPU
Computing RapidNJ tree took 0.000085 sec (of wall-clock time) 0.000085 sec (of CPU time)
Log-likelihood of RapidNJ tree: -2845.043
--------------------------------------------------------------------
|             INITIALIZING CANDIDATE TREE SET                      |
--------------------------------------------------------------------
Generating 98 parsimony trees... 0.022 second
Computing log-likelihood of 98 initial trees ... 0.013 seconds
Current best score: -2837.175

Do NNI search on 20 best initial trees
Estimate model parameters (epsilon = 0.100)
BETTER TREE FOUND at iteration 1: -2837.175
BETTER TREE FOUND at iteration 2: -2837.175
UPDATE BEST LOG-LIKELIHOOD: -2837.175
Iteration 10 / LogL: -2837.175 / Time: 0h:1m:0s
Iteration 20 / LogL: -2837.175 / Time: 0h:1m:0s
Finish initializing candidate tree set (8)
Current best tree score: -2837.175 / CPU time: 0.046
Number of iterations: 20
--------------------------------------------------------------------
|               OPTIMIZING CANDIDATE TREE SET                      |
--------------------------------------------------------------------
Iteration 30 / LogL: -2837.176 / Time: 0h:1m:0s (0h:2m:30s left)
Iteration 40 / LogL: -2837.178 / Time: 0h:1m:0s (0h:1m:36s left)
Iteration 50 / LogL: -2837.188 / Time: 0h:1m:0s (0h:1m:4s left)
Iteration 60 / LogL: -2837.180 / Time: 0h:1m:0s (0h:0m:43s left)
Iteration 70 / LogL: -2837.180 / Time: 0h:1m:0s (0h:0m:28s left)
Iteration 80 / LogL: -2837.179 / Time: 0h:1m:0s (0h:0m:16s left)
Iteration 90 / LogL: -2837.186 / Time: 0h:1m:0s (0h:0m:8s left)
Iteration 100 / LogL: -2837.180 / Time: 0h:1m:0s (0h:0m:1s left)
TREE SEARCH COMPLETED AFTER 103 ITERATIONS / Time: 0h:1m:0s

--------------------------------------------------------------------
|                    FINALIZING TREE SEARCH                        |
--------------------------------------------------------------------
Performs final model parameters optimization
Estimate model parameters (epsilon = 0.010)
1. Initial log-likelihood: -2837.175
Optimal log-likelihood: -2837.175
Rate parameters:  A-C: 1.00000  A-G: 1.07840  A-T: 1.00000  C-G: 1.00000  C-T: 1.07840  G-T: 1.00000
Base frequencies:  A: 0.297  C: 0.209  G: 0.193  T: 0.301
Parameters optimization took 1 rounds (0.000 sec)
BEST SCORE FOUND : -2837.175

Testing tree branches by aBayes parametric test...
0.000 sec.
Total tree length: 0.051

Total number of iterations: 103
CPU time used for tree search: 0.179 sec (0h:0m:0s)
Wall-clock time used for tree search: 0.180 sec (0h:0m:0s)
Total CPU time used: 35.963 sec (0h:0m:35s)
Total wall-clock time used: 60.820 sec (0h:1m:0s)

Analysis results written to: 
  IQ-TREE report:                /Users/fahim/CSE6406-project/work/paper_subset_50x10_L1600/ils_low/replicate_01/estimated_gene_trees/L1600/hky/locus_0034.iqtree
  Maximum-likelihood tree:       /Users/fahim/CSE6406-project/work/paper_subset_50x10_L1600/ils_low/replicate_01/estimated_gene_trees/L1600/hky/locus_0034.treefile
  Likelihood distances:          /Users/fahim/CSE6406-project/work/paper_subset_50x10_L1600/ils_low/replicate_01/estimated_gene_trees/L1600/hky/locus_0034.mldist
  Screen log file:               /Users/fahim/CSE6406-project/work/paper_subset_50x10_L1600/ils_low/replicate_01/estimated_gene_trees/L1600/hky/locus_0034.log

Date and Time: Fri Sep 11 02:13:24 2026
