IQ-TREE multicore version 2.4.0 for MacOS ARM 64-bit built Feb 12 2025
Developed by Bui Quang Minh, Nguyen Lam Tung, Olga Chernomor, Heiko Schmidt,
Dominik Schrempf, Michael Woodhams, Ly Trong Nhan, Thomas Wong

Host:    Fahims-MacBook-Air.local (SSE4.2, 16 GB RAM)
Command: /Users/fahim/miniconda3/envs/cse6406/bin/iqtree2 -s /Users/fahim/CSE6406-project/work/paper_subset_50x10_L1600/ils_low/replicate_01/alignments/L1600/locus_0047.phy -m HKY --abayes -T AUTO --seed 6506048 --prefix /Users/fahim/CSE6406-project/work/paper_subset_50x10_L1600/ils_low/replicate_01/estimated_gene_trees/L1600/hky/locus_0047 --redo --quiet
Seed:    6506048 (Using SPRNG - Scalable Parallel Random Number Generator)
Time:    Fri Sep 11 02:26:33 2026
Kernel:  SSE2 - auto-detect threads (10 CPU cores detected)

Reading alignment file /Users/fahim/CSE6406-project/work/paper_subset_50x10_L1600/ils_low/replicate_01/alignments/L1600/locus_0047.phy ... Phylip format detected
Alignment most likely contains DNA/RNA sequences
Alignment has 21 sequences with 1600 columns, 70 distinct patterns
20 parsimony-informative, 57 singleton sites, 1523 constant sites
        Gap/Ambiguity  Composition  p-value
Analyzing sequences: done in 4.00543e-05 secs using 62.42% CPU
   1  0_0_0     0.00%    passed     99.94%
   2  19_0_0    0.00%    passed    100.00%
   3  11_0_0    0.00%    passed     99.97%
   4  20_0_0    0.00%    passed     99.87%
   5  8_0_0     0.00%    passed     99.63%
   6  14_0_0    0.00%    passed     99.63%
   7  16_0_0    0.00%    passed     99.73%
   8  7_0_0     0.00%    passed     99.94%
   9  12_0_0    0.00%    passed     99.89%
  10  18_0_0    0.00%    passed     99.79%
  11  17_0_0    0.00%    passed    100.00%
  12  15_0_0    0.00%    passed     99.94%
  13  6_0_0     0.00%    passed     99.84%
  14  13_0_0    0.00%    passed     99.87%
  15  4_0_0     0.00%    passed     99.94%
  16  2_0_0     0.00%    passed     99.74%
  17  3_0_0     0.00%    passed     99.87%
  18  1_0_0     0.00%    passed    100.00%
  19  10_0_0    0.00%    passed     99.94%
  20  9_0_0     0.00%    passed     99.94%
  21  5_0_0     0.00%    passed     99.70%
****  TOTAL     0.00%  0 sequences failed composition chi2 test (p-value<5%; df=3)
NOTE: 14_0_0 is identical to 8_0_0 but kept for subsequent analysis
NOTE: 9_0_0 is identical to 10_0_0 but kept for subsequent analysis

Create initial parsimony tree by phylogenetic likelihood library (PLL)... 0.000 seconds

NOTE: 0 MB RAM (0 GB) is required!
Measuring multi-threading efficiency up to 10 CPU cores
Increase to 10 rounds for branch lengths
44176 trees examined
Threads: 1 / Time: 10.000 sec / Speedup: 1.000 / Efficiency: 100% / LogL: -3137
Threads: 2 / Time: 52.598 sec / Speedup: 0.190 / Efficiency: 10% / LogL: -3137
BEST NUMBER OF THREADS: 1

Estimate model parameters (epsilon = 0.100)
1. Initial log-likelihood: -2814.953
2. Current log-likelihood: -2809.279
Optimal log-likelihood: -2809.278
Rate parameters:  A-C: 1.00000  A-G: 2.15500  A-T: 1.00000  C-G: 1.00000  C-T: 2.15500  G-T: 1.00000
Base frequencies:  A: 0.313  C: 0.195  G: 0.197  T: 0.295
Parameters optimization took 2 rounds (0.001 sec)
Wrote distance file to... 
Computing ML distances based on estimated model parameters...
Calculating distance matrix: done in 0.000394106 secs using 98.96% CPU
Computing ML distances took 0.000414 sec (of wall-clock time) 0.000399 sec (of CPU time)
Setting up auxiliary I and S matrices: done in 1.81198e-05 secs using 66.23% CPU
Computing RapidNJ tree took 0.000067 sec (of wall-clock time) 0.000071 sec (of CPU time)
Log-likelihood of RapidNJ tree: -2809.296
--------------------------------------------------------------------
|             INITIALIZING CANDIDATE TREE SET                      |
--------------------------------------------------------------------
Generating 98 parsimony trees... 0.017 second
Computing log-likelihood of 98 initial trees ... 0.010 seconds
Current best score: -2809.278

Do NNI search on 20 best initial trees
Estimate model parameters (epsilon = 0.100)
BETTER TREE FOUND at iteration 1: -2809.278
BETTER TREE FOUND at iteration 4: -2809.278
Iteration 10 / LogL: -2809.278 / Time: 0h:1m:2s
Iteration 20 / LogL: -2809.278 / Time: 0h:1m:2s
Finish initializing candidate tree set (20)
Current best tree score: -2809.278 / CPU time: 0.036
Number of iterations: 20
--------------------------------------------------------------------
|               OPTIMIZING CANDIDATE TREE SET                      |
--------------------------------------------------------------------
Iteration 30 / LogL: -2809.278 / Time: 0h:1m:2s (0h:2m:39s left)
Iteration 40 / LogL: -2809.283 / Time: 0h:1m:2s (0h:1m:42s left)
Iteration 50 / LogL: -2827.001 / Time: 0h:1m:2s (0h:1m:9s left)
UPDATE BEST LOG-LIKELIHOOD: -2809.278
Iteration 60 / LogL: -2809.278 / Time: 0h:1m:2s (0h:0m:46s left)
Iteration 70 / LogL: -2809.282 / Time: 0h:1m:2s (0h:0m:30s left)
Iteration 80 / LogL: -2809.282 / Time: 0h:1m:2s (0h:0m:19s left)
BETTER TREE FOUND at iteration 89: -2809.278
Iteration 90 / LogL: -2809.284 / Time: 0h:1m:2s (0h:1m:9s left)
Iteration 100 / LogL: -2809.289 / Time: 0h:1m:2s (0h:0m:56s left)
Iteration 110 / LogL: -2809.282 / Time: 0h:1m:2s (0h:0m:45s left)
Iteration 120 / LogL: -2809.282 / Time: 0h:1m:2s (0h:0m:36s left)
BETTER TREE FOUND at iteration 122: -2809.278
BETTER TREE FOUND at iteration 123: -2809.278
UPDATE BEST LOG-LIKELIHOOD: -2809.278
Iteration 130 / LogL: -2814.644 / Time: 0h:1m:2s (0h:0m:45s left)
Iteration 140 / LogL: -2809.281 / Time: 0h:1m:2s (0h:0m:37s left)
Iteration 150 / LogL: -2809.286 / Time: 0h:1m:2s (0h:0m:30s left)
UPDATE BEST LOG-LIKELIHOOD: -2809.278
Iteration 160 / LogL: -2809.281 / Time: 0h:1m:2s (0h:0m:24s left)
Iteration 170 / LogL: -2809.280 / Time: 0h:1m:2s (0h:0m:19s left)
Iteration 180 / LogL: -2821.962 / Time: 0h:1m:2s (0h:0m:15s left)
Iteration 190 / LogL: -2809.278 / Time: 0h:1m:2s (0h:0m:10s left)
Iteration 200 / LogL: -2809.280 / Time: 0h:1m:2s (0h:0m:7s left)
Iteration 210 / LogL: -2814.644 / Time: 0h:1m:2s (0h:0m:3s left)
Iteration 220 / LogL: -2809.280 / Time: 0h:1m:2s (0h:0m:0s left)
TREE SEARCH COMPLETED AFTER 224 ITERATIONS / Time: 0h:1m:2s

--------------------------------------------------------------------
|                    FINALIZING TREE SEARCH                        |
--------------------------------------------------------------------
Performs final model parameters optimization
Estimate model parameters (epsilon = 0.010)
1. Initial log-likelihood: -2809.278
Optimal log-likelihood: -2809.278
Rate parameters:  A-C: 1.00000  A-G: 2.15447  A-T: 1.00000  C-G: 1.00000  C-T: 2.15447  G-T: 1.00000
Base frequencies:  A: 0.313  C: 0.195  G: 0.197  T: 0.295
Parameters optimization took 1 rounds (0.000 sec)
BEST SCORE FOUND : -2809.278

Testing tree branches by aBayes parametric test...
0.000 sec.
Total tree length: 0.050

Total number of iterations: 224
CPU time used for tree search: 0.283 sec (0h:0m:0s)
Wall-clock time used for tree search: 0.285 sec (0h:0m:0s)
Total CPU time used: 37.463 sec (0h:0m:37s)
Total wall-clock time used: 62.892 sec (0h:1m:2s)

Analysis results written to: 
  IQ-TREE report:                /Users/fahim/CSE6406-project/work/paper_subset_50x10_L1600/ils_low/replicate_01/estimated_gene_trees/L1600/hky/locus_0047.iqtree
  Maximum-likelihood tree:       /Users/fahim/CSE6406-project/work/paper_subset_50x10_L1600/ils_low/replicate_01/estimated_gene_trees/L1600/hky/locus_0047.treefile
  Likelihood distances:          /Users/fahim/CSE6406-project/work/paper_subset_50x10_L1600/ils_low/replicate_01/estimated_gene_trees/L1600/hky/locus_0047.mldist
  Screen log file:               /Users/fahim/CSE6406-project/work/paper_subset_50x10_L1600/ils_low/replicate_01/estimated_gene_trees/L1600/hky/locus_0047.log

Date and Time: Fri Sep 11 02:27:36 2026
