IQ-TREE multicore version 2.4.0 for Linux x86 64-bit built Feb 12 2025
Developed by Bui Quang Minh, Nguyen Lam Tung, Olga Chernomor, Heiko Schmidt,
Dominik Schrempf, Michael Woodhams, Ly Trong Nhan, Thomas Wong

Host:    ezmata (AVX2, FMA3, 15 GB RAM)
Command: /home/mis/miniconda3/envs/cse6406/bin/iqtree2 -s /home/mis/CSE6406-project/work/paper_subset_50x10_L800/ils_high/replicate_07/alignments/L800/locus_0047.phy -m JC --abayes -T 1 --seed 7106048 --prefix /home/mis/CSE6406-project/work/paper_subset_50x10_L800/ils_high/replicate_07/estimated_gene_trees/L800/jc/locus_0047 --redo --quiet
Seed:    7106048 (Using SPRNG - Scalable Parallel Random Number Generator)
Time:    Sat Sep 12 20:02:57 2026
Kernel:  AVX+FMA - 1 threads (16 CPU cores detected)

HINT: Use -nt option to specify number of threads because your CPU has 16 cores!
HINT: -nt AUTO will automatically determine the best number of threads to use.

Reading alignment file /home/mis/CSE6406-project/work/paper_subset_50x10_L800/ils_high/replicate_07/alignments/L800/locus_0047.phy ... Phylip format detected
Alignment most likely contains DNA/RNA sequences
Alignment has 21 sequences with 800 columns, 395 distinct patterns
322 parsimony-informative, 93 singleton sites, 385 constant sites
        Gap/Ambiguity  Composition  p-value
Analyzing sequences: done in 4.0379e-05 secs
   1  17_0_0    0.00%    passed     67.07%
   2  10_0_0    0.00%    passed     59.20%
   3  5_0_0     0.00%    passed     99.23%
   4  9_0_0     0.00%    passed     82.77%
   5  11_0_0    0.00%    passed     85.78%
   6  8_0_0     0.00%    passed     94.45%
   7  1_0_0     0.00%    passed     74.55%
   8  20_0_0    0.00%    passed     80.19%
   9  18_0_0    0.00%    passed     99.98%
  10  19_0_0    0.00%    passed     74.06%
  11  13_0_0    0.00%    passed     99.76%
  12  3_0_0     0.00%    passed     94.43%
  13  16_0_0    0.00%    passed     81.10%
  14  15_0_0    0.00%    passed     81.59%
  15  4_0_0     0.00%    passed     99.76%
  16  14_0_0    0.00%    passed     88.87%
  17  6_0_0     0.00%    passed     89.65%
  18  2_0_0     0.00%    passed     86.19%
  19  12_0_0    0.00%    passed     58.88%
  20  7_0_0     0.00%    passed     99.94%
  21  0_0_0     0.00%    passed     90.14%
****  TOTAL     0.00%  0 sequences failed composition chi2 test (p-value<5%; df=3)

Create initial parsimony tree by phylogenetic likelihood library (PLL)... 0.001 seconds

NOTE: 0 MB RAM (0 GB) is required!
Estimate model parameters (epsilon = 0.100)
1. Initial log-likelihood: -11216.245
Optimal log-likelihood: -11182.371
Rate parameters:  A-C: 1.00000  A-G: 1.00000  A-T: 1.00000  C-G: 1.00000  C-T: 1.00000  G-T: 1.00000
Base frequencies:  A: 0.250  C: 0.250  G: 0.250  T: 0.250
Parameters optimization took 1 rounds (0.002 sec)
Wrote distance file to... 
Computing ML distances based on estimated model parameters...
Calculating distance matrix: done in 0.00112676 secs using 99.93% CPU
Computing ML distances took 0.001192 sec (of wall-clock time) 0.001194 sec (of CPU time)
Setting up auxiliary I and S matrices: done in 5.9332e-05 secs using 97.76% CPU
Computing RapidNJ tree took 0.000223 sec (of wall-clock time) 0.000222 sec (of CPU time)
Log-likelihood of RapidNJ tree: -11193.234
--------------------------------------------------------------------
|             INITIALIZING CANDIDATE TREE SET                      |
--------------------------------------------------------------------
Generating 98 parsimony trees... 0.284 second
Computing log-likelihood of 98 initial trees ... 0.112 seconds
Current best score: -11182.371

Do NNI search on 20 best initial trees
Estimate model parameters (epsilon = 0.100)
BETTER TREE FOUND at iteration 1: -11174.582
Iteration 10 / LogL: -11174.599 / Time: 0h:0m:0s
Iteration 20 / LogL: -11174.838 / Time: 0h:0m:0s
Finish initializing candidate tree set (3)
Current best tree score: -11174.582 / CPU time: 0.611
Number of iterations: 20
--------------------------------------------------------------------
|               OPTIMIZING CANDIDATE TREE SET                      |
--------------------------------------------------------------------
Iteration 30 / LogL: -11177.689 / Time: 0h:0m:0s (0h:0m:1s left)
Iteration 40 / LogL: -11175.304 / Time: 0h:0m:0s (0h:0m:1s left)
Iteration 50 / LogL: -11174.752 / Time: 0h:0m:1s (0h:0m:1s left)
Iteration 60 / LogL: -11174.621 / Time: 0h:0m:1s (0h:0m:0s left)
Iteration 70 / LogL: -11177.695 / Time: 0h:0m:1s (0h:0m:0s left)
Iteration 80 / LogL: -11175.245 / Time: 0h:0m:1s (0h:0m:0s left)
Iteration 90 / LogL: -11174.640 / Time: 0h:0m:1s (0h:0m:0s left)
Iteration 100 / LogL: -11175.098 / Time: 0h:0m:1s (0h:0m:0s left)
TREE SEARCH COMPLETED AFTER 102 ITERATIONS / Time: 0h:0m:1s

--------------------------------------------------------------------
|                    FINALIZING TREE SEARCH                        |
--------------------------------------------------------------------
Performs final model parameters optimization
Estimate model parameters (epsilon = 0.010)
1. Initial log-likelihood: -11174.582
Optimal log-likelihood: -11174.582
Rate parameters:  A-C: 1.00000  A-G: 1.00000  A-T: 1.00000  C-G: 1.00000  C-T: 1.00000  G-T: 1.00000
Base frequencies:  A: 0.250  C: 0.250  G: 0.250  T: 0.250
Parameters optimization took 1 rounds (0.001 sec)
BEST SCORE FOUND : -11174.582

Testing tree branches by aBayes parametric test...
0.003 sec.
Total tree length: 3.316

Total number of iterations: 102
CPU time used for tree search: 1.556 sec (0h:0m:1s)
Wall-clock time used for tree search: 1.615 sec (0h:0m:1s)
Total CPU time used: 1.578 sec (0h:0m:1s)
Total wall-clock time used: 1.637 sec (0h:0m:1s)

Analysis results written to: 
  IQ-TREE report:                /home/mis/CSE6406-project/work/paper_subset_50x10_L800/ils_high/replicate_07/estimated_gene_trees/L800/jc/locus_0047.iqtree
  Maximum-likelihood tree:       /home/mis/CSE6406-project/work/paper_subset_50x10_L800/ils_high/replicate_07/estimated_gene_trees/L800/jc/locus_0047.treefile
  Likelihood distances:          /home/mis/CSE6406-project/work/paper_subset_50x10_L800/ils_high/replicate_07/estimated_gene_trees/L800/jc/locus_0047.mldist
  Screen log file:               /home/mis/CSE6406-project/work/paper_subset_50x10_L800/ils_high/replicate_07/estimated_gene_trees/L800/jc/locus_0047.log

Date and Time: Sat Sep 12 20:02:58 2026
