IQ-TREE multicore version 2.4.0 for Linux x86 64-bit built Feb 12 2025
Developed by Bui Quang Minh, Nguyen Lam Tung, Olga Chernomor, Heiko Schmidt,
Dominik Schrempf, Michael Woodhams, Ly Trong Nhan, Thomas Wong

Host:    ezmata (AVX2, FMA3, 15 GB RAM)
Command: /home/mis/miniconda3/envs/cse6406/bin/iqtree2 -s /home/mis/CSE6406-project/work/paper_subset_50x10_L800/ils_high/replicate_07/alignments/L800/locus_0023.phy -m JC --abayes -T 1 --seed 7106024 --prefix /home/mis/CSE6406-project/work/paper_subset_50x10_L800/ils_high/replicate_07/estimated_gene_trees/L800/jc/locus_0023 --redo --quiet
Seed:    7106024 (Using SPRNG - Scalable Parallel Random Number Generator)
Time:    Sat Sep 12 20:02:50 2026
Kernel:  AVX+FMA - 1 threads (16 CPU cores detected)

HINT: Use -nt option to specify number of threads because your CPU has 16 cores!
HINT: -nt AUTO will automatically determine the best number of threads to use.

Reading alignment file /home/mis/CSE6406-project/work/paper_subset_50x10_L800/ils_high/replicate_07/alignments/L800/locus_0023.phy ... Phylip format detected
Alignment most likely contains DNA/RNA sequences
Alignment has 21 sequences with 800 columns, 405 distinct patterns
332 parsimony-informative, 81 singleton sites, 387 constant sites
        Gap/Ambiguity  Composition  p-value
Analyzing sequences: done in 4.3283e-05 secs
   1  1_0_0     0.00%    passed     60.77%
   2  3_0_0     0.00%    passed     88.51%
   3  13_0_0    0.00%    passed     92.95%
   4  4_0_0     0.00%    passed     99.27%
   5  16_0_0    0.00%    passed     66.35%
   6  8_0_0     0.00%    passed     96.93%
   7  5_0_0     0.00%    passed     58.22%
   8  7_0_0     0.00%    passed     91.80%
   9  12_0_0    0.00%    passed     91.26%
  10  15_0_0    0.00%    passed     95.93%
  11  9_0_0     0.00%    passed     96.45%
  12  11_0_0    0.00%    passed     92.93%
  13  10_0_0    0.00%    passed     45.70%
  14  17_0_0    0.00%    passed     26.53%
  15  2_0_0     0.00%    passed     97.58%
  16  14_0_0    0.00%    passed     89.60%
  17  6_0_0     0.00%    passed     59.72%
  18  19_0_0    0.00%    passed     68.33%
  19  18_0_0    0.00%    passed     93.53%
  20  20_0_0    0.00%    passed     41.27%
  21  0_0_0     0.00%    passed     44.39%
****  TOTAL     0.00%  0 sequences failed composition chi2 test (p-value<5%; df=3)

Create initial parsimony tree by phylogenetic likelihood library (PLL)... 0.002 seconds

NOTE: 0 MB RAM (0 GB) is required!
Estimate model parameters (epsilon = 0.100)
1. Initial log-likelihood: -11193.765
Optimal log-likelihood: -11151.159
Rate parameters:  A-C: 1.00000  A-G: 1.00000  A-T: 1.00000  C-G: 1.00000  C-T: 1.00000  G-T: 1.00000
Base frequencies:  A: 0.250  C: 0.250  G: 0.250  T: 0.250
Parameters optimization took 1 rounds (0.004 sec)
Wrote distance file to... 
Computing ML distances based on estimated model parameters...
Calculating distance matrix: done in 0.00148409 secs using 92.51% CPU
Computing ML distances took 0.001573 sec (of wall-clock time) 0.001451 sec (of CPU time)
Setting up auxiliary I and S matrices: done in 4.1314e-05 secs using 96.82% CPU
Computing RapidNJ tree took 0.000155 sec (of wall-clock time) 0.000154 sec (of CPU time)
Log-likelihood of RapidNJ tree: -11232.906
--------------------------------------------------------------------
|             INITIALIZING CANDIDATE TREE SET                      |
--------------------------------------------------------------------
Generating 98 parsimony trees... 0.210 second
Computing log-likelihood of 98 initial trees ... 0.162 seconds
Current best score: -11141.813

Do NNI search on 20 best initial trees
Estimate model parameters (epsilon = 0.100)
BETTER TREE FOUND at iteration 1: -11140.588
Iteration 10 / LogL: -11140.731 / Time: 0h:0m:0s
Iteration 20 / LogL: -11140.600 / Time: 0h:0m:0s
Finish initializing candidate tree set (10)
Current best tree score: -11140.588 / CPU time: 0.671
Number of iterations: 20
--------------------------------------------------------------------
|               OPTIMIZING CANDIDATE TREE SET                      |
--------------------------------------------------------------------
Estimate model parameters (epsilon = 0.100)
UPDATE BEST LOG-LIKELIHOOD: -11140.550
Iteration 30 / LogL: -11140.573 / Time: 0h:0m:0s (0h:0m:2s left)
Iteration 40 / LogL: -11147.103 / Time: 0h:0m:1s (0h:0m:1s left)
Iteration 50 / LogL: -11140.589 / Time: 0h:0m:1s (0h:0m:1s left)
Iteration 60 / LogL: -11144.603 / Time: 0h:0m:1s (0h:0m:1s left)
Iteration 70 / LogL: -11140.762 / Time: 0h:0m:1s (0h:0m:0s left)
Iteration 80 / LogL: -11140.707 / Time: 0h:0m:2s (0h:0m:0s left)
Iteration 90 / LogL: -11140.588 / Time: 0h:0m:2s (0h:0m:0s left)
Iteration 100 / LogL: -11140.729 / Time: 0h:0m:2s (0h:0m:0s left)
TREE SEARCH COMPLETED AFTER 102 ITERATIONS / Time: 0h:0m:2s

--------------------------------------------------------------------
|                    FINALIZING TREE SEARCH                        |
--------------------------------------------------------------------
Performs final model parameters optimization
Estimate model parameters (epsilon = 0.010)
1. Initial log-likelihood: -11140.550
Optimal log-likelihood: -11140.550
Rate parameters:  A-C: 1.00000  A-G: 1.00000  A-T: 1.00000  C-G: 1.00000  C-T: 1.00000  G-T: 1.00000
Base frequencies:  A: 0.250  C: 0.250  G: 0.250  T: 0.250
Parameters optimization took 1 rounds (0.002 sec)
BEST SCORE FOUND : -11140.550

Testing tree branches by aBayes parametric test...
0.006 sec.
Total tree length: 3.300

Total number of iterations: 102
CPU time used for tree search: 2.537 sec (0h:0m:2s)
Wall-clock time used for tree search: 2.616 sec (0h:0m:2s)
Total CPU time used: 2.570 sec (0h:0m:2s)
Total wall-clock time used: 2.651 sec (0h:0m:2s)

Analysis results written to: 
  IQ-TREE report:                /home/mis/CSE6406-project/work/paper_subset_50x10_L800/ils_high/replicate_07/estimated_gene_trees/L800/jc/locus_0023.iqtree
  Maximum-likelihood tree:       /home/mis/CSE6406-project/work/paper_subset_50x10_L800/ils_high/replicate_07/estimated_gene_trees/L800/jc/locus_0023.treefile
  Likelihood distances:          /home/mis/CSE6406-project/work/paper_subset_50x10_L800/ils_high/replicate_07/estimated_gene_trees/L800/jc/locus_0023.mldist
  Screen log file:               /home/mis/CSE6406-project/work/paper_subset_50x10_L800/ils_high/replicate_07/estimated_gene_trees/L800/jc/locus_0023.log

Date and Time: Sat Sep 12 20:02:53 2026
