IQ-TREE multicore version 2.4.0 for Linux x86 64-bit built Feb 12 2025
Developed by Bui Quang Minh, Nguyen Lam Tung, Olga Chernomor, Heiko Schmidt,
Dominik Schrempf, Michael Woodhams, Ly Trong Nhan, Thomas Wong

Host:    ezmata (AVX2, FMA3, 15 GB RAM)
Command: /home/mis/miniconda3/envs/cse6406/bin/iqtree2 -s /home/mis/CSE6406-project/work/paper_subset_50x10_L800/ils_high/replicate_07/alignments/L800/locus_0020.phy -m JC --abayes -T 1 --seed 7106021 --prefix /home/mis/CSE6406-project/work/paper_subset_50x10_L800/ils_high/replicate_07/estimated_gene_trees/L800/jc/locus_0020 --redo --quiet
Seed:    7106021 (Using SPRNG - Scalable Parallel Random Number Generator)
Time:    Sat Sep 12 20:02:50 2026
Kernel:  AVX+FMA - 1 threads (16 CPU cores detected)

HINT: Use -nt option to specify number of threads because your CPU has 16 cores!
HINT: -nt AUTO will automatically determine the best number of threads to use.

Reading alignment file /home/mis/CSE6406-project/work/paper_subset_50x10_L800/ils_high/replicate_07/alignments/L800/locus_0020.phy ... Phylip format detected
Alignment most likely contains DNA/RNA sequences
Alignment has 21 sequences with 800 columns, 412 distinct patterns
325 parsimony-informative, 96 singleton sites, 379 constant sites
        Gap/Ambiguity  Composition  p-value
Analyzing sequences: done in 4.8676e-05 secs using 96.56% CPU
   1  0_0_0     0.00%    passed     62.89%
   2  1_0_0     0.00%    passed     88.24%
   3  18_0_0    0.00%    passed     96.58%
   4  12_0_0    0.00%    passed     74.92%
   5  7_0_0     0.00%    passed     98.12%
   6  8_0_0     0.00%    passed     97.46%
   7  5_0_0     0.00%    passed     52.80%
   8  17_0_0    0.00%    passed     98.40%
   9  11_0_0    0.00%    passed     94.45%
  10  20_0_0    0.00%    passed     69.55%
  11  19_0_0    0.00%    passed     83.47%
  12  15_0_0    0.00%    passed     69.51%
  13  14_0_0    0.00%    passed     82.30%
  14  4_0_0     0.00%    passed     92.75%
  15  6_0_0     0.00%    passed     53.42%
  16  13_0_0    0.00%    passed     71.29%
  17  16_0_0    0.00%    passed     86.35%
  18  3_0_0     0.00%    passed     85.74%
  19  10_0_0    0.00%    passed     81.95%
  20  9_0_0     0.00%    passed     93.91%
  21  2_0_0     0.00%    passed     75.40%
****  TOTAL     0.00%  0 sequences failed composition chi2 test (p-value<5%; df=3)

Create initial parsimony tree by phylogenetic likelihood library (PLL)... 0.002 seconds

NOTE: 0 MB RAM (0 GB) is required!
Estimate model parameters (epsilon = 0.100)
1. Initial log-likelihood: -11499.398
Optimal log-likelihood: -11460.299
Rate parameters:  A-C: 1.00000  A-G: 1.00000  A-T: 1.00000  C-G: 1.00000  C-T: 1.00000  G-T: 1.00000
Base frequencies:  A: 0.250  C: 0.250  G: 0.250  T: 0.250
Parameters optimization took 1 rounds (0.004 sec)
Wrote distance file to... 
Computing ML distances based on estimated model parameters...
Calculating distance matrix: done in 0.00132275 secs using 92.46% CPU
Computing ML distances took 0.001404 sec (of wall-clock time) 0.001297 sec (of CPU time)
Setting up auxiliary I and S matrices: done in 5.7403e-05 secs
Computing RapidNJ tree took 0.000231 sec (of wall-clock time) 0.000000 sec (of CPU time)
Log-likelihood of RapidNJ tree: -11475.707
--------------------------------------------------------------------
|             INITIALIZING CANDIDATE TREE SET                      |
--------------------------------------------------------------------
Generating 98 parsimony trees... 0.241 second
Computing log-likelihood of 98 initial trees ... 0.173 seconds
Current best score: -11449.418

Do NNI search on 20 best initial trees
Estimate model parameters (epsilon = 0.100)
BETTER TREE FOUND at iteration 1: -11447.147
Estimate model parameters (epsilon = 0.100)
BETTER TREE FOUND at iteration 4: -11447.017
Iteration 10 / LogL: -11447.211 / Time: 0h:0m:0s
Iteration 20 / LogL: -11449.225 / Time: 0h:0m:0s
Finish initializing candidate tree set (7)
Current best tree score: -11447.017 / CPU time: 0.686
Number of iterations: 20
--------------------------------------------------------------------
|               OPTIMIZING CANDIDATE TREE SET                      |
--------------------------------------------------------------------
Iteration 30 / LogL: -11451.849 / Time: 0h:0m:0s (0h:0m:2s left)
Iteration 40 / LogL: -11450.889 / Time: 0h:0m:1s (0h:0m:1s left)
Iteration 50 / LogL: -11447.071 / Time: 0h:0m:1s (0h:0m:1s left)
Iteration 60 / LogL: -11453.757 / Time: 0h:0m:1s (0h:0m:1s left)
Iteration 70 / LogL: -11450.890 / Time: 0h:0m:1s (0h:0m:0s left)
Iteration 80 / LogL: -11447.019 / Time: 0h:0m:2s (0h:0m:0s left)
Iteration 90 / LogL: -11447.920 / Time: 0h:0m:2s (0h:0m:0s left)
Iteration 100 / LogL: -11450.880 / Time: 0h:0m:2s (0h:0m:0s left)
TREE SEARCH COMPLETED AFTER 105 ITERATIONS / Time: 0h:0m:2s

--------------------------------------------------------------------
|                    FINALIZING TREE SEARCH                        |
--------------------------------------------------------------------
Performs final model parameters optimization
Estimate model parameters (epsilon = 0.010)
1. Initial log-likelihood: -11447.017
Optimal log-likelihood: -11447.017
Rate parameters:  A-C: 1.00000  A-G: 1.00000  A-T: 1.00000  C-G: 1.00000  C-T: 1.00000  G-T: 1.00000
Base frequencies:  A: 0.250  C: 0.250  G: 0.250  T: 0.250
Parameters optimization took 1 rounds (0.001 sec)
BEST SCORE FOUND : -11447.017

Testing tree branches by aBayes parametric test...
0.003 sec.
Total tree length: 3.450

Total number of iterations: 105
CPU time used for tree search: 2.284 sec (0h:0m:2s)
Wall-clock time used for tree search: 2.359 sec (0h:0m:2s)
Total CPU time used: 2.311 sec (0h:0m:2s)
Total wall-clock time used: 2.388 sec (0h:0m:2s)

Analysis results written to: 
  IQ-TREE report:                /home/mis/CSE6406-project/work/paper_subset_50x10_L800/ils_high/replicate_07/estimated_gene_trees/L800/jc/locus_0020.iqtree
  Maximum-likelihood tree:       /home/mis/CSE6406-project/work/paper_subset_50x10_L800/ils_high/replicate_07/estimated_gene_trees/L800/jc/locus_0020.treefile
  Likelihood distances:          /home/mis/CSE6406-project/work/paper_subset_50x10_L800/ils_high/replicate_07/estimated_gene_trees/L800/jc/locus_0020.mldist
  Screen log file:               /home/mis/CSE6406-project/work/paper_subset_50x10_L800/ils_high/replicate_07/estimated_gene_trees/L800/jc/locus_0020.log

Date and Time: Sat Sep 12 20:02:52 2026
