IQ-TREE multicore version 2.4.0 for MacOS ARM 64-bit built Feb 12 2025
Developed by Bui Quang Minh, Nguyen Lam Tung, Olga Chernomor, Heiko Schmidt,
Dominik Schrempf, Michael Woodhams, Ly Trong Nhan, Thomas Wong

Host:    Fahims-MacBook-Air.local (SSE4.2, 16 GB RAM)
Command: /Users/fahim/miniconda3/envs/cse6406/bin/iqtree2 -s /Users/fahim/CSE6406-project/work/paper_subset_50x10_L1600/ils_high/replicate_01/alignments/L1600/locus_0024.phy -m GTR --abayes -T AUTO --seed 6506025 --prefix /Users/fahim/CSE6406-project/work/paper_subset_50x10_L1600/ils_high/replicate_01/estimated_gene_trees/L1600/gtr/locus_0024 --redo --quiet
Seed:    6506025 (Using SPRNG - Scalable Parallel Random Number Generator)
Time:    Sat Sep 12 00:04:56 2026
Kernel:  SSE2 - auto-detect threads (10 CPU cores detected)

Reading alignment file /Users/fahim/CSE6406-project/work/paper_subset_50x10_L1600/ils_high/replicate_01/alignments/L1600/locus_0024.phy ... Phylip format detected
Alignment most likely contains DNA/RNA sequences
Alignment has 21 sequences with 1600 columns, 93 distinct patterns
21 parsimony-informative, 85 singleton sites, 1494 constant sites
        Gap/Ambiguity  Composition  p-value
Analyzing sequences: done in 3.31402e-05 secs using 69.4% CPU
   1  6_0_0     0.00%    passed     99.99%
   2  13_0_0    0.00%    passed     99.68%
   3  12_0_0    0.00%    passed     99.96%
   4  17_0_0    0.00%    passed     99.84%
   5  15_0_0    0.00%    passed     99.96%
   6  18_0_0    0.00%    passed     99.95%
   7  5_0_0     0.00%    passed     99.99%
   8  2_0_0     0.00%    passed     99.95%
   9  3_0_0     0.00%    passed     99.99%
  10  1_0_0     0.00%    passed    100.00%
  11  11_0_0    0.00%    passed     99.96%
  12  8_0_0     0.00%    passed     99.95%
  13  14_0_0    0.00%    passed     99.96%
  14  20_0_0    0.00%    passed     99.92%
  15  16_0_0    0.00%    passed     99.76%
  16  10_0_0    0.00%    passed    100.00%
  17  9_0_0     0.00%    passed     99.99%
  18  19_0_0    0.00%    passed     99.96%
  19  7_0_0     0.00%    passed     99.74%
  20  4_0_0     0.00%    passed     98.45%
  21  0_0_0     0.00%    passed     99.91%
****  TOTAL     0.00%  0 sequences failed composition chi2 test (p-value<5%; df=3)

Create initial parsimony tree by phylogenetic likelihood library (PLL)... 0.000 seconds

NOTE: 0 MB RAM (0 GB) is required!
Measuring multi-threading efficiency up to 10 CPU cores
Increase to 10 rounds for branch lengths
28610 trees examined
Threads: 1 / Time: 10.000 sec / Speedup: 1.000 / Efficiency: 100% / LogL: -3330
Threads: 2 / Time: 48.326 sec / Speedup: 0.207 / Efficiency: 10% / LogL: -3330
BEST NUMBER OF THREADS: 1

Estimate model parameters (epsilon = 0.100)
1. Initial log-likelihood: -3076.924
2. Current log-likelihood: -3069.892
Optimal log-likelihood: -3069.892
Rate parameters:  A-C: 0.87417  A-G: 1.15920  A-T: 0.92914  C-G: 0.57217  C-T: 1.94973  G-T: 1.00000
Base frequencies:  A: 0.311  C: 0.189  G: 0.191  T: 0.308
Parameters optimization took 2 rounds (0.001 sec)
Wrote distance file to... 
Computing ML distances based on estimated model parameters...
Calculating distance matrix: done in 0.000374079 secs using 97.04% CPU
Computing ML distances took 0.000396 sec (of wall-clock time) 0.000372 sec (of CPU time)
Setting up auxiliary I and S matrices: done in 2.00272e-05 secs using 69.91% CPU
Computing RapidNJ tree took 0.000072 sec (of wall-clock time) 0.000071 sec (of CPU time)
Log-likelihood of RapidNJ tree: -3069.918
--------------------------------------------------------------------
|             INITIALIZING CANDIDATE TREE SET                      |
--------------------------------------------------------------------
Generating 98 parsimony trees... 0.016 second
Computing log-likelihood of 98 initial trees ... 0.012 seconds
Current best score: -3069.892

Do NNI search on 20 best initial trees
Estimate model parameters (epsilon = 0.100)
BETTER TREE FOUND at iteration 1: -3069.892
BETTER TREE FOUND at iteration 3: -3069.891
BETTER TREE FOUND at iteration 5: -3069.891
Iteration 10 / LogL: -3069.892 / Time: 0h:0m:58s
Iteration 20 / LogL: -3069.892 / Time: 0h:0m:58s
Finish initializing candidate tree set (20)
Current best tree score: -3069.891 / CPU time: 0.039
Number of iterations: 20
--------------------------------------------------------------------
|               OPTIMIZING CANDIDATE TREE SET                      |
--------------------------------------------------------------------
Iteration 30 / LogL: -3069.891 / Time: 0h:0m:58s (0h:2m:30s left)
Iteration 40 / LogL: -3069.894 / Time: 0h:0m:58s (0h:1m:37s left)
Iteration 50 / LogL: -3072.632 / Time: 0h:0m:58s (0h:1m:5s left)
Iteration 60 / LogL: -3069.897 / Time: 0h:0m:58s (0h:0m:44s left)
Iteration 70 / LogL: -3082.528 / Time: 0h:0m:58s (0h:0m:29s left)
Iteration 80 / LogL: -3069.894 / Time: 0h:0m:58s (0h:0m:18s left)
Iteration 90 / LogL: -3069.896 / Time: 0h:0m:58s (0h:0m:9s left)
Iteration 100 / LogL: -3069.893 / Time: 0h:0m:58s (0h:0m:2s left)
TREE SEARCH COMPLETED AFTER 106 ITERATIONS / Time: 0h:0m:58s

--------------------------------------------------------------------
|                    FINALIZING TREE SEARCH                        |
--------------------------------------------------------------------
Performs final model parameters optimization
Estimate model parameters (epsilon = 0.010)
1. Initial log-likelihood: -3069.891
Optimal log-likelihood: -3069.891
Rate parameters:  A-C: 0.87978  A-G: 1.15890  A-T: 0.93376  C-G: 0.56992  C-T: 1.95376  G-T: 1.00000
Base frequencies:  A: 0.311  C: 0.189  G: 0.191  T: 0.308
Parameters optimization took 1 rounds (0.000 sec)
BEST SCORE FOUND : -3069.891

Testing tree branches by aBayes parametric test...
0.000 sec.
Total tree length: 0.073

Total number of iterations: 106
CPU time used for tree search: 0.139 sec (0h:0m:0s)
Wall-clock time used for tree search: 0.140 sec (0h:0m:0s)
Total CPU time used: 34.763 sec (0h:0m:34s)
Total wall-clock time used: 58.474 sec (0h:0m:58s)

Analysis results written to: 
  IQ-TREE report:                /Users/fahim/CSE6406-project/work/paper_subset_50x10_L1600/ils_high/replicate_01/estimated_gene_trees/L1600/gtr/locus_0024.iqtree
  Maximum-likelihood tree:       /Users/fahim/CSE6406-project/work/paper_subset_50x10_L1600/ils_high/replicate_01/estimated_gene_trees/L1600/gtr/locus_0024.treefile
  Likelihood distances:          /Users/fahim/CSE6406-project/work/paper_subset_50x10_L1600/ils_high/replicate_01/estimated_gene_trees/L1600/gtr/locus_0024.mldist
  Screen log file:               /Users/fahim/CSE6406-project/work/paper_subset_50x10_L1600/ils_high/replicate_01/estimated_gene_trees/L1600/gtr/locus_0024.log

Date and Time: Sat Sep 12 00:05:54 2026
