IQ-TREE multicore version 2.4.0 for MacOS ARM 64-bit built Feb 12 2025
Developed by Bui Quang Minh, Nguyen Lam Tung, Olga Chernomor, Heiko Schmidt,
Dominik Schrempf, Michael Woodhams, Ly Trong Nhan, Thomas Wong

Host:    Fahims-MacBook-Air.local (SSE4.2, 16 GB RAM)
Command: /Users/fahim/miniconda3/envs/cse6406/bin/iqtree2 -s /Users/fahim/CSE6406-project/work/paper_subset_50x10_L1600/ils_low/replicate_07/alignments/L1600/locus_0040.phy -m GTR --abayes -T AUTO --seed 7106041 --prefix /Users/fahim/CSE6406-project/work/paper_subset_50x10_L1600/ils_low/replicate_07/estimated_gene_trees/L1600/gtr/locus_0040 --redo --quiet
Seed:    7106041 (Using SPRNG - Scalable Parallel Random Number Generator)
Time:    Fri Sep 11 15:10:48 2026
Kernel:  SSE2 - auto-detect threads (10 CPU cores detected)

Reading alignment file /Users/fahim/CSE6406-project/work/paper_subset_50x10_L1600/ils_low/replicate_07/alignments/L1600/locus_0040.phy ... Phylip format detected
Alignment most likely contains DNA/RNA sequences
Alignment has 21 sequences with 1600 columns, 745 distinct patterns
613 parsimony-informative, 194 singleton sites, 793 constant sites
        Gap/Ambiguity  Composition  p-value
Analyzing sequences: done in 4.41074e-05 secs using 106.6% CPU
   1  0_0_0     0.00%    passed     77.97%
   2  1_0_0     0.00%    passed     99.44%
   3  9_0_0     0.00%    passed     95.50%
   4  11_0_0    0.00%    passed     96.57%
   5  10_0_0    0.00%    passed     88.12%
   6  17_0_0    0.00%    passed     85.22%
   7  5_0_0     0.00%    passed     75.20%
   8  14_0_0    0.00%    passed     81.86%
   9  4_0_0     0.00%    passed     84.40%
  10  6_0_0     0.00%    passed     93.16%
  11  2_0_0     0.00%    passed     91.94%
  12  3_0_0     0.00%    passed     72.24%
  13  13_0_0    0.00%    passed     70.77%
  14  16_0_0    0.00%    passed     39.78%
  15  15_0_0    0.00%    passed     89.00%
  16  12_0_0    0.00%    passed     96.69%
  17  7_0_0     0.00%    passed     97.65%
  18  8_0_0     0.00%    passed     43.91%
  19  19_0_0    0.00%    passed     93.27%
  20  20_0_0    0.00%    passed     41.95%
  21  18_0_0    0.00%    passed     59.60%
****  TOTAL     0.00%  0 sequences failed composition chi2 test (p-value<5%; df=3)

Create initial parsimony tree by phylogenetic likelihood library (PLL)... 0.001 seconds

NOTE: 0 MB RAM (0 GB) is required!
Measuring multi-threading efficiency up to 10 CPU cores
Increase to 10 rounds for branch lengths
3566 trees examined
Threads: 1 / Time: 10.000 sec / Speedup: 1.000 / Efficiency: 100% / LogL: -22639
Threads: 2 / Time: 21.630 sec / Speedup: 0.462 / Efficiency: 23% / LogL: -22639
BEST NUMBER OF THREADS: 1

Estimate model parameters (epsilon = 0.100)
1. Initial log-likelihood: -20109.306
2. Current log-likelihood: -19982.814
3. Current log-likelihood: -19982.633
Optimal log-likelihood: -19982.630
Rate parameters:  A-C: 1.01503  A-G: 1.47914  A-T: 1.03101  C-G: 0.98480  C-T: 1.70958  G-T: 1.00000
Base frequencies:  A: 0.310  C: 0.195  G: 0.195  T: 0.300
Parameters optimization took 3 rounds (0.010 sec)
Wrote distance file to... 
Computing ML distances based on estimated model parameters...
Calculating distance matrix: done in 0.000439882 secs using 98.89% CPU
Computing ML distances took 0.000482 sec (of wall-clock time) 0.000467 sec (of CPU time)
Setting up auxiliary I and S matrices: done in 1.5974e-05 secs using 62.6% CPU
Computing RapidNJ tree took 0.000058 sec (of wall-clock time) 0.000057 sec (of CPU time)
Log-likelihood of RapidNJ tree: -20088.653
--------------------------------------------------------------------
|             INITIALIZING CANDIDATE TREE SET                      |
--------------------------------------------------------------------
Generating 98 parsimony trees... 0.086 second
Computing log-likelihood of 98 initial trees ... 0.060 seconds
Current best score: -19982.630

Do NNI search on 20 best initial trees
Estimate model parameters (epsilon = 0.100)
BETTER TREE FOUND at iteration 1: -19972.860
Iteration 10 / LogL: -19972.871 / Time: 0h:0m:31s
Estimate model parameters (epsilon = 0.100)
UPDATE BEST LOG-LIKELIHOOD: -19972.742
Iteration 20 / LogL: -19989.034 / Time: 0h:0m:31s
Finish initializing candidate tree set (3)
Current best tree score: -19972.742 / CPU time: 0.316
Number of iterations: 20
--------------------------------------------------------------------
|               OPTIMIZING CANDIDATE TREE SET                      |
--------------------------------------------------------------------
Iteration 30 / LogL: -19989.045 / Time: 0h:0m:32s (0h:1m:18s left)
Iteration 40 / LogL: -19972.745 / Time: 0h:0m:32s (0h:0m:50s left)
Iteration 50 / LogL: -19972.746 / Time: 0h:0m:32s (0h:0m:33s left)
Iteration 60 / LogL: -19989.036 / Time: 0h:0m:32s (0h:0m:22s left)
Iteration 70 / LogL: -19989.039 / Time: 0h:0m:32s (0h:0m:14s left)
Iteration 80 / LogL: -19972.756 / Time: 0h:0m:32s (0h:0m:8s left)
Iteration 90 / LogL: -19972.923 / Time: 0h:0m:32s (0h:0m:4s left)
Iteration 100 / LogL: -19972.747 / Time: 0h:0m:32s (0h:0m:0s left)
TREE SEARCH COMPLETED AFTER 102 ITERATIONS / Time: 0h:0m:32s

--------------------------------------------------------------------
|                    FINALIZING TREE SEARCH                        |
--------------------------------------------------------------------
Performs final model parameters optimization
Estimate model parameters (epsilon = 0.010)
1. Initial log-likelihood: -19972.742
Optimal log-likelihood: -19972.735
Rate parameters:  A-C: 1.02977  A-G: 1.50760  A-T: 1.03873  C-G: 1.01407  C-T: 1.72683  G-T: 1.00000
Base frequencies:  A: 0.310  C: 0.195  G: 0.195  T: 0.300
Parameters optimization took 1 rounds (0.002 sec)
BEST SCORE FOUND : -19972.735

Testing tree branches by aBayes parametric test...
0.002 sec.
Total tree length: 2.859

Total number of iterations: 102
CPU time used for tree search: 0.999 sec (0h:0m:0s)
Wall-clock time used for tree search: 1.002 sec (0h:0m:1s)
Total CPU time used: 28.014 sec (0h:0m:28s)
Total wall-clock time used: 32.656 sec (0h:0m:32s)

Analysis results written to: 
  IQ-TREE report:                /Users/fahim/CSE6406-project/work/paper_subset_50x10_L1600/ils_low/replicate_07/estimated_gene_trees/L1600/gtr/locus_0040.iqtree
  Maximum-likelihood tree:       /Users/fahim/CSE6406-project/work/paper_subset_50x10_L1600/ils_low/replicate_07/estimated_gene_trees/L1600/gtr/locus_0040.treefile
  Likelihood distances:          /Users/fahim/CSE6406-project/work/paper_subset_50x10_L1600/ils_low/replicate_07/estimated_gene_trees/L1600/gtr/locus_0040.mldist
  Screen log file:               /Users/fahim/CSE6406-project/work/paper_subset_50x10_L1600/ils_low/replicate_07/estimated_gene_trees/L1600/gtr/locus_0040.log

Date and Time: Fri Sep 11 15:11:21 2026
