IQ-TREE multicore version 2.4.0 for MacOS ARM 64-bit built Feb 12 2025
Developed by Bui Quang Minh, Nguyen Lam Tung, Olga Chernomor, Heiko Schmidt,
Dominik Schrempf, Michael Woodhams, Ly Trong Nhan, Thomas Wong

Host:    Fahims-MacBook-Air.local (SSE4.2, 16 GB RAM)
Command: /Users/fahim/miniconda3/envs/cse6406/bin/iqtree2 -s /Users/fahim/CSE6406-project/work/paper_subset_50x10_L1600/ils_low/replicate_07/alignments/L1600/locus_0016.phy -m GTR --abayes -T AUTO --seed 7106017 --prefix /Users/fahim/CSE6406-project/work/paper_subset_50x10_L1600/ils_low/replicate_07/estimated_gene_trees/L1600/gtr/locus_0016 --redo --quiet
Seed:    7106017 (Using SPRNG - Scalable Parallel Random Number Generator)
Time:    Fri Sep 11 14:57:44 2026
Kernel:  SSE2 - auto-detect threads (10 CPU cores detected)

Reading alignment file /Users/fahim/CSE6406-project/work/paper_subset_50x10_L1600/ils_low/replicate_07/alignments/L1600/locus_0016.phy ... Phylip format detected
Alignment most likely contains DNA/RNA sequences
Alignment has 21 sequences with 1600 columns, 762 distinct patterns
642 parsimony-informative, 182 singleton sites, 776 constant sites
        Gap/Ambiguity  Composition  p-value
Analyzing sequences: done in 4.50611e-05 secs using 108.7% CPU
   1  0_0_0     0.00%    passed     74.77%
   2  20_0_0    0.00%    passed     99.46%
   3  18_0_0    0.00%    passed     96.78%
   4  19_0_0    0.00%    passed     22.57%
   5  1_0_0     0.00%    passed     81.02%
   6  16_0_0    0.00%    passed     36.42%
   7  13_0_0    0.00%    passed     95.03%
   8  3_0_0     0.00%    passed     91.04%
   9  10_0_0    0.00%    passed     73.00%
  10  17_0_0    0.00%    passed     79.26%
  11  9_0_0     0.00%    passed     95.31%
  12  11_0_0    0.00%    passed     98.27%
  13  5_0_0     0.00%    passed     87.39%
  14  15_0_0    0.00%    passed     97.03%
  15  4_0_0     0.00%    passed     56.17%
  16  14_0_0    0.00%    passed     98.66%
  17  2_0_0     0.00%    passed     71.47%
  18  6_0_0     0.00%    passed     75.89%
  19  12_0_0    0.00%    passed     83.93%
  20  7_0_0     0.00%    passed     95.20%
  21  8_0_0     0.00%    passed     74.72%
****  TOTAL     0.00%  0 sequences failed composition chi2 test (p-value<5%; df=3)

Create initial parsimony tree by phylogenetic likelihood library (PLL)... 0.001 seconds

NOTE: 0 MB RAM (0 GB) is required!
Measuring multi-threading efficiency up to 10 CPU cores
Increase to 10 rounds for branch lengths
3609 trees examined
Threads: 1 / Time: 10.002 sec / Speedup: 1.000 / Efficiency: 100% / LogL: -23147
Threads: 2 / Time: 21.179 sec / Speedup: 0.472 / Efficiency: 24% / LogL: -23147
BEST NUMBER OF THREADS: 1

Estimate model parameters (epsilon = 0.100)
1. Initial log-likelihood: -20863.419
2. Current log-likelihood: -20745.778
3. Current log-likelihood: -20745.643
Optimal log-likelihood: -20745.642
Rate parameters:  A-C: 0.91068  A-G: 1.57239  A-T: 0.90000  C-G: 0.96078  C-T: 1.30803  G-T: 1.00000
Base frequencies:  A: 0.298  C: 0.204  G: 0.181  T: 0.317
Parameters optimization took 3 rounds (0.010 sec)
Wrote distance file to... 
Computing ML distances based on estimated model parameters...
Calculating distance matrix: done in 0.000451088 secs using 97.32% CPU
Computing ML distances took 0.000492 sec (of wall-clock time) 0.000470 sec (of CPU time)
Setting up auxiliary I and S matrices: done in 1.40667e-05 secs using 71.09% CPU
Computing RapidNJ tree took 0.000057 sec (of wall-clock time) 0.000056 sec (of CPU time)
Log-likelihood of RapidNJ tree: -20838.831
--------------------------------------------------------------------
|             INITIALIZING CANDIDATE TREE SET                      |
--------------------------------------------------------------------
Generating 98 parsimony trees... 0.088 second
Computing log-likelihood of 98 initial trees ... 0.061 seconds
Current best score: -20736.362

Do NNI search on 20 best initial trees
Estimate model parameters (epsilon = 0.100)
BETTER TREE FOUND at iteration 1: -20734.351
Estimate model parameters (epsilon = 0.100)
BETTER TREE FOUND at iteration 2: -20733.002
Iteration 10 / LogL: -20770.114 / Time: 0h:0m:31s
Iteration 20 / LogL: -20782.019 / Time: 0h:0m:31s
Finish initializing candidate tree set (7)
Current best tree score: -20733.002 / CPU time: 0.316
Number of iterations: 20
--------------------------------------------------------------------
|               OPTIMIZING CANDIDATE TREE SET                      |
--------------------------------------------------------------------
Iteration 30 / LogL: -20734.449 / Time: 0h:0m:31s (0h:1m:18s left)
Iteration 40 / LogL: -20734.455 / Time: 0h:0m:31s (0h:0m:50s left)
Iteration 50 / LogL: -20733.170 / Time: 0h:0m:31s (0h:0m:33s left)
Iteration 60 / LogL: -20733.019 / Time: 0h:0m:31s (0h:0m:22s left)
Iteration 70 / LogL: -20742.432 / Time: 0h:0m:31s (0h:0m:14s left)
Iteration 80 / LogL: -20734.461 / Time: 0h:0m:32s (0h:0m:8s left)
Iteration 90 / LogL: -20742.447 / Time: 0h:0m:32s (0h:0m:4s left)
Iteration 100 / LogL: -20734.445 / Time: 0h:0m:32s (0h:0m:0s left)
TREE SEARCH COMPLETED AFTER 103 ITERATIONS / Time: 0h:0m:32s

--------------------------------------------------------------------
|                    FINALIZING TREE SEARCH                        |
--------------------------------------------------------------------
Performs final model parameters optimization
Estimate model parameters (epsilon = 0.010)
1. Initial log-likelihood: -20733.002
Optimal log-likelihood: -20732.993
Rate parameters:  A-C: 0.89054  A-G: 1.58717  A-T: 0.91039  C-G: 0.95855  C-T: 1.31246  G-T: 1.00000
Base frequencies:  A: 0.298  C: 0.204  G: 0.181  T: 0.317
Parameters optimization took 1 rounds (0.002 sec)
BEST SCORE FOUND : -20732.993

Testing tree branches by aBayes parametric test...
0.002 sec.
Total tree length: 3.017

Total number of iterations: 103
CPU time used for tree search: 1.034 sec (0h:0m:1s)
Wall-clock time used for tree search: 1.037 sec (0h:0m:1s)
Total CPU time used: 27.817 sec (0h:0m:27s)
Total wall-clock time used: 32.242 sec (0h:0m:32s)

Analysis results written to: 
  IQ-TREE report:                /Users/fahim/CSE6406-project/work/paper_subset_50x10_L1600/ils_low/replicate_07/estimated_gene_trees/L1600/gtr/locus_0016.iqtree
  Maximum-likelihood tree:       /Users/fahim/CSE6406-project/work/paper_subset_50x10_L1600/ils_low/replicate_07/estimated_gene_trees/L1600/gtr/locus_0016.treefile
  Likelihood distances:          /Users/fahim/CSE6406-project/work/paper_subset_50x10_L1600/ils_low/replicate_07/estimated_gene_trees/L1600/gtr/locus_0016.mldist
  Screen log file:               /Users/fahim/CSE6406-project/work/paper_subset_50x10_L1600/ils_low/replicate_07/estimated_gene_trees/L1600/gtr/locus_0016.log

Date and Time: Fri Sep 11 14:58:16 2026
