IQ-TREE multicore version 2.4.0 for MacOS ARM 64-bit built Feb 12 2025
Developed by Bui Quang Minh, Nguyen Lam Tung, Olga Chernomor, Heiko Schmidt,
Dominik Schrempf, Michael Woodhams, Ly Trong Nhan, Thomas Wong

Host:    Fahims-MacBook-Air.local (SSE4.2, 16 GB RAM)
Command: /Users/fahim/miniconda3/envs/cse6406/bin/iqtree2 -s /Users/fahim/CSE6406-project/work/paper_subset_50x10_L1600/ils_low/replicate_02/alignments/L1600/locus_0024.phy -m GTR+G4 --abayes -T AUTO --seed 6606025 --prefix /Users/fahim/CSE6406-project/work/paper_subset_50x10_L1600/ils_low/replicate_02/estimated_gene_trees/L1600/gtr_g4/locus_0024 --redo --quiet
Seed:    6606025 (Using SPRNG - Scalable Parallel Random Number Generator)
Time:    Fri Sep 11 03:37:22 2026
Kernel:  SSE2 - auto-detect threads (10 CPU cores detected)

Reading alignment file /Users/fahim/CSE6406-project/work/paper_subset_50x10_L1600/ils_low/replicate_02/alignments/L1600/locus_0024.phy ... Phylip format detected
Alignment most likely contains DNA/RNA sequences
Alignment has 21 sequences with 1600 columns, 930 distinct patterns
835 parsimony-informative, 136 singleton sites, 629 constant sites
        Gap/Ambiguity  Composition  p-value
Analyzing sequences: done in 5.79357e-05 secs using 110.5% CPU
   1  2_0_0     0.00%    passed     81.43%
   2  4_0_0     0.00%    passed     98.78%
   3  3_0_0     0.00%    passed     97.50%
   4  6_0_0     0.00%    passed     84.76%
   5  17_0_0    0.00%    passed     84.89%
   6  12_0_0    0.00%    passed     90.11%
   7  20_0_0    0.00%    passed     91.30%
   8  13_0_0    0.00%    passed     69.66%
   9  7_0_0     0.00%    passed     92.52%
  10  8_0_0     0.00%    passed     84.06%
  11  19_0_0    0.00%    passed     96.43%
  12  10_0_0    0.00%    passed     89.56%
  13  14_0_0    0.00%    passed     91.58%
  14  16_0_0    0.00%    passed     54.59%
  15  18_0_0    0.00%    passed     75.48%
  16  15_0_0    0.00%    passed     93.12%
  17  1_0_0     0.00%    passed     57.67%
  18  5_0_0     0.00%    passed     28.83%
  19  9_0_0     0.00%    passed      9.84%
  20  11_0_0    0.00%    passed     86.88%
  21  0_0_0     0.00%    passed     68.41%
****  TOTAL     0.00%  0 sequences failed composition chi2 test (p-value<5%; df=3)

Create initial parsimony tree by phylogenetic likelihood library (PLL)... 0.001 seconds

NOTE: 2 MB RAM (0 GB) is required!
Measuring multi-threading efficiency up to 10 CPU cores
Increase to 10 rounds for branch lengths
502 trees examined
Threads: 1 / Time: 10.002 sec / Speedup: 1.000 / Efficiency: 100% / LogL: -25017
Threads: 2 / Time: 10.752 sec / Speedup: 0.930 / Efficiency: 47% / LogL: -25017
BEST NUMBER OF THREADS: 1

Estimate model parameters (epsilon = 0.100)
1. Initial log-likelihood: -23816.911
2. Current log-likelihood: -22763.458
3. Current log-likelihood: -22615.858
4. Current log-likelihood: -22599.355
5. Current log-likelihood: -22595.793
6. Current log-likelihood: -22594.825
7. Current log-likelihood: -22594.596
Optimal log-likelihood: -22594.503
Rate parameters:  A-C: 0.84446  A-G: 1.86455  A-T: 1.02523  C-G: 0.92132  C-T: 1.80137  G-T: 1.00000
Base frequencies:  A: 0.293  C: 0.213  G: 0.189  T: 0.305
Gamma shape alpha: 0.209
Parameters optimization took 7 rounds (0.189 sec)
Wrote distance file to... 
Computing ML distances based on estimated model parameters...
Calculating distance matrix: done in 0.00138807 secs using 98.77% CPU
Computing ML distances took 0.001462 sec (of wall-clock time) 0.001434 sec (of CPU time)
Setting up auxiliary I and S matrices: done in 2.31266e-05 secs using 73.51% CPU
Computing RapidNJ tree took 0.000081 sec (of wall-clock time) 0.000091 sec (of CPU time)
Log-likelihood of RapidNJ tree: -22595.371
--------------------------------------------------------------------
|             INITIALIZING CANDIDATE TREE SET                      |
--------------------------------------------------------------------
Generating 98 parsimony trees... 0.137 second
Computing log-likelihood of 98 initial trees ... 0.279 seconds
Current best score: -22594.503

Do NNI search on 20 best initial trees
Estimate model parameters (epsilon = 0.100)
BETTER TREE FOUND at iteration 1: -22581.603
Iteration 10 / LogL: -22581.947 / Time: 0h:0m:21s
UPDATE BEST LOG-LIKELIHOOD: -22581.603
Iteration 20 / LogL: -22581.619 / Time: 0h:0m:22s
Finish initializing candidate tree set (2)
Current best tree score: -22581.603 / CPU time: 1.342
Number of iterations: 20
--------------------------------------------------------------------
|               OPTIMIZING CANDIDATE TREE SET                      |
--------------------------------------------------------------------
Iteration 30 / LogL: -22581.684 / Time: 0h:0m:22s (0h:0m:55s left)
UPDATE BEST LOG-LIKELIHOOD: -22581.602
UPDATE BEST LOG-LIKELIHOOD: -22581.602
Iteration 40 / LogL: -22582.203 / Time: 0h:0m:23s (0h:0m:36s left)
UPDATE BEST LOG-LIKELIHOOD: -22581.600
Iteration 50 / LogL: -22581.785 / Time: 0h:0m:23s (0h:0m:24s left)
UPDATE BEST LOG-LIKELIHOOD: -22581.600
Iteration 60 / LogL: -22581.681 / Time: 0h:0m:24s (0h:0m:16s left)
Iteration 70 / LogL: -22581.604 / Time: 0h:0m:24s (0h:0m:11s left)
UPDATE BEST LOG-LIKELIHOOD: -22581.600
Iteration 80 / LogL: -22596.126 / Time: 0h:0m:25s (0h:0m:6s left)
UPDATE BEST LOG-LIKELIHOOD: -22581.600
Iteration 90 / LogL: -22596.114 / Time: 0h:0m:25s (0h:0m:3s left)
Iteration 100 / LogL: -22581.783 / Time: 0h:0m:26s (0h:0m:0s left)
TREE SEARCH COMPLETED AFTER 102 ITERATIONS / Time: 0h:0m:26s

--------------------------------------------------------------------
|                    FINALIZING TREE SEARCH                        |
--------------------------------------------------------------------
Performs final model parameters optimization
Estimate model parameters (epsilon = 0.010)
1. Initial log-likelihood: -22581.600
Optimal log-likelihood: -22581.595
Rate parameters:  A-C: 0.83873  A-G: 1.87277  A-T: 1.01499  C-G: 0.91468  C-T: 1.80266  G-T: 1.00000
Base frequencies:  A: 0.293  C: 0.213  G: 0.189  T: 0.305
Gamma shape alpha: 0.208
Parameters optimization took 1 rounds (0.011 sec)
BEST SCORE FOUND : -22581.595

Testing tree branches by aBayes parametric test...
0.010 sec.
Total tree length: 16.735

Total number of iterations: 102
CPU time used for tree search: 5.258 sec (0h:0m:5s)
Wall-clock time used for tree search: 5.270 sec (0h:0m:5s)
Total CPU time used: 28.172 sec (0h:0m:28s)
Total wall-clock time used: 26.255 sec (0h:0m:26s)

Analysis results written to: 
  IQ-TREE report:                /Users/fahim/CSE6406-project/work/paper_subset_50x10_L1600/ils_low/replicate_02/estimated_gene_trees/L1600/gtr_g4/locus_0024.iqtree
  Maximum-likelihood tree:       /Users/fahim/CSE6406-project/work/paper_subset_50x10_L1600/ils_low/replicate_02/estimated_gene_trees/L1600/gtr_g4/locus_0024.treefile
  Likelihood distances:          /Users/fahim/CSE6406-project/work/paper_subset_50x10_L1600/ils_low/replicate_02/estimated_gene_trees/L1600/gtr_g4/locus_0024.mldist
  Screen log file:               /Users/fahim/CSE6406-project/work/paper_subset_50x10_L1600/ils_low/replicate_02/estimated_gene_trees/L1600/gtr_g4/locus_0024.log

Date and Time: Fri Sep 11 03:37:48 2026
