IQ-TREE multicore version 2.4.0 for MacOS ARM 64-bit built Feb 12 2025
Developed by Bui Quang Minh, Nguyen Lam Tung, Olga Chernomor, Heiko Schmidt,
Dominik Schrempf, Michael Woodhams, Ly Trong Nhan, Thomas Wong

Host:    Fahims-MacBook-Air.local (SSE4.2, 16 GB RAM)
Command: /Users/fahim/miniconda3/envs/cse6406/bin/iqtree2 -s /Users/fahim/CSE6406-project/work/paper_subset_50x10_L1600/ils_low/replicate_02/alignments/L1600/locus_0041.phy -m GTR+G4 --abayes -T AUTO --seed 6606042 --prefix /Users/fahim/CSE6406-project/work/paper_subset_50x10_L1600/ils_low/replicate_02/estimated_gene_trees/L1600/gtr_g4/locus_0041 --redo --quiet
Seed:    6606042 (Using SPRNG - Scalable Parallel Random Number Generator)
Time:    Fri Sep 11 03:45:10 2026
Kernel:  SSE2 - auto-detect threads (10 CPU cores detected)

Reading alignment file /Users/fahim/CSE6406-project/work/paper_subset_50x10_L1600/ils_low/replicate_02/alignments/L1600/locus_0041.phy ... Phylip format detected
Alignment most likely contains DNA/RNA sequences
Alignment has 21 sequences with 1600 columns, 956 distinct patterns
859 parsimony-informative, 134 singleton sites, 607 constant sites
        Gap/Ambiguity  Composition  p-value
Analyzing sequences: done in 4.1008e-05 secs using 170.7% CPU
   1  0_0_0     0.00%    passed     25.22%
   2  2_0_0     0.00%    passed     97.73%
   3  4_0_0     0.00%    passed     78.80%
   4  6_0_0     0.00%    passed     77.85%
   5  3_0_0     0.00%    passed     27.47%
   6  1_0_0     0.00%    passed     49.30%
   7  5_0_0     0.00%    passed     40.63%
   8  9_0_0     0.00%    passed     57.51%
   9  11_0_0    0.00%    passed     96.02%
  10  20_0_0    0.00%    passed     61.59%
  11  17_0_0    0.00%    passed     21.25%
  12  12_0_0    0.00%    passed     97.21%
  13  13_0_0    0.00%    passed     77.78%
  14  16_0_0    0.00%    passed     40.96%
  15  18_0_0    0.00%    passed     15.11%
  16  15_0_0    0.00%    passed     80.48%
  17  14_0_0    0.00%    passed     83.56%
  18  8_0_0     0.00%    passed     79.63%
  19  7_0_0     0.00%    passed     73.89%
  20  19_0_0    0.00%    passed     83.95%
  21  10_0_0    0.00%    passed     70.48%
****  TOTAL     0.00%  0 sequences failed composition chi2 test (p-value<5%; df=3)

Create initial parsimony tree by phylogenetic likelihood library (PLL)... 0.001 seconds

NOTE: 2 MB RAM (0 GB) is required!
Measuring multi-threading efficiency up to 10 CPU cores
Increase to 10 rounds for branch lengths
463 trees examined
Threads: 1 / Time: 10.012 sec / Speedup: 1.000 / Efficiency: 100% / LogL: -25730
Threads: 2 / Time: 10.911 sec / Speedup: 0.918 / Efficiency: 46% / LogL: -25730
BEST NUMBER OF THREADS: 1

Estimate model parameters (epsilon = 0.100)
1. Initial log-likelihood: -24671.601
2. Current log-likelihood: -23626.944
3. Current log-likelihood: -23470.826
4. Current log-likelihood: -23447.281
5. Current log-likelihood: -23440.435
6. Current log-likelihood: -23437.991
7. Current log-likelihood: -23437.070
8. Current log-likelihood: -23436.681
9. Current log-likelihood: -23436.540
Optimal log-likelihood: -23436.419
Rate parameters:  A-C: 1.07489  A-G: 1.95194  A-T: 1.21467  C-G: 0.89953  C-T: 2.14938  G-T: 1.00000
Base frequencies:  A: 0.286  C: 0.200  G: 0.216  T: 0.297
Gamma shape alpha: 0.195
Parameters optimization took 9 rounds (0.245 sec)
Wrote distance file to... 
Computing ML distances based on estimated model parameters...
Calculating distance matrix: done in 0.00145698 secs using 99.18% CPU
Computing ML distances took 0.001531 sec (of wall-clock time) 0.001508 sec (of CPU time)
Setting up auxiliary I and S matrices: done in 2.09808e-05 secs using 76.26% CPU
Computing RapidNJ tree took 0.000087 sec (of wall-clock time) 0.000092 sec (of CPU time)
Log-likelihood of RapidNJ tree: -23432.344
--------------------------------------------------------------------
|             INITIALIZING CANDIDATE TREE SET                      |
--------------------------------------------------------------------
Generating 98 parsimony trees... 0.130 second
Computing log-likelihood of 98 initial trees ... 0.320 seconds
Current best score: -23432.344

Do NNI search on 20 best initial trees
Estimate model parameters (epsilon = 0.100)
BETTER TREE FOUND at iteration 1: -23413.241
UPDATE BEST LOG-LIKELIHOOD: -23413.239
Iteration 10 / LogL: -23413.257 / Time: 0h:0m:22s
UPDATE BEST LOG-LIKELIHOOD: -23413.239
Iteration 20 / LogL: -23413.255 / Time: 0h:0m:22s
Finish initializing candidate tree set (1)
Current best tree score: -23413.239 / CPU time: 1.594
Number of iterations: 20
--------------------------------------------------------------------
|               OPTIMIZING CANDIDATE TREE SET                      |
--------------------------------------------------------------------
Iteration 30 / LogL: -23416.305 / Time: 0h:0m:23s (0h:0m:57s left)
Iteration 40 / LogL: -23416.301 / Time: 0h:0m:23s (0h:0m:37s left)
UPDATE BEST LOG-LIKELIHOOD: -23413.239
Iteration 50 / LogL: -23413.239 / Time: 0h:0m:24s (0h:0m:25s left)
Iteration 60 / LogL: -23416.301 / Time: 0h:0m:25s (0h:0m:17s left)
Iteration 70 / LogL: -23413.239 / Time: 0h:0m:25s (0h:0m:11s left)
UPDATE BEST LOG-LIKELIHOOD: -23413.239
Iteration 80 / LogL: -23416.301 / Time: 0h:0m:26s (0h:0m:7s left)
Iteration 90 / LogL: -23413.239 / Time: 0h:0m:27s (0h:0m:3s left)
Iteration 100 / LogL: -23416.302 / Time: 0h:0m:27s (0h:0m:0s left)
TREE SEARCH COMPLETED AFTER 102 ITERATIONS / Time: 0h:0m:27s

--------------------------------------------------------------------
|                    FINALIZING TREE SEARCH                        |
--------------------------------------------------------------------
Performs final model parameters optimization
Estimate model parameters (epsilon = 0.010)
1. Initial log-likelihood: -23413.239
Optimal log-likelihood: -23413.230
Rate parameters:  A-C: 1.08374  A-G: 1.97135  A-T: 1.22059  C-G: 0.90518  C-T: 2.15060  G-T: 1.00000
Base frequencies:  A: 0.286  C: 0.200  G: 0.216  T: 0.297
Gamma shape alpha: 0.194
Parameters optimization took 1 rounds (0.010 sec)
BEST SCORE FOUND : -23413.230

Testing tree branches by aBayes parametric test...
0.010 sec.
Total tree length: 19.087

Total number of iterations: 102
CPU time used for tree search: 6.591 sec (0h:0m:6s)
Wall-clock time used for tree search: 6.607 sec (0h:0m:6s)
Total CPU time used: 30.258 sec (0h:0m:30s)
Total wall-clock time used: 27.826 sec (0h:0m:27s)

Analysis results written to: 
  IQ-TREE report:                /Users/fahim/CSE6406-project/work/paper_subset_50x10_L1600/ils_low/replicate_02/estimated_gene_trees/L1600/gtr_g4/locus_0041.iqtree
  Maximum-likelihood tree:       /Users/fahim/CSE6406-project/work/paper_subset_50x10_L1600/ils_low/replicate_02/estimated_gene_trees/L1600/gtr_g4/locus_0041.treefile
  Likelihood distances:          /Users/fahim/CSE6406-project/work/paper_subset_50x10_L1600/ils_low/replicate_02/estimated_gene_trees/L1600/gtr_g4/locus_0041.mldist
  Screen log file:               /Users/fahim/CSE6406-project/work/paper_subset_50x10_L1600/ils_low/replicate_02/estimated_gene_trees/L1600/gtr_g4/locus_0041.log

Date and Time: Fri Sep 11 03:45:38 2026
