IQ-TREE multicore version 2.4.0 for MacOS ARM 64-bit built Feb 12 2025
Developed by Bui Quang Minh, Nguyen Lam Tung, Olga Chernomor, Heiko Schmidt,
Dominik Schrempf, Michael Woodhams, Ly Trong Nhan, Thomas Wong

Host:    Fahims-MacBook-Air.local (SSE4.2, 16 GB RAM)
Command: /Users/fahim/miniconda3/envs/cse6406/bin/iqtree2 -s /Users/fahim/CSE6406-project/work/paper_subset_50x10_L1600/ils_high/replicate_02/alignments/L1600/locus_0046.phy -m HKY+G4 --abayes -T AUTO --seed 6606047 --prefix /Users/fahim/CSE6406-project/work/paper_subset_50x10_L1600/ils_high/replicate_02/estimated_gene_trees/L1600/hky_g4/locus_0046 --redo --quiet
Seed:    6606047 (Using SPRNG - Scalable Parallel Random Number Generator)
Time:    Sat Sep 12 04:01:10 2026
Kernel:  SSE2 - auto-detect threads (10 CPU cores detected)

Reading alignment file /Users/fahim/CSE6406-project/work/paper_subset_50x10_L1600/ils_high/replicate_02/alignments/L1600/locus_0046.phy ... Phylip format detected
Alignment most likely contains DNA/RNA sequences
Alignment has 21 sequences with 1600 columns, 1004 distinct patterns
921 parsimony-informative, 113 singleton sites, 566 constant sites
        Gap/Ambiguity  Composition  p-value
Analyzing sequences: done in 5.10216e-05 secs using 154.8% CPU
   1  0_0_0     0.00%    passed     90.93%
   2  11_0_0    0.00%    passed     86.45%
   3  20_0_0    0.00%    passed     91.24%
   4  12_0_0    0.00%    passed     75.98%
   5  17_0_0    0.00%    passed     54.77%
   6  14_0_0    0.00%    passed     28.55%
   7  16_0_0    0.00%    passed     95.09%
   8  8_0_0     0.00%    passed     91.09%
   9  7_0_0     0.00%    passed     85.02%
  10  15_0_0    0.00%    passed     83.35%
  11  18_0_0    0.00%    passed     73.85%
  12  13_0_0    0.00%    passed     88.28%
  13  1_0_0     0.00%    passed     85.30%
  14  5_0_0     0.00%    passed     37.37%
  15  2_0_0     0.00%    passed     92.44%
  16  4_0_0     0.00%    passed     86.99%
  17  9_0_0     0.00%    passed     28.10%
  18  6_0_0     0.00%    passed     35.54%
  19  3_0_0     0.00%    passed     99.45%
  20  19_0_0    0.00%    passed     21.22%
  21  10_0_0    0.00%    passed     60.14%
****  TOTAL     0.00%  0 sequences failed composition chi2 test (p-value<5%; df=3)

Create initial parsimony tree by phylogenetic likelihood library (PLL)... 0.001 seconds

NOTE: 2 MB RAM (0 GB) is required!
Measuring multi-threading efficiency up to 10 CPU cores
Increase to 10 rounds for branch lengths
573 trees examined
Threads: 1 / Time: 10.015 sec / Speedup: 1.000 / Efficiency: 100% / LogL: -27177
Threads: 2 / Time: 10.915 sec / Speedup: 0.918 / Efficiency: 46% / LogL: -27177
BEST NUMBER OF THREADS: 1

Estimate model parameters (epsilon = 0.100)
1. Initial log-likelihood: -25989.025
2. Current log-likelihood: -25102.083
3. Current log-likelihood: -24933.152
4. Current log-likelihood: -24905.510
5. Current log-likelihood: -24896.656
6. Current log-likelihood: -24893.121
7. Current log-likelihood: -24891.572
8. Current log-likelihood: -24890.898
9. Current log-likelihood: -24890.577
10. Current log-likelihood: -24890.456
Optimal log-likelihood: -24890.332
Rate parameters:  A-C: 1.00000  A-G: 1.91168  A-T: 1.00000  C-G: 1.00000  C-T: 1.91168  G-T: 1.00000
Base frequencies:  A: 0.298  C: 0.206  G: 0.198  T: 0.297
Gamma shape alpha: 0.211
Parameters optimization took 10 rounds (0.124 sec)
Wrote distance file to... 
Computing ML distances based on estimated model parameters...
Calculating distance matrix: done in 0.00115609 secs using 99.56% CPU
Computing ML distances took 0.001217 sec (of wall-clock time) 0.001199 sec (of CPU time)
Setting up auxiliary I and S matrices: done in 1.81198e-05 secs using 66.23% CPU
Computing RapidNJ tree took 0.000072 sec (of wall-clock time) 0.000068 sec (of CPU time)
Log-likelihood of RapidNJ tree: -24906.299
--------------------------------------------------------------------
|             INITIALIZING CANDIDATE TREE SET                      |
--------------------------------------------------------------------
Generating 98 parsimony trees... 0.103 second
Computing log-likelihood of 98 initial trees ... 0.222 seconds
Current best score: -24890.332

Do NNI search on 20 best initial trees
Estimate model parameters (epsilon = 0.100)
BETTER TREE FOUND at iteration 1: -24877.062
UPDATE BEST LOG-LIKELIHOOD: -24877.056
Iteration 10 / LogL: -24877.058 / Time: 0h:0m:21s
UPDATE BEST LOG-LIKELIHOOD: -24877.056
Iteration 20 / LogL: -24877.056 / Time: 0h:0m:22s
Finish initializing candidate tree set (1)
Current best tree score: -24877.056 / CPU time: 1.226
Number of iterations: 20
--------------------------------------------------------------------
|               OPTIMIZING CANDIDATE TREE SET                      |
--------------------------------------------------------------------
Iteration 30 / LogL: -24877.056 / Time: 0h:0m:22s (0h:0m:55s left)
UPDATE BEST LOG-LIKELIHOOD: -24877.056
Iteration 40 / LogL: -24877.056 / Time: 0h:0m:23s (0h:0m:36s left)
Iteration 50 / LogL: -24877.060 / Time: 0h:0m:23s (0h:0m:24s left)
Iteration 60 / LogL: -24877.056 / Time: 0h:0m:23s (0h:0m:16s left)
Iteration 70 / LogL: -24877.056 / Time: 0h:0m:24s (0h:0m:10s left)
Iteration 80 / LogL: -24877.063 / Time: 0h:0m:24s (0h:0m:6s left)
Iteration 90 / LogL: -24877.056 / Time: 0h:0m:25s (0h:0m:3s left)
UPDATE BEST LOG-LIKELIHOOD: -24877.056
Iteration 100 / LogL: -24877.056 / Time: 0h:0m:25s (0h:0m:0s left)
TREE SEARCH COMPLETED AFTER 102 ITERATIONS / Time: 0h:0m:25s

--------------------------------------------------------------------
|                    FINALIZING TREE SEARCH                        |
--------------------------------------------------------------------
Performs final model parameters optimization
Estimate model parameters (epsilon = 0.010)
1. Initial log-likelihood: -24877.056
2. Current log-likelihood: -24877.027
3. Current log-likelihood: -24876.991
4. Current log-likelihood: -24876.971
Optimal log-likelihood: -24876.962
Rate parameters:  A-C: 1.00000  A-G: 1.91672  A-T: 1.00000  C-G: 1.00000  C-T: 1.91672  G-T: 1.00000
Base frequencies:  A: 0.298  C: 0.206  G: 0.198  T: 0.297
Gamma shape alpha: 0.207
Parameters optimization took 4 rounds (0.026 sec)
BEST SCORE FOUND : -24876.962

Testing tree branches by aBayes parametric test...
0.008 sec.
Total tree length: 23.908

Total number of iterations: 102
CPU time used for tree search: 4.642 sec (0h:0m:4s)
Wall-clock time used for tree search: 4.661 sec (0h:0m:4s)
Total CPU time used: 27.582 sec (0h:0m:27s)
Total wall-clock time used: 25.769 sec (0h:0m:25s)

Analysis results written to: 
  IQ-TREE report:                /Users/fahim/CSE6406-project/work/paper_subset_50x10_L1600/ils_high/replicate_02/estimated_gene_trees/L1600/hky_g4/locus_0046.iqtree
  Maximum-likelihood tree:       /Users/fahim/CSE6406-project/work/paper_subset_50x10_L1600/ils_high/replicate_02/estimated_gene_trees/L1600/hky_g4/locus_0046.treefile
  Likelihood distances:          /Users/fahim/CSE6406-project/work/paper_subset_50x10_L1600/ils_high/replicate_02/estimated_gene_trees/L1600/hky_g4/locus_0046.mldist
  Screen log file:               /Users/fahim/CSE6406-project/work/paper_subset_50x10_L1600/ils_high/replicate_02/estimated_gene_trees/L1600/hky_g4/locus_0046.log

Date and Time: Sat Sep 12 04:01:36 2026
