IQ-TREE multicore version 2.4.0 for MacOS ARM 64-bit built Feb 12 2025
Developed by Bui Quang Minh, Nguyen Lam Tung, Olga Chernomor, Heiko Schmidt,
Dominik Schrempf, Michael Woodhams, Ly Trong Nhan, Thomas Wong

Host:    Fahims-MacBook-Air.local (SSE4.2, 16 GB RAM)
Command: /Users/fahim/miniconda3/envs/cse6406/bin/iqtree2 -s /Users/fahim/CSE6406-project/work/paper_subset_50x10_L1600/ils_high/replicate_02/alignments/L1600/locus_0023.phy -m HKY+G4 --abayes -T AUTO --seed 6606024 --prefix /Users/fahim/CSE6406-project/work/paper_subset_50x10_L1600/ils_high/replicate_02/estimated_gene_trees/L1600/hky_g4/locus_0023 --redo --quiet
Seed:    6606024 (Using SPRNG - Scalable Parallel Random Number Generator)
Time:    Sat Sep 12 03:50:55 2026
Kernel:  SSE2 - auto-detect threads (10 CPU cores detected)

Reading alignment file /Users/fahim/CSE6406-project/work/paper_subset_50x10_L1600/ils_high/replicate_02/alignments/L1600/locus_0023.phy ... Phylip format detected
Alignment most likely contains DNA/RNA sequences
Alignment has 21 sequences with 1600 columns, 989 distinct patterns
874 parsimony-informative, 149 singleton sites, 577 constant sites
        Gap/Ambiguity  Composition  p-value
Analyzing sequences: done in 4.00543e-05 secs using 132.3% CPU
   1  0_0_0     0.00%    passed     94.61%
   2  12_0_0    0.00%    passed     92.35%
   3  20_0_0    0.00%    passed     78.11%
   4  4_0_0     0.00%    passed     68.27%
   5  2_0_0     0.00%    passed     68.04%
   6  3_0_0     0.00%    passed     11.39%
   7  6_0_0     0.00%    passed     96.58%
   8  1_0_0     0.00%    passed     41.38%
   9  17_0_0    0.00%    passed     58.45%
  10  5_0_0     0.00%    passed     27.69%
  11  13_0_0    0.00%    passed     63.80%
  12  7_0_0     0.00%    passed     89.58%
  13  8_0_0     0.00%    passed     70.67%
  14  19_0_0    0.00%    passed     84.02%
  15  10_0_0    0.00%    passed     98.96%
  16  16_0_0    0.00%    passed     42.49%
  17  14_0_0    0.00%    passed     77.52%
  18  15_0_0    0.00%    passed     83.29%
  19  18_0_0    0.00%    passed     58.64%
  20  9_0_0     0.00%    passed     70.23%
  21  11_0_0    0.00%    passed     92.06%
****  TOTAL     0.00%  0 sequences failed composition chi2 test (p-value<5%; df=3)

Create initial parsimony tree by phylogenetic likelihood library (PLL)... 0.001 seconds

NOTE: 2 MB RAM (0 GB) is required!
Measuring multi-threading efficiency up to 10 CPU cores
Increase to 10 rounds for branch lengths
704 trees examined
Threads: 1 / Time: 10.005 sec / Speedup: 1.000 / Efficiency: 100% / LogL: -26697
Threads: 2 / Time: 11.543 sec / Speedup: 0.867 / Efficiency: 43% / LogL: -26697
BEST NUMBER OF THREADS: 1

Estimate model parameters (epsilon = 0.100)
1. Initial log-likelihood: -25891.376
2. Current log-likelihood: -24943.653
3. Current log-likelihood: -24792.559
4. Current log-likelihood: -24765.717
5. Current log-likelihood: -24756.703
6. Current log-likelihood: -24753.012
7. Current log-likelihood: -24751.388
8. Current log-likelihood: -24750.669
9. Current log-likelihood: -24750.314
10. Current log-likelihood: -24750.176
Optimal log-likelihood: -24750.029
Rate parameters:  A-C: 1.00000  A-G: 2.03374  A-T: 1.00000  C-G: 1.00000  C-T: 2.03374  G-T: 1.00000
Base frequencies:  A: 0.298  C: 0.200  G: 0.202  T: 0.300
Gamma shape alpha: 0.205
Parameters optimization took 10 rounds (0.113 sec)
Wrote distance file to... 
Computing ML distances based on estimated model parameters...
Calculating distance matrix: done in 0.00109196 secs using 99.27% CPU
Computing ML distances took 0.001147 sec (of wall-clock time) 0.001129 sec (of CPU time)
Setting up auxiliary I and S matrices: done in 1.69277e-05 secs using 64.98% CPU
Computing RapidNJ tree took 0.000061 sec (of wall-clock time) 0.000068 sec (of CPU time)
Log-likelihood of RapidNJ tree: -24786.117
--------------------------------------------------------------------
|             INITIALIZING CANDIDATE TREE SET                      |
--------------------------------------------------------------------
Generating 98 parsimony trees... 0.099 second
Computing log-likelihood of 98 initial trees ... 0.215 seconds
Current best score: -24750.029

Do NNI search on 20 best initial trees
Estimate model parameters (epsilon = 0.100)
BETTER TREE FOUND at iteration 1: -24726.498
Iteration 10 / LogL: -24726.510 / Time: 0h:0m:22s
UPDATE BEST LOG-LIKELIHOOD: -24726.495
Iteration 20 / LogL: -24727.544 / Time: 0h:0m:22s
Finish initializing candidate tree set (1)
Current best tree score: -24726.495 / CPU time: 0.983
Number of iterations: 20
--------------------------------------------------------------------
|               OPTIMIZING CANDIDATE TREE SET                      |
--------------------------------------------------------------------
Iteration 30 / LogL: -24726.514 / Time: 0h:0m:22s (0h:0m:56s left)
Iteration 40 / LogL: -24726.554 / Time: 0h:0m:23s (0h:0m:36s left)
Iteration 50 / LogL: -24727.062 / Time: 0h:0m:23s (0h:0m:24s left)
Iteration 60 / LogL: -24727.555 / Time: 0h:0m:23s (0h:0m:16s left)
Iteration 70 / LogL: -24726.700 / Time: 0h:0m:24s (0h:0m:10s left)
Iteration 80 / LogL: -24726.689 / Time: 0h:0m:24s (0h:0m:6s left)
Iteration 90 / LogL: -24726.727 / Time: 0h:0m:24s (0h:0m:3s left)
Iteration 100 / LogL: -24726.562 / Time: 0h:0m:25s (0h:0m:0s left)
UPDATE BEST LOG-LIKELIHOOD: -24726.493
TREE SEARCH COMPLETED AFTER 102 ITERATIONS / Time: 0h:0m:25s

--------------------------------------------------------------------
|                    FINALIZING TREE SEARCH                        |
--------------------------------------------------------------------
Performs final model parameters optimization
Estimate model parameters (epsilon = 0.010)
1. Initial log-likelihood: -24726.493
2. Current log-likelihood: -24726.472
3. Current log-likelihood: -24726.447
Optimal log-likelihood: -24726.433
Rate parameters:  A-C: 1.00000  A-G: 2.04362  A-T: 1.00000  C-G: 1.00000  C-T: 2.04362  G-T: 1.00000
Base frequencies:  A: 0.298  C: 0.200  G: 0.202  T: 0.300
Gamma shape alpha: 0.201
Parameters optimization took 3 rounds (0.017 sec)
BEST SCORE FOUND : -24726.433

Testing tree branches by aBayes parametric test...
0.008 sec.
Total tree length: 22.408

Total number of iterations: 102
CPU time used for tree search: 3.468 sec (0h:0m:3s)
Wall-clock time used for tree search: 3.474 sec (0h:0m:3s)
Total CPU time used: 26.628 sec (0h:0m:26s)
Total wall-clock time used: 25.180 sec (0h:0m:25s)

Analysis results written to: 
  IQ-TREE report:                /Users/fahim/CSE6406-project/work/paper_subset_50x10_L1600/ils_high/replicate_02/estimated_gene_trees/L1600/hky_g4/locus_0023.iqtree
  Maximum-likelihood tree:       /Users/fahim/CSE6406-project/work/paper_subset_50x10_L1600/ils_high/replicate_02/estimated_gene_trees/L1600/hky_g4/locus_0023.treefile
  Likelihood distances:          /Users/fahim/CSE6406-project/work/paper_subset_50x10_L1600/ils_high/replicate_02/estimated_gene_trees/L1600/hky_g4/locus_0023.mldist
  Screen log file:               /Users/fahim/CSE6406-project/work/paper_subset_50x10_L1600/ils_high/replicate_02/estimated_gene_trees/L1600/hky_g4/locus_0023.log

Date and Time: Sat Sep 12 03:51:20 2026
