IQ-TREE multicore version 2.4.0 for MacOS ARM 64-bit built Feb 12 2025
Developed by Bui Quang Minh, Nguyen Lam Tung, Olga Chernomor, Heiko Schmidt,
Dominik Schrempf, Michael Woodhams, Ly Trong Nhan, Thomas Wong

Host:    Fahims-MacBook-Air.local (SSE4.2, 16 GB RAM)
Command: /Users/fahim/miniconda3/envs/cse6406/bin/iqtree2 -s /Users/fahim/CSE6406-project/work/paper_subset_50x10_L1600/ils_high/replicate_02/alignments/L1600/locus_0045.phy -m HKY+G4 --abayes -T AUTO --seed 6606046 --prefix /Users/fahim/CSE6406-project/work/paper_subset_50x10_L1600/ils_high/replicate_02/estimated_gene_trees/L1600/hky_g4/locus_0045 --redo --quiet
Seed:    6606046 (Using SPRNG - Scalable Parallel Random Number Generator)
Time:    Sat Sep 12 04:00:41 2026
Kernel:  SSE2 - auto-detect threads (10 CPU cores detected)

Reading alignment file /Users/fahim/CSE6406-project/work/paper_subset_50x10_L1600/ils_high/replicate_02/alignments/L1600/locus_0045.phy ... Phylip format detected
Alignment most likely contains DNA/RNA sequences
Alignment has 21 sequences with 1600 columns, 975 distinct patterns
847 parsimony-informative, 161 singleton sites, 592 constant sites
        Gap/Ambiguity  Composition  p-value
Analyzing sequences: done in 4.29153e-05 secs using 123.5% CPU
   1  0_0_0     0.00%    passed     62.39%
   2  5_0_0     0.00%    passed     91.90%
   3  3_0_0     0.00%    passed     46.25%
   4  2_0_0     0.00%    passed     86.32%
   5  4_0_0     0.00%    passed     95.97%
   6  12_0_0    0.00%    passed     42.28%
   7  20_0_0    0.00%    passed     84.83%
   8  17_0_0    0.00%    passed     71.18%
   9  13_0_0    0.00%    passed      8.18%
  10  15_0_0    0.00%    passed     99.66%
  11  18_0_0    0.00%    passed     54.20%
  12  16_0_0    0.00%    passed     93.78%
  13  8_0_0     0.00%    passed     93.16%
  14  10_0_0    0.00%    passed     85.15%
  15  19_0_0    0.00%    passed     74.27%
  16  7_0_0     0.00%    passed     88.33%
  17  14_0_0    0.00%    passed     93.42%
  18  9_0_0     0.00%    passed     86.51%
  19  11_0_0    0.00%    passed     59.56%
  20  1_0_0     0.00%    passed     86.15%
  21  6_0_0     0.00%    passed     73.74%
****  TOTAL     0.00%  0 sequences failed composition chi2 test (p-value<5%; df=3)

Create initial parsimony tree by phylogenetic likelihood library (PLL)... 0.001 seconds

NOTE: 2 MB RAM (0 GB) is required!
Measuring multi-threading efficiency up to 10 CPU cores
Increase to 10 rounds for branch lengths
634 trees examined
Threads: 1 / Time: 10.005 sec / Speedup: 1.000 / Efficiency: 100% / LogL: -25896
Threads: 2 / Time: 12.479 sec / Speedup: 0.802 / Efficiency: 40% / LogL: -25896
BEST NUMBER OF THREADS: 1

Estimate model parameters (epsilon = 0.100)
1. Initial log-likelihood: -25452.860
2. Current log-likelihood: -24492.955
3. Current log-likelihood: -24329.473
4. Current log-likelihood: -24301.243
5. Current log-likelihood: -24291.670
6. Current log-likelihood: -24287.670
7. Current log-likelihood: -24285.865
8. Current log-likelihood: -24285.057
9. Current log-likelihood: -24284.657
10. Current log-likelihood: -24284.445
Optimal log-likelihood: -24284.316
Rate parameters:  A-C: 1.00000  A-G: 1.95940  A-T: 1.00000  C-G: 1.00000  C-T: 1.95940  G-T: 1.00000
Base frequencies:  A: 0.297  C: 0.207  G: 0.204  T: 0.292
Gamma shape alpha: 0.203
Parameters optimization took 10 rounds (0.147 sec)
Wrote distance file to... 
Computing ML distances based on estimated model parameters...
Calculating distance matrix: done in 0.00145698 secs using 99.32% CPU
Computing ML distances took 0.001547 sec (of wall-clock time) 0.001521 sec (of CPU time)
Setting up auxiliary I and S matrices: done in 2.69413e-05 secs using 66.81% CPU
Computing RapidNJ tree took 0.000101 sec (of wall-clock time) 0.000098 sec (of CPU time)
Log-likelihood of RapidNJ tree: -24344.032
--------------------------------------------------------------------
|             INITIALIZING CANDIDATE TREE SET                      |
--------------------------------------------------------------------
Generating 98 parsimony trees... 0.135 second
Computing log-likelihood of 98 initial trees ... 0.293 seconds
Current best score: -24284.316

Do NNI search on 20 best initial trees
Estimate model parameters (epsilon = 0.100)
BETTER TREE FOUND at iteration 1: -24262.243
UPDATE BEST LOG-LIKELIHOOD: -24262.241
Iteration 10 / LogL: -24262.258 / Time: 0h:0m:23s
Iteration 20 / LogL: -24262.267 / Time: 0h:0m:24s
Finish initializing candidate tree set (5)
Current best tree score: -24262.241 / CPU time: 1.640
Number of iterations: 20
--------------------------------------------------------------------
|               OPTIMIZING CANDIDATE TREE SET                      |
--------------------------------------------------------------------
Iteration 30 / LogL: -24262.243 / Time: 0h:0m:24s (0h:1m:0s left)
UPDATE BEST LOG-LIKELIHOOD: -24262.240
Iteration 40 / LogL: -24264.657 / Time: 0h:0m:25s (0h:0m:39s left)
Iteration 50 / LogL: -24262.267 / Time: 0h:0m:25s (0h:0m:26s left)
Iteration 60 / LogL: -24264.657 / Time: 0h:0m:26s (0h:0m:18s left)
Iteration 70 / LogL: -24262.250 / Time: 0h:0m:27s (0h:0m:12s left)
Iteration 80 / LogL: -24262.242 / Time: 0h:0m:27s (0h:0m:7s left)
Iteration 90 / LogL: -24262.297 / Time: 0h:0m:28s (0h:0m:3s left)
Iteration 100 / LogL: -24262.293 / Time: 0h:0m:28s (0h:0m:0s left)
TREE SEARCH COMPLETED AFTER 102 ITERATIONS / Time: 0h:0m:28s

--------------------------------------------------------------------
|                    FINALIZING TREE SEARCH                        |
--------------------------------------------------------------------
Performs final model parameters optimization
Estimate model parameters (epsilon = 0.010)
1. Initial log-likelihood: -24262.240
Optimal log-likelihood: -24262.227
Rate parameters:  A-C: 1.00000  A-G: 1.99318  A-T: 1.00000  C-G: 1.00000  C-T: 1.99318  G-T: 1.00000
Base frequencies:  A: 0.297  C: 0.207  G: 0.204  T: 0.292
Gamma shape alpha: 0.202
Parameters optimization took 1 rounds (0.010 sec)
BEST SCORE FOUND : -24262.227

Testing tree branches by aBayes parametric test...
0.011 sec.
Total tree length: 22.581

Total number of iterations: 102
CPU time used for tree search: 6.101 sec (0h:0m:6s)
Wall-clock time used for tree search: 6.212 sec (0h:0m:6s)
Total CPU time used: 30.539 sec (0h:0m:30s)
Total wall-clock time used: 28.898 sec (0h:0m:28s)

Analysis results written to: 
  IQ-TREE report:                /Users/fahim/CSE6406-project/work/paper_subset_50x10_L1600/ils_high/replicate_02/estimated_gene_trees/L1600/hky_g4/locus_0045.iqtree
  Maximum-likelihood tree:       /Users/fahim/CSE6406-project/work/paper_subset_50x10_L1600/ils_high/replicate_02/estimated_gene_trees/L1600/hky_g4/locus_0045.treefile
  Likelihood distances:          /Users/fahim/CSE6406-project/work/paper_subset_50x10_L1600/ils_high/replicate_02/estimated_gene_trees/L1600/hky_g4/locus_0045.mldist
  Screen log file:               /Users/fahim/CSE6406-project/work/paper_subset_50x10_L1600/ils_high/replicate_02/estimated_gene_trees/L1600/hky_g4/locus_0045.log

Date and Time: Sat Sep 12 04:01:10 2026
