IQ-TREE multicore version 2.4.0 for Linux x86 64-bit built Feb 12 2025
Developed by Bui Quang Minh, Nguyen Lam Tung, Olga Chernomor, Heiko Schmidt,
Dominik Schrempf, Michael Woodhams, Ly Trong Nhan, Thomas Wong

Host:    ezmata (AVX2, FMA3, 15 GB RAM)
Command: /home/mis/miniconda3/envs/cse6406/bin/iqtree2 -s /home/mis/CSE6406-project/work/paper_subset_50x10_L1600/ils_high/replicate_09/alignments/L1600/locus_0030.phy -m HKY --abayes -T 1 --seed 7306031 --prefix /home/mis/CSE6406-project/work/paper_subset_50x10_L1600/ils_high/replicate_09/estimated_gene_trees/L1600/hky/locus_0030 --redo --quiet
Seed:    7306031 (Using SPRNG - Scalable Parallel Random Number Generator)
Time:    Sat Sep 12 22:05:55 2026
Kernel:  AVX+FMA - 1 threads (16 CPU cores detected)

HINT: Use -nt option to specify number of threads because your CPU has 16 cores!
HINT: -nt AUTO will automatically determine the best number of threads to use.

Reading alignment file /home/mis/CSE6406-project/work/paper_subset_50x10_L1600/ils_high/replicate_09/alignments/L1600/locus_0030.phy ... Phylip format detected
Alignment most likely contains DNA/RNA sequences
Alignment has 21 sequences with 1600 columns, 927 distinct patterns
810 parsimony-informative, 158 singleton sites, 632 constant sites
        Gap/Ambiguity  Composition  p-value
Analyzing sequences: done in 5.5529e-05 secs using 97.25% CPU
   1  8_0_0     0.00%    passed     41.46%
   2  16_0_0    0.00%    passed     19.83%
   3  1_0_0     0.00%    passed     86.96%
   4  14_0_0    0.00%    passed     86.94%
   5  11_0_0    0.00%    passed     47.37%
   6  12_0_0    0.00%    passed     55.81%
   7  20_0_0    0.00%    passed     93.93%
   8  9_0_0     0.00%    passed     76.25%
   9  19_0_0    0.00%    passed     95.62%
  10  6_0_0     0.00%    passed     90.92%
  11  3_0_0     0.00%    passed     90.70%
  12  13_0_0    0.00%    passed     98.58%
  13  4_0_0     0.00%    passed     66.49%
  14  10_0_0    0.00%    passed     76.50%
  15  2_0_0     0.00%    passed     82.11%
  16  17_0_0    0.00%    passed     28.91%
  17  15_0_0    0.00%    passed     27.81%
  18  18_0_0    0.00%    passed     96.35%
  19  7_0_0     0.00%    passed     95.66%
  20  5_0_0     0.00%    passed     92.62%
  21  0_0_0     0.00%    passed     90.54%
****  TOTAL     0.00%  0 sequences failed composition chi2 test (p-value<5%; df=3)

Create initial parsimony tree by phylogenetic likelihood library (PLL)... 0.002 seconds

NOTE: 0 MB RAM (0 GB) is required!
Estimate model parameters (epsilon = 0.100)
1. Initial log-likelihood: -26661.603
2. Current log-likelihood: -26518.468
3. Current log-likelihood: -26518.341
Optimal log-likelihood: -26518.341
Rate parameters:  A-C: 1.00000  A-G: 1.30431  A-T: 1.00000  C-G: 1.00000  C-T: 1.30431  G-T: 1.00000
Base frequencies:  A: 0.301  C: 0.188  G: 0.207  T: 0.303
Parameters optimization took 3 rounds (0.016 sec)
Wrote distance file to... 
Computing ML distances based on estimated model parameters...
Calculating distance matrix: done in 0.00140269 secs using 99.1% CPU
Computing ML distances took 0.001536 sec (of wall-clock time) 0.001505 sec (of CPU time)
Setting up auxiliary I and S matrices: done in 6.2104e-05 secs using 99.83% CPU
Computing RapidNJ tree took 0.000244 sec (of wall-clock time) 0.000243 sec (of CPU time)
Log-likelihood of RapidNJ tree: -26519.938
--------------------------------------------------------------------
|             INITIALIZING CANDIDATE TREE SET                      |
--------------------------------------------------------------------
Generating 98 parsimony trees... 0.349 second
Computing log-likelihood of 98 initial trees ... 0.227 seconds
Current best score: -26478.748

Do NNI search on 20 best initial trees
Estimate model parameters (epsilon = 0.100)
BETTER TREE FOUND at iteration 1: -26468.519
Estimate model parameters (epsilon = 0.100)
BETTER TREE FOUND at iteration 2: -26460.533
Iteration 10 / LogL: -26468.640 / Time: 0h:0m:0s
Iteration 20 / LogL: -26460.563 / Time: 0h:0m:1s
Finish initializing candidate tree set (2)
Current best tree score: -26460.533 / CPU time: 1.128
Number of iterations: 20
--------------------------------------------------------------------
|               OPTIMIZING CANDIDATE TREE SET                      |
--------------------------------------------------------------------
Iteration 30 / LogL: -26460.542 / Time: 0h:0m:1s (0h:0m:3s left)
Iteration 40 / LogL: -26460.589 / Time: 0h:0m:1s (0h:0m:2s left)
Iteration 50 / LogL: -26460.576 / Time: 0h:0m:2s (0h:0m:2s left)
Iteration 60 / LogL: -26460.568 / Time: 0h:0m:2s (0h:0m:1s left)
Iteration 70 / LogL: -26468.524 / Time: 0h:0m:2s (0h:0m:1s left)
Iteration 80 / LogL: -26460.544 / Time: 0h:0m:2s (0h:0m:0s left)
Iteration 90 / LogL: -26460.650 / Time: 0h:0m:3s (0h:0m:0s left)
Iteration 100 / LogL: -26468.531 / Time: 0h:0m:3s (0h:0m:0s left)
TREE SEARCH COMPLETED AFTER 103 ITERATIONS / Time: 0h:0m:3s

--------------------------------------------------------------------
|                    FINALIZING TREE SEARCH                        |
--------------------------------------------------------------------
Performs final model parameters optimization
Estimate model parameters (epsilon = 0.010)
1. Initial log-likelihood: -26460.533
Optimal log-likelihood: -26460.533
Rate parameters:  A-C: 1.00000  A-G: 1.29744  A-T: 1.00000  C-G: 1.00000  C-T: 1.29744  G-T: 1.00000
Base frequencies:  A: 0.301  C: 0.188  G: 0.207  T: 0.303
Parameters optimization took 1 rounds (0.004 sec)
BEST SCORE FOUND : -26460.533

Testing tree branches by aBayes parametric test...
0.006 sec.
Total tree length: 4.539

Total number of iterations: 103
CPU time used for tree search: 3.337 sec (0h:0m:3s)
Wall-clock time used for tree search: 3.408 sec (0h:0m:3s)
Total CPU time used: 3.382 sec (0h:0m:3s)
Total wall-clock time used: 3.457 sec (0h:0m:3s)

Analysis results written to: 
  IQ-TREE report:                /home/mis/CSE6406-project/work/paper_subset_50x10_L1600/ils_high/replicate_09/estimated_gene_trees/L1600/hky/locus_0030.iqtree
  Maximum-likelihood tree:       /home/mis/CSE6406-project/work/paper_subset_50x10_L1600/ils_high/replicate_09/estimated_gene_trees/L1600/hky/locus_0030.treefile
  Likelihood distances:          /home/mis/CSE6406-project/work/paper_subset_50x10_L1600/ils_high/replicate_09/estimated_gene_trees/L1600/hky/locus_0030.mldist
  Screen log file:               /home/mis/CSE6406-project/work/paper_subset_50x10_L1600/ils_high/replicate_09/estimated_gene_trees/L1600/hky/locus_0030.log

Date and Time: Sat Sep 12 22:05:59 2026
