IQ-TREE multicore version 2.4.0 for Linux x86 64-bit built Feb 12 2025
Developed by Bui Quang Minh, Nguyen Lam Tung, Olga Chernomor, Heiko Schmidt,
Dominik Schrempf, Michael Woodhams, Ly Trong Nhan, Thomas Wong

Host:    ezmata (AVX2, FMA3, 15 GB RAM)
Command: /home/mis/miniconda3/envs/cse6406/bin/iqtree2 -s /home/mis/CSE6406-project/work/paper_subset_50x10_L1600/ils_high/replicate_09/alignments/L1600/locus_0023.phy -m HKY --abayes -T 1 --seed 7306024 --prefix /home/mis/CSE6406-project/work/paper_subset_50x10_L1600/ils_high/replicate_09/estimated_gene_trees/L1600/hky/locus_0023 --redo --quiet
Seed:    7306024 (Using SPRNG - Scalable Parallel Random Number Generator)
Time:    Sat Sep 12 22:05:52 2026
Kernel:  AVX+FMA - 1 threads (16 CPU cores detected)

HINT: Use -nt option to specify number of threads because your CPU has 16 cores!
HINT: -nt AUTO will automatically determine the best number of threads to use.

Reading alignment file /home/mis/CSE6406-project/work/paper_subset_50x10_L1600/ils_high/replicate_09/alignments/L1600/locus_0023.phy ... Phylip format detected
Alignment most likely contains DNA/RNA sequences
Alignment has 21 sequences with 1600 columns, 942 distinct patterns
831 parsimony-informative, 160 singleton sites, 609 constant sites
        Gap/Ambiguity  Composition  p-value
Analyzing sequences: done in 5.6361e-05 secs using 99.36% CPU
   1  7_0_0     0.00%    passed     98.45%
   2  16_0_0    0.00%    passed     67.80%
   3  19_0_0    0.00%    passed     39.61%
   4  12_0_0    0.00%    passed     74.04%
   5  20_0_0    0.00%    passed     22.13%
   6  11_0_0    0.00%    passed     85.83%
   7  8_0_0     0.00%    passed     61.94%
   8  13_0_0    0.00%    passed     93.23%
   9  3_0_0     0.00%    passed     47.97%
  10  6_0_0     0.00%    passed     38.22%
  11  4_0_0     0.00%    passed     96.09%
  12  5_0_0     0.00%    passed     94.90%
  13  15_0_0    0.00%    passed     64.10%
  14  18_0_0    0.00%    passed     95.90%
  15  17_0_0    0.00%    passed     98.56%
  16  14_0_0    0.00%    passed     95.40%
  17  9_0_0     0.00%    passed     74.16%
  18  10_0_0    0.00%    passed     54.16%
  19  2_0_0     0.00%    passed     47.53%
  20  0_0_0     0.00%    passed     34.42%
  21  1_0_0     0.00%    passed     77.35%
****  TOTAL     0.00%  0 sequences failed composition chi2 test (p-value<5%; df=3)

Create initial parsimony tree by phylogenetic likelihood library (PLL)... 0.002 seconds

NOTE: 0 MB RAM (0 GB) is required!
Estimate model parameters (epsilon = 0.100)
1. Initial log-likelihood: -26201.006
2. Current log-likelihood: -26067.108
3. Current log-likelihood: -26066.901
Optimal log-likelihood: -26066.900
Rate parameters:  A-C: 1.00000  A-G: 1.33739  A-T: 1.00000  C-G: 1.00000  C-T: 1.33739  G-T: 1.00000
Base frequencies:  A: 0.300  C: 0.193  G: 0.203  T: 0.304
Parameters optimization took 3 rounds (0.014 sec)
Wrote distance file to... 
Computing ML distances based on estimated model parameters...
Calculating distance matrix: done in 0.00105411 secs using 99.99% CPU
Computing ML distances took 0.001164 sec (of wall-clock time) 0.001166 sec (of CPU time)
Setting up auxiliary I and S matrices: done in 5.7854e-05 secs using 98.52% CPU
Computing RapidNJ tree took 0.000231 sec (of wall-clock time) 0.000249 sec (of CPU time)
Log-likelihood of RapidNJ tree: -26131.920
--------------------------------------------------------------------
|             INITIALIZING CANDIDATE TREE SET                      |
--------------------------------------------------------------------
Generating 98 parsimony trees... 0.348 second
Computing log-likelihood of 98 initial trees ... 0.210 seconds
Current best score: -26066.900

Do NNI search on 20 best initial trees
Estimate model parameters (epsilon = 0.100)
BETTER TREE FOUND at iteration 1: -26062.586
Iteration 10 / LogL: -26065.710 / Time: 0h:0m:0s
Iteration 20 / LogL: -26062.603 / Time: 0h:0m:1s
Finish initializing candidate tree set (5)
Current best tree score: -26062.586 / CPU time: 0.980
Number of iterations: 20
--------------------------------------------------------------------
|               OPTIMIZING CANDIDATE TREE SET                      |
--------------------------------------------------------------------
Iteration 30 / LogL: -26062.618 / Time: 0h:0m:1s (0h:0m:3s left)
Iteration 40 / LogL: -26062.883 / Time: 0h:0m:1s (0h:0m:2s left)
Iteration 50 / LogL: -26062.597 / Time: 0h:0m:2s (0h:0m:2s left)
Iteration 60 / LogL: -26065.887 / Time: 0h:0m:2s (0h:0m:2s left)
Iteration 70 / LogL: -26063.012 / Time: 0h:0m:3s (0h:0m:1s left)
Iteration 80 / LogL: -26062.960 / Time: 0h:0m:4s (0h:0m:1s left)
Iteration 90 / LogL: -26062.954 / Time: 0h:0m:4s (0h:0m:0s left)
Iteration 100 / LogL: -26063.286 / Time: 0h:0m:5s (0h:0m:0s left)
TREE SEARCH COMPLETED AFTER 102 ITERATIONS / Time: 0h:0m:5s

--------------------------------------------------------------------
|                    FINALIZING TREE SEARCH                        |
--------------------------------------------------------------------
Performs final model parameters optimization
Estimate model parameters (epsilon = 0.010)
1. Initial log-likelihood: -26062.586
Optimal log-likelihood: -26062.586
Rate parameters:  A-C: 1.00000  A-G: 1.34456  A-T: 1.00000  C-G: 1.00000  C-T: 1.34456  G-T: 1.00000
Base frequencies:  A: 0.300  C: 0.193  G: 0.203  T: 0.304
Parameters optimization took 1 rounds (0.010 sec)
BEST SCORE FOUND : -26062.586

Testing tree branches by aBayes parametric test...
0.016 sec.
Total tree length: 4.563

Total number of iterations: 102
CPU time used for tree search: 5.466 sec (0h:0m:5s)
Wall-clock time used for tree search: 5.575 sec (0h:0m:5s)
Total CPU time used: 5.527 sec (0h:0m:5s)
Total wall-clock time used: 5.638 sec (0h:0m:5s)

Analysis results written to: 
  IQ-TREE report:                /home/mis/CSE6406-project/work/paper_subset_50x10_L1600/ils_high/replicate_09/estimated_gene_trees/L1600/hky/locus_0023.iqtree
  Maximum-likelihood tree:       /home/mis/CSE6406-project/work/paper_subset_50x10_L1600/ils_high/replicate_09/estimated_gene_trees/L1600/hky/locus_0023.treefile
  Likelihood distances:          /home/mis/CSE6406-project/work/paper_subset_50x10_L1600/ils_high/replicate_09/estimated_gene_trees/L1600/hky/locus_0023.mldist
  Screen log file:               /home/mis/CSE6406-project/work/paper_subset_50x10_L1600/ils_high/replicate_09/estimated_gene_trees/L1600/hky/locus_0023.log

Date and Time: Sat Sep 12 22:05:58 2026
