IQ-TREE multicore version 2.4.0 for Linux x86 64-bit built Feb 12 2025
Developed by Bui Quang Minh, Nguyen Lam Tung, Olga Chernomor, Heiko Schmidt,
Dominik Schrempf, Michael Woodhams, Ly Trong Nhan, Thomas Wong

Host:    ezmata (AVX2, FMA3, 15 GB RAM)
Command: /home/mis/miniconda3/envs/cse6406/bin/iqtree2 -s /home/mis/CSE6406-project/work/paper_subset_50x10_L1600/ils_high/replicate_09/alignments/L1600/locus_0036.phy -m HKY --abayes -T 1 --seed 7306037 --prefix /home/mis/CSE6406-project/work/paper_subset_50x10_L1600/ils_high/replicate_09/estimated_gene_trees/L1600/hky/locus_0036 --redo --quiet
Seed:    7306037 (Using SPRNG - Scalable Parallel Random Number Generator)
Time:    Sat Sep 12 22:05:58 2026
Kernel:  AVX+FMA - 1 threads (16 CPU cores detected)

HINT: Use -nt option to specify number of threads because your CPU has 16 cores!
HINT: -nt AUTO will automatically determine the best number of threads to use.

Reading alignment file /home/mis/CSE6406-project/work/paper_subset_50x10_L1600/ils_high/replicate_09/alignments/L1600/locus_0036.phy ... Phylip format detected
Alignment most likely contains DNA/RNA sequences
Alignment has 21 sequences with 1600 columns, 930 distinct patterns
833 parsimony-informative, 140 singleton sites, 627 constant sites
        Gap/Ambiguity  Composition  p-value
Analyzing sequences: done in 0.000125738 secs using 54.08% CPU
   1  13_0_0    0.00%    passed     90.49%
   2  14_0_0    0.00%    passed     92.56%
   3  16_0_0    0.00%    passed     98.02%
   4  4_0_0     0.00%    passed     75.08%
   5  6_0_0     0.00%    passed     95.62%
   6  3_0_0     0.00%    passed     67.48%
   7  9_0_0     0.00%    passed     64.24%
   8  12_0_0    0.00%    passed     99.34%
   9  20_0_0    0.00%    passed     88.94%
  10  19_0_0    0.00%    passed     79.59%
  11  1_0_0     0.00%    passed     57.73%
  12  5_0_0     0.00%    passed     83.44%
  13  17_0_0    0.00%    passed     77.81%
  14  15_0_0    0.00%    passed     87.65%
  15  18_0_0    0.00%    passed     80.42%
  16  7_0_0     0.00%    passed     89.88%
  17  10_0_0    0.00%    passed     75.20%
  18  2_0_0     0.00%    passed     35.04%
  19  11_0_0    0.00%    passed     56.77%
  20  8_0_0     0.00%    passed     88.02%
  21  0_0_0     0.00%    passed     12.93%
****  TOTAL     0.00%  0 sequences failed composition chi2 test (p-value<5%; df=3)

Create initial parsimony tree by phylogenetic likelihood library (PLL)... 0.003 seconds

NOTE: 0 MB RAM (0 GB) is required!
Estimate model parameters (epsilon = 0.100)
1. Initial log-likelihood: -26550.797
2. Current log-likelihood: -26405.195
3. Current log-likelihood: -26404.954
Optimal log-likelihood: -26404.953
Rate parameters:  A-C: 1.00000  A-G: 1.35036  A-T: 1.00000  C-G: 1.00000  C-T: 1.35036  G-T: 1.00000
Base frequencies:  A: 0.300  C: 0.192  G: 0.211  T: 0.297
Parameters optimization took 3 rounds (0.032 sec)
Wrote distance file to... 
Computing ML distances based on estimated model parameters...
Calculating distance matrix: done in 0.00229261 secs using 99.49% CPU
Computing ML distances took 0.002512 sec (of wall-clock time) 0.002487 sec (of CPU time)
Setting up auxiliary I and S matrices: done in 6.1748e-05 secs using 90.69% CPU
Computing RapidNJ tree took 0.000241 sec (of wall-clock time) 0.000217 sec (of CPU time)
Log-likelihood of RapidNJ tree: -26492.839
--------------------------------------------------------------------
|             INITIALIZING CANDIDATE TREE SET                      |
--------------------------------------------------------------------
Generating 98 parsimony trees... 0.464 second
Computing log-likelihood of 98 initial trees ... 0.398 seconds
Current best score: -26404.953

Do NNI search on 20 best initial trees
Estimate model parameters (epsilon = 0.100)
BETTER TREE FOUND at iteration 1: -26400.285
Iteration 10 / LogL: -26478.316 / Time: 0h:0m:1s
Iteration 20 / LogL: -26400.777 / Time: 0h:0m:1s
Finish initializing candidate tree set (7)
Current best tree score: -26400.285 / CPU time: 1.752
Number of iterations: 20
--------------------------------------------------------------------
|               OPTIMIZING CANDIDATE TREE SET                      |
--------------------------------------------------------------------
Iteration 30 / LogL: -26400.291 / Time: 0h:0m:2s (0h:0m:5s left)
Iteration 40 / LogL: -26400.552 / Time: 0h:0m:2s (0h:0m:4s left)
Iteration 50 / LogL: -26400.298 / Time: 0h:0m:3s (0h:0m:3s left)
Iteration 60 / LogL: -26400.343 / Time: 0h:0m:3s (0h:0m:2s left)
Iteration 70 / LogL: -26400.338 / Time: 0h:0m:4s (0h:0m:2s left)
Iteration 80 / LogL: -26400.302 / Time: 0h:0m:5s (0h:0m:1s left)
Iteration 90 / LogL: -26400.524 / Time: 0h:0m:5s (0h:0m:0s left)
Iteration 100 / LogL: -26420.534 / Time: 0h:0m:6s (0h:0m:0s left)
TREE SEARCH COMPLETED AFTER 102 ITERATIONS / Time: 0h:0m:6s

--------------------------------------------------------------------
|                    FINALIZING TREE SEARCH                        |
--------------------------------------------------------------------
Performs final model parameters optimization
Estimate model parameters (epsilon = 0.010)
1. Initial log-likelihood: -26400.285
Optimal log-likelihood: -26400.285
Rate parameters:  A-C: 1.00000  A-G: 1.35477  A-T: 1.00000  C-G: 1.00000  C-T: 1.35477  G-T: 1.00000
Base frequencies:  A: 0.300  C: 0.192  G: 0.211  T: 0.297
Parameters optimization took 1 rounds (0.009 sec)
BEST SCORE FOUND : -26400.285

Testing tree branches by aBayes parametric test...
0.015 sec.
Total tree length: 4.534

Total number of iterations: 102
CPU time used for tree search: 6.262 sec (0h:0m:6s)
Wall-clock time used for tree search: 6.357 sec (0h:0m:6s)
Total CPU time used: 6.356 sec (0h:0m:6s)
Total wall-clock time used: 6.455 sec (0h:0m:6s)

Analysis results written to: 
  IQ-TREE report:                /home/mis/CSE6406-project/work/paper_subset_50x10_L1600/ils_high/replicate_09/estimated_gene_trees/L1600/hky/locus_0036.iqtree
  Maximum-likelihood tree:       /home/mis/CSE6406-project/work/paper_subset_50x10_L1600/ils_high/replicate_09/estimated_gene_trees/L1600/hky/locus_0036.treefile
  Likelihood distances:          /home/mis/CSE6406-project/work/paper_subset_50x10_L1600/ils_high/replicate_09/estimated_gene_trees/L1600/hky/locus_0036.mldist
  Screen log file:               /home/mis/CSE6406-project/work/paper_subset_50x10_L1600/ils_high/replicate_09/estimated_gene_trees/L1600/hky/locus_0036.log

Date and Time: Sat Sep 12 22:06:05 2026
