IQ-TREE multicore version 2.4.0 for MacOS ARM 64-bit built Feb 12 2025
Developed by Bui Quang Minh, Nguyen Lam Tung, Olga Chernomor, Heiko Schmidt,
Dominik Schrempf, Michael Woodhams, Ly Trong Nhan, Thomas Wong

Host:    Fahims-MacBook-Air.local (SSE4.2, 16 GB RAM)
Command: /Users/fahim/miniconda3/envs/cse6406/bin/iqtree2 -s /Users/fahim/CSE6406-project/work/paper_subset_50x10_L1600/ils_high/replicate_03/alignments/L1600/locus_0008.phy -m HKY --abayes -T AUTO --seed 6706009 --prefix /Users/fahim/CSE6406-project/work/paper_subset_50x10_L1600/ils_high/replicate_03/estimated_gene_trees/L1600/hky/locus_0008 --redo --quiet
Seed:    6706009 (Using SPRNG - Scalable Parallel Random Number Generator)
Time:    Sat Sep 12 06:03:22 2026
Kernel:  SSE2 - auto-detect threads (10 CPU cores detected)

Reading alignment file /Users/fahim/CSE6406-project/work/paper_subset_50x10_L1600/ils_high/replicate_03/alignments/L1600/locus_0008.phy ... Phylip format detected
Alignment most likely contains DNA/RNA sequences
Alignment has 21 sequences with 1600 columns, 971 distinct patterns
891 parsimony-informative, 109 singleton sites, 600 constant sites
        Gap/Ambiguity  Composition  p-value
Analyzing sequences: done in 3.69549e-05 secs using 138% CPU
   1  4_0_0     0.00%    passed     99.52%
   2  12_0_0    0.00%    passed     82.53%
   3  17_0_0    0.00%    passed     72.96%
   4  2_0_0     0.00%    passed     92.11%
   5  8_0_0     0.00%    passed     69.85%
   6  11_0_0    0.00%    passed     86.84%
   7  13_0_0    0.00%    passed     90.48%
   8  19_0_0    0.00%    passed     74.15%
   9  10_0_0    0.00%    passed     16.81%
  10  1_0_0     0.00%    passed     87.08%
  11  3_0_0     0.00%    passed     71.22%
  12  15_0_0    0.00%    passed     98.41%
  13  14_0_0    0.00%    passed     84.95%
  14  0_0_0     0.00%    passed     95.25%
  15  9_0_0     0.00%    passed     72.49%
  16  18_0_0    0.00%    passed     76.19%
  17  6_0_0     0.00%    passed     81.94%
  18  7_0_0     0.00%    passed     84.65%
  19  5_0_0     0.00%    passed     69.34%
  20  20_0_0    0.00%    passed     34.18%
  21  16_0_0    0.00%    passed     51.63%
****  TOTAL     0.00%  0 sequences failed composition chi2 test (p-value<5%; df=3)

Create initial parsimony tree by phylogenetic likelihood library (PLL)... 0.001 seconds

NOTE: 0 MB RAM (0 GB) is required!
Measuring multi-threading efficiency up to 10 CPU cores
Increase to 10 rounds for branch lengths
2493 trees examined
Threads: 1 / Time: 10.003 sec / Speedup: 1.000 / Efficiency: 100% / LogL: -31079
Threads: 2 / Time: 18.051 sec / Speedup: 0.554 / Efficiency: 28% / LogL: -31079
BEST NUMBER OF THREADS: 1

Estimate model parameters (epsilon = 0.100)
1. Initial log-likelihood: -28022.331
2. Current log-likelihood: -27905.928
3. Current log-likelihood: -27905.782
Optimal log-likelihood: -27905.781
Rate parameters:  A-C: 1.00000  A-G: 1.28376  A-T: 1.00000  C-G: 1.00000  C-T: 1.28376  G-T: 1.00000
Base frequencies:  A: 0.299  C: 0.196  G: 0.209  T: 0.296
Parameters optimization took 3 rounds (0.006 sec)
Wrote distance file to... 
Computing ML distances based on estimated model parameters...
Calculating distance matrix: done in 0.000461102 secs using 98.24% CPU
Computing ML distances took 0.000506 sec (of wall-clock time) 0.000492 sec (of CPU time)
Setting up auxiliary I and S matrices: done in 1.5974e-05 secs using 68.86% CPU
Computing RapidNJ tree took 0.000057 sec (of wall-clock time) 0.000064 sec (of CPU time)
Log-likelihood of RapidNJ tree: -27937.113
--------------------------------------------------------------------
|             INITIALIZING CANDIDATE TREE SET                      |
--------------------------------------------------------------------
Generating 98 parsimony trees... 0.085 second
Computing log-likelihood of 97 initial trees ... 0.066 seconds
Current best score: -27882.526

Do NNI search on 20 best initial trees
Estimate model parameters (epsilon = 0.100)
BETTER TREE FOUND at iteration 1: -27878.264
Iteration 10 / LogL: -27883.405 / Time: 0h:0m:28s
Iteration 20 / LogL: -27878.327 / Time: 0h:0m:28s
Finish initializing candidate tree set (7)
Current best tree score: -27878.264 / CPU time: 0.313
Number of iterations: 20
--------------------------------------------------------------------
|               OPTIMIZING CANDIDATE TREE SET                      |
--------------------------------------------------------------------
Iteration 30 / LogL: -27884.595 / Time: 0h:0m:28s (0h:1m:9s left)
Iteration 40 / LogL: -27880.478 / Time: 0h:0m:28s (0h:0m:44s left)
Iteration 50 / LogL: -27889.510 / Time: 0h:0m:28s (0h:0m:29s left)
Iteration 60 / LogL: -27883.410 / Time: 0h:0m:28s (0h:0m:19s left)
Iteration 70 / LogL: -27880.480 / Time: 0h:0m:28s (0h:0m:12s left)
Iteration 80 / LogL: -27885.795 / Time: 0h:0m:28s (0h:0m:7s left)
Iteration 90 / LogL: -27880.500 / Time: 0h:0m:29s (0h:0m:3s left)
Iteration 100 / LogL: -27881.325 / Time: 0h:0m:29s (0h:0m:0s left)
TREE SEARCH COMPLETED AFTER 102 ITERATIONS / Time: 0h:0m:29s

--------------------------------------------------------------------
|                    FINALIZING TREE SEARCH                        |
--------------------------------------------------------------------
Performs final model parameters optimization
Estimate model parameters (epsilon = 0.010)
1. Initial log-likelihood: -27878.264
Optimal log-likelihood: -27878.264
Rate parameters:  A-C: 1.00000  A-G: 1.28422  A-T: 1.00000  C-G: 1.00000  C-T: 1.28422  G-T: 1.00000
Base frequencies:  A: 0.299  C: 0.196  G: 0.209  T: 0.296
Parameters optimization took 1 rounds (0.001 sec)
BEST SCORE FOUND : -27878.264

Testing tree branches by aBayes parametric test...
0.002 sec.
Total tree length: 4.952

Total number of iterations: 102
CPU time used for tree search: 1.091 sec (0h:0m:1s)
Wall-clock time used for tree search: 1.093 sec (0h:0m:1s)
Total CPU time used: 26.300 sec (0h:0m:26s)
Total wall-clock time used: 29.165 sec (0h:0m:29s)

Analysis results written to: 
  IQ-TREE report:                /Users/fahim/CSE6406-project/work/paper_subset_50x10_L1600/ils_high/replicate_03/estimated_gene_trees/L1600/hky/locus_0008.iqtree
  Maximum-likelihood tree:       /Users/fahim/CSE6406-project/work/paper_subset_50x10_L1600/ils_high/replicate_03/estimated_gene_trees/L1600/hky/locus_0008.treefile
  Likelihood distances:          /Users/fahim/CSE6406-project/work/paper_subset_50x10_L1600/ils_high/replicate_03/estimated_gene_trees/L1600/hky/locus_0008.mldist
  Screen log file:               /Users/fahim/CSE6406-project/work/paper_subset_50x10_L1600/ils_high/replicate_03/estimated_gene_trees/L1600/hky/locus_0008.log

Date and Time: Sat Sep 12 06:03:51 2026
