IQ-TREE multicore version 2.4.0 for MacOS ARM 64-bit built Feb 12 2025
Developed by Bui Quang Minh, Nguyen Lam Tung, Olga Chernomor, Heiko Schmidt,
Dominik Schrempf, Michael Woodhams, Ly Trong Nhan, Thomas Wong

Host:    Fahims-MacBook-Air.local (SSE4.2, 16 GB RAM)
Command: /Users/fahim/miniconda3/envs/cse6406/bin/iqtree2 -s /Users/fahim/CSE6406-project/work/paper_subset_50x10_L1600/ils_high/replicate_03/alignments/L1600/locus_0034.phy -m HKY --abayes -T AUTO --seed 6706035 --prefix /Users/fahim/CSE6406-project/work/paper_subset_50x10_L1600/ils_high/replicate_03/estimated_gene_trees/L1600/hky/locus_0034 --redo --quiet
Seed:    6706035 (Using SPRNG - Scalable Parallel Random Number Generator)
Time:    Sat Sep 12 06:16:21 2026
Kernel:  SSE2 - auto-detect threads (10 CPU cores detected)

Reading alignment file /Users/fahim/CSE6406-project/work/paper_subset_50x10_L1600/ils_high/replicate_03/alignments/L1600/locus_0034.phy ... Phylip format detected
Alignment most likely contains DNA/RNA sequences
Alignment has 21 sequences with 1600 columns, 904 distinct patterns
771 parsimony-informative, 166 singleton sites, 663 constant sites
        Gap/Ambiguity  Composition  p-value
Analyzing sequences: done in 4.00543e-05 secs using 132.3% CPU
   1  0_0_0     0.00%    passed     56.62%
   2  20_0_0    0.00%    passed     98.65%
   3  2_0_0     0.00%    passed     86.85%
   4  4_0_0     0.00%    passed     56.34%
   5  7_0_0     0.00%    passed     81.87%
   6  5_0_0     0.00%    passed     71.53%
   7  14_0_0    0.00%    passed     76.22%
   8  18_0_0    0.00%    passed     81.37%
   9  6_0_0     0.00%    passed     96.16%
  10  9_0_0     0.00%    passed     88.49%
  11  17_0_0    0.00%    passed     67.34%
  12  13_0_0    0.00%    passed     88.42%
  13  12_0_0    0.00%    passed     69.78%
  14  16_0_0    0.00%    passed     60.59%
  15  11_0_0    0.00%    passed     79.71%
  16  8_0_0     0.00%    passed     66.87%
  17  15_0_0    0.00%    passed     96.27%
  18  1_0_0     0.00%    passed     97.43%
  19  3_0_0     0.00%    passed     81.96%
  20  19_0_0    0.00%    passed     77.42%
  21  10_0_0    0.00%    passed     53.34%
****  TOTAL     0.00%  0 sequences failed composition chi2 test (p-value<5%; df=3)

Create initial parsimony tree by phylogenetic likelihood library (PLL)... 0.001 seconds

NOTE: 0 MB RAM (0 GB) is required!
Measuring multi-threading efficiency up to 10 CPU cores
Increase to 10 rounds for branch lengths
3305 trees examined
Threads: 1 / Time: 10.000 sec / Speedup: 1.000 / Efficiency: 100% / LogL: -27321
Threads: 2 / Time: 18.840 sec / Speedup: 0.531 / Efficiency: 27% / LogL: -27321
BEST NUMBER OF THREADS: 1

Estimate model parameters (epsilon = 0.100)
1. Initial log-likelihood: -26808.832
2. Current log-likelihood: -26677.637
3. Current log-likelihood: -26677.485
Optimal log-likelihood: -26677.485
Rate parameters:  A-C: 1.00000  A-G: 1.26217  A-T: 1.00000  C-G: 1.00000  C-T: 1.26217  G-T: 1.00000
Base frequencies:  A: 0.297  C: 0.210  G: 0.190  T: 0.303
Parameters optimization took 3 rounds (0.005 sec)
Wrote distance file to... 
Computing ML distances based on estimated model parameters...
Calculating distance matrix: done in 0.000437021 secs using 97.48% CPU
Computing ML distances took 0.000486 sec (of wall-clock time) 0.000464 sec (of CPU time)
Setting up auxiliary I and S matrices: done in 1.50204e-05 secs using 66.58% CPU
Computing RapidNJ tree took 0.000058 sec (of wall-clock time) 0.000063 sec (of CPU time)
Log-likelihood of RapidNJ tree: -26843.094
--------------------------------------------------------------------
|             INITIALIZING CANDIDATE TREE SET                      |
--------------------------------------------------------------------
Generating 98 parsimony trees... 0.083 second
Computing log-likelihood of 98 initial trees ... 0.064 seconds
Current best score: -26669.694

Do NNI search on 20 best initial trees
Estimate model parameters (epsilon = 0.100)
BETTER TREE FOUND at iteration 1: -26660.553
Estimate model parameters (epsilon = 0.100)
BETTER TREE FOUND at iteration 3: -26656.740
Iteration 10 / LogL: -26659.596 / Time: 0h:0m:29s
Iteration 20 / LogL: -26660.597 / Time: 0h:0m:29s
Finish initializing candidate tree set (11)
Current best tree score: -26656.740 / CPU time: 0.282
Number of iterations: 20
--------------------------------------------------------------------
|               OPTIMIZING CANDIDATE TREE SET                      |
--------------------------------------------------------------------
Iteration 30 / LogL: -26656.789 / Time: 0h:0m:29s (0h:1m:13s left)
Iteration 40 / LogL: -26659.516 / Time: 0h:0m:29s (0h:0m:47s left)
Iteration 50 / LogL: -26656.768 / Time: 0h:0m:29s (0h:0m:31s left)
Iteration 60 / LogL: -26658.616 / Time: 0h:0m:29s (0h:0m:21s left)
Iteration 70 / LogL: -26656.761 / Time: 0h:0m:29s (0h:0m:14s left)
Iteration 80 / LogL: -26656.805 / Time: 0h:0m:29s (0h:0m:8s left)
Iteration 90 / LogL: -26656.761 / Time: 0h:0m:29s (0h:0m:4s left)
Iteration 100 / LogL: -26656.747 / Time: 0h:0m:29s (0h:0m:0s left)
TREE SEARCH COMPLETED AFTER 104 ITERATIONS / Time: 0h:0m:29s

--------------------------------------------------------------------
|                    FINALIZING TREE SEARCH                        |
--------------------------------------------------------------------
Performs final model parameters optimization
Estimate model parameters (epsilon = 0.010)
1. Initial log-likelihood: -26656.740
Optimal log-likelihood: -26656.740
Rate parameters:  A-C: 1.00000  A-G: 1.26906  A-T: 1.00000  C-G: 1.00000  C-T: 1.26906  G-T: 1.00000
Base frequencies:  A: 0.297  C: 0.210  G: 0.190  T: 0.303
Parameters optimization took 1 rounds (0.001 sec)
BEST SCORE FOUND : -26656.740

Testing tree branches by aBayes parametric test...
0.002 sec.
Total tree length: 4.584

Total number of iterations: 104
CPU time used for tree search: 1.020 sec (0h:0m:1s)
Wall-clock time used for tree search: 1.022 sec (0h:0m:1s)
Total CPU time used: 26.455 sec (0h:0m:26s)
Total wall-clock time used: 29.879 sec (0h:0m:29s)

Analysis results written to: 
  IQ-TREE report:                /Users/fahim/CSE6406-project/work/paper_subset_50x10_L1600/ils_high/replicate_03/estimated_gene_trees/L1600/hky/locus_0034.iqtree
  Maximum-likelihood tree:       /Users/fahim/CSE6406-project/work/paper_subset_50x10_L1600/ils_high/replicate_03/estimated_gene_trees/L1600/hky/locus_0034.treefile
  Likelihood distances:          /Users/fahim/CSE6406-project/work/paper_subset_50x10_L1600/ils_high/replicate_03/estimated_gene_trees/L1600/hky/locus_0034.mldist
  Screen log file:               /Users/fahim/CSE6406-project/work/paper_subset_50x10_L1600/ils_high/replicate_03/estimated_gene_trees/L1600/hky/locus_0034.log

Date and Time: Sat Sep 12 06:16:51 2026
