IQ-TREE multicore version 2.4.0 for Linux x86 64-bit built Feb 12 2025
Developed by Bui Quang Minh, Nguyen Lam Tung, Olga Chernomor, Heiko Schmidt,
Dominik Schrempf, Michael Woodhams, Ly Trong Nhan, Thomas Wong

Host:    ezmata (AVX2, FMA3, 15 GB RAM)
Command: /home/mis/miniconda3/envs/cse6406/bin/iqtree2 -s /home/mis/CSE6406-project/work/paper_subset_50x10_L200/ils_high/replicate_04/alignments/L200/locus_0034.phy -m GTR --abayes -T 1 --seed 6806035 --prefix /home/mis/CSE6406-project/work/paper_subset_50x10_L200/ils_high/replicate_04/estimated_gene_trees/L200/gtr/locus_0034 --redo --quiet
Seed:    6806035 (Using SPRNG - Scalable Parallel Random Number Generator)
Time:    Sat Sep 12 21:42:42 2026
Kernel:  AVX+FMA - 1 threads (16 CPU cores detected)

HINT: Use -nt option to specify number of threads because your CPU has 16 cores!
HINT: -nt AUTO will automatically determine the best number of threads to use.

Reading alignment file /home/mis/CSE6406-project/work/paper_subset_50x10_L200/ils_high/replicate_04/alignments/L200/locus_0034.phy ... Phylip format detected
Alignment most likely contains DNA/RNA sequences
Alignment has 21 sequences with 200 columns, 76 distinct patterns
48 parsimony-informative, 25 singleton sites, 127 constant sites
        Gap/Ambiguity  Composition  p-value
Analyzing sequences: done in 8.55401e-06 secs using 93.52% CPU
   1  5_0_0     0.00%    passed     80.52%
   2  14_0_0    0.00%    passed     94.82%
   3  2_0_0     0.00%    passed     74.98%
   4  15_0_0    0.00%    passed     96.23%
   5  11_0_0    0.00%    passed     88.81%
   6  1_0_0     0.00%    passed     99.68%
   7  4_0_0     0.00%    passed     95.96%
   8  16_0_0    0.00%    passed     87.58%
   9  8_0_0     0.00%    passed     92.64%
  10  9_0_0     0.00%    passed     99.82%
  11  3_0_0     0.00%    passed     98.94%
  12  13_0_0    0.00%    passed     89.76%
  13  6_0_0     0.00%    passed     93.07%
  14  7_0_0     0.00%    passed     96.23%
  15  18_0_0    0.00%    passed     97.02%
  16  20_0_0    0.00%    passed     98.85%
  17  12_0_0    0.00%    passed     96.73%
  18  10_0_0    0.00%    passed     91.28%
  19  19_0_0    0.00%    passed     99.68%
  20  17_0_0    0.00%    passed     99.99%
  21  0_0_0     0.00%    passed     92.89%
****  TOTAL     0.00%  0 sequences failed composition chi2 test (p-value<5%; df=3)

Create initial parsimony tree by phylogenetic likelihood library (PLL)... 0.000 seconds

NOTE: 0 MB RAM (0 GB) is required!
Estimate model parameters (epsilon = 0.100)
1. Initial log-likelihood: -1412.351
2. Current log-likelihood: -1399.826
Optimal log-likelihood: -1399.809
Rate parameters:  A-C: 1.01281  A-G: 2.15230  A-T: 1.11266  C-G: 1.19695  C-T: 1.50713  G-T: 1.00000
Base frequencies:  A: 0.349  C: 0.177  G: 0.175  T: 0.299
Parameters optimization took 2 rounds (0.004 sec)
Wrote distance file to... 
Computing ML distances based on estimated model parameters...
Calculating distance matrix: done in 0.000816129 secs using 99.86% CPU
Computing ML distances took 0.000840 sec (of wall-clock time) 0.000842 sec (of CPU time)
Setting up auxiliary I and S matrices: done in 5.6096e-05 secs using 99.83% CPU
Computing RapidNJ tree took 0.000226 sec (of wall-clock time) 0.000225 sec (of CPU time)
Log-likelihood of RapidNJ tree: -1408.507
--------------------------------------------------------------------
|             INITIALIZING CANDIDATE TREE SET                      |
--------------------------------------------------------------------
Generating 98 parsimony trees... 0.066 second
Computing log-likelihood of 98 initial trees ... 0.046 seconds
Current best score: -1395.755

Do NNI search on 20 best initial trees
Estimate model parameters (epsilon = 0.100)
BETTER TREE FOUND at iteration 1: -1395.319
Iteration 10 / LogL: -1396.447 / Time: 0h:0m:0s
Estimate model parameters (epsilon = 0.100)
BETTER TREE FOUND at iteration 19: -1395.249
Iteration 20 / LogL: -1397.282 / Time: 0h:0m:0s
Finish initializing candidate tree set (11)
Current best tree score: -1395.249 / CPU time: 0.191
Number of iterations: 20
--------------------------------------------------------------------
|               OPTIMIZING CANDIDATE TREE SET                      |
--------------------------------------------------------------------
UPDATE BEST LOG-LIKELIHOOD: -1395.249
Iteration 30 / LogL: -1395.249 / Time: 0h:0m:0s (0h:0m:0s left)
Iteration 40 / LogL: -1397.021 / Time: 0h:0m:0s (0h:0m:0s left)
Iteration 50 / LogL: -1422.550 / Time: 0h:0m:0s (0h:0m:0s left)
Iteration 60 / LogL: -1395.353 / Time: 0h:0m:0s (0h:0m:0s left)
Iteration 70 / LogL: -1395.255 / Time: 0h:0m:0s (0h:0m:0s left)
Iteration 80 / LogL: -1395.250 / Time: 0h:0m:0s (0h:0m:0s left)
Iteration 90 / LogL: -1397.924 / Time: 0h:0m:0s (0h:0m:0s left)
Iteration 100 / LogL: -1404.626 / Time: 0h:0m:0s (0h:0m:0s left)
Iteration 110 / LogL: -1395.249 / Time: 0h:0m:0s (0h:0m:0s left)
Iteration 120 / LogL: -1395.362 / Time: 0h:0m:0s (0h:0m:-1s left)
TREE SEARCH COMPLETED AFTER 120 ITERATIONS / Time: 0h:0m:0s

--------------------------------------------------------------------
|                    FINALIZING TREE SEARCH                        |
--------------------------------------------------------------------
Performs final model parameters optimization
Estimate model parameters (epsilon = 0.010)
1. Initial log-likelihood: -1395.249
Optimal log-likelihood: -1395.249
Rate parameters:  A-C: 0.84416  A-G: 2.18758  A-T: 1.10794  C-G: 1.01038  C-T: 1.45817  G-T: 1.00000
Base frequencies:  A: 0.349  C: 0.177  G: 0.175  T: 0.299
Parameters optimization took 1 rounds (0.001 sec)
BEST SCORE FOUND : -1395.249

Testing tree branches by aBayes parametric test...
0.001 sec.
Total tree length: 1.131

Total number of iterations: 120
CPU time used for tree search: 0.726 sec (0h:0m:0s)
Wall-clock time used for tree search: 0.799 sec (0h:0m:0s)
Total CPU time used: 0.742 sec (0h:0m:0s)
Total wall-clock time used: 0.815 sec (0h:0m:0s)

Analysis results written to: 
  IQ-TREE report:                /home/mis/CSE6406-project/work/paper_subset_50x10_L200/ils_high/replicate_04/estimated_gene_trees/L200/gtr/locus_0034.iqtree
  Maximum-likelihood tree:       /home/mis/CSE6406-project/work/paper_subset_50x10_L200/ils_high/replicate_04/estimated_gene_trees/L200/gtr/locus_0034.treefile
  Likelihood distances:          /home/mis/CSE6406-project/work/paper_subset_50x10_L200/ils_high/replicate_04/estimated_gene_trees/L200/gtr/locus_0034.mldist
  Screen log file:               /home/mis/CSE6406-project/work/paper_subset_50x10_L200/ils_high/replicate_04/estimated_gene_trees/L200/gtr/locus_0034.log

Date and Time: Sat Sep 12 21:42:43 2026
