IQ-TREE multicore version 2.4.0 for MacOS ARM 64-bit built Feb 12 2025
Developed by Bui Quang Minh, Nguyen Lam Tung, Olga Chernomor, Heiko Schmidt,
Dominik Schrempf, Michael Woodhams, Ly Trong Nhan, Thomas Wong

Host:    Fahims-MacBook-Air.local (SSE4.2, 16 GB RAM)
Command: /Users/fahim/miniconda3/envs/cse6406/bin/iqtree2 -s /Users/fahim/CSE6406-project/work/paper_subset_50x10_L1600/ils_low/replicate_02/alignments/L1600/locus_0045.phy -m GTR --abayes -T AUTO --seed 6606046 --prefix /Users/fahim/CSE6406-project/work/paper_subset_50x10_L1600/ils_low/replicate_02/estimated_gene_trees/L1600/gtr/locus_0045 --redo --quiet
Seed:    6606046 (Using SPRNG - Scalable Parallel Random Number Generator)
Time:    Fri Sep 11 04:11:19 2026
Kernel:  SSE2 - auto-detect threads (10 CPU cores detected)

Reading alignment file /Users/fahim/CSE6406-project/work/paper_subset_50x10_L1600/ils_low/replicate_02/alignments/L1600/locus_0045.phy ... Phylip format detected
Alignment most likely contains DNA/RNA sequences
Alignment has 21 sequences with 1600 columns, 944 distinct patterns
845 parsimony-informative, 150 singleton sites, 605 constant sites
        Gap/Ambiguity  Composition  p-value
Analyzing sequences: done in 4.69685e-05 secs using 138.4% CPU
   1  0_0_0     0.00%    passed     87.99%
   2  5_0_0     0.00%    passed     50.81%
   3  1_0_0     0.00%    passed     58.48%
   4  9_0_0     0.00%    passed     89.62%
   5  11_0_0    0.00%    passed     64.84%
   6  14_0_0    0.00%    passed     93.49%
   7  18_0_0    0.00%    passed     76.84%
   8  15_0_0    0.00%    passed     68.45%
   9  16_0_0    0.00%    passed     89.77%
  10  10_0_0    0.00%    passed     92.38%
  11  8_0_0     0.00%    passed     97.81%
  12  7_0_0     0.00%    passed     91.38%
  13  19_0_0    0.00%    passed     48.60%
  14  13_0_0    0.00%    passed     96.42%
  15  12_0_0    0.00%    passed     73.84%
  16  17_0_0    0.00%    passed     92.46%
  17  20_0_0    0.00%    passed     91.17%
  18  2_0_0     0.00%    passed     49.94%
  19  4_0_0     0.00%    passed     90.92%
  20  6_0_0     0.00%    passed     76.75%
  21  3_0_0     0.00%    passed     95.95%
****  TOTAL     0.00%  0 sequences failed composition chi2 test (p-value<5%; df=3)

Create initial parsimony tree by phylogenetic likelihood library (PLL)... 0.001 seconds

NOTE: 0 MB RAM (0 GB) is required!
Measuring multi-threading efficiency up to 10 CPU cores
Increase to 10 rounds for branch lengths
2254 trees examined
Threads: 1 / Time: 10.002 sec / Speedup: 1.000 / Efficiency: 100% / LogL: -29080
Threads: 2 / Time: 18.656 sec / Speedup: 0.536 / Efficiency: 27% / LogL: -29080
BEST NUMBER OF THREADS: 1

Estimate model parameters (epsilon = 0.100)
1. Initial log-likelihood: -27413.708
2. Current log-likelihood: -27276.132
3. Current log-likelihood: -27275.921
Optimal log-likelihood: -27275.918
Rate parameters:  A-C: 0.95144  A-G: 1.31419  A-T: 1.13881  C-G: 0.91795  C-T: 1.36515  G-T: 1.00000
Base frequencies:  A: 0.297  C: 0.203  G: 0.209  T: 0.291
Parameters optimization took 3 rounds (0.016 sec)
Wrote distance file to... 
Computing ML distances based on estimated model parameters...
Calculating distance matrix: done in 0.000648022 secs using 99.07% CPU
Computing ML distances took 0.000717 sec (of wall-clock time) 0.000702 sec (of CPU time)
Setting up auxiliary I and S matrices: done in 2.21729e-05 secs using 72.16% CPU
Computing RapidNJ tree took 0.000085 sec (of wall-clock time) 0.000095 sec (of CPU time)
Log-likelihood of RapidNJ tree: -27327.223
--------------------------------------------------------------------
|             INITIALIZING CANDIDATE TREE SET                      |
--------------------------------------------------------------------
Generating 98 parsimony trees... 0.132 second
Computing log-likelihood of 98 initial trees ... 0.099 seconds
Current best score: -27271.725

Do NNI search on 20 best initial trees
Estimate model parameters (epsilon = 0.100)
BETTER TREE FOUND at iteration 1: -27265.651
Iteration 10 / LogL: -27303.474 / Time: 0h:0m:29s
Iteration 20 / LogL: -27265.677 / Time: 0h:0m:29s
Finish initializing candidate tree set (3)
Current best tree score: -27265.651 / CPU time: 0.483
Number of iterations: 20
--------------------------------------------------------------------
|               OPTIMIZING CANDIDATE TREE SET                      |
--------------------------------------------------------------------
Iteration 30 / LogL: -27280.890 / Time: 0h:0m:29s (0h:1m:11s left)
Iteration 40 / LogL: -27280.819 / Time: 0h:0m:29s (0h:0m:46s left)
Iteration 50 / LogL: -27278.800 / Time: 0h:0m:29s (0h:0m:30s left)
Iteration 60 / LogL: -27265.668 / Time: 0h:0m:29s (0h:0m:20s left)
Iteration 70 / LogL: -27294.649 / Time: 0h:0m:29s (0h:0m:13s left)
Iteration 80 / LogL: -27265.674 / Time: 0h:0m:30s (0h:0m:7s left)
Iteration 90 / LogL: -27294.657 / Time: 0h:0m:30s (0h:0m:3s left)
Iteration 100 / LogL: -27279.435 / Time: 0h:0m:30s (0h:0m:0s left)
TREE SEARCH COMPLETED AFTER 102 ITERATIONS / Time: 0h:0m:30s

--------------------------------------------------------------------
|                    FINALIZING TREE SEARCH                        |
--------------------------------------------------------------------
Performs final model parameters optimization
Estimate model parameters (epsilon = 0.010)
1. Initial log-likelihood: -27265.651
Optimal log-likelihood: -27265.643
Rate parameters:  A-C: 0.94925  A-G: 1.30936  A-T: 1.14244  C-G: 0.93473  C-T: 1.37406  G-T: 1.00000
Base frequencies:  A: 0.297  C: 0.203  G: 0.209  T: 0.291
Parameters optimization took 1 rounds (0.003 sec)
BEST SCORE FOUND : -27265.643

Testing tree branches by aBayes parametric test...
0.004 sec.
Total tree length: 4.759

Total number of iterations: 102
CPU time used for tree search: 1.598 sec (0h:0m:1s)
Wall-clock time used for tree search: 1.602 sec (0h:0m:1s)
Total CPU time used: 27.779 sec (0h:0m:27s)
Total wall-clock time used: 30.294 sec (0h:0m:30s)

Analysis results written to: 
  IQ-TREE report:                /Users/fahim/CSE6406-project/work/paper_subset_50x10_L1600/ils_low/replicate_02/estimated_gene_trees/L1600/gtr/locus_0045.iqtree
  Maximum-likelihood tree:       /Users/fahim/CSE6406-project/work/paper_subset_50x10_L1600/ils_low/replicate_02/estimated_gene_trees/L1600/gtr/locus_0045.treefile
  Likelihood distances:          /Users/fahim/CSE6406-project/work/paper_subset_50x10_L1600/ils_low/replicate_02/estimated_gene_trees/L1600/gtr/locus_0045.mldist
  Screen log file:               /Users/fahim/CSE6406-project/work/paper_subset_50x10_L1600/ils_low/replicate_02/estimated_gene_trees/L1600/gtr/locus_0045.log

Date and Time: Fri Sep 11 04:11:50 2026
