IQ-TREE multicore version 2.4.0 for Linux x86 64-bit built Feb 12 2025
Developed by Bui Quang Minh, Nguyen Lam Tung, Olga Chernomor, Heiko Schmidt,
Dominik Schrempf, Michael Woodhams, Ly Trong Nhan, Thomas Wong

Host:    ezmata (AVX2, FMA3, 15 GB RAM)
Command: /home/mis/miniconda3/envs/cse6406/bin/iqtree2 -s /home/mis/CSE6406-project/work/paper_subset_7x2_L200_800/ils_high/replicate_02/alignments/L800/locus_0006.phy -m JC --abayes -T AUTO --seed 6606007 --prefix /home/mis/CSE6406-project/work/paper_subset_7x2_L200_800/ils_high/replicate_02/estimated_gene_trees/L800/jc/locus_0006 --redo --quiet
Seed:    6606007 (Using SPRNG - Scalable Parallel Random Number Generator)
Time:    Thu Sep 10 15:29:15 2026
Kernel:  AVX+FMA - auto-detect threads (16 CPU cores detected)

Reading alignment file /home/mis/CSE6406-project/work/paper_subset_7x2_L200_800/ils_high/replicate_02/alignments/L800/locus_0006.phy ... Phylip format detected
Alignment most likely contains DNA/RNA sequences
Alignment has 21 sequences with 800 columns, 499 distinct patterns
418 parsimony-informative, 96 singleton sites, 286 constant sites
        Gap/Ambiguity  Composition  p-value
Analyzing sequences: done in 0.000109109 secs using 79.74% CPU
   1  5_0_0     0.00%    passed     78.38%
   2  6_0_0     0.00%    passed     87.96%
   3  2_0_0     0.00%    passed     85.09%
   4  4_0_0     0.00%    passed     64.91%
   5  1_0_0     0.00%    passed     97.94%
   6  16_0_0    0.00%    passed     93.54%
   7  10_0_0    0.00%    passed     65.66%
   8  9_0_0     0.00%    passed     64.38%
   9  11_0_0    0.00%    passed     83.00%
  10  17_0_0    0.00%    passed     59.21%
  11  20_0_0    0.00%    passed     88.35%
  12  3_0_0     0.00%    passed     89.70%
  13  12_0_0    0.00%    passed     91.35%
  14  18_0_0    0.00%    passed     91.62%
  15  15_0_0    0.00%    passed     87.67%
  16  13_0_0    0.00%    passed     88.02%
  17  14_0_0    0.00%    passed     79.58%
  18  7_0_0     0.00%    passed     98.46%
  19  19_0_0    0.00%    passed     97.84%
  20  8_0_0     0.00%    passed     88.75%
  21  0_0_0     0.00%    passed     96.95%
****  TOTAL     0.00%  0 sequences failed composition chi2 test (p-value<5%; df=3)

Create initial parsimony tree by phylogenetic likelihood library (PLL)... 0.001 seconds

NOTE: 0 MB RAM (0 GB) is required!
Measuring multi-threading efficiency up to 16 CPU cores
Increase to 10 rounds for branch lengths
4831 trees examined
Threads: 1 / Time: 16.003 sec / Speedup: 1.000 / Efficiency: 100% / LogL: -14912
Threads: 2 / Time: 22.049 sec / Speedup: 0.726 / Efficiency: 36% / LogL: -14912
BEST NUMBER OF THREADS: 1

Estimate model parameters (epsilon = 0.100)
1. Initial log-likelihood: -14487.082
Optimal log-likelihood: -14433.634
Rate parameters:  A-C: 1.00000  A-G: 1.00000  A-T: 1.00000  C-G: 1.00000  C-T: 1.00000  G-T: 1.00000
Base frequencies:  A: 0.250  C: 0.250  G: 0.250  T: 0.250
Parameters optimization took 1 rounds (0.002 sec)
Wrote distance file to... 
Computing ML distances based on estimated model parameters...
Calculating distance matrix: done in 0.000483958 secs using 96.29% CPU
Computing ML distances took 0.000527 sec (of wall-clock time) 0.000503 sec (of CPU time)
Setting up auxiliary I and S matrices: done in 3.2819e-05 secs using 97.5% CPU
Computing RapidNJ tree took 0.000113 sec (of wall-clock time) 0.000395 sec (of CPU time)
Log-likelihood of RapidNJ tree: -14470.146
--------------------------------------------------------------------
|             INITIALIZING CANDIDATE TREE SET                      |
--------------------------------------------------------------------
Generating 98 parsimony trees... 0.131 second
Computing log-likelihood of 98 initial trees ... 0.079 seconds
Current best score: -14398.406

Do NNI search on 20 best initial trees
Estimate model parameters (epsilon = 0.100)
BETTER TREE FOUND at iteration 1: -14391.025
Iteration 10 / LogL: -14401.479 / Time: 0h:0m:38s
Iteration 20 / LogL: -14416.710 / Time: 0h:0m:38s
Finish initializing candidate tree set (14)
Current best tree score: -14391.025 / CPU time: 0.336
Number of iterations: 20
--------------------------------------------------------------------
|               OPTIMIZING CANDIDATE TREE SET                      |
--------------------------------------------------------------------
Iteration 30 / LogL: -14391.086 / Time: 0h:0m:38s (0h:1m:34s left)
Iteration 40 / LogL: -14391.031 / Time: 0h:0m:38s (0h:1m:0s left)
Iteration 50 / LogL: -14391.032 / Time: 0h:0m:38s (0h:0m:40s left)
Iteration 60 / LogL: -14396.648 / Time: 0h:0m:38s (0h:0m:26s left)
Iteration 70 / LogL: -14407.166 / Time: 0h:0m:38s (0h:0m:17s left)
Iteration 80 / LogL: -14391.034 / Time: 0h:0m:39s (0h:0m:10s left)
Iteration 90 / LogL: -14391.037 / Time: 0h:0m:39s (0h:0m:4s left)
Iteration 100 / LogL: -14402.691 / Time: 0h:0m:39s (0h:0m:0s left)
TREE SEARCH COMPLETED AFTER 102 ITERATIONS / Time: 0h:0m:39s

--------------------------------------------------------------------
|                    FINALIZING TREE SEARCH                        |
--------------------------------------------------------------------
Performs final model parameters optimization
Estimate model parameters (epsilon = 0.010)
1. Initial log-likelihood: -14391.025
Optimal log-likelihood: -14391.025
Rate parameters:  A-C: 1.00000  A-G: 1.00000  A-T: 1.00000  C-G: 1.00000  C-T: 1.00000  G-T: 1.00000
Base frequencies:  A: 0.250  C: 0.250  G: 0.250  T: 0.250
Parameters optimization took 1 rounds (0.001 sec)
BEST SCORE FOUND : -14391.025

Testing tree branches by aBayes parametric test...
0.003 sec.
Total tree length: 5.196

Total number of iterations: 102
CPU time used for tree search: 1.140 sec (0h:0m:1s)
Wall-clock time used for tree search: 1.173 sec (0h:0m:1s)
Total CPU time used: 41.149 sec (0h:0m:41s)
Total wall-clock time used: 39.242 sec (0h:0m:39s)

Analysis results written to: 
  IQ-TREE report:                /home/mis/CSE6406-project/work/paper_subset_7x2_L200_800/ils_high/replicate_02/estimated_gene_trees/L800/jc/locus_0006.iqtree
  Maximum-likelihood tree:       /home/mis/CSE6406-project/work/paper_subset_7x2_L200_800/ils_high/replicate_02/estimated_gene_trees/L800/jc/locus_0006.treefile
  Likelihood distances:          /home/mis/CSE6406-project/work/paper_subset_7x2_L200_800/ils_high/replicate_02/estimated_gene_trees/L800/jc/locus_0006.mldist
  Screen log file:               /home/mis/CSE6406-project/work/paper_subset_7x2_L200_800/ils_high/replicate_02/estimated_gene_trees/L800/jc/locus_0006.log

Date and Time: Thu Sep 10 15:29:54 2026
