IQ-TREE multicore version 2.4.0 for MacOS ARM 64-bit built Feb 12 2025
Developed by Bui Quang Minh, Nguyen Lam Tung, Olga Chernomor, Heiko Schmidt,
Dominik Schrempf, Michael Woodhams, Ly Trong Nhan, Thomas Wong

Host:    Fahims-MacBook-Air.local (SSE4.2, 16 GB RAM)
Command: /Users/fahim/miniconda3/envs/cse6406/bin/iqtree2 -s /Users/fahim/CSE6406-project/work/paper_subset_50x10_L1600/ils_high/replicate_04/alignments/L1600/locus_0047.phy -m JC --abayes -T AUTO --seed 6806048 --prefix /Users/fahim/CSE6406-project/work/paper_subset_50x10_L1600/ils_high/replicate_04/estimated_gene_trees/L1600/jc/locus_0047 --redo --quiet
Seed:    6806048 (Using SPRNG - Scalable Parallel Random Number Generator)
Time:    Sat Sep 12 09:03:30 2026
Kernel:  SSE2 - auto-detect threads (10 CPU cores detected)

Reading alignment file /Users/fahim/CSE6406-project/work/paper_subset_50x10_L1600/ils_high/replicate_04/alignments/L1600/locus_0047.phy ... Phylip format detected
Alignment most likely contains DNA/RNA sequences
Alignment has 21 sequences with 1600 columns, 521 distinct patterns
390 parsimony-informative, 170 singleton sites, 1040 constant sites
        Gap/Ambiguity  Composition  p-value
Analyzing sequences: done in 2.28882e-05 secs using 144.2% CPU
   1  10_0_0    0.00%    passed     77.98%
   2  20_0_0    0.00%    passed     91.94%
   3  12_0_0    0.00%    passed     94.82%
   4  13_0_0    0.00%    passed     89.87%
   5  6_0_0     0.00%    passed     99.36%
   6  9_0_0     0.00%    passed     94.71%
   7  8_0_0     0.00%    passed     92.82%
   8  5_0_0     0.00%    passed     92.69%
   9  14_0_0    0.00%    passed     95.07%
  10  11_0_0    0.00%    passed     95.29%
  11  1_0_0     0.00%    passed     92.00%
  12  4_0_0     0.00%    passed     94.52%
  13  16_0_0    0.00%    passed     98.58%
  14  15_0_0    0.00%    passed     97.01%
  15  2_0_0     0.00%    passed     90.06%
  16  18_0_0    0.00%    passed     99.17%
  17  17_0_0    0.00%    passed     99.12%
  18  19_0_0    0.00%    passed     98.74%
  19  3_0_0     0.00%    passed     92.81%
  20  7_0_0     0.00%    passed     99.70%
  21  0_0_0     0.00%    passed     98.16%
****  TOTAL     0.00%  0 sequences failed composition chi2 test (p-value<5%; df=3)

Create initial parsimony tree by phylogenetic likelihood library (PLL)... 0.001 seconds

NOTE: 0 MB RAM (0 GB) is required!
Measuring multi-threading efficiency up to 10 CPU cores
Increase to 10 rounds for branch lengths
6516 trees examined
Threads: 1 / Time: 10.000 sec / Speedup: 1.000 / Efficiency: 100% / LogL: -12476
Threads: 2 / Time: 25.888 sec / Speedup: 0.386 / Efficiency: 19% / LogL: -12476
BEST NUMBER OF THREADS: 1

Estimate model parameters (epsilon = 0.100)
1. Initial log-likelihood: -10681.822
Optimal log-likelihood: -10669.785
Rate parameters:  A-C: 1.00000  A-G: 1.00000  A-T: 1.00000  C-G: 1.00000  C-T: 1.00000  G-T: 1.00000
Base frequencies:  A: 0.250  C: 0.250  G: 0.250  T: 0.250
Parameters optimization took 1 rounds (0.001 sec)
Wrote distance file to... 
Computing ML distances based on estimated model parameters...
Calculating distance matrix: done in 0.000406981 secs using 97.3% CPU
Computing ML distances took 0.000436 sec (of wall-clock time) 0.000415 sec (of CPU time)
Setting up auxiliary I and S matrices: done in 1.4782e-05 secs using 67.65% CPU
Computing RapidNJ tree took 0.000053 sec (of wall-clock time) 0.000055 sec (of CPU time)
Log-likelihood of RapidNJ tree: -10703.215
--------------------------------------------------------------------
|             INITIALIZING CANDIDATE TREE SET                      |
--------------------------------------------------------------------
Generating 98 parsimony trees... 0.054 second
Computing log-likelihood of 98 initial trees ... 0.041 seconds
Current best score: -10669.785

Do NNI search on 20 best initial trees
Estimate model parameters (epsilon = 0.100)
BETTER TREE FOUND at iteration 1: -10669.785
Iteration 10 / LogL: -10669.786 / Time: 0h:0m:36s
Iteration 20 / LogL: -10669.785 / Time: 0h:0m:36s
Finish initializing candidate tree set (2)
Current best tree score: -10669.785 / CPU time: 0.202
Number of iterations: 20
--------------------------------------------------------------------
|               OPTIMIZING CANDIDATE TREE SET                      |
--------------------------------------------------------------------
Iteration 30 / LogL: -10669.787 / Time: 0h:0m:36s (0h:1m:28s left)
Iteration 40 / LogL: -10669.786 / Time: 0h:0m:36s (0h:0m:56s left)
Iteration 50 / LogL: -10669.786 / Time: 0h:0m:36s (0h:0m:37s left)
Iteration 60 / LogL: -10669.786 / Time: 0h:0m:36s (0h:0m:25s left)
Iteration 70 / LogL: -10669.791 / Time: 0h:0m:36s (0h:0m:16s left)
Iteration 80 / LogL: -10669.788 / Time: 0h:0m:36s (0h:0m:9s left)
Iteration 90 / LogL: -10669.786 / Time: 0h:0m:36s (0h:0m:4s left)
Iteration 100 / LogL: -10669.785 / Time: 0h:0m:36s (0h:0m:0s left)
TREE SEARCH COMPLETED AFTER 102 ITERATIONS / Time: 0h:0m:36s

--------------------------------------------------------------------
|                    FINALIZING TREE SEARCH                        |
--------------------------------------------------------------------
Performs final model parameters optimization
Estimate model parameters (epsilon = 0.010)
1. Initial log-likelihood: -10669.785
Optimal log-likelihood: -10669.785
Rate parameters:  A-C: 1.00000  A-G: 1.00000  A-T: 1.00000  C-G: 1.00000  C-T: 1.00000  G-T: 1.00000
Base frequencies:  A: 0.250  C: 0.250  G: 0.250  T: 0.250
Parameters optimization took 1 rounds (0.001 sec)
BEST SCORE FOUND : -10669.785

Testing tree branches by aBayes parametric test...
0.001 sec.
Total tree length: 1.017

Total number of iterations: 102
CPU time used for tree search: 0.692 sec (0h:0m:0s)
Wall-clock time used for tree search: 0.694 sec (0h:0m:0s)
Total CPU time used: 29.300 sec (0h:0m:29s)
Total wall-clock time used: 36.591 sec (0h:0m:36s)

Analysis results written to: 
  IQ-TREE report:                /Users/fahim/CSE6406-project/work/paper_subset_50x10_L1600/ils_high/replicate_04/estimated_gene_trees/L1600/jc/locus_0047.iqtree
  Maximum-likelihood tree:       /Users/fahim/CSE6406-project/work/paper_subset_50x10_L1600/ils_high/replicate_04/estimated_gene_trees/L1600/jc/locus_0047.treefile
  Likelihood distances:          /Users/fahim/CSE6406-project/work/paper_subset_50x10_L1600/ils_high/replicate_04/estimated_gene_trees/L1600/jc/locus_0047.mldist
  Screen log file:               /Users/fahim/CSE6406-project/work/paper_subset_50x10_L1600/ils_high/replicate_04/estimated_gene_trees/L1600/jc/locus_0047.log

Date and Time: Sat Sep 12 09:04:06 2026
