IQ-TREE multicore version 2.4.0 for MacOS ARM 64-bit built Feb 12 2025
Developed by Bui Quang Minh, Nguyen Lam Tung, Olga Chernomor, Heiko Schmidt,
Dominik Schrempf, Michael Woodhams, Ly Trong Nhan, Thomas Wong

Host:    Fahims-MacBook-Air.local (SSE4.2, 16 GB RAM)
Command: /Users/fahim/miniconda3/envs/cse6406/bin/iqtree2 -s /Users/fahim/CSE6406-project/work/paper_subset_50x10_L1600/ils_high/replicate_04/alignments/L1600/locus_0041.phy -m JC --abayes -T AUTO --seed 6806042 --prefix /Users/fahim/CSE6406-project/work/paper_subset_50x10_L1600/ils_high/replicate_04/estimated_gene_trees/L1600/jc/locus_0041 --redo --quiet
Seed:    6806042 (Using SPRNG - Scalable Parallel Random Number Generator)
Time:    Sat Sep 12 08:59:46 2026
Kernel:  SSE2 - auto-detect threads (10 CPU cores detected)

Reading alignment file /Users/fahim/CSE6406-project/work/paper_subset_50x10_L1600/ils_high/replicate_04/alignments/L1600/locus_0041.phy ... Phylip format detected
Alignment most likely contains DNA/RNA sequences
Alignment has 21 sequences with 1600 columns, 477 distinct patterns
353 parsimony-informative, 176 singleton sites, 1071 constant sites
        Gap/Ambiguity  Composition  p-value
Analyzing sequences: done in 3.71933e-05 secs using 99.48% CPU
   1  17_0_0    0.00%    passed     98.18%
   2  19_0_0    0.00%    passed     98.90%
   3  20_0_0    0.00%    passed     99.83%
   4  14_0_0    0.00%    passed     97.15%
   5  5_0_0     0.00%    passed     92.91%
   6  15_0_0    0.00%    passed     87.11%
   7  2_0_0     0.00%    passed     94.86%
   8  1_0_0     0.00%    passed     97.11%
   9  4_0_0     0.00%    passed     95.84%
  10  16_0_0    0.00%    passed     99.53%
  11  11_0_0    0.00%    passed     88.30%
  12  9_0_0     0.00%    passed     98.69%
  13  12_0_0    0.00%    passed     99.14%
  14  8_0_0     0.00%    passed     99.33%
  15  7_0_0     0.00%    passed     91.87%
  16  13_0_0    0.00%    passed     91.12%
  17  6_0_0     0.00%    passed     90.99%
  18  3_0_0     0.00%    passed     91.13%
  19  18_0_0    0.00%    passed     93.67%
  20  10_0_0    0.00%    passed     98.49%
  21  0_0_0     0.00%    passed     90.89%
****  TOTAL     0.00%  0 sequences failed composition chi2 test (p-value<5%; df=3)

Create initial parsimony tree by phylogenetic likelihood library (PLL)... 0.000 seconds

NOTE: 0 MB RAM (0 GB) is required!
Measuring multi-threading efficiency up to 10 CPU cores
Increase to 10 rounds for branch lengths
6826 trees examined
Threads: 1 / Time: 10.001 sec / Speedup: 1.000 / Efficiency: 100% / LogL: -11550
Threads: 2 / Time: 26.932 sec / Speedup: 0.371 / Efficiency: 19% / LogL: -11550
BEST NUMBER OF THREADS: 1

Estimate model parameters (epsilon = 0.100)
1. Initial log-likelihood: -10050.239
Optimal log-likelihood: -10034.642
Rate parameters:  A-C: 1.00000  A-G: 1.00000  A-T: 1.00000  C-G: 1.00000  C-T: 1.00000  G-T: 1.00000
Base frequencies:  A: 0.250  C: 0.250  G: 0.250  T: 0.250
Parameters optimization took 1 rounds (0.001 sec)
Wrote distance file to... 
Computing ML distances based on estimated model parameters...
Calculating distance matrix: done in 0.000406981 secs using 97.3% CPU
Computing ML distances took 0.000439 sec (of wall-clock time) 0.000416 sec (of CPU time)
Setting up auxiliary I and S matrices: done in 1.5974e-05 secs using 68.86% CPU
Computing RapidNJ tree took 0.000057 sec (of wall-clock time) 0.000064 sec (of CPU time)
Log-likelihood of RapidNJ tree: -10118.103
--------------------------------------------------------------------
|             INITIALIZING CANDIDATE TREE SET                      |
--------------------------------------------------------------------
Generating 98 parsimony trees... 0.051 second
Computing log-likelihood of 98 initial trees ... 0.038 seconds
Current best score: -10030.970

Do NNI search on 20 best initial trees
Estimate model parameters (epsilon = 0.100)
BETTER TREE FOUND at iteration 1: -10029.526
Iteration 10 / LogL: -10038.778 / Time: 0h:0m:37s
Iteration 20 / LogL: -10032.584 / Time: 0h:0m:37s
Finish initializing candidate tree set (5)
Current best tree score: -10029.526 / CPU time: 0.171
Number of iterations: 20
--------------------------------------------------------------------
|               OPTIMIZING CANDIDATE TREE SET                      |
--------------------------------------------------------------------
Iteration 30 / LogL: -10032.532 / Time: 0h:0m:37s (0h:1m:30s left)
Iteration 40 / LogL: -10029.526 / Time: 0h:0m:37s (0h:0m:58s left)
Iteration 50 / LogL: -10029.526 / Time: 0h:0m:37s (0h:0m:38s left)
Iteration 60 / LogL: -10032.511 / Time: 0h:0m:37s (0h:0m:25s left)
Iteration 70 / LogL: -10031.498 / Time: 0h:0m:37s (0h:0m:16s left)
Iteration 80 / LogL: -10031.447 / Time: 0h:0m:37s (0h:0m:9s left)
Iteration 90 / LogL: -10029.526 / Time: 0h:0m:37s (0h:0m:4s left)
Iteration 100 / LogL: -10029.526 / Time: 0h:0m:37s (0h:0m:0s left)
TREE SEARCH COMPLETED AFTER 102 ITERATIONS / Time: 0h:0m:37s

--------------------------------------------------------------------
|                    FINALIZING TREE SEARCH                        |
--------------------------------------------------------------------
Performs final model parameters optimization
Estimate model parameters (epsilon = 0.010)
1. Initial log-likelihood: -10029.526
Optimal log-likelihood: -10029.526
Rate parameters:  A-C: 1.00000  A-G: 1.00000  A-T: 1.00000  C-G: 1.00000  C-T: 1.00000  G-T: 1.00000
Base frequencies:  A: 0.250  C: 0.250  G: 0.250  T: 0.250
Parameters optimization took 1 rounds (0.000 sec)
BEST SCORE FOUND : -10029.526

Testing tree branches by aBayes parametric test...
0.001 sec.
Total tree length: 0.934

Total number of iterations: 102
CPU time used for tree search: 0.598 sec (0h:0m:0s)
Wall-clock time used for tree search: 0.599 sec (0h:0m:0s)
Total CPU time used: 29.669 sec (0h:0m:29s)
Total wall-clock time used: 37.539 sec (0h:0m:37s)

Analysis results written to: 
  IQ-TREE report:                /Users/fahim/CSE6406-project/work/paper_subset_50x10_L1600/ils_high/replicate_04/estimated_gene_trees/L1600/jc/locus_0041.iqtree
  Maximum-likelihood tree:       /Users/fahim/CSE6406-project/work/paper_subset_50x10_L1600/ils_high/replicate_04/estimated_gene_trees/L1600/jc/locus_0041.treefile
  Likelihood distances:          /Users/fahim/CSE6406-project/work/paper_subset_50x10_L1600/ils_high/replicate_04/estimated_gene_trees/L1600/jc/locus_0041.mldist
  Screen log file:               /Users/fahim/CSE6406-project/work/paper_subset_50x10_L1600/ils_high/replicate_04/estimated_gene_trees/L1600/jc/locus_0041.log

Date and Time: Sat Sep 12 09:00:24 2026
