IQ-TREE multicore version 2.4.0 for MacOS ARM 64-bit built Feb 12 2025
Developed by Bui Quang Minh, Nguyen Lam Tung, Olga Chernomor, Heiko Schmidt,
Dominik Schrempf, Michael Woodhams, Ly Trong Nhan, Thomas Wong

Host:    Fahims-MacBook-Air.local (SSE4.2, 16 GB RAM)
Command: /Users/fahim/miniconda3/envs/cse6406/bin/iqtree2 -s /Users/fahim/CSE6406-project/work/paper_subset_50x10_L1600/ils_high/replicate_04/alignments/L1600/locus_0022.phy -m JC --abayes -T AUTO --seed 6806023 --prefix /Users/fahim/CSE6406-project/work/paper_subset_50x10_L1600/ils_high/replicate_04/estimated_gene_trees/L1600/jc/locus_0022 --redo --quiet
Seed:    6806023 (Using SPRNG - Scalable Parallel Random Number Generator)
Time:    Sat Sep 12 08:48:06 2026
Kernel:  SSE2 - auto-detect threads (10 CPU cores detected)

Reading alignment file /Users/fahim/CSE6406-project/work/paper_subset_50x10_L1600/ils_high/replicate_04/alignments/L1600/locus_0022.phy ... Phylip format detected
Alignment most likely contains DNA/RNA sequences
Alignment has 21 sequences with 1600 columns, 545 distinct patterns
392 parsimony-informative, 205 singleton sites, 1002 constant sites
        Gap/Ambiguity  Composition  p-value
Analyzing sequences: done in 4.29153e-05 secs using 95.54% CPU
   1  17_0_0    0.00%    passed     96.49%
   2  20_0_0    0.00%    passed     97.97%
   3  7_0_0     0.00%    passed     96.98%
   4  9_0_0     0.00%    passed     89.06%
   5  3_0_0     0.00%    passed     86.44%
   6  8_0_0     0.00%    passed     80.68%
   7  12_0_0    0.00%    passed     90.43%
   8  6_0_0     0.00%    passed     86.72%
   9  13_0_0    0.00%    passed     93.52%
  10  5_0_0     0.00%    passed     84.66%
  11  14_0_0    0.00%    passed     96.08%
  12  10_0_0    0.00%    passed     92.11%
  13  11_0_0    0.00%    passed     96.02%
  14  4_0_0     0.00%    passed     65.75%
  15  1_0_0     0.00%    passed     75.44%
  16  16_0_0    0.00%    passed     92.47%
  17  18_0_0    0.00%    passed     98.87%
  18  2_0_0     0.00%    passed     94.25%
  19  15_0_0    0.00%    passed     86.26%
  20  19_0_0    0.00%    passed     98.17%
  21  0_0_0     0.00%    passed     92.16%
****  TOTAL     0.00%  0 sequences failed composition chi2 test (p-value<5%; df=3)

Create initial parsimony tree by phylogenetic likelihood library (PLL)... 0.000 seconds

NOTE: 0 MB RAM (0 GB) is required!
Measuring multi-threading efficiency up to 10 CPU cores
Increase to 10 rounds for branch lengths
4946 trees examined
Threads: 1 / Time: 10.002 sec / Speedup: 1.000 / Efficiency: 100% / LogL: -14328
Threads: 2 / Time: 25.711 sec / Speedup: 0.389 / Efficiency: 19% / LogL: -14328
BEST NUMBER OF THREADS: 1

Estimate model parameters (epsilon = 0.100)
1. Initial log-likelihood: -11572.012
Optimal log-likelihood: -11541.718
Rate parameters:  A-C: 1.00000  A-G: 1.00000  A-T: 1.00000  C-G: 1.00000  C-T: 1.00000  G-T: 1.00000
Base frequencies:  A: 0.250  C: 0.250  G: 0.250  T: 0.250
Parameters optimization took 1 rounds (0.001 sec)
Wrote distance file to... 
Computing ML distances based on estimated model parameters...
Calculating distance matrix: done in 0.000433922 secs using 98.17% CPU
Computing ML distances took 0.000467 sec (of wall-clock time) 0.000450 sec (of CPU time)
Setting up auxiliary I and S matrices: done in 1.78814e-05 secs using 72.7% CPU
Computing RapidNJ tree took 0.000065 sec (of wall-clock time) 0.000066 sec (of CPU time)
Log-likelihood of RapidNJ tree: -11574.684
--------------------------------------------------------------------
|             INITIALIZING CANDIDATE TREE SET                      |
--------------------------------------------------------------------
Generating 98 parsimony trees... 0.053 second
Computing log-likelihood of 98 initial trees ... 0.044 seconds
Current best score: -11541.718

Do NNI search on 20 best initial trees
Estimate model parameters (epsilon = 0.100)
BETTER TREE FOUND at iteration 1: -11541.354
Iteration 10 / LogL: -11541.356 / Time: 0h:0m:35s
Iteration 20 / LogL: -11541.355 / Time: 0h:0m:35s
Finish initializing candidate tree set (3)
Current best tree score: -11541.354 / CPU time: 0.181
Number of iterations: 20
--------------------------------------------------------------------
|               OPTIMIZING CANDIDATE TREE SET                      |
--------------------------------------------------------------------
Iteration 30 / LogL: -11541.354 / Time: 0h:0m:35s (0h:1m:28s left)
Iteration 40 / LogL: -11541.433 / Time: 0h:0m:36s (0h:0m:56s left)
Iteration 50 / LogL: -11614.892 / Time: 0h:0m:36s (0h:0m:37s left)
Iteration 60 / LogL: -11541.386 / Time: 0h:0m:36s (0h:0m:25s left)
Iteration 70 / LogL: -11541.354 / Time: 0h:0m:36s (0h:0m:16s left)
Iteration 80 / LogL: -11541.355 / Time: 0h:0m:36s (0h:0m:9s left)
Iteration 90 / LogL: -11541.359 / Time: 0h:0m:36s (0h:0m:4s left)
Iteration 100 / LogL: -11541.355 / Time: 0h:0m:36s (0h:0m:0s left)
TREE SEARCH COMPLETED AFTER 102 ITERATIONS / Time: 0h:0m:36s

--------------------------------------------------------------------
|                    FINALIZING TREE SEARCH                        |
--------------------------------------------------------------------
Performs final model parameters optimization
Estimate model parameters (epsilon = 0.010)
1. Initial log-likelihood: -11541.354
Optimal log-likelihood: -11541.354
Rate parameters:  A-C: 1.00000  A-G: 1.00000  A-T: 1.00000  C-G: 1.00000  C-T: 1.00000  G-T: 1.00000
Base frequencies:  A: 0.250  C: 0.250  G: 0.250  T: 0.250
Parameters optimization took 1 rounds (0.001 sec)
BEST SCORE FOUND : -11541.354

Testing tree branches by aBayes parametric test...
0.002 sec.
Total tree length: 1.178

Total number of iterations: 102
CPU time used for tree search: 0.697 sec (0h:0m:0s)
Wall-clock time used for tree search: 0.702 sec (0h:0m:0s)
Total CPU time used: 29.137 sec (0h:0m:29s)
Total wall-clock time used: 36.425 sec (0h:0m:36s)

Analysis results written to: 
  IQ-TREE report:                /Users/fahim/CSE6406-project/work/paper_subset_50x10_L1600/ils_high/replicate_04/estimated_gene_trees/L1600/jc/locus_0022.iqtree
  Maximum-likelihood tree:       /Users/fahim/CSE6406-project/work/paper_subset_50x10_L1600/ils_high/replicate_04/estimated_gene_trees/L1600/jc/locus_0022.treefile
  Likelihood distances:          /Users/fahim/CSE6406-project/work/paper_subset_50x10_L1600/ils_high/replicate_04/estimated_gene_trees/L1600/jc/locus_0022.mldist
  Screen log file:               /Users/fahim/CSE6406-project/work/paper_subset_50x10_L1600/ils_high/replicate_04/estimated_gene_trees/L1600/jc/locus_0022.log

Date and Time: Sat Sep 12 08:48:43 2026
