IQ-TREE multicore version 2.4.0 for Linux x86 64-bit built Feb 12 2025
Developed by Bui Quang Minh, Nguyen Lam Tung, Olga Chernomor, Heiko Schmidt,
Dominik Schrempf, Michael Woodhams, Ly Trong Nhan, Thomas Wong

Host:    ezmata (AVX2, FMA3, 15 GB RAM)
Command: /home/mis/miniconda3/envs/cse6406/bin/iqtree2 -s /home/mis/CSE6406-project/work/paper_subset_50x10_L800/ils_high/replicate_02/alignments/L800/locus_0026.phy -m GTR+G4 --abayes -T 1 --seed 6606027 --prefix /home/mis/CSE6406-project/work/paper_subset_50x10_L800/ils_high/replicate_02/estimated_gene_trees/L800/gtr_g4/locus_0026 --redo --quiet
Seed:    6606027 (Using SPRNG - Scalable Parallel Random Number Generator)
Time:    Sat Sep 12 19:50:08 2026
Kernel:  AVX+FMA - 1 threads (16 CPU cores detected)

HINT: Use -nt option to specify number of threads because your CPU has 16 cores!
HINT: -nt AUTO will automatically determine the best number of threads to use.

Reading alignment file /home/mis/CSE6406-project/work/paper_subset_50x10_L800/ils_high/replicate_02/alignments/L800/locus_0026.phy ... Phylip format detected
Alignment most likely contains DNA/RNA sequences
Alignment has 21 sequences with 800 columns, 508 distinct patterns
438 parsimony-informative, 82 singleton sites, 280 constant sites
        Gap/Ambiguity  Composition  p-value
Analyzing sequences: done in 4.5514e-05 secs using 96.67% CPU
   1  5_0_0     0.00%    passed     23.36%
   2  1_0_0     0.00%    passed     90.77%
   3  4_0_0     0.00%    passed     99.43%
   4  2_0_0     0.00%    passed     98.18%
   5  3_0_0     0.00%    passed     71.06%
   6  6_0_0     0.00%    passed     77.16%
   7  17_0_0    0.00%    passed     72.50%
   8  12_0_0    0.00%    passed     85.29%
   9  20_0_0    0.00%    passed     49.85%
  10  15_0_0    0.00%    passed     66.11%
  11  18_0_0    0.00%    passed     65.89%
  12  14_0_0    0.00%    passed     85.11%
  13  13_0_0    0.00%    passed     75.07%
  14  7_0_0     0.00%    passed     70.33%
  15  19_0_0    0.00%    passed     36.08%
  16  8_0_0     0.00%    passed     84.91%
  17  16_0_0    0.00%    passed     88.56%
  18  10_0_0    0.00%    passed     81.00%
  19  9_0_0     0.00%    passed     30.46%
  20  11_0_0    0.00%    passed     85.24%
  21  0_0_0     0.00%    passed     42.99%
****  TOTAL     0.00%  0 sequences failed composition chi2 test (p-value<5%; df=3)

Create initial parsimony tree by phylogenetic likelihood library (PLL)... 0.003 seconds

NOTE: 1 MB RAM (0 GB) is required!
Estimate model parameters (epsilon = 0.100)
1. Initial log-likelihood: -13205.267
2. Current log-likelihood: -12720.381
3. Current log-likelihood: -12636.437
4. Current log-likelihood: -12620.203
5. Current log-likelihood: -12613.876
6. Current log-likelihood: -12610.788
7. Current log-likelihood: -12609.172
8. Current log-likelihood: -12608.225
9. Current log-likelihood: -12607.645
10. Current log-likelihood: -12607.299
11. Current log-likelihood: -12607.079
12. Current log-likelihood: -12606.964
Optimal log-likelihood: -12606.835
Rate parameters:  A-C: 1.09481  A-G: 1.81235  A-T: 0.82820  C-G: 1.17462  C-T: 1.84226  G-T: 1.00000
Base frequencies:  A: 0.299  C: 0.208  G: 0.192  T: 0.301
Gamma shape alpha: 0.194
Parameters optimization took 12 rounds (0.353 sec)
Wrote distance file to... 
Computing ML distances based on estimated model parameters...
Calculating distance matrix: done in 0.00561673 secs using 99.74% CPU
Computing ML distances took 0.005759 sec (of wall-clock time) 0.005747 sec (of CPU time)
WARNING: Some pairwise ML distances are too long (saturated)
Setting up auxiliary I and S matrices: done in 6.6538e-05 secs
Computing RapidNJ tree took 0.000251 sec (of wall-clock time) 0.000000 sec (of CPU time)
Log-likelihood of RapidNJ tree: -12658.109
--------------------------------------------------------------------
|             INITIALIZING CANDIDATE TREE SET                      |
--------------------------------------------------------------------
Generating 98 parsimony trees... 0.285 second
Computing log-likelihood of 98 initial trees ... 0.639 seconds
Current best score: -12606.835

Do NNI search on 20 best initial trees
Estimate model parameters (epsilon = 0.100)
BETTER TREE FOUND at iteration 1: -12595.686
Estimate model parameters (epsilon = 0.100)
BETTER TREE FOUND at iteration 2: -12594.465
UPDATE BEST LOG-LIKELIHOOD: -12594.463
Estimate model parameters (epsilon = 0.100)
BETTER TREE FOUND at iteration 7: -12592.075
Iteration 10 / LogL: -12595.645 / Time: 0h:0m:2s
UPDATE BEST LOG-LIKELIHOOD: -12592.073
Iteration 20 / LogL: -12594.437 / Time: 0h:0m:3s
Finish initializing candidate tree set (8)
Current best tree score: -12592.073 / CPU time: 2.638
Number of iterations: 20
--------------------------------------------------------------------
|               OPTIMIZING CANDIDATE TREE SET                      |
--------------------------------------------------------------------
UPDATE BEST LOG-LIKELIHOOD: -12592.073
Iteration 30 / LogL: -12592.073 / Time: 0h:0m:3s (0h:0m:10s left)
Iteration 40 / LogL: -12592.073 / Time: 0h:0m:4s (0h:0m:8s left)
Iteration 50 / LogL: -12592.073 / Time: 0h:0m:5s (0h:0m:6s left)
Iteration 60 / LogL: -12592.073 / Time: 0h:0m:6s (0h:0m:5s left)
UPDATE BEST LOG-LIKELIHOOD: -12592.073
Iteration 70 / LogL: -12595.137 / Time: 0h:0m:7s (0h:0m:4s left)
Iteration 80 / LogL: -12592.073 / Time: 0h:0m:8s (0h:0m:2s left)
UPDATE BEST LOG-LIKELIHOOD: -12592.073
Iteration 90 / LogL: -12592.073 / Time: 0h:0m:9s (0h:0m:1s left)
Iteration 100 / LogL: -12593.650 / Time: 0h:0m:10s (0h:0m:0s left)
TREE SEARCH COMPLETED AFTER 108 ITERATIONS / Time: 0h:0m:11s

--------------------------------------------------------------------
|                    FINALIZING TREE SEARCH                        |
--------------------------------------------------------------------
Performs final model parameters optimization
Estimate model parameters (epsilon = 0.010)
1. Initial log-likelihood: -12592.073
2. Current log-likelihood: -12592.059
3. Current log-likelihood: -12592.037
4. Current log-likelihood: -12592.026
Optimal log-likelihood: -12592.012
Rate parameters:  A-C: 1.07890  A-G: 1.86272  A-T: 0.83674  C-G: 1.13009  C-T: 1.83728  G-T: 1.00000
Base frequencies:  A: 0.299  C: 0.208  G: 0.192  T: 0.301
Gamma shape alpha: 0.188
Parameters optimization took 4 rounds (0.059 sec)
BEST SCORE FOUND : -12592.012

Testing tree branches by aBayes parametric test...
0.015 sec.
Total tree length: 29.912

Total number of iterations: 108
CPU time used for tree search: 10.136 sec (0h:0m:10s)
Wall-clock time used for tree search: 11.070 sec (0h:0m:11s)
Total CPU time used: 10.598 sec (0h:0m:10s)
Total wall-clock time used: 11.571 sec (0h:0m:11s)

Analysis results written to: 
  IQ-TREE report:                /home/mis/CSE6406-project/work/paper_subset_50x10_L800/ils_high/replicate_02/estimated_gene_trees/L800/gtr_g4/locus_0026.iqtree
  Maximum-likelihood tree:       /home/mis/CSE6406-project/work/paper_subset_50x10_L800/ils_high/replicate_02/estimated_gene_trees/L800/gtr_g4/locus_0026.treefile
  Likelihood distances:          /home/mis/CSE6406-project/work/paper_subset_50x10_L800/ils_high/replicate_02/estimated_gene_trees/L800/gtr_g4/locus_0026.mldist
  Screen log file:               /home/mis/CSE6406-project/work/paper_subset_50x10_L800/ils_high/replicate_02/estimated_gene_trees/L800/gtr_g4/locus_0026.log

Date and Time: Sat Sep 12 19:50:20 2026
