IQ-TREE multicore version 2.4.0 for Linux x86 64-bit built Feb 12 2025
Developed by Bui Quang Minh, Nguyen Lam Tung, Olga Chernomor, Heiko Schmidt,
Dominik Schrempf, Michael Woodhams, Ly Trong Nhan, Thomas Wong

Host:    ezmata (AVX2, FMA3, 15 GB RAM)
Command: /home/mis/miniconda3/envs/cse6406/bin/iqtree2 -s /home/mis/CSE6406-project/work/paper_subset_50x10_L800/ils_high/replicate_02/alignments/L800/locus_0024.phy -m GTR+G4 --abayes -T 1 --seed 6606025 --prefix /home/mis/CSE6406-project/work/paper_subset_50x10_L800/ils_high/replicate_02/estimated_gene_trees/L800/gtr_g4/locus_0024 --redo --quiet
Seed:    6606025 (Using SPRNG - Scalable Parallel Random Number Generator)
Time:    Sat Sep 12 19:50:06 2026
Kernel:  AVX+FMA - 1 threads (16 CPU cores detected)

HINT: Use -nt option to specify number of threads because your CPU has 16 cores!
HINT: -nt AUTO will automatically determine the best number of threads to use.

Reading alignment file /home/mis/CSE6406-project/work/paper_subset_50x10_L800/ils_high/replicate_02/alignments/L800/locus_0024.phy ... Phylip format detected
Alignment most likely contains DNA/RNA sequences
Alignment has 21 sequences with 800 columns, 503 distinct patterns
445 parsimony-informative, 66 singleton sites, 289 constant sites
        Gap/Ambiguity  Composition  p-value
Analyzing sequences: done in 2.5421e-05 secs using 98.34% CPU
   1  4_0_0     0.00%    passed     91.55%
   2  2_0_0     0.00%    passed     90.92%
   3  5_0_0     0.00%    passed     97.50%
   4  1_0_0     0.00%    passed     59.56%
   5  11_0_0    0.00%    passed     89.59%
   6  9_0_0     0.00%    passed     58.26%
   7  3_0_0     0.00%    passed     42.58%
   8  6_0_0     0.00%    passed     91.79%
   9  8_0_0     0.00%    passed     77.58%
  10  10_0_0    0.00%    passed     78.98%
  11  7_0_0     0.00%    passed     93.88%
  12  19_0_0    0.00%    passed     91.03%
  13  15_0_0    0.00%    passed     37.84%
  14  14_0_0    0.00%    passed     48.83%
  15  13_0_0    0.00%    passed     99.13%
  16  16_0_0    0.00%    passed     30.09%
  17  18_0_0    0.00%    passed     99.77%
  18  20_0_0    0.00%    passed     89.28%
  19  12_0_0    0.00%    passed     98.53%
  20  17_0_0    0.00%    passed     43.24%
  21  0_0_0     0.00%    passed     69.19%
****  TOTAL     0.00%  0 sequences failed composition chi2 test (p-value<5%; df=3)

Create initial parsimony tree by phylogenetic likelihood library (PLL)... 0.001 seconds

NOTE: 1 MB RAM (0 GB) is required!
Estimate model parameters (epsilon = 0.100)
1. Initial log-likelihood: -12820.636
2. Current log-likelihood: -12355.915
3. Current log-likelihood: -12280.671
4. Current log-likelihood: -12266.258
5. Current log-likelihood: -12261.535
6. Current log-likelihood: -12259.578
7. Current log-likelihood: -12258.732
8. Current log-likelihood: -12258.360
9. Current log-likelihood: -12258.167
Optimal log-likelihood: -12258.059
Rate parameters:  A-C: 0.69455  A-G: 2.04625  A-T: 0.89016  C-G: 0.91871  C-T: 1.50123  G-T: 1.00000
Base frequencies:  A: 0.291  C: 0.221  G: 0.194  T: 0.294
Gamma shape alpha: 0.215
Parameters optimization took 9 rounds (0.201 sec)
Wrote distance file to... 
Computing ML distances based on estimated model parameters...
Calculating distance matrix: done in 0.00267532 secs using 99.65% CPU
Computing ML distances took 0.002748 sec (of wall-clock time) 0.002741 sec (of CPU time)
Setting up auxiliary I and S matrices: done in 0.000108301 secs using 98.8% CPU
Computing RapidNJ tree took 0.000268 sec (of wall-clock time) 0.000268 sec (of CPU time)
Log-likelihood of RapidNJ tree: -12213.688
--------------------------------------------------------------------
|             INITIALIZING CANDIDATE TREE SET                      |
--------------------------------------------------------------------
Generating 98 parsimony trees... 0.325 second
Computing log-likelihood of 98 initial trees ... 0.650 seconds
Current best score: -12213.688

Do NNI search on 20 best initial trees
Estimate model parameters (epsilon = 0.100)
BETTER TREE FOUND at iteration 1: -12202.525
Iteration 10 / LogL: -12202.556 / Time: 0h:0m:1s
Iteration 20 / LogL: -12202.526 / Time: 0h:0m:3s
Finish initializing candidate tree set (1)
Current best tree score: -12202.525 / CPU time: 3.148
Number of iterations: 20
--------------------------------------------------------------------
|               OPTIMIZING CANDIDATE TREE SET                      |
--------------------------------------------------------------------
Iteration 30 / LogL: -12202.528 / Time: 0h:0m:4s (0h:0m:10s left)
Iteration 40 / LogL: -12202.527 / Time: 0h:0m:4s (0h:0m:7s left)
Iteration 50 / LogL: -12202.527 / Time: 0h:0m:5s (0h:0m:5s left)
Iteration 60 / LogL: -12202.596 / Time: 0h:0m:6s (0h:0m:4s left)
Iteration 70 / LogL: -12202.582 / Time: 0h:0m:6s (0h:0m:3s left)
Iteration 80 / LogL: -12202.536 / Time: 0h:0m:7s (0h:0m:2s left)
Iteration 90 / LogL: -12202.609 / Time: 0h:0m:8s (0h:0m:1s left)
Iteration 100 / LogL: -12202.602 / Time: 0h:0m:9s (0h:0m:0s left)
TREE SEARCH COMPLETED AFTER 102 ITERATIONS / Time: 0h:0m:9s

--------------------------------------------------------------------
|                    FINALIZING TREE SEARCH                        |
--------------------------------------------------------------------
Performs final model parameters optimization
Estimate model parameters (epsilon = 0.010)
1. Initial log-likelihood: -12202.525
Optimal log-likelihood: -12202.518
Rate parameters:  A-C: 0.69172  A-G: 2.02189  A-T: 0.88345  C-G: 0.90859  C-T: 1.52491  G-T: 1.00000
Base frequencies:  A: 0.291  C: 0.221  G: 0.194  T: 0.294
Gamma shape alpha: 0.214
Parameters optimization took 1 rounds (0.015 sec)
BEST SCORE FOUND : -12202.518

Testing tree branches by aBayes parametric test...
0.013 sec.
Total tree length: 20.897

Total number of iterations: 102
CPU time used for tree search: 8.250 sec (0h:0m:8s)
Wall-clock time used for tree search: 9.053 sec (0h:0m:9s)
Total CPU time used: 8.496 sec (0h:0m:8s)
Total wall-clock time used: 9.307 sec (0h:0m:9s)

Analysis results written to: 
  IQ-TREE report:                /home/mis/CSE6406-project/work/paper_subset_50x10_L800/ils_high/replicate_02/estimated_gene_trees/L800/gtr_g4/locus_0024.iqtree
  Maximum-likelihood tree:       /home/mis/CSE6406-project/work/paper_subset_50x10_L800/ils_high/replicate_02/estimated_gene_trees/L800/gtr_g4/locus_0024.treefile
  Likelihood distances:          /home/mis/CSE6406-project/work/paper_subset_50x10_L800/ils_high/replicate_02/estimated_gene_trees/L800/gtr_g4/locus_0024.mldist
  Screen log file:               /home/mis/CSE6406-project/work/paper_subset_50x10_L800/ils_high/replicate_02/estimated_gene_trees/L800/gtr_g4/locus_0024.log

Date and Time: Sat Sep 12 19:50:16 2026
