IQ-TREE multicore version 2.4.0 for Linux x86 64-bit built Feb 12 2025
Developed by Bui Quang Minh, Nguyen Lam Tung, Olga Chernomor, Heiko Schmidt,
Dominik Schrempf, Michael Woodhams, Ly Trong Nhan, Thomas Wong

Host:    ezmata (AVX2, FMA3, 15 GB RAM)
Command: /home/mis/miniconda3/envs/cse6406/bin/iqtree2 -s /home/mis/CSE6406-project/work/paper_subset_50x10_L800/ils_high/replicate_08/alignments/L800/locus_0006.phy -m HKY --abayes -T 1 --seed 7206007 --prefix /home/mis/CSE6406-project/work/paper_subset_50x10_L800/ils_high/replicate_08/estimated_gene_trees/L800/hky/locus_0006 --redo --quiet
Seed:    7206007 (Using SPRNG - Scalable Parallel Random Number Generator)
Time:    Sat Sep 12 20:04:38 2026
Kernel:  AVX+FMA - 1 threads (16 CPU cores detected)

HINT: Use -nt option to specify number of threads because your CPU has 16 cores!
HINT: -nt AUTO will automatically determine the best number of threads to use.

Reading alignment file /home/mis/CSE6406-project/work/paper_subset_50x10_L800/ils_high/replicate_08/alignments/L800/locus_0006.phy ... Phylip format detected
Alignment most likely contains DNA/RNA sequences
Alignment has 21 sequences with 800 columns, 445 distinct patterns
368 parsimony-informative, 87 singleton sites, 345 constant sites
        Gap/Ambiguity  Composition  p-value
Analyzing sequences: done in 4.569e-05 secs using 96.3% CPU
   1  4_0_0     0.00%    passed     27.61%
   2  6_0_0     0.00%    passed     92.47%
   3  14_0_0    0.00%    passed     95.69%
   4  10_0_0    0.00%    passed     98.40%
   5  8_0_0     0.00%    passed     89.74%
   6  2_0_0     0.00%    passed     83.17%
   7  17_0_0    0.00%    passed     96.08%
   8  18_0_0    0.00%    passed     92.90%
   9  19_0_0    0.00%    passed     73.68%
  10  20_0_0    0.00%    passed     88.84%
  11  15_0_0    0.00%    passed     90.72%
  12  12_0_0    0.00%    passed     61.47%
  13  16_0_0    0.00%    passed     63.80%
  14  3_0_0     0.00%    passed     77.09%
  15  7_0_0     0.00%    passed     86.77%
  16  1_0_0     0.00%    passed     69.65%
  17  9_0_0     0.00%    passed     35.67%
  18  13_0_0    0.00%    passed     91.10%
  19  5_0_0     0.00%    passed     50.18%
  20  11_0_0    0.00%    passed     71.75%
  21  0_0_0     0.00%    passed     76.22%
****  TOTAL     0.00%  0 sequences failed composition chi2 test (p-value<5%; df=3)

Create initial parsimony tree by phylogenetic likelihood library (PLL)... 0.002 seconds

NOTE: 0 MB RAM (0 GB) is required!
Estimate model parameters (epsilon = 0.100)
1. Initial log-likelihood: -11814.306
2. Current log-likelihood: -11758.665
Optimal log-likelihood: -11758.565
Rate parameters:  A-C: 1.00000  A-G: 1.35835  A-T: 1.00000  C-G: 1.00000  C-T: 1.35835  G-T: 1.00000
Base frequencies:  A: 0.312  C: 0.173  G: 0.205  T: 0.311
Parameters optimization took 2 rounds (0.009 sec)
Wrote distance file to... 
Computing ML distances based on estimated model parameters...
Calculating distance matrix: done in 0.00121796 secs using 99.84% CPU
Computing ML distances took 0.001308 sec (of wall-clock time) 0.001312 sec (of CPU time)
Setting up auxiliary I and S matrices: done in 6.1877e-05 secs using 98.58% CPU
Computing RapidNJ tree took 0.000238 sec (of wall-clock time) 0.000236 sec (of CPU time)
Log-likelihood of RapidNJ tree: -11798.178
--------------------------------------------------------------------
|             INITIALIZING CANDIDATE TREE SET                      |
--------------------------------------------------------------------
Generating 98 parsimony trees... 0.242 second
Computing log-likelihood of 98 initial trees ... 0.091 seconds
Current best score: -11758.565

Do NNI search on 20 best initial trees
Estimate model parameters (epsilon = 0.100)
BETTER TREE FOUND at iteration 1: -11758.565
Estimate model parameters (epsilon = 0.100)
BETTER TREE FOUND at iteration 2: -11749.153
Iteration 10 / LogL: -11752.552 / Time: 0h:0m:0s
Iteration 20 / LogL: -11749.216 / Time: 0h:0m:0s
Finish initializing candidate tree set (8)
Current best tree score: -11749.153 / CPU time: 0.564
Number of iterations: 20
--------------------------------------------------------------------
|               OPTIMIZING CANDIDATE TREE SET                      |
--------------------------------------------------------------------
Iteration 30 / LogL: -11752.511 / Time: 0h:0m:0s (0h:0m:1s left)
Iteration 40 / LogL: -11757.495 / Time: 0h:0m:0s (0h:0m:1s left)
Iteration 50 / LogL: -11752.508 / Time: 0h:0m:0s (0h:0m:0s left)
Iteration 60 / LogL: -11749.185 / Time: 0h:0m:1s (0h:0m:0s left)
Iteration 70 / LogL: -11749.171 / Time: 0h:0m:1s (0h:0m:0s left)
Iteration 80 / LogL: -11756.673 / Time: 0h:0m:1s (0h:0m:0s left)
Iteration 90 / LogL: -11752.582 / Time: 0h:0m:1s (0h:0m:0s left)
Iteration 100 / LogL: -11749.170 / Time: 0h:0m:1s (0h:0m:0s left)
TREE SEARCH COMPLETED AFTER 103 ITERATIONS / Time: 0h:0m:1s

--------------------------------------------------------------------
|                    FINALIZING TREE SEARCH                        |
--------------------------------------------------------------------
Performs final model parameters optimization
Estimate model parameters (epsilon = 0.010)
1. Initial log-likelihood: -11749.153
Optimal log-likelihood: -11749.153
Rate parameters:  A-C: 1.00000  A-G: 1.35139  A-T: 1.00000  C-G: 1.00000  C-T: 1.35139  G-T: 1.00000
Base frequencies:  A: 0.312  C: 0.173  G: 0.205  T: 0.311
Parameters optimization took 1 rounds (0.002 sec)
BEST SCORE FOUND : -11749.153

Testing tree branches by aBayes parametric test...
0.003 sec.
Total tree length: 3.679

Total number of iterations: 103
CPU time used for tree search: 1.497 sec (0h:0m:1s)
Wall-clock time used for tree search: 1.562 sec (0h:0m:1s)
Total CPU time used: 1.533 sec (0h:0m:1s)
Total wall-clock time used: 1.597 sec (0h:0m:1s)

Analysis results written to: 
  IQ-TREE report:                /home/mis/CSE6406-project/work/paper_subset_50x10_L800/ils_high/replicate_08/estimated_gene_trees/L800/hky/locus_0006.iqtree
  Maximum-likelihood tree:       /home/mis/CSE6406-project/work/paper_subset_50x10_L800/ils_high/replicate_08/estimated_gene_trees/L800/hky/locus_0006.treefile
  Likelihood distances:          /home/mis/CSE6406-project/work/paper_subset_50x10_L800/ils_high/replicate_08/estimated_gene_trees/L800/hky/locus_0006.mldist
  Screen log file:               /home/mis/CSE6406-project/work/paper_subset_50x10_L800/ils_high/replicate_08/estimated_gene_trees/L800/hky/locus_0006.log

Date and Time: Sat Sep 12 20:04:39 2026
