IQ-TREE multicore version 2.4.0 for MacOS ARM 64-bit built Feb 12 2025
Developed by Bui Quang Minh, Nguyen Lam Tung, Olga Chernomor, Heiko Schmidt,
Dominik Schrempf, Michael Woodhams, Ly Trong Nhan, Thomas Wong

Host:    Fahims-MacBook-Air.local (SSE4.2, 16 GB RAM)
Command: /Users/fahim/miniconda3/envs/cse6406/bin/iqtree2 -s /Users/fahim/CSE6406-project/work/paper_subset_10x2_L1600/ils_high/replicate_02/alignments/L1600/locus_0003.phy -m GTR+G4 --abayes -T AUTO --seed 6606004 --prefix /Users/fahim/CSE6406-project/work/paper_subset_10x2_L1600/ils_high/replicate_02/estimated_gene_trees/L1600/gtr_g4/locus_0003 --redo --quiet
Seed:    6606004 (Using SPRNG - Scalable Parallel Random Number Generator)
Time:    Thu Sep 10 18:07:49 2026
Kernel:  SSE2 - auto-detect threads (10 CPU cores detected)

Reading alignment file /Users/fahim/CSE6406-project/work/paper_subset_10x2_L1600/ils_high/replicate_02/alignments/L1600/locus_0003.phy ... Phylip format detected
Alignment most likely contains DNA/RNA sequences
Alignment has 21 sequences with 1600 columns, 969 distinct patterns
875 parsimony-informative, 119 singleton sites, 606 constant sites
        Gap/Ambiguity  Composition  p-value
Analyzing sequences: done in 5.6982e-05 secs using 129.9% CPU
   1  1_0_0     0.00%    passed     96.05%
   2  4_0_0     0.00%    passed     87.72%
   3  2_0_0     0.00%    passed     82.06%
   4  3_0_0     0.00%    passed     96.00%
   5  6_0_0     0.00%    passed     73.02%
   6  17_0_0    0.00%    passed     98.53%
   7  12_0_0    0.00%    passed     78.50%
   8  20_0_0    0.00%    passed     92.78%
   9  13_0_0    0.00%    passed     72.57%
  10  7_0_0     0.00%    passed     92.28%
  11  19_0_0    0.00%    passed     77.89%
  12  15_0_0    0.00%    passed     43.55%
  13  18_0_0    0.00%    passed     86.14%
  14  14_0_0    0.00%    passed     72.84%
  15  8_0_0     0.00%    passed     90.77%
  16  10_0_0    0.00%    passed     50.71%
  17  16_0_0    0.00%    passed     84.06%
  18  9_0_0     0.00%    passed     37.66%
  19  11_0_0    0.00%    passed     67.46%
  20  5_0_0     0.00%    passed     17.37%
  21  0_0_0     0.00%    passed     82.53%
****  TOTAL     0.00%  0 sequences failed composition chi2 test (p-value<5%; df=3)

Create initial parsimony tree by phylogenetic likelihood library (PLL)... 0.001 seconds

NOTE: 2 MB RAM (0 GB) is required!
Measuring multi-threading efficiency up to 10 CPU cores
Increase to 10 rounds for branch lengths
519 trees examined
Threads: 1 / Time: 10.014 sec / Speedup: 1.000 / Efficiency: 100% / LogL: -26456
Threads: 2 / Time: 11.040 sec / Speedup: 0.907 / Efficiency: 45% / LogL: -26456
BEST NUMBER OF THREADS: 1

Estimate model parameters (epsilon = 0.100)
1. Initial log-likelihood: -25579.841
2. Current log-likelihood: -24633.364
3. Current log-likelihood: -24452.014
4. Current log-likelihood: -24422.060
5. Current log-likelihood: -24412.170
6. Current log-likelihood: -24408.132
7. Current log-likelihood: -24406.383
8. Current log-likelihood: -24405.543
9. Current log-likelihood: -24405.143
10. Current log-likelihood: -24404.930
Optimal log-likelihood: -24404.796
Rate parameters:  A-C: 0.91884  A-G: 1.82341  A-T: 0.98135  C-G: 1.13917  C-T: 1.84041  G-T: 1.00000
Base frequencies:  A: 0.304  C: 0.204  G: 0.193  T: 0.300
Gamma shape alpha: 0.192
Parameters optimization took 10 rounds (0.250 sec)
Wrote distance file to... 
Computing ML distances based on estimated model parameters...
Calculating distance matrix: done in 0.00150108 secs using 99.2% CPU
Computing ML distances took 0.001577 sec (of wall-clock time) 0.001552 sec (of CPU time)
Setting up auxiliary I and S matrices: done in 2.19345e-05 secs using 72.94% CPU
Computing RapidNJ tree took 0.000082 sec (of wall-clock time) 0.000083 sec (of CPU time)
Log-likelihood of RapidNJ tree: -24372.192
--------------------------------------------------------------------
|             INITIALIZING CANDIDATE TREE SET                      |
--------------------------------------------------------------------
Generating 98 parsimony trees... 0.137 second
Computing log-likelihood of 98 initial trees ... 0.293 seconds
Current best score: -24372.192

Do NNI search on 20 best initial trees
Estimate model parameters (epsilon = 0.100)
BETTER TREE FOUND at iteration 1: -24369.786
Iteration 10 / LogL: -24369.789 / Time: 0h:0m:22s
UPDATE BEST LOG-LIKELIHOOD: -24369.785
Iteration 20 / LogL: -24370.892 / Time: 0h:0m:22s
Finish initializing candidate tree set (1)
Current best tree score: -24369.785 / CPU time: 1.470
Number of iterations: 20
--------------------------------------------------------------------
|               OPTIMIZING CANDIDATE TREE SET                      |
--------------------------------------------------------------------
UPDATE BEST LOG-LIKELIHOOD: -24369.785
UPDATE BEST LOG-LIKELIHOOD: -24369.784
Iteration 30 / LogL: -24369.784 / Time: 0h:0m:23s (0h:0m:57s left)
Iteration 40 / LogL: -24369.811 / Time: 0h:0m:23s (0h:0m:37s left)
Iteration 50 / LogL: -24369.785 / Time: 0h:0m:24s (0h:0m:25s left)
Iteration 60 / LogL: -24369.787 / Time: 0h:0m:24s (0h:0m:17s left)
Iteration 70 / LogL: -24369.785 / Time: 0h:0m:25s (0h:0m:11s left)
Iteration 80 / LogL: -24369.904 / Time: 0h:0m:25s (0h:0m:6s left)
Iteration 90 / LogL: -24379.978 / Time: 0h:0m:26s (0h:0m:3s left)
Iteration 100 / LogL: -24369.817 / Time: 0h:0m:27s (0h:0m:0s left)
TREE SEARCH COMPLETED AFTER 102 ITERATIONS / Time: 0h:0m:27s

--------------------------------------------------------------------
|                    FINALIZING TREE SEARCH                        |
--------------------------------------------------------------------
Performs final model parameters optimization
Estimate model parameters (epsilon = 0.010)
1. Initial log-likelihood: -24369.784
2. Current log-likelihood: -24369.770
3. Current log-likelihood: -24369.730
Optimal log-likelihood: -24369.721
Rate parameters:  A-C: 0.93130  A-G: 1.82518  A-T: 0.98442  C-G: 1.13288  C-T: 1.82317  G-T: 1.00000
Base frequencies:  A: 0.304  C: 0.204  G: 0.193  T: 0.300
Gamma shape alpha: 0.190
Parameters optimization took 3 rounds (0.032 sec)
BEST SCORE FOUND : -24369.721

Testing tree branches by aBayes parametric test...
0.011 sec.
Total tree length: 24.417

Total number of iterations: 102
CPU time used for tree search: 5.959 sec (0h:0m:5s)
Wall-clock time used for tree search: 5.972 sec (0h:0m:5s)
Total CPU time used: 29.708 sec (0h:0m:29s)
Total wall-clock time used: 27.339 sec (0h:0m:27s)

Analysis results written to: 
  IQ-TREE report:                /Users/fahim/CSE6406-project/work/paper_subset_10x2_L1600/ils_high/replicate_02/estimated_gene_trees/L1600/gtr_g4/locus_0003.iqtree
  Maximum-likelihood tree:       /Users/fahim/CSE6406-project/work/paper_subset_10x2_L1600/ils_high/replicate_02/estimated_gene_trees/L1600/gtr_g4/locus_0003.treefile
  Likelihood distances:          /Users/fahim/CSE6406-project/work/paper_subset_10x2_L1600/ils_high/replicate_02/estimated_gene_trees/L1600/gtr_g4/locus_0003.mldist
  Screen log file:               /Users/fahim/CSE6406-project/work/paper_subset_10x2_L1600/ils_high/replicate_02/estimated_gene_trees/L1600/gtr_g4/locus_0003.log

Date and Time: Thu Sep 10 18:08:17 2026
