IQ-TREE multicore version 2.4.0 for Linux x86 64-bit built Feb 12 2025
Developed by Bui Quang Minh, Nguyen Lam Tung, Olga Chernomor, Heiko Schmidt,
Dominik Schrempf, Michael Woodhams, Ly Trong Nhan, Thomas Wong

Host:    ezmata (AVX2, FMA3, 15 GB RAM)
Command: /home/mis/miniconda3/envs/cse6406/bin/iqtree2 -s /home/mis/CSE6406-project/work/paper_subset_50x10_L800/ils_high/replicate_10/alignments/L800/locus_0018.phy -m HKY+G4 --abayes -T 1 --seed 7406019 --prefix /home/mis/CSE6406-project/work/paper_subset_50x10_L800/ils_high/replicate_10/estimated_gene_trees/L800/hky_g4/locus_0018 --redo --quiet
Seed:    7406019 (Using SPRNG - Scalable Parallel Random Number Generator)
Time:    Sat Sep 12 20:08:13 2026
Kernel:  AVX+FMA - 1 threads (16 CPU cores detected)

HINT: Use -nt option to specify number of threads because your CPU has 16 cores!
HINT: -nt AUTO will automatically determine the best number of threads to use.

Reading alignment file /home/mis/CSE6406-project/work/paper_subset_50x10_L800/ils_high/replicate_10/alignments/L800/locus_0018.phy ... Phylip format detected
Alignment most likely contains DNA/RNA sequences
Alignment has 21 sequences with 800 columns, 275 distinct patterns
193 parsimony-informative, 93 singleton sites, 514 constant sites
        Gap/Ambiguity  Composition  p-value
Analyzing sequences: done in 2.5695e-05 secs
   1  0_0_0     0.00%    passed     97.56%
   2  13_0_0    0.00%    passed     93.52%
   3  20_0_0    0.00%    passed     90.75%
   4  19_0_0    0.00%    passed     98.46%
   5  5_0_0     0.00%    passed     99.23%
   6  6_0_0     0.00%    passed     91.92%
   7  12_0_0    0.00%    passed     93.91%
   8  4_0_0     0.00%    passed     98.54%
   9  16_0_0    0.00%    passed     85.81%
  10  15_0_0    0.00%    passed     93.76%
  11  3_0_0     0.00%    passed     96.05%
  12  10_0_0    0.00%    passed     98.32%
  13  2_0_0     0.00%    passed     98.91%
  14  7_0_0     0.00%    passed     99.79%
  15  17_0_0    0.00%    passed     99.38%
  16  9_0_0     0.00%    passed     94.09%
  17  8_0_0     0.00%    passed     95.81%
  18  11_0_0    0.00%    passed     98.69%
  19  14_0_0    0.00%    passed     98.35%
  20  18_0_0    0.00%    passed     96.43%
  21  1_0_0     0.00%    passed     94.87%
****  TOTAL     0.00%  0 sequences failed composition chi2 test (p-value<5%; df=3)

Create initial parsimony tree by phylogenetic likelihood library (PLL)... 0.001 seconds

NOTE: 0 MB RAM (0 GB) is required!
Estimate model parameters (epsilon = 0.100)
1. Initial log-likelihood: -5106.729
2. Current log-likelihood: -4931.078
3. Current log-likelihood: -4927.982
Optimal log-likelihood: -4927.961
Rate parameters:  A-C: 1.00000  A-G: 2.19778  A-T: 1.00000  C-G: 1.00000  C-T: 2.19778  G-T: 1.00000
Base frequencies:  A: 0.307  C: 0.192  G: 0.206  T: 0.295
Gamma shape alpha: 0.211
Parameters optimization took 3 rounds (0.042 sec)
Wrote distance file to... 
Computing ML distances based on estimated model parameters...
Calculating distance matrix: done in 0.00378081 secs using 97.78% CPU
Computing ML distances took 0.003850 sec (of wall-clock time) 0.003765 sec (of CPU time)
Setting up auxiliary I and S matrices: done in 6.3115e-05 secs using 98.23% CPU
Computing RapidNJ tree took 0.000236 sec (of wall-clock time) 0.000235 sec (of CPU time)
Log-likelihood of RapidNJ tree: -4934.779
--------------------------------------------------------------------
|             INITIALIZING CANDIDATE TREE SET                      |
--------------------------------------------------------------------
Generating 98 parsimony trees... 0.155 second
Computing log-likelihood of 98 initial trees ... 0.165 seconds
Current best score: -4927.961

Do NNI search on 20 best initial trees
Estimate model parameters (epsilon = 0.100)
BETTER TREE FOUND at iteration 1: -4927.861
Iteration 10 / LogL: -4928.021 / Time: 0h:0m:0s
Iteration 20 / LogL: -4928.027 / Time: 0h:0m:0s
Finish initializing candidate tree set (3)
Current best tree score: -4927.861 / CPU time: 0.696
Number of iterations: 20
--------------------------------------------------------------------
|               OPTIMIZING CANDIDATE TREE SET                      |
--------------------------------------------------------------------
Iteration 30 / LogL: -4927.905 / Time: 0h:0m:1s (0h:0m:3s left)
Iteration 40 / LogL: -4927.864 / Time: 0h:0m:1s (0h:0m:3s left)
Iteration 50 / LogL: -4934.580 / Time: 0h:0m:2s (0h:0m:2s left)
Iteration 60 / LogL: -4928.044 / Time: 0h:0m:2s (0h:0m:1s left)
Iteration 70 / LogL: -4927.893 / Time: 0h:0m:3s (0h:0m:1s left)
Iteration 80 / LogL: -4934.579 / Time: 0h:0m:3s (0h:0m:0s left)
Iteration 90 / LogL: -4934.579 / Time: 0h:0m:3s (0h:0m:0s left)
Iteration 100 / LogL: -4928.068 / Time: 0h:0m:3s (0h:0m:0s left)
TREE SEARCH COMPLETED AFTER 102 ITERATIONS / Time: 0h:0m:3s

--------------------------------------------------------------------
|                    FINALIZING TREE SEARCH                        |
--------------------------------------------------------------------
Performs final model parameters optimization
Estimate model parameters (epsilon = 0.010)
1. Initial log-likelihood: -4927.861
Optimal log-likelihood: -4927.861
Rate parameters:  A-C: 1.00000  A-G: 2.20304  A-T: 1.00000  C-G: 1.00000  C-T: 2.20304  G-T: 1.00000
Base frequencies:  A: 0.307  C: 0.192  G: 0.206  T: 0.295
Gamma shape alpha: 0.210
Parameters optimization took 1 rounds (0.003 sec)
BEST SCORE FOUND : -4927.861

Testing tree branches by aBayes parametric test...
0.005 sec.
Total tree length: 1.200

Total number of iterations: 102
CPU time used for tree search: 3.782 sec (0h:0m:3s)
Wall-clock time used for tree search: 3.864 sec (0h:0m:3s)
Total CPU time used: 3.858 sec (0h:0m:3s)
Total wall-clock time used: 3.943 sec (0h:0m:3s)

Analysis results written to: 
  IQ-TREE report:                /home/mis/CSE6406-project/work/paper_subset_50x10_L800/ils_high/replicate_10/estimated_gene_trees/L800/hky_g4/locus_0018.iqtree
  Maximum-likelihood tree:       /home/mis/CSE6406-project/work/paper_subset_50x10_L800/ils_high/replicate_10/estimated_gene_trees/L800/hky_g4/locus_0018.treefile
  Likelihood distances:          /home/mis/CSE6406-project/work/paper_subset_50x10_L800/ils_high/replicate_10/estimated_gene_trees/L800/hky_g4/locus_0018.mldist
  Screen log file:               /home/mis/CSE6406-project/work/paper_subset_50x10_L800/ils_high/replicate_10/estimated_gene_trees/L800/hky_g4/locus_0018.log

Date and Time: Sat Sep 12 20:08:17 2026
