IQ-TREE multicore version 2.4.0 for Linux x86 64-bit built Feb 12 2025
Developed by Bui Quang Minh, Nguyen Lam Tung, Olga Chernomor, Heiko Schmidt,
Dominik Schrempf, Michael Woodhams, Ly Trong Nhan, Thomas Wong

Host:    ezmata (AVX2, FMA3, 15 GB RAM)
Command: /home/mis/miniconda3/envs/cse6406/bin/iqtree2 -s /home/mis/CSE6406-project/work/paper_subset_50x10_L800/ils_high/replicate_04/alignments/L800/locus_0017.phy -m GTR+G4 --abayes -T 1 --seed 6806018 --prefix /home/mis/CSE6406-project/work/paper_subset_50x10_L800/ils_high/replicate_04/estimated_gene_trees/L800/gtr_g4/locus_0017 --redo --quiet
Seed:    6806018 (Using SPRNG - Scalable Parallel Random Number Generator)
Time:    Sat Sep 12 19:56:29 2026
Kernel:  AVX+FMA - 1 threads (16 CPU cores detected)

HINT: Use -nt option to specify number of threads because your CPU has 16 cores!
HINT: -nt AUTO will automatically determine the best number of threads to use.

Reading alignment file /home/mis/CSE6406-project/work/paper_subset_50x10_L800/ils_high/replicate_04/alignments/L800/locus_0017.phy ... Phylip format detected
Alignment most likely contains DNA/RNA sequences
Alignment has 21 sequences with 800 columns, 277 distinct patterns
189 parsimony-informative, 104 singleton sites, 507 constant sites
        Gap/Ambiguity  Composition  p-value
Analyzing sequences: done in 3.2497e-05 secs using 95.39% CPU
   1  0_0_0     0.00%    passed     67.89%
   2  10_0_0    0.00%    passed     89.11%
   3  2_0_0     0.00%    passed     97.99%
   4  15_0_0    0.00%    passed     98.34%
   5  19_0_0    0.00%    passed     78.61%
   6  17_0_0    0.00%    passed     96.81%
   7  7_0_0     0.00%    passed     99.68%
   8  5_0_0     0.00%    passed     89.81%
   9  14_0_0    0.00%    passed     98.24%
  10  6_0_0     0.00%    passed     98.84%
  11  13_0_0    0.00%    passed     96.49%
  12  12_0_0    0.00%    passed     81.62%
  13  8_0_0     0.00%    passed     99.16%
  14  20_0_0    0.00%    passed     97.48%
  15  1_0_0     0.00%    passed     96.50%
  16  4_0_0     0.00%    passed     99.72%
  17  16_0_0    0.00%    passed     87.79%
  18  11_0_0    0.00%    passed     94.58%
  19  3_0_0     0.00%    passed     89.53%
  20  9_0_0     0.00%    passed     99.37%
  21  18_0_0    0.00%    passed     99.69%
****  TOTAL     0.00%  0 sequences failed composition chi2 test (p-value<5%; df=3)

Create initial parsimony tree by phylogenetic likelihood library (PLL)... 0.002 seconds

NOTE: 0 MB RAM (0 GB) is required!
Estimate model parameters (epsilon = 0.100)
1. Initial log-likelihood: -5179.316
2. Current log-likelihood: -5006.017
3. Current log-likelihood: -5003.891
Optimal log-likelihood: -5003.874
Rate parameters:  A-C: 0.83577  A-G: 1.54661  A-T: 0.83015  C-G: 0.88651  C-T: 2.08629  G-T: 1.00000
Base frequencies:  A: 0.335  C: 0.192  G: 0.201  T: 0.272
Gamma shape alpha: 0.229
Parameters optimization took 3 rounds (0.081 sec)
Wrote distance file to... 
Computing ML distances based on estimated model parameters...
Calculating distance matrix: done in 0.00381057 secs using 98.1% CPU
Computing ML distances took 0.003895 sec (of wall-clock time) 0.003824 sec (of CPU time)
Setting up auxiliary I and S matrices: done in 7.0218e-05 secs using 99.69% CPU
Computing RapidNJ tree took 0.000279 sec (of wall-clock time) 0.000278 sec (of CPU time)
Log-likelihood of RapidNJ tree: -5015.224
--------------------------------------------------------------------
|             INITIALIZING CANDIDATE TREE SET                      |
--------------------------------------------------------------------
Generating 98 parsimony trees... 0.202 second
Computing log-likelihood of 98 initial trees ... 0.354 seconds
Current best score: -5000.760

Do NNI search on 20 best initial trees
Estimate model parameters (epsilon = 0.100)
BETTER TREE FOUND at iteration 1: -4996.478
UPDATE BEST LOG-LIKELIHOOD: -4996.478
UPDATE BEST LOG-LIKELIHOOD: -4996.478
UPDATE BEST LOG-LIKELIHOOD: -4996.478
Estimate model parameters (epsilon = 0.100)
BETTER TREE FOUND at iteration 7: -4995.982
Iteration 10 / LogL: -4996.487 / Time: 0h:0m:1s
UPDATE BEST LOG-LIKELIHOOD: -4995.982
Iteration 20 / LogL: -4997.892 / Time: 0h:0m:1s
Finish initializing candidate tree set (4)
Current best tree score: -4995.982 / CPU time: 1.678
Number of iterations: 20
--------------------------------------------------------------------
|               OPTIMIZING CANDIDATE TREE SET                      |
--------------------------------------------------------------------
Iteration 30 / LogL: -4995.982 / Time: 0h:0m:2s (0h:0m:5s left)
UPDATE BEST LOG-LIKELIHOOD: -4995.982
Iteration 40 / LogL: -4996.487 / Time: 0h:0m:2s (0h:0m:4s left)
UPDATE BEST LOG-LIKELIHOOD: -4995.982
Iteration 50 / LogL: -4995.984 / Time: 0h:0m:3s (0h:0m:3s left)
Iteration 60 / LogL: -4995.983 / Time: 0h:0m:3s (0h:0m:3s left)
Iteration 70 / LogL: -4995.987 / Time: 0h:0m:4s (0h:0m:2s left)
Iteration 80 / LogL: -4995.983 / Time: 0h:0m:4s (0h:0m:1s left)
Iteration 90 / LogL: -5000.812 / Time: 0h:0m:5s (0h:0m:1s left)
Iteration 100 / LogL: -4997.888 / Time: 0h:0m:6s (0h:0m:0s left)
TREE SEARCH COMPLETED AFTER 108 ITERATIONS / Time: 0h:0m:6s

--------------------------------------------------------------------
|                    FINALIZING TREE SEARCH                        |
--------------------------------------------------------------------
Performs final model parameters optimization
Estimate model parameters (epsilon = 0.010)
1. Initial log-likelihood: -4995.982
Optimal log-likelihood: -4995.981
Rate parameters:  A-C: 0.82326  A-G: 1.55341  A-T: 0.82975  C-G: 0.87063  C-T: 2.08877  G-T: 1.00000
Base frequencies:  A: 0.335  C: 0.192  G: 0.201  T: 0.272
Gamma shape alpha: 0.229
Parameters optimization took 1 rounds (0.011 sec)
BEST SCORE FOUND : -4995.981

Testing tree branches by aBayes parametric test...
0.014 sec.
Total tree length: 1.235

Total number of iterations: 108
CPU time used for tree search: 6.432 sec (0h:0m:6s)
Wall-clock time used for tree search: 6.574 sec (0h:0m:6s)
Total CPU time used: 6.563 sec (0h:0m:6s)
Total wall-clock time used: 6.709 sec (0h:0m:6s)

Analysis results written to: 
  IQ-TREE report:                /home/mis/CSE6406-project/work/paper_subset_50x10_L800/ils_high/replicate_04/estimated_gene_trees/L800/gtr_g4/locus_0017.iqtree
  Maximum-likelihood tree:       /home/mis/CSE6406-project/work/paper_subset_50x10_L800/ils_high/replicate_04/estimated_gene_trees/L800/gtr_g4/locus_0017.treefile
  Likelihood distances:          /home/mis/CSE6406-project/work/paper_subset_50x10_L800/ils_high/replicate_04/estimated_gene_trees/L800/gtr_g4/locus_0017.mldist
  Screen log file:               /home/mis/CSE6406-project/work/paper_subset_50x10_L800/ils_high/replicate_04/estimated_gene_trees/L800/gtr_g4/locus_0017.log

Date and Time: Sat Sep 12 19:56:36 2026
