IQ-TREE multicore version 2.4.0 for Linux x86 64-bit built Feb 12 2025
Developed by Bui Quang Minh, Nguyen Lam Tung, Olga Chernomor, Heiko Schmidt,
Dominik Schrempf, Michael Woodhams, Ly Trong Nhan, Thomas Wong

Host:    ezmata (AVX2, FMA3, 15 GB RAM)
Command: /home/mis/miniconda3/envs/cse6406/bin/iqtree2 -s /home/mis/CSE6406-project/work/paper_subset_50x10_L800/ils_high/replicate_04/alignments/L800/locus_0015.phy -m GTR+G4 --abayes -T 1 --seed 6806016 --prefix /home/mis/CSE6406-project/work/paper_subset_50x10_L800/ils_high/replicate_04/estimated_gene_trees/L800/gtr_g4/locus_0015 --redo --quiet
Seed:    6806016 (Using SPRNG - Scalable Parallel Random Number Generator)
Time:    Sat Sep 12 19:56:28 2026
Kernel:  AVX+FMA - 1 threads (16 CPU cores detected)

HINT: Use -nt option to specify number of threads because your CPU has 16 cores!
HINT: -nt AUTO will automatically determine the best number of threads to use.

Reading alignment file /home/mis/CSE6406-project/work/paper_subset_50x10_L800/ils_high/replicate_04/alignments/L800/locus_0015.phy ... Phylip format detected
Alignment most likely contains DNA/RNA sequences
Alignment has 21 sequences with 800 columns, 264 distinct patterns
183 parsimony-informative, 88 singleton sites, 529 constant sites
        Gap/Ambiguity  Composition  p-value
Analyzing sequences: done in 1.3097e-05 secs using 99.26% CPU
   1  18_0_0    0.00%    passed     96.15%
   2  17_0_0    0.00%    passed     98.78%
   3  9_0_0     0.00%    passed     99.75%
   4  6_0_0     0.00%    passed     85.61%
   5  13_0_0    0.00%    passed     90.66%
   6  12_0_0    0.00%    passed     96.97%
   7  8_0_0     0.00%    passed     98.39%
   8  14_0_0    0.00%    passed     99.37%
   9  5_0_0     0.00%    passed     99.69%
  10  7_0_0     0.00%    passed     96.34%
  11  1_0_0     0.00%    passed     89.91%
  12  4_0_0     0.00%    passed     99.87%
  13  16_0_0    0.00%    passed     89.30%
  14  11_0_0    0.00%    passed     97.37%
  15  10_0_0    0.00%    passed     99.51%
  16  3_0_0     0.00%    passed     98.59%
  17  15_0_0    0.00%    passed     95.39%
  18  2_0_0     0.00%    passed     81.24%
  19  20_0_0    0.00%    passed     88.07%
  20  19_0_0    0.00%    passed     79.18%
  21  0_0_0     0.00%    passed     72.04%
****  TOTAL     0.00%  0 sequences failed composition chi2 test (p-value<5%; df=3)

Create initial parsimony tree by phylogenetic likelihood library (PLL)... 0.001 seconds

NOTE: 0 MB RAM (0 GB) is required!
Estimate model parameters (epsilon = 0.100)
1. Initial log-likelihood: -5072.297
2. Current log-likelihood: -4872.127
3. Current log-likelihood: -4868.414
Optimal log-likelihood: -4868.389
Rate parameters:  A-C: 0.83926  A-G: 1.77821  A-T: 0.86277  C-G: 0.81816  C-T: 1.42011  G-T: 1.00000
Base frequencies:  A: 0.305  C: 0.201  G: 0.184  T: 0.310
Gamma shape alpha: 0.187
Parameters optimization took 3 rounds (0.035 sec)
Wrote distance file to... 
Computing ML distances based on estimated model parameters...
Calculating distance matrix: done in 0.00247686 secs using 97.91% CPU
Computing ML distances took 0.002516 sec (of wall-clock time) 0.002463 sec (of CPU time)
Setting up auxiliary I and S matrices: done in 6.5117e-05 secs using 98.28% CPU
Computing RapidNJ tree took 0.000263 sec (of wall-clock time) 0.000531 sec (of CPU time)
Log-likelihood of RapidNJ tree: -4882.949
--------------------------------------------------------------------
|             INITIALIZING CANDIDATE TREE SET                      |
--------------------------------------------------------------------
Generating 98 parsimony trees... 0.104 second
Computing log-likelihood of 98 initial trees ... 0.140 seconds
Current best score: -4861.253

Do NNI search on 20 best initial trees
Estimate model parameters (epsilon = 0.100)
BETTER TREE FOUND at iteration 1: -4859.953
UPDATE BEST LOG-LIKELIHOOD: -4859.952
Iteration 10 / LogL: -4861.582 / Time: 0h:0m:0s
UPDATE BEST LOG-LIKELIHOOD: -4859.952
Iteration 20 / LogL: -4863.618 / Time: 0h:0m:0s
Finish initializing candidate tree set (6)
Current best tree score: -4859.952 / CPU time: 0.570
Number of iterations: 20
--------------------------------------------------------------------
|               OPTIMIZING CANDIDATE TREE SET                      |
--------------------------------------------------------------------
Iteration 30 / LogL: -4859.952 / Time: 0h:0m:0s (0h:0m:2s left)
Iteration 40 / LogL: -4860.145 / Time: 0h:0m:1s (0h:0m:1s left)
Iteration 50 / LogL: -4860.145 / Time: 0h:0m:1s (0h:0m:1s left)
Iteration 60 / LogL: -4861.475 / Time: 0h:0m:1s (0h:0m:1s left)
UPDATE BEST LOG-LIKELIHOOD: -4859.952
Iteration 70 / LogL: -4869.771 / Time: 0h:0m:1s (0h:0m:0s left)
Iteration 80 / LogL: -4859.952 / Time: 0h:0m:2s (0h:0m:0s left)
Iteration 90 / LogL: -4859.952 / Time: 0h:0m:2s (0h:0m:0s left)
Iteration 100 / LogL: -4860.145 / Time: 0h:0m:3s (0h:0m:0s left)
TREE SEARCH COMPLETED AFTER 102 ITERATIONS / Time: 0h:0m:3s

--------------------------------------------------------------------
|                    FINALIZING TREE SEARCH                        |
--------------------------------------------------------------------
Performs final model parameters optimization
Estimate model parameters (epsilon = 0.010)
1. Initial log-likelihood: -4859.952
Optimal log-likelihood: -4859.951
Rate parameters:  A-C: 0.85030  A-G: 1.76618  A-T: 0.87368  C-G: 0.83851  C-T: 1.42752  G-T: 1.00000
Base frequencies:  A: 0.305  C: 0.201  G: 0.184  T: 0.310
Gamma shape alpha: 0.188
Parameters optimization took 1 rounds (0.005 sec)
BEST SCORE FOUND : -4859.951

Testing tree branches by aBayes parametric test...
0.006 sec.
Total tree length: 1.279

Total number of iterations: 102
CPU time used for tree search: 3.469 sec (0h:0m:3s)
Wall-clock time used for tree search: 3.550 sec (0h:0m:3s)
Total CPU time used: 3.531 sec (0h:0m:3s)
Total wall-clock time used: 3.613 sec (0h:0m:3s)

Analysis results written to: 
  IQ-TREE report:                /home/mis/CSE6406-project/work/paper_subset_50x10_L800/ils_high/replicate_04/estimated_gene_trees/L800/gtr_g4/locus_0015.iqtree
  Maximum-likelihood tree:       /home/mis/CSE6406-project/work/paper_subset_50x10_L800/ils_high/replicate_04/estimated_gene_trees/L800/gtr_g4/locus_0015.treefile
  Likelihood distances:          /home/mis/CSE6406-project/work/paper_subset_50x10_L800/ils_high/replicate_04/estimated_gene_trees/L800/gtr_g4/locus_0015.mldist
  Screen log file:               /home/mis/CSE6406-project/work/paper_subset_50x10_L800/ils_high/replicate_04/estimated_gene_trees/L800/gtr_g4/locus_0015.log

Date and Time: Sat Sep 12 19:56:32 2026
