IQ-TREE multicore version 2.4.0 for Linux x86 64-bit built Feb 12 2025
Developed by Bui Quang Minh, Nguyen Lam Tung, Olga Chernomor, Heiko Schmidt,
Dominik Schrempf, Michael Woodhams, Ly Trong Nhan, Thomas Wong

Host:    ezmata (AVX2, FMA3, 15 GB RAM)
Command: /home/mis/miniconda3/envs/cse6406/bin/iqtree2 -s /home/mis/CSE6406-project/work/paper_subset_50x10_L800/ils_high/replicate_04/alignments/L800/locus_0018.phy -m GTR+G4 --abayes -T 1 --seed 6806019 --prefix /home/mis/CSE6406-project/work/paper_subset_50x10_L800/ils_high/replicate_04/estimated_gene_trees/L800/gtr_g4/locus_0018 --redo --quiet
Seed:    6806019 (Using SPRNG - Scalable Parallel Random Number Generator)
Time:    Sat Sep 12 19:56:29 2026
Kernel:  AVX+FMA - 1 threads (16 CPU cores detected)

HINT: Use -nt option to specify number of threads because your CPU has 16 cores!
HINT: -nt AUTO will automatically determine the best number of threads to use.

Reading alignment file /home/mis/CSE6406-project/work/paper_subset_50x10_L800/ils_high/replicate_04/alignments/L800/locus_0018.phy ... Phylip format detected
Alignment most likely contains DNA/RNA sequences
Alignment has 21 sequences with 800 columns, 290 distinct patterns
199 parsimony-informative, 105 singleton sites, 496 constant sites
        Gap/Ambiguity  Composition  p-value
Analyzing sequences: done in 1.5629e-05 secs using 95.98% CPU
   1  0_0_0     0.00%    passed     59.26%
   2  20_0_0    0.00%    passed     77.88%
   3  3_0_0     0.00%    passed     93.94%
   4  12_0_0    0.00%    passed     95.48%
   5  6_0_0     0.00%    passed     98.82%
   6  13_0_0    0.00%    passed     96.47%
   7  8_0_0     0.00%    passed     81.46%
   8  9_0_0     0.00%    passed     87.84%
   9  14_0_0    0.00%    passed     94.79%
  10  17_0_0    0.00%    passed     76.08%
  11  19_0_0    0.00%    passed     83.27%
  12  10_0_0    0.00%    passed     91.58%
  13  2_0_0     0.00%    passed     98.04%
  14  15_0_0    0.00%    passed     91.63%
  15  1_0_0     0.00%    passed     92.60%
  16  11_0_0    0.00%    passed     95.48%
  17  16_0_0    0.00%    passed     97.22%
  18  4_0_0     0.00%    passed     73.89%
  19  18_0_0    0.00%    passed     98.89%
  20  7_0_0     0.00%    passed     95.05%
  21  5_0_0     0.00%    passed     95.26%
****  TOTAL     0.00%  0 sequences failed composition chi2 test (p-value<5%; df=3)

Create initial parsimony tree by phylogenetic likelihood library (PLL)... 0.001 seconds

NOTE: 0 MB RAM (0 GB) is required!
Estimate model parameters (epsilon = 0.100)
1. Initial log-likelihood: -5199.924
2. Current log-likelihood: -5036.836
3. Current log-likelihood: -5034.591
Optimal log-likelihood: -5034.576
Rate parameters:  A-C: 0.86640  A-G: 1.92036  A-T: 0.72659  C-G: 1.03373  C-T: 1.82271  G-T: 1.00000
Base frequencies:  A: 0.317  C: 0.182  G: 0.181  T: 0.320
Gamma shape alpha: 0.240
Parameters optimization took 3 rounds (0.038 sec)
Wrote distance file to... 
Computing ML distances based on estimated model parameters...
Calculating distance matrix: done in 0.00219536 secs using 99.8% CPU
Computing ML distances took 0.002253 sec (of wall-clock time) 0.002252 sec (of CPU time)
Setting up auxiliary I and S matrices: done in 6.2771e-05 secs using 98.77% CPU
Computing RapidNJ tree took 0.000247 sec (of wall-clock time) 0.000246 sec (of CPU time)
Log-likelihood of RapidNJ tree: -5057.545
--------------------------------------------------------------------
|             INITIALIZING CANDIDATE TREE SET                      |
--------------------------------------------------------------------
Generating 98 parsimony trees... 0.115 second
Computing log-likelihood of 98 initial trees ... 0.169 seconds
Current best score: -5032.896

Do NNI search on 20 best initial trees
Estimate model parameters (epsilon = 0.100)
BETTER TREE FOUND at iteration 1: -5032.766
UPDATE BEST LOG-LIKELIHOOD: -5032.766
UPDATE BEST LOG-LIKELIHOOD: -5032.766
Iteration 10 / LogL: -5032.766 / Time: 0h:0m:0s
Iteration 20 / LogL: -5032.770 / Time: 0h:0m:0s
Finish initializing candidate tree set (4)
Current best tree score: -5032.766 / CPU time: 0.644
Number of iterations: 20
--------------------------------------------------------------------
|               OPTIMIZING CANDIDATE TREE SET                      |
--------------------------------------------------------------------
Iteration 30 / LogL: -5032.770 / Time: 0h:0m:0s (0h:0m:2s left)
Iteration 40 / LogL: -5032.771 / Time: 0h:0m:1s (0h:0m:1s left)
Iteration 50 / LogL: -5032.771 / Time: 0h:0m:1s (0h:0m:1s left)
Iteration 60 / LogL: -5032.786 / Time: 0h:0m:1s (0h:0m:1s left)
Iteration 70 / LogL: -5032.771 / Time: 0h:0m:1s (0h:0m:0s left)
Iteration 80 / LogL: -5032.845 / Time: 0h:0m:2s (0h:0m:0s left)
Iteration 90 / LogL: -5032.766 / Time: 0h:0m:2s (0h:0m:0s left)
Iteration 100 / LogL: -5032.766 / Time: 0h:0m:2s (0h:0m:0s left)
TREE SEARCH COMPLETED AFTER 102 ITERATIONS / Time: 0h:0m:2s

--------------------------------------------------------------------
|                    FINALIZING TREE SEARCH                        |
--------------------------------------------------------------------
Performs final model parameters optimization
Estimate model parameters (epsilon = 0.010)
1. Initial log-likelihood: -5032.766
Optimal log-likelihood: -5032.765
Rate parameters:  A-C: 0.87009  A-G: 1.93677  A-T: 0.72489  C-G: 1.02905  C-T: 1.81429  G-T: 1.00000
Base frequencies:  A: 0.317  C: 0.182  G: 0.181  T: 0.320
Gamma shape alpha: 0.240
Parameters optimization took 1 rounds (0.005 sec)
BEST SCORE FOUND : -5032.765

Testing tree branches by aBayes parametric test...
0.005 sec.
Total tree length: 1.190

Total number of iterations: 102
CPU time used for tree search: 2.635 sec (0h:0m:2s)
Wall-clock time used for tree search: 2.708 sec (0h:0m:2s)
Total CPU time used: 2.698 sec (0h:0m:2s)
Total wall-clock time used: 2.775 sec (0h:0m:2s)

Analysis results written to: 
  IQ-TREE report:                /home/mis/CSE6406-project/work/paper_subset_50x10_L800/ils_high/replicate_04/estimated_gene_trees/L800/gtr_g4/locus_0018.iqtree
  Maximum-likelihood tree:       /home/mis/CSE6406-project/work/paper_subset_50x10_L800/ils_high/replicate_04/estimated_gene_trees/L800/gtr_g4/locus_0018.treefile
  Likelihood distances:          /home/mis/CSE6406-project/work/paper_subset_50x10_L800/ils_high/replicate_04/estimated_gene_trees/L800/gtr_g4/locus_0018.mldist
  Screen log file:               /home/mis/CSE6406-project/work/paper_subset_50x10_L800/ils_high/replicate_04/estimated_gene_trees/L800/gtr_g4/locus_0018.log

Date and Time: Sat Sep 12 19:56:32 2026
