IQ-TREE multicore version 2.4.0 for Linux x86 64-bit built Feb 12 2025
Developed by Bui Quang Minh, Nguyen Lam Tung, Olga Chernomor, Heiko Schmidt,
Dominik Schrempf, Michael Woodhams, Ly Trong Nhan, Thomas Wong

Host:    ezmata (AVX2, FMA3, 15 GB RAM)
Command: /home/mis/miniconda3/envs/cse6406/bin/iqtree2 -s /home/mis/CSE6406-project/work/paper_subset_50x10_L800/ils_high/replicate_04/alignments/L800/locus_0022.phy -m GTR+G4 --abayes -T 1 --seed 6806023 --prefix /home/mis/CSE6406-project/work/paper_subset_50x10_L800/ils_high/replicate_04/estimated_gene_trees/L800/gtr_g4/locus_0022 --redo --quiet
Seed:    6806023 (Using SPRNG - Scalable Parallel Random Number Generator)
Time:    Sat Sep 12 19:56:31 2026
Kernel:  AVX+FMA - 1 threads (16 CPU cores detected)

HINT: Use -nt option to specify number of threads because your CPU has 16 cores!
HINT: -nt AUTO will automatically determine the best number of threads to use.

Reading alignment file /home/mis/CSE6406-project/work/paper_subset_50x10_L800/ils_high/replicate_04/alignments/L800/locus_0022.phy ... Phylip format detected
Alignment most likely contains DNA/RNA sequences
Alignment has 21 sequences with 800 columns, 290 distinct patterns
212 parsimony-informative, 86 singleton sites, 501 constant sites
        Gap/Ambiguity  Composition  p-value
Analyzing sequences: done in 1.4761e-05 secs using 94.84% CPU
   1  17_0_0    0.00%    passed     98.90%
   2  20_0_0    0.00%    passed     95.71%
   3  7_0_0     0.00%    passed     98.34%
   4  9_0_0     0.00%    passed     91.38%
   5  3_0_0     0.00%    passed     98.69%
   6  8_0_0     0.00%    passed     89.17%
   7  12_0_0    0.00%    passed     99.06%
   8  6_0_0     0.00%    passed     98.70%
   9  13_0_0    0.00%    passed     94.95%
  10  5_0_0     0.00%    passed     95.34%
  11  14_0_0    0.00%    passed     94.65%
  12  10_0_0    0.00%    passed     95.37%
  13  11_0_0    0.00%    passed     96.73%
  14  4_0_0     0.00%    passed     95.28%
  15  1_0_0     0.00%    passed     80.27%
  16  16_0_0    0.00%    passed     97.27%
  17  18_0_0    0.00%    passed     98.49%
  18  2_0_0     0.00%    passed     91.68%
  19  15_0_0    0.00%    passed     88.09%
  20  19_0_0    0.00%    passed     86.26%
  21  0_0_0     0.00%    passed     23.68%
****  TOTAL     0.00%  0 sequences failed composition chi2 test (p-value<5%; df=3)

Create initial parsimony tree by phylogenetic likelihood library (PLL)... 0.001 seconds

NOTE: 0 MB RAM (0 GB) is required!
Estimate model parameters (epsilon = 0.100)
1. Initial log-likelihood: -5581.261
2. Current log-likelihood: -5373.561
3. Current log-likelihood: -5368.261
Optimal log-likelihood: -5368.215
Rate parameters:  A-C: 0.74451  A-G: 1.78123  A-T: 0.91908  C-G: 0.77956  C-T: 1.42679  G-T: 1.00000
Base frequencies:  A: 0.330  C: 0.198  G: 0.192  T: 0.281
Gamma shape alpha: 0.202
Parameters optimization took 3 rounds (0.035 sec)
Wrote distance file to... 
Computing ML distances based on estimated model parameters...
Calculating distance matrix: done in 0.00219767 secs using 99.33% CPU
Computing ML distances took 0.002243 sec (of wall-clock time) 0.002227 sec (of CPU time)
Setting up auxiliary I and S matrices: done in 7.4887e-05 secs using 98.82% CPU
Computing RapidNJ tree took 0.000278 sec (of wall-clock time) 0.000530 sec (of CPU time)
Log-likelihood of RapidNJ tree: -5367.615
--------------------------------------------------------------------
|             INITIALIZING CANDIDATE TREE SET                      |
--------------------------------------------------------------------
Generating 98 parsimony trees... 0.115 second
Computing log-likelihood of 98 initial trees ... 0.165 seconds
Current best score: -5367.615

Do NNI search on 20 best initial trees
Estimate model parameters (epsilon = 0.100)
BETTER TREE FOUND at iteration 1: -5363.978
Iteration 10 / LogL: -5364.004 / Time: 0h:0m:0s
Iteration 20 / LogL: -5364.076 / Time: 0h:0m:0s
Finish initializing candidate tree set (3)
Current best tree score: -5363.978 / CPU time: 0.663
Number of iterations: 20
--------------------------------------------------------------------
|               OPTIMIZING CANDIDATE TREE SET                      |
--------------------------------------------------------------------
Iteration 30 / LogL: -5365.740 / Time: 0h:0m:0s (0h:0m:2s left)
Iteration 40 / LogL: -5363.979 / Time: 0h:0m:1s (0h:0m:1s left)
Iteration 50 / LogL: -5363.979 / Time: 0h:0m:1s (0h:0m:1s left)
Iteration 60 / LogL: -5363.999 / Time: 0h:0m:1s (0h:0m:1s left)
Iteration 70 / LogL: -5364.641 / Time: 0h:0m:1s (0h:0m:0s left)
Iteration 80 / LogL: -5363.978 / Time: 0h:0m:2s (0h:0m:0s left)
Iteration 90 / LogL: -5364.059 / Time: 0h:0m:2s (0h:0m:0s left)
Iteration 100 / LogL: -5365.431 / Time: 0h:0m:2s (0h:0m:0s left)
TREE SEARCH COMPLETED AFTER 102 ITERATIONS / Time: 0h:0m:2s

--------------------------------------------------------------------
|                    FINALIZING TREE SEARCH                        |
--------------------------------------------------------------------
Performs final model parameters optimization
Estimate model parameters (epsilon = 0.010)
1. Initial log-likelihood: -5363.978
Optimal log-likelihood: -5363.976
Rate parameters:  A-C: 0.73363  A-G: 1.78281  A-T: 0.90749  C-G: 0.75890  C-T: 1.41879  G-T: 1.00000
Base frequencies:  A: 0.330  C: 0.198  G: 0.192  T: 0.281
Gamma shape alpha: 0.202
Parameters optimization took 1 rounds (0.005 sec)
BEST SCORE FOUND : -5363.976

Testing tree branches by aBayes parametric test...
0.006 sec.
Total tree length: 1.443

Total number of iterations: 102
CPU time used for tree search: 2.570 sec (0h:0m:2s)
Wall-clock time used for tree search: 2.612 sec (0h:0m:2s)
Total CPU time used: 2.632 sec (0h:0m:2s)
Total wall-clock time used: 2.676 sec (0h:0m:2s)

Analysis results written to: 
  IQ-TREE report:                /home/mis/CSE6406-project/work/paper_subset_50x10_L800/ils_high/replicate_04/estimated_gene_trees/L800/gtr_g4/locus_0022.iqtree
  Maximum-likelihood tree:       /home/mis/CSE6406-project/work/paper_subset_50x10_L800/ils_high/replicate_04/estimated_gene_trees/L800/gtr_g4/locus_0022.treefile
  Likelihood distances:          /home/mis/CSE6406-project/work/paper_subset_50x10_L800/ils_high/replicate_04/estimated_gene_trees/L800/gtr_g4/locus_0022.mldist
  Screen log file:               /home/mis/CSE6406-project/work/paper_subset_50x10_L800/ils_high/replicate_04/estimated_gene_trees/L800/gtr_g4/locus_0022.log

Date and Time: Sat Sep 12 19:56:34 2026
