IQ-TREE multicore version 2.4.0 for Linux x86 64-bit built Feb 12 2025
Developed by Bui Quang Minh, Nguyen Lam Tung, Olga Chernomor, Heiko Schmidt,
Dominik Schrempf, Michael Woodhams, Ly Trong Nhan, Thomas Wong

Host:    ezmata (AVX2, FMA3, 15 GB RAM)
Command: /home/mis/miniconda3/envs/cse6406/bin/iqtree2 -s /home/mis/CSE6406-project/work/paper_subset_50x10_L1600/ils_high/replicate_09/alignments/L1600/locus_0012.phy -m GTR --abayes -T 1 --seed 7306013 --prefix /home/mis/CSE6406-project/work/paper_subset_50x10_L1600/ils_high/replicate_09/estimated_gene_trees/L1600/gtr/locus_0012 --redo --quiet
Seed:    7306013 (Using SPRNG - Scalable Parallel Random Number Generator)
Time:    Sat Sep 12 22:04:02 2026
Kernel:  AVX+FMA - 1 threads (16 CPU cores detected)

HINT: Use -nt option to specify number of threads because your CPU has 16 cores!
HINT: -nt AUTO will automatically determine the best number of threads to use.

Reading alignment file /home/mis/CSE6406-project/work/paper_subset_50x10_L1600/ils_high/replicate_09/alignments/L1600/locus_0012.phy ... Phylip format detected
Alignment most likely contains DNA/RNA sequences
Alignment has 21 sequences with 1600 columns, 943 distinct patterns
823 parsimony-informative, 158 singleton sites, 619 constant sites
        Gap/Ambiguity  Composition  p-value
Analyzing sequences: done in 5.7253e-05 secs using 97.81% CPU
   1  8_0_0     0.00%    passed     81.09%
   2  13_0_0    0.00%    passed     28.65%
   3  14_0_0    0.00%    passed     93.92%
   4  5_0_0     0.00%    passed     54.61%
   5  7_0_0     0.00%    passed     62.21%
   6  18_0_0    0.00%    passed     85.75%
   7  15_0_0    0.00%    passed     62.77%
   8  10_0_0    0.00%    passed     70.03%
   9  17_0_0    0.00%    passed     84.89%
  10  2_0_0     0.00%    passed     75.50%
  11  4_0_0     0.00%    passed     92.98%
  12  20_0_0    0.00%    passed     84.09%
  13  11_0_0    0.00%    passed     44.72%
  14  19_0_0    0.00%    passed     86.20%
  15  6_0_0     0.00%    passed     51.75%
  16  3_0_0     0.00%    passed     56.87%
  17  12_0_0    0.00%    passed     55.06%
  18  9_0_0     0.00%    passed     55.70%
  19  16_0_0    0.00%    passed     55.39%
  20  1_0_0     0.00%    passed     68.88%
  21  0_0_0     0.00%    passed     99.15%
****  TOTAL     0.00%  0 sequences failed composition chi2 test (p-value<5%; df=3)

Create initial parsimony tree by phylogenetic likelihood library (PLL)... 0.002 seconds

NOTE: 0 MB RAM (0 GB) is required!
Estimate model parameters (epsilon = 0.100)
1. Initial log-likelihood: -27767.999
2. Current log-likelihood: -27636.499
Optimal log-likelihood: -27636.400
Rate parameters:  A-C: 1.02193  A-G: 1.37023  A-T: 1.09845  C-G: 1.01555  C-T: 1.25900  G-T: 1.00000
Base frequencies:  A: 0.293  C: 0.201  G: 0.201  T: 0.305
Parameters optimization took 2 rounds (0.025 sec)
Wrote distance file to... 
Computing ML distances based on estimated model parameters...
Calculating distance matrix: done in 0.0011837 secs using 96.65% CPU
Computing ML distances took 0.001310 sec (of wall-clock time) 0.001262 sec (of CPU time)
Setting up auxiliary I and S matrices: done in 6.0955e-05 secs
Computing RapidNJ tree took 0.000247 sec (of wall-clock time) 0.000000 sec (of CPU time)
Log-likelihood of RapidNJ tree: -27688.449
--------------------------------------------------------------------
|             INITIALIZING CANDIDATE TREE SET                      |
--------------------------------------------------------------------
Generating 98 parsimony trees... 0.308 second
Computing log-likelihood of 98 initial trees ... 0.195 seconds
Current best score: -27636.400

Do NNI search on 20 best initial trees
Estimate model parameters (epsilon = 0.100)
BETTER TREE FOUND at iteration 1: -27633.953
Estimate model parameters (epsilon = 0.100)
BETTER TREE FOUND at iteration 2: -27630.803
Iteration 10 / LogL: -27634.010 / Time: 0h:0m:0s
Iteration 20 / LogL: -27630.809 / Time: 0h:0m:0s
Finish initializing candidate tree set (6)
Current best tree score: -27630.803 / CPU time: 0.914
Number of iterations: 20
--------------------------------------------------------------------
|               OPTIMIZING CANDIDATE TREE SET                      |
--------------------------------------------------------------------
Iteration 30 / LogL: -27633.965 / Time: 0h:0m:1s (0h:0m:2s left)
Iteration 40 / LogL: -27630.958 / Time: 0h:0m:1s (0h:0m:2s left)
Iteration 50 / LogL: -27630.822 / Time: 0h:0m:1s (0h:0m:1s left)
Iteration 60 / LogL: -27630.816 / Time: 0h:0m:2s (0h:0m:1s left)
Iteration 70 / LogL: -27633.962 / Time: 0h:0m:2s (0h:0m:1s left)
Iteration 80 / LogL: -27634.079 / Time: 0h:0m:2s (0h:0m:0s left)
Iteration 90 / LogL: -27630.858 / Time: 0h:0m:2s (0h:0m:0s left)
Iteration 100 / LogL: -27634.347 / Time: 0h:0m:3s (0h:0m:0s left)
TREE SEARCH COMPLETED AFTER 103 ITERATIONS / Time: 0h:0m:3s

--------------------------------------------------------------------
|                    FINALIZING TREE SEARCH                        |
--------------------------------------------------------------------
Performs final model parameters optimization
Estimate model parameters (epsilon = 0.010)
1. Initial log-likelihood: -27630.803
Optimal log-likelihood: -27630.803
Rate parameters:  A-C: 1.03409  A-G: 1.40233  A-T: 1.10994  C-G: 1.05067  C-T: 1.27437  G-T: 1.00000
Base frequencies:  A: 0.293  C: 0.201  G: 0.201  T: 0.305
Parameters optimization took 1 rounds (0.006 sec)
BEST SCORE FOUND : -27630.803

Testing tree branches by aBayes parametric test...
0.006 sec.
Total tree length: 4.881

Total number of iterations: 103
CPU time used for tree search: 3.028 sec (0h:0m:3s)
Wall-clock time used for tree search: 3.099 sec (0h:0m:3s)
Total CPU time used: 3.087 sec (0h:0m:3s)
Total wall-clock time used: 3.160 sec (0h:0m:3s)

Analysis results written to: 
  IQ-TREE report:                /home/mis/CSE6406-project/work/paper_subset_50x10_L1600/ils_high/replicate_09/estimated_gene_trees/L1600/gtr/locus_0012.iqtree
  Maximum-likelihood tree:       /home/mis/CSE6406-project/work/paper_subset_50x10_L1600/ils_high/replicate_09/estimated_gene_trees/L1600/gtr/locus_0012.treefile
  Likelihood distances:          /home/mis/CSE6406-project/work/paper_subset_50x10_L1600/ils_high/replicate_09/estimated_gene_trees/L1600/gtr/locus_0012.mldist
  Screen log file:               /home/mis/CSE6406-project/work/paper_subset_50x10_L1600/ils_high/replicate_09/estimated_gene_trees/L1600/gtr/locus_0012.log

Date and Time: Sat Sep 12 22:04:05 2026
