IQ-TREE multicore version 2.4.0 for Linux x86 64-bit built Feb 12 2025
Developed by Bui Quang Minh, Nguyen Lam Tung, Olga Chernomor, Heiko Schmidt,
Dominik Schrempf, Michael Woodhams, Ly Trong Nhan, Thomas Wong

Host:    ezmata (AVX2, FMA3, 15 GB RAM)
Command: /home/mis/miniconda3/envs/cse6406/bin/iqtree2 -s /home/mis/CSE6406-project/work/paper_subset_50x10_L1600/ils_high/replicate_09/alignments/L1600/locus_0039.phy -m GTR --abayes -T 1 --seed 7306040 --prefix /home/mis/CSE6406-project/work/paper_subset_50x10_L1600/ils_high/replicate_09/estimated_gene_trees/L1600/gtr/locus_0039 --redo --quiet
Seed:    7306040 (Using SPRNG - Scalable Parallel Random Number Generator)
Time:    Sat Sep 12 22:04:16 2026
Kernel:  AVX+FMA - 1 threads (16 CPU cores detected)

HINT: Use -nt option to specify number of threads because your CPU has 16 cores!
HINT: -nt AUTO will automatically determine the best number of threads to use.

Reading alignment file /home/mis/CSE6406-project/work/paper_subset_50x10_L1600/ils_high/replicate_09/alignments/L1600/locus_0039.phy ... Phylip format detected
Alignment most likely contains DNA/RNA sequences
Alignment has 21 sequences with 1600 columns, 943 distinct patterns
827 parsimony-informative, 148 singleton sites, 625 constant sites
        Gap/Ambiguity  Composition  p-value
Analyzing sequences: done in 8.1637e-05 secs using 99.22% CPU
   1  9_0_0     0.00%    passed     75.86%
   2  3_0_0     0.00%    passed     95.69%
   3  6_0_0     0.00%    passed     61.40%
   4  12_0_0    0.00%    passed     45.73%
   5  20_0_0    0.00%    passed     96.02%
   6  1_0_0     0.00%    passed     52.28%
   7  16_0_0    0.00%    passed     38.79%
   8  7_0_0     0.00%    passed     76.91%
   9  14_0_0    0.00%    passed     98.94%
  10  4_0_0     0.00%    passed     56.89%
  11  11_0_0    0.00%    passed     51.69%
  12  19_0_0    0.00%    passed     97.12%
  13  13_0_0    0.00%    passed     63.97%
  14  15_0_0    0.00%    passed     81.55%
  15  5_0_0     0.00%    passed     78.04%
  16  17_0_0    0.00%    passed     74.19%
  17  18_0_0    0.00%    passed     47.79%
  18  10_0_0    0.00%    passed     94.44%
  19  2_0_0     0.00%    passed     96.06%
  20  8_0_0     0.00%    passed     96.10%
  21  0_0_0     0.00%    passed     70.29%
****  TOTAL     0.00%  0 sequences failed composition chi2 test (p-value<5%; df=3)

Create initial parsimony tree by phylogenetic likelihood library (PLL)... 0.003 seconds

NOTE: 0 MB RAM (0 GB) is required!
Estimate model parameters (epsilon = 0.100)
1. Initial log-likelihood: -27312.178
2. Current log-likelihood: -27168.381
3. Current log-likelihood: -27168.072
Optimal log-likelihood: -27168.068
Rate parameters:  A-C: 0.92172  A-G: 1.39969  A-T: 1.01527  C-G: 0.84865  C-T: 1.11411  G-T: 1.00000
Base frequencies:  A: 0.292  C: 0.214  G: 0.193  T: 0.300
Parameters optimization took 3 rounds (0.044 sec)
Wrote distance file to... 
Computing ML distances based on estimated model parameters...
Calculating distance matrix: done in 0.00217867 secs using 97.9% CPU
Computing ML distances took 0.002407 sec (of wall-clock time) 0.002345 sec (of CPU time)
Setting up auxiliary I and S matrices: done in 6.5231e-05 secs using 98.11% CPU
Computing RapidNJ tree took 0.000258 sec (of wall-clock time) 0.000256 sec (of CPU time)
Log-likelihood of RapidNJ tree: -27242.183
--------------------------------------------------------------------
|             INITIALIZING CANDIDATE TREE SET                      |
--------------------------------------------------------------------
Generating 98 parsimony trees... 0.501 second
Computing log-likelihood of 98 initial trees ... 0.404 seconds
Current best score: -27168.068

Do NNI search on 20 best initial trees
Estimate model parameters (epsilon = 0.100)
BETTER TREE FOUND at iteration 1: -27168.066
Estimate model parameters (epsilon = 0.100)
BETTER TREE FOUND at iteration 3: -27162.753
Iteration 10 / LogL: -27162.847 / Time: 0h:0m:1s
Iteration 20 / LogL: -27162.805 / Time: 0h:0m:1s
Finish initializing candidate tree set (7)
Current best tree score: -27162.753 / CPU time: 1.463
Number of iterations: 20
--------------------------------------------------------------------
|               OPTIMIZING CANDIDATE TREE SET                      |
--------------------------------------------------------------------
Iteration 30 / LogL: -27162.792 / Time: 0h:0m:1s (0h:0m:4s left)
Iteration 40 / LogL: -27162.853 / Time: 0h:0m:2s (0h:0m:3s left)
Iteration 50 / LogL: -27162.860 / Time: 0h:0m:2s (0h:0m:2s left)
Iteration 60 / LogL: -27168.348 / Time: 0h:0m:2s (0h:0m:1s left)
Iteration 70 / LogL: -27162.892 / Time: 0h:0m:2s (0h:0m:1s left)
Iteration 80 / LogL: -27162.883 / Time: 0h:0m:3s (0h:0m:0s left)
Iteration 90 / LogL: -27162.898 / Time: 0h:0m:3s (0h:0m:0s left)
Iteration 100 / LogL: -27162.801 / Time: 0h:0m:3s (0h:0m:0s left)
TREE SEARCH COMPLETED AFTER 104 ITERATIONS / Time: 0h:0m:3s

--------------------------------------------------------------------
|                    FINALIZING TREE SEARCH                        |
--------------------------------------------------------------------
Performs final model parameters optimization
Estimate model parameters (epsilon = 0.010)
1. Initial log-likelihood: -27162.753
Optimal log-likelihood: -27162.749
Rate parameters:  A-C: 0.92161  A-G: 1.41003  A-T: 1.02367  C-G: 0.84195  C-T: 1.12913  G-T: 1.00000
Base frequencies:  A: 0.292  C: 0.214  G: 0.193  T: 0.300
Parameters optimization took 1 rounds (0.007 sec)
BEST SCORE FOUND : -27162.749

Testing tree branches by aBayes parametric test...
0.006 sec.
Total tree length: 4.763

Total number of iterations: 104
CPU time used for tree search: 3.502 sec (0h:0m:3s)
Wall-clock time used for tree search: 3.605 sec (0h:0m:3s)
Total CPU time used: 3.597 sec (0h:0m:3s)
Total wall-clock time used: 3.705 sec (0h:0m:3s)

Analysis results written to: 
  IQ-TREE report:                /home/mis/CSE6406-project/work/paper_subset_50x10_L1600/ils_high/replicate_09/estimated_gene_trees/L1600/gtr/locus_0039.iqtree
  Maximum-likelihood tree:       /home/mis/CSE6406-project/work/paper_subset_50x10_L1600/ils_high/replicate_09/estimated_gene_trees/L1600/gtr/locus_0039.treefile
  Likelihood distances:          /home/mis/CSE6406-project/work/paper_subset_50x10_L1600/ils_high/replicate_09/estimated_gene_trees/L1600/gtr/locus_0039.mldist
  Screen log file:               /home/mis/CSE6406-project/work/paper_subset_50x10_L1600/ils_high/replicate_09/estimated_gene_trees/L1600/gtr/locus_0039.log

Date and Time: Sat Sep 12 22:04:20 2026
