IQ-TREE multicore version 2.4.0 for Linux x86 64-bit built Feb 12 2025
Developed by Bui Quang Minh, Nguyen Lam Tung, Olga Chernomor, Heiko Schmidt,
Dominik Schrempf, Michael Woodhams, Ly Trong Nhan, Thomas Wong

Host:    ezmata (AVX2, FMA3, 15 GB RAM)
Command: /home/mis/miniconda3/envs/cse6406/bin/iqtree2 -s /home/mis/CSE6406-project/work/paper_subset_50x10_L1600/ils_high/replicate_09/alignments/L1600/locus_0015.phy -m GTR --abayes -T 1 --seed 7306016 --prefix /home/mis/CSE6406-project/work/paper_subset_50x10_L1600/ils_high/replicate_09/estimated_gene_trees/L1600/gtr/locus_0015 --redo --quiet
Seed:    7306016 (Using SPRNG - Scalable Parallel Random Number Generator)
Time:    Sat Sep 12 22:04:05 2026
Kernel:  AVX+FMA - 1 threads (16 CPU cores detected)

HINT: Use -nt option to specify number of threads because your CPU has 16 cores!
HINT: -nt AUTO will automatically determine the best number of threads to use.

Reading alignment file /home/mis/CSE6406-project/work/paper_subset_50x10_L1600/ils_high/replicate_09/alignments/L1600/locus_0015.phy ... Phylip format detected
Alignment most likely contains DNA/RNA sequences
Alignment has 21 sequences with 1600 columns, 938 distinct patterns
850 parsimony-informative, 140 singleton sites, 610 constant sites
        Gap/Ambiguity  Composition  p-value
Analyzing sequences: done in 5.5022e-05 secs using 98.14% CPU
   1  11_0_0    0.00%    passed     47.48%
   2  5_0_0     0.00%    passed     39.75%
   3  17_0_0    0.00%    passed     95.60%
   4  18_0_0    0.00%    passed     91.58%
   5  15_0_0    0.00%    passed     96.65%
   6  7_0_0     0.00%    passed     93.87%
   7  9_0_0     0.00%    passed     99.51%
   8  4_0_0     0.00%    passed     90.67%
   9  14_0_0    0.00%    passed     68.60%
  10  13_0_0    0.00%    passed     29.47%
  11  6_0_0     0.00%    passed     58.93%
  12  19_0_0    0.00%    passed     83.72%
  13  12_0_0    0.00%    passed     74.43%
  14  2_0_0     0.00%    passed     66.57%
  15  10_0_0    0.00%    passed     61.36%
  16  3_0_0     0.00%    passed     73.65%
  17  20_0_0    0.00%    passed     36.67%
  18  1_0_0     0.00%    passed     92.46%
  19  0_0_0     0.00%    passed     99.42%
  20  8_0_0     0.00%    passed     83.17%
  21  16_0_0    0.00%    passed     81.40%
****  TOTAL     0.00%  0 sequences failed composition chi2 test (p-value<5%; df=3)

Create initial parsimony tree by phylogenetic likelihood library (PLL)... 0.003 seconds

NOTE: 0 MB RAM (0 GB) is required!
Estimate model parameters (epsilon = 0.100)
1. Initial log-likelihood: -27553.107
2. Current log-likelihood: -27412.633
3. Current log-likelihood: -27412.411
Optimal log-likelihood: -27412.411
Rate parameters:  A-C: 1.00949  A-G: 1.42701  A-T: 1.08672  C-G: 0.86186  C-T: 1.31249  G-T: 1.00000
Base frequencies:  A: 0.296  C: 0.198  G: 0.201  T: 0.306
Parameters optimization took 3 rounds (0.028 sec)
Wrote distance file to... 
Computing ML distances based on estimated model parameters...
Calculating distance matrix: done in 0.00108559 secs using 99.95% CPU
Computing ML distances took 0.001199 sec (of wall-clock time) 0.001194 sec (of CPU time)
Setting up auxiliary I and S matrices: done in 5.7226e-05 secs using 97.86% CPU
Computing RapidNJ tree took 0.000221 sec (of wall-clock time) 0.000220 sec (of CPU time)
Log-likelihood of RapidNJ tree: -27430.239
--------------------------------------------------------------------
|             INITIALIZING CANDIDATE TREE SET                      |
--------------------------------------------------------------------
Generating 98 parsimony trees... 0.290 second
Computing log-likelihood of 98 initial trees ... 0.176 seconds
Current best score: -27402.050

Do NNI search on 20 best initial trees
Estimate model parameters (epsilon = 0.100)
BETTER TREE FOUND at iteration 1: -27394.970
Iteration 10 / LogL: -27403.092 / Time: 0h:0m:0s
Iteration 20 / LogL: -27396.270 / Time: 0h:0m:1s
Finish initializing candidate tree set (5)
Current best tree score: -27394.970 / CPU time: 0.980
Number of iterations: 20
--------------------------------------------------------------------
|               OPTIMIZING CANDIDATE TREE SET                      |
--------------------------------------------------------------------
Iteration 30 / LogL: -27395.018 / Time: 0h:0m:1s (0h:0m:3s left)
Iteration 40 / LogL: -27395.015 / Time: 0h:0m:1s (0h:0m:2s left)
Iteration 50 / LogL: -27395.007 / Time: 0h:0m:2s (0h:0m:2s left)
Iteration 60 / LogL: -27402.650 / Time: 0h:0m:2s (0h:0m:1s left)
Iteration 70 / LogL: -27405.372 / Time: 0h:0m:2s (0h:0m:1s left)
Iteration 80 / LogL: -27405.437 / Time: 0h:0m:2s (0h:0m:0s left)
Iteration 90 / LogL: -27402.700 / Time: 0h:0m:3s (0h:0m:0s left)
Iteration 100 / LogL: -27398.190 / Time: 0h:0m:3s (0h:0m:0s left)
TREE SEARCH COMPLETED AFTER 102 ITERATIONS / Time: 0h:0m:3s

--------------------------------------------------------------------
|                    FINALIZING TREE SEARCH                        |
--------------------------------------------------------------------
Performs final model parameters optimization
Estimate model parameters (epsilon = 0.010)
1. Initial log-likelihood: -27394.970
Optimal log-likelihood: -27394.970
Rate parameters:  A-C: 1.00874  A-G: 1.42215  A-T: 1.08056  C-G: 0.87011  C-T: 1.31863  G-T: 1.00000
Base frequencies:  A: 0.296  C: 0.198  G: 0.201  T: 0.306
Parameters optimization took 1 rounds (0.006 sec)
BEST SCORE FOUND : -27394.970

Testing tree branches by aBayes parametric test...
0.007 sec.
Total tree length: 4.846

Total number of iterations: 102
CPU time used for tree search: 3.271 sec (0h:0m:3s)
Wall-clock time used for tree search: 3.340 sec (0h:0m:3s)
Total CPU time used: 3.333 sec (0h:0m:3s)
Total wall-clock time used: 3.403 sec (0h:0m:3s)

Analysis results written to: 
  IQ-TREE report:                /home/mis/CSE6406-project/work/paper_subset_50x10_L1600/ils_high/replicate_09/estimated_gene_trees/L1600/gtr/locus_0015.iqtree
  Maximum-likelihood tree:       /home/mis/CSE6406-project/work/paper_subset_50x10_L1600/ils_high/replicate_09/estimated_gene_trees/L1600/gtr/locus_0015.treefile
  Likelihood distances:          /home/mis/CSE6406-project/work/paper_subset_50x10_L1600/ils_high/replicate_09/estimated_gene_trees/L1600/gtr/locus_0015.mldist
  Screen log file:               /home/mis/CSE6406-project/work/paper_subset_50x10_L1600/ils_high/replicate_09/estimated_gene_trees/L1600/gtr/locus_0015.log

Date and Time: Sat Sep 12 22:04:08 2026
