IQ-TREE multicore version 2.4.0 for Linux x86 64-bit built Feb 12 2025
Developed by Bui Quang Minh, Nguyen Lam Tung, Olga Chernomor, Heiko Schmidt,
Dominik Schrempf, Michael Woodhams, Ly Trong Nhan, Thomas Wong

Host:    ezmata (AVX2, FMA3, 15 GB RAM)
Command: /home/mis/miniconda3/envs/cse6406/bin/iqtree2 -s /home/mis/CSE6406-project/work/paper_subset_50x10_L800/ils_low/replicate_09/alignments/L800/locus_0044.phy -m GTR --abayes -T AUTO --seed 7306045 --prefix /home/mis/CSE6406-project/work/paper_subset_50x10_L800/ils_low/replicate_09/estimated_gene_trees/L800/gtr/locus_0044 --redo --quiet
Seed:    7306045 (Using SPRNG - Scalable Parallel Random Number Generator)
Time:    Sat Sep 12 11:37:00 2026
Kernel:  AVX+FMA - auto-detect threads (16 CPU cores detected)

Reading alignment file /home/mis/CSE6406-project/work/paper_subset_50x10_L800/ils_low/replicate_09/alignments/L800/locus_0044.phy ... Phylip format detected
Alignment most likely contains DNA/RNA sequences
Alignment has 21 sequences with 800 columns, 494 distinct patterns
425 parsimony-informative, 96 singleton sites, 279 constant sites
        Gap/Ambiguity  Composition  p-value
Analyzing sequences: done in 9.8843e-05 secs
   1  1_0_0     0.00%    passed     80.68%
   2  14_0_0    0.00%    passed     68.37%
   3  13_0_0    0.00%    passed     92.24%
   4  19_0_0    0.00%    passed     85.53%
   5  6_0_0     0.00%    passed     96.57%
   6  20_0_0    0.00%    passed     86.80%
   7  12_0_0    0.00%    passed     68.20%
   8  9_0_0     0.00%    passed     58.18%
   9  3_0_0     0.00%    passed     91.86%
  10  11_0_0    0.00%    passed     73.43%
  11  4_0_0     0.00%    passed     78.69%
  12  17_0_0    0.00%    passed     98.57%
  13  15_0_0    0.00%    passed     61.81%
  14  18_0_0    0.00%    passed     70.71%
  15  5_0_0     0.00%    passed     99.37%
  16  2_0_0     0.00%    passed     82.62%
  17  10_0_0    0.00%    passed     93.20%
  18  7_0_0     0.00%    passed     89.09%
  19  8_0_0     0.00%    passed     76.54%
  20  16_0_0    0.00%    passed     69.96%
  21  0_0_0     0.00%    passed     40.97%
****  TOTAL     0.00%  0 sequences failed composition chi2 test (p-value<5%; df=3)

Create initial parsimony tree by phylogenetic likelihood library (PLL)... 0.001 seconds

NOTE: 0 MB RAM (0 GB) is required!
Measuring multi-threading efficiency up to 16 CPU cores
Increase to 10 rounds for branch lengths
5164 trees examined
Threads: 1 / Time: 16.003 sec / Speedup: 1.000 / Efficiency: 100% / LogL: -14364
Threads: 2 / Time: 23.873 sec / Speedup: 0.670 / Efficiency: 34% / LogL: -14364
BEST NUMBER OF THREADS: 1

Estimate model parameters (epsilon = 0.100)
1. Initial log-likelihood: -13371.418
2. Current log-likelihood: -13279.872
3. Current log-likelihood: -13279.667
Optimal log-likelihood: -13279.666
Rate parameters:  A-C: 0.91902  A-G: 1.37906  A-T: 0.96238  C-G: 0.92412  C-T: 1.16837  G-T: 1.00000
Base frequencies:  A: 0.296  C: 0.194  G: 0.196  T: 0.314
Parameters optimization took 3 rounds (0.009 sec)
Wrote distance file to... 
Computing ML distances based on estimated model parameters...
Calculating distance matrix: done in 0.000477028 secs using 81.34% CPU
Computing ML distances took 0.000519 sec (of wall-clock time) 0.000424 sec (of CPU time)
Setting up auxiliary I and S matrices: done in 3.0592e-05 secs using 81.72% CPU
Computing RapidNJ tree took 0.000113 sec (of wall-clock time) 0.000220 sec (of CPU time)
Log-likelihood of RapidNJ tree: -13309.073
--------------------------------------------------------------------
|             INITIALIZING CANDIDATE TREE SET                      |
--------------------------------------------------------------------
Generating 98 parsimony trees... 0.117 second
Computing log-likelihood of 98 initial trees ... 0.065 seconds
Current best score: -13269.942

Do NNI search on 20 best initial trees
Estimate model parameters (epsilon = 0.100)
BETTER TREE FOUND at iteration 1: -13265.919
Estimate model parameters (epsilon = 0.100)
BETTER TREE FOUND at iteration 9: -13265.656
Iteration 10 / LogL: -13267.423 / Time: 0h:0m:40s
Iteration 20 / LogL: -13277.312 / Time: 0h:0m:40s
Finish initializing candidate tree set (15)
Current best tree score: -13265.656 / CPU time: 0.302
Number of iterations: 20
--------------------------------------------------------------------
|               OPTIMIZING CANDIDATE TREE SET                      |
--------------------------------------------------------------------
Iteration 30 / LogL: -13273.193 / Time: 0h:0m:40s (0h:1m:49s left)
Iteration 40 / LogL: -13266.387 / Time: 0h:0m:40s (0h:1m:11s left)
Estimate model parameters (epsilon = 0.100)
BETTER TREE FOUND at iteration 46: -13265.075
Iteration 50 / LogL: -13266.033 / Time: 0h:0m:40s (0h:1m:19s left)
Iteration 60 / LogL: -13265.732 / Time: 0h:0m:40s (0h:0m:59s left)
Iteration 70 / LogL: -13266.020 / Time: 0h:0m:40s (0h:0m:44s left)
Iteration 80 / LogL: -13267.985 / Time: 0h:0m:40s (0h:0m:34s left)
Iteration 90 / LogL: -13267.136 / Time: 0h:0m:40s (0h:0m:25s left)
Iteration 100 / LogL: -13266.001 / Time: 0h:0m:40s (0h:0m:19s left)
Iteration 110 / LogL: -13265.631 / Time: 0h:0m:41s (0h:0m:13s left)
Iteration 120 / LogL: -13273.925 / Time: 0h:0m:41s (0h:0m:8s left)
Iteration 130 / LogL: -13265.089 / Time: 0h:0m:41s (0h:0m:5s left)
Iteration 140 / LogL: -13266.092 / Time: 0h:0m:41s (0h:0m:1s left)
TREE SEARCH COMPLETED AFTER 147 ITERATIONS / Time: 0h:0m:41s

--------------------------------------------------------------------
|                    FINALIZING TREE SEARCH                        |
--------------------------------------------------------------------
Performs final model parameters optimization
Estimate model parameters (epsilon = 0.010)
1. Initial log-likelihood: -13265.075
Optimal log-likelihood: -13265.071
Rate parameters:  A-C: 0.89420  A-G: 1.32198  A-T: 0.94133  C-G: 0.93585  C-T: 1.13100  G-T: 1.00000
Base frequencies:  A: 0.296  C: 0.194  G: 0.196  T: 0.314
Parameters optimization took 1 rounds (0.002 sec)
BEST SCORE FOUND : -13265.071

Testing tree branches by aBayes parametric test...
0.002 sec.
Total tree length: 4.700

Total number of iterations: 147
CPU time used for tree search: 1.425 sec (0h:0m:1s)
Wall-clock time used for tree search: 1.462 sec (0h:0m:1s)
Total CPU time used: 44.075 sec (0h:0m:44s)
Total wall-clock time used: 41.363 sec (0h:0m:41s)

Analysis results written to: 
  IQ-TREE report:                /home/mis/CSE6406-project/work/paper_subset_50x10_L800/ils_low/replicate_09/estimated_gene_trees/L800/gtr/locus_0044.iqtree
  Maximum-likelihood tree:       /home/mis/CSE6406-project/work/paper_subset_50x10_L800/ils_low/replicate_09/estimated_gene_trees/L800/gtr/locus_0044.treefile
  Likelihood distances:          /home/mis/CSE6406-project/work/paper_subset_50x10_L800/ils_low/replicate_09/estimated_gene_trees/L800/gtr/locus_0044.mldist
  Screen log file:               /home/mis/CSE6406-project/work/paper_subset_50x10_L800/ils_low/replicate_09/estimated_gene_trees/L800/gtr/locus_0044.log

Date and Time: Sat Sep 12 11:37:41 2026
