IQ-TREE multicore version 2.4.0 for Linux x86 64-bit built Feb 12 2025
Developed by Bui Quang Minh, Nguyen Lam Tung, Olga Chernomor, Heiko Schmidt,
Dominik Schrempf, Michael Woodhams, Ly Trong Nhan, Thomas Wong

Host:    ezmata (AVX2, FMA3, 15 GB RAM)
Command: /home/mis/miniconda3/envs/cse6406/bin/iqtree2 -s /home/mis/CSE6406-project/work/paper_subset_50x10_L800/ils_low/replicate_09/alignments/L800/locus_0002.phy -m GTR --abayes -T AUTO --seed 7306003 --prefix /home/mis/CSE6406-project/work/paper_subset_50x10_L800/ils_low/replicate_09/estimated_gene_trees/L800/gtr/locus_0002 --redo --quiet
Seed:    7306003 (Using SPRNG - Scalable Parallel Random Number Generator)
Time:    Sat Sep 12 11:08:10 2026
Kernel:  AVX+FMA - auto-detect threads (16 CPU cores detected)

Reading alignment file /home/mis/CSE6406-project/work/paper_subset_50x10_L800/ils_low/replicate_09/alignments/L800/locus_0002.phy ... Phylip format detected
Alignment most likely contains DNA/RNA sequences
Alignment has 21 sequences with 800 columns, 487 distinct patterns
415 parsimony-informative, 81 singleton sites, 304 constant sites
        Gap/Ambiguity  Composition  p-value
Analyzing sequences: done in 9.4308e-05 secs using 109.2% CPU
   1  9_0_0     0.00%    passed     78.02%
   2  3_0_0     0.00%    passed     78.99%
   3  20_0_0    0.00%    passed     79.90%
   4  12_0_0    0.00%    passed     86.19%
   5  6_0_0     0.00%    passed     93.83%
   6  19_0_0    0.00%    passed     56.24%
   7  13_0_0    0.00%    passed     49.45%
   8  14_0_0    0.00%    passed     43.16%
   9  4_0_0     0.00%    passed     62.12%
  10  11_0_0    0.00%    passed     81.13%
  11  5_0_0     0.00%    passed     89.72%
  12  15_0_0    0.00%    passed     71.48%
  13  18_0_0    0.00%    passed     93.17%
  14  17_0_0    0.00%    passed     97.99%
  15  10_0_0    0.00%    passed     58.91%
  16  2_0_0     0.00%    passed     83.33%
  17  7_0_0     0.00%    passed     96.56%
  18  8_0_0     0.00%    passed     70.10%
  19  16_0_0    0.00%    passed     54.07%
  20  1_0_0     0.00%    passed     90.66%
  21  0_0_0     0.00%    passed     96.53%
****  TOTAL     0.00%  0 sequences failed composition chi2 test (p-value<5%; df=3)

Create initial parsimony tree by phylogenetic likelihood library (PLL)... 0.001 seconds

NOTE: 0 MB RAM (0 GB) is required!
Measuring multi-threading efficiency up to 16 CPU cores
Increase to 10 rounds for branch lengths
5183 trees examined
Threads: 1 / Time: 16.001 sec / Speedup: 1.000 / Efficiency: 100% / LogL: -14143
Threads: 2 / Time: 24.295 sec / Speedup: 0.659 / Efficiency: 33% / LogL: -14143
BEST NUMBER OF THREADS: 1

Estimate model parameters (epsilon = 0.100)
1. Initial log-likelihood: -13059.497
2. Current log-likelihood: -12966.263
3. Current log-likelihood: -12965.776
Optimal log-likelihood: -12965.768
Rate parameters:  A-C: 1.55652  A-G: 1.82837  A-T: 1.31877  C-G: 1.32775  C-T: 1.69178  G-T: 1.00000
Base frequencies:  A: 0.279  C: 0.187  G: 0.219  T: 0.316
Parameters optimization took 3 rounds (0.009 sec)
Wrote distance file to... 
Computing ML distances based on estimated model parameters...
Calculating distance matrix: done in 0.000429041 secs using 80.41% CPU
Computing ML distances took 0.000467 sec (of wall-clock time) 0.000377 sec (of CPU time)
Setting up auxiliary I and S matrices: done in 2.8726e-05 secs using 863.3% CPU
Computing RapidNJ tree took 0.000104 sec (of wall-clock time) 0.000307 sec (of CPU time)
Log-likelihood of RapidNJ tree: -12979.178
--------------------------------------------------------------------
|             INITIALIZING CANDIDATE TREE SET                      |
--------------------------------------------------------------------
Generating 98 parsimony trees... 0.126 second
Computing log-likelihood of 98 initial trees ... 0.089 seconds
Current best score: -12956.256

Do NNI search on 20 best initial trees
Estimate model parameters (epsilon = 0.100)
BETTER TREE FOUND at iteration 1: -12954.457
Iteration 10 / LogL: -12961.114 / Time: 0h:0m:40s
Iteration 20 / LogL: -12959.057 / Time: 0h:0m:40s
Finish initializing candidate tree set (11)
Current best tree score: -12954.457 / CPU time: 0.352
Number of iterations: 20
--------------------------------------------------------------------
|               OPTIMIZING CANDIDATE TREE SET                      |
--------------------------------------------------------------------
Iteration 30 / LogL: -12961.944 / Time: 0h:0m:40s (0h:1m:39s left)
Iteration 40 / LogL: -12959.071 / Time: 0h:0m:40s (0h:1m:3s left)
Iteration 50 / LogL: -12971.198 / Time: 0h:0m:41s (0h:0m:42s left)
Iteration 60 / LogL: -12954.945 / Time: 0h:0m:41s (0h:0m:28s left)
Iteration 70 / LogL: -12959.056 / Time: 0h:0m:41s (0h:0m:18s left)
Iteration 80 / LogL: -12957.525 / Time: 0h:0m:41s (0h:0m:10s left)
Iteration 90 / LogL: -12960.615 / Time: 0h:0m:41s (0h:0m:5s left)
Iteration 100 / LogL: -12959.058 / Time: 0h:0m:41s (0h:0m:0s left)
TREE SEARCH COMPLETED AFTER 102 ITERATIONS / Time: 0h:0m:41s

--------------------------------------------------------------------
|                    FINALIZING TREE SEARCH                        |
--------------------------------------------------------------------
Performs final model parameters optimization
Estimate model parameters (epsilon = 0.010)
1. Initial log-likelihood: -12954.457
Optimal log-likelihood: -12954.456
Rate parameters:  A-C: 1.53831  A-G: 1.83648  A-T: 1.32404  C-G: 1.39552  C-T: 1.68873  G-T: 1.00000
Base frequencies:  A: 0.279  C: 0.187  G: 0.219  T: 0.316
Parameters optimization took 1 rounds (0.002 sec)
BEST SCORE FOUND : -12954.456

Testing tree branches by aBayes parametric test...
0.002 sec.
Total tree length: 4.507

Total number of iterations: 102
CPU time used for tree search: 1.193 sec (0h:0m:1s)
Wall-clock time used for tree search: 1.222 sec (0h:0m:1s)
Total CPU time used: 43.314 sec (0h:0m:43s)
Total wall-clock time used: 41.542 sec (0h:0m:41s)

Analysis results written to: 
  IQ-TREE report:                /home/mis/CSE6406-project/work/paper_subset_50x10_L800/ils_low/replicate_09/estimated_gene_trees/L800/gtr/locus_0002.iqtree
  Maximum-likelihood tree:       /home/mis/CSE6406-project/work/paper_subset_50x10_L800/ils_low/replicate_09/estimated_gene_trees/L800/gtr/locus_0002.treefile
  Likelihood distances:          /home/mis/CSE6406-project/work/paper_subset_50x10_L800/ils_low/replicate_09/estimated_gene_trees/L800/gtr/locus_0002.mldist
  Screen log file:               /home/mis/CSE6406-project/work/paper_subset_50x10_L800/ils_low/replicate_09/estimated_gene_trees/L800/gtr/locus_0002.log

Date and Time: Sat Sep 12 11:08:52 2026
