IQ-TREE multicore version 2.4.0 for Linux x86 64-bit built Feb 12 2025
Developed by Bui Quang Minh, Nguyen Lam Tung, Olga Chernomor, Heiko Schmidt,
Dominik Schrempf, Michael Woodhams, Ly Trong Nhan, Thomas Wong

Host:    ezmata (AVX2, FMA3, 15 GB RAM)
Command: /home/mis/miniconda3/envs/cse6406/bin/iqtree2 -s /home/mis/CSE6406-project/work/paper_subset_50x10_L800/ils_low/replicate_09/alignments/L800/locus_0023.phy -m GTR --abayes -T AUTO --seed 7306024 --prefix /home/mis/CSE6406-project/work/paper_subset_50x10_L800/ils_low/replicate_09/estimated_gene_trees/L800/gtr/locus_0023 --redo --quiet
Seed:    7306024 (Using SPRNG - Scalable Parallel Random Number Generator)
Time:    Sat Sep 12 11:22:31 2026
Kernel:  AVX+FMA - auto-detect threads (16 CPU cores detected)

Reading alignment file /home/mis/CSE6406-project/work/paper_subset_50x10_L800/ils_low/replicate_09/alignments/L800/locus_0023.phy ... Phylip format detected
Alignment most likely contains DNA/RNA sequences
Alignment has 21 sequences with 800 columns, 466 distinct patterns
410 parsimony-informative, 60 singleton sites, 330 constant sites
        Gap/Ambiguity  Composition  p-value
Analyzing sequences: done in 0.000145407 secs using 45.39% CPU
   1  0_0_0     0.00%    passed     59.72%
   2  16_0_0    0.00%    passed     60.30%
   3  8_0_0     0.00%    passed     98.52%
   4  1_0_0     0.00%    passed     99.18%
   5  10_0_0    0.00%    passed     96.95%
   6  2_0_0     0.00%    passed     95.45%
   7  7_0_0     0.00%    passed     47.07%
   8  15_0_0    0.00%    passed     98.31%
   9  17_0_0    0.00%    passed     43.25%
  10  18_0_0    0.00%    passed     53.08%
  11  5_0_0     0.00%    passed     86.50%
  12  9_0_0     0.00%    passed     59.87%
  13  3_0_0     0.00%    passed     96.04%
  14  12_0_0    0.00%    passed     43.92%
  15  20_0_0    0.00%    passed     66.58%
  16  6_0_0     0.00%    passed     80.26%
  17  19_0_0    0.00%    passed     50.67%
  18  14_0_0    0.00%    passed     40.16%
  19  13_0_0    0.00%    passed     94.68%
  20  11_0_0    0.00%    passed     77.23%
  21  4_0_0     0.00%    passed     80.51%
****  TOTAL     0.00%  0 sequences failed composition chi2 test (p-value<5%; df=3)

Create initial parsimony tree by phylogenetic likelihood library (PLL)... 0.001 seconds

NOTE: 0 MB RAM (0 GB) is required!
Measuring multi-threading efficiency up to 16 CPU cores
Increase to 10 rounds for branch lengths
4913 trees examined
Threads: 1 / Time: 16.002 sec / Speedup: 1.000 / Efficiency: 100% / LogL: -14122
Threads: 2 / Time: 23.374 sec / Speedup: 0.685 / Efficiency: 34% / LogL: -14122
BEST NUMBER OF THREADS: 1

Estimate model parameters (epsilon = 0.100)
1. Initial log-likelihood: -12682.085
2. Current log-likelihood: -12620.171
3. Current log-likelihood: -12620.044
Optimal log-likelihood: -12620.044
Rate parameters:  A-C: 1.01040  A-G: 1.42184  A-T: 1.03528  C-G: 0.98061  C-T: 1.45348  G-T: 1.00000
Base frequencies:  A: 0.302  C: 0.191  G: 0.211  T: 0.296
Parameters optimization took 3 rounds (0.008 sec)
Wrote distance file to... 
Computing ML distances based on estimated model parameters...
Calculating distance matrix: done in 0.000447413 secs using 80.24% CPU
Computing ML distances took 0.000482 sec (of wall-clock time) 0.000388 sec (of CPU time)
Setting up auxiliary I and S matrices: done in 2.5888e-05 secs
Computing RapidNJ tree took 0.000102 sec (of wall-clock time) 0.000000 sec (of CPU time)
Log-likelihood of RapidNJ tree: -12696.599
--------------------------------------------------------------------
|             INITIALIZING CANDIDATE TREE SET                      |
--------------------------------------------------------------------
Generating 98 parsimony trees... 0.099 second
Computing log-likelihood of 98 initial trees ... 0.057 seconds
Current best score: -12620.044

Do NNI search on 20 best initial trees
Estimate model parameters (epsilon = 0.100)
BETTER TREE FOUND at iteration 1: -12617.772
Iteration 10 / LogL: -12626.058 / Time: 0h:0m:39s
Iteration 20 / LogL: -12619.367 / Time: 0h:0m:39s
Finish initializing candidate tree set (12)
Current best tree score: -12617.772 / CPU time: 0.250
Number of iterations: 20
--------------------------------------------------------------------
|               OPTIMIZING CANDIDATE TREE SET                      |
--------------------------------------------------------------------
Iteration 30 / LogL: -12621.574 / Time: 0h:0m:39s (0h:1m:37s left)
Iteration 40 / LogL: -12617.780 / Time: 0h:0m:39s (0h:1m:2s left)
Iteration 50 / LogL: -12620.046 / Time: 0h:0m:39s (0h:0m:41s left)
Iteration 60 / LogL: -12620.039 / Time: 0h:0m:39s (0h:0m:27s left)
Iteration 70 / LogL: -12619.989 / Time: 0h:0m:40s (0h:0m:17s left)
Iteration 80 / LogL: -12618.281 / Time: 0h:0m:40s (0h:0m:10s left)
Estimate model parameters (epsilon = 0.100)
BETTER TREE FOUND at iteration 85: -12615.656
Iteration 90 / LogL: -12617.823 / Time: 0h:0m:40s (0h:0m:42s left)
Iteration 100 / LogL: -12619.371 / Time: 0h:0m:40s (0h:0m:34s left)
Iteration 110 / LogL: -12626.060 / Time: 0h:0m:40s (0h:0m:27s left)
Iteration 120 / LogL: -12619.380 / Time: 0h:0m:40s (0h:0m:22s left)
Iteration 130 / LogL: -12616.489 / Time: 0h:0m:40s (0h:0m:17s left)
Iteration 140 / LogL: -12615.667 / Time: 0h:0m:40s (0h:0m:13s left)
Iteration 150 / LogL: -12619.450 / Time: 0h:0m:40s (0h:0m:9s left)
Iteration 160 / LogL: -12617.828 / Time: 0h:0m:40s (0h:0m:6s left)
Iteration 170 / LogL: -12615.661 / Time: 0h:0m:40s (0h:0m:3s left)
Iteration 180 / LogL: -12617.507 / Time: 0h:0m:40s (0h:0m:1s left)
TREE SEARCH COMPLETED AFTER 186 ITERATIONS / Time: 0h:0m:40s

--------------------------------------------------------------------
|                    FINALIZING TREE SEARCH                        |
--------------------------------------------------------------------
Performs final model parameters optimization
Estimate model parameters (epsilon = 0.010)
1. Initial log-likelihood: -12615.656
Optimal log-likelihood: -12615.656
Rate parameters:  A-C: 0.99145  A-G: 1.42842  A-T: 1.01438  C-G: 0.99001  C-T: 1.46078  G-T: 1.00000
Base frequencies:  A: 0.302  C: 0.191  G: 0.211  T: 0.296
Parameters optimization took 1 rounds (0.002 sec)
BEST SCORE FOUND : -12615.656

Testing tree branches by aBayes parametric test...
0.002 sec.
Total tree length: 4.269

Total number of iterations: 186
CPU time used for tree search: 1.533 sec (0h:0m:1s)
Wall-clock time used for tree search: 1.600 sec (0h:0m:1s)
Total CPU time used: 42.523 sec (0h:0m:42s)
Total wall-clock time used: 41.000 sec (0h:0m:40s)

Analysis results written to: 
  IQ-TREE report:                /home/mis/CSE6406-project/work/paper_subset_50x10_L800/ils_low/replicate_09/estimated_gene_trees/L800/gtr/locus_0023.iqtree
  Maximum-likelihood tree:       /home/mis/CSE6406-project/work/paper_subset_50x10_L800/ils_low/replicate_09/estimated_gene_trees/L800/gtr/locus_0023.treefile
  Likelihood distances:          /home/mis/CSE6406-project/work/paper_subset_50x10_L800/ils_low/replicate_09/estimated_gene_trees/L800/gtr/locus_0023.mldist
  Screen log file:               /home/mis/CSE6406-project/work/paper_subset_50x10_L800/ils_low/replicate_09/estimated_gene_trees/L800/gtr/locus_0023.log

Date and Time: Sat Sep 12 11:23:12 2026
