IQ-TREE multicore version 2.4.0 for Linux x86 64-bit built Feb 12 2025
Developed by Bui Quang Minh, Nguyen Lam Tung, Olga Chernomor, Heiko Schmidt,
Dominik Schrempf, Michael Woodhams, Ly Trong Nhan, Thomas Wong

Host:    ezmata (AVX2, FMA3, 15 GB RAM)
Command: /home/mis/miniconda3/envs/cse6406/bin/iqtree2 -s /home/mis/CSE6406-project/work/paper_subset_50x10_L800/ils_high/replicate_06/alignments/L800/locus_0034.phy -m HKY+G4 --abayes -T 1 --seed 7006035 --prefix /home/mis/CSE6406-project/work/paper_subset_50x10_L800/ils_high/replicate_06/estimated_gene_trees/L800/hky_g4/locus_0034 --redo --quiet
Seed:    7006035 (Using SPRNG - Scalable Parallel Random Number Generator)
Time:    Sat Sep 12 20:00:22 2026
Kernel:  AVX+FMA - 1 threads (16 CPU cores detected)

HINT: Use -nt option to specify number of threads because your CPU has 16 cores!
HINT: -nt AUTO will automatically determine the best number of threads to use.

Reading alignment file /home/mis/CSE6406-project/work/paper_subset_50x10_L800/ils_high/replicate_06/alignments/L800/locus_0034.phy ... Phylip format detected
Alignment most likely contains DNA/RNA sequences
Alignment has 21 sequences with 800 columns, 317 distinct patterns
244 parsimony-informative, 95 singleton sites, 461 constant sites
        Gap/Ambiguity  Composition  p-value
Analyzing sequences: done in 1.4998e-05 secs using 73.34% CPU
   1  0_0_0     0.00%    passed     98.50%
   2  3_0_0     0.00%    passed     94.88%
   3  7_0_0     0.00%    passed     76.71%
   4  1_0_0     0.00%    passed     86.35%
   5  4_0_0     0.00%    passed     91.54%
   6  5_0_0     0.00%    passed     92.54%
   7  14_0_0    0.00%    passed     89.54%
   8  11_0_0    0.00%    passed     97.55%
   9  12_0_0    0.00%    passed     99.91%
  10  15_0_0    0.00%    passed     78.67%
  11  13_0_0    0.00%    passed     79.10%
  12  17_0_0    0.00%    passed     81.99%
  13  6_0_0     0.00%    passed     94.07%
  14  8_0_0     0.00%    passed     98.10%
  15  18_0_0    0.00%    passed     90.39%
  16  16_0_0    0.00%    passed     98.53%
  17  20_0_0    0.00%    passed     95.76%
  18  10_0_0    0.00%    passed     95.15%
  19  19_0_0    0.00%    passed     98.93%
  20  2_0_0     0.00%    passed     81.58%
  21  9_0_0     0.00%    passed     92.53%
****  TOTAL     0.00%  0 sequences failed composition chi2 test (p-value<5%; df=3)

Create initial parsimony tree by phylogenetic likelihood library (PLL)... 0.001 seconds

NOTE: 0 MB RAM (0 GB) is required!
Estimate model parameters (epsilon = 0.100)
1. Initial log-likelihood: -6925.104
2. Current log-likelihood: -6613.105
3. Current log-likelihood: -6600.956
Optimal log-likelihood: -6600.854
Rate parameters:  A-C: 1.00000  A-G: 2.04650  A-T: 1.00000  C-G: 1.00000  C-T: 2.04650  G-T: 1.00000
Base frequencies:  A: 0.299  C: 0.221  G: 0.201  T: 0.279
Gamma shape alpha: 0.210
Parameters optimization took 3 rounds (0.043 sec)
Wrote distance file to... 
Computing ML distances based on estimated model parameters...
Calculating distance matrix: done in 0.00278202 secs using 99.32% CPU
Computing ML distances took 0.002867 sec (of wall-clock time) 0.002850 sec (of CPU time)
Setting up auxiliary I and S matrices: done in 6.1473e-05 secs using 94.35% CPU
Computing RapidNJ tree took 0.000260 sec (of wall-clock time) 0.000410 sec (of CPU time)
Log-likelihood of RapidNJ tree: -6600.576
--------------------------------------------------------------------
|             INITIALIZING CANDIDATE TREE SET                      |
--------------------------------------------------------------------
Generating 98 parsimony trees... 0.234 second
Computing log-likelihood of 98 initial trees ... 0.387 seconds
Current best score: -6598.045

Do NNI search on 20 best initial trees
Estimate model parameters (epsilon = 0.100)
BETTER TREE FOUND at iteration 1: -6593.390
Iteration 10 / LogL: -6593.396 / Time: 0h:0m:0s
Iteration 20 / LogL: -6593.655 / Time: 0h:0m:1s
Finish initializing candidate tree set (1)
Current best tree score: -6593.390 / CPU time: 1.299
Number of iterations: 20
--------------------------------------------------------------------
|               OPTIMIZING CANDIDATE TREE SET                      |
--------------------------------------------------------------------
Iteration 30 / LogL: -6593.442 / Time: 0h:0m:1s (0h:0m:4s left)
Iteration 40 / LogL: -6593.412 / Time: 0h:0m:2s (0h:0m:3s left)
Iteration 50 / LogL: -6593.517 / Time: 0h:0m:2s (0h:0m:2s left)
Iteration 60 / LogL: -6593.444 / Time: 0h:0m:2s (0h:0m:1s left)
Iteration 70 / LogL: -6593.393 / Time: 0h:0m:3s (0h:0m:1s left)
Iteration 80 / LogL: -6593.719 / Time: 0h:0m:4s (0h:0m:1s left)
Iteration 90 / LogL: -6593.522 / Time: 0h:0m:4s (0h:0m:0s left)
Iteration 100 / LogL: -6596.126 / Time: 0h:0m:4s (0h:0m:0s left)
TREE SEARCH COMPLETED AFTER 102 ITERATIONS / Time: 0h:0m:4s

--------------------------------------------------------------------
|                    FINALIZING TREE SEARCH                        |
--------------------------------------------------------------------
Performs final model parameters optimization
Estimate model parameters (epsilon = 0.010)
1. Initial log-likelihood: -6593.390
Optimal log-likelihood: -6593.389
Rate parameters:  A-C: 1.00000  A-G: 2.03613  A-T: 1.00000  C-G: 1.00000  C-T: 2.03613  G-T: 1.00000
Base frequencies:  A: 0.299  C: 0.221  G: 0.201  T: 0.279
Gamma shape alpha: 0.211
Parameters optimization took 1 rounds (0.004 sec)
BEST SCORE FOUND : -6593.389

Testing tree branches by aBayes parametric test...
0.006 sec.
Total tree length: 2.414

Total number of iterations: 102
CPU time used for tree search: 4.569 sec (0h:0m:4s)
Wall-clock time used for tree search: 4.674 sec (0h:0m:4s)
Total CPU time used: 4.643 sec (0h:0m:4s)
Total wall-clock time used: 4.750 sec (0h:0m:4s)

Analysis results written to: 
  IQ-TREE report:                /home/mis/CSE6406-project/work/paper_subset_50x10_L800/ils_high/replicate_06/estimated_gene_trees/L800/hky_g4/locus_0034.iqtree
  Maximum-likelihood tree:       /home/mis/CSE6406-project/work/paper_subset_50x10_L800/ils_high/replicate_06/estimated_gene_trees/L800/hky_g4/locus_0034.treefile
  Likelihood distances:          /home/mis/CSE6406-project/work/paper_subset_50x10_L800/ils_high/replicate_06/estimated_gene_trees/L800/hky_g4/locus_0034.mldist
  Screen log file:               /home/mis/CSE6406-project/work/paper_subset_50x10_L800/ils_high/replicate_06/estimated_gene_trees/L800/hky_g4/locus_0034.log

Date and Time: Sat Sep 12 20:00:27 2026
