IQ-TREE multicore version 2.4.0 for Linux x86 64-bit built Feb 12 2025
Developed by Bui Quang Minh, Nguyen Lam Tung, Olga Chernomor, Heiko Schmidt,
Dominik Schrempf, Michael Woodhams, Ly Trong Nhan, Thomas Wong

Host:    ezmata (AVX2, FMA3, 15 GB RAM)
Command: /home/mis/miniconda3/envs/cse6406/bin/iqtree2 -s /home/mis/CSE6406-project/work/paper_subset_50x10_L800/ils_high/replicate_06/alignments/L800/locus_0028.phy -m HKY+G4 --abayes -T 1 --seed 7006029 --prefix /home/mis/CSE6406-project/work/paper_subset_50x10_L800/ils_high/replicate_06/estimated_gene_trees/L800/hky_g4/locus_0028 --redo --quiet
Seed:    7006029 (Using SPRNG - Scalable Parallel Random Number Generator)
Time:    Sat Sep 12 20:00:18 2026
Kernel:  AVX+FMA - 1 threads (16 CPU cores detected)

HINT: Use -nt option to specify number of threads because your CPU has 16 cores!
HINT: -nt AUTO will automatically determine the best number of threads to use.

Reading alignment file /home/mis/CSE6406-project/work/paper_subset_50x10_L800/ils_high/replicate_06/alignments/L800/locus_0028.phy ... Phylip format detected
Alignment most likely contains DNA/RNA sequences
Alignment has 21 sequences with 800 columns, 316 distinct patterns
266 parsimony-informative, 62 singleton sites, 472 constant sites
        Gap/Ambiguity  Composition  p-value
Analyzing sequences: done in 3.7762e-05 secs using 95.33% CPU
   1  0_0_0     0.00%    passed     68.53%
   2  20_0_0    0.00%    passed     83.80%
   3  15_0_0    0.00%    passed     87.76%
   4  5_0_0     0.00%    passed     99.95%
   5  1_0_0     0.00%    passed     97.89%
   6  7_0_0     0.00%    passed     99.27%
   7  4_0_0     0.00%    passed     98.99%
   8  6_0_0     0.00%    passed     83.69%
   9  9_0_0     0.00%    passed     67.15%
  10  8_0_0     0.00%    passed     83.27%
  11  3_0_0     0.00%    passed     79.48%
  12  2_0_0     0.00%    passed     86.18%
  13  17_0_0    0.00%    passed     95.50%
  14  13_0_0    0.00%    passed     95.91%
  15  19_0_0    0.00%    passed     99.93%
  16  10_0_0    0.00%    passed     95.68%
  17  16_0_0    0.00%    passed     88.75%
  18  18_0_0    0.00%    passed     85.50%
  19  14_0_0    0.00%    passed     93.03%
  20  11_0_0    0.00%    passed     99.61%
  21  12_0_0    0.00%    passed     86.43%
****  TOTAL     0.00%  0 sequences failed composition chi2 test (p-value<5%; df=3)

Create initial parsimony tree by phylogenetic likelihood library (PLL)... 0.002 seconds

NOTE: 0 MB RAM (0 GB) is required!
Estimate model parameters (epsilon = 0.100)
1. Initial log-likelihood: -6768.611
2. Current log-likelihood: -6432.642
3. Current log-likelihood: -6426.225
Optimal log-likelihood: -6426.201
Rate parameters:  A-C: 1.00000  A-G: 2.21126  A-T: 1.00000  C-G: 1.00000  C-T: 2.21126  G-T: 1.00000
Base frequencies:  A: 0.301  C: 0.194  G: 0.212  T: 0.292
Gamma shape alpha: 0.203
Parameters optimization took 3 rounds (0.055 sec)
Wrote distance file to... 
Computing ML distances based on estimated model parameters...
Calculating distance matrix: done in 0.00310416 secs using 70.1% CPU
Computing ML distances took 0.003193 sec (of wall-clock time) 0.002198 sec (of CPU time)
Setting up auxiliary I and S matrices: done in 6.9306e-05 secs using 98.12% CPU
Computing RapidNJ tree took 0.000257 sec (of wall-clock time) 0.000247 sec (of CPU time)
Log-likelihood of RapidNJ tree: -6427.258
--------------------------------------------------------------------
|             INITIALIZING CANDIDATE TREE SET                      |
--------------------------------------------------------------------
Generating 98 parsimony trees... 0.162 second
Computing log-likelihood of 98 initial trees ... 0.352 seconds
Current best score: -6426.201

Do NNI search on 20 best initial trees
Estimate model parameters (epsilon = 0.100)
BETTER TREE FOUND at iteration 1: -6425.065
Iteration 10 / LogL: -6425.079 / Time: 0h:0m:1s
Iteration 20 / LogL: -6425.074 / Time: 0h:0m:1s
Finish initializing candidate tree set (2)
Current best tree score: -6425.065 / CPU time: 1.459
Number of iterations: 20
--------------------------------------------------------------------
|               OPTIMIZING CANDIDATE TREE SET                      |
--------------------------------------------------------------------
Iteration 30 / LogL: -6425.671 / Time: 0h:0m:2s (0h:0m:5s left)
Iteration 40 / LogL: -6425.087 / Time: 0h:0m:2s (0h:0m:4s left)
Iteration 50 / LogL: -6425.088 / Time: 0h:0m:3s (0h:0m:3s left)
Iteration 60 / LogL: -6425.070 / Time: 0h:0m:3s (0h:0m:2s left)
Iteration 70 / LogL: -6425.070 / Time: 0h:0m:3s (0h:0m:1s left)
Iteration 80 / LogL: -6425.083 / Time: 0h:0m:4s (0h:0m:1s left)
Iteration 90 / LogL: -6425.073 / Time: 0h:0m:4s (0h:0m:0s left)
Iteration 100 / LogL: -6425.089 / Time: 0h:0m:4s (0h:0m:0s left)
TREE SEARCH COMPLETED AFTER 102 ITERATIONS / Time: 0h:0m:4s

--------------------------------------------------------------------
|                    FINALIZING TREE SEARCH                        |
--------------------------------------------------------------------
Performs final model parameters optimization
Estimate model parameters (epsilon = 0.010)
1. Initial log-likelihood: -6425.065
Optimal log-likelihood: -6425.065
Rate parameters:  A-C: 1.00000  A-G: 2.20312  A-T: 1.00000  C-G: 1.00000  C-T: 2.20312  G-T: 1.00000
Base frequencies:  A: 0.301  C: 0.194  G: 0.212  T: 0.292
Gamma shape alpha: 0.202
Parameters optimization took 1 rounds (0.005 sec)
BEST SCORE FOUND : -6425.065

Testing tree branches by aBayes parametric test...
0.008 sec.
Total tree length: 2.298

Total number of iterations: 102
CPU time used for tree search: 4.651 sec (0h:0m:4s)
Wall-clock time used for tree search: 4.748 sec (0h:0m:4s)
Total CPU time used: 4.744 sec (0h:0m:4s)
Total wall-clock time used: 4.849 sec (0h:0m:4s)

Analysis results written to: 
  IQ-TREE report:                /home/mis/CSE6406-project/work/paper_subset_50x10_L800/ils_high/replicate_06/estimated_gene_trees/L800/hky_g4/locus_0028.iqtree
  Maximum-likelihood tree:       /home/mis/CSE6406-project/work/paper_subset_50x10_L800/ils_high/replicate_06/estimated_gene_trees/L800/hky_g4/locus_0028.treefile
  Likelihood distances:          /home/mis/CSE6406-project/work/paper_subset_50x10_L800/ils_high/replicate_06/estimated_gene_trees/L800/hky_g4/locus_0028.mldist
  Screen log file:               /home/mis/CSE6406-project/work/paper_subset_50x10_L800/ils_high/replicate_06/estimated_gene_trees/L800/hky_g4/locus_0028.log

Date and Time: Sat Sep 12 20:00:22 2026
