IQ-TREE multicore version 2.4.0 for Linux x86 64-bit built Feb 12 2025
Developed by Bui Quang Minh, Nguyen Lam Tung, Olga Chernomor, Heiko Schmidt,
Dominik Schrempf, Michael Woodhams, Ly Trong Nhan, Thomas Wong

Host:    ezmata (AVX2, FMA3, 15 GB RAM)
Command: /home/mis/miniconda3/envs/cse6406/bin/iqtree2 -s /home/mis/CSE6406-project/work/paper_subset_50x10_L800/ils_high/replicate_06/alignments/L800/locus_0017.phy -m HKY+G4 --abayes -T 1 --seed 7006018 --prefix /home/mis/CSE6406-project/work/paper_subset_50x10_L800/ils_high/replicate_06/estimated_gene_trees/L800/hky_g4/locus_0017 --redo --quiet
Seed:    7006018 (Using SPRNG - Scalable Parallel Random Number Generator)
Time:    Sat Sep 12 20:00:11 2026
Kernel:  AVX+FMA - 1 threads (16 CPU cores detected)

HINT: Use -nt option to specify number of threads because your CPU has 16 cores!
HINT: -nt AUTO will automatically determine the best number of threads to use.

Reading alignment file /home/mis/CSE6406-project/work/paper_subset_50x10_L800/ils_high/replicate_06/alignments/L800/locus_0017.phy ... Phylip format detected
Alignment most likely contains DNA/RNA sequences
Alignment has 21 sequences with 800 columns, 331 distinct patterns
262 parsimony-informative, 81 singleton sites, 457 constant sites
        Gap/Ambiguity  Composition  p-value
Analyzing sequences: done in 3.6363e-05 secs using 96.25% CPU
   1  0_0_0     0.00%    passed     61.90%
   2  8_0_0     0.00%    passed     83.11%
   3  7_0_0     0.00%    passed     65.38%
   4  1_0_0     0.00%    passed     80.72%
   5  4_0_0     0.00%    passed     67.14%
   6  18_0_0    0.00%    passed     92.23%
   7  17_0_0    0.00%    passed     95.78%
   8  13_0_0    0.00%    passed     82.32%
   9  15_0_0    0.00%    passed     95.28%
  10  20_0_0    0.00%    passed     92.59%
  11  16_0_0    0.00%    passed     97.66%
  12  10_0_0    0.00%    passed     96.78%
  13  19_0_0    0.00%    passed     90.20%
  14  3_0_0     0.00%    passed     48.85%
  15  2_0_0     0.00%    passed     51.42%
  16  5_0_0     0.00%    passed     66.94%
  17  6_0_0     0.00%    passed     99.73%
  18  14_0_0    0.00%    passed     52.74%
  19  11_0_0    0.00%    passed     94.08%
  20  12_0_0    0.00%    passed     99.91%
  21  9_0_0     0.00%    passed     98.70%
****  TOTAL     0.00%  0 sequences failed composition chi2 test (p-value<5%; df=3)

Create initial parsimony tree by phylogenetic likelihood library (PLL)... 0.001 seconds

NOTE: 0 MB RAM (0 GB) is required!
Estimate model parameters (epsilon = 0.100)
1. Initial log-likelihood: -6823.474
2. Current log-likelihood: -6526.301
3. Current log-likelihood: -6516.972
Optimal log-likelihood: -6516.914
Rate parameters:  A-C: 1.00000  A-G: 2.02900  A-T: 1.00000  C-G: 1.00000  C-T: 2.02900  G-T: 1.00000
Base frequencies:  A: 0.302  C: 0.204  G: 0.203  T: 0.291
Gamma shape alpha: 0.211
Parameters optimization took 3 rounds (0.057 sec)
Wrote distance file to... 
Computing ML distances based on estimated model parameters...
Calculating distance matrix: done in 0.00308763 secs using 98.49% CPU
Computing ML distances took 0.003179 sec (of wall-clock time) 0.003133 sec (of CPU time)
Setting up auxiliary I and S matrices: done in 9.3884e-05 secs using 99.06% CPU
Computing RapidNJ tree took 0.000306 sec (of wall-clock time) 0.000132 sec (of CPU time)
Log-likelihood of RapidNJ tree: -6532.666
--------------------------------------------------------------------
|             INITIALIZING CANDIDATE TREE SET                      |
--------------------------------------------------------------------
Generating 98 parsimony trees... 0.179 second
Computing log-likelihood of 98 initial trees ... 0.202 seconds
Current best score: -6507.333

Do NNI search on 20 best initial trees
Estimate model parameters (epsilon = 0.100)
BETTER TREE FOUND at iteration 1: -6505.732
Iteration 10 / LogL: -6505.741 / Time: 0h:0m:0s
Iteration 20 / LogL: -6505.748 / Time: 0h:0m:1s
Finish initializing candidate tree set (3)
Current best tree score: -6505.732 / CPU time: 1.061
Number of iterations: 20
--------------------------------------------------------------------
|               OPTIMIZING CANDIDATE TREE SET                      |
--------------------------------------------------------------------
UPDATE BEST LOG-LIKELIHOOD: -6505.732
Iteration 30 / LogL: -6506.956 / Time: 0h:0m:1s (0h:0m:3s left)
Iteration 40 / LogL: -6505.747 / Time: 0h:0m:1s (0h:0m:2s left)
Iteration 50 / LogL: -6505.985 / Time: 0h:0m:1s (0h:0m:2s left)
Iteration 60 / LogL: -6505.746 / Time: 0h:0m:2s (0h:0m:1s left)
Iteration 70 / LogL: -6505.957 / Time: 0h:0m:2s (0h:0m:1s left)
Iteration 80 / LogL: -6505.732 / Time: 0h:0m:2s (0h:0m:0s left)
Iteration 90 / LogL: -6505.745 / Time: 0h:0m:3s (0h:0m:0s left)
Iteration 100 / LogL: -6505.746 / Time: 0h:0m:3s (0h:0m:0s left)
TREE SEARCH COMPLETED AFTER 102 ITERATIONS / Time: 0h:0m:3s

--------------------------------------------------------------------
|                    FINALIZING TREE SEARCH                        |
--------------------------------------------------------------------
Performs final model parameters optimization
Estimate model parameters (epsilon = 0.010)
1. Initial log-likelihood: -6505.732
Optimal log-likelihood: -6505.731
Rate parameters:  A-C: 1.00000  A-G: 2.04227  A-T: 1.00000  C-G: 1.00000  C-T: 2.04227  G-T: 1.00000
Base frequencies:  A: 0.302  C: 0.204  G: 0.203  T: 0.291
Gamma shape alpha: 0.208
Parameters optimization took 1 rounds (0.005 sec)
BEST SCORE FOUND : -6505.731

Testing tree branches by aBayes parametric test...
0.006 sec.
Total tree length: 2.257

Total number of iterations: 102
CPU time used for tree search: 3.327 sec (0h:0m:3s)
Wall-clock time used for tree search: 3.408 sec (0h:0m:3s)
Total CPU time used: 3.427 sec (0h:0m:3s)
Total wall-clock time used: 3.510 sec (0h:0m:3s)

Analysis results written to: 
  IQ-TREE report:                /home/mis/CSE6406-project/work/paper_subset_50x10_L800/ils_high/replicate_06/estimated_gene_trees/L800/hky_g4/locus_0017.iqtree
  Maximum-likelihood tree:       /home/mis/CSE6406-project/work/paper_subset_50x10_L800/ils_high/replicate_06/estimated_gene_trees/L800/hky_g4/locus_0017.treefile
  Likelihood distances:          /home/mis/CSE6406-project/work/paper_subset_50x10_L800/ils_high/replicate_06/estimated_gene_trees/L800/hky_g4/locus_0017.mldist
  Screen log file:               /home/mis/CSE6406-project/work/paper_subset_50x10_L800/ils_high/replicate_06/estimated_gene_trees/L800/hky_g4/locus_0017.log

Date and Time: Sat Sep 12 20:00:15 2026
