IQ-TREE multicore version 2.4.0 for Linux x86 64-bit built Feb 12 2025
Developed by Bui Quang Minh, Nguyen Lam Tung, Olga Chernomor, Heiko Schmidt,
Dominik Schrempf, Michael Woodhams, Ly Trong Nhan, Thomas Wong

Host:    ezmata (AVX2, FMA3, 15 GB RAM)
Command: /home/mis/miniconda3/envs/cse6406/bin/iqtree2 -s /home/mis/CSE6406-project/work/paper_subset_10x2_L200_800/ils_low/replicate_02/alignments/L800/locus_0001.phy -m GTR+G4 --abayes -T AUTO --seed 6606002 --prefix /home/mis/CSE6406-project/work/paper_subset_10x2_L200_800/ils_low/replicate_02/estimated_gene_trees/L800/gtr_g4/locus_0001 --redo --quiet
Seed:    6606002 (Using SPRNG - Scalable Parallel Random Number Generator)
Time:    Thu Sep 10 17:39:53 2026
Kernel:  AVX+FMA - auto-detect threads (16 CPU cores detected)

Reading alignment file /home/mis/CSE6406-project/work/paper_subset_10x2_L200_800/ils_low/replicate_02/alignments/L800/locus_0001.phy ... Phylip format detected
Alignment most likely contains DNA/RNA sequences
Alignment has 21 sequences with 800 columns, 479 distinct patterns
425 parsimony-informative, 61 singleton sites, 314 constant sites
        Gap/Ambiguity  Composition  p-value
Analyzing sequences: done in 0.000128246 secs
   1  0_0_0     0.00%    passed     92.37%
   2  11_0_0    0.00%    passed     36.56%
   3  9_0_0     0.00%    passed     88.44%
   4  13_0_0    0.00%    passed     90.24%
   5  14_0_0    0.00%    passed     43.33%
   6  15_0_0    0.00%    passed     74.64%
   7  18_0_0    0.00%    passed     74.36%
   8  16_0_0    0.00%    passed     95.61%
   9  8_0_0     0.00%    passed     86.27%
  10  7_0_0     0.00%    passed     75.75%
  11  10_0_0    0.00%    passed     79.62%
  12  19_0_0    0.00%    passed     96.10%
  13  12_0_0    0.00%    passed     93.70%
  14  17_0_0    0.00%    passed     74.21%
  15  20_0_0    0.00%    passed     45.02%
  16  5_0_0     0.00%    passed     75.04%
  17  1_0_0     0.00%    passed     41.46%
  18  2_0_0     0.00%    passed     99.81%
  19  4_0_0     0.00%    passed     94.75%
  20  6_0_0     0.00%    passed     26.76%
  21  3_0_0     0.00%    passed     84.22%
****  TOTAL     0.00%  0 sequences failed composition chi2 test (p-value<5%; df=3)

Create initial parsimony tree by phylogenetic likelihood library (PLL)... 0.001 seconds

NOTE: 1 MB RAM (0 GB) is required!
Measuring multi-threading efficiency up to 16 CPU cores
Increase to 10 rounds for branch lengths
1619 trees examined
Threads: 1 / Time: 16.002 sec / Speedup: 1.000 / Efficiency: 100% / LogL: -12485
Threads: 2 / Time: 17.795 sec / Speedup: 0.899 / Efficiency: 45% / LogL: -12485
BEST NUMBER OF THREADS: 1

Estimate model parameters (epsilon = 0.100)
1. Initial log-likelihood: -11896.754
2. Current log-likelihood: -11376.615
3. Current log-likelihood: -11282.421
4. Current log-likelihood: -11266.779
5. Current log-likelihood: -11261.975
6. Current log-likelihood: -11260.139
7. Current log-likelihood: -11259.434
8. Current log-likelihood: -11259.116
9. Current log-likelihood: -11258.981
Optimal log-likelihood: -11258.882
Rate parameters:  A-C: 0.84301  A-G: 2.04771  A-T: 0.93666  C-G: 0.89092  C-T: 2.24239  G-T: 1.00000
Base frequencies:  A: 0.286  C: 0.199  G: 0.196  T: 0.318
Gamma shape alpha: 0.190
Parameters optimization took 9 rounds (0.109 sec)
Wrote distance file to... 
Computing ML distances based on estimated model parameters...
Calculating distance matrix: done in 0.00165749 secs using 99.97% CPU
Computing ML distances took 0.001698 sec (of wall-clock time) 0.001696 sec (of CPU time)
Setting up auxiliary I and S matrices: done in 3.1927e-05 secs using 974.1% CPU
Computing RapidNJ tree took 0.000113 sec (of wall-clock time) 0.000389 sec (of CPU time)
Log-likelihood of RapidNJ tree: -11266.488
--------------------------------------------------------------------
|             INITIALIZING CANDIDATE TREE SET                      |
--------------------------------------------------------------------
Generating 98 parsimony trees... 0.104 second
Computing log-likelihood of 98 initial trees ... 0.193 seconds
Current best score: -11258.882

Do NNI search on 20 best initial trees
Estimate model parameters (epsilon = 0.100)
BETTER TREE FOUND at iteration 1: -11251.133
UPDATE BEST LOG-LIKELIHOOD: -11251.132
Iteration 10 / LogL: -11251.132 / Time: 0h:0m:34s
Iteration 20 / LogL: -11251.132 / Time: 0h:0m:35s
Finish initializing candidate tree set (1)
Current best tree score: -11251.132 / CPU time: 1.149
Number of iterations: 20
--------------------------------------------------------------------
|               OPTIMIZING CANDIDATE TREE SET                      |
--------------------------------------------------------------------
UPDATE BEST LOG-LIKELIHOOD: -11251.132
UPDATE BEST LOG-LIKELIHOOD: -11251.132
Iteration 30 / LogL: -11260.431 / Time: 0h:0m:35s (0h:1m:26s left)
Iteration 40 / LogL: -11251.132 / Time: 0h:0m:35s (0h:0m:56s left)
Iteration 50 / LogL: -11251.132 / Time: 0h:0m:36s (0h:0m:37s left)
UPDATE BEST LOG-LIKELIHOOD: -11251.132
Iteration 60 / LogL: -11251.132 / Time: 0h:0m:36s (0h:0m:25s left)
Iteration 70 / LogL: -11251.132 / Time: 0h:0m:37s (0h:0m:16s left)
Iteration 80 / LogL: -11251.132 / Time: 0h:0m:37s (0h:0m:9s left)
Iteration 90 / LogL: -11251.132 / Time: 0h:0m:38s (0h:0m:4s left)
UPDATE BEST LOG-LIKELIHOOD: -11251.132
Iteration 100 / LogL: -11251.132 / Time: 0h:0m:38s (0h:0m:0s left)
TREE SEARCH COMPLETED AFTER 102 ITERATIONS / Time: 0h:0m:38s

--------------------------------------------------------------------
|                    FINALIZING TREE SEARCH                        |
--------------------------------------------------------------------
Performs final model parameters optimization
Estimate model parameters (epsilon = 0.010)
1. Initial log-likelihood: -11251.132
Optimal log-likelihood: -11251.126
Rate parameters:  A-C: 0.83449  A-G: 2.06712  A-T: 0.91421  C-G: 0.88541  C-T: 2.23195  G-T: 1.00000
Base frequencies:  A: 0.286  C: 0.199  G: 0.196  T: 0.318
Gamma shape alpha: 0.189
Parameters optimization took 1 rounds (0.006 sec)
BEST SCORE FOUND : -11251.126

Testing tree branches by aBayes parametric test...
0.007 sec.
Total tree length: 19.620

Total number of iterations: 102
CPU time used for tree search: 4.511 sec (0h:0m:4s)
Wall-clock time used for tree search: 4.583 sec (0h:0m:4s)
Total CPU time used: 45.469 sec (0h:0m:45s)
Total wall-clock time used: 38.521 sec (0h:0m:38s)

Analysis results written to: 
  IQ-TREE report:                /home/mis/CSE6406-project/work/paper_subset_10x2_L200_800/ils_low/replicate_02/estimated_gene_trees/L800/gtr_g4/locus_0001.iqtree
  Maximum-likelihood tree:       /home/mis/CSE6406-project/work/paper_subset_10x2_L200_800/ils_low/replicate_02/estimated_gene_trees/L800/gtr_g4/locus_0001.treefile
  Likelihood distances:          /home/mis/CSE6406-project/work/paper_subset_10x2_L200_800/ils_low/replicate_02/estimated_gene_trees/L800/gtr_g4/locus_0001.mldist
  Screen log file:               /home/mis/CSE6406-project/work/paper_subset_10x2_L200_800/ils_low/replicate_02/estimated_gene_trees/L800/gtr_g4/locus_0001.log

Date and Time: Thu Sep 10 17:40:32 2026
