IQ-TREE multicore version 2.4.0 for MacOS ARM 64-bit built Feb 12 2025
Developed by Bui Quang Minh, Nguyen Lam Tung, Olga Chernomor, Heiko Schmidt,
Dominik Schrempf, Michael Woodhams, Ly Trong Nhan, Thomas Wong

Host:    Fahims-MacBook-Air.local (SSE4.2, 16 GB RAM)
Command: /Users/fahim/miniconda3/envs/cse6406/bin/iqtree2 -s /Users/fahim/CSE6406-project/work/paper_subset_50x10_L1600/ils_high/replicate_01/alignments/L1600/locus_0017.phy -m HKY --abayes -T AUTO --seed 6506018 --prefix /Users/fahim/CSE6406-project/work/paper_subset_50x10_L1600/ils_high/replicate_01/estimated_gene_trees/L1600/hky/locus_0017 --redo --quiet
Seed:    6506018 (Using SPRNG - Scalable Parallel Random Number Generator)
Time:    Sat Sep 12 01:26:38 2026
Kernel:  SSE2 - auto-detect threads (10 CPU cores detected)

Reading alignment file /Users/fahim/CSE6406-project/work/paper_subset_50x10_L1600/ils_high/replicate_01/alignments/L1600/locus_0017.phy ... Phylip format detected
Alignment most likely contains DNA/RNA sequences
Alignment has 21 sequences with 1600 columns, 87 distinct patterns
22 parsimony-informative, 78 singleton sites, 1500 constant sites
        Gap/Ambiguity  Composition  p-value
Analyzing sequences: done in 3.19481e-05 secs using 75.12% CPU
   1  2_0_0     0.00%    passed     99.62%
   2  4_0_0     0.00%    passed     99.99%
   3  1_0_0     0.00%    passed     99.93%
   4  3_0_0     0.00%    passed     99.92%
   5  19_0_0    0.00%    passed     98.44%
   6  9_0_0     0.00%    passed     99.90%
   7  5_0_0     0.00%    passed     99.64%
   8  10_0_0    0.00%    passed     99.33%
   9  8_0_0     0.00%    passed     99.77%
  10  14_0_0    0.00%    passed     99.93%
  11  20_0_0    0.00%    passed     99.87%
  12  6_0_0     0.00%    passed     99.98%
  13  18_0_0    0.00%    passed     98.78%
  14  15_0_0    0.00%    passed     99.92%
  15  13_0_0    0.00%    passed     98.53%
  16  12_0_0    0.00%    passed     98.89%
  17  17_0_0    0.00%    passed     99.41%
  18  16_0_0    0.00%    passed     99.91%
  19  11_0_0    0.00%    passed     97.99%
  20  7_0_0     0.00%    passed     99.55%
  21  0_0_0     0.00%    passed     99.90%
****  TOTAL     0.00%  0 sequences failed composition chi2 test (p-value<5%; df=3)

Create initial parsimony tree by phylogenetic likelihood library (PLL)... 0.000 seconds

NOTE: 0 MB RAM (0 GB) is required!
Measuring multi-threading efficiency up to 10 CPU cores
Increase to 10 rounds for branch lengths
28038 trees examined
Threads: 1 / Time: 10.000 sec / Speedup: 1.000 / Efficiency: 100% / LogL: -3584
Threads: 2 / Time: 56.085 sec / Speedup: 0.178 / Efficiency: 9% / LogL: -3584
BEST NUMBER OF THREADS: 1

Estimate model parameters (epsilon = 0.100)
1. Initial log-likelihood: -3052.452
2. Current log-likelihood: -3044.330
Optimal log-likelihood: -3044.328
Rate parameters:  A-C: 1.00000  A-G: 2.17787  A-T: 1.00000  C-G: 1.00000  C-T: 2.17787  G-T: 1.00000
Base frequencies:  A: 0.308  C: 0.197  G: 0.197  T: 0.298
Parameters optimization took 2 rounds (0.001 sec)
Wrote distance file to... 
Computing ML distances based on estimated model parameters...
Calculating distance matrix: done in 0.000326157 secs using 98.42% CPU
Computing ML distances took 0.000345 sec (of wall-clock time) 0.000329 sec (of CPU time)
Setting up auxiliary I and S matrices: done in 1.78814e-05 secs using 67.11% CPU
Computing RapidNJ tree took 0.000066 sec (of wall-clock time) 0.000068 sec (of CPU time)
Log-likelihood of RapidNJ tree: -3055.895
--------------------------------------------------------------------
|             INITIALIZING CANDIDATE TREE SET                      |
--------------------------------------------------------------------
Generating 98 parsimony trees... 0.016 second
Computing log-likelihood of 98 initial trees ... 0.011 seconds
Current best score: -3044.328

Do NNI search on 20 best initial trees
Estimate model parameters (epsilon = 0.100)
BETTER TREE FOUND at iteration 1: -3044.301
BETTER TREE FOUND at iteration 4: -3044.299
Iteration 10 / LogL: -3044.328 / Time: 0h:1m:6s
Iteration 20 / LogL: -3044.328 / Time: 0h:1m:6s
Finish initializing candidate tree set (19)
Current best tree score: -3044.299 / CPU time: 0.041
Number of iterations: 20
--------------------------------------------------------------------
|               OPTIMIZING CANDIDATE TREE SET                      |
--------------------------------------------------------------------
Iteration 30 / LogL: -3044.303 / Time: 0h:1m:6s (0h:2m:48s left)
Iteration 40 / LogL: -3044.308 / Time: 0h:1m:6s (0h:1m:48s left)
UPDATE BEST LOG-LIKELIHOOD: -3044.299
Iteration 50 / LogL: -3044.306 / Time: 0h:1m:6s (0h:1m:12s left)
BETTER TREE FOUND at iteration 51: -3044.299
UPDATE BEST LOG-LIKELIHOOD: -3044.298
Iteration 60 / LogL: -3044.333 / Time: 0h:1m:6s (0h:1m:42s left)
Iteration 70 / LogL: -3044.305 / Time: 0h:1m:6s (0h:1m:17s left)
Iteration 80 / LogL: -3044.303 / Time: 0h:1m:6s (0h:0m:59s left)
Iteration 90 / LogL: -3044.304 / Time: 0h:1m:6s (0h:0m:45s left)
Iteration 100 / LogL: -3044.301 / Time: 0h:1m:6s (0h:0m:34s left)
Iteration 110 / LogL: -3044.308 / Time: 0h:1m:6s (0h:0m:24s left)
Iteration 120 / LogL: -3044.318 / Time: 0h:1m:6s (0h:0m:17s left)
UPDATE BEST LOG-LIKELIHOOD: -3044.298
Iteration 130 / LogL: -3044.303 / Time: 0h:1m:6s (0h:0m:10s left)
Iteration 140 / LogL: -3044.308 / Time: 0h:1m:6s (0h:0m:5s left)
Iteration 150 / LogL: -3044.330 / Time: 0h:1m:6s (0h:0m:0s left)
TREE SEARCH COMPLETED AFTER 152 ITERATIONS / Time: 0h:1m:6s

--------------------------------------------------------------------
|                    FINALIZING TREE SEARCH                        |
--------------------------------------------------------------------
Performs final model parameters optimization
Estimate model parameters (epsilon = 0.010)
1. Initial log-likelihood: -3044.298
Optimal log-likelihood: -3044.298
Rate parameters:  A-C: 1.00000  A-G: 2.17450  A-T: 1.00000  C-G: 1.00000  C-T: 2.17450  G-T: 1.00000
Base frequencies:  A: 0.308  C: 0.197  G: 0.197  T: 0.298
Parameters optimization took 1 rounds (0.000 sec)
BEST SCORE FOUND : -3044.298

Testing tree branches by aBayes parametric test...
0.000 sec.
Total tree length: 0.069

Total number of iterations: 152
CPU time used for tree search: 0.281 sec (0h:0m:0s)
Wall-clock time used for tree search: 0.283 sec (0h:0m:0s)
Total CPU time used: 39.423 sec (0h:0m:39s)
Total wall-clock time used: 66.376 sec (0h:1m:6s)

Analysis results written to: 
  IQ-TREE report:                /Users/fahim/CSE6406-project/work/paper_subset_50x10_L1600/ils_high/replicate_01/estimated_gene_trees/L1600/hky/locus_0017.iqtree
  Maximum-likelihood tree:       /Users/fahim/CSE6406-project/work/paper_subset_50x10_L1600/ils_high/replicate_01/estimated_gene_trees/L1600/hky/locus_0017.treefile
  Likelihood distances:          /Users/fahim/CSE6406-project/work/paper_subset_50x10_L1600/ils_high/replicate_01/estimated_gene_trees/L1600/hky/locus_0017.mldist
  Screen log file:               /Users/fahim/CSE6406-project/work/paper_subset_50x10_L1600/ils_high/replicate_01/estimated_gene_trees/L1600/hky/locus_0017.log

Date and Time: Sat Sep 12 01:27:44 2026
