IQ-TREE multicore version 2.4.0 for MacOS ARM 64-bit built Feb 12 2025
Developed by Bui Quang Minh, Nguyen Lam Tung, Olga Chernomor, Heiko Schmidt,
Dominik Schrempf, Michael Woodhams, Ly Trong Nhan, Thomas Wong

Host:    Fahims-MacBook-Air.local (SSE4.2, 16 GB RAM)
Command: /Users/fahim/miniconda3/envs/cse6406/bin/iqtree2 -s /Users/fahim/CSE6406-project/work/paper_subset_50x10_L1600/ils_high/replicate_01/alignments/L1600/locus_0018.phy -m HKY --abayes -T AUTO --seed 6506019 --prefix /Users/fahim/CSE6406-project/work/paper_subset_50x10_L1600/ils_high/replicate_01/estimated_gene_trees/L1600/hky/locus_0018 --redo --quiet
Seed:    6506019 (Using SPRNG - Scalable Parallel Random Number Generator)
Time:    Sat Sep 12 01:27:44 2026
Kernel:  SSE2 - auto-detect threads (10 CPU cores detected)

Reading alignment file /Users/fahim/CSE6406-project/work/paper_subset_50x10_L1600/ils_high/replicate_01/alignments/L1600/locus_0018.phy ... Phylip format detected
Alignment most likely contains DNA/RNA sequences
Alignment has 21 sequences with 1600 columns, 67 distinct patterns
18 parsimony-informative, 59 singleton sites, 1523 constant sites
        Gap/Ambiguity  Composition  p-value
Analyzing sequences: done in 4.50611e-05 secs using 57.7% CPU
   1  0_0_0     0.00%    passed     99.98%
   2  9_0_0     0.00%    passed     99.89%
   3  10_0_0    0.00%    passed     99.59%
   4  5_0_0     0.00%    passed     99.99%
   5  4_0_0     0.00%    passed     99.99%
   6  19_0_0    0.00%    passed     99.99%
   7  11_0_0    0.00%    passed    100.00%
   8  16_0_0    0.00%    passed    100.00%
   9  14_0_0    0.00%    passed    100.00%
  10  8_0_0     0.00%    passed    100.00%
  11  20_0_0    0.00%    passed     99.98%
  12  7_0_0     0.00%    passed     99.86%
  13  3_0_0     0.00%    passed     99.52%
  14  2_0_0     0.00%    passed     99.90%
  15  1_0_0     0.00%    passed     99.99%
  16  13_0_0    0.00%    passed     99.98%
  17  18_0_0    0.00%    passed     99.98%
  18  12_0_0    0.00%    passed     99.98%
  19  15_0_0    0.00%    passed     99.98%
  20  17_0_0    0.00%    passed     99.98%
  21  6_0_0     0.00%    passed     99.80%
****  TOTAL     0.00%  0 sequences failed composition chi2 test (p-value<5%; df=3)
NOTE: 8_0_0 is identical to 14_0_0 but kept for subsequent analysis

Create initial parsimony tree by phylogenetic likelihood library (PLL)... 0.000 seconds

NOTE: 0 MB RAM (0 GB) is required!
Measuring multi-threading efficiency up to 10 CPU cores
Increase to 10 rounds for branch lengths
44805 trees examined
Threads: 1 / Time: 10.000 sec / Speedup: 1.000 / Efficiency: 100% / LogL: -3034
Threads: 2 / Time: 53.764 sec / Speedup: 0.186 / Efficiency: 9% / LogL: -3034
BEST NUMBER OF THREADS: 1

Estimate model parameters (epsilon = 0.100)
1. Initial log-likelihood: -2849.535
2. Current log-likelihood: -2843.700
Optimal log-likelihood: -2843.700
Rate parameters:  A-C: 1.00000  A-G: 2.11155  A-T: 1.00000  C-G: 1.00000  C-T: 2.11155  G-T: 1.00000
Base frequencies:  A: 0.303  C: 0.187  G: 0.202  T: 0.308
Parameters optimization took 2 rounds (0.001 sec)
Wrote distance file to... 
Computing ML distances based on estimated model parameters...
Calculating distance matrix: done in 0.000324011 secs using 98.45% CPU
Computing ML distances took 0.000342 sec (of wall-clock time) 0.000327 sec (of CPU time)
Setting up auxiliary I and S matrices: done in 1.69277e-05 secs using 64.98% CPU
Computing RapidNJ tree took 0.000065 sec (of wall-clock time) 0.000065 sec (of CPU time)
Log-likelihood of RapidNJ tree: -2851.138
--------------------------------------------------------------------
|             INITIALIZING CANDIDATE TREE SET                      |
--------------------------------------------------------------------
Generating 98 parsimony trees... 0.016 second
Computing log-likelihood of 98 initial trees ... 0.010 seconds
Current best score: -2842.451

Do NNI search on 20 best initial trees
Estimate model parameters (epsilon = 0.100)
BETTER TREE FOUND at iteration 1: -2842.451
BETTER TREE FOUND at iteration 2: -2842.451
BETTER TREE FOUND at iteration 5: -2842.451
Iteration 10 / LogL: -2842.451 / Time: 0h:1m:3s
Iteration 20 / LogL: -2842.451 / Time: 0h:1m:3s
Finish initializing candidate tree set (20)
Current best tree score: -2842.451 / CPU time: 0.035
Number of iterations: 20
--------------------------------------------------------------------
|               OPTIMIZING CANDIDATE TREE SET                      |
--------------------------------------------------------------------
Iteration 30 / LogL: -2842.455 / Time: 0h:1m:3s (0h:2m:45s left)
Iteration 40 / LogL: -2842.453 / Time: 0h:1m:3s (0h:1m:46s left)
Iteration 50 / LogL: -2842.455 / Time: 0h:1m:3s (0h:1m:11s left)
Iteration 60 / LogL: -2842.456 / Time: 0h:1m:3s (0h:0m:48s left)
Iteration 70 / LogL: -2842.457 / Time: 0h:1m:3s (0h:0m:32s left)
Iteration 80 / LogL: -2842.457 / Time: 0h:1m:3s (0h:0m:20s left)
Iteration 90 / LogL: -2842.463 / Time: 0h:1m:3s (0h:0m:10s left)
Iteration 100 / LogL: -2842.453 / Time: 0h:1m:3s (0h:0m:3s left)
TREE SEARCH COMPLETED AFTER 106 ITERATIONS / Time: 0h:1m:3s

--------------------------------------------------------------------
|                    FINALIZING TREE SEARCH                        |
--------------------------------------------------------------------
Performs final model parameters optimization
Estimate model parameters (epsilon = 0.010)
1. Initial log-likelihood: -2842.451
Optimal log-likelihood: -2842.451
Rate parameters:  A-C: 1.00000  A-G: 2.11184  A-T: 1.00000  C-G: 1.00000  C-T: 2.11184  G-T: 1.00000
Base frequencies:  A: 0.303  C: 0.187  G: 0.202  T: 0.308
Parameters optimization took 1 rounds (0.000 sec)
BEST SCORE FOUND : -2842.451

Testing tree branches by aBayes parametric test...
0.000 sec.
Total tree length: 0.054

Total number of iterations: 106
CPU time used for tree search: 0.133 sec (0h:0m:0s)
Wall-clock time used for tree search: 0.134 sec (0h:0m:0s)
Total CPU time used: 37.695 sec (0h:0m:37s)
Total wall-clock time used: 63.905 sec (0h:1m:3s)

Analysis results written to: 
  IQ-TREE report:                /Users/fahim/CSE6406-project/work/paper_subset_50x10_L1600/ils_high/replicate_01/estimated_gene_trees/L1600/hky/locus_0018.iqtree
  Maximum-likelihood tree:       /Users/fahim/CSE6406-project/work/paper_subset_50x10_L1600/ils_high/replicate_01/estimated_gene_trees/L1600/hky/locus_0018.treefile
  Likelihood distances:          /Users/fahim/CSE6406-project/work/paper_subset_50x10_L1600/ils_high/replicate_01/estimated_gene_trees/L1600/hky/locus_0018.mldist
  Screen log file:               /Users/fahim/CSE6406-project/work/paper_subset_50x10_L1600/ils_high/replicate_01/estimated_gene_trees/L1600/hky/locus_0018.log

Date and Time: Sat Sep 12 01:28:48 2026
