IQ-TREE multicore version 2.4.0 for MacOS ARM 64-bit built Feb 12 2025
Developed by Bui Quang Minh, Nguyen Lam Tung, Olga Chernomor, Heiko Schmidt,
Dominik Schrempf, Michael Woodhams, Ly Trong Nhan, Thomas Wong

Host:    Fahims-MacBook-Air.local (SSE4.2, 16 GB RAM)
Command: /Users/fahim/miniconda3/envs/cse6406/bin/iqtree2 -s /Users/fahim/CSE6406-project/work/paper_subset_50x10_L1600/ils_high/replicate_01/alignments/L1600/locus_0042.phy -m HKY --abayes -T AUTO --seed 6506043 --prefix /Users/fahim/CSE6406-project/work/paper_subset_50x10_L1600/ils_high/replicate_01/estimated_gene_trees/L1600/hky/locus_0042 --redo --quiet
Seed:    6506043 (Using SPRNG - Scalable Parallel Random Number Generator)
Time:    Sat Sep 12 01:52:44 2026
Kernel:  SSE2 - auto-detect threads (10 CPU cores detected)

Reading alignment file /Users/fahim/CSE6406-project/work/paper_subset_50x10_L1600/ils_high/replicate_01/alignments/L1600/locus_0042.phy ... Phylip format detected
Alignment most likely contains DNA/RNA sequences
Alignment has 21 sequences with 1600 columns, 66 distinct patterns
15 parsimony-informative, 54 singleton sites, 1531 constant sites
        Gap/Ambiguity  Composition  p-value
Analyzing sequences: done in 3.31402e-05 secs using 63.37% CPU
   1  0_0_0     0.00%    passed     99.71%
   2  16_0_0    0.00%    passed     99.91%
   3  8_0_0     0.00%    passed     99.98%
   4  5_0_0     0.00%    passed     99.77%
   5  9_0_0     0.00%    passed     99.83%
   6  10_0_0    0.00%    passed     99.90%
   7  17_0_0    0.00%    passed     99.98%
   8  15_0_0    0.00%    passed     99.99%
   9  18_0_0    0.00%    passed     99.79%
  10  12_0_0    0.00%    passed     99.46%
  11  4_0_0     0.00%    passed     99.99%
  12  2_0_0     0.00%    passed     99.75%
  13  1_0_0     0.00%    passed     99.95%
  14  3_0_0     0.00%    passed     99.94%
  15  6_0_0     0.00%    passed     99.42%
  16  13_0_0    0.00%    passed     99.91%
  17  19_0_0    0.00%    passed    100.00%
  18  14_0_0    0.00%    passed     99.91%
  19  20_0_0    0.00%    passed    100.00%
  20  7_0_0     0.00%    passed     99.93%
  21  11_0_0    0.00%    passed     99.98%
****  TOTAL     0.00%  0 sequences failed composition chi2 test (p-value<5%; df=3)

Create initial parsimony tree by phylogenetic likelihood library (PLL)... 0.000 seconds

NOTE: 0 MB RAM (0 GB) is required!
Measuring multi-threading efficiency up to 10 CPU cores
Increase to 10 rounds for branch lengths
42360 trees examined
Threads: 1 / Time: 10.000 sec / Speedup: 1.000 / Efficiency: 100% / LogL: -3081
Threads: 2 / Time: 55.938 sec / Speedup: 0.179 / Efficiency: 9% / LogL: -3081
BEST NUMBER OF THREADS: 1

Estimate model parameters (epsilon = 0.100)
1. Initial log-likelihood: -2801.636
2. Current log-likelihood: -2799.903
Optimal log-likelihood: -2799.902
Rate parameters:  A-C: 1.00000  A-G: 1.55934  A-T: 1.00000  C-G: 1.00000  C-T: 1.55934  G-T: 1.00000
Base frequencies:  A: 0.280  C: 0.210  G: 0.216  T: 0.294
Parameters optimization took 2 rounds (0.000 sec)
Wrote distance file to... 
Computing ML distances based on estimated model parameters...
Calculating distance matrix: done in 0.000370979 secs using 98.66% CPU
Computing ML distances took 0.000387 sec (of wall-clock time) 0.000374 sec (of CPU time)
Setting up auxiliary I and S matrices: done in 1.5974e-05 secs using 68.86% CPU
Computing RapidNJ tree took 0.000060 sec (of wall-clock time) 0.000063 sec (of CPU time)
Log-likelihood of RapidNJ tree: -2799.931
--------------------------------------------------------------------
|             INITIALIZING CANDIDATE TREE SET                      |
--------------------------------------------------------------------
Generating 98 parsimony trees... 0.016 second
Computing log-likelihood of 98 initial trees ... 0.009 seconds
Current best score: -2799.902

Do NNI search on 20 best initial trees
Estimate model parameters (epsilon = 0.100)
BETTER TREE FOUND at iteration 1: -2799.901
BETTER TREE FOUND at iteration 2: -2799.901
BETTER TREE FOUND at iteration 3: -2799.901
BETTER TREE FOUND at iteration 5: -2799.901
BETTER TREE FOUND at iteration 6: -2799.901
BETTER TREE FOUND at iteration 9: -2799.901
Iteration 10 / LogL: -2799.901 / Time: 0h:1m:5s
BETTER TREE FOUND at iteration 12: -2799.901
Iteration 20 / LogL: -2799.902 / Time: 0h:1m:5s
Finish initializing candidate tree set (20)
Current best tree score: -2799.901 / CPU time: 0.034
Number of iterations: 20
--------------------------------------------------------------------
|               OPTIMIZING CANDIDATE TREE SET                      |
--------------------------------------------------------------------
Iteration 30 / LogL: -2799.908 / Time: 0h:1m:5s (0h:3m:6s left)
BETTER TREE FOUND at iteration 36: -2799.901
Iteration 40 / LogL: -2799.909 / Time: 0h:1m:6s (0h:2m:42s left)
BETTER TREE FOUND at iteration 46: -2799.901
Iteration 50 / LogL: -2799.911 / Time: 0h:1m:6s (0h:2m:9s left)
Iteration 60 / LogL: -2799.910 / Time: 0h:1m:6s (0h:1m:36s left)
Iteration 70 / LogL: -2799.907 / Time: 0h:1m:6s (0h:1m:12s left)
Iteration 80 / LogL: -2799.912 / Time: 0h:1m:6s (0h:0m:55s left)
Iteration 90 / LogL: -2799.909 / Time: 0h:1m:6s (0h:0m:41s left)
Iteration 100 / LogL: -2799.909 / Time: 0h:1m:6s (0h:0m:30s left)
Iteration 110 / LogL: -2799.906 / Time: 0h:1m:6s (0h:0m:21s left)
Iteration 120 / LogL: -2804.147 / Time: 0h:1m:6s (0h:0m:14s left)
Iteration 130 / LogL: -2799.912 / Time: 0h:1m:6s (0h:0m:8s left)
Iteration 140 / LogL: -2799.906 / Time: 0h:1m:6s (0h:0m:2s left)
TREE SEARCH COMPLETED AFTER 147 ITERATIONS / Time: 0h:1m:6s

--------------------------------------------------------------------
|                    FINALIZING TREE SEARCH                        |
--------------------------------------------------------------------
Performs final model parameters optimization
Estimate model parameters (epsilon = 0.010)
1. Initial log-likelihood: -2799.901
Optimal log-likelihood: -2799.901
Rate parameters:  A-C: 1.00000  A-G: 1.55878  A-T: 1.00000  C-G: 1.00000  C-T: 1.55878  G-T: 1.00000
Base frequencies:  A: 0.280  C: 0.210  G: 0.216  T: 0.294
Parameters optimization took 1 rounds (0.000 sec)
BEST SCORE FOUND : -2799.901

Testing tree branches by aBayes parametric test...
0.000 sec.
Total tree length: 0.046

Total number of iterations: 147
CPU time used for tree search: 0.187 sec (0h:0m:0s)
Wall-clock time used for tree search: 0.188 sec (0h:0m:0s)
Total CPU time used: 38.942 sec (0h:0m:38s)
Total wall-clock time used: 66.133 sec (0h:1m:6s)

Analysis results written to: 
  IQ-TREE report:                /Users/fahim/CSE6406-project/work/paper_subset_50x10_L1600/ils_high/replicate_01/estimated_gene_trees/L1600/hky/locus_0042.iqtree
  Maximum-likelihood tree:       /Users/fahim/CSE6406-project/work/paper_subset_50x10_L1600/ils_high/replicate_01/estimated_gene_trees/L1600/hky/locus_0042.treefile
  Likelihood distances:          /Users/fahim/CSE6406-project/work/paper_subset_50x10_L1600/ils_high/replicate_01/estimated_gene_trees/L1600/hky/locus_0042.mldist
  Screen log file:               /Users/fahim/CSE6406-project/work/paper_subset_50x10_L1600/ils_high/replicate_01/estimated_gene_trees/L1600/hky/locus_0042.log

Date and Time: Sat Sep 12 01:53:50 2026
