IQ-TREE multicore version 2.4.0 for MacOS ARM 64-bit built Feb 12 2025
Developed by Bui Quang Minh, Nguyen Lam Tung, Olga Chernomor, Heiko Schmidt,
Dominik Schrempf, Michael Woodhams, Ly Trong Nhan, Thomas Wong

Host:    Fahims-MacBook-Air.local (SSE4.2, 16 GB RAM)
Command: /Users/fahim/miniconda3/envs/cse6406/bin/iqtree2 -s /Users/fahim/CSE6406-project/work/paper_subset_50x10_L1600/ils_high/replicate_01/alignments/L1600/locus_0018.phy -m HKY+G4 --abayes -T AUTO --seed 6506019 --prefix /Users/fahim/CSE6406-project/work/paper_subset_50x10_L1600/ils_high/replicate_01/estimated_gene_trees/L1600/hky_g4/locus_0018 --redo --quiet
Seed:    6506019 (Using SPRNG - Scalable Parallel Random Number Generator)
Time:    Sat Sep 12 00:45:48 2026
Kernel:  SSE2 - auto-detect threads (10 CPU cores detected)

Reading alignment file /Users/fahim/CSE6406-project/work/paper_subset_50x10_L1600/ils_high/replicate_01/alignments/L1600/locus_0018.phy ... Phylip format detected
Alignment most likely contains DNA/RNA sequences
Alignment has 21 sequences with 1600 columns, 67 distinct patterns
18 parsimony-informative, 59 singleton sites, 1523 constant sites
        Gap/Ambiguity  Composition  p-value
Analyzing sequences: done in 3.91006e-05 secs using 48.59% CPU
   1  0_0_0     0.00%    passed     99.98%
   2  9_0_0     0.00%    passed     99.89%
   3  10_0_0    0.00%    passed     99.59%
   4  5_0_0     0.00%    passed     99.99%
   5  4_0_0     0.00%    passed     99.99%
   6  19_0_0    0.00%    passed     99.99%
   7  11_0_0    0.00%    passed    100.00%
   8  16_0_0    0.00%    passed    100.00%
   9  14_0_0    0.00%    passed    100.00%
  10  8_0_0     0.00%    passed    100.00%
  11  20_0_0    0.00%    passed     99.98%
  12  7_0_0     0.00%    passed     99.86%
  13  3_0_0     0.00%    passed     99.52%
  14  2_0_0     0.00%    passed     99.90%
  15  1_0_0     0.00%    passed     99.99%
  16  13_0_0    0.00%    passed     99.98%
  17  18_0_0    0.00%    passed     99.98%
  18  12_0_0    0.00%    passed     99.98%
  19  15_0_0    0.00%    passed     99.98%
  20  17_0_0    0.00%    passed     99.98%
  21  6_0_0     0.00%    passed     99.80%
****  TOTAL     0.00%  0 sequences failed composition chi2 test (p-value<5%; df=3)
NOTE: 8_0_0 is identical to 14_0_0 but kept for subsequent analysis

Create initial parsimony tree by phylogenetic likelihood library (PLL)... 0.000 seconds

NOTE: 0 MB RAM (0 GB) is required!
Measuring multi-threading efficiency up to 10 CPU cores
Increase to 10 rounds for branch lengths
22134 trees examined
Threads: 1 / Time: 10.000 sec / Speedup: 1.000 / Efficiency: 100% / LogL: -3008
Threads: 2 / Time: 33.919 sec / Speedup: 0.295 / Efficiency: 15% / LogL: -3008
BEST NUMBER OF THREADS: 1

Estimate model parameters (epsilon = 0.100)
1. Initial log-likelihood: -2845.934
2. Current log-likelihood: -2836.494
Optimal log-likelihood: -2836.479
Rate parameters:  A-C: 1.00000  A-G: 2.13030  A-T: 1.00000  C-G: 1.00000  C-T: 2.13030  G-T: 1.00000
Base frequencies:  A: 0.303  C: 0.187  G: 0.202  T: 0.308
Gamma shape alpha: 0.020
Parameters optimization took 2 rounds (0.003 sec)
Wrote distance file to... 
Computing ML distances based on estimated model parameters...
Calculating distance matrix: done in 0.000977039 secs using 99.59% CPU
Computing ML distances took 0.000991 sec (of wall-clock time) 0.000981 sec (of CPU time)
Setting up auxiliary I and S matrices: done in 1.69277e-05 secs using 64.98% CPU
Computing RapidNJ tree took 0.000057 sec (of wall-clock time) 0.000059 sec (of CPU time)
Log-likelihood of RapidNJ tree: -2842.503
--------------------------------------------------------------------
|             INITIALIZING CANDIDATE TREE SET                      |
--------------------------------------------------------------------
Generating 98 parsimony trees... 0.016 second
Computing log-likelihood of 98 initial trees ... 0.019 seconds
Current best score: -2835.212

Do NNI search on 20 best initial trees
Estimate model parameters (epsilon = 0.100)
BETTER TREE FOUND at iteration 1: -2834.041
BETTER TREE FOUND at iteration 4: -2834.041
BETTER TREE FOUND at iteration 5: -2834.041
BETTER TREE FOUND at iteration 6: -2834.041
Iteration 10 / LogL: -2834.041 / Time: 0h:0m:43s
UPDATE BEST LOG-LIKELIHOOD: -2834.041
Iteration 20 / LogL: -2834.041 / Time: 0h:0m:44s
Finish initializing candidate tree set (18)
Current best tree score: -2834.041 / CPU time: 0.075
Number of iterations: 20
--------------------------------------------------------------------
|               OPTIMIZING CANDIDATE TREE SET                      |
--------------------------------------------------------------------
BETTER TREE FOUND at iteration 28: -2834.041
Iteration 30 / LogL: -2834.044 / Time: 0h:0m:44s (0h:2m:28s left)
Iteration 40 / LogL: -2834.044 / Time: 0h:0m:44s (0h:1m:39s left)
BETTER TREE FOUND at iteration 44: -2834.041
Iteration 50 / LogL: -2862.741 / Time: 0h:0m:44s (0h:1m:24s left)
Iteration 60 / LogL: -2834.049 / Time: 0h:0m:44s (0h:1m:2s left)
BETTER TREE FOUND at iteration 70: -2834.040
Iteration 70 / LogL: -2834.040 / Time: 0h:0m:44s (0h:1m:3s left)
Iteration 80 / LogL: -2834.043 / Time: 0h:0m:44s (0h:0m:50s left)
Iteration 90 / LogL: -2834.046 / Time: 0h:0m:44s (0h:0m:39s left)
Iteration 100 / LogL: -2834.046 / Time: 0h:0m:44s (0h:0m:31s left)
Iteration 110 / LogL: -2837.618 / Time: 0h:0m:44s (0h:0m:24s left)
Iteration 120 / LogL: -2834.048 / Time: 0h:0m:44s (0h:0m:18s left)
Iteration 130 / LogL: -2834.044 / Time: 0h:0m:44s (0h:0m:13s left)
Iteration 140 / LogL: -2834.050 / Time: 0h:0m:44s (0h:0m:9s left)
Iteration 150 / LogL: -2838.615 / Time: 0h:0m:44s (0h:0m:5s left)
Iteration 160 / LogL: -2837.616 / Time: 0h:0m:44s (0h:0m:2s left)
Iteration 170 / LogL: -2841.365 / Time: 0h:0m:44s (0h:0m:0s left)
TREE SEARCH COMPLETED AFTER 171 ITERATIONS / Time: 0h:0m:44s

--------------------------------------------------------------------
|                    FINALIZING TREE SEARCH                        |
--------------------------------------------------------------------
Performs final model parameters optimization
Estimate model parameters (epsilon = 0.010)
1. Initial log-likelihood: -2834.040
Optimal log-likelihood: -2834.038
Rate parameters:  A-C: 1.00000  A-G: 2.27777  A-T: 1.00000  C-G: 1.00000  C-T: 2.27777  G-T: 1.00000
Base frequencies:  A: 0.303  C: 0.187  G: 0.202  T: 0.308
Gamma shape alpha: 0.020
Parameters optimization took 1 rounds (0.001 sec)
BEST SCORE FOUND : -2834.038

Testing tree branches by aBayes parametric test...
0.001 sec.
Total tree length: 0.056

Total number of iterations: 171
CPU time used for tree search: 0.467 sec (0h:0m:0s)
Wall-clock time used for tree search: 0.469 sec (0h:0m:0s)
Total CPU time used: 31.540 sec (0h:0m:31s)
Total wall-clock time used: 44.401 sec (0h:0m:44s)

Analysis results written to: 
  IQ-TREE report:                /Users/fahim/CSE6406-project/work/paper_subset_50x10_L1600/ils_high/replicate_01/estimated_gene_trees/L1600/hky_g4/locus_0018.iqtree
  Maximum-likelihood tree:       /Users/fahim/CSE6406-project/work/paper_subset_50x10_L1600/ils_high/replicate_01/estimated_gene_trees/L1600/hky_g4/locus_0018.treefile
  Likelihood distances:          /Users/fahim/CSE6406-project/work/paper_subset_50x10_L1600/ils_high/replicate_01/estimated_gene_trees/L1600/hky_g4/locus_0018.mldist
  Screen log file:               /Users/fahim/CSE6406-project/work/paper_subset_50x10_L1600/ils_high/replicate_01/estimated_gene_trees/L1600/hky_g4/locus_0018.log

Date and Time: Sat Sep 12 00:46:32 2026
