IQ-TREE multicore version 2.4.0 for Linux x86 64-bit built Feb 12 2025
Developed by Bui Quang Minh, Nguyen Lam Tung, Olga Chernomor, Heiko Schmidt,
Dominik Schrempf, Michael Woodhams, Ly Trong Nhan, Thomas Wong

Host:    ezmata (AVX2, FMA3, 15 GB RAM)
Command: /home/mis/miniconda3/envs/cse6406/bin/iqtree2 -s /home/mis/CSE6406-project/work/paper_subset_50x10_L800/ils_low/replicate_07/alignments/L800/locus_0020.phy -m GTR+G4 --abayes -T AUTO --seed 7106021 --prefix /home/mis/CSE6406-project/work/paper_subset_50x10_L800/ils_low/replicate_07/estimated_gene_trees/L800/gtr_g4/locus_0020 --redo --quiet
Seed:    7106021 (Using SPRNG - Scalable Parallel Random Number Generator)
Time:    Sat Sep 12 05:07:42 2026
Kernel:  AVX+FMA - auto-detect threads (16 CPU cores detected)

Reading alignment file /home/mis/CSE6406-project/work/paper_subset_50x10_L800/ils_low/replicate_07/alignments/L800/locus_0020.phy ... Phylip format detected
Alignment most likely contains DNA/RNA sequences
Alignment has 21 sequences with 800 columns, 378 distinct patterns
296 parsimony-informative, 97 singleton sites, 407 constant sites
        Gap/Ambiguity  Composition  p-value
Analyzing sequences: done in 0.000171921 secs using 13.38% CPU
   1  5_0_0     0.00%    passed     90.82%
   2  10_0_0    0.00%    passed     65.29%
   3  17_0_0    0.00%    passed     75.16%
   4  9_0_0     0.00%    passed     62.14%
   5  11_0_0    0.00%    passed     65.08%
   6  16_0_0    0.00%    passed     98.00%
   7  3_0_0     0.00%    passed     92.49%
   8  13_0_0    0.00%    passed     87.09%
   9  2_0_0     0.00%    passed     62.08%
  10  6_0_0     0.00%    passed     99.09%
  11  4_0_0     0.00%    passed     73.19%
  12  14_0_0    0.00%    passed     59.80%
  13  15_0_0    0.00%    passed     63.61%
  14  8_0_0     0.00%    passed     68.78%
  15  7_0_0     0.00%    passed     73.05%
  16  12_0_0    0.00%    passed     87.88%
  17  1_0_0     0.00%    passed     23.77%
  18  18_0_0    0.00%    passed     95.67%
  19  20_0_0    0.00%    passed     95.08%
  20  19_0_0    0.00%    passed     95.42%
  21  0_0_0     0.00%    passed     97.31%
****  TOTAL     0.00%  0 sequences failed composition chi2 test (p-value<5%; df=3)

Create initial parsimony tree by phylogenetic likelihood library (PLL)... 0.001 seconds

NOTE: 1 MB RAM (0 GB) is required!
Measuring multi-threading efficiency up to 16 CPU cores
Increase to 10 rounds for branch lengths
2110 trees examined
Threads: 1 / Time: 16.006 sec / Speedup: 1.000 / Efficiency: 100% / LogL: -9338
Threads: 2 / Time: 18.754 sec / Speedup: 0.853 / Efficiency: 43% / LogL: -9338
BEST NUMBER OF THREADS: 1

Estimate model parameters (epsilon = 0.100)
1. Initial log-likelihood: -8814.523
2. Current log-likelihood: -8310.019
3. Current log-likelihood: -8290.691
4. Current log-likelihood: -8290.363
Optimal log-likelihood: -8290.343
Rate parameters:  A-C: 0.99437  A-G: 2.16727  A-T: 1.14240  C-G: 1.44236  C-T: 2.45833  G-T: 1.00000
Base frequencies:  A: 0.302  C: 0.176  G: 0.207  T: 0.315
Gamma shape alpha: 0.205
Parameters optimization took 4 rounds (0.038 sec)
Wrote distance file to... 
Computing ML distances based on estimated model parameters...
Calculating distance matrix: done in 0.00148931 secs using 98.64% CPU
Computing ML distances took 0.001525 sec (of wall-clock time) 0.001504 sec (of CPU time)
Setting up auxiliary I and S matrices: done in 2.9873e-05 secs using 97.08% CPU
Computing RapidNJ tree took 0.000112 sec (of wall-clock time) 0.000399 sec (of CPU time)
Log-likelihood of RapidNJ tree: -8292.305
--------------------------------------------------------------------
|             INITIALIZING CANDIDATE TREE SET                      |
--------------------------------------------------------------------
Generating 98 parsimony trees... 0.102 second
Computing log-likelihood of 98 initial trees ... 0.130 seconds
Current best score: -8270.462

Do NNI search on 20 best initial trees
Estimate model parameters (epsilon = 0.100)
BETTER TREE FOUND at iteration 1: -8265.969
Iteration 10 / LogL: -8266.000 / Time: 0h:0m:35s
Iteration 20 / LogL: -8266.249 / Time: 0h:0m:35s
Finish initializing candidate tree set (1)
Current best tree score: -8265.969 / CPU time: 0.589
Number of iterations: 20
--------------------------------------------------------------------
|               OPTIMIZING CANDIDATE TREE SET                      |
--------------------------------------------------------------------
Iteration 30 / LogL: -8266.223 / Time: 0h:0m:35s (0h:1m:27s left)
Iteration 40 / LogL: -8266.128 / Time: 0h:0m:35s (0h:0m:55s left)
Iteration 50 / LogL: -8265.978 / Time: 0h:0m:35s (0h:0m:37s left)
Iteration 60 / LogL: -8266.028 / Time: 0h:0m:36s (0h:0m:25s left)
Iteration 70 / LogL: -8266.056 / Time: 0h:0m:36s (0h:0m:16s left)
Iteration 80 / LogL: -8266.041 / Time: 0h:0m:36s (0h:0m:9s left)
Iteration 90 / LogL: -8266.298 / Time: 0h:0m:36s (0h:0m:4s left)
Iteration 100 / LogL: -8266.192 / Time: 0h:0m:36s (0h:0m:0s left)
TREE SEARCH COMPLETED AFTER 102 ITERATIONS / Time: 0h:0m:36s

--------------------------------------------------------------------
|                    FINALIZING TREE SEARCH                        |
--------------------------------------------------------------------
Performs final model parameters optimization
Estimate model parameters (epsilon = 0.010)
1. Initial log-likelihood: -8265.969
Optimal log-likelihood: -8265.967
Rate parameters:  A-C: 0.98573  A-G: 2.24357  A-T: 1.13759  C-G: 1.40257  C-T: 2.45413  G-T: 1.00000
Base frequencies:  A: 0.302  C: 0.176  G: 0.207  T: 0.315
Gamma shape alpha: 0.202
Parameters optimization took 1 rounds (0.004 sec)
BEST SCORE FOUND : -8265.967

Testing tree branches by aBayes parametric test...
0.005 sec.
Total tree length: 4.613

Total number of iterations: 102
CPU time used for tree search: 2.107 sec (0h:0m:2s)
Wall-clock time used for tree search: 2.148 sec (0h:0m:2s)
Total CPU time used: 43.050 sec (0h:0m:43s)
Total wall-clock time used: 36.969 sec (0h:0m:36s)

Analysis results written to: 
  IQ-TREE report:                /home/mis/CSE6406-project/work/paper_subset_50x10_L800/ils_low/replicate_07/estimated_gene_trees/L800/gtr_g4/locus_0020.iqtree
  Maximum-likelihood tree:       /home/mis/CSE6406-project/work/paper_subset_50x10_L800/ils_low/replicate_07/estimated_gene_trees/L800/gtr_g4/locus_0020.treefile
  Likelihood distances:          /home/mis/CSE6406-project/work/paper_subset_50x10_L800/ils_low/replicate_07/estimated_gene_trees/L800/gtr_g4/locus_0020.mldist
  Screen log file:               /home/mis/CSE6406-project/work/paper_subset_50x10_L800/ils_low/replicate_07/estimated_gene_trees/L800/gtr_g4/locus_0020.log

Date and Time: Sat Sep 12 05:08:19 2026
