IQ-TREE multicore version 2.4.0 for Linux x86 64-bit built Feb 12 2025
Developed by Bui Quang Minh, Nguyen Lam Tung, Olga Chernomor, Heiko Schmidt,
Dominik Schrempf, Michael Woodhams, Ly Trong Nhan, Thomas Wong

Host:    ezmata (AVX2, FMA3, 15 GB RAM)
Command: /home/mis/miniconda3/envs/cse6406/bin/iqtree2 -s /home/mis/CSE6406-project/work/paper_subset_50x10_L800/ils_low/replicate_07/alignments/L800/locus_0049.phy -m GTR+G4 --abayes -T AUTO --seed 7106050 --prefix /home/mis/CSE6406-project/work/paper_subset_50x10_L800/ils_low/replicate_07/estimated_gene_trees/L800/gtr_g4/locus_0049 --redo --quiet
Seed:    7106050 (Using SPRNG - Scalable Parallel Random Number Generator)
Time:    Sat Sep 12 05:26:03 2026
Kernel:  AVX+FMA - auto-detect threads (16 CPU cores detected)

Reading alignment file /home/mis/CSE6406-project/work/paper_subset_50x10_L800/ils_low/replicate_07/alignments/L800/locus_0049.phy ... Phylip format detected
Alignment most likely contains DNA/RNA sequences
Alignment has 21 sequences with 800 columns, 377 distinct patterns
301 parsimony-informative, 96 singleton sites, 403 constant sites
        Gap/Ambiguity  Composition  p-value
Analyzing sequences: done in 0.000111318 secs using 70.97% CPU
   1  8_0_0     0.00%    passed     86.03%
   2  12_0_0    0.00%    passed     52.41%
   3  7_0_0     0.00%    passed     96.22%
   4  5_0_0     0.00%    passed     90.40%
   5  9_0_0     0.00%    passed     87.74%
   6  11_0_0    0.00%    passed     86.57%
   7  10_0_0    0.00%    passed     87.41%
   8  17_0_0    0.00%    passed     87.62%
   9  13_0_0    0.00%    passed     78.34%
  10  3_0_0     0.00%    passed     89.80%
  11  16_0_0    0.00%    passed     99.26%
  12  4_0_0     0.00%    passed     99.95%
  13  14_0_0    0.00%    passed     80.68%
  14  2_0_0     0.00%    passed     79.61%
  15  6_0_0     0.00%    passed     73.43%
  16  15_0_0    0.00%    passed     73.90%
  17  1_0_0     0.00%    passed     96.72%
  18  18_0_0    0.00%    passed     96.72%
  19  20_0_0    0.00%    passed     47.11%
  20  19_0_0    0.00%    passed     98.68%
  21  0_0_0     0.00%    passed     53.02%
****  TOTAL     0.00%  0 sequences failed composition chi2 test (p-value<5%; df=3)

Create initial parsimony tree by phylogenetic likelihood library (PLL)... 0.001 seconds

NOTE: 1 MB RAM (0 GB) is required!
Measuring multi-threading efficiency up to 16 CPU cores
Increase to 10 rounds for branch lengths
1718 trees examined
Threads: 1 / Time: 16.000 sec / Speedup: 1.000 / Efficiency: 100% / LogL: -9518
Threads: 2 / Time: 18.174 sec / Speedup: 0.880 / Efficiency: 44% / LogL: -9518
BEST NUMBER OF THREADS: 1

Estimate model parameters (epsilon = 0.100)
1. Initial log-likelihood: -8804.145
2. Current log-likelihood: -8306.153
3. Current log-likelihood: -8281.464
4. Current log-likelihood: -8280.981
Optimal log-likelihood: -8280.958
Rate parameters:  A-C: 0.92322  A-G: 2.28005  A-T: 1.04686  C-G: 1.00856  C-T: 2.09962  G-T: 1.00000
Base frequencies:  A: 0.299  C: 0.216  G: 0.185  T: 0.300
Gamma shape alpha: 0.196
Parameters optimization took 4 rounds (0.043 sec)
Wrote distance file to... 
Computing ML distances based on estimated model parameters...
Calculating distance matrix: done in 0.00186516 secs using 96.67% CPU
Computing ML distances took 0.001922 sec (of wall-clock time) 0.001858 sec (of CPU time)
Setting up auxiliary I and S matrices: done in 2.9191e-05 secs using 99.35% CPU
Computing RapidNJ tree took 0.000100 sec (of wall-clock time) 0.000502 sec (of CPU time)
Log-likelihood of RapidNJ tree: -8281.813
--------------------------------------------------------------------
|             INITIALIZING CANDIDATE TREE SET                      |
--------------------------------------------------------------------
Generating 98 parsimony trees... 0.119 second
Computing log-likelihood of 98 initial trees ... 0.164 seconds
Current best score: -8276.715

Do NNI search on 20 best initial trees
Estimate model parameters (epsilon = 0.100)
BETTER TREE FOUND at iteration 1: -8264.644
UPDATE BEST LOG-LIKELIHOOD: -8264.644
Iteration 10 / LogL: -8265.131 / Time: 0h:0m:34s
UPDATE BEST LOG-LIKELIHOOD: -8264.643
Iteration 20 / LogL: -8264.645 / Time: 0h:0m:35s
Finish initializing candidate tree set (6)
Current best tree score: -8264.643 / CPU time: 0.922
Number of iterations: 20
--------------------------------------------------------------------
|               OPTIMIZING CANDIDATE TREE SET                      |
--------------------------------------------------------------------
Iteration 30 / LogL: -8265.134 / Time: 0h:0m:35s (0h:1m:26s left)
Iteration 40 / LogL: -8264.644 / Time: 0h:0m:35s (0h:0m:55s left)
Iteration 50 / LogL: -8265.130 / Time: 0h:0m:36s (0h:0m:37s left)
Iteration 60 / LogL: -8264.643 / Time: 0h:0m:36s (0h:0m:25s left)
Iteration 70 / LogL: -8265.132 / Time: 0h:0m:36s (0h:0m:16s left)
Iteration 80 / LogL: -8265.131 / Time: 0h:0m:37s (0h:0m:9s left)
Iteration 90 / LogL: -8265.134 / Time: 0h:0m:37s (0h:0m:4s left)
Iteration 100 / LogL: -8264.643 / Time: 0h:0m:37s (0h:0m:0s left)
TREE SEARCH COMPLETED AFTER 102 ITERATIONS / Time: 0h:0m:37s

--------------------------------------------------------------------
|                    FINALIZING TREE SEARCH                        |
--------------------------------------------------------------------
Performs final model parameters optimization
Estimate model parameters (epsilon = 0.010)
1. Initial log-likelihood: -8264.643
Optimal log-likelihood: -8264.639
Rate parameters:  A-C: 0.94123  A-G: 2.29499  A-T: 1.05996  C-G: 0.99759  C-T: 2.11871  G-T: 1.00000
Base frequencies:  A: 0.299  C: 0.216  G: 0.185  T: 0.300
Gamma shape alpha: 0.193
Parameters optimization took 1 rounds (0.006 sec)
BEST SCORE FOUND : -8264.639

Testing tree branches by aBayes parametric test...
0.006 sec.
Total tree length: 4.984

Total number of iterations: 102
CPU time used for tree search: 3.481 sec (0h:0m:3s)
Wall-clock time used for tree search: 3.558 sec (0h:0m:3s)
Total CPU time used: 43.536 sec (0h:0m:43s)
Total wall-clock time used: 37.805 sec (0h:0m:37s)

Analysis results written to: 
  IQ-TREE report:                /home/mis/CSE6406-project/work/paper_subset_50x10_L800/ils_low/replicate_07/estimated_gene_trees/L800/gtr_g4/locus_0049.iqtree
  Maximum-likelihood tree:       /home/mis/CSE6406-project/work/paper_subset_50x10_L800/ils_low/replicate_07/estimated_gene_trees/L800/gtr_g4/locus_0049.treefile
  Likelihood distances:          /home/mis/CSE6406-project/work/paper_subset_50x10_L800/ils_low/replicate_07/estimated_gene_trees/L800/gtr_g4/locus_0049.mldist
  Screen log file:               /home/mis/CSE6406-project/work/paper_subset_50x10_L800/ils_low/replicate_07/estimated_gene_trees/L800/gtr_g4/locus_0049.log

Date and Time: Sat Sep 12 05:26:41 2026
