IQ-TREE multicore version 2.4.0 for MacOS ARM 64-bit built Feb 12 2025
Developed by Bui Quang Minh, Nguyen Lam Tung, Olga Chernomor, Heiko Schmidt,
Dominik Schrempf, Michael Woodhams, Ly Trong Nhan, Thomas Wong

Host:    Fahims-MacBook-Air.local (SSE4.2, 16 GB RAM)
Command: /Users/fahim/miniconda3/envs/cse6406/bin/iqtree2 -s /Users/fahim/CSE6406-project/work/paper_subset_50x10_L1600/ils_low/replicate_01/alignments/L1600/locus_0045.phy -m JC --abayes -T AUTO --seed 6506046 --prefix /Users/fahim/CSE6406-project/work/paper_subset_50x10_L1600/ils_low/replicate_01/estimated_gene_trees/L1600/jc/locus_0045 --redo --quiet
Seed:    6506046 (Using SPRNG - Scalable Parallel Random Number Generator)
Time:    Fri Sep 11 03:20:13 2026
Kernel:  SSE2 - auto-detect threads (10 CPU cores detected)

Reading alignment file /Users/fahim/CSE6406-project/work/paper_subset_50x10_L1600/ils_low/replicate_01/alignments/L1600/locus_0045.phy ... Phylip format detected
Alignment most likely contains DNA/RNA sequences
Alignment has 21 sequences with 1600 columns, 70 distinct patterns
17 parsimony-informative, 62 singleton sites, 1521 constant sites
        Gap/Ambiguity  Composition  p-value
Analyzing sequences: done in 3.60012e-05 secs using 63.89% CPU
   1  1_0_0     0.00%    passed     99.86%
   2  4_0_0     0.00%    passed     99.96%
   3  2_0_0     0.00%    passed     99.86%
   4  3_0_0     0.00%    passed     99.94%
   5  9_0_0     0.00%    passed     99.90%
   6  10_0_0    0.00%    passed     99.37%
   7  5_0_0     0.00%    passed     99.85%
   8  19_0_0    0.00%    passed     99.98%
   9  7_0_0     0.00%    passed     99.89%
  10  16_0_0    0.00%    passed     99.99%
  11  8_0_0     0.00%    passed     99.97%
  12  14_0_0    0.00%    passed     99.97%
  13  20_0_0    0.00%    passed     99.90%
  14  11_0_0    0.00%    passed     99.98%
  15  6_0_0     0.00%    passed     99.83%
  16  17_0_0    0.00%    passed     99.99%
  17  15_0_0    0.00%    passed     99.99%
  18  18_0_0    0.00%    passed     99.96%
  19  12_0_0    0.00%    passed     99.79%
  20  13_0_0    0.00%    passed     99.41%
  21  0_0_0     0.00%    passed     99.53%
****  TOTAL     0.00%  0 sequences failed composition chi2 test (p-value<5%; df=3)
NOTE: 14_0_0 is identical to 8_0_0 but kept for subsequent analysis
NOTE: 15_0_0 is identical to 17_0_0 but kept for subsequent analysis

Create initial parsimony tree by phylogenetic likelihood library (PLL)... 0.000 seconds

NOTE: 0 MB RAM (0 GB) is required!
Measuring multi-threading efficiency up to 10 CPU cores
Increase to 10 rounds for branch lengths
41251 trees examined
Threads: 1 / Time: 10.000 sec / Speedup: 1.000 / Efficiency: 100% / LogL: -3087
Threads: 2 / Time: 54.762 sec / Speedup: 0.183 / Efficiency: 9% / LogL: -3087
BEST NUMBER OF THREADS: 1

Estimate model parameters (epsilon = 0.100)
1. Initial log-likelihood: -2863.888
Optimal log-likelihood: -2863.888
Rate parameters:  A-C: 1.00000  A-G: 1.00000  A-T: 1.00000  C-G: 1.00000  C-T: 1.00000  G-T: 1.00000
Base frequencies:  A: 0.250  C: 0.250  G: 0.250  T: 0.250
Parameters optimization took 1 rounds (0.000 sec)
Wrote distance file to... 
Computing ML distances based on estimated model parameters...
Calculating distance matrix: done in 0.000349045 secs using 98.84% CPU
Computing ML distances took 0.000365 sec (of wall-clock time) 0.000353 sec (of CPU time)
Setting up auxiliary I and S matrices: done in 1.5974e-05 secs using 75.12% CPU
Computing RapidNJ tree took 0.000060 sec (of wall-clock time) 0.000064 sec (of CPU time)
Log-likelihood of RapidNJ tree: -2870.674
--------------------------------------------------------------------
|             INITIALIZING CANDIDATE TREE SET                      |
--------------------------------------------------------------------
Generating 98 parsimony trees... 0.017 second
Computing log-likelihood of 98 initial trees ... 0.010 seconds
Current best score: -2863.888

Do NNI search on 20 best initial trees
Estimate model parameters (epsilon = 0.100)
BETTER TREE FOUND at iteration 1: -2863.888
BETTER TREE FOUND at iteration 2: -2863.888
BETTER TREE FOUND at iteration 3: -2863.888
BETTER TREE FOUND at iteration 5: -2863.888
BETTER TREE FOUND at iteration 9: -2863.888
Iteration 10 / LogL: -2863.888 / Time: 0h:1m:4s
BETTER TREE FOUND at iteration 11: -2863.888
BETTER TREE FOUND at iteration 15: -2863.888
Iteration 20 / LogL: -2863.888 / Time: 0h:1m:4s
Finish initializing candidate tree set (20)
Current best tree score: -2863.888 / CPU time: 0.036
Number of iterations: 20
--------------------------------------------------------------------
|               OPTIMIZING CANDIDATE TREE SET                      |
--------------------------------------------------------------------
Iteration 30 / LogL: -2863.894 / Time: 0h:1m:4s (0h:3m:9s left)
Iteration 40 / LogL: -2875.049 / Time: 0h:1m:4s (0h:2m:4s left)
BETTER TREE FOUND at iteration 44: -2863.888
Iteration 50 / LogL: -2863.895 / Time: 0h:1m:4s (0h:2m:4s left)
Iteration 60 / LogL: -2863.899 / Time: 0h:1m:4s (0h:1m:32s left)
Iteration 70 / LogL: -2863.893 / Time: 0h:1m:4s (0h:1m:9s left)
BETTER TREE FOUND at iteration 71: -2863.888
Iteration 80 / LogL: -2868.586 / Time: 0h:1m:4s (0h:1m:14s left)
Iteration 90 / LogL: -2875.044 / Time: 0h:1m:4s (0h:0m:59s left)
Iteration 100 / LogL: -2863.898 / Time: 0h:1m:4s (0h:0m:46s left)
Iteration 110 / LogL: -2863.890 / Time: 0h:1m:4s (0h:0m:36s left)
BETTER TREE FOUND at iteration 111: -2863.888
BETTER TREE FOUND at iteration 119: -2863.888
Iteration 120 / LogL: -2863.892 / Time: 0h:1m:4s (0h:0m:54s left)
Iteration 130 / LogL: -2863.893 / Time: 0h:1m:4s (0h:0m:44s left)
Iteration 140 / LogL: -2863.888 / Time: 0h:1m:4s (0h:0m:36s left)
Iteration 150 / LogL: -2875.049 / Time: 0h:1m:4s (0h:0m:30s left)
Iteration 160 / LogL: -2863.890 / Time: 0h:1m:4s (0h:0m:24s left)
Iteration 170 / LogL: -2863.891 / Time: 0h:1m:4s (0h:0m:18s left)
Iteration 180 / LogL: -2863.897 / Time: 0h:1m:4s (0h:0m:14s left)
Iteration 190 / LogL: -2863.888 / Time: 0h:1m:5s (0h:0m:9s left)
Iteration 200 / LogL: -2863.893 / Time: 0h:1m:5s (0h:0m:6s left)
Iteration 210 / LogL: -2863.895 / Time: 0h:1m:5s (0h:0m:2s left)
Iteration 220 / LogL: -2863.895 / Time: 0h:1m:5s (0h:0m:-1s left)
TREE SEARCH COMPLETED AFTER 220 ITERATIONS / Time: 0h:1m:5s

--------------------------------------------------------------------
|                    FINALIZING TREE SEARCH                        |
--------------------------------------------------------------------
Performs final model parameters optimization
Estimate model parameters (epsilon = 0.010)
1. Initial log-likelihood: -2863.888
Optimal log-likelihood: -2863.888
Rate parameters:  A-C: 1.00000  A-G: 1.00000  A-T: 1.00000  C-G: 1.00000  C-T: 1.00000  G-T: 1.00000
Base frequencies:  A: 0.250  C: 0.250  G: 0.250  T: 0.250
Parameters optimization took 1 rounds (0.000 sec)
BEST SCORE FOUND : -2863.888

Testing tree branches by aBayes parametric test...
0.000 sec.
Total tree length: 0.050

Total number of iterations: 220
CPU time used for tree search: 0.270 sec (0h:0m:0s)
Wall-clock time used for tree search: 0.272 sec (0h:0m:0s)
Total CPU time used: 38.896 sec (0h:0m:38s)
Total wall-clock time used: 65.041 sec (0h:1m:5s)

Analysis results written to: 
  IQ-TREE report:                /Users/fahim/CSE6406-project/work/paper_subset_50x10_L1600/ils_low/replicate_01/estimated_gene_trees/L1600/jc/locus_0045.iqtree
  Maximum-likelihood tree:       /Users/fahim/CSE6406-project/work/paper_subset_50x10_L1600/ils_low/replicate_01/estimated_gene_trees/L1600/jc/locus_0045.treefile
  Likelihood distances:          /Users/fahim/CSE6406-project/work/paper_subset_50x10_L1600/ils_low/replicate_01/estimated_gene_trees/L1600/jc/locus_0045.mldist
  Screen log file:               /Users/fahim/CSE6406-project/work/paper_subset_50x10_L1600/ils_low/replicate_01/estimated_gene_trees/L1600/jc/locus_0045.log

Date and Time: Fri Sep 11 03:21:18 2026
