IQ-TREE multicore version 2.4.0 for MacOS ARM 64-bit built Feb 12 2025
Developed by Bui Quang Minh, Nguyen Lam Tung, Olga Chernomor, Heiko Schmidt,
Dominik Schrempf, Michael Woodhams, Ly Trong Nhan, Thomas Wong

Host:    Fahims-MacBook-Air.local (SSE4.2, 16 GB RAM)
Command: /Users/fahim/miniconda3/envs/cse6406/bin/iqtree2 -s /Users/fahim/CSE6406-project/work/paper_subset_50x10_L1600/ils_low/replicate_01/alignments/L1600/locus_0046.phy -m JC --abayes -T AUTO --seed 6506047 --prefix /Users/fahim/CSE6406-project/work/paper_subset_50x10_L1600/ils_low/replicate_01/estimated_gene_trees/L1600/jc/locus_0046 --redo --quiet
Seed:    6506047 (Using SPRNG - Scalable Parallel Random Number Generator)
Time:    Fri Sep 11 03:21:18 2026
Kernel:  SSE2 - auto-detect threads (10 CPU cores detected)

Reading alignment file /Users/fahim/CSE6406-project/work/paper_subset_50x10_L1600/ils_low/replicate_01/alignments/L1600/locus_0046.phy ... Phylip format detected
Alignment most likely contains DNA/RNA sequences
Alignment has 21 sequences with 1600 columns, 79 distinct patterns
27 parsimony-informative, 59 singleton sites, 1514 constant sites
        Gap/Ambiguity  Composition  p-value
Analyzing sequences: done in 3.50475e-05 secs using 62.77% CPU
   1  6_0_0     0.00%    passed    100.00%
   2  13_0_0    0.00%    passed     99.96%
   3  12_0_0    0.00%    passed     99.86%
   4  18_0_0    0.00%    passed     99.98%
   5  15_0_0    0.00%    passed    100.00%
   6  17_0_0    0.00%    passed    100.00%
   7  7_0_0     0.00%    passed     99.66%
   8  16_0_0    0.00%    passed     99.97%
   9  11_0_0    0.00%    passed     99.97%
  10  20_0_0    0.00%    passed     99.97%
  11  8_0_0     0.00%    passed     99.99%
  12  14_0_0    0.00%    passed     99.94%
  13  19_0_0    0.00%    passed     99.99%
  14  5_0_0     0.00%    passed     99.94%
  15  9_0_0     0.00%    passed     99.85%
  16  10_0_0    0.00%    passed     99.49%
  17  4_0_0     0.00%    passed     99.83%
  18  2_0_0     0.00%    passed    100.00%
  19  3_0_0     0.00%    passed     99.96%
  20  1_0_0     0.00%    passed     99.81%
  21  0_0_0     0.00%    passed     99.16%
****  TOTAL     0.00%  0 sequences failed composition chi2 test (p-value<5%; df=3)
NOTE: 17_0_0 is identical to 15_0_0 but kept for subsequent analysis

Create initial parsimony tree by phylogenetic likelihood library (PLL)... 0.000 seconds

NOTE: 0 MB RAM (0 GB) is required!
Measuring multi-threading efficiency up to 10 CPU cores
Increase to 10 rounds for branch lengths
38939 trees examined
Threads: 1 / Time: 10.000 sec / Speedup: 1.000 / Efficiency: 100% / LogL: -3278
Threads: 2 / Time: 53.798 sec / Speedup: 0.186 / Efficiency: 9% / LogL: -3278
BEST NUMBER OF THREADS: 1

Estimate model parameters (epsilon = 0.100)
1. Initial log-likelihood: -2959.296
Optimal log-likelihood: -2959.295
Rate parameters:  A-C: 1.00000  A-G: 1.00000  A-T: 1.00000  C-G: 1.00000  C-T: 1.00000  G-T: 1.00000
Base frequencies:  A: 0.250  C: 0.250  G: 0.250  T: 0.250
Parameters optimization took 1 rounds (0.000 sec)
Wrote distance file to... 
Computing ML distances based on estimated model parameters...
Calculating distance matrix: done in 0.000358105 secs using 98.57% CPU
Computing ML distances took 0.000375 sec (of wall-clock time) 0.000362 sec (of CPU time)
Setting up auxiliary I and S matrices: done in 3.31402e-05 secs using 42.24% CPU
Computing RapidNJ tree took 0.000080 sec (of wall-clock time) 0.000076 sec (of CPU time)
Log-likelihood of RapidNJ tree: -2964.387
--------------------------------------------------------------------
|             INITIALIZING CANDIDATE TREE SET                      |
--------------------------------------------------------------------
Generating 98 parsimony trees... 0.017 second
Computing log-likelihood of 98 initial trees ... 0.011 seconds
Current best score: -2959.295

Do NNI search on 20 best initial trees
Estimate model parameters (epsilon = 0.100)
BETTER TREE FOUND at iteration 1: -2959.295
Iteration 10 / LogL: -2959.295 / Time: 0h:1m:3s
Iteration 20 / LogL: -2959.295 / Time: 0h:1m:3s
Finish initializing candidate tree set (19)
Current best tree score: -2959.295 / CPU time: 0.038
Number of iterations: 20
--------------------------------------------------------------------
|               OPTIMIZING CANDIDATE TREE SET                      |
--------------------------------------------------------------------
Iteration 30 / LogL: -2959.300 / Time: 0h:1m:3s (0h:2m:36s left)
Iteration 40 / LogL: -2959.300 / Time: 0h:1m:3s (0h:1m:39s left)
BETTER TREE FOUND at iteration 49: -2959.295
Iteration 50 / LogL: -2959.297 / Time: 0h:1m:3s (0h:2m:9s left)
BETTER TREE FOUND at iteration 60: -2959.295
Iteration 60 / LogL: -2959.295 / Time: 0h:1m:3s (0h:1m:48s left)
Iteration 70 / LogL: -2968.998 / Time: 0h:1m:3s (0h:1m:23s left)
Iteration 80 / LogL: -2959.299 / Time: 0h:1m:3s (0h:1m:4s left)
BETTER TREE FOUND at iteration 87: -2959.295
Iteration 90 / LogL: -2959.299 / Time: 0h:1m:3s (0h:1m:9s left)
Iteration 100 / LogL: -2959.297 / Time: 0h:1m:3s (0h:0m:56s left)
BETTER TREE FOUND at iteration 108: -2959.295
Iteration 110 / LogL: -2959.300 / Time: 0h:1m:3s (0h:0m:57s left)
BETTER TREE FOUND at iteration 114: -2959.295
Iteration 120 / LogL: -2968.995 / Time: 0h:1m:3s (0h:0m:50s left)
Iteration 130 / LogL: -2968.997 / Time: 0h:1m:3s (0h:0m:41s left)
Iteration 140 / LogL: -2968.999 / Time: 0h:1m:4s (0h:0m:34s left)
UPDATE BEST LOG-LIKELIHOOD: -2959.295
Iteration 150 / LogL: -2959.298 / Time: 0h:1m:4s (0h:0m:27s left)
Iteration 160 / LogL: -2959.297 / Time: 0h:1m:4s (0h:0m:21s left)
Iteration 170 / LogL: -3016.987 / Time: 0h:1m:4s (0h:0m:16s left)
Iteration 180 / LogL: -2959.297 / Time: 0h:1m:4s (0h:0m:12s left)
Iteration 190 / LogL: -2959.303 / Time: 0h:1m:4s (0h:0m:8s left)
Iteration 200 / LogL: -2959.297 / Time: 0h:1m:4s (0h:0m:4s left)
Iteration 210 / LogL: -2959.298 / Time: 0h:1m:4s (0h:0m:1s left)
TREE SEARCH COMPLETED AFTER 215 ITERATIONS / Time: 0h:1m:4s

--------------------------------------------------------------------
|                    FINALIZING TREE SEARCH                        |
--------------------------------------------------------------------
Performs final model parameters optimization
Estimate model parameters (epsilon = 0.010)
1. Initial log-likelihood: -2959.295
Optimal log-likelihood: -2959.295
Rate parameters:  A-C: 1.00000  A-G: 1.00000  A-T: 1.00000  C-G: 1.00000  C-T: 1.00000  G-T: 1.00000
Base frequencies:  A: 0.250  C: 0.250  G: 0.250  T: 0.250
Parameters optimization took 1 rounds (0.000 sec)
BEST SCORE FOUND : -2959.295

Testing tree branches by aBayes parametric test...
0.000 sec.
Total tree length: 0.058

Total number of iterations: 215
CPU time used for tree search: 0.299 sec (0h:0m:0s)
Wall-clock time used for tree search: 0.301 sec (0h:0m:0s)
Total CPU time used: 38.703 sec (0h:0m:38s)
Total wall-clock time used: 64.106 sec (0h:1m:4s)

Analysis results written to: 
  IQ-TREE report:                /Users/fahim/CSE6406-project/work/paper_subset_50x10_L1600/ils_low/replicate_01/estimated_gene_trees/L1600/jc/locus_0046.iqtree
  Maximum-likelihood tree:       /Users/fahim/CSE6406-project/work/paper_subset_50x10_L1600/ils_low/replicate_01/estimated_gene_trees/L1600/jc/locus_0046.treefile
  Likelihood distances:          /Users/fahim/CSE6406-project/work/paper_subset_50x10_L1600/ils_low/replicate_01/estimated_gene_trees/L1600/jc/locus_0046.mldist
  Screen log file:               /Users/fahim/CSE6406-project/work/paper_subset_50x10_L1600/ils_low/replicate_01/estimated_gene_trees/L1600/jc/locus_0046.log

Date and Time: Fri Sep 11 03:22:22 2026
