IQ-TREE multicore version 2.4.0 for MacOS ARM 64-bit built Feb 12 2025
Developed by Bui Quang Minh, Nguyen Lam Tung, Olga Chernomor, Heiko Schmidt,
Dominik Schrempf, Michael Woodhams, Ly Trong Nhan, Thomas Wong

Host:    Fahims-MacBook-Air.local (SSE4.2, 16 GB RAM)
Command: /Users/fahim/miniconda3/envs/cse6406/bin/iqtree2 -s /Users/fahim/CSE6406-project/work/paper_subset_50x10_L1600/ils_low/replicate_08/alignments/L1600/locus_0016.phy -m GTR+G4 --abayes -T AUTO --seed 7206017 --prefix /Users/fahim/CSE6406-project/work/paper_subset_50x10_L1600/ils_low/replicate_08/estimated_gene_trees/L1600/gtr_g4/locus_0016 --redo --quiet
Seed:    7206017 (Using SPRNG - Scalable Parallel Random Number Generator)
Time:    Fri Sep 11 16:40:03 2026
Kernel:  SSE2 - auto-detect threads (10 CPU cores detected)

Reading alignment file /Users/fahim/CSE6406-project/work/paper_subset_50x10_L1600/ils_low/replicate_08/alignments/L1600/locus_0016.phy ... Phylip format detected
Alignment most likely contains DNA/RNA sequences
Alignment has 21 sequences with 1600 columns, 804 distinct patterns
684 parsimony-informative, 177 singleton sites, 739 constant sites
        Gap/Ambiguity  Composition  p-value
Analyzing sequences: done in 3.91006e-05 secs using 130.4% CPU
   1  1_0_0     0.00%    passed     95.03%
   2  14_0_0    0.00%    passed     73.26%
   3  4_0_0     0.00%    passed     64.76%
   4  6_0_0     0.00%    passed     77.70%
   5  10_0_0    0.00%    passed     58.88%
   6  11_0_0    0.00%    passed     97.33%
   7  13_0_0    0.00%    passed     97.66%
   8  5_0_0     0.00%    passed     95.61%
   9  9_0_0     0.00%    passed     48.90%
  10  3_0_0     0.00%    passed     68.09%
  11  7_0_0     0.00%    passed     99.95%
  12  8_0_0     0.00%    passed     56.60%
  13  19_0_0    0.00%    passed     90.47%
  14  2_0_0     0.00%    passed     98.76%
  15  17_0_0    0.00%    passed     98.23%
  16  18_0_0    0.00%    passed     94.00%
  17  20_0_0    0.00%    passed     77.73%
  18  15_0_0    0.00%    passed     89.33%
  19  12_0_0    0.00%    passed     87.72%
  20  16_0_0    0.00%    passed     65.49%
  21  0_0_0     0.00%    passed     22.06%
****  TOTAL     0.00%  0 sequences failed composition chi2 test (p-value<5%; df=3)

Create initial parsimony tree by phylogenetic likelihood library (PLL)... 0.000 seconds

NOTE: 2 MB RAM (0 GB) is required!
Measuring multi-threading efficiency up to 10 CPU cores
Increase to 10 rounds for branch lengths
766 trees examined
Threads: 1 / Time: 10.013 sec / Speedup: 1.000 / Efficiency: 100% / LogL: -21154
Threads: 2 / Time: 12.898 sec / Speedup: 0.776 / Efficiency: 39% / LogL: -21154
BEST NUMBER OF THREADS: 1

Estimate model parameters (epsilon = 0.100)
1. Initial log-likelihood: -18891.422
2. Current log-likelihood: -17944.031
3. Current log-likelihood: -17861.241
4. Current log-likelihood: -17858.088
5. Current log-likelihood: -17857.858
Optimal log-likelihood: -17857.768
Rate parameters:  A-C: 0.90526  A-G: 2.00024  A-T: 0.93717  C-G: 0.94657  C-T: 2.00491  G-T: 1.00000
Base frequencies:  A: 0.308  C: 0.199  G: 0.199  T: 0.294
Gamma shape alpha: 0.202
Parameters optimization took 5 rounds (0.089 sec)
Wrote distance file to... 
Computing ML distances based on estimated model parameters...
Calculating distance matrix: done in 0.000805855 secs using 98.53% CPU
Computing ML distances took 0.000854 sec (of wall-clock time) 0.000830 sec (of CPU time)
Setting up auxiliary I and S matrices: done in 1.78814e-05 secs using 72.7% CPU
Computing RapidNJ tree took 0.000059 sec (of wall-clock time) 0.000067 sec (of CPU time)
Log-likelihood of RapidNJ tree: -17871.266
--------------------------------------------------------------------
|             INITIALIZING CANDIDATE TREE SET                      |
--------------------------------------------------------------------
Generating 98 parsimony trees... 0.078 second
Computing log-likelihood of 98 initial trees ... 0.171 seconds
Current best score: -17857.768

Do NNI search on 20 best initial trees
Estimate model parameters (epsilon = 0.100)
BETTER TREE FOUND at iteration 1: -17857.760
Estimate model parameters (epsilon = 0.100)
BETTER TREE FOUND at iteration 2: -17849.327
Iteration 10 / LogL: -17849.360 / Time: 0h:0m:23s
Iteration 20 / LogL: -17849.462 / Time: 0h:0m:23s
Finish initializing candidate tree set (4)
Current best tree score: -17849.327 / CPU time: 0.723
Number of iterations: 20
--------------------------------------------------------------------
|               OPTIMIZING CANDIDATE TREE SET                      |
--------------------------------------------------------------------
Iteration 30 / LogL: -17849.327 / Time: 0h:0m:24s (0h:0m:59s left)
Iteration 40 / LogL: -17849.327 / Time: 0h:0m:24s (0h:0m:38s left)
Iteration 50 / LogL: -17849.368 / Time: 0h:0m:24s (0h:0m:26s left)
Iteration 60 / LogL: -17849.394 / Time: 0h:0m:24s (0h:0m:17s left)
Iteration 70 / LogL: -17849.335 / Time: 0h:0m:25s (0h:0m:11s left)
Iteration 80 / LogL: -17849.379 / Time: 0h:0m:25s (0h:0m:7s left)
Iteration 90 / LogL: -17851.431 / Time: 0h:0m:25s (0h:0m:3s left)
Iteration 100 / LogL: -17857.804 / Time: 0h:0m:26s (0h:0m:0s left)
TREE SEARCH COMPLETED AFTER 103 ITERATIONS / Time: 0h:0m:26s

--------------------------------------------------------------------
|                    FINALIZING TREE SEARCH                        |
--------------------------------------------------------------------
Performs final model parameters optimization
Estimate model parameters (epsilon = 0.010)
1. Initial log-likelihood: -17849.327
Optimal log-likelihood: -17849.326
Rate parameters:  A-C: 0.90208  A-G: 1.99322  A-T: 0.92905  C-G: 0.93597  C-T: 2.00115  G-T: 1.00000
Base frequencies:  A: 0.308  C: 0.199  G: 0.199  T: 0.294
Gamma shape alpha: 0.202
Parameters optimization took 1 rounds (0.007 sec)
BEST SCORE FOUND : -17849.326

Testing tree branches by aBayes parametric test...
0.007 sec.
Total tree length: 7.547

Total number of iterations: 103
CPU time used for tree search: 3.132 sec (0h:0m:3s)
Wall-clock time used for tree search: 3.138 sec (0h:0m:3s)
Total CPU time used: 26.481 sec (0h:0m:26s)
Total wall-clock time used: 26.166 sec (0h:0m:26s)

Analysis results written to: 
  IQ-TREE report:                /Users/fahim/CSE6406-project/work/paper_subset_50x10_L1600/ils_low/replicate_08/estimated_gene_trees/L1600/gtr_g4/locus_0016.iqtree
  Maximum-likelihood tree:       /Users/fahim/CSE6406-project/work/paper_subset_50x10_L1600/ils_low/replicate_08/estimated_gene_trees/L1600/gtr_g4/locus_0016.treefile
  Likelihood distances:          /Users/fahim/CSE6406-project/work/paper_subset_50x10_L1600/ils_low/replicate_08/estimated_gene_trees/L1600/gtr_g4/locus_0016.mldist
  Screen log file:               /Users/fahim/CSE6406-project/work/paper_subset_50x10_L1600/ils_low/replicate_08/estimated_gene_trees/L1600/gtr_g4/locus_0016.log

Date and Time: Fri Sep 11 16:40:29 2026
