IQ-TREE multicore version 2.4.0 for MacOS ARM 64-bit built Feb 12 2025
Developed by Bui Quang Minh, Nguyen Lam Tung, Olga Chernomor, Heiko Schmidt,
Dominik Schrempf, Michael Woodhams, Ly Trong Nhan, Thomas Wong

Host:    Fahims-MacBook-Air.local (SSE4.2, 16 GB RAM)
Command: /Users/fahim/miniconda3/envs/cse6406/bin/iqtree2 -s /Users/fahim/CSE6406-project/work/paper_subset_50x10_L1600/ils_high/replicate_02/alignments/L1600/locus_0047.phy -m HKY --abayes -T AUTO --seed 6606048 --prefix /Users/fahim/CSE6406-project/work/paper_subset_50x10_L1600/ils_high/replicate_02/estimated_gene_trees/L1600/hky/locus_0047 --redo --quiet
Seed:    6606048 (Using SPRNG - Scalable Parallel Random Number Generator)
Time:    Sat Sep 12 04:25:51 2026
Kernel:  SSE2 - auto-detect threads (10 CPU cores detected)

Reading alignment file /Users/fahim/CSE6406-project/work/paper_subset_50x10_L1600/ils_high/replicate_02/alignments/L1600/locus_0047.phy ... Phylip format detected
Alignment most likely contains DNA/RNA sequences
Alignment has 21 sequences with 1600 columns, 980 distinct patterns
855 parsimony-informative, 175 singleton sites, 570 constant sites
        Gap/Ambiguity  Composition  p-value
Analyzing sequences: done in 3.8147e-05 secs using 115.3% CPU
   1  16_0_0    0.00%    passed     32.91%
   2  18_0_0    0.00%    passed     67.30%
   3  20_0_0    0.00%    passed     90.15%
   4  9_0_0     0.00%    passed     78.82%
   5  11_0_0    0.00%    passed     61.22%
   6  4_0_0     0.00%    passed     88.67%
   7  2_0_0     0.00%    passed     72.86%
   8  1_0_0     0.00%    passed     94.50%
   9  3_0_0     0.00%    passed     96.88%
  10  6_0_0     0.00%    passed     56.70%
  11  15_0_0    0.00%    passed     58.77%
  12  13_0_0    0.00%    passed     57.49%
  13  19_0_0    0.00%    passed     87.20%
  14  7_0_0     0.00%    passed     35.68%
  15  10_0_0    0.00%    passed     77.59%
  16  17_0_0    0.00%    passed     41.42%
  17  14_0_0    0.00%    passed     47.77%
  18  8_0_0     0.00%    passed     85.14%
  19  12_0_0    0.00%    passed     73.86%
  20  5_0_0     0.00%    passed     95.37%
  21  0_0_0     0.00%    passed     52.39%
****  TOTAL     0.00%  0 sequences failed composition chi2 test (p-value<5%; df=3)

Create initial parsimony tree by phylogenetic likelihood library (PLL)... 0.001 seconds

NOTE: 0 MB RAM (0 GB) is required!
Measuring multi-threading efficiency up to 10 CPU cores
Increase to 10 rounds for branch lengths
2957 trees examined
Threads: 1 / Time: 10.002 sec / Speedup: 1.000 / Efficiency: 100% / LogL: -30362
Threads: 2 / Time: 18.127 sec / Speedup: 0.552 / Efficiency: 28% / LogL: -30362
BEST NUMBER OF THREADS: 1

Estimate model parameters (epsilon = 0.100)
1. Initial log-likelihood: -29269.400
2. Current log-likelihood: -29080.356
3. Current log-likelihood: -29080.043
Optimal log-likelihood: -29080.041
Rate parameters:  A-C: 1.00000  A-G: 1.36078  A-T: 1.00000  C-G: 1.00000  C-T: 1.36078  G-T: 1.00000
Base frequencies:  A: 0.310  C: 0.204  G: 0.198  T: 0.289
Parameters optimization took 3 rounds (0.006 sec)
Wrote distance file to... 
Computing ML distances based on estimated model parameters...
Calculating distance matrix: done in 0.000430822 secs using 98.88% CPU
Computing ML distances took 0.000478 sec (of wall-clock time) 0.000466 sec (of CPU time)
Setting up auxiliary I and S matrices: done in 2.00272e-05 secs using 69.91% CPU
Computing RapidNJ tree took 0.000069 sec (of wall-clock time) 0.000073 sec (of CPU time)
Log-likelihood of RapidNJ tree: -29178.882
--------------------------------------------------------------------
|             INITIALIZING CANDIDATE TREE SET                      |
--------------------------------------------------------------------
Generating 98 parsimony trees... 0.097 second
Computing log-likelihood of 98 initial trees ... 0.069 seconds
Current best score: -29080.041

Do NNI search on 20 best initial trees
Estimate model parameters (epsilon = 0.100)
BETTER TREE FOUND at iteration 1: -29077.626
Estimate model parameters (epsilon = 0.100)
BETTER TREE FOUND at iteration 3: -29075.340
Iteration 10 / LogL: -29075.374 / Time: 0h:0m:28s
Iteration 20 / LogL: -29078.026 / Time: 0h:0m:28s
Finish initializing candidate tree set (7)
Current best tree score: -29075.340 / CPU time: 0.330
Number of iterations: 20
--------------------------------------------------------------------
|               OPTIMIZING CANDIDATE TREE SET                      |
--------------------------------------------------------------------
Iteration 30 / LogL: -29077.855 / Time: 0h:0m:28s (0h:1m:11s left)
Iteration 40 / LogL: -29077.660 / Time: 0h:0m:28s (0h:0m:46s left)
Iteration 50 / LogL: -29075.373 / Time: 0h:0m:28s (0h:0m:31s left)
Iteration 60 / LogL: -29075.361 / Time: 0h:0m:28s (0h:0m:21s left)
Iteration 70 / LogL: -29078.654 / Time: 0h:0m:28s (0h:0m:13s left)
Iteration 80 / LogL: -29075.356 / Time: 0h:0m:29s (0h:0m:8s left)
Iteration 90 / LogL: -29077.642 / Time: 0h:0m:29s (0h:0m:4s left)
Iteration 100 / LogL: -29078.108 / Time: 0h:0m:29s (0h:0m:0s left)
TREE SEARCH COMPLETED AFTER 104 ITERATIONS / Time: 0h:0m:29s

--------------------------------------------------------------------
|                    FINALIZING TREE SEARCH                        |
--------------------------------------------------------------------
Performs final model parameters optimization
Estimate model parameters (epsilon = 0.010)
1. Initial log-likelihood: -29075.340
Optimal log-likelihood: -29075.340
Rate parameters:  A-C: 1.00000  A-G: 1.37257  A-T: 1.00000  C-G: 1.00000  C-T: 1.37257  G-T: 1.00000
Base frequencies:  A: 0.310  C: 0.204  G: 0.198  T: 0.289
Parameters optimization took 1 rounds (0.002 sec)
BEST SCORE FOUND : -29075.340

Testing tree branches by aBayes parametric test...
0.002 sec.
Total tree length: 5.402

Total number of iterations: 104
CPU time used for tree search: 1.159 sec (0h:0m:1s)
Wall-clock time used for tree search: 1.165 sec (0h:0m:1s)
Total CPU time used: 26.234 sec (0h:0m:26s)
Total wall-clock time used: 29.313 sec (0h:0m:29s)

Analysis results written to: 
  IQ-TREE report:                /Users/fahim/CSE6406-project/work/paper_subset_50x10_L1600/ils_high/replicate_02/estimated_gene_trees/L1600/hky/locus_0047.iqtree
  Maximum-likelihood tree:       /Users/fahim/CSE6406-project/work/paper_subset_50x10_L1600/ils_high/replicate_02/estimated_gene_trees/L1600/hky/locus_0047.treefile
  Likelihood distances:          /Users/fahim/CSE6406-project/work/paper_subset_50x10_L1600/ils_high/replicate_02/estimated_gene_trees/L1600/hky/locus_0047.mldist
  Screen log file:               /Users/fahim/CSE6406-project/work/paper_subset_50x10_L1600/ils_high/replicate_02/estimated_gene_trees/L1600/hky/locus_0047.log

Date and Time: Sat Sep 12 04:26:21 2026
