IQ-TREE multicore version 2.4.0 for Linux x86 64-bit built Feb 12 2025
Developed by Bui Quang Minh, Nguyen Lam Tung, Olga Chernomor, Heiko Schmidt,
Dominik Schrempf, Michael Woodhams, Ly Trong Nhan, Thomas Wong

Host:    ezmata (AVX2, FMA3, 15 GB RAM)
Command: /home/mis/miniconda3/envs/cse6406/bin/iqtree2 -s /home/mis/CSE6406-project/work/paper_subset_50x10_L800/ils_high/replicate_06/alignments/L800/locus_0022.phy -m HKY --abayes -T 1 --seed 7006023 --prefix /home/mis/CSE6406-project/work/paper_subset_50x10_L800/ils_high/replicate_06/estimated_gene_trees/L800/hky/locus_0022 --redo --quiet
Seed:    7006023 (Using SPRNG - Scalable Parallel Random Number Generator)
Time:    Sat Sep 12 20:00:39 2026
Kernel:  AVX+FMA - 1 threads (16 CPU cores detected)

HINT: Use -nt option to specify number of threads because your CPU has 16 cores!
HINT: -nt AUTO will automatically determine the best number of threads to use.

Reading alignment file /home/mis/CSE6406-project/work/paper_subset_50x10_L800/ils_high/replicate_06/alignments/L800/locus_0022.phy ... Phylip format detected
Alignment most likely contains DNA/RNA sequences
Alignment has 21 sequences with 800 columns, 291 distinct patterns
228 parsimony-informative, 79 singleton sites, 493 constant sites
        Gap/Ambiguity  Composition  p-value
Analyzing sequences: done in 3.0399e-05 secs using 95.4% CPU
   1  0_0_0     0.00%    passed     97.15%
   2  19_0_0    0.00%    passed     69.48%
   3  18_0_0    0.00%    passed     95.95%
   4  20_0_0    0.00%    passed     96.60%
   5  16_0_0    0.00%    passed     81.51%
   6  10_0_0    0.00%    passed     86.19%
   7  5_0_0     0.00%    passed     61.55%
   8  9_0_0     0.00%    passed     90.63%
   9  17_0_0    0.00%    passed     92.25%
  10  15_0_0    0.00%    passed     95.30%
  11  13_0_0    0.00%    passed     97.35%
  12  3_0_0     0.00%    passed     64.68%
  13  2_0_0     0.00%    passed     91.76%
  14  12_0_0    0.00%    passed     96.42%
  15  14_0_0    0.00%    passed     98.27%
  16  4_0_0     0.00%    passed     98.15%
  17  7_0_0     0.00%    passed     98.80%
  18  1_0_0     0.00%    passed     99.91%
  19  8_0_0     0.00%    passed     94.64%
  20  11_0_0    0.00%    passed     94.37%
  21  6_0_0     0.00%    passed     94.93%
****  TOTAL     0.00%  0 sequences failed composition chi2 test (p-value<5%; df=3)

Create initial parsimony tree by phylogenetic likelihood library (PLL)... 0.002 seconds

NOTE: 0 MB RAM (0 GB) is required!
Estimate model parameters (epsilon = 0.100)
1. Initial log-likelihood: -7269.126
2. Current log-likelihood: -7213.895
Optimal log-likelihood: -7213.831
Rate parameters:  A-C: 1.00000  A-G: 1.71338  A-T: 1.00000  C-G: 1.00000  C-T: 1.71338  G-T: 1.00000
Base frequencies:  A: 0.305  C: 0.206  G: 0.202  T: 0.287
Parameters optimization took 2 rounds (0.008 sec)
Wrote distance file to... 
Computing ML distances based on estimated model parameters...
Calculating distance matrix: done in 0.00167103 secs using 96.17% CPU
Computing ML distances took 0.001743 sec (of wall-clock time) 0.001673 sec (of CPU time)
Setting up auxiliary I and S matrices: done in 6.4197e-05 secs using 98.14% CPU
Computing RapidNJ tree took 0.000262 sec (of wall-clock time) 0.000473 sec (of CPU time)
Log-likelihood of RapidNJ tree: -7260.053
--------------------------------------------------------------------
|             INITIALIZING CANDIDATE TREE SET                      |
--------------------------------------------------------------------
Generating 98 parsimony trees... 0.235 second
Computing log-likelihood of 98 initial trees ... 0.147 seconds
Current best score: -7213.831

Do NNI search on 20 best initial trees
Estimate model parameters (epsilon = 0.100)
BETTER TREE FOUND at iteration 1: -7213.120
Estimate model parameters (epsilon = 0.100)
BETTER TREE FOUND at iteration 4: -7212.915
Iteration 10 / LogL: -7219.523 / Time: 0h:0m:0s
Iteration 20 / LogL: -7213.127 / Time: 0h:0m:0s
Finish initializing candidate tree set (5)
Current best tree score: -7212.915 / CPU time: 0.708
Number of iterations: 20
--------------------------------------------------------------------
|               OPTIMIZING CANDIDATE TREE SET                      |
--------------------------------------------------------------------
Iteration 30 / LogL: -7213.127 / Time: 0h:0m:0s (0h:0m:2s left)
Iteration 40 / LogL: -7212.927 / Time: 0h:0m:1s (0h:0m:1s left)
Iteration 50 / LogL: -7213.127 / Time: 0h:0m:1s (0h:0m:1s left)
Iteration 60 / LogL: -7213.073 / Time: 0h:0m:1s (0h:0m:0s left)
Iteration 70 / LogL: -7213.128 / Time: 0h:0m:1s (0h:0m:0s left)
Iteration 80 / LogL: -7213.127 / Time: 0h:0m:1s (0h:0m:0s left)
Iteration 90 / LogL: -7213.127 / Time: 0h:0m:1s (0h:0m:0s left)
Iteration 100 / LogL: -7212.930 / Time: 0h:0m:2s (0h:0m:0s left)
TREE SEARCH COMPLETED AFTER 105 ITERATIONS / Time: 0h:0m:2s

--------------------------------------------------------------------
|                    FINALIZING TREE SEARCH                        |
--------------------------------------------------------------------
Performs final model parameters optimization
Estimate model parameters (epsilon = 0.010)
1. Initial log-likelihood: -7212.915
Optimal log-likelihood: -7212.915
Rate parameters:  A-C: 1.00000  A-G: 1.71542  A-T: 1.00000  C-G: 1.00000  C-T: 1.71542  G-T: 1.00000
Base frequencies:  A: 0.305  C: 0.206  G: 0.202  T: 0.287
Parameters optimization took 1 rounds (0.002 sec)
BEST SCORE FOUND : -7212.915

Testing tree branches by aBayes parametric test...
0.005 sec.
Total tree length: 1.673

Total number of iterations: 105
CPU time used for tree search: 2.138 sec (0h:0m:2s)
Wall-clock time used for tree search: 2.241 sec (0h:0m:2s)
Total CPU time used: 2.172 sec (0h:0m:2s)
Total wall-clock time used: 2.277 sec (0h:0m:2s)

Analysis results written to: 
  IQ-TREE report:                /home/mis/CSE6406-project/work/paper_subset_50x10_L800/ils_high/replicate_06/estimated_gene_trees/L800/hky/locus_0022.iqtree
  Maximum-likelihood tree:       /home/mis/CSE6406-project/work/paper_subset_50x10_L800/ils_high/replicate_06/estimated_gene_trees/L800/hky/locus_0022.treefile
  Likelihood distances:          /home/mis/CSE6406-project/work/paper_subset_50x10_L800/ils_high/replicate_06/estimated_gene_trees/L800/hky/locus_0022.mldist
  Screen log file:               /home/mis/CSE6406-project/work/paper_subset_50x10_L800/ils_high/replicate_06/estimated_gene_trees/L800/hky/locus_0022.log

Date and Time: Sat Sep 12 20:00:41 2026
