IQ-TREE multicore version 2.4.0 for MacOS ARM 64-bit built Feb 12 2025
Developed by Bui Quang Minh, Nguyen Lam Tung, Olga Chernomor, Heiko Schmidt,
Dominik Schrempf, Michael Woodhams, Ly Trong Nhan, Thomas Wong

Host:    Fahims-MacBook-Air.local (SSE4.2, 16 GB RAM)
Command: /Users/fahim/miniconda3/envs/cse6406/bin/iqtree2 -s /Users/fahim/CSE6406-project/work/paper_subset_50x10_L1600/ils_high/replicate_03/alignments/L1600/locus_0022.phy -m JC --abayes -T AUTO --seed 6706023 --prefix /Users/fahim/CSE6406-project/work/paper_subset_50x10_L1600/ils_high/replicate_03/estimated_gene_trees/L1600/jc/locus_0022 --redo --quiet
Seed:    6706023 (Using SPRNG - Scalable Parallel Random Number Generator)
Time:    Sat Sep 12 06:35:17 2026
Kernel:  SSE2 - auto-detect threads (10 CPU cores detected)

Reading alignment file /Users/fahim/CSE6406-project/work/paper_subset_50x10_L1600/ils_high/replicate_03/alignments/L1600/locus_0022.phy ... Phylip format detected
Alignment most likely contains DNA/RNA sequences
Alignment has 21 sequences with 1600 columns, 926 distinct patterns
819 parsimony-informative, 141 singleton sites, 640 constant sites
        Gap/Ambiguity  Composition  p-value
Analyzing sequences: done in 4.1008e-05 secs using 126.8% CPU
   1  0_0_0     0.00%    passed     55.29%
   2  8_0_0     0.00%    passed     66.28%
   3  12_0_0    0.00%    passed     69.81%
   4  13_0_0    0.00%    passed     99.10%
   5  9_0_0     0.00%    passed     63.07%
   6  14_0_0    0.00%    passed     83.66%
   7  5_0_0     0.00%    passed     62.24%
   8  7_0_0     0.00%    passed     94.41%
   9  6_0_0     0.00%    passed     81.81%
  10  20_0_0    0.00%    passed     93.05%
  11  2_0_0     0.00%    passed     90.84%
  12  1_0_0     0.00%    passed     87.89%
  13  3_0_0     0.00%    passed     73.46%
  14  18_0_0    0.00%    passed     48.55%
  15  16_0_0    0.00%    passed     21.45%
  16  19_0_0    0.00%    passed     48.02%
  17  10_0_0    0.00%    passed     68.87%
  18  17_0_0    0.00%    passed     31.07%
  19  4_0_0     0.00%    passed     20.43%
  20  11_0_0    0.00%    passed     71.16%
  21  15_0_0    0.00%    passed     77.27%
****  TOTAL     0.00%  0 sequences failed composition chi2 test (p-value<5%; df=3)

Create initial parsimony tree by phylogenetic likelihood library (PLL)... 0.001 seconds

NOTE: 0 MB RAM (0 GB) is required!
Measuring multi-threading efficiency up to 10 CPU cores
Increase to 10 rounds for branch lengths
3200 trees examined
Threads: 1 / Time: 10.003 sec / Speedup: 1.000 / Efficiency: 100% / LogL: -28508
Threads: 2 / Time: 18.735 sec / Speedup: 0.534 / Efficiency: 27% / LogL: -28508
BEST NUMBER OF THREADS: 1

Estimate model parameters (epsilon = 0.100)
1. Initial log-likelihood: -26928.703
Optimal log-likelihood: -26818.823
Rate parameters:  A-C: 1.00000  A-G: 1.00000  A-T: 1.00000  C-G: 1.00000  C-T: 1.00000  G-T: 1.00000
Base frequencies:  A: 0.250  C: 0.250  G: 0.250  T: 0.250
Parameters optimization took 1 rounds (0.002 sec)
Wrote distance file to... 
Computing ML distances based on estimated model parameters...
Calculating distance matrix: done in 0.000435114 secs using 98.82% CPU
Computing ML distances took 0.000477 sec (of wall-clock time) 0.000467 sec (of CPU time)
Setting up auxiliary I and S matrices: done in 1.50204e-05 secs using 73.23% CPU
Computing RapidNJ tree took 0.000057 sec (of wall-clock time) 0.000066 sec (of CPU time)
Log-likelihood of RapidNJ tree: -26952.558
--------------------------------------------------------------------
|             INITIALIZING CANDIDATE TREE SET                      |
--------------------------------------------------------------------
Generating 98 parsimony trees... 0.085 second
Computing log-likelihood of 98 initial trees ... 0.065 seconds
Current best score: -26818.823

Do NNI search on 20 best initial trees
Estimate model parameters (epsilon = 0.100)
BETTER TREE FOUND at iteration 1: -26817.181
Estimate model parameters (epsilon = 0.100)
BETTER TREE FOUND at iteration 2: -26816.731
Iteration 10 / LogL: -26817.942 / Time: 0h:0m:28s
Iteration 20 / LogL: -26816.742 / Time: 0h:0m:29s
Finish initializing candidate tree set (8)
Current best tree score: -26816.731 / CPU time: 0.294
Number of iterations: 20
--------------------------------------------------------------------
|               OPTIMIZING CANDIDATE TREE SET                      |
--------------------------------------------------------------------
Iteration 30 / LogL: -26822.435 / Time: 0h:0m:29s (0h:1m:12s left)
Iteration 40 / LogL: -26818.886 / Time: 0h:0m:29s (0h:0m:46s left)
Iteration 50 / LogL: -26819.025 / Time: 0h:0m:29s (0h:0m:31s left)
Iteration 60 / LogL: -26818.860 / Time: 0h:0m:29s (0h:0m:20s left)
Iteration 70 / LogL: -26818.832 / Time: 0h:0m:29s (0h:0m:13s left)
Iteration 80 / LogL: -26816.755 / Time: 0h:0m:29s (0h:0m:8s left)
Iteration 90 / LogL: -26816.775 / Time: 0h:0m:29s (0h:0m:3s left)
Iteration 100 / LogL: -26818.309 / Time: 0h:0m:29s (0h:0m:0s left)
TREE SEARCH COMPLETED AFTER 103 ITERATIONS / Time: 0h:0m:29s

--------------------------------------------------------------------
|                    FINALIZING TREE SEARCH                        |
--------------------------------------------------------------------
Performs final model parameters optimization
Estimate model parameters (epsilon = 0.010)
1. Initial log-likelihood: -26816.731
Optimal log-likelihood: -26816.731
Rate parameters:  A-C: 1.00000  A-G: 1.00000  A-T: 1.00000  C-G: 1.00000  C-T: 1.00000  G-T: 1.00000
Base frequencies:  A: 0.250  C: 0.250  G: 0.250  T: 0.250
Parameters optimization took 1 rounds (0.001 sec)
BEST SCORE FOUND : -26816.731

Testing tree branches by aBayes parametric test...
0.002 sec.
Total tree length: 4.562

Total number of iterations: 103
CPU time used for tree search: 1.003 sec (0h:0m:1s)
Wall-clock time used for tree search: 1.005 sec (0h:0m:1s)
Total CPU time used: 26.522 sec (0h:0m:26s)
Total wall-clock time used: 29.756 sec (0h:0m:29s)

Analysis results written to: 
  IQ-TREE report:                /Users/fahim/CSE6406-project/work/paper_subset_50x10_L1600/ils_high/replicate_03/estimated_gene_trees/L1600/jc/locus_0022.iqtree
  Maximum-likelihood tree:       /Users/fahim/CSE6406-project/work/paper_subset_50x10_L1600/ils_high/replicate_03/estimated_gene_trees/L1600/jc/locus_0022.treefile
  Likelihood distances:          /Users/fahim/CSE6406-project/work/paper_subset_50x10_L1600/ils_high/replicate_03/estimated_gene_trees/L1600/jc/locus_0022.mldist
  Screen log file:               /Users/fahim/CSE6406-project/work/paper_subset_50x10_L1600/ils_high/replicate_03/estimated_gene_trees/L1600/jc/locus_0022.log

Date and Time: Sat Sep 12 06:35:46 2026
