IQ-TREE multicore version 2.4.0 for Linux x86 64-bit built Feb 12 2025
Developed by Bui Quang Minh, Nguyen Lam Tung, Olga Chernomor, Heiko Schmidt,
Dominik Schrempf, Michael Woodhams, Ly Trong Nhan, Thomas Wong

Host:    ezmata (AVX2, FMA3, 15 GB RAM)
Command: /home/mis/miniconda3/envs/cse6406/bin/iqtree2 -s /home/mis/CSE6406-project/work/paper_subset_50x10_L200/ils_high/replicate_04/alignments/L200/locus_0045.phy -m HKY+G4 --abayes -T 1 --seed 6806046 --prefix /home/mis/CSE6406-project/work/paper_subset_50x10_L200/ils_high/replicate_04/estimated_gene_trees/L200/hky_g4/locus_0045 --redo --quiet
Seed:    6806046 (Using SPRNG - Scalable Parallel Random Number Generator)
Time:    Sat Sep 12 21:42:51 2026
Kernel:  AVX+FMA - 1 threads (16 CPU cores detected)

HINT: Use -nt option to specify number of threads because your CPU has 16 cores!
HINT: -nt AUTO will automatically determine the best number of threads to use.

Reading alignment file /home/mis/CSE6406-project/work/paper_subset_50x10_L200/ils_high/replicate_04/alignments/L200/locus_0045.phy ... Phylip format detected
Alignment most likely contains DNA/RNA sequences
Alignment has 21 sequences with 200 columns, 71 distinct patterns
36 parsimony-informative, 32 singleton sites, 132 constant sites
        Gap/Ambiguity  Composition  p-value
Analyzing sequences: done in 7.83399e-06 secs using 89.35% CPU
   1  0_0_0     0.00%    passed     89.75%
   2  2_0_0     0.00%    passed     69.51%
   3  12_0_0    0.00%    passed     89.60%
   4  13_0_0    0.00%    passed     99.75%
   5  6_0_0     0.00%    passed     98.39%
   6  3_0_0     0.00%    passed     99.50%
   7  8_0_0     0.00%    passed     91.86%
   8  7_0_0     0.00%    passed     76.66%
   9  14_0_0    0.00%    passed     94.48%
  10  5_0_0     0.00%    passed     96.23%
  11  11_0_0    0.00%    passed     99.37%
  12  16_0_0    0.00%    passed     99.76%
  13  4_0_0     0.00%    passed     99.75%
  14  1_0_0     0.00%    passed     98.98%
  15  18_0_0    0.00%    passed     92.71%
  16  20_0_0    0.00%    passed     96.82%
  17  10_0_0    0.00%    passed     52.98%
  18  19_0_0    0.00%    passed     96.09%
  19  17_0_0    0.00%    passed     97.67%
  20  9_0_0     0.00%    passed     99.67%
  21  15_0_0    0.00%    passed     93.93%
****  TOTAL     0.00%  0 sequences failed composition chi2 test (p-value<5%; df=3)

Create initial parsimony tree by phylogenetic likelihood library (PLL)... 0.001 seconds

NOTE: 0 MB RAM (0 GB) is required!
Estimate model parameters (epsilon = 0.100)
1. Initial log-likelihood: -1183.313
2. Current log-likelihood: -1142.469
3. Current log-likelihood: -1141.675
Optimal log-likelihood: -1141.660
Rate parameters:  A-C: 1.00000  A-G: 2.03695  A-T: 1.00000  C-G: 1.00000  C-T: 2.03695  G-T: 1.00000
Base frequencies:  A: 0.297  C: 0.148  G: 0.251  T: 0.304
Gamma shape alpha: 0.218
Parameters optimization took 3 rounds (0.010 sec)
Wrote distance file to... 
Computing ML distances based on estimated model parameters...
Calculating distance matrix: done in 0.00312712 secs using 99.96% CPU
Computing ML distances took 0.003173 sec (of wall-clock time) 0.003175 sec (of CPU time)
Setting up auxiliary I and S matrices: done in 5.61e-05 secs using 98.04% CPU
Computing RapidNJ tree took 0.000222 sec (of wall-clock time) 0.000222 sec (of CPU time)
Log-likelihood of RapidNJ tree: -1144.396
--------------------------------------------------------------------
|             INITIALIZING CANDIDATE TREE SET                      |
--------------------------------------------------------------------
Generating 98 parsimony trees... 0.076 second
Computing log-likelihood of 98 initial trees ... 0.103 seconds
Current best score: -1139.012

Do NNI search on 20 best initial trees
Estimate model parameters (epsilon = 0.100)
BETTER TREE FOUND at iteration 1: -1138.922
Estimate model parameters (epsilon = 0.100)
BETTER TREE FOUND at iteration 2: -1138.288
Iteration 10 / LogL: -1138.508 / Time: 0h:0m:0s
Iteration 20 / LogL: -1139.163 / Time: 0h:0m:0s
Finish initializing candidate tree set (11)
Current best tree score: -1138.288 / CPU time: 0.514
Number of iterations: 20
--------------------------------------------------------------------
|               OPTIMIZING CANDIDATE TREE SET                      |
--------------------------------------------------------------------
Iteration 30 / LogL: -1138.655 / Time: 0h:0m:0s (0h:0m:2s left)
Iteration 40 / LogL: -1138.289 / Time: 0h:0m:1s (0h:0m:1s left)
BETTER TREE FOUND at iteration 43: -1138.288
Iteration 50 / LogL: -1140.001 / Time: 0h:0m:1s (0h:0m:2s left)
Iteration 60 / LogL: -1138.288 / Time: 0h:0m:1s (0h:0m:2s left)
UPDATE BEST LOG-LIKELIHOOD: -1138.288
UPDATE BEST LOG-LIKELIHOOD: -1138.288
Iteration 70 / LogL: -1140.001 / Time: 0h:0m:1s (0h:0m:1s left)
Iteration 80 / LogL: -1139.308 / Time: 0h:0m:2s (0h:0m:1s left)
Iteration 90 / LogL: -1138.289 / Time: 0h:0m:2s (0h:0m:1s left)
Iteration 100 / LogL: -1138.289 / Time: 0h:0m:2s (0h:0m:1s left)
Iteration 110 / LogL: -1138.288 / Time: 0h:0m:2s (0h:0m:0s left)
Iteration 120 / LogL: -1138.288 / Time: 0h:0m:2s (0h:0m:0s left)
Iteration 130 / LogL: -1138.941 / Time: 0h:0m:3s (0h:0m:0s left)
Iteration 140 / LogL: -1143.031 / Time: 0h:0m:3s (0h:0m:0s left)
TREE SEARCH COMPLETED AFTER 144 ITERATIONS / Time: 0h:0m:3s

--------------------------------------------------------------------
|                    FINALIZING TREE SEARCH                        |
--------------------------------------------------------------------
Performs final model parameters optimization
Estimate model parameters (epsilon = 0.010)
1. Initial log-likelihood: -1138.288
Optimal log-likelihood: -1138.288
Rate parameters:  A-C: 1.00000  A-G: 2.13766  A-T: 1.00000  C-G: 1.00000  C-T: 2.13766  G-T: 1.00000
Base frequencies:  A: 0.297  C: 0.148  G: 0.251  T: 0.304
Gamma shape alpha: 0.217
Parameters optimization took 1 rounds (0.003 sec)
BEST SCORE FOUND : -1138.288

Testing tree branches by aBayes parametric test...
0.004 sec.
Total tree length: 1.149

Total number of iterations: 144
CPU time used for tree search: 3.357 sec (0h:0m:3s)
Wall-clock time used for tree search: 3.501 sec (0h:0m:3s)
Total CPU time used: 3.389 sec (0h:0m:3s)
Total wall-clock time used: 3.536 sec (0h:0m:3s)

Analysis results written to: 
  IQ-TREE report:                /home/mis/CSE6406-project/work/paper_subset_50x10_L200/ils_high/replicate_04/estimated_gene_trees/L200/hky_g4/locus_0045.iqtree
  Maximum-likelihood tree:       /home/mis/CSE6406-project/work/paper_subset_50x10_L200/ils_high/replicate_04/estimated_gene_trees/L200/hky_g4/locus_0045.treefile
  Likelihood distances:          /home/mis/CSE6406-project/work/paper_subset_50x10_L200/ils_high/replicate_04/estimated_gene_trees/L200/hky_g4/locus_0045.mldist
  Screen log file:               /home/mis/CSE6406-project/work/paper_subset_50x10_L200/ils_high/replicate_04/estimated_gene_trees/L200/hky_g4/locus_0045.log

Date and Time: Sat Sep 12 21:42:55 2026
