IQ-TREE multicore version 2.4.0 for Linux x86 64-bit built Feb 12 2025
Developed by Bui Quang Minh, Nguyen Lam Tung, Olga Chernomor, Heiko Schmidt,
Dominik Schrempf, Michael Woodhams, Ly Trong Nhan, Thomas Wong

Host:    ezmata (AVX2, FMA3, 15 GB RAM)
Command: /home/mis/miniconda3/envs/cse6406/bin/iqtree2 -s /home/mis/CSE6406-project/work/paper_subset_50x10_L200/ils_high/replicate_04/alignments/L200/locus_0028.phy -m HKY+G4 --abayes -T 1 --seed 6806029 --prefix /home/mis/CSE6406-project/work/paper_subset_50x10_L200/ils_high/replicate_04/estimated_gene_trees/L200/hky_g4/locus_0028 --redo --quiet
Seed:    6806029 (Using SPRNG - Scalable Parallel Random Number Generator)
Time:    Sat Sep 12 21:42:49 2026
Kernel:  AVX+FMA - 1 threads (16 CPU cores detected)

HINT: Use -nt option to specify number of threads because your CPU has 16 cores!
HINT: -nt AUTO will automatically determine the best number of threads to use.

Reading alignment file /home/mis/CSE6406-project/work/paper_subset_50x10_L200/ils_high/replicate_04/alignments/L200/locus_0028.phy ... Phylip format detected
Alignment most likely contains DNA/RNA sequences
Alignment has 21 sequences with 200 columns, 76 distinct patterns
51 parsimony-informative, 21 singleton sites, 128 constant sites
        Gap/Ambiguity  Composition  p-value
Analyzing sequences: done in 8.38201e-06 secs using 71.58% CPU
   1  5_0_0     0.00%    passed     99.86%
   2  3_0_0     0.00%    passed     97.00%
   3  10_0_0    0.00%    passed     99.24%
   4  15_0_0    0.00%    passed     86.49%
   5  20_0_0    0.00%    passed     94.12%
   6  2_0_0     0.00%    passed     91.97%
   7  11_0_0    0.00%    passed     98.42%
   8  4_0_0     0.00%    passed     84.89%
   9  16_0_0    0.00%    passed     97.61%
  10  1_0_0     0.00%    passed     99.75%
  11  9_0_0     0.00%    passed     93.29%
  12  6_0_0     0.00%    passed     98.94%
  13  12_0_0    0.00%    passed     97.95%
  14  13_0_0    0.00%    passed     98.46%
  15  14_0_0    0.00%    passed     97.89%
  16  7_0_0     0.00%    passed     98.82%
  17  8_0_0     0.00%    passed     94.96%
  18  17_0_0    0.00%    passed     84.61%
  19  19_0_0    0.00%    passed     98.47%
  20  18_0_0    0.00%    passed     98.82%
  21  0_0_0     0.00%    passed     94.90%
****  TOTAL     0.00%  0 sequences failed composition chi2 test (p-value<5%; df=3)

Create initial parsimony tree by phylogenetic likelihood library (PLL)... 0.001 seconds

NOTE: 0 MB RAM (0 GB) is required!
Estimate model parameters (epsilon = 0.100)
1. Initial log-likelihood: -1299.812
2. Current log-likelihood: -1255.490
3. Current log-likelihood: -1254.460
Optimal log-likelihood: -1254.438
Rate parameters:  A-C: 1.00000  A-G: 2.19792  A-T: 1.00000  C-G: 1.00000  C-T: 2.19792  G-T: 1.00000
Base frequencies:  A: 0.325  C: 0.210  G: 0.207  T: 0.257
Gamma shape alpha: 0.213
Parameters optimization took 3 rounds (0.008 sec)
Wrote distance file to... 
Computing ML distances based on estimated model parameters...
Calculating distance matrix: done in 0.00226186 secs using 98.46% CPU
Computing ML distances took 0.002289 sec (of wall-clock time) 0.002253 sec (of CPU time)
Setting up auxiliary I and S matrices: done in 5.7836e-05 secs using 98.55% CPU
Computing RapidNJ tree took 0.000232 sec (of wall-clock time) 0.000232 sec (of CPU time)
Log-likelihood of RapidNJ tree: -1265.207
--------------------------------------------------------------------
|             INITIALIZING CANDIDATE TREE SET                      |
--------------------------------------------------------------------
Generating 98 parsimony trees... 0.066 second
Computing log-likelihood of 98 initial trees ... 0.072 seconds
Current best score: -1252.972

Do NNI search on 20 best initial trees
Estimate model parameters (epsilon = 0.100)
BETTER TREE FOUND at iteration 1: -1252.900
UPDATE BEST LOG-LIKELIHOOD: -1252.900
Iteration 10 / LogL: -1252.900 / Time: 0h:0m:0s
Iteration 20 / LogL: -1252.900 / Time: 0h:0m:0s
Finish initializing candidate tree set (5)
Current best tree score: -1252.900 / CPU time: 0.390
Number of iterations: 20
--------------------------------------------------------------------
|               OPTIMIZING CANDIDATE TREE SET                      |
--------------------------------------------------------------------
Iteration 30 / LogL: -1252.900 / Time: 0h:0m:0s (0h:0m:1s left)
Iteration 40 / LogL: -1252.901 / Time: 0h:0m:0s (0h:0m:1s left)
UPDATE BEST LOG-LIKELIHOOD: -1252.900
Iteration 50 / LogL: -1252.901 / Time: 0h:0m:1s (0h:0m:1s left)
UPDATE BEST LOG-LIKELIHOOD: -1252.900
Iteration 60 / LogL: -1252.900 / Time: 0h:0m:1s (0h:0m:0s left)
Iteration 70 / LogL: -1252.900 / Time: 0h:0m:1s (0h:0m:0s left)
UPDATE BEST LOG-LIKELIHOOD: -1252.900
Iteration 80 / LogL: -1252.900 / Time: 0h:0m:1s (0h:0m:0s left)
Iteration 90 / LogL: -1253.099 / Time: 0h:0m:2s (0h:0m:0s left)
Iteration 100 / LogL: -1252.901 / Time: 0h:0m:2s (0h:0m:0s left)
TREE SEARCH COMPLETED AFTER 102 ITERATIONS / Time: 0h:0m:2s

--------------------------------------------------------------------
|                    FINALIZING TREE SEARCH                        |
--------------------------------------------------------------------
Performs final model parameters optimization
Estimate model parameters (epsilon = 0.010)
1. Initial log-likelihood: -1252.900
Optimal log-likelihood: -1252.900
Rate parameters:  A-C: 1.00000  A-G: 2.24831  A-T: 1.00000  C-G: 1.00000  C-T: 2.24831  G-T: 1.00000
Base frequencies:  A: 0.325  C: 0.210  G: 0.207  T: 0.257
Gamma shape alpha: 0.212
Parameters optimization took 1 rounds (0.003 sec)
BEST SCORE FOUND : -1252.900

Testing tree branches by aBayes parametric test...
0.005 sec.
Total tree length: 1.167

Total number of iterations: 102
CPU time used for tree search: 2.293 sec (0h:0m:2s)
Wall-clock time used for tree search: 2.422 sec (0h:0m:2s)
Total CPU time used: 2.322 sec (0h:0m:2s)
Total wall-clock time used: 2.453 sec (0h:0m:2s)

Analysis results written to: 
  IQ-TREE report:                /home/mis/CSE6406-project/work/paper_subset_50x10_L200/ils_high/replicate_04/estimated_gene_trees/L200/hky_g4/locus_0028.iqtree
  Maximum-likelihood tree:       /home/mis/CSE6406-project/work/paper_subset_50x10_L200/ils_high/replicate_04/estimated_gene_trees/L200/hky_g4/locus_0028.treefile
  Likelihood distances:          /home/mis/CSE6406-project/work/paper_subset_50x10_L200/ils_high/replicate_04/estimated_gene_trees/L200/hky_g4/locus_0028.mldist
  Screen log file:               /home/mis/CSE6406-project/work/paper_subset_50x10_L200/ils_high/replicate_04/estimated_gene_trees/L200/hky_g4/locus_0028.log

Date and Time: Sat Sep 12 21:42:51 2026
