IQ-TREE multicore version 2.4.0 for Linux x86 64-bit built Feb 12 2025
Developed by Bui Quang Minh, Nguyen Lam Tung, Olga Chernomor, Heiko Schmidt,
Dominik Schrempf, Michael Woodhams, Ly Trong Nhan, Thomas Wong

Host:    ezmata (AVX2, FMA3, 15 GB RAM)
Command: /home/mis/miniconda3/envs/cse6406/bin/iqtree2 -s /home/mis/CSE6406-project/work/paper_subset_50x10_L200/ils_high/replicate_04/alignments/L200/locus_0020.phy -m HKY+G4 --abayes -T 1 --seed 6806021 --prefix /home/mis/CSE6406-project/work/paper_subset_50x10_L200/ils_high/replicate_04/estimated_gene_trees/L200/hky_g4/locus_0020 --redo --quiet
Seed:    6806021 (Using SPRNG - Scalable Parallel Random Number Generator)
Time:    Sat Sep 12 21:42:47 2026
Kernel:  AVX+FMA - 1 threads (16 CPU cores detected)

HINT: Use -nt option to specify number of threads because your CPU has 16 cores!
HINT: -nt AUTO will automatically determine the best number of threads to use.

Reading alignment file /home/mis/CSE6406-project/work/paper_subset_50x10_L200/ils_high/replicate_04/alignments/L200/locus_0020.phy ... Phylip format detected
Alignment most likely contains DNA/RNA sequences
Alignment has 21 sequences with 200 columns, 85 distinct patterns
56 parsimony-informative, 26 singleton sites, 118 constant sites
        Gap/Ambiguity  Composition  p-value
Analyzing sequences: done in 1.6936e-05 secs using 41.33% CPU
   1  0_0_0     0.00%    passed     53.56%
   2  7_0_0     0.00%    passed     72.81%
   3  19_0_0    0.00%    passed     76.88%
   4  17_0_0    0.00%    passed     77.27%
   5  20_0_0    0.00%    passed     86.09%
   6  18_0_0    0.00%    passed     96.32%
   7  15_0_0    0.00%    passed     74.54%
   8  2_0_0     0.00%    passed     99.73%
   9  1_0_0     0.00%    passed     98.97%
  10  11_0_0    0.00%    passed     76.83%
  11  16_0_0    0.00%    passed     81.05%
  12  4_0_0     0.00%    passed     95.42%
  13  8_0_0     0.00%    passed     91.62%
  14  9_0_0     0.00%    passed     73.32%
  15  12_0_0    0.00%    passed     92.81%
  16  5_0_0     0.00%    passed     63.07%
  17  14_0_0    0.00%    passed     71.74%
  18  13_0_0    0.00%    passed     94.69%
  19  6_0_0     0.00%    passed     87.79%
  20  3_0_0     0.00%    passed     97.09%
  21  10_0_0    0.00%    passed     82.94%
****  TOTAL     0.00%  0 sequences failed composition chi2 test (p-value<5%; df=3)

Create initial parsimony tree by phylogenetic likelihood library (PLL)... 0.001 seconds

NOTE: 0 MB RAM (0 GB) is required!
Estimate model parameters (epsilon = 0.100)
1. Initial log-likelihood: -1371.822
2. Current log-likelihood: -1344.755
3. Current log-likelihood: -1344.249
Optimal log-likelihood: -1344.244
Rate parameters:  A-C: 1.00000  A-G: 1.50008  A-T: 1.00000  C-G: 1.00000  C-T: 1.50008  G-T: 1.00000
Base frequencies:  A: 0.309  C: 0.240  G: 0.130  T: 0.321
Gamma shape alpha: 0.290
Parameters optimization took 3 rounds (0.017 sec)
Wrote distance file to... 
Computing ML distances based on estimated model parameters...
Calculating distance matrix: done in 0.00320471 secs using 98.85% CPU
Computing ML distances took 0.003257 sec (of wall-clock time) 0.003222 sec (of CPU time)
Setting up auxiliary I and S matrices: done in 7.8208e-05 secs
Computing RapidNJ tree took 0.000256 sec (of wall-clock time) 0.000000 sec (of CPU time)
Log-likelihood of RapidNJ tree: -1351.335
--------------------------------------------------------------------
|             INITIALIZING CANDIDATE TREE SET                      |
--------------------------------------------------------------------
Generating 98 parsimony trees... 0.119 second
Computing log-likelihood of 98 initial trees ... 0.147 seconds
Current best score: -1341.963

Do NNI search on 20 best initial trees
Estimate model parameters (epsilon = 0.100)
BETTER TREE FOUND at iteration 1: -1341.771
UPDATE BEST LOG-LIKELIHOOD: -1341.771
Iteration 10 / LogL: -1343.669 / Time: 0h:0m:0s
BETTER TREE FOUND at iteration 16: -1341.770
UPDATE BEST LOG-LIKELIHOOD: -1341.770
Iteration 20 / LogL: -1341.771 / Time: 0h:0m:0s
Finish initializing candidate tree set (4)
Current best tree score: -1341.770 / CPU time: 0.415
Number of iterations: 20
--------------------------------------------------------------------
|               OPTIMIZING CANDIDATE TREE SET                      |
--------------------------------------------------------------------
UPDATE BEST LOG-LIKELIHOOD: -1341.770
Iteration 30 / LogL: -1341.770 / Time: 0h:0m:0s (0h:0m:1s left)
Iteration 40 / LogL: -1341.771 / Time: 0h:0m:0s (0h:0m:1s left)
Iteration 50 / LogL: -1341.770 / Time: 0h:0m:0s (0h:0m:1s left)
Iteration 60 / LogL: -1343.669 / Time: 0h:0m:1s (0h:0m:1s left)
Iteration 70 / LogL: -1341.771 / Time: 0h:0m:1s (0h:0m:0s left)
UPDATE BEST LOG-LIKELIHOOD: -1341.770
Iteration 80 / LogL: -1341.770 / Time: 0h:0m:1s (0h:0m:0s left)
Iteration 90 / LogL: -1352.597 / Time: 0h:0m:1s (0h:0m:0s left)
Iteration 100 / LogL: -1342.116 / Time: 0h:0m:1s (0h:0m:0s left)
Iteration 110 / LogL: -1342.116 / Time: 0h:0m:1s (0h:0m:0s left)
TREE SEARCH COMPLETED AFTER 117 ITERATIONS / Time: 0h:0m:2s

--------------------------------------------------------------------
|                    FINALIZING TREE SEARCH                        |
--------------------------------------------------------------------
Performs final model parameters optimization
Estimate model parameters (epsilon = 0.010)
1. Initial log-likelihood: -1341.770
Optimal log-likelihood: -1341.770
Rate parameters:  A-C: 1.00000  A-G: 1.47995  A-T: 1.00000  C-G: 1.00000  C-T: 1.47995  G-T: 1.00000
Base frequencies:  A: 0.309  C: 0.240  G: 0.130  T: 0.321
Gamma shape alpha: 0.286
Parameters optimization took 1 rounds (0.002 sec)
BEST SCORE FOUND : -1341.770

Testing tree branches by aBayes parametric test...
0.003 sec.
Total tree length: 1.293

Total number of iterations: 117
CPU time used for tree search: 1.895 sec (0h:0m:1s)
Wall-clock time used for tree search: 1.998 sec (0h:0m:1s)
Total CPU time used: 1.937 sec (0h:0m:1s)
Total wall-clock time used: 2.042 sec (0h:0m:2s)

Analysis results written to: 
  IQ-TREE report:                /home/mis/CSE6406-project/work/paper_subset_50x10_L200/ils_high/replicate_04/estimated_gene_trees/L200/hky_g4/locus_0020.iqtree
  Maximum-likelihood tree:       /home/mis/CSE6406-project/work/paper_subset_50x10_L200/ils_high/replicate_04/estimated_gene_trees/L200/hky_g4/locus_0020.treefile
  Likelihood distances:          /home/mis/CSE6406-project/work/paper_subset_50x10_L200/ils_high/replicate_04/estimated_gene_trees/L200/hky_g4/locus_0020.mldist
  Screen log file:               /home/mis/CSE6406-project/work/paper_subset_50x10_L200/ils_high/replicate_04/estimated_gene_trees/L200/hky_g4/locus_0020.log

Date and Time: Sat Sep 12 21:42:49 2026
