IQ-TREE multicore version 2.4.0 for MacOS ARM 64-bit built Feb 12 2025
Developed by Bui Quang Minh, Nguyen Lam Tung, Olga Chernomor, Heiko Schmidt,
Dominik Schrempf, Michael Woodhams, Ly Trong Nhan, Thomas Wong

Host:    Fahims-MacBook-Air.local (SSE4.2, 16 GB RAM)
Command: /Users/fahim/miniconda3/envs/cse6406/bin/iqtree2 -s /Users/fahim/CSE6406-project/work/paper_subset_50x10_L1600/ils_low/replicate_08/alignments/L1600/locus_0002.phy -m HKY --abayes -T AUTO --seed 7206003 --prefix /Users/fahim/CSE6406-project/work/paper_subset_50x10_L1600/ils_low/replicate_08/estimated_gene_trees/L1600/hky/locus_0002 --redo --quiet
Seed:    7206003 (Using SPRNG - Scalable Parallel Random Number Generator)
Time:    Fri Sep 11 17:44:55 2026
Kernel:  SSE2 - auto-detect threads (10 CPU cores detected)

Reading alignment file /Users/fahim/CSE6406-project/work/paper_subset_50x10_L1600/ils_low/replicate_08/alignments/L1600/locus_0002.phy ... Phylip format detected
Alignment most likely contains DNA/RNA sequences
Alignment has 21 sequences with 1600 columns, 781 distinct patterns
667 parsimony-informative, 173 singleton sites, 760 constant sites
        Gap/Ambiguity  Composition  p-value
Analyzing sequences: done in 3.91006e-05 secs using 122.8% CPU
   1  20_0_0    0.00%    passed     77.65%
   2  8_0_0     0.00%    passed     68.67%
   3  19_0_0    0.00%    passed     81.58%
   4  18_0_0    0.00%    passed     87.82%
   5  17_0_0    0.00%    passed     65.59%
   6  2_0_0     0.00%    passed     48.68%
   7  7_0_0     0.00%    passed     74.38%
   8  3_0_0     0.00%    passed     98.84%
   9  15_0_0    0.00%    passed     89.30%
  10  16_0_0    0.00%    passed     77.76%
  11  12_0_0    0.00%    passed     92.74%
  12  9_0_0     0.00%    passed     88.48%
  13  5_0_0     0.00%    passed     49.61%
  14  13_0_0    0.00%    passed     27.68%
  15  11_0_0    0.00%    passed     46.42%
  16  10_0_0    0.00%    passed     95.41%
  17  6_0_0     0.00%    passed     50.03%
  18  14_0_0    0.00%    passed     54.66%
  19  4_0_0     0.00%    passed     61.75%
  20  1_0_0     0.00%    passed     92.10%
  21  0_0_0     0.00%    passed     55.47%
****  TOTAL     0.00%  0 sequences failed composition chi2 test (p-value<5%; df=3)

Create initial parsimony tree by phylogenetic likelihood library (PLL)... 0.000 seconds

NOTE: 0 MB RAM (0 GB) is required!
Measuring multi-threading efficiency up to 10 CPU cores
Increase to 10 rounds for branch lengths
3248 trees examined
Threads: 1 / Time: 10.002 sec / Speedup: 1.000 / Efficiency: 100% / LogL: -23604
Threads: 2 / Time: 21.174 sec / Speedup: 0.472 / Efficiency: 24% / LogL: -23604
BEST NUMBER OF THREADS: 1

Estimate model parameters (epsilon = 0.100)
1. Initial log-likelihood: -20162.698
2. Current log-likelihood: -20029.246
3. Current log-likelihood: -20029.041
Optimal log-likelihood: -20029.041
Rate parameters:  A-C: 1.00000  A-G: 1.50301  A-T: 1.00000  C-G: 1.00000  C-T: 1.50301  G-T: 1.00000
Base frequencies:  A: 0.299  C: 0.198  G: 0.204  T: 0.299
Parameters optimization took 3 rounds (0.005 sec)
Wrote distance file to... 
Computing ML distances based on estimated model parameters...
Calculating distance matrix: done in 0.000458956 secs using 96.31% CPU
Computing ML distances took 0.000505 sec (of wall-clock time) 0.000477 sec (of CPU time)
Setting up auxiliary I and S matrices: done in 1.69277e-05 secs using 64.98% CPU
Computing RapidNJ tree took 0.000062 sec (of wall-clock time) 0.000067 sec (of CPU time)
Log-likelihood of RapidNJ tree: -20080.412
--------------------------------------------------------------------
|             INITIALIZING CANDIDATE TREE SET                      |
--------------------------------------------------------------------
Generating 98 parsimony trees... 0.076 second
Computing log-likelihood of 98 initial trees ... 0.060 seconds
Current best score: -20029.041

Do NNI search on 20 best initial trees
Estimate model parameters (epsilon = 0.100)
BETTER TREE FOUND at iteration 1: -20023.274
Iteration 10 / LogL: -20023.488 / Time: 0h:0m:31s
Iteration 20 / LogL: -20023.314 / Time: 0h:0m:31s
Finish initializing candidate tree set (2)
Current best tree score: -20023.274 / CPU time: 0.263
Number of iterations: 20
--------------------------------------------------------------------
|               OPTIMIZING CANDIDATE TREE SET                      |
--------------------------------------------------------------------
Iteration 30 / LogL: -20024.221 / Time: 0h:0m:31s (0h:1m:17s left)
Iteration 40 / LogL: -20023.506 / Time: 0h:0m:31s (0h:0m:49s left)
Iteration 50 / LogL: -20023.871 / Time: 0h:0m:31s (0h:0m:32s left)
Iteration 60 / LogL: -20023.430 / Time: 0h:0m:31s (0h:0m:22s left)
Iteration 70 / LogL: -20023.527 / Time: 0h:0m:31s (0h:0m:14s left)
Iteration 80 / LogL: -20023.522 / Time: 0h:0m:31s (0h:0m:8s left)
Iteration 90 / LogL: -20023.667 / Time: 0h:0m:32s (0h:0m:3s left)
Iteration 100 / LogL: -20023.315 / Time: 0h:0m:32s (0h:0m:0s left)
TREE SEARCH COMPLETED AFTER 102 ITERATIONS / Time: 0h:0m:32s

--------------------------------------------------------------------
|                    FINALIZING TREE SEARCH                        |
--------------------------------------------------------------------
Performs final model parameters optimization
Estimate model parameters (epsilon = 0.010)
1. Initial log-likelihood: -20023.274
Optimal log-likelihood: -20023.274
Rate parameters:  A-C: 1.00000  A-G: 1.49638  A-T: 1.00000  C-G: 1.00000  C-T: 1.49638  G-T: 1.00000
Base frequencies:  A: 0.299  C: 0.198  G: 0.204  T: 0.299
Parameters optimization took 1 rounds (0.002 sec)
BEST SCORE FOUND : -20023.274

Testing tree branches by aBayes parametric test...
0.002 sec.
Total tree length: 2.901

Total number of iterations: 102
CPU time used for tree search: 0.908 sec (0h:0m:0s)
Wall-clock time used for tree search: 0.911 sec (0h:0m:0s)
Total CPU time used: 27.722 sec (0h:0m:27s)
Total wall-clock time used: 32.102 sec (0h:0m:32s)

Analysis results written to: 
  IQ-TREE report:                /Users/fahim/CSE6406-project/work/paper_subset_50x10_L1600/ils_low/replicate_08/estimated_gene_trees/L1600/hky/locus_0002.iqtree
  Maximum-likelihood tree:       /Users/fahim/CSE6406-project/work/paper_subset_50x10_L1600/ils_low/replicate_08/estimated_gene_trees/L1600/hky/locus_0002.treefile
  Likelihood distances:          /Users/fahim/CSE6406-project/work/paper_subset_50x10_L1600/ils_low/replicate_08/estimated_gene_trees/L1600/hky/locus_0002.mldist
  Screen log file:               /Users/fahim/CSE6406-project/work/paper_subset_50x10_L1600/ils_low/replicate_08/estimated_gene_trees/L1600/hky/locus_0002.log

Date and Time: Fri Sep 11 17:45:28 2026
