IQ-TREE multicore version 2.4.0 for Linux x86 64-bit built Feb 12 2025
Developed by Bui Quang Minh, Nguyen Lam Tung, Olga Chernomor, Heiko Schmidt,
Dominik Schrempf, Michael Woodhams, Ly Trong Nhan, Thomas Wong

Host:    ezmata (AVX2, FMA3, 15 GB RAM)
Command: /home/mis/miniconda3/envs/cse6406/bin/iqtree2 -s /home/mis/CSE6406-project/work/paper_subset_50x10_L800/ils_high/replicate_06/alignments/L800/locus_0028.phy -m GTR+G4 --abayes -T 1 --seed 7006029 --prefix /home/mis/CSE6406-project/work/paper_subset_50x10_L800/ils_high/replicate_06/estimated_gene_trees/L800/gtr_g4/locus_0028 --redo --quiet
Seed:    7006029 (Using SPRNG - Scalable Parallel Random Number Generator)
Time:    Sat Sep 12 19:59:35 2026
Kernel:  AVX+FMA - 1 threads (16 CPU cores detected)

HINT: Use -nt option to specify number of threads because your CPU has 16 cores!
HINT: -nt AUTO will automatically determine the best number of threads to use.

Reading alignment file /home/mis/CSE6406-project/work/paper_subset_50x10_L800/ils_high/replicate_06/alignments/L800/locus_0028.phy ... Phylip format detected
Alignment most likely contains DNA/RNA sequences
Alignment has 21 sequences with 800 columns, 316 distinct patterns
266 parsimony-informative, 62 singleton sites, 472 constant sites
        Gap/Ambiguity  Composition  p-value
Analyzing sequences: done in 1.6508e-05 secs using 96.92% CPU
   1  0_0_0     0.00%    passed     68.53%
   2  20_0_0    0.00%    passed     83.80%
   3  15_0_0    0.00%    passed     87.76%
   4  5_0_0     0.00%    passed     99.95%
   5  1_0_0     0.00%    passed     97.89%
   6  7_0_0     0.00%    passed     99.27%
   7  4_0_0     0.00%    passed     98.99%
   8  6_0_0     0.00%    passed     83.69%
   9  9_0_0     0.00%    passed     67.15%
  10  8_0_0     0.00%    passed     83.27%
  11  3_0_0     0.00%    passed     79.48%
  12  2_0_0     0.00%    passed     86.18%
  13  17_0_0    0.00%    passed     95.50%
  14  13_0_0    0.00%    passed     95.91%
  15  19_0_0    0.00%    passed     99.93%
  16  10_0_0    0.00%    passed     95.68%
  17  16_0_0    0.00%    passed     88.75%
  18  18_0_0    0.00%    passed     85.50%
  19  14_0_0    0.00%    passed     93.03%
  20  11_0_0    0.00%    passed     99.61%
  21  12_0_0    0.00%    passed     86.43%
****  TOTAL     0.00%  0 sequences failed composition chi2 test (p-value<5%; df=3)

Create initial parsimony tree by phylogenetic likelihood library (PLL)... 0.001 seconds

NOTE: 0 MB RAM (0 GB) is required!
Estimate model parameters (epsilon = 0.100)
1. Initial log-likelihood: -6768.611
2. Current log-likelihood: -6430.420
3. Current log-likelihood: -6423.833
Optimal log-likelihood: -6423.807
Rate parameters:  A-C: 0.90573  A-G: 1.93329  A-T: 0.98388  C-G: 0.72253  C-T: 2.16329  G-T: 1.00000
Base frequencies:  A: 0.301  C: 0.194  G: 0.212  T: 0.292
Gamma shape alpha: 0.203
Parameters optimization took 3 rounds (0.046 sec)
Wrote distance file to... 
Computing ML distances based on estimated model parameters...
Calculating distance matrix: done in 0.00202638 secs using 97.07% CPU
Computing ML distances took 0.002083 sec (of wall-clock time) 0.002023 sec (of CPU time)
Setting up auxiliary I and S matrices: done in 6.3028e-05 secs using 98.37% CPU
Computing RapidNJ tree took 0.000244 sec (of wall-clock time) 0.000244 sec (of CPU time)
Log-likelihood of RapidNJ tree: -6424.957
--------------------------------------------------------------------
|             INITIALIZING CANDIDATE TREE SET                      |
--------------------------------------------------------------------
Generating 98 parsimony trees... 0.149 second
Computing log-likelihood of 98 initial trees ... 0.190 seconds
Current best score: -6423.807

Do NNI search on 20 best initial trees
Estimate model parameters (epsilon = 0.100)
BETTER TREE FOUND at iteration 1: -6422.702
Iteration 10 / LogL: -6422.715 / Time: 0h:0m:0s
Iteration 20 / LogL: -6422.741 / Time: 0h:0m:0s
Finish initializing candidate tree set (2)
Current best tree score: -6422.702 / CPU time: 0.822
Number of iterations: 20
--------------------------------------------------------------------
|               OPTIMIZING CANDIDATE TREE SET                      |
--------------------------------------------------------------------
Iteration 30 / LogL: -6423.325 / Time: 0h:0m:1s (0h:0m:2s left)
Iteration 40 / LogL: -6422.722 / Time: 0h:0m:1s (0h:0m:2s left)
Iteration 50 / LogL: -6422.725 / Time: 0h:0m:1s (0h:0m:1s left)
Iteration 60 / LogL: -6422.707 / Time: 0h:0m:2s (0h:0m:1s left)
Iteration 70 / LogL: -6422.714 / Time: 0h:0m:2s (0h:0m:1s left)
Iteration 80 / LogL: -6422.703 / Time: 0h:0m:2s (0h:0m:0s left)
Iteration 90 / LogL: -6422.750 / Time: 0h:0m:2s (0h:0m:0s left)
Iteration 100 / LogL: -6422.725 / Time: 0h:0m:3s (0h:0m:0s left)
TREE SEARCH COMPLETED AFTER 102 ITERATIONS / Time: 0h:0m:3s

--------------------------------------------------------------------
|                    FINALIZING TREE SEARCH                        |
--------------------------------------------------------------------
Performs final model parameters optimization
Estimate model parameters (epsilon = 0.010)
1. Initial log-likelihood: -6422.702
Optimal log-likelihood: -6422.701
Rate parameters:  A-C: 0.90630  A-G: 1.92072  A-T: 0.98325  C-G: 0.73020  C-T: 2.17049  G-T: 1.00000
Base frequencies:  A: 0.301  C: 0.194  G: 0.212  T: 0.292
Gamma shape alpha: 0.202
Parameters optimization took 1 rounds (0.006 sec)
BEST SCORE FOUND : -6422.701

Testing tree branches by aBayes parametric test...
0.007 sec.
Total tree length: 2.304

Total number of iterations: 102
CPU time used for tree search: 3.175 sec (0h:0m:3s)
Wall-clock time used for tree search: 3.256 sec (0h:0m:3s)
Total CPU time used: 3.254 sec (0h:0m:3s)
Total wall-clock time used: 3.334 sec (0h:0m:3s)

Analysis results written to: 
  IQ-TREE report:                /home/mis/CSE6406-project/work/paper_subset_50x10_L800/ils_high/replicate_06/estimated_gene_trees/L800/gtr_g4/locus_0028.iqtree
  Maximum-likelihood tree:       /home/mis/CSE6406-project/work/paper_subset_50x10_L800/ils_high/replicate_06/estimated_gene_trees/L800/gtr_g4/locus_0028.treefile
  Likelihood distances:          /home/mis/CSE6406-project/work/paper_subset_50x10_L800/ils_high/replicate_06/estimated_gene_trees/L800/gtr_g4/locus_0028.mldist
  Screen log file:               /home/mis/CSE6406-project/work/paper_subset_50x10_L800/ils_high/replicate_06/estimated_gene_trees/L800/gtr_g4/locus_0028.log

Date and Time: Sat Sep 12 19:59:38 2026
