IQ-TREE multicore version 2.4.0 for Linux x86 64-bit built Feb 12 2025
Developed by Bui Quang Minh, Nguyen Lam Tung, Olga Chernomor, Heiko Schmidt,
Dominik Schrempf, Michael Woodhams, Ly Trong Nhan, Thomas Wong

Host:    ezmata (AVX2, FMA3, 15 GB RAM)
Command: /home/mis/miniconda3/envs/cse6406/bin/iqtree2 -s /home/mis/CSE6406-project/work/paper_subset_50x10_L800/ils_high/replicate_06/alignments/L800/locus_0026.phy -m GTR+G4 --abayes -T 1 --seed 7006027 --prefix /home/mis/CSE6406-project/work/paper_subset_50x10_L800/ils_high/replicate_06/estimated_gene_trees/L800/gtr_g4/locus_0026 --redo --quiet
Seed:    7006027 (Using SPRNG - Scalable Parallel Random Number Generator)
Time:    Sat Sep 12 19:59:34 2026
Kernel:  AVX+FMA - 1 threads (16 CPU cores detected)

HINT: Use -nt option to specify number of threads because your CPU has 16 cores!
HINT: -nt AUTO will automatically determine the best number of threads to use.

Reading alignment file /home/mis/CSE6406-project/work/paper_subset_50x10_L800/ils_high/replicate_06/alignments/L800/locus_0026.phy ... Phylip format detected
Alignment most likely contains DNA/RNA sequences
Alignment has 21 sequences with 800 columns, 330 distinct patterns
254 parsimony-informative, 94 singleton sites, 451 constant sites
        Gap/Ambiguity  Composition  p-value
Analyzing sequences: done in 3.7183e-05 secs
   1  17_0_0    0.00%    passed     72.63%
   2  6_0_0     0.00%    passed     54.04%
   3  19_0_0    0.00%    passed     95.83%
   4  12_0_0    0.00%    passed     89.62%
   5  11_0_0    0.00%    passed     99.89%
   6  14_0_0    0.00%    passed     93.48%
   7  2_0_0     0.00%    passed     81.47%
   8  3_0_0     0.00%    passed     32.21%
   9  13_0_0    0.00%    passed     96.86%
  10  15_0_0    0.00%    passed     72.26%
  11  18_0_0    0.00%    passed     90.03%
  12  20_0_0    0.00%    passed     88.95%
  13  9_0_0     0.00%    passed     85.47%
  14  16_0_0    0.00%    passed     90.66%
  15  10_0_0    0.00%    passed     87.47%
  16  5_0_0     0.00%    passed     86.64%
  17  4_0_0     0.00%    passed     58.97%
  18  7_0_0     0.00%    passed     62.75%
  19  1_0_0     0.00%    passed     67.37%
  20  8_0_0     0.00%    passed     90.99%
  21  0_0_0     0.00%    passed     98.60%
****  TOTAL     0.00%  0 sequences failed composition chi2 test (p-value<5%; df=3)

Create initial parsimony tree by phylogenetic likelihood library (PLL)... 0.002 seconds

NOTE: 0 MB RAM (0 GB) is required!
Estimate model parameters (epsilon = 0.100)
1. Initial log-likelihood: -6785.562
2. Current log-likelihood: -6510.519
3. Current log-likelihood: -6503.011
Optimal log-likelihood: -6502.980
Rate parameters:  A-C: 1.22323  A-G: 1.85522  A-T: 1.17551  C-G: 1.22906  C-T: 2.34079  G-T: 1.00000
Base frequencies:  A: 0.298  C: 0.197  G: 0.201  T: 0.304
Gamma shape alpha: 0.227
Parameters optimization took 3 rounds (0.102 sec)
Wrote distance file to... 
Computing ML distances based on estimated model parameters...
Calculating distance matrix: done in 0.00316756 secs using 99.57% CPU
Computing ML distances took 0.003263 sec (of wall-clock time) 0.003252 sec (of CPU time)
Setting up auxiliary I and S matrices: done in 6.9019e-05 secs using 98.52% CPU
Computing RapidNJ tree took 0.000263 sec (of wall-clock time) 0.000262 sec (of CPU time)
Log-likelihood of RapidNJ tree: -6504.598
--------------------------------------------------------------------
|             INITIALIZING CANDIDATE TREE SET                      |
--------------------------------------------------------------------
Generating 98 parsimony trees... 0.230 second
Computing log-likelihood of 98 initial trees ... 0.319 seconds
Current best score: -6498.699

Do NNI search on 20 best initial trees
Estimate model parameters (epsilon = 0.100)
BETTER TREE FOUND at iteration 1: -6496.160
Iteration 10 / LogL: -6498.025 / Time: 0h:0m:0s
Iteration 20 / LogL: -6499.788 / Time: 0h:0m:1s
Finish initializing candidate tree set (8)
Current best tree score: -6496.160 / CPU time: 1.033
Number of iterations: 20
--------------------------------------------------------------------
|               OPTIMIZING CANDIDATE TREE SET                      |
--------------------------------------------------------------------
Iteration 30 / LogL: -6497.568 / Time: 0h:0m:1s (0h:0m:3s left)
Iteration 40 / LogL: -6497.432 / Time: 0h:0m:1s (0h:0m:2s left)
Iteration 50 / LogL: -6497.568 / Time: 0h:0m:2s (0h:0m:2s left)
Iteration 60 / LogL: -6498.157 / Time: 0h:0m:2s (0h:0m:1s left)
Iteration 70 / LogL: -6496.165 / Time: 0h:0m:2s (0h:0m:1s left)
Iteration 80 / LogL: -6496.454 / Time: 0h:0m:3s (0h:0m:0s left)
Iteration 90 / LogL: -6496.514 / Time: 0h:0m:3s (0h:0m:0s left)
Iteration 100 / LogL: -6496.747 / Time: 0h:0m:3s (0h:0m:0s left)
TREE SEARCH COMPLETED AFTER 102 ITERATIONS / Time: 0h:0m:3s

--------------------------------------------------------------------
|                    FINALIZING TREE SEARCH                        |
--------------------------------------------------------------------
Performs final model parameters optimization
Estimate model parameters (epsilon = 0.010)
1. Initial log-likelihood: -6496.160
Optimal log-likelihood: -6496.159
Rate parameters:  A-C: 1.27516  A-G: 1.91193  A-T: 1.24443  C-G: 1.28039  C-T: 2.41798  G-T: 1.00000
Base frequencies:  A: 0.298  C: 0.197  G: 0.201  T: 0.304
Gamma shape alpha: 0.226
Parameters optimization took 1 rounds (0.006 sec)
BEST SCORE FOUND : -6496.159

Testing tree branches by aBayes parametric test...
0.007 sec.
Total tree length: 2.182

Total number of iterations: 102
CPU time used for tree search: 3.546 sec (0h:0m:3s)
Wall-clock time used for tree search: 3.637 sec (0h:0m:3s)
Total CPU time used: 3.696 sec (0h:0m:3s)
Total wall-clock time used: 3.788 sec (0h:0m:3s)

Analysis results written to: 
  IQ-TREE report:                /home/mis/CSE6406-project/work/paper_subset_50x10_L800/ils_high/replicate_06/estimated_gene_trees/L800/gtr_g4/locus_0026.iqtree
  Maximum-likelihood tree:       /home/mis/CSE6406-project/work/paper_subset_50x10_L800/ils_high/replicate_06/estimated_gene_trees/L800/gtr_g4/locus_0026.treefile
  Likelihood distances:          /home/mis/CSE6406-project/work/paper_subset_50x10_L800/ils_high/replicate_06/estimated_gene_trees/L800/gtr_g4/locus_0026.mldist
  Screen log file:               /home/mis/CSE6406-project/work/paper_subset_50x10_L800/ils_high/replicate_06/estimated_gene_trees/L800/gtr_g4/locus_0026.log

Date and Time: Sat Sep 12 19:59:38 2026
