IQ-TREE multicore version 2.4.0 for Linux x86 64-bit built Feb 12 2025
Developed by Bui Quang Minh, Nguyen Lam Tung, Olga Chernomor, Heiko Schmidt,
Dominik Schrempf, Michael Woodhams, Ly Trong Nhan, Thomas Wong

Host:    ezmata (AVX2, FMA3, 15 GB RAM)
Command: /home/mis/miniconda3/envs/cse6406/bin/iqtree2 -s /home/mis/CSE6406-project/work/paper_subset_50x10_L800/ils_high/replicate_06/alignments/L800/locus_0025.phy -m GTR+G4 --abayes -T 1 --seed 7006026 --prefix /home/mis/CSE6406-project/work/paper_subset_50x10_L800/ils_high/replicate_06/estimated_gene_trees/L800/gtr_g4/locus_0025 --redo --quiet
Seed:    7006026 (Using SPRNG - Scalable Parallel Random Number Generator)
Time:    Sat Sep 12 19:59:34 2026
Kernel:  AVX+FMA - 1 threads (16 CPU cores detected)

HINT: Use -nt option to specify number of threads because your CPU has 16 cores!
HINT: -nt AUTO will automatically determine the best number of threads to use.

Reading alignment file /home/mis/CSE6406-project/work/paper_subset_50x10_L800/ils_high/replicate_06/alignments/L800/locus_0025.phy ... Phylip format detected
Alignment most likely contains DNA/RNA sequences
Alignment has 21 sequences with 800 columns, 316 distinct patterns
242 parsimony-informative, 91 singleton sites, 467 constant sites
        Gap/Ambiguity  Composition  p-value
Analyzing sequences: done in 1.47e-05 secs
   1  0_0_0     0.00%    passed     61.79%
   2  6_0_0     0.00%    passed     96.76%
   3  7_0_0     0.00%    passed     98.01%
   4  5_0_0     0.00%    passed     94.80%
   5  2_0_0     0.00%    passed     98.29%
   6  3_0_0     0.00%    passed     98.27%
   7  13_0_0    0.00%    passed     95.25%
   8  20_0_0    0.00%    passed     96.26%
   9  8_0_0     0.00%    passed     89.64%
  10  1_0_0     0.00%    passed     98.78%
  11  4_0_0     0.00%    passed     79.58%
  12  14_0_0    0.00%    passed     86.38%
  13  12_0_0    0.00%    passed     99.78%
  14  11_0_0    0.00%    passed     58.97%
  15  15_0_0    0.00%    passed     92.55%
  16  19_0_0    0.00%    passed     83.71%
  17  17_0_0    0.00%    passed     98.16%
  18  16_0_0    0.00%    passed     98.80%
  19  10_0_0    0.00%    passed     97.82%
  20  18_0_0    0.00%    passed     99.49%
  21  9_0_0     0.00%    passed     99.87%
****  TOTAL     0.00%  0 sequences failed composition chi2 test (p-value<5%; df=3)

Create initial parsimony tree by phylogenetic likelihood library (PLL)... 0.001 seconds

NOTE: 0 MB RAM (0 GB) is required!
Estimate model parameters (epsilon = 0.100)
1. Initial log-likelihood: -6960.942
2. Current log-likelihood: -6615.655
3. Current log-likelihood: -6600.486
4. Current log-likelihood: -6600.310
Optimal log-likelihood: -6600.306
Rate parameters:  A-C: 1.09412  A-G: 2.41768  A-T: 1.09774  C-G: 1.09897  C-T: 2.03686  G-T: 1.00000
Base frequencies:  A: 0.264  C: 0.202  G: 0.219  T: 0.316
Gamma shape alpha: 0.193
Parameters optimization took 4 rounds (0.054 sec)
Wrote distance file to... 
Computing ML distances based on estimated model parameters...
Calculating distance matrix: done in 0.00177573 secs using 98.61% CPU
Computing ML distances took 0.001823 sec (of wall-clock time) 0.001798 sec (of CPU time)
Setting up auxiliary I and S matrices: done in 5.783e-05 secs using 98.56% CPU
Computing RapidNJ tree took 0.000242 sec (of wall-clock time) 0.000441 sec (of CPU time)
Log-likelihood of RapidNJ tree: -6604.576
--------------------------------------------------------------------
|             INITIALIZING CANDIDATE TREE SET                      |
--------------------------------------------------------------------
Generating 98 parsimony trees... 0.132 second
Computing log-likelihood of 98 initial trees ... 0.177 seconds
Current best score: -6590.183

Do NNI search on 20 best initial trees
Estimate model parameters (epsilon = 0.100)
BETTER TREE FOUND at iteration 1: -6587.212
Iteration 10 / LogL: -6587.219 / Time: 0h:0m:0s
Iteration 20 / LogL: -6587.219 / Time: 0h:0m:1s
Finish initializing candidate tree set (3)
Current best tree score: -6587.212 / CPU time: 1.075
Number of iterations: 20
--------------------------------------------------------------------
|               OPTIMIZING CANDIDATE TREE SET                      |
--------------------------------------------------------------------
UPDATE BEST LOG-LIKELIHOOD: -6587.210
UPDATE BEST LOG-LIKELIHOOD: -6587.210
UPDATE BEST LOG-LIKELIHOOD: -6587.210
Iteration 30 / LogL: -6588.539 / Time: 0h:0m:1s (0h:0m:3s left)
UPDATE BEST LOG-LIKELIHOOD: -6587.206
Iteration 40 / LogL: -6588.663 / Time: 0h:0m:2s (0h:0m:3s left)
Iteration 50 / LogL: -6588.665 / Time: 0h:0m:2s (0h:0m:2s left)
UPDATE BEST LOG-LIKELIHOOD: -6587.205
Iteration 60 / LogL: -6587.205 / Time: 0h:0m:2s (0h:0m:1s left)
Iteration 70 / LogL: -6587.216 / Time: 0h:0m:3s (0h:0m:1s left)
Iteration 80 / LogL: -6588.511 / Time: 0h:0m:3s (0h:0m:0s left)
Iteration 90 / LogL: -6587.211 / Time: 0h:0m:4s (0h:0m:0s left)
Iteration 100 / LogL: -6587.206 / Time: 0h:0m:4s (0h:0m:0s left)
TREE SEARCH COMPLETED AFTER 102 ITERATIONS / Time: 0h:0m:4s

--------------------------------------------------------------------
|                    FINALIZING TREE SEARCH                        |
--------------------------------------------------------------------
Performs final model parameters optimization
Estimate model parameters (epsilon = 0.010)
1. Initial log-likelihood: -6587.205
Optimal log-likelihood: -6587.204
Rate parameters:  A-C: 1.10599  A-G: 2.38095  A-T: 1.08905  C-G: 1.11267  C-T: 2.06479  G-T: 1.00000
Base frequencies:  A: 0.264  C: 0.202  G: 0.219  T: 0.316
Gamma shape alpha: 0.191
Parameters optimization took 1 rounds (0.006 sec)
BEST SCORE FOUND : -6587.204

Testing tree branches by aBayes parametric test...
0.006 sec.
Total tree length: 2.637

Total number of iterations: 102
CPU time used for tree search: 4.275 sec (0h:0m:4s)
Wall-clock time used for tree search: 4.376 sec (0h:0m:4s)
Total CPU time used: 4.356 sec (0h:0m:4s)
Total wall-clock time used: 4.461 sec (0h:0m:4s)

Analysis results written to: 
  IQ-TREE report:                /home/mis/CSE6406-project/work/paper_subset_50x10_L800/ils_high/replicate_06/estimated_gene_trees/L800/gtr_g4/locus_0025.iqtree
  Maximum-likelihood tree:       /home/mis/CSE6406-project/work/paper_subset_50x10_L800/ils_high/replicate_06/estimated_gene_trees/L800/gtr_g4/locus_0025.treefile
  Likelihood distances:          /home/mis/CSE6406-project/work/paper_subset_50x10_L800/ils_high/replicate_06/estimated_gene_trees/L800/gtr_g4/locus_0025.mldist
  Screen log file:               /home/mis/CSE6406-project/work/paper_subset_50x10_L800/ils_high/replicate_06/estimated_gene_trees/L800/gtr_g4/locus_0025.log

Date and Time: Sat Sep 12 19:59:39 2026
