IQ-TREE multicore version 2.4.0 for Linux x86 64-bit built Feb 12 2025
Developed by Bui Quang Minh, Nguyen Lam Tung, Olga Chernomor, Heiko Schmidt,
Dominik Schrempf, Michael Woodhams, Ly Trong Nhan, Thomas Wong

Host:    ezmata (AVX2, FMA3, 15 GB RAM)
Command: /home/mis/miniconda3/envs/cse6406/bin/iqtree2 -s /home/mis/CSE6406-project/work/paper_subset_50x10_L800/ils_high/replicate_08/alignments/L800/locus_0006.phy -m JC --abayes -T 1 --seed 7206007 --prefix /home/mis/CSE6406-project/work/paper_subset_50x10_L800/ils_high/replicate_08/estimated_gene_trees/L800/jc/locus_0006 --redo --quiet
Seed:    7206007 (Using SPRNG - Scalable Parallel Random Number Generator)
Time:    Sat Sep 12 20:04:52 2026
Kernel:  AVX+FMA - 1 threads (16 CPU cores detected)

HINT: Use -nt option to specify number of threads because your CPU has 16 cores!
HINT: -nt AUTO will automatically determine the best number of threads to use.

Reading alignment file /home/mis/CSE6406-project/work/paper_subset_50x10_L800/ils_high/replicate_08/alignments/L800/locus_0006.phy ... Phylip format detected
Alignment most likely contains DNA/RNA sequences
Alignment has 21 sequences with 800 columns, 445 distinct patterns
368 parsimony-informative, 87 singleton sites, 345 constant sites
        Gap/Ambiguity  Composition  p-value
Analyzing sequences: done in 4.3125e-05 secs using 97.39% CPU
   1  4_0_0     0.00%    passed     27.61%
   2  6_0_0     0.00%    passed     92.47%
   3  14_0_0    0.00%    passed     95.69%
   4  10_0_0    0.00%    passed     98.40%
   5  8_0_0     0.00%    passed     89.74%
   6  2_0_0     0.00%    passed     83.17%
   7  17_0_0    0.00%    passed     96.08%
   8  18_0_0    0.00%    passed     92.90%
   9  19_0_0    0.00%    passed     73.68%
  10  20_0_0    0.00%    passed     88.84%
  11  15_0_0    0.00%    passed     90.72%
  12  12_0_0    0.00%    passed     61.47%
  13  16_0_0    0.00%    passed     63.80%
  14  3_0_0     0.00%    passed     77.09%
  15  7_0_0     0.00%    passed     86.77%
  16  1_0_0     0.00%    passed     69.65%
  17  9_0_0     0.00%    passed     35.67%
  18  13_0_0    0.00%    passed     91.10%
  19  5_0_0     0.00%    passed     50.18%
  20  11_0_0    0.00%    passed     71.75%
  21  0_0_0     0.00%    passed     76.22%
****  TOTAL     0.00%  0 sequences failed composition chi2 test (p-value<5%; df=3)

Create initial parsimony tree by phylogenetic likelihood library (PLL)... 0.002 seconds

NOTE: 0 MB RAM (0 GB) is required!
Estimate model parameters (epsilon = 0.100)
1. Initial log-likelihood: -11859.699
Optimal log-likelihood: -11819.429
Rate parameters:  A-C: 1.00000  A-G: 1.00000  A-T: 1.00000  C-G: 1.00000  C-T: 1.00000  G-T: 1.00000
Base frequencies:  A: 0.250  C: 0.250  G: 0.250  T: 0.250
Parameters optimization took 1 rounds (0.004 sec)
Wrote distance file to... 
Computing ML distances based on estimated model parameters...
Calculating distance matrix: done in 0.00126927 secs using 88.32% CPU
Computing ML distances took 0.001362 sec (of wall-clock time) 0.001202 sec (of CPU time)
Setting up auxiliary I and S matrices: done in 6.2181e-05 secs
Computing RapidNJ tree took 0.000243 sec (of wall-clock time) 0.000000 sec (of CPU time)
Log-likelihood of RapidNJ tree: -11862.889
--------------------------------------------------------------------
|             INITIALIZING CANDIDATE TREE SET                      |
--------------------------------------------------------------------
Generating 98 parsimony trees... 0.287 second
Computing log-likelihood of 98 initial trees ... 0.187 seconds
Current best score: -11816.634

Do NNI search on 20 best initial trees
Estimate model parameters (epsilon = 0.100)
BETTER TREE FOUND at iteration 1: -11815.273
Estimate model parameters (epsilon = 0.100)
BETTER TREE FOUND at iteration 4: -11811.829
Iteration 10 / LogL: -11811.885 / Time: 0h:0m:0s
Iteration 20 / LogL: -11824.226 / Time: 0h:0m:0s
Finish initializing candidate tree set (7)
Current best tree score: -11811.829 / CPU time: 0.919
Number of iterations: 20
--------------------------------------------------------------------
|               OPTIMIZING CANDIDATE TREE SET                      |
--------------------------------------------------------------------
Estimate model parameters (epsilon = 0.100)
BETTER TREE FOUND at iteration 21: -11809.736
Iteration 30 / LogL: -11832.782 / Time: 0h:0m:1s (0h:0m:3s left)
Iteration 40 / LogL: -11820.520 / Time: 0h:0m:1s (0h:0m:2s left)
Iteration 50 / LogL: -11811.837 / Time: 0h:0m:1s (0h:0m:2s left)
Iteration 60 / LogL: -11809.777 / Time: 0h:0m:1s (0h:0m:1s left)
Iteration 70 / LogL: -11812.056 / Time: 0h:0m:2s (0h:0m:1s left)
Iteration 80 / LogL: -11809.922 / Time: 0h:0m:2s (0h:0m:1s left)
Iteration 90 / LogL: -11811.942 / Time: 0h:0m:2s (0h:0m:0s left)
Iteration 100 / LogL: -11811.942 / Time: 0h:0m:2s (0h:0m:0s left)
Iteration 110 / LogL: -11811.844 / Time: 0h:0m:2s (0h:0m:0s left)
Iteration 120 / LogL: -11814.039 / Time: 0h:0m:2s (0h:0m:0s left)
TREE SEARCH COMPLETED AFTER 122 ITERATIONS / Time: 0h:0m:2s

--------------------------------------------------------------------
|                    FINALIZING TREE SEARCH                        |
--------------------------------------------------------------------
Performs final model parameters optimization
Estimate model parameters (epsilon = 0.010)
1. Initial log-likelihood: -11809.736
Optimal log-likelihood: -11809.736
Rate parameters:  A-C: 1.00000  A-G: 1.00000  A-T: 1.00000  C-G: 1.00000  C-T: 1.00000  G-T: 1.00000
Base frequencies:  A: 0.250  C: 0.250  G: 0.250  T: 0.250
Parameters optimization took 1 rounds (0.001 sec)
BEST SCORE FOUND : -11809.736

Testing tree branches by aBayes parametric test...
0.003 sec.
Total tree length: 3.638

Total number of iterations: 122
CPU time used for tree search: 2.593 sec (0h:0m:2s)
Wall-clock time used for tree search: 2.671 sec (0h:0m:2s)
Total CPU time used: 2.621 sec (0h:0m:2s)
Total wall-clock time used: 2.702 sec (0h:0m:2s)

Analysis results written to: 
  IQ-TREE report:                /home/mis/CSE6406-project/work/paper_subset_50x10_L800/ils_high/replicate_08/estimated_gene_trees/L800/jc/locus_0006.iqtree
  Maximum-likelihood tree:       /home/mis/CSE6406-project/work/paper_subset_50x10_L800/ils_high/replicate_08/estimated_gene_trees/L800/jc/locus_0006.treefile
  Likelihood distances:          /home/mis/CSE6406-project/work/paper_subset_50x10_L800/ils_high/replicate_08/estimated_gene_trees/L800/jc/locus_0006.mldist
  Screen log file:               /home/mis/CSE6406-project/work/paper_subset_50x10_L800/ils_high/replicate_08/estimated_gene_trees/L800/jc/locus_0006.log

Date and Time: Sat Sep 12 20:04:55 2026
