IQ-TREE multicore version 2.4.0 for Linux x86 64-bit built Feb 12 2025
Developed by Bui Quang Minh, Nguyen Lam Tung, Olga Chernomor, Heiko Schmidt,
Dominik Schrempf, Michael Woodhams, Ly Trong Nhan, Thomas Wong

Host:    ezmata (AVX2, FMA3, 15 GB RAM)
Command: /home/mis/miniconda3/envs/cse6406/bin/iqtree2 -s /home/mis/CSE6406-project/work/paper_subset_7x2_L200_800/ils_high/replicate_01/alignments/L800/locus_0002.phy -m GTR --abayes -T AUTO --seed 6506003 --prefix /home/mis/CSE6406-project/work/paper_subset_7x2_L200_800/ils_high/replicate_01/estimated_gene_trees/L800/gtr/locus_0002 --redo --quiet
Seed:    6506003 (Using SPRNG - Scalable Parallel Random Number Generator)
Time:    Thu Sep 10 14:12:13 2026
Kernel:  AVX+FMA - auto-detect threads (16 CPU cores detected)

Reading alignment file /home/mis/CSE6406-project/work/paper_subset_7x2_L200_800/ils_high/replicate_01/alignments/L800/locus_0002.phy ... Phylip format detected
Alignment most likely contains DNA/RNA sequences
Alignment has 21 sequences with 800 columns, 35 distinct patterns
5 parsimony-informative, 30 singleton sites, 765 constant sites
        Gap/Ambiguity  Composition  p-value
Analyzing sequences: done in 0.000181718 secs using 58.33% CPU
   1  0_0_0     0.00%    passed     98.80%
   2  7_0_0     0.00%    passed     99.97%
   3  11_0_0    0.00%    passed     99.99%
   4  14_0_0    0.00%    passed     99.66%
   5  20_0_0    0.00%    passed     99.97%
   6  8_0_0     0.00%    passed     99.79%
   7  19_0_0    0.00%    passed     99.71%
   8  1_0_0     0.00%    passed     99.97%
   9  4_0_0     0.00%    passed     99.90%
  10  2_0_0     0.00%    passed     99.89%
  11  3_0_0     0.00%    passed     99.93%
  12  13_0_0    0.00%    passed     99.99%
  13  5_0_0     0.00%    passed     99.98%
  14  9_0_0     0.00%    passed     99.93%
  15  10_0_0    0.00%    passed     99.99%
  16  16_0_0    0.00%    passed     99.99%
  17  6_0_0     0.00%    passed     99.93%
  18  17_0_0    0.00%    passed     99.18%
  19  15_0_0    0.00%    passed     99.66%
  20  12_0_0    0.00%    passed     99.93%
  21  18_0_0    0.00%    passed     99.66%
****  TOTAL     0.00%  0 sequences failed composition chi2 test (p-value<5%; df=3)
NOTE: 20_0_0 is identical to 7_0_0 but kept for subsequent analysis
NOTE: 6_0_0 is identical to 9_0_0 but kept for subsequent analysis
NOTE: 1 identical sequences (see below) will be ignored for subsequent analysis
NOTE: 12_0_0 (identical to 9_0_0) is ignored but added at the end
Alignment was printed to /home/mis/CSE6406-project/work/paper_subset_7x2_L200_800/ils_high/replicate_01/estimated_gene_trees/L800/gtr/locus_0002.uniqueseq.phy

For your convenience alignment with unique sequences printed to /home/mis/CSE6406-project/work/paper_subset_7x2_L200_800/ils_high/replicate_01/estimated_gene_trees/L800/gtr/locus_0002.uniqueseq.phy

Create initial parsimony tree by phylogenetic likelihood library (PLL)... 0.000 seconds

NOTE: 0 MB RAM (0 GB) is required!
Measuring multi-threading efficiency up to 16 CPU cores
Increase to 10 rounds for branch lengths
40995 trees examined
Threads: 1 / Time: 16.000 sec / Speedup: 1.000 / Efficiency: 100% / LogL: -1511
Threads: 2 / Time: 36.783 sec / Speedup: 0.435 / Efficiency: 22% / LogL: -1511
BEST NUMBER OF THREADS: 1

Estimate model parameters (epsilon = 0.100)
1. Initial log-likelihood: -1389.835
2. Current log-likelihood: -1380.923
3. Current log-likelihood: -1380.817
Optimal log-likelihood: -1380.806
Rate parameters:  A-C: 2.59588  A-G: 4.35935  A-T: 2.32112  C-G: 0.00010  C-T: 4.58583  G-T: 1.00000
Warning! Some parameters hit the boundaries
Base frequencies:  A: 0.303  C: 0.185  G: 0.200  T: 0.311
Parameters optimization took 3 rounds (0.002 sec)
Wrote distance file to... 
Computing ML distances based on estimated model parameters...
Calculating distance matrix: done in 0.000482197 secs using 65.53% CPU
Computing ML distances took 0.000494 sec (of wall-clock time) 0.000324 sec (of CPU time)
Setting up auxiliary I and S matrices: done in 2.3254e-05 secs
Computing RapidNJ tree took 0.000084 sec (of wall-clock time) 0.000000 sec (of CPU time)
Log-likelihood of RapidNJ tree: -1380.821
--------------------------------------------------------------------
|             INITIALIZING CANDIDATE TREE SET                      |
--------------------------------------------------------------------
Generating 98 parsimony trees... 0.018 second
Computing log-likelihood of 98 initial trees ... 0.015 seconds
Current best score: -1380.806

Do NNI search on 20 best initial trees
Estimate model parameters (epsilon = 0.100)
BETTER TREE FOUND at iteration 1: -1380.800
BETTER TREE FOUND at iteration 2: -1380.800
BETTER TREE FOUND at iteration 3: -1380.800
BETTER TREE FOUND at iteration 4: -1380.800
Iteration 10 / LogL: -1380.800 / Time: 0h:0m:52s
BETTER TREE FOUND at iteration 17: -1380.800
Iteration 20 / LogL: -1380.800 / Time: 0h:0m:52s
Finish initializing candidate tree set (20)
Current best tree score: -1380.800 / CPU time: 0.046
Number of iterations: 20
--------------------------------------------------------------------
|               OPTIMIZING CANDIDATE TREE SET                      |
--------------------------------------------------------------------
Iteration 30 / LogL: -1380.803 / Time: 0h:0m:52s (0h:2m:38s left)
Iteration 40 / LogL: -1380.800 / Time: 0h:0m:52s (0h:1m:44s left)
BETTER TREE FOUND at iteration 46: -1380.800
Iteration 50 / LogL: -1380.805 / Time: 0h:0m:52s (0h:1m:43s left)
Iteration 60 / LogL: -1380.803 / Time: 0h:0m:52s (0h:1m:17s left)
Iteration 70 / LogL: -1380.806 / Time: 0h:0m:52s (0h:0m:58s left)
Iteration 80 / LogL: -1380.803 / Time: 0h:0m:52s (0h:0m:44s left)
Iteration 90 / LogL: -1394.036 / Time: 0h:0m:52s (0h:0m:33s left)
Iteration 100 / LogL: -1380.805 / Time: 0h:0m:52s (0h:0m:24s left)
BETTER TREE FOUND at iteration 107: -1380.800
Iteration 110 / LogL: -1380.802 / Time: 0h:0m:52s (0h:0m:47s left)
BETTER TREE FOUND at iteration 111: -1380.800
Iteration 120 / LogL: -1380.803 / Time: 0h:0m:52s (0h:0m:40s left)
Iteration 130 / LogL: -1380.800 / Time: 0h:0m:52s (0h:0m:33s left)
Iteration 140 / LogL: -1380.800 / Time: 0h:0m:53s (0h:0m:27s left)
Iteration 150 / LogL: -1380.800 / Time: 0h:0m:53s (0h:0m:21s left)
Iteration 160 / LogL: -1386.870 / Time: 0h:0m:53s (0h:0m:17s left)
Iteration 170 / LogL: -1380.805 / Time: 0h:0m:53s (0h:0m:12s left)
Iteration 180 / LogL: -1393.008 / Time: 0h:0m:53s (0h:0m:9s left)
Iteration 190 / LogL: -1386.274 / Time: 0h:0m:53s (0h:0m:5s left)
Iteration 200 / LogL: -1380.803 / Time: 0h:0m:53s (0h:0m:2s left)
Iteration 210 / LogL: -1380.807 / Time: 0h:0m:53s (0h:0m:0s left)
TREE SEARCH COMPLETED AFTER 212 ITERATIONS / Time: 0h:0m:53s

--------------------------------------------------------------------
|                    FINALIZING TREE SEARCH                        |
--------------------------------------------------------------------
Performs final model parameters optimization
Estimate model parameters (epsilon = 0.010)
1. Initial log-likelihood: -1380.800
Optimal log-likelihood: -1380.795
Rate parameters:  A-C: 2.63924  A-G: 4.44675  A-T: 2.36921  C-G: 0.00010  C-T: 4.68497  G-T: 1.00000
Warning! Some parameters hit the boundaries
Base frequencies:  A: 0.303  C: 0.185  G: 0.200  T: 0.311
Parameters optimization took 1 rounds (0.001 sec)
BEST SCORE FOUND : -1380.795

Testing tree branches by aBayes parametric test...
0.000 sec.
Total tree length: 0.049

Total number of iterations: 212
CPU time used for tree search: 0.289 sec (0h:0m:0s)
Wall-clock time used for tree search: 0.302 sec (0h:0m:0s)
Total CPU time used: 39.824 sec (0h:0m:39s)
Total wall-clock time used: 53.098 sec (0h:0m:53s)

Analysis results written to: 
  IQ-TREE report:                /home/mis/CSE6406-project/work/paper_subset_7x2_L200_800/ils_high/replicate_01/estimated_gene_trees/L800/gtr/locus_0002.iqtree
  Maximum-likelihood tree:       /home/mis/CSE6406-project/work/paper_subset_7x2_L200_800/ils_high/replicate_01/estimated_gene_trees/L800/gtr/locus_0002.treefile
  Likelihood distances:          /home/mis/CSE6406-project/work/paper_subset_7x2_L200_800/ils_high/replicate_01/estimated_gene_trees/L800/gtr/locus_0002.mldist
  Screen log file:               /home/mis/CSE6406-project/work/paper_subset_7x2_L200_800/ils_high/replicate_01/estimated_gene_trees/L800/gtr/locus_0002.log

Date and Time: Thu Sep 10 14:13:06 2026
