IQ-TREE multicore version 2.4.0 for Linux x86 64-bit built Feb 12 2025
Developed by Bui Quang Minh, Nguyen Lam Tung, Olga Chernomor, Heiko Schmidt,
Dominik Schrempf, Michael Woodhams, Ly Trong Nhan, Thomas Wong

Host:    ezmata (AVX2, FMA3, 15 GB RAM)
Command: /home/mis/miniconda3/envs/cse6406/bin/iqtree2 -s /home/mis/CSE6406-project/work/paper_subset_50x10_L200/ils_high/replicate_06/alignments/L200/locus_0008.phy -m HKY --abayes -T 1 --seed 7006009 --prefix /home/mis/CSE6406-project/work/paper_subset_50x10_L200/ils_high/replicate_06/estimated_gene_trees/L200/hky/locus_0008 --redo --quiet
Seed:    7006009 (Using SPRNG - Scalable Parallel Random Number Generator)
Time:    Sat Sep 12 21:44:13 2026
Kernel:  AVX+FMA - 1 threads (16 CPU cores detected)

HINT: Use -nt option to specify number of threads because your CPU has 16 cores!
HINT: -nt AUTO will automatically determine the best number of threads to use.

Reading alignment file /home/mis/CSE6406-project/work/paper_subset_50x10_L200/ils_high/replicate_06/alignments/L200/locus_0008.phy ... Phylip format detected
Alignment most likely contains DNA/RNA sequences
Alignment has 21 sequences with 200 columns, 90 distinct patterns
66 parsimony-informative, 22 singleton sites, 112 constant sites
        Gap/Ambiguity  Composition  p-value
Analyzing sequences: done in 1.0342e-05 secs using 48.35% CPU
   1  12_0_0    0.00%    passed     99.97%
   2  14_0_0    0.00%    passed     98.36%
   3  5_0_0     0.00%    passed     98.17%
   4  11_0_0    0.00%    passed     99.81%
   5  9_0_0     0.00%    passed     94.10%
   6  4_0_0     0.00%    passed     83.51%
   7  7_0_0     0.00%    passed     97.98%
   8  1_0_0     0.00%    passed     97.36%
   9  8_0_0     0.00%    passed     93.38%
  10  6_0_0     0.00%    passed     60.13%
  11  2_0_0     0.00%    passed     76.95%
  12  3_0_0     0.00%    passed     97.25%
  13  17_0_0    0.00%    passed     91.50%
  14  13_0_0    0.00%    passed     98.86%
  15  15_0_0    0.00%    passed     99.40%
  16  19_0_0    0.00%    passed     97.98%
  17  20_0_0    0.00%    passed     90.04%
  18  18_0_0    0.00%    passed     97.68%
  19  10_0_0    0.00%    passed     96.55%
  20  16_0_0    0.00%    passed     92.14%
  21  0_0_0     0.00%    passed     91.12%
****  TOTAL     0.00%  0 sequences failed composition chi2 test (p-value<5%; df=3)

Create initial parsimony tree by phylogenetic likelihood library (PLL)... 0.001 seconds

NOTE: 0 MB RAM (0 GB) is required!
Estimate model parameters (epsilon = 0.100)
1. Initial log-likelihood: -1719.217
2. Current log-likelihood: -1706.422
Optimal log-likelihood: -1706.315
Rate parameters:  A-C: 1.00000  A-G: 1.65423  A-T: 1.00000  C-G: 1.00000  C-T: 1.65423  G-T: 1.00000
Base frequencies:  A: 0.320  C: 0.204  G: 0.198  T: 0.279
Parameters optimization took 2 rounds (0.002 sec)
Wrote distance file to... 
Computing ML distances based on estimated model parameters...
Calculating distance matrix: done in 0.000755 secs using 90.73% CPU
Computing ML distances took 0.000779 sec (of wall-clock time) 0.000711 sec (of CPU time)
Setting up auxiliary I and S matrices: done in 5.7139e-05 secs using 98.01% CPU
Computing RapidNJ tree took 0.000225 sec (of wall-clock time) 0.000225 sec (of CPU time)
Log-likelihood of RapidNJ tree: -1712.274
--------------------------------------------------------------------
|             INITIALIZING CANDIDATE TREE SET                      |
--------------------------------------------------------------------
Generating 98 parsimony trees... 0.065 second
Computing log-likelihood of 98 initial trees ... 0.052 seconds
Current best score: -1701.722

Do NNI search on 20 best initial trees
Estimate model parameters (epsilon = 0.100)
BETTER TREE FOUND at iteration 1: -1701.604
Iteration 10 / LogL: -1702.189 / Time: 0h:0m:0s
UPDATE BEST LOG-LIKELIHOOD: -1701.604
Iteration 20 / LogL: -1704.578 / Time: 0h:0m:0s
Finish initializing candidate tree set (6)
Current best tree score: -1701.604 / CPU time: 0.189
Number of iterations: 20
--------------------------------------------------------------------
|               OPTIMIZING CANDIDATE TREE SET                      |
--------------------------------------------------------------------
Iteration 30 / LogL: -1702.260 / Time: 0h:0m:0s (0h:0m:0s left)
UPDATE BEST LOG-LIKELIHOOD: -1701.604
Iteration 40 / LogL: -1704.483 / Time: 0h:0m:0s (0h:0m:0s left)
Iteration 50 / LogL: -1704.567 / Time: 0h:0m:0s (0h:0m:0s left)
Iteration 60 / LogL: -1701.605 / Time: 0h:0m:0s (0h:0m:0s left)
Iteration 70 / LogL: -1701.604 / Time: 0h:0m:0s (0h:0m:0s left)
Iteration 80 / LogL: -1701.604 / Time: 0h:0m:0s (0h:0m:0s left)
Iteration 90 / LogL: -1719.763 / Time: 0h:0m:0s (0h:0m:0s left)
Iteration 100 / LogL: -1701.607 / Time: 0h:0m:0s (0h:0m:0s left)
TREE SEARCH COMPLETED AFTER 102 ITERATIONS / Time: 0h:0m:0s

--------------------------------------------------------------------
|                    FINALIZING TREE SEARCH                        |
--------------------------------------------------------------------
Performs final model parameters optimization
Estimate model parameters (epsilon = 0.010)
1. Initial log-likelihood: -1701.604
Optimal log-likelihood: -1701.604
Rate parameters:  A-C: 1.00000  A-G: 1.63196  A-T: 1.00000  C-G: 1.00000  C-T: 1.63196  G-T: 1.00000
Base frequencies:  A: 0.320  C: 0.204  G: 0.198  T: 0.279
Parameters optimization took 1 rounds (0.001 sec)
BEST SCORE FOUND : -1701.604

Testing tree branches by aBayes parametric test...
0.001 sec.
Total tree length: 1.552

Total number of iterations: 102
CPU time used for tree search: 0.727 sec (0h:0m:0s)
Wall-clock time used for tree search: 0.798 sec (0h:0m:0s)
Total CPU time used: 0.744 sec (0h:0m:0s)
Total wall-clock time used: 0.815 sec (0h:0m:0s)

Analysis results written to: 
  IQ-TREE report:                /home/mis/CSE6406-project/work/paper_subset_50x10_L200/ils_high/replicate_06/estimated_gene_trees/L200/hky/locus_0008.iqtree
  Maximum-likelihood tree:       /home/mis/CSE6406-project/work/paper_subset_50x10_L200/ils_high/replicate_06/estimated_gene_trees/L200/hky/locus_0008.treefile
  Likelihood distances:          /home/mis/CSE6406-project/work/paper_subset_50x10_L200/ils_high/replicate_06/estimated_gene_trees/L200/hky/locus_0008.mldist
  Screen log file:               /home/mis/CSE6406-project/work/paper_subset_50x10_L200/ils_high/replicate_06/estimated_gene_trees/L200/hky/locus_0008.log

Date and Time: Sat Sep 12 21:44:14 2026
