IQ-TREE multicore version 2.4.0 for Linux x86 64-bit built Feb 12 2025
Developed by Bui Quang Minh, Nguyen Lam Tung, Olga Chernomor, Heiko Schmidt,
Dominik Schrempf, Michael Woodhams, Ly Trong Nhan, Thomas Wong

Host:    ezmata (AVX2, FMA3, 15 GB RAM)
Command: /home/mis/miniconda3/envs/cse6406/bin/iqtree2 -s /home/mis/CSE6406-project/work/paper_subset_50x10_L200/ils_low/replicate_05/alignments/L200/locus_0047.phy -m JC --abayes -T 1 --seed 6906048 --prefix /home/mis/CSE6406-project/work/paper_subset_50x10_L200/ils_low/replicate_05/estimated_gene_trees/L200/jc/locus_0047 --redo --quiet
Seed:    6906048 (Using SPRNG - Scalable Parallel Random Number Generator)
Time:    Sat Sep 12 21:34:05 2026
Kernel:  AVX+FMA - 1 threads (16 CPU cores detected)

HINT: Use -nt option to specify number of threads because your CPU has 16 cores!
HINT: -nt AUTO will automatically determine the best number of threads to use.

Reading alignment file /home/mis/CSE6406-project/work/paper_subset_50x10_L200/ils_low/replicate_05/alignments/L200/locus_0047.phy ... Phylip format detected
Alignment most likely contains DNA/RNA sequences
Alignment has 21 sequences with 200 columns, 69 distinct patterns
39 parsimony-informative, 28 singleton sites, 133 constant sites
        Gap/Ambiguity  Composition  p-value
Analyzing sequences: done in 1.4551e-05 secs using 13.74% CPU
   1  0_0_0     0.00%    passed     70.10%
   2  18_0_0    0.00%    passed     91.89%
   3  17_0_0    0.00%    passed     99.53%
   4  19_0_0    0.00%    passed     99.27%
   5  14_0_0    0.00%    passed     97.28%
   6  13_0_0    0.00%    passed     97.76%
   7  16_0_0    0.00%    passed     98.89%
   8  15_0_0    0.00%    passed     94.50%
   9  20_0_0    0.00%    passed     95.61%
  10  2_0_0     0.00%    passed     95.94%
  11  3_0_0     0.00%    passed     99.24%
  12  4_0_0     0.00%    passed     98.97%
  13  1_0_0     0.00%    passed     98.56%
  14  10_0_0    0.00%    passed     99.90%
  15  5_0_0     0.00%    passed     98.68%
  16  12_0_0    0.00%    passed     96.87%
  17  6_0_0     0.00%    passed     95.85%
  18  11_0_0    0.00%    passed     96.96%
  19  9_0_0     0.00%    passed     96.54%
  20  8_0_0     0.00%    passed     89.75%
  21  7_0_0     0.00%    passed     96.58%
****  TOTAL     0.00%  0 sequences failed composition chi2 test (p-value<5%; df=3)

Create initial parsimony tree by phylogenetic likelihood library (PLL)... 0.001 seconds

NOTE: 0 MB RAM (0 GB) is required!
Estimate model parameters (epsilon = 0.100)
1. Initial log-likelihood: -1161.619
Optimal log-likelihood: -1156.270
Rate parameters:  A-C: 1.00000  A-G: 1.00000  A-T: 1.00000  C-G: 1.00000  C-T: 1.00000  G-T: 1.00000
Base frequencies:  A: 0.250  C: 0.250  G: 0.250  T: 0.250
Parameters optimization took 1 rounds (0.001 sec)
Wrote distance file to... 
Computing ML distances based on estimated model parameters...
Calculating distance matrix: done in 0.00131952 secs using 99.88% CPU
Computing ML distances took 0.001358 sec (of wall-clock time) 0.001362 sec (of CPU time)
Setting up auxiliary I and S matrices: done in 6.7819e-05 secs using 98.79% CPU
Computing RapidNJ tree took 0.000263 sec (of wall-clock time) 0.000262 sec (of CPU time)
Log-likelihood of RapidNJ tree: -1162.632
--------------------------------------------------------------------
|             INITIALIZING CANDIDATE TREE SET                      |
--------------------------------------------------------------------
Generating 98 parsimony trees... 0.081 second
Computing log-likelihood of 98 initial trees ... 0.075 seconds
Current best score: -1154.598

Do NNI search on 20 best initial trees
Estimate model parameters (epsilon = 0.100)
BETTER TREE FOUND at iteration 1: -1154.592
UPDATE BEST LOG-LIKELIHOOD: -1154.592
UPDATE BEST LOG-LIKELIHOOD: -1154.592
Iteration 10 / LogL: -1154.592 / Time: 0h:0m:0s
Iteration 20 / LogL: -1156.540 / Time: 0h:0m:0s
Finish initializing candidate tree set (3)
Current best tree score: -1154.592 / CPU time: 0.270
Number of iterations: 20
--------------------------------------------------------------------
|               OPTIMIZING CANDIDATE TREE SET                      |
--------------------------------------------------------------------
Iteration 30 / LogL: -1154.593 / Time: 0h:0m:0s (0h:0m:0s left)
Iteration 40 / LogL: -1156.561 / Time: 0h:0m:0s (0h:0m:0s left)
Iteration 50 / LogL: -1154.592 / Time: 0h:0m:0s (0h:0m:0s left)
Iteration 60 / LogL: -1157.531 / Time: 0h:0m:0s (0h:0m:0s left)
Iteration 70 / LogL: -1156.541 / Time: 0h:0m:0s (0h:0m:0s left)
Iteration 80 / LogL: -1156.540 / Time: 0h:0m:0s (0h:0m:0s left)
Iteration 90 / LogL: -1169.256 / Time: 0h:0m:1s (0h:0m:0s left)
Iteration 100 / LogL: -1154.592 / Time: 0h:0m:1s (0h:0m:0s left)
TREE SEARCH COMPLETED AFTER 102 ITERATIONS / Time: 0h:0m:1s

--------------------------------------------------------------------
|                    FINALIZING TREE SEARCH                        |
--------------------------------------------------------------------
Performs final model parameters optimization
Estimate model parameters (epsilon = 0.010)
1. Initial log-likelihood: -1154.592
Optimal log-likelihood: -1154.592
Rate parameters:  A-C: 1.00000  A-G: 1.00000  A-T: 1.00000  C-G: 1.00000  C-T: 1.00000  G-T: 1.00000
Base frequencies:  A: 0.250  C: 0.250  G: 0.250  T: 0.250
Parameters optimization took 1 rounds (0.001 sec)
BEST SCORE FOUND : -1154.592

Testing tree branches by aBayes parametric test...
0.002 sec.
Total tree length: 0.854

Total number of iterations: 102
CPU time used for tree search: 1.091 sec (0h:0m:1s)
Wall-clock time used for tree search: 1.178 sec (0h:0m:1s)
Total CPU time used: 1.111 sec (0h:0m:1s)
Total wall-clock time used: 1.198 sec (0h:0m:1s)

Analysis results written to: 
  IQ-TREE report:                /home/mis/CSE6406-project/work/paper_subset_50x10_L200/ils_low/replicate_05/estimated_gene_trees/L200/jc/locus_0047.iqtree
  Maximum-likelihood tree:       /home/mis/CSE6406-project/work/paper_subset_50x10_L200/ils_low/replicate_05/estimated_gene_trees/L200/jc/locus_0047.treefile
  Likelihood distances:          /home/mis/CSE6406-project/work/paper_subset_50x10_L200/ils_low/replicate_05/estimated_gene_trees/L200/jc/locus_0047.mldist
  Screen log file:               /home/mis/CSE6406-project/work/paper_subset_50x10_L200/ils_low/replicate_05/estimated_gene_trees/L200/jc/locus_0047.log

Date and Time: Sat Sep 12 21:34:06 2026
