IQ-TREE multicore version 2.4.0 for Linux x86 64-bit built Feb 12 2025
Developed by Bui Quang Minh, Nguyen Lam Tung, Olga Chernomor, Heiko Schmidt,
Dominik Schrempf, Michael Woodhams, Ly Trong Nhan, Thomas Wong

Host:    ezmata (AVX2, FMA3, 15 GB RAM)
Command: /home/mis/miniconda3/envs/cse6406/bin/iqtree2 -s /home/mis/CSE6406-project/work/paper_subset_50x10_L200/ils_high/replicate_05/alignments/L200/locus_0042.phy -m HKY --abayes -T 1 --seed 6906043 --prefix /home/mis/CSE6406-project/work/paper_subset_50x10_L200/ils_high/replicate_05/estimated_gene_trees/L200/hky/locus_0042 --redo --quiet
Seed:    6906043 (Using SPRNG - Scalable Parallel Random Number Generator)
Time:    Sat Sep 12 21:43:34 2026
Kernel:  AVX+FMA - 1 threads (16 CPU cores detected)

HINT: Use -nt option to specify number of threads because your CPU has 16 cores!
HINT: -nt AUTO will automatically determine the best number of threads to use.

Reading alignment file /home/mis/CSE6406-project/work/paper_subset_50x10_L200/ils_high/replicate_05/alignments/L200/locus_0042.phy ... Phylip format detected
Alignment most likely contains DNA/RNA sequences
Alignment has 21 sequences with 200 columns, 83 distinct patterns
60 parsimony-informative, 20 singleton sites, 120 constant sites
        Gap/Ambiguity  Composition  p-value
Analyzing sequences: done in 9.468e-06 secs using 31.69% CPU
   1  1_0_0     0.00%    passed     94.76%
   2  3_0_0     0.00%    passed     94.95%
   3  4_0_0     0.00%    passed     98.98%
   4  11_0_0    0.00%    passed     96.52%
   5  9_0_0     0.00%    passed     87.67%
   6  10_0_0    0.00%    passed     91.36%
   7  5_0_0     0.00%    passed     91.82%
   8  12_0_0    0.00%    passed     89.87%
   9  2_0_0     0.00%    passed     84.03%
  10  14_0_0    0.00%    passed     98.02%
  11  19_0_0    0.00%    passed     99.84%
  12  17_0_0    0.00%    passed     90.19%
  13  13_0_0    0.00%    passed     66.54%
  14  16_0_0    0.00%    passed     97.12%
  15  18_0_0    0.00%    passed     97.28%
  16  7_0_0     0.00%    passed     99.90%
  17  8_0_0     0.00%    passed     99.81%
  18  6_0_0     0.00%    passed     95.80%
  19  20_0_0    0.00%    passed     77.40%
  20  15_0_0    0.00%    passed     99.90%
  21  0_0_0     0.00%    passed     52.52%
****  TOTAL     0.00%  0 sequences failed composition chi2 test (p-value<5%; df=3)

Create initial parsimony tree by phylogenetic likelihood library (PLL)... 0.000 seconds

NOTE: 0 MB RAM (0 GB) is required!
Estimate model parameters (epsilon = 0.100)
1. Initial log-likelihood: -1553.826
2. Current log-likelihood: -1541.824
Optimal log-likelihood: -1541.802
Rate parameters:  A-C: 1.00000  A-G: 1.78534  A-T: 1.00000  C-G: 1.00000  C-T: 1.78534  G-T: 1.00000
Base frequencies:  A: 0.322  C: 0.147  G: 0.221  T: 0.309
Parameters optimization took 2 rounds (0.002 sec)
Wrote distance file to... 
Computing ML distances based on estimated model parameters...
Calculating distance matrix: done in 0.000783361 secs using 99.95% CPU
Computing ML distances took 0.000817 sec (of wall-clock time) 0.000820 sec (of CPU time)
Setting up auxiliary I and S matrices: done in 5.5924e-05 secs using 98.35% CPU
Computing RapidNJ tree took 0.000220 sec (of wall-clock time) 0.000397 sec (of CPU time)
Log-likelihood of RapidNJ tree: -1527.813
--------------------------------------------------------------------
|             INITIALIZING CANDIDATE TREE SET                      |
--------------------------------------------------------------------
Generating 98 parsimony trees... 0.062 second
Computing log-likelihood of 98 initial trees ... 0.064 seconds
Current best score: -1525.783

Do NNI search on 20 best initial trees
Estimate model parameters (epsilon = 0.100)
BETTER TREE FOUND at iteration 1: -1525.769
Iteration 10 / LogL: -1525.769 / Time: 0h:0m:0s
Iteration 20 / LogL: -1525.771 / Time: 0h:0m:0s
Finish initializing candidate tree set (5)
Current best tree score: -1525.769 / CPU time: 0.236
Number of iterations: 20
--------------------------------------------------------------------
|               OPTIMIZING CANDIDATE TREE SET                      |
--------------------------------------------------------------------
Iteration 30 / LogL: -1531.956 / Time: 0h:0m:0s (0h:0m:0s left)
Iteration 40 / LogL: -1525.769 / Time: 0h:0m:0s (0h:0m:0s left)
Iteration 50 / LogL: -1525.770 / Time: 0h:0m:0s (0h:0m:0s left)
Iteration 60 / LogL: -1531.951 / Time: 0h:0m:0s (0h:0m:0s left)
Iteration 70 / LogL: -1526.437 / Time: 0h:0m:0s (0h:0m:0s left)
Iteration 80 / LogL: -1527.141 / Time: 0h:0m:0s (0h:0m:0s left)
Iteration 90 / LogL: -1531.242 / Time: 0h:0m:1s (0h:0m:0s left)
Iteration 100 / LogL: -1526.439 / Time: 0h:0m:1s (0h:0m:0s left)
TREE SEARCH COMPLETED AFTER 102 ITERATIONS / Time: 0h:0m:1s

--------------------------------------------------------------------
|                    FINALIZING TREE SEARCH                        |
--------------------------------------------------------------------
Performs final model parameters optimization
Estimate model parameters (epsilon = 0.010)
1. Initial log-likelihood: -1525.769
Optimal log-likelihood: -1525.769
Rate parameters:  A-C: 1.00000  A-G: 1.78761  A-T: 1.00000  C-G: 1.00000  C-T: 1.78761  G-T: 1.00000
Base frequencies:  A: 0.322  C: 0.147  G: 0.221  T: 0.309
Parameters optimization took 1 rounds (0.001 sec)
BEST SCORE FOUND : -1525.769

Testing tree branches by aBayes parametric test...
0.003 sec.
Total tree length: 1.312

Total number of iterations: 102
CPU time used for tree search: 1.086 sec (0h:0m:1s)
Wall-clock time used for tree search: 1.178 sec (0h:0m:1s)
Total CPU time used: 1.103 sec (0h:0m:1s)
Total wall-clock time used: 1.195 sec (0h:0m:1s)

Analysis results written to: 
  IQ-TREE report:                /home/mis/CSE6406-project/work/paper_subset_50x10_L200/ils_high/replicate_05/estimated_gene_trees/L200/hky/locus_0042.iqtree
  Maximum-likelihood tree:       /home/mis/CSE6406-project/work/paper_subset_50x10_L200/ils_high/replicate_05/estimated_gene_trees/L200/hky/locus_0042.treefile
  Likelihood distances:          /home/mis/CSE6406-project/work/paper_subset_50x10_L200/ils_high/replicate_05/estimated_gene_trees/L200/hky/locus_0042.mldist
  Screen log file:               /home/mis/CSE6406-project/work/paper_subset_50x10_L200/ils_high/replicate_05/estimated_gene_trees/L200/hky/locus_0042.log

Date and Time: Sat Sep 12 21:43:35 2026
