IQ-TREE multicore version 2.4.0 for Linux x86 64-bit built Feb 12 2025
Developed by Bui Quang Minh, Nguyen Lam Tung, Olga Chernomor, Heiko Schmidt,
Dominik Schrempf, Michael Woodhams, Ly Trong Nhan, Thomas Wong

Host:    ezmata (AVX2, FMA3, 15 GB RAM)
Command: /home/mis/miniconda3/envs/cse6406/bin/iqtree2 -s /home/mis/CSE6406-project/work/paper_subset_50x10_L800/ils_low/replicate_10/alignments/L800/locus_0015.phy -m HKY+G4 --abayes -T AUTO --seed 7406016 --prefix /home/mis/CSE6406-project/work/paper_subset_50x10_L800/ils_low/replicate_10/estimated_gene_trees/L800/hky_g4/locus_0015 --redo --quiet
Seed:    7406016 (Using SPRNG - Scalable Parallel Random Number Generator)
Time:    Sat Sep 12 14:44:19 2026
Kernel:  AVX+FMA - auto-detect threads (16 CPU cores detected)

Reading alignment file /home/mis/CSE6406-project/work/paper_subset_50x10_L800/ils_low/replicate_10/alignments/L800/locus_0015.phy ... Phylip format detected
Alignment most likely contains DNA/RNA sequences
Alignment has 21 sequences with 800 columns, 220 distinct patterns
162 parsimony-informative, 89 singleton sites, 549 constant sites
        Gap/Ambiguity  Composition  p-value
Analyzing sequences: done in 1.9457e-05 secs using 467.7% CPU
   1  0_0_0     0.00%    passed     90.72%
   2  19_0_0    0.00%    passed     87.54%
   3  20_0_0    0.00%    passed     99.86%
   4  5_0_0     0.00%    passed     96.13%
   5  6_0_0     0.00%    passed     97.62%
   6  12_0_0    0.00%    passed     99.10%
   7  17_0_0    0.00%    passed     95.66%
   8  9_0_0     0.00%    passed     98.53%
   9  4_0_0     0.00%    passed     98.41%
  10  3_0_0     0.00%    passed     99.71%
  11  7_0_0     0.00%    passed     93.61%
  12  16_0_0    0.00%    passed     98.36%
  13  1_0_0     0.00%    passed     99.38%
  14  10_0_0    0.00%    passed     96.72%
  15  2_0_0     0.00%    passed     96.77%
  16  13_0_0    0.00%    passed     96.93%
  17  14_0_0    0.00%    passed     99.35%
  18  11_0_0    0.00%    passed     99.67%
  19  18_0_0    0.00%    passed     98.94%
  20  8_0_0     0.00%    passed     99.87%
  21  15_0_0    0.00%    passed     98.91%
****  TOTAL     0.00%  0 sequences failed composition chi2 test (p-value<5%; df=3)

Create initial parsimony tree by phylogenetic likelihood library (PLL)... 0.001 seconds

NOTE: 0 MB RAM (0 GB) is required!
Measuring multi-threading efficiency up to 16 CPU cores
Increase to 10 rounds for branch lengths
4957 trees examined
Threads: 1 / Time: 16.005 sec / Speedup: 1.000 / Efficiency: 100% / LogL: -4863
Threads: 2 / Time: 22.966 sec / Speedup: 0.697 / Efficiency: 35% / LogL: -4863
BEST NUMBER OF THREADS: 1

Estimate model parameters (epsilon = 0.100)
1. Initial log-likelihood: -4039.805
2. Current log-likelihood: -3934.506
3. Current log-likelihood: -3932.216
Optimal log-likelihood: -3932.214
Rate parameters:  A-C: 1.00000  A-G: 1.86708  A-T: 1.00000  C-G: 1.00000  C-T: 1.86708  G-T: 1.00000
Base frequencies:  A: 0.282  C: 0.211  G: 0.204  T: 0.303
Gamma shape alpha: 0.213
Parameters optimization took 3 rounds (0.013 sec)
Wrote distance file to... 
Computing ML distances based on estimated model parameters...
Calculating distance matrix: done in 0.0025826 secs using 95.6% CPU
Computing ML distances took 0.002617 sec (of wall-clock time) 0.002500 sec (of CPU time)
Setting up auxiliary I and S matrices: done in 3.8193e-05 secs using 99.49% CPU
Computing RapidNJ tree took 0.000150 sec (of wall-clock time) 0.000399 sec (of CPU time)
Log-likelihood of RapidNJ tree: -3935.213
--------------------------------------------------------------------
|             INITIALIZING CANDIDATE TREE SET                      |
--------------------------------------------------------------------
Generating 98 parsimony trees... 0.086 second
Computing log-likelihood of 98 initial trees ... 0.070 seconds
Current best score: -3931.392

Do NNI search on 20 best initial trees
Estimate model parameters (epsilon = 0.100)
BETTER TREE FOUND at iteration 1: -3930.970
Estimate model parameters (epsilon = 0.100)
BETTER TREE FOUND at iteration 4: -3930.028
Iteration 10 / LogL: -3930.338 / Time: 0h:0m:39s
Iteration 20 / LogL: -3930.973 / Time: 0h:0m:39s
Finish initializing candidate tree set (6)
Current best tree score: -3930.028 / CPU time: 0.371
Number of iterations: 20
--------------------------------------------------------------------
|               OPTIMIZING CANDIDATE TREE SET                      |
--------------------------------------------------------------------
Iteration 30 / LogL: -3942.202 / Time: 0h:0m:39s (0h:1m:40s left)
Iteration 40 / LogL: -3931.615 / Time: 0h:0m:39s (0h:1m:5s left)
UPDATE BEST LOG-LIKELIHOOD: -3930.028
Iteration 50 / LogL: -3930.978 / Time: 0h:0m:39s (0h:0m:43s left)
Iteration 60 / LogL: -3930.976 / Time: 0h:0m:39s (0h:0m:29s left)
Iteration 70 / LogL: -3930.029 / Time: 0h:0m:40s (0h:0m:19s left)
Iteration 80 / LogL: -3930.029 / Time: 0h:0m:40s (0h:0m:12s left)
Iteration 90 / LogL: -3930.029 / Time: 0h:0m:40s (0h:0m:6s left)
Iteration 100 / LogL: -3930.339 / Time: 0h:0m:40s (0h:0m:1s left)
TREE SEARCH COMPLETED AFTER 105 ITERATIONS / Time: 0h:0m:40s

--------------------------------------------------------------------
|                    FINALIZING TREE SEARCH                        |
--------------------------------------------------------------------
Performs final model parameters optimization
Estimate model parameters (epsilon = 0.010)
1. Initial log-likelihood: -3930.028
Optimal log-likelihood: -3930.028
Rate parameters:  A-C: 1.00000  A-G: 1.88718  A-T: 1.00000  C-G: 1.00000  C-T: 1.88718  G-T: 1.00000
Base frequencies:  A: 0.282  C: 0.211  G: 0.204  T: 0.303
Gamma shape alpha: 0.213
Parameters optimization took 1 rounds (0.002 sec)
BEST SCORE FOUND : -3930.028

Testing tree branches by aBayes parametric test...
0.003 sec.
Total tree length: 0.877

Total number of iterations: 105
CPU time used for tree search: 1.601 sec (0h:0m:1s)
Wall-clock time used for tree search: 1.634 sec (0h:0m:1s)
Total CPU time used: 44.999 sec (0h:0m:44s)
Total wall-clock time used: 40.641 sec (0h:0m:40s)

Analysis results written to: 
  IQ-TREE report:                /home/mis/CSE6406-project/work/paper_subset_50x10_L800/ils_low/replicate_10/estimated_gene_trees/L800/hky_g4/locus_0015.iqtree
  Maximum-likelihood tree:       /home/mis/CSE6406-project/work/paper_subset_50x10_L800/ils_low/replicate_10/estimated_gene_trees/L800/hky_g4/locus_0015.treefile
  Likelihood distances:          /home/mis/CSE6406-project/work/paper_subset_50x10_L800/ils_low/replicate_10/estimated_gene_trees/L800/hky_g4/locus_0015.mldist
  Screen log file:               /home/mis/CSE6406-project/work/paper_subset_50x10_L800/ils_low/replicate_10/estimated_gene_trees/L800/hky_g4/locus_0015.log

Date and Time: Sat Sep 12 14:44:59 2026
