IQ-TREE multicore version 2.4.0 for Linux x86 64-bit built Feb 12 2025
Developed by Bui Quang Minh, Nguyen Lam Tung, Olga Chernomor, Heiko Schmidt,
Dominik Schrempf, Michael Woodhams, Ly Trong Nhan, Thomas Wong

Host:    ezmata (AVX2, FMA3, 15 GB RAM)
Command: /home/mis/miniconda3/envs/cse6406/bin/iqtree2 -s /home/mis/CSE6406-project/work/paper_subset_50x10_L800/ils_low/replicate_10/alignments/L800/locus_0035.phy -m HKY+G4 --abayes -T AUTO --seed 7406036 --prefix /home/mis/CSE6406-project/work/paper_subset_50x10_L800/ils_low/replicate_10/estimated_gene_trees/L800/hky_g4/locus_0035 --redo --quiet
Seed:    7406036 (Using SPRNG - Scalable Parallel Random Number Generator)
Time:    Sat Sep 12 14:57:27 2026
Kernel:  AVX+FMA - auto-detect threads (16 CPU cores detected)

Reading alignment file /home/mis/CSE6406-project/work/paper_subset_50x10_L800/ils_low/replicate_10/alignments/L800/locus_0035.phy ... Phylip format detected
Alignment most likely contains DNA/RNA sequences
Alignment has 21 sequences with 800 columns, 259 distinct patterns
193 parsimony-informative, 85 singleton sites, 522 constant sites
        Gap/Ambiguity  Composition  p-value
Analyzing sequences: done in 0.000113492 secs using 28.2% CPU
   1  0_0_0     0.00%    passed     53.62%
   2  19_0_0    0.00%    passed     96.38%
   3  20_0_0    0.00%    passed     94.64%
   4  12_0_0    0.00%    passed     97.57%
   5  6_0_0     0.00%    passed     99.26%
   6  5_0_0     0.00%    passed     97.22%
   7  9_0_0     0.00%    passed     99.71%
   8  4_0_0     0.00%    passed     99.67%
   9  17_0_0    0.00%    passed     94.60%
  10  10_0_0    0.00%    passed     83.73%
  11  2_0_0     0.00%    passed     93.32%
  12  1_0_0     0.00%    passed     94.36%
  13  16_0_0    0.00%    passed     93.32%
  14  11_0_0    0.00%    passed     92.44%
  15  14_0_0    0.00%    passed     95.04%
  16  18_0_0    0.00%    passed     89.78%
  17  8_0_0     0.00%    passed     92.00%
  18  15_0_0    0.00%    passed     96.08%
  19  3_0_0     0.00%    passed     95.86%
  20  7_0_0     0.00%    passed     94.00%
  21  13_0_0    0.00%    passed     91.21%
****  TOTAL     0.00%  0 sequences failed composition chi2 test (p-value<5%; df=3)

Create initial parsimony tree by phylogenetic likelihood library (PLL)... 0.001 seconds

NOTE: 0 MB RAM (0 GB) is required!
Measuring multi-threading efficiency up to 16 CPU cores
Increase to 10 rounds for branch lengths
3913 trees examined
Threads: 1 / Time: 16.003 sec / Speedup: 1.000 / Efficiency: 100% / LogL: -5397
Threads: 2 / Time: 20.427 sec / Speedup: 0.783 / Efficiency: 39% / LogL: -5397
BEST NUMBER OF THREADS: 1

Estimate model parameters (epsilon = 0.100)
1. Initial log-likelihood: -4451.636
2. Current log-likelihood: -4354.040
3. Current log-likelihood: -4352.514
Optimal log-likelihood: -4352.509
Rate parameters:  A-C: 1.00000  A-G: 1.79560  A-T: 1.00000  C-G: 1.00000  C-T: 1.79560  G-T: 1.00000
Base frequencies:  A: 0.287  C: 0.205  G: 0.188  T: 0.320
Gamma shape alpha: 0.248
Parameters optimization took 3 rounds (0.010 sec)
Wrote distance file to... 
Computing ML distances based on estimated model parameters...
Calculating distance matrix: done in 0.00151692 secs using 99.08% CPU
Computing ML distances took 0.001541 sec (of wall-clock time) 0.001526 sec (of CPU time)
Setting up auxiliary I and S matrices: done in 2.8535e-05 secs using 98.13% CPU
Computing RapidNJ tree took 0.000107 sec (of wall-clock time) 0.000382 sec (of CPU time)
Log-likelihood of RapidNJ tree: -4352.083
--------------------------------------------------------------------
|             INITIALIZING CANDIDATE TREE SET                      |
--------------------------------------------------------------------
Generating 98 parsimony trees... 0.072 second
Computing log-likelihood of 98 initial trees ... 0.081 seconds
Current best score: -4350.763

Do NNI search on 20 best initial trees
Estimate model parameters (epsilon = 0.100)
BETTER TREE FOUND at iteration 1: -4347.934
Iteration 10 / LogL: -4347.935 / Time: 0h:0m:36s
Iteration 20 / LogL: -4347.981 / Time: 0h:0m:36s
Finish initializing candidate tree set (4)
Current best tree score: -4347.934 / CPU time: 0.361
Number of iterations: 20
--------------------------------------------------------------------
|               OPTIMIZING CANDIDATE TREE SET                      |
--------------------------------------------------------------------
Iteration 30 / LogL: -4347.981 / Time: 0h:0m:36s (0h:1m:30s left)
Iteration 40 / LogL: -4348.025 / Time: 0h:0m:37s (0h:0m:58s left)
Iteration 50 / LogL: -4347.948 / Time: 0h:0m:37s (0h:0m:38s left)
Iteration 60 / LogL: -4347.982 / Time: 0h:0m:37s (0h:0m:25s left)
Iteration 70 / LogL: -4349.852 / Time: 0h:0m:37s (0h:0m:16s left)
Iteration 80 / LogL: -4347.981 / Time: 0h:0m:37s (0h:0m:10s left)
Iteration 90 / LogL: -4347.944 / Time: 0h:0m:37s (0h:0m:4s left)
Iteration 100 / LogL: -4349.923 / Time: 0h:0m:38s (0h:0m:0s left)
TREE SEARCH COMPLETED AFTER 102 ITERATIONS / Time: 0h:0m:38s

--------------------------------------------------------------------
|                    FINALIZING TREE SEARCH                        |
--------------------------------------------------------------------
Performs final model parameters optimization
Estimate model parameters (epsilon = 0.010)
1. Initial log-likelihood: -4347.934
Optimal log-likelihood: -4347.934
Rate parameters:  A-C: 1.00000  A-G: 1.82240  A-T: 1.00000  C-G: 1.00000  C-T: 1.82240  G-T: 1.00000
Base frequencies:  A: 0.287  C: 0.205  G: 0.188  T: 0.320
Gamma shape alpha: 0.249
Parameters optimization took 1 rounds (0.002 sec)
BEST SCORE FOUND : -4347.934

Testing tree branches by aBayes parametric test...
0.003 sec.
Total tree length: 0.934

Total number of iterations: 102
CPU time used for tree search: 1.529 sec (0h:0m:1s)
Wall-clock time used for tree search: 1.573 sec (0h:0m:1s)
Total CPU time used: 43.162 sec (0h:0m:43s)
Total wall-clock time used: 38.032 sec (0h:0m:38s)

Analysis results written to: 
  IQ-TREE report:                /home/mis/CSE6406-project/work/paper_subset_50x10_L800/ils_low/replicate_10/estimated_gene_trees/L800/hky_g4/locus_0035.iqtree
  Maximum-likelihood tree:       /home/mis/CSE6406-project/work/paper_subset_50x10_L800/ils_low/replicate_10/estimated_gene_trees/L800/hky_g4/locus_0035.treefile
  Likelihood distances:          /home/mis/CSE6406-project/work/paper_subset_50x10_L800/ils_low/replicate_10/estimated_gene_trees/L800/hky_g4/locus_0035.mldist
  Screen log file:               /home/mis/CSE6406-project/work/paper_subset_50x10_L800/ils_low/replicate_10/estimated_gene_trees/L800/hky_g4/locus_0035.log

Date and Time: Sat Sep 12 14:58:05 2026
