IQ-TREE multicore version 2.4.0 for Linux x86 64-bit built Feb 12 2025
Developed by Bui Quang Minh, Nguyen Lam Tung, Olga Chernomor, Heiko Schmidt,
Dominik Schrempf, Michael Woodhams, Ly Trong Nhan, Thomas Wong

Host:    ezmata (AVX2, FMA3, 15 GB RAM)
Command: /home/mis/miniconda3/envs/cse6406/bin/iqtree2 -s /home/mis/CSE6406-project/work/paper_subset_50x10_L800/ils_low/replicate_10/alignments/L800/locus_0048.phy -m HKY+G4 --abayes -T AUTO --seed 7406049 --prefix /home/mis/CSE6406-project/work/paper_subset_50x10_L800/ils_low/replicate_10/estimated_gene_trees/L800/hky_g4/locus_0048 --redo --quiet
Seed:    7406049 (Using SPRNG - Scalable Parallel Random Number Generator)
Time:    Sat Sep 12 15:05:54 2026
Kernel:  AVX+FMA - auto-detect threads (16 CPU cores detected)

Reading alignment file /home/mis/CSE6406-project/work/paper_subset_50x10_L800/ils_low/replicate_10/alignments/L800/locus_0048.phy ... Phylip format detected
Alignment most likely contains DNA/RNA sequences
Alignment has 21 sequences with 800 columns, 234 distinct patterns
174 parsimony-informative, 77 singleton sites, 549 constant sites
        Gap/Ambiguity  Composition  p-value
Analyzing sequences: done in 0.000130462 secs using 37.56% CPU
   1  0_0_0     0.00%    passed     79.52%
   2  20_0_0    0.00%    passed     91.43%
   3  19_0_0    0.00%    passed     87.24%
   4  17_0_0    0.00%    passed     97.39%
   5  4_0_0     0.00%    passed     83.79%
   6  9_0_0     0.00%    passed     86.79%
   7  12_0_0    0.00%    passed     98.92%
   8  6_0_0     0.00%    passed     98.09%
   9  5_0_0     0.00%    passed     93.14%
  10  10_0_0    0.00%    passed     89.82%
  11  2_0_0     0.00%    passed     96.54%
  12  15_0_0    0.00%    passed     98.14%
  13  8_0_0     0.00%    passed     99.61%
  14  14_0_0    0.00%    passed     87.56%
  15  11_0_0    0.00%    passed     84.96%
  16  18_0_0    0.00%    passed     98.77%
  17  1_0_0     0.00%    passed     99.46%
  18  16_0_0    0.00%    passed     95.73%
  19  7_0_0     0.00%    passed     98.69%
  20  3_0_0     0.00%    passed     96.72%
  21  13_0_0    0.00%    passed     82.24%
****  TOTAL     0.00%  0 sequences failed composition chi2 test (p-value<5%; df=3)

Create initial parsimony tree by phylogenetic likelihood library (PLL)... 0.000 seconds

NOTE: 0 MB RAM (0 GB) is required!
Measuring multi-threading efficiency up to 16 CPU cores
Increase to 10 rounds for branch lengths
4369 trees examined
Threads: 1 / Time: 16.004 sec / Speedup: 1.000 / Efficiency: 100% / LogL: -5194
Threads: 2 / Time: 19.731 sec / Speedup: 0.811 / Efficiency: 41% / LogL: -5194
BEST NUMBER OF THREADS: 1

Estimate model parameters (epsilon = 0.100)
1. Initial log-likelihood: -4208.839
2. Current log-likelihood: -4087.900
3. Current log-likelihood: -4085.739
Optimal log-likelihood: -4085.730
Rate parameters:  A-C: 1.00000  A-G: 2.08035  A-T: 1.00000  C-G: 1.00000  C-T: 2.08035  G-T: 1.00000
Base frequencies:  A: 0.291  C: 0.218  G: 0.203  T: 0.288
Gamma shape alpha: 0.198
Parameters optimization took 3 rounds (0.011 sec)
Wrote distance file to... 
Computing ML distances based on estimated model parameters...
Calculating distance matrix: done in 0.0016776 secs using 99.96% CPU
Computing ML distances took 0.001698 sec (of wall-clock time) 0.001696 sec (of CPU time)
Setting up auxiliary I and S matrices: done in 2.4652e-05 secs using 1136% CPU
Computing RapidNJ tree took 0.000092 sec (of wall-clock time) 0.000347 sec (of CPU time)
Log-likelihood of RapidNJ tree: -4088.648
--------------------------------------------------------------------
|             INITIALIZING CANDIDATE TREE SET                      |
--------------------------------------------------------------------
Generating 98 parsimony trees... 0.056 second
Computing log-likelihood of 98 initial trees ... 0.083 seconds
Current best score: -4085.730

Do NNI search on 20 best initial trees
Estimate model parameters (epsilon = 0.100)
BETTER TREE FOUND at iteration 1: -4085.346
Iteration 10 / LogL: -4085.346 / Time: 0h:0m:36s
UPDATE BEST LOG-LIKELIHOOD: -4085.346
Iteration 20 / LogL: -4086.530 / Time: 0h:0m:36s
Finish initializing candidate tree set (4)
Current best tree score: -4085.346 / CPU time: 0.454
Number of iterations: 20
--------------------------------------------------------------------
|               OPTIMIZING CANDIDATE TREE SET                      |
--------------------------------------------------------------------
UPDATE BEST LOG-LIKELIHOOD: -4085.346
UPDATE BEST LOG-LIKELIHOOD: -4085.346
UPDATE BEST LOG-LIKELIHOOD: -4085.346
UPDATE BEST LOG-LIKELIHOOD: -4085.346
Iteration 30 / LogL: -4085.346 / Time: 0h:0m:36s (0h:1m:29s left)
Iteration 40 / LogL: -4085.346 / Time: 0h:0m:36s (0h:0m:57s left)
Iteration 50 / LogL: -4089.641 / Time: 0h:0m:36s (0h:0m:38s left)
Iteration 60 / LogL: -4085.346 / Time: 0h:0m:37s (0h:0m:25s left)
Iteration 70 / LogL: -4085.346 / Time: 0h:0m:37s (0h:0m:16s left)
Iteration 80 / LogL: -4085.346 / Time: 0h:0m:37s (0h:0m:9s left)
Iteration 90 / LogL: -4085.346 / Time: 0h:0m:37s (0h:0m:4s left)
Iteration 100 / LogL: -4085.346 / Time: 0h:0m:37s (0h:0m:0s left)
TREE SEARCH COMPLETED AFTER 102 ITERATIONS / Time: 0h:0m:37s

--------------------------------------------------------------------
|                    FINALIZING TREE SEARCH                        |
--------------------------------------------------------------------
Performs final model parameters optimization
Estimate model parameters (epsilon = 0.010)
1. Initial log-likelihood: -4085.346
Optimal log-likelihood: -4085.346
Rate parameters:  A-C: 1.00000  A-G: 2.08346  A-T: 1.00000  C-G: 1.00000  C-T: 2.08346  G-T: 1.00000
Base frequencies:  A: 0.291  C: 0.218  G: 0.203  T: 0.288
Gamma shape alpha: 0.197
Parameters optimization took 1 rounds (0.002 sec)
BEST SCORE FOUND : -4085.346

Testing tree branches by aBayes parametric test...
0.003 sec.
Total tree length: 0.853

Total number of iterations: 102
CPU time used for tree search: 2.100 sec (0h:0m:2s)
Wall-clock time used for tree search: 2.137 sec (0h:0m:2s)
Total CPU time used: 42.052 sec (0h:0m:42s)
Total wall-clock time used: 37.898 sec (0h:0m:37s)

Analysis results written to: 
  IQ-TREE report:                /home/mis/CSE6406-project/work/paper_subset_50x10_L800/ils_low/replicate_10/estimated_gene_trees/L800/hky_g4/locus_0048.iqtree
  Maximum-likelihood tree:       /home/mis/CSE6406-project/work/paper_subset_50x10_L800/ils_low/replicate_10/estimated_gene_trees/L800/hky_g4/locus_0048.treefile
  Likelihood distances:          /home/mis/CSE6406-project/work/paper_subset_50x10_L800/ils_low/replicate_10/estimated_gene_trees/L800/hky_g4/locus_0048.mldist
  Screen log file:               /home/mis/CSE6406-project/work/paper_subset_50x10_L800/ils_low/replicate_10/estimated_gene_trees/L800/hky_g4/locus_0048.log

Date and Time: Sat Sep 12 15:06:32 2026
