IQ-TREE multicore version 2.4.0 for Linux x86 64-bit built Feb 12 2025
Developed by Bui Quang Minh, Nguyen Lam Tung, Olga Chernomor, Heiko Schmidt,
Dominik Schrempf, Michael Woodhams, Ly Trong Nhan, Thomas Wong

Host:    ezmata (AVX2, FMA3, 15 GB RAM)
Command: /home/mis/miniconda3/envs/cse6406/bin/iqtree2 -s /home/mis/CSE6406-project/work/paper_subset_50x10_L800/ils_low/replicate_04/alignments/L800/locus_0017.phy -m HKY --abayes -T AUTO --seed 6806018 --prefix /home/mis/CSE6406-project/work/paper_subset_50x10_L800/ils_low/replicate_04/estimated_gene_trees/L800/hky/locus_0017 --redo --quiet
Seed:    6806018 (Using SPRNG - Scalable Parallel Random Number Generator)
Time:    Fri Sep 11 10:19:40 2026
Kernel:  AVX+FMA - auto-detect threads (16 CPU cores detected)

Reading alignment file /home/mis/CSE6406-project/work/paper_subset_50x10_L800/ils_low/replicate_04/alignments/L800/locus_0017.phy ... Phylip format detected
Alignment most likely contains DNA/RNA sequences
Alignment has 21 sequences with 800 columns, 249 distinct patterns
170 parsimony-informative, 94 singleton sites, 536 constant sites
        Gap/Ambiguity  Composition  p-value
Analyzing sequences: done in 9.5264e-05 secs using 96.57% CPU
   1  10_0_0    0.00%    passed     83.20%
   2  8_0_0     0.00%    passed     93.59%
   3  14_0_0    0.00%    passed     95.68%
   4  5_0_0     0.00%    passed     94.61%
   5  7_0_0     0.00%    passed     82.16%
   6  11_0_0    0.00%    passed     93.32%
   7  16_0_0    0.00%    passed     98.40%
   8  4_0_0     0.00%    passed     98.27%
   9  1_0_0     0.00%    passed     98.50%
  10  2_0_0     0.00%    passed     93.36%
  11  15_0_0    0.00%    passed     92.31%
  12  3_0_0     0.00%    passed     98.91%
  13  13_0_0    0.00%    passed     95.82%
  14  6_0_0     0.00%    passed     95.29%
  15  12_0_0    0.00%    passed     89.56%
  16  9_0_0     0.00%    passed     93.14%
  17  18_0_0    0.00%    passed     89.86%
  18  19_0_0    0.00%    passed     88.91%
  19  17_0_0    0.00%    passed     95.52%
  20  20_0_0    0.00%    passed     95.66%
  21  0_0_0     0.00%    passed     99.55%
****  TOTAL     0.00%  0 sequences failed composition chi2 test (p-value<5%; df=3)

Create initial parsimony tree by phylogenetic likelihood library (PLL)... 0.001 seconds

NOTE: 0 MB RAM (0 GB) is required!
Measuring multi-threading efficiency up to 16 CPU cores
Increase to 10 rounds for branch lengths
11828 trees examined
Threads: 1 / Time: 16.002 sec / Speedup: 1.000 / Efficiency: 100% / LogL: -5513
Threads: 2 / Time: 32.518 sec / Speedup: 0.492 / Efficiency: 25% / LogL: -5513
BEST NUMBER OF THREADS: 1

Estimate model parameters (epsilon = 0.100)
1. Initial log-likelihood: -4672.996
2. Current log-likelihood: -4631.253
Optimal log-likelihood: -4631.187
Rate parameters:  A-C: 1.00000  A-G: 1.94052  A-T: 1.00000  C-G: 1.00000  C-T: 1.94052  G-T: 1.00000
Base frequencies:  A: 0.333  C: 0.193  G: 0.197  T: 0.278
Parameters optimization took 2 rounds (0.002 sec)
Wrote distance file to... 
Computing ML distances based on estimated model parameters...
Calculating distance matrix: done in 0.000512418 secs using 73.96% CPU
Computing ML distances took 0.000534 sec (of wall-clock time) 0.000396 sec (of CPU time)
Setting up auxiliary I and S matrices: done in 2.5898e-05 secs using 100.4% CPU
Computing RapidNJ tree took 0.000098 sec (of wall-clock time) 0.000097 sec (of CPU time)
Log-likelihood of RapidNJ tree: -4632.891
--------------------------------------------------------------------
|             INITIALIZING CANDIDATE TREE SET                      |
--------------------------------------------------------------------
Generating 98 parsimony trees... 0.058 second
Computing log-likelihood of 98 initial trees ... 0.038 seconds
Current best score: -4604.811

Do NNI search on 20 best initial trees
Estimate model parameters (epsilon = 0.100)
BETTER TREE FOUND at iteration 1: -4604.781
Estimate model parameters (epsilon = 0.100)
BETTER TREE FOUND at iteration 2: -4604.747
UPDATE BEST LOG-LIKELIHOOD: -4604.747
Iteration 10 / LogL: -4605.966 / Time: 0h:0m:48s
Estimate model parameters (epsilon = 0.100)
BETTER TREE FOUND at iteration 11: -4603.344
Iteration 20 / LogL: -4607.013 / Time: 0h:0m:48s
Finish initializing candidate tree set (5)
Current best tree score: -4603.344 / CPU time: 0.155
Number of iterations: 20
--------------------------------------------------------------------
|               OPTIMIZING CANDIDATE TREE SET                      |
--------------------------------------------------------------------
Iteration 30 / LogL: -4604.802 / Time: 0h:0m:48s (0h:2m:16s left)
Iteration 40 / LogL: -4604.751 / Time: 0h:0m:48s (0h:1m:28s left)
Iteration 50 / LogL: -4605.961 / Time: 0h:0m:48s (0h:1m:0s left)
UPDATE BEST LOG-LIKELIHOOD: -4603.344
Iteration 60 / LogL: -4604.229 / Time: 0h:0m:48s (0h:0m:42s left)
Iteration 70 / LogL: -4603.345 / Time: 0h:0m:48s (0h:0m:29s left)
Iteration 80 / LogL: -4604.751 / Time: 0h:0m:49s (0h:0m:19s left)
UPDATE BEST LOG-LIKELIHOOD: -4603.344
UPDATE BEST LOG-LIKELIHOOD: -4603.344
Iteration 90 / LogL: -4604.751 / Time: 0h:0m:49s (0h:0m:11s left)
UPDATE BEST LOG-LIKELIHOOD: -4603.344
Iteration 100 / LogL: -4603.344 / Time: 0h:0m:49s (0h:0m:5s left)
Iteration 110 / LogL: -4604.751 / Time: 0h:0m:49s (0h:0m:0s left)
TREE SEARCH COMPLETED AFTER 112 ITERATIONS / Time: 0h:0m:49s

--------------------------------------------------------------------
|                    FINALIZING TREE SEARCH                        |
--------------------------------------------------------------------
Performs final model parameters optimization
Estimate model parameters (epsilon = 0.010)
1. Initial log-likelihood: -4603.344
Optimal log-likelihood: -4603.344
Rate parameters:  A-C: 1.00000  A-G: 1.96996  A-T: 1.00000  C-G: 1.00000  C-T: 1.96996  G-T: 1.00000
Base frequencies:  A: 0.333  C: 0.193  G: 0.197  T: 0.278
Parameters optimization took 1 rounds (0.001 sec)
BEST SCORE FOUND : -4603.344

Testing tree branches by aBayes parametric test...
0.001 sec.
Total tree length: 0.861

Total number of iterations: 112
CPU time used for tree search: 0.634 sec (0h:0m:0s)
Wall-clock time used for tree search: 0.659 sec (0h:0m:0s)
Total CPU time used: 45.503 sec (0h:0m:45s)
Total wall-clock time used: 49.193 sec (0h:0m:49s)

Analysis results written to: 
  IQ-TREE report:                /home/mis/CSE6406-project/work/paper_subset_50x10_L800/ils_low/replicate_04/estimated_gene_trees/L800/hky/locus_0017.iqtree
  Maximum-likelihood tree:       /home/mis/CSE6406-project/work/paper_subset_50x10_L800/ils_low/replicate_04/estimated_gene_trees/L800/hky/locus_0017.treefile
  Likelihood distances:          /home/mis/CSE6406-project/work/paper_subset_50x10_L800/ils_low/replicate_04/estimated_gene_trees/L800/hky/locus_0017.mldist
  Screen log file:               /home/mis/CSE6406-project/work/paper_subset_50x10_L800/ils_low/replicate_04/estimated_gene_trees/L800/hky/locus_0017.log

Date and Time: Fri Sep 11 10:20:29 2026
