IQ-TREE multicore version 2.4.0 for Linux x86 64-bit built Feb 12 2025
Developed by Bui Quang Minh, Nguyen Lam Tung, Olga Chernomor, Heiko Schmidt,
Dominik Schrempf, Michael Woodhams, Ly Trong Nhan, Thomas Wong

Host:    ezmata (AVX2, FMA3, 15 GB RAM)
Command: /home/mis/miniconda3/envs/cse6406/bin/iqtree2 -s /home/mis/CSE6406-project/work/paper_subset_50x10_L800/ils_low/replicate_04/alignments/L800/locus_0043.phy -m HKY --abayes -T AUTO --seed 6806044 --prefix /home/mis/CSE6406-project/work/paper_subset_50x10_L800/ils_low/replicate_04/estimated_gene_trees/L800/hky/locus_0043 --redo --quiet
Seed:    6806044 (Using SPRNG - Scalable Parallel Random Number Generator)
Time:    Fri Sep 11 10:40:24 2026
Kernel:  AVX+FMA - auto-detect threads (16 CPU cores detected)

Reading alignment file /home/mis/CSE6406-project/work/paper_subset_50x10_L800/ils_low/replicate_04/alignments/L800/locus_0043.phy ... Phylip format detected
Alignment most likely contains DNA/RNA sequences
Alignment has 21 sequences with 800 columns, 245 distinct patterns
164 parsimony-informative, 98 singleton sites, 538 constant sites
        Gap/Ambiguity  Composition  p-value
Analyzing sequences: done in 0.000129215 secs using 116.9% CPU
   1  0_0_0     0.00%    passed     95.36%
   2  8_0_0     0.00%    passed     93.62%
   3  9_0_0     0.00%    passed     97.87%
   4  12_0_0    0.00%    passed     92.05%
   5  3_0_0     0.00%    passed     98.88%
   6  13_0_0    0.00%    passed     98.30%
   7  6_0_0     0.00%    passed     97.49%
   8  5_0_0     0.00%    passed     99.02%
   9  14_0_0    0.00%    passed     99.92%
  10  7_0_0     0.00%    passed     94.11%
  11  18_0_0    0.00%    passed     75.78%
  12  20_0_0    0.00%    passed     98.31%
  13  19_0_0    0.00%    passed     99.35%
  14  17_0_0    0.00%    passed     99.49%
  15  15_0_0    0.00%    passed     97.89%
  16  2_0_0     0.00%    passed     85.03%
  17  16_0_0    0.00%    passed     99.16%
  18  11_0_0    0.00%    passed     99.67%
  19  1_0_0     0.00%    passed     97.75%
  20  4_0_0     0.00%    passed     96.49%
  21  10_0_0    0.00%    passed     89.70%
****  TOTAL     0.00%  0 sequences failed composition chi2 test (p-value<5%; df=3)

Create initial parsimony tree by phylogenetic likelihood library (PLL)... 0.000 seconds

NOTE: 0 MB RAM (0 GB) is required!
Measuring multi-threading efficiency up to 16 CPU cores
Increase to 10 rounds for branch lengths
10846 trees examined
Threads: 1 / Time: 16.001 sec / Speedup: 1.000 / Efficiency: 100% / LogL: -5593
Threads: 2 / Time: 32.424 sec / Speedup: 0.493 / Efficiency: 25% / LogL: -5593
BEST NUMBER OF THREADS: 1

Estimate model parameters (epsilon = 0.100)
1. Initial log-likelihood: -4625.346
2. Current log-likelihood: -4578.312
Optimal log-likelihood: -4578.286
Rate parameters:  A-C: 1.00000  A-G: 1.99093  A-T: 1.00000  C-G: 1.00000  C-T: 1.99093  G-T: 1.00000
Base frequencies:  A: 0.303  C: 0.217  G: 0.195  T: 0.286
Parameters optimization took 2 rounds (0.002 sec)
Wrote distance file to... 
Computing ML distances based on estimated model parameters...
Calculating distance matrix: done in 0.00054737 secs using 85.5% CPU
Computing ML distances took 0.000570 sec (of wall-clock time) 0.000487 sec (of CPU time)
Setting up auxiliary I and S matrices: done in 2.5413e-05 secs using 98.37% CPU
Computing RapidNJ tree took 0.000095 sec (of wall-clock time) 0.000351 sec (of CPU time)
Log-likelihood of RapidNJ tree: -4642.807
--------------------------------------------------------------------
|             INITIALIZING CANDIDATE TREE SET                      |
--------------------------------------------------------------------
Generating 98 parsimony trees... 0.067 second
Computing log-likelihood of 98 initial trees ... 0.043 seconds
Current best score: -4578.263

Do NNI search on 20 best initial trees
Estimate model parameters (epsilon = 0.100)
BETTER TREE FOUND at iteration 1: -4576.134
Iteration 10 / LogL: -4576.134 / Time: 0h:0m:48s
UPDATE BEST LOG-LIKELIHOOD: -4576.133
Iteration 20 / LogL: -4576.133 / Time: 0h:0m:48s
Finish initializing candidate tree set (4)
Current best tree score: -4576.133 / CPU time: 0.173
Number of iterations: 20
--------------------------------------------------------------------
|               OPTIMIZING CANDIDATE TREE SET                      |
--------------------------------------------------------------------
Iteration 30 / LogL: -4576.133 / Time: 0h:0m:48s (0h:1m:59s left)
Iteration 40 / LogL: -4576.138 / Time: 0h:0m:48s (0h:1m:16s left)
Estimate model parameters (epsilon = 0.100)
BETTER TREE FOUND at iteration 45: -4575.744
Iteration 50 / LogL: -4575.744 / Time: 0h:0m:48s (0h:1m:34s left)
Iteration 60 / LogL: -4576.136 / Time: 0h:0m:48s (0h:1m:10s left)
BETTER TREE FOUND at iteration 63: -4575.743
UPDATE BEST LOG-LIKELIHOOD: -4575.743
Iteration 70 / LogL: -4576.136 / Time: 0h:0m:48s (0h:1m:5s left)
Iteration 80 / LogL: -4576.136 / Time: 0h:0m:49s (0h:0m:51s left)
Iteration 90 / LogL: -4575.744 / Time: 0h:0m:49s (0h:0m:40s left)
Iteration 100 / LogL: -4575.744 / Time: 0h:0m:49s (0h:0m:31s left)
Iteration 110 / LogL: -4575.744 / Time: 0h:0m:49s (0h:0m:23s left)
UPDATE BEST LOG-LIKELIHOOD: -4575.743
Iteration 120 / LogL: -4575.746 / Time: 0h:0m:49s (0h:0m:17s left)
Iteration 130 / LogL: -4576.136 / Time: 0h:0m:49s (0h:0m:12s left)
Iteration 140 / LogL: -4575.744 / Time: 0h:0m:49s (0h:0m:8s left)
Iteration 150 / LogL: -4575.745 / Time: 0h:0m:49s (0h:0m:4s left)
Iteration 160 / LogL: -4575.744 / Time: 0h:0m:49s (0h:0m:0s left)
TREE SEARCH COMPLETED AFTER 164 ITERATIONS / Time: 0h:0m:49s

--------------------------------------------------------------------
|                    FINALIZING TREE SEARCH                        |
--------------------------------------------------------------------
Performs final model parameters optimization
Estimate model parameters (epsilon = 0.010)
1. Initial log-likelihood: -4575.743
Optimal log-likelihood: -4575.743
Rate parameters:  A-C: 1.00000  A-G: 2.01714  A-T: 1.00000  C-G: 1.00000  C-T: 2.01714  G-T: 1.00000
Base frequencies:  A: 0.303  C: 0.217  G: 0.195  T: 0.286
Parameters optimization took 1 rounds (0.001 sec)
BEST SCORE FOUND : -4575.743

Testing tree branches by aBayes parametric test...
0.001 sec.
Total tree length: 0.841

Total number of iterations: 164
CPU time used for tree search: 1.067 sec (0h:0m:1s)
Wall-clock time used for tree search: 1.128 sec (0h:0m:1s)
Total CPU time used: 45.808 sec (0h:0m:45s)
Total wall-clock time used: 49.564 sec (0h:0m:49s)

Analysis results written to: 
  IQ-TREE report:                /home/mis/CSE6406-project/work/paper_subset_50x10_L800/ils_low/replicate_04/estimated_gene_trees/L800/hky/locus_0043.iqtree
  Maximum-likelihood tree:       /home/mis/CSE6406-project/work/paper_subset_50x10_L800/ils_low/replicate_04/estimated_gene_trees/L800/hky/locus_0043.treefile
  Likelihood distances:          /home/mis/CSE6406-project/work/paper_subset_50x10_L800/ils_low/replicate_04/estimated_gene_trees/L800/hky/locus_0043.mldist
  Screen log file:               /home/mis/CSE6406-project/work/paper_subset_50x10_L800/ils_low/replicate_04/estimated_gene_trees/L800/hky/locus_0043.log

Date and Time: Fri Sep 11 10:41:14 2026
