IQ-TREE multicore version 2.4.0 for MacOS ARM 64-bit built Feb 12 2025
Developed by Bui Quang Minh, Nguyen Lam Tung, Olga Chernomor, Heiko Schmidt,
Dominik Schrempf, Michael Woodhams, Ly Trong Nhan, Thomas Wong

Host:    Fahims-MacBook-Air.local (SSE4.2, 16 GB RAM)
Command: /Users/fahim/miniconda3/envs/cse6406/bin/iqtree2 -s /Users/fahim/CSE6406-project/work/paper_subset_50x10_L1600/ils_low/replicate_06/alignments/L1600/locus_0019.phy -m GTR+G4 --abayes -T AUTO --seed 7006020 --prefix /Users/fahim/CSE6406-project/work/paper_subset_50x10_L1600/ils_low/replicate_06/estimated_gene_trees/L1600/gtr_g4/locus_0019 --redo --quiet
Seed:    7006020 (Using SPRNG - Scalable Parallel Random Number Generator)
Time:    Fri Sep 11 12:17:29 2026
Kernel:  SSE2 - auto-detect threads (10 CPU cores detected)

Reading alignment file /Users/fahim/CSE6406-project/work/paper_subset_50x10_L1600/ils_low/replicate_06/alignments/L1600/locus_0019.phy ... Phylip format detected
Alignment most likely contains DNA/RNA sequences
Alignment has 21 sequences with 1600 columns, 540 distinct patterns
443 parsimony-informative, 163 singleton sites, 994 constant sites
        Gap/Ambiguity  Composition  p-value
Analyzing sequences: done in 4.3869e-05 secs using 82.06% CPU
   1  0_0_0     0.00%    passed     77.74%
   2  11_0_0    0.00%    passed     96.03%
   3  14_0_0    0.00%    passed     98.55%
   4  12_0_0    0.00%    passed     97.47%
   5  9_0_0     0.00%    passed     89.96%
   6  10_0_0    0.00%    passed     92.56%
   7  16_0_0    0.00%    passed     93.31%
   8  17_0_0    0.00%    passed     96.99%
   9  13_0_0    0.00%    passed     98.95%
  10  15_0_0    0.00%    passed     92.74%
  11  19_0_0    0.00%    passed     98.57%
  12  18_0_0    0.00%    passed     97.07%
  13  20_0_0    0.00%    passed     87.84%
  14  7_0_0     0.00%    passed     87.96%
  15  4_0_0     0.00%    passed     85.16%
  16  1_0_0     0.00%    passed     95.16%
  17  8_0_0     0.00%    passed     91.84%
  18  6_0_0     0.00%    passed     88.69%
  19  5_0_0     0.00%    passed     99.08%
  20  2_0_0     0.00%    passed     93.77%
  21  3_0_0     0.00%    passed     96.43%
****  TOTAL     0.00%  0 sequences failed composition chi2 test (p-value<5%; df=3)

Create initial parsimony tree by phylogenetic likelihood library (PLL)... 0.000 seconds

NOTE: 1 MB RAM (0 GB) is required!
Measuring multi-threading efficiency up to 10 CPU cores
Increase to 10 rounds for branch lengths
1394 trees examined
Threads: 1 / Time: 10.003 sec / Speedup: 1.000 / Efficiency: 100% / LogL: -13538
Threads: 2 / Time: 16.054 sec / Speedup: 0.623 / Efficiency: 31% / LogL: -13538
BEST NUMBER OF THREADS: 1

Estimate model parameters (epsilon = 0.100)
1. Initial log-likelihood: -11356.428
2. Current log-likelihood: -10888.368
3. Current log-likelihood: -10874.310
4. Current log-likelihood: -10874.181
Optimal log-likelihood: -10874.172
Rate parameters:  A-C: 0.83612  A-G: 2.02734  A-T: 1.02711  C-G: 1.03837  C-T: 1.94383  G-T: 1.00000
Base frequencies:  A: 0.296  C: 0.203  G: 0.203  T: 0.297
Gamma shape alpha: 0.197
Parameters optimization took 4 rounds (0.056 sec)
Wrote distance file to... 
Computing ML distances based on estimated model parameters...
Calculating distance matrix: done in 0.00100303 secs using 99.3% CPU
Computing ML distances took 0.001044 sec (of wall-clock time) 0.001026 sec (of CPU time)
Setting up auxiliary I and S matrices: done in 2.09808e-05 secs using 76.26% CPU
Computing RapidNJ tree took 0.000083 sec (of wall-clock time) 0.000080 sec (of CPU time)
Log-likelihood of RapidNJ tree: -10910.332
--------------------------------------------------------------------
|             INITIALIZING CANDIDATE TREE SET                      |
--------------------------------------------------------------------
Generating 98 parsimony trees... 0.075 second
Computing log-likelihood of 98 initial trees ... 0.143 seconds
Current best score: -10874.172

Do NNI search on 20 best initial trees
Estimate model parameters (epsilon = 0.100)
BETTER TREE FOUND at iteration 1: -10872.001
Estimate model parameters (epsilon = 0.100)
BETTER TREE FOUND at iteration 3: -10871.330
Iteration 10 / LogL: -10872.035 / Time: 0h:0m:26s
Iteration 20 / LogL: -10871.338 / Time: 0h:0m:26s
Finish initializing candidate tree set (2)
Current best tree score: -10871.330 / CPU time: 0.641
Number of iterations: 20
--------------------------------------------------------------------
|               OPTIMIZING CANDIDATE TREE SET                      |
--------------------------------------------------------------------
Iteration 30 / LogL: -10872.065 / Time: 0h:0m:26s (0h:1m:7s left)
Iteration 40 / LogL: -10871.386 / Time: 0h:0m:27s (0h:0m:43s left)
Iteration 50 / LogL: -10872.060 / Time: 0h:0m:27s (0h:0m:29s left)
Iteration 60 / LogL: -10872.014 / Time: 0h:0m:27s (0h:0m:20s left)
Iteration 70 / LogL: -10872.183 / Time: 0h:0m:27s (0h:0m:13s left)
Iteration 80 / LogL: -10872.060 / Time: 0h:0m:28s (0h:0m:8s left)
Iteration 90 / LogL: -10874.299 / Time: 0h:0m:28s (0h:0m:4s left)
Iteration 100 / LogL: -10872.062 / Time: 0h:0m:28s (0h:0m:0s left)
TREE SEARCH COMPLETED AFTER 104 ITERATIONS / Time: 0h:0m:28s

--------------------------------------------------------------------
|                    FINALIZING TREE SEARCH                        |
--------------------------------------------------------------------
Performs final model parameters optimization
Estimate model parameters (epsilon = 0.010)
1. Initial log-likelihood: -10871.330
Optimal log-likelihood: -10871.328
Rate parameters:  A-C: 0.84298  A-G: 2.03470  A-T: 1.02566  C-G: 1.03980  C-T: 1.95062  G-T: 1.00000
Base frequencies:  A: 0.296  C: 0.203  G: 0.203  T: 0.297
Gamma shape alpha: 0.197
Parameters optimization took 1 rounds (0.006 sec)
BEST SCORE FOUND : -10871.328

Testing tree branches by aBayes parametric test...
0.005 sec.
Total tree length: 1.704

Total number of iterations: 104
CPU time used for tree search: 2.521 sec (0h:0m:2s)
Wall-clock time used for tree search: 2.535 sec (0h:0m:2s)
Total CPU time used: 27.756 sec (0h:0m:27s)
Total wall-clock time used: 28.678 sec (0h:0m:28s)

Analysis results written to: 
  IQ-TREE report:                /Users/fahim/CSE6406-project/work/paper_subset_50x10_L1600/ils_low/replicate_06/estimated_gene_trees/L1600/gtr_g4/locus_0019.iqtree
  Maximum-likelihood tree:       /Users/fahim/CSE6406-project/work/paper_subset_50x10_L1600/ils_low/replicate_06/estimated_gene_trees/L1600/gtr_g4/locus_0019.treefile
  Likelihood distances:          /Users/fahim/CSE6406-project/work/paper_subset_50x10_L1600/ils_low/replicate_06/estimated_gene_trees/L1600/gtr_g4/locus_0019.mldist
  Screen log file:               /Users/fahim/CSE6406-project/work/paper_subset_50x10_L1600/ils_low/replicate_06/estimated_gene_trees/L1600/gtr_g4/locus_0019.log

Date and Time: Fri Sep 11 12:17:58 2026
