IQ-TREE multicore version 2.4.0 for MacOS ARM 64-bit built Feb 12 2025
Developed by Bui Quang Minh, Nguyen Lam Tung, Olga Chernomor, Heiko Schmidt,
Dominik Schrempf, Michael Woodhams, Ly Trong Nhan, Thomas Wong

Host:    Fahims-MacBook-Air.local (SSE4.2, 16 GB RAM)
Command: /Users/fahim/miniconda3/envs/cse6406/bin/iqtree2 -s /Users/fahim/CSE6406-project/work/paper_subset_50x10_L1600/ils_low/replicate_06/alignments/L1600/locus_0020.phy -m GTR+G4 --abayes -T AUTO --seed 7006021 --prefix /Users/fahim/CSE6406-project/work/paper_subset_50x10_L1600/ils_low/replicate_06/estimated_gene_trees/L1600/gtr_g4/locus_0020 --redo --quiet
Seed:    7006021 (Using SPRNG - Scalable Parallel Random Number Generator)
Time:    Fri Sep 11 12:17:58 2026
Kernel:  SSE2 - auto-detect threads (10 CPU cores detected)

Reading alignment file /Users/fahim/CSE6406-project/work/paper_subset_50x10_L1600/ils_low/replicate_06/alignments/L1600/locus_0020.phy ... Phylip format detected
Alignment most likely contains DNA/RNA sequences
Alignment has 21 sequences with 1600 columns, 569 distinct patterns
456 parsimony-informative, 161 singleton sites, 983 constant sites
        Gap/Ambiguity  Composition  p-value
Analyzing sequences: done in 4.69685e-05 secs using 97.94% CPU
   1  0_0_0     0.00%    passed     90.58%
   2  17_0_0    0.00%    passed     96.50%
   3  13_0_0    0.00%    passed     74.42%
   4  15_0_0    0.00%    passed     85.30%
   5  19_0_0    0.00%    passed     98.62%
   6  20_0_0    0.00%    passed     99.35%
   7  18_0_0    0.00%    passed     82.96%
   8  10_0_0    0.00%    passed     99.28%
   9  16_0_0    0.00%    passed     96.45%
  10  9_0_0     0.00%    passed     94.45%
  11  5_0_0     0.00%    passed     88.78%
  12  1_0_0     0.00%    passed     88.36%
  13  7_0_0     0.00%    passed     99.08%
  14  6_0_0     0.00%    passed     99.77%
  15  8_0_0     0.00%    passed     96.20%
  16  4_0_0     0.00%    passed     82.90%
  17  3_0_0     0.00%    passed     95.11%
  18  2_0_0     0.00%    passed     97.56%
  19  14_0_0    0.00%    passed     76.47%
  20  11_0_0    0.00%    passed     64.40%
  21  12_0_0    0.00%    passed     88.05%
****  TOTAL     0.00%  0 sequences failed composition chi2 test (p-value<5%; df=3)

Create initial parsimony tree by phylogenetic likelihood library (PLL)... 0.001 seconds

NOTE: 1 MB RAM (0 GB) is required!
Measuring multi-threading efficiency up to 10 CPU cores
Increase to 10 rounds for branch lengths
1193 trees examined
Threads: 1 / Time: 10.005 sec / Speedup: 1.000 / Efficiency: 100% / LogL: -13811
Threads: 2 / Time: 15.217 sec / Speedup: 0.658 / Efficiency: 33% / LogL: -13811
BEST NUMBER OF THREADS: 1

Estimate model parameters (epsilon = 0.100)
1. Initial log-likelihood: -11314.313
2. Current log-likelihood: -10883.065
3. Current log-likelihood: -10869.253
Optimal log-likelihood: -10869.213
Rate parameters:  A-C: 1.08413  A-G: 2.37690  A-T: 1.13565  C-G: 1.38014  C-T: 2.22290  G-T: 1.00000
Base frequencies:  A: 0.284  C: 0.201  G: 0.197  T: 0.317
Gamma shape alpha: 0.214
Parameters optimization took 3 rounds (0.060 sec)
Wrote distance file to... 
Computing ML distances based on estimated model parameters...
Calculating distance matrix: done in 0.00101709 secs using 98.81% CPU
Computing ML distances took 0.001062 sec (of wall-clock time) 0.001037 sec (of CPU time)
Setting up auxiliary I and S matrices: done in 2.19345e-05 secs using 72.94% CPU
Computing RapidNJ tree took 0.000078 sec (of wall-clock time) 0.000085 sec (of CPU time)
Log-likelihood of RapidNJ tree: -10887.604
--------------------------------------------------------------------
|             INITIALIZING CANDIDATE TREE SET                      |
--------------------------------------------------------------------
Generating 98 parsimony trees... 0.074 second
Computing log-likelihood of 98 initial trees ... 0.156 seconds
Current best score: -10869.213

Do NNI search on 20 best initial trees
Estimate model parameters (epsilon = 0.100)
BETTER TREE FOUND at iteration 1: -10868.322
Estimate model parameters (epsilon = 0.100)
BETTER TREE FOUND at iteration 2: -10863.555
Iteration 10 / LogL: -10863.556 / Time: 0h:0m:25s
Iteration 20 / LogL: -10868.348 / Time: 0h:0m:26s
Finish initializing candidate tree set (3)
Current best tree score: -10863.555 / CPU time: 0.839
Number of iterations: 20
--------------------------------------------------------------------
|               OPTIMIZING CANDIDATE TREE SET                      |
--------------------------------------------------------------------
Iteration 30 / LogL: -10868.348 / Time: 0h:0m:26s (0h:1m:5s left)
Iteration 40 / LogL: -10868.348 / Time: 0h:0m:26s (0h:0m:42s left)
Iteration 50 / LogL: -10863.572 / Time: 0h:0m:27s (0h:0m:28s left)
Iteration 60 / LogL: -10863.559 / Time: 0h:0m:27s (0h:0m:19s left)
Iteration 70 / LogL: -10863.556 / Time: 0h:0m:27s (0h:0m:12s left)
Iteration 80 / LogL: -10863.565 / Time: 0h:0m:28s (0h:0m:7s left)
Iteration 90 / LogL: -10868.348 / Time: 0h:0m:28s (0h:0m:3s left)
Iteration 100 / LogL: -10868.348 / Time: 0h:0m:28s (0h:0m:0s left)
TREE SEARCH COMPLETED AFTER 103 ITERATIONS / Time: 0h:0m:28s

--------------------------------------------------------------------
|                    FINALIZING TREE SEARCH                        |
--------------------------------------------------------------------
Performs final model parameters optimization
Estimate model parameters (epsilon = 0.010)
1. Initial log-likelihood: -10863.555
Optimal log-likelihood: -10863.550
Rate parameters:  A-C: 1.07343  A-G: 2.40847  A-T: 1.12373  C-G: 1.38647  C-T: 2.22694  G-T: 1.00000
Base frequencies:  A: 0.284  C: 0.201  G: 0.197  T: 0.317
Gamma shape alpha: 0.215
Parameters optimization took 1 rounds (0.005 sec)
BEST SCORE FOUND : -10863.550

Testing tree branches by aBayes parametric test...
0.005 sec.
Total tree length: 1.635

Total number of iterations: 103
CPU time used for tree search: 3.389 sec (0h:0m:3s)
Wall-clock time used for tree search: 3.402 sec (0h:0m:3s)
Total CPU time used: 27.930 sec (0h:0m:27s)
Total wall-clock time used: 28.708 sec (0h:0m:28s)

Analysis results written to: 
  IQ-TREE report:                /Users/fahim/CSE6406-project/work/paper_subset_50x10_L1600/ils_low/replicate_06/estimated_gene_trees/L1600/gtr_g4/locus_0020.iqtree
  Maximum-likelihood tree:       /Users/fahim/CSE6406-project/work/paper_subset_50x10_L1600/ils_low/replicate_06/estimated_gene_trees/L1600/gtr_g4/locus_0020.treefile
  Likelihood distances:          /Users/fahim/CSE6406-project/work/paper_subset_50x10_L1600/ils_low/replicate_06/estimated_gene_trees/L1600/gtr_g4/locus_0020.mldist
  Screen log file:               /Users/fahim/CSE6406-project/work/paper_subset_50x10_L1600/ils_low/replicate_06/estimated_gene_trees/L1600/gtr_g4/locus_0020.log

Date and Time: Fri Sep 11 12:18:27 2026
