IQ-TREE multicore version 2.4.0 for MacOS ARM 64-bit built Feb 12 2025
Developed by Bui Quang Minh, Nguyen Lam Tung, Olga Chernomor, Heiko Schmidt,
Dominik Schrempf, Michael Woodhams, Ly Trong Nhan, Thomas Wong

Host:    Fahims-MacBook-Air.local (SSE4.2, 16 GB RAM)
Command: /Users/fahim/miniconda3/envs/cse6406/bin/iqtree2 -s /Users/fahim/CSE6406-project/work/paper_subset_50x10_L1600/ils_low/replicate_06/alignments/L1600/locus_0017.phy -m GTR+G4 --abayes -T AUTO --seed 7006018 --prefix /Users/fahim/CSE6406-project/work/paper_subset_50x10_L1600/ils_low/replicate_06/estimated_gene_trees/L1600/gtr_g4/locus_0017 --redo --quiet
Seed:    7006018 (Using SPRNG - Scalable Parallel Random Number Generator)
Time:    Fri Sep 11 12:16:32 2026
Kernel:  SSE2 - auto-detect threads (10 CPU cores detected)

Reading alignment file /Users/fahim/CSE6406-project/work/paper_subset_50x10_L1600/ils_low/replicate_06/alignments/L1600/locus_0017.phy ... Phylip format detected
Alignment most likely contains DNA/RNA sequences
Alignment has 21 sequences with 1600 columns, 519 distinct patterns
429 parsimony-informative, 145 singleton sites, 1026 constant sites
        Gap/Ambiguity  Composition  p-value
Analyzing sequences: done in 4.41074e-05 secs using 90.69% CPU
   1  11_0_0    0.00%    passed     90.40%
   2  14_0_0    0.00%    passed     88.07%
   3  12_0_0    0.00%    passed     98.91%
   4  3_0_0     0.00%    passed     94.18%
   5  2_0_0     0.00%    passed     92.31%
   6  5_0_0     0.00%    passed     82.26%
   7  4_0_0     0.00%    passed     99.29%
   8  7_0_0     0.00%    passed     99.85%
   9  1_0_0     0.00%    passed     99.67%
  10  8_0_0     0.00%    passed     92.71%
  11  6_0_0     0.00%    passed     99.70%
  12  16_0_0    0.00%    passed     90.72%
  13  10_0_0    0.00%    passed     96.70%
  14  19_0_0    0.00%    passed     97.54%
  15  15_0_0    0.00%    passed     96.49%
  16  13_0_0    0.00%    passed     95.57%
  17  17_0_0    0.00%    passed     90.70%
  18  20_0_0    0.00%    passed     88.64%
  19  18_0_0    0.00%    passed     99.15%
  20  9_0_0     0.00%    passed     92.99%
  21  0_0_0     0.00%    passed     99.45%
****  TOTAL     0.00%  0 sequences failed composition chi2 test (p-value<5%; df=3)

Create initial parsimony tree by phylogenetic likelihood library (PLL)... 0.000 seconds

NOTE: 1 MB RAM (0 GB) is required!
Measuring multi-threading efficiency up to 10 CPU cores
Increase to 10 rounds for branch lengths
1406 trees examined
Threads: 1 / Time: 10.001 sec / Speedup: 1.000 / Efficiency: 100% / LogL: -13443
Threads: 2 / Time: 16.087 sec / Speedup: 0.622 / Efficiency: 31% / LogL: -13443
BEST NUMBER OF THREADS: 1

Estimate model parameters (epsilon = 0.100)
1. Initial log-likelihood: -10957.633
2. Current log-likelihood: -10448.990
3. Current log-likelihood: -10439.189
Optimal log-likelihood: -10439.159
Rate parameters:  A-C: 0.87143  A-G: 1.85139  A-T: 0.88038  C-G: 0.89998  C-T: 1.94690  G-T: 1.00000
Base frequencies:  A: 0.316  C: 0.191  G: 0.204  T: 0.289
Gamma shape alpha: 0.186
Parameters optimization took 3 rounds (0.049 sec)
Wrote distance file to... 
Computing ML distances based on estimated model parameters...
Calculating distance matrix: done in 0.00100303 secs using 99.2% CPU
Computing ML distances took 0.001039 sec (of wall-clock time) 0.001022 sec (of CPU time)
Setting up auxiliary I and S matrices: done in 1.78814e-05 secs using 78.29% CPU
Computing RapidNJ tree took 0.000064 sec (of wall-clock time) 0.000048 sec (of CPU time)
Log-likelihood of RapidNJ tree: -10455.303
--------------------------------------------------------------------
|             INITIALIZING CANDIDATE TREE SET                      |
--------------------------------------------------------------------
Generating 98 parsimony trees... 0.069 second
Computing log-likelihood of 98 initial trees ... 0.136 seconds
Current best score: -10439.159

Do NNI search on 20 best initial trees
Estimate model parameters (epsilon = 0.100)
BETTER TREE FOUND at iteration 1: -10438.800
Iteration 10 / LogL: -10438.870 / Time: 0h:0m:26s
Iteration 20 / LogL: -10438.810 / Time: 0h:0m:26s
Finish initializing candidate tree set (4)
Current best tree score: -10438.800 / CPU time: 0.567
Number of iterations: 20
--------------------------------------------------------------------
|               OPTIMIZING CANDIDATE TREE SET                      |
--------------------------------------------------------------------
Iteration 30 / LogL: -10439.339 / Time: 0h:0m:26s (0h:1m:5s left)
Iteration 40 / LogL: -10438.807 / Time: 0h:0m:27s (0h:0m:42s left)
Iteration 50 / LogL: -10438.934 / Time: 0h:0m:27s (0h:0m:28s left)
Iteration 60 / LogL: -10438.819 / Time: 0h:0m:27s (0h:0m:19s left)
Iteration 70 / LogL: -10439.367 / Time: 0h:0m:27s (0h:0m:12s left)
Iteration 80 / LogL: -10451.896 / Time: 0h:0m:28s (0h:0m:7s left)
Iteration 90 / LogL: -10451.895 / Time: 0h:0m:28s (0h:0m:3s left)
Iteration 100 / LogL: -10453.477 / Time: 0h:0m:28s (0h:0m:0s left)
TREE SEARCH COMPLETED AFTER 102 ITERATIONS / Time: 0h:0m:28s

--------------------------------------------------------------------
|                    FINALIZING TREE SEARCH                        |
--------------------------------------------------------------------
Performs final model parameters optimization
Estimate model parameters (epsilon = 0.010)
1. Initial log-likelihood: -10438.800
Optimal log-likelihood: -10438.799
Rate parameters:  A-C: 0.87319  A-G: 1.85413  A-T: 0.88114  C-G: 0.89979  C-T: 1.94893  G-T: 1.00000
Base frequencies:  A: 0.316  C: 0.191  G: 0.204  T: 0.289
Gamma shape alpha: 0.186
Parameters optimization took 1 rounds (0.005 sec)
BEST SCORE FOUND : -10438.799

Testing tree branches by aBayes parametric test...
0.005 sec.
Total tree length: 1.643

Total number of iterations: 102
CPU time used for tree search: 2.653 sec (0h:0m:2s)
Wall-clock time used for tree search: 2.666 sec (0h:0m:2s)
Total CPU time used: 27.750 sec (0h:0m:27s)
Total wall-clock time used: 28.824 sec (0h:0m:28s)

Analysis results written to: 
  IQ-TREE report:                /Users/fahim/CSE6406-project/work/paper_subset_50x10_L1600/ils_low/replicate_06/estimated_gene_trees/L1600/gtr_g4/locus_0017.iqtree
  Maximum-likelihood tree:       /Users/fahim/CSE6406-project/work/paper_subset_50x10_L1600/ils_low/replicate_06/estimated_gene_trees/L1600/gtr_g4/locus_0017.treefile
  Likelihood distances:          /Users/fahim/CSE6406-project/work/paper_subset_50x10_L1600/ils_low/replicate_06/estimated_gene_trees/L1600/gtr_g4/locus_0017.mldist
  Screen log file:               /Users/fahim/CSE6406-project/work/paper_subset_50x10_L1600/ils_low/replicate_06/estimated_gene_trees/L1600/gtr_g4/locus_0017.log

Date and Time: Fri Sep 11 12:17:01 2026
