IQ-TREE multicore version 2.4.0 for MacOS ARM 64-bit built Feb 12 2025
Developed by Bui Quang Minh, Nguyen Lam Tung, Olga Chernomor, Heiko Schmidt,
Dominik Schrempf, Michael Woodhams, Ly Trong Nhan, Thomas Wong

Host:    Fahims-MacBook-Air.local (SSE4.2, 16 GB RAM)
Command: /Users/fahim/miniconda3/envs/cse6406/bin/iqtree2 -s /Users/fahim/CSE6406-project/work/paper_subset_50x10_L1600/ils_low/replicate_06/alignments/L1600/locus_0030.phy -m GTR+G4 --abayes -T AUTO --seed 7006031 --prefix /Users/fahim/CSE6406-project/work/paper_subset_50x10_L1600/ils_low/replicate_06/estimated_gene_trees/L1600/gtr_g4/locus_0030 --redo --quiet
Seed:    7006031 (Using SPRNG - Scalable Parallel Random Number Generator)
Time:    Fri Sep 11 12:22:37 2026
Kernel:  SSE2 - auto-detect threads (10 CPU cores detected)

Reading alignment file /Users/fahim/CSE6406-project/work/paper_subset_50x10_L1600/ils_low/replicate_06/alignments/L1600/locus_0030.phy ... Phylip format detected
Alignment most likely contains DNA/RNA sequences
Alignment has 21 sequences with 1600 columns, 555 distinct patterns
466 parsimony-informative, 147 singleton sites, 986 constant sites
        Gap/Ambiguity  Composition  p-value
Analyzing sequences: done in 3.38554e-05 secs using 112.2% CPU
   1  0_0_0     0.00%    passed     67.88%
   2  3_0_0     0.00%    passed     79.97%
   3  2_0_0     0.00%    passed     95.38%
   4  4_0_0     0.00%    passed     81.83%
   5  7_0_0     0.00%    passed     84.85%
   6  1_0_0     0.00%    passed     95.18%
   7  6_0_0     0.00%    passed     93.70%
   8  8_0_0     0.00%    passed     94.83%
   9  5_0_0     0.00%    passed     82.10%
  10  9_0_0     0.00%    passed     96.98%
  11  10_0_0    0.00%    passed     85.32%
  12  16_0_0    0.00%    passed     86.61%
  13  20_0_0    0.00%    passed     97.51%
  14  18_0_0    0.00%    passed     98.62%
  15  19_0_0    0.00%    passed     77.65%
  16  15_0_0    0.00%    passed     97.80%
  17  13_0_0    0.00%    passed     78.07%
  18  17_0_0    0.00%    passed     97.39%
  19  14_0_0    0.00%    passed     98.89%
  20  11_0_0    0.00%    passed     94.64%
  21  12_0_0    0.00%    passed     99.17%
****  TOTAL     0.00%  0 sequences failed composition chi2 test (p-value<5%; df=3)

Create initial parsimony tree by phylogenetic likelihood library (PLL)... 0.000 seconds

NOTE: 1 MB RAM (0 GB) is required!
Measuring multi-threading efficiency up to 10 CPU cores
Increase to 10 rounds for branch lengths
1318 trees examined
Threads: 1 / Time: 10.005 sec / Speedup: 1.000 / Efficiency: 100% / LogL: -14203
Threads: 2 / Time: 15.243 sec / Speedup: 0.656 / Efficiency: 33% / LogL: -14203
BEST NUMBER OF THREADS: 1

Estimate model parameters (epsilon = 0.100)
1. Initial log-likelihood: -11706.846
2. Current log-likelihood: -11241.894
3. Current log-likelihood: -11226.788
Optimal log-likelihood: -11226.698
Rate parameters:  A-C: 1.01258  A-G: 2.02057  A-T: 0.98745  C-G: 0.97322  C-T: 1.63824  G-T: 1.00000
Base frequencies:  A: 0.297  C: 0.199  G: 0.188  T: 0.315
Gamma shape alpha: 0.198
Parameters optimization took 3 rounds (0.046 sec)
Wrote distance file to... 
Computing ML distances based on estimated model parameters...
Calculating distance matrix: done in 0.000849962 secs using 98.71% CPU
Computing ML distances took 0.000887 sec (of wall-clock time) 0.000865 sec (of CPU time)
Setting up auxiliary I and S matrices: done in 1.5974e-05 secs using 68.86% CPU
Computing RapidNJ tree took 0.000061 sec (of wall-clock time) 0.000067 sec (of CPU time)
Log-likelihood of RapidNJ tree: -11228.249
--------------------------------------------------------------------
|             INITIALIZING CANDIDATE TREE SET                      |
--------------------------------------------------------------------
Generating 98 parsimony trees... 0.062 second
Computing log-likelihood of 98 initial trees ... 0.135 seconds
Current best score: -11226.698

Do NNI search on 20 best initial trees
Estimate model parameters (epsilon = 0.100)
BETTER TREE FOUND at iteration 1: -11221.773
Iteration 10 / LogL: -11221.811 / Time: 0h:0m:25s
Iteration 20 / LogL: -11222.062 / Time: 0h:0m:25s
Finish initializing candidate tree set (1)
Current best tree score: -11221.773 / CPU time: 0.513
Number of iterations: 20
--------------------------------------------------------------------
|               OPTIMIZING CANDIDATE TREE SET                      |
--------------------------------------------------------------------
Iteration 30 / LogL: -11222.417 / Time: 0h:0m:26s (0h:1m:3s left)
Iteration 40 / LogL: -11221.908 / Time: 0h:0m:26s (0h:0m:41s left)
Iteration 50 / LogL: -11221.792 / Time: 0h:0m:26s (0h:0m:27s left)
Iteration 60 / LogL: -11221.892 / Time: 0h:0m:26s (0h:0m:18s left)
Iteration 70 / LogL: -11221.784 / Time: 0h:0m:26s (0h:0m:12s left)
UPDATE BEST LOG-LIKELIHOOD: -11221.766
Iteration 80 / LogL: -11221.766 / Time: 0h:0m:27s (0h:0m:7s left)
Iteration 90 / LogL: -11221.844 / Time: 0h:0m:27s (0h:0m:3s left)
Iteration 100 / LogL: -11221.857 / Time: 0h:0m:27s (0h:0m:0s left)
TREE SEARCH COMPLETED AFTER 102 ITERATIONS / Time: 0h:0m:27s

--------------------------------------------------------------------
|                    FINALIZING TREE SEARCH                        |
--------------------------------------------------------------------
Performs final model parameters optimization
Estimate model parameters (epsilon = 0.010)
1. Initial log-likelihood: -11221.766
Optimal log-likelihood: -11221.764
Rate parameters:  A-C: 1.01268  A-G: 2.02226  A-T: 0.98950  C-G: 0.97486  C-T: 1.64273  G-T: 1.00000
Base frequencies:  A: 0.297  C: 0.199  G: 0.188  T: 0.315
Gamma shape alpha: 0.198
Parameters optimization took 1 rounds (0.005 sec)
BEST SCORE FOUND : -11221.764

Testing tree branches by aBayes parametric test...
0.005 sec.
Total tree length: 1.731

Total number of iterations: 102
CPU time used for tree search: 2.114 sec (0h:0m:2s)
Wall-clock time used for tree search: 2.123 sec (0h:0m:2s)
Total CPU time used: 26.816 sec (0h:0m:26s)
Total wall-clock time used: 27.438 sec (0h:0m:27s)

Analysis results written to: 
  IQ-TREE report:                /Users/fahim/CSE6406-project/work/paper_subset_50x10_L1600/ils_low/replicate_06/estimated_gene_trees/L1600/gtr_g4/locus_0030.iqtree
  Maximum-likelihood tree:       /Users/fahim/CSE6406-project/work/paper_subset_50x10_L1600/ils_low/replicate_06/estimated_gene_trees/L1600/gtr_g4/locus_0030.treefile
  Likelihood distances:          /Users/fahim/CSE6406-project/work/paper_subset_50x10_L1600/ils_low/replicate_06/estimated_gene_trees/L1600/gtr_g4/locus_0030.mldist
  Screen log file:               /Users/fahim/CSE6406-project/work/paper_subset_50x10_L1600/ils_low/replicate_06/estimated_gene_trees/L1600/gtr_g4/locus_0030.log

Date and Time: Fri Sep 11 12:23:04 2026
