IQ-TREE multicore version 2.4.0 for Linux x86 64-bit built Feb 12 2025
Developed by Bui Quang Minh, Nguyen Lam Tung, Olga Chernomor, Heiko Schmidt,
Dominik Schrempf, Michael Woodhams, Ly Trong Nhan, Thomas Wong

Host:    ezmata (AVX2, FMA3, 15 GB RAM)
Command: /home/mis/miniconda3/envs/cse6406/bin/iqtree2 -s /home/mis/CSE6406-project/work/paper_subset_50x10_L200/ils_high/replicate_04/alignments/L200/locus_0036.phy -m GTR+G4 --abayes -T 1 --seed 6806037 --prefix /home/mis/CSE6406-project/work/paper_subset_50x10_L200/ils_high/replicate_04/estimated_gene_trees/L200/gtr_g4/locus_0036 --redo --quiet
Seed:    6806037 (Using SPRNG - Scalable Parallel Random Number Generator)
Time:    Sat Sep 12 21:42:36 2026
Kernel:  AVX+FMA - 1 threads (16 CPU cores detected)

HINT: Use -nt option to specify number of threads because your CPU has 16 cores!
HINT: -nt AUTO will automatically determine the best number of threads to use.

Reading alignment file /home/mis/CSE6406-project/work/paper_subset_50x10_L200/ils_high/replicate_04/alignments/L200/locus_0036.phy ... Phylip format detected
Alignment most likely contains DNA/RNA sequences
Alignment has 21 sequences with 200 columns, 66 distinct patterns
41 parsimony-informative, 22 singleton sites, 137 constant sites
        Gap/Ambiguity  Composition  p-value
Analyzing sequences: done in 1.2828e-05 secs using 38.98% CPU
   1  11_0_0    0.00%    passed     98.25%
   2  16_0_0    0.00%    passed     99.23%
   3  1_0_0     0.00%    passed     98.90%
   4  4_0_0     0.00%    passed     99.23%
   5  10_0_0    0.00%    passed     98.25%
   6  5_0_0     0.00%    passed     96.72%
   7  7_0_0     0.00%    passed     93.41%
   8  12_0_0    0.00%    passed     96.41%
   9  3_0_0     0.00%    passed     99.04%
  10  6_0_0     0.00%    passed     92.33%
  11  13_0_0    0.00%    passed     94.62%
  12  15_0_0    0.00%    passed    100.00%
  13  2_0_0     0.00%    passed     99.53%
  14  17_0_0    0.00%    passed     98.26%
  15  19_0_0    0.00%    passed     98.67%
  16  20_0_0    0.00%    passed     91.73%
  17  18_0_0    0.00%    passed     98.52%
  18  14_0_0    0.00%    passed     94.25%
  19  8_0_0     0.00%    passed     93.99%
  20  9_0_0     0.00%    passed     94.11%
  21  0_0_0     0.00%    passed     78.05%
****  TOTAL     0.00%  0 sequences failed composition chi2 test (p-value<5%; df=3)

Create initial parsimony tree by phylogenetic likelihood library (PLL)... 0.001 seconds

NOTE: 0 MB RAM (0 GB) is required!
Estimate model parameters (epsilon = 0.100)
1. Initial log-likelihood: -1136.694
2. Current log-likelihood: -1092.290
3. Current log-likelihood: -1090.212
Optimal log-likelihood: -1090.199
Rate parameters:  A-C: 1.03888  A-G: 2.01915  A-T: 1.48863  C-G: 1.25433  C-T: 2.40402  G-T: 1.00000
Base frequencies:  A: 0.330  C: 0.156  G: 0.240  T: 0.274
Gamma shape alpha: 0.163
Parameters optimization took 3 rounds (0.027 sec)
Wrote distance file to... 
Computing ML distances based on estimated model parameters...
Calculating distance matrix: done in 0.0045727 secs using 99.33% CPU
Computing ML distances took 0.004616 sec (of wall-clock time) 0.004587 sec (of CPU time)
Setting up auxiliary I and S matrices: done in 5.4946e-05 secs using 100.1% CPU
Computing RapidNJ tree took 0.000211 sec (of wall-clock time) 0.000205 sec (of CPU time)
Log-likelihood of RapidNJ tree: -1092.453
--------------------------------------------------------------------
|             INITIALIZING CANDIDATE TREE SET                      |
--------------------------------------------------------------------
Generating 98 parsimony trees... 0.097 second
Computing log-likelihood of 98 initial trees ... 0.122 seconds
Current best score: -1088.037

Do NNI search on 20 best initial trees
Estimate model parameters (epsilon = 0.100)
BETTER TREE FOUND at iteration 1: -1086.914
Estimate model parameters (epsilon = 0.100)
BETTER TREE FOUND at iteration 2: -1086.692
Iteration 10 / LogL: -1087.406 / Time: 0h:0m:0s
Iteration 20 / LogL: -1087.964 / Time: 0h:0m:0s
Finish initializing candidate tree set (13)
Current best tree score: -1086.692 / CPU time: 0.493
Number of iterations: 20
--------------------------------------------------------------------
|               OPTIMIZING CANDIDATE TREE SET                      |
--------------------------------------------------------------------
Iteration 30 / LogL: -1087.223 / Time: 0h:0m:0s (0h:0m:1s left)
UPDATE BEST LOG-LIKELIHOOD: -1086.692
Iteration 40 / LogL: -1089.933 / Time: 0h:0m:0s (0h:0m:1s left)
Iteration 50 / LogL: -1086.755 / Time: 0h:0m:0s (0h:0m:0s left)
Iteration 60 / LogL: -1086.755 / Time: 0h:0m:1s (0h:0m:0s left)
Iteration 70 / LogL: -1086.754 / Time: 0h:0m:1s (0h:0m:0s left)
UPDATE BEST LOG-LIKELIHOOD: -1086.692
UPDATE BEST LOG-LIKELIHOOD: -1086.692
Iteration 80 / LogL: -1086.692 / Time: 0h:0m:1s (0h:0m:0s left)
Iteration 90 / LogL: -1087.253 / Time: 0h:0m:1s (0h:0m:0s left)
Iteration 100 / LogL: -1086.964 / Time: 0h:0m:2s (0h:0m:0s left)
TREE SEARCH COMPLETED AFTER 103 ITERATIONS / Time: 0h:0m:2s

--------------------------------------------------------------------
|                    FINALIZING TREE SEARCH                        |
--------------------------------------------------------------------
Performs final model parameters optimization
Estimate model parameters (epsilon = 0.010)
1. Initial log-likelihood: -1086.692
Optimal log-likelihood: -1086.691
Rate parameters:  A-C: 1.24125  A-G: 2.60791  A-T: 1.99573  C-G: 1.62057  C-T: 3.23427  G-T: 1.00000
Base frequencies:  A: 0.330  C: 0.156  G: 0.240  T: 0.274
Gamma shape alpha: 0.165
Parameters optimization took 1 rounds (0.003 sec)
BEST SCORE FOUND : -1086.691

Testing tree branches by aBayes parametric test...
0.004 sec.
Total tree length: 1.090

Total number of iterations: 103
CPU time used for tree search: 1.913 sec (0h:0m:1s)
Wall-clock time used for tree search: 2.017 sec (0h:0m:2s)
Total CPU time used: 1.967 sec (0h:0m:1s)
Total wall-clock time used: 2.073 sec (0h:0m:2s)

Analysis results written to: 
  IQ-TREE report:                /home/mis/CSE6406-project/work/paper_subset_50x10_L200/ils_high/replicate_04/estimated_gene_trees/L200/gtr_g4/locus_0036.iqtree
  Maximum-likelihood tree:       /home/mis/CSE6406-project/work/paper_subset_50x10_L200/ils_high/replicate_04/estimated_gene_trees/L200/gtr_g4/locus_0036.treefile
  Likelihood distances:          /home/mis/CSE6406-project/work/paper_subset_50x10_L200/ils_high/replicate_04/estimated_gene_trees/L200/gtr_g4/locus_0036.mldist
  Screen log file:               /home/mis/CSE6406-project/work/paper_subset_50x10_L200/ils_high/replicate_04/estimated_gene_trees/L200/gtr_g4/locus_0036.log

Date and Time: Sat Sep 12 21:42:38 2026
