IQ-TREE multicore version 2.4.0 for MacOS ARM 64-bit built Feb 12 2025
Developed by Bui Quang Minh, Nguyen Lam Tung, Olga Chernomor, Heiko Schmidt,
Dominik Schrempf, Michael Woodhams, Ly Trong Nhan, Thomas Wong

Host:    Fahims-MacBook-Air.local (SSE4.2, 16 GB RAM)
Command: /Users/fahim/miniconda3/envs/cse6406/bin/iqtree2 -s /Users/fahim/CSE6406-project/work/paper_subset_50x10_L1600/ils_high/replicate_03/alignments/L1600/locus_0025.phy -m HKY+G4 --abayes -T AUTO --seed 6706026 --prefix /Users/fahim/CSE6406-project/work/paper_subset_50x10_L1600/ils_high/replicate_03/estimated_gene_trees/L1600/hky_g4/locus_0025 --redo --quiet
Seed:    6706026 (Using SPRNG - Scalable Parallel Random Number Generator)
Time:    Sat Sep 12 05:48:41 2026
Kernel:  SSE2 - auto-detect threads (10 CPU cores detected)

Reading alignment file /Users/fahim/CSE6406-project/work/paper_subset_50x10_L1600/ils_high/replicate_03/alignments/L1600/locus_0025.phy ... Phylip format detected
Alignment most likely contains DNA/RNA sequences
Alignment has 21 sequences with 1600 columns, 875 distinct patterns
766 parsimony-informative, 143 singleton sites, 691 constant sites
        Gap/Ambiguity  Composition  p-value
Analyzing sequences: done in 3.79086e-05 secs using 131.9% CPU
   1  0_0_0     0.00%    passed     15.21%
   2  20_0_0    0.00%    passed     75.27%
   3  3_0_0     0.00%    passed     80.73%
   4  1_0_0     0.00%    passed     77.55%
   5  2_0_0     0.00%    passed     69.24%
   6  9_0_0     0.00%    passed     54.97%
   7  6_0_0     0.00%    passed     91.40%
   8  5_0_0     0.00%    passed     99.07%
   9  10_0_0    0.00%    passed     87.20%
  10  19_0_0    0.00%    passed     92.41%
  11  12_0_0    0.00%    passed     86.25%
  12  13_0_0    0.00%    passed     60.34%
  13  17_0_0    0.00%    passed     94.32%
  14  4_0_0     0.00%    passed     85.05%
  15  8_0_0     0.00%    passed     95.21%
  16  11_0_0    0.00%    passed     88.28%
  17  7_0_0     0.00%    passed     90.69%
  18  14_0_0    0.00%    passed     66.04%
  19  18_0_0    0.00%    passed     88.26%
  20  15_0_0    0.00%    passed     73.24%
  21  16_0_0    0.00%    passed     84.49%
****  TOTAL     0.00%  0 sequences failed composition chi2 test (p-value<5%; df=3)

Create initial parsimony tree by phylogenetic likelihood library (PLL)... 0.001 seconds

NOTE: 2 MB RAM (0 GB) is required!
Measuring multi-threading efficiency up to 10 CPU cores
Increase to 10 rounds for branch lengths
829 trees examined
Threads: 1 / Time: 10.003 sec / Speedup: 1.000 / Efficiency: 100% / LogL: -22927
Threads: 2 / Time: 12.260 sec / Speedup: 0.816 / Efficiency: 41% / LogL: -22927
BEST NUMBER OF THREADS: 1

Estimate model parameters (epsilon = 0.100)
1. Initial log-likelihood: -21705.704
2. Current log-likelihood: -20666.499
3. Current log-likelihood: -20529.399
4. Current log-likelihood: -20513.160
5. Current log-likelihood: -20508.982
6. Current log-likelihood: -20507.644
7. Current log-likelihood: -20507.125
8. Current log-likelihood: -20506.925
Optimal log-likelihood: -20506.823
Rate parameters:  A-C: 1.00000  A-G: 2.08374  A-T: 1.00000  C-G: 1.00000  C-T: 2.08374  G-T: 1.00000
Base frequencies:  A: 0.308  C: 0.202  G: 0.190  T: 0.300
Gamma shape alpha: 0.201
Parameters optimization took 8 rounds (0.073 sec)
Wrote distance file to... 
Computing ML distances based on estimated model parameters...
Calculating distance matrix: done in 0.000814915 secs using 98.54% CPU
Computing ML distances took 0.000858 sec (of wall-clock time) 0.000838 sec (of CPU time)
Setting up auxiliary I and S matrices: done in 1.38283e-05 secs using 72.32% CPU
Computing RapidNJ tree took 0.000053 sec (of wall-clock time) 0.000058 sec (of CPU time)
Log-likelihood of RapidNJ tree: -20503.992
--------------------------------------------------------------------
|             INITIALIZING CANDIDATE TREE SET                      |
--------------------------------------------------------------------
Generating 98 parsimony trees... 0.093 second
Computing log-likelihood of 98 initial trees ... 0.191 seconds
Current best score: -20503.992

Do NNI search on 20 best initial trees
Estimate model parameters (epsilon = 0.100)
BETTER TREE FOUND at iteration 1: -20468.613
Iteration 10 / LogL: -20468.633 / Time: 0h:0m:22s
Iteration 20 / LogL: -20468.615 / Time: 0h:0m:23s
Finish initializing candidate tree set (1)
Current best tree score: -20468.613 / CPU time: 0.910
Number of iterations: 20
--------------------------------------------------------------------
|               OPTIMIZING CANDIDATE TREE SET                      |
--------------------------------------------------------------------
Iteration 30 / LogL: -20468.615 / Time: 0h:0m:23s (0h:0m:57s left)
UPDATE BEST LOG-LIKELIHOOD: -20468.612
Iteration 40 / LogL: -20468.697 / Time: 0h:0m:23s (0h:0m:37s left)
Iteration 50 / LogL: -20468.837 / Time: 0h:0m:24s (0h:0m:25s left)
Iteration 60 / LogL: -20468.616 / Time: 0h:0m:24s (0h:0m:17s left)
UPDATE BEST LOG-LIKELIHOOD: -20468.612
Iteration 70 / LogL: -20468.612 / Time: 0h:0m:24s (0h:0m:11s left)
Iteration 80 / LogL: -20468.625 / Time: 0h:0m:25s (0h:0m:6s left)
Iteration 90 / LogL: -20468.613 / Time: 0h:0m:25s (0h:0m:3s left)
Iteration 100 / LogL: -20468.613 / Time: 0h:0m:25s (0h:0m:0s left)
TREE SEARCH COMPLETED AFTER 102 ITERATIONS / Time: 0h:0m:25s

--------------------------------------------------------------------
|                    FINALIZING TREE SEARCH                        |
--------------------------------------------------------------------
Performs final model parameters optimization
Estimate model parameters (epsilon = 0.010)
1. Initial log-likelihood: -20468.612
Optimal log-likelihood: -20468.604
Rate parameters:  A-C: 1.00000  A-G: 2.10692  A-T: 1.00000  C-G: 1.00000  C-T: 2.10692  G-T: 1.00000
Base frequencies:  A: 0.308  C: 0.202  G: 0.190  T: 0.300
Gamma shape alpha: 0.200
Parameters optimization took 1 rounds (0.006 sec)
BEST SCORE FOUND : -20468.604

Testing tree branches by aBayes parametric test...
0.007 sec.
Total tree length: 12.947

Total number of iterations: 102
CPU time used for tree search: 3.593 sec (0h:0m:3s)
Wall-clock time used for tree search: 3.603 sec (0h:0m:3s)
Total CPU time used: 26.470 sec (0h:0m:26s)
Total wall-clock time used: 25.968 sec (0h:0m:25s)

Analysis results written to: 
  IQ-TREE report:                /Users/fahim/CSE6406-project/work/paper_subset_50x10_L1600/ils_high/replicate_03/estimated_gene_trees/L1600/hky_g4/locus_0025.iqtree
  Maximum-likelihood tree:       /Users/fahim/CSE6406-project/work/paper_subset_50x10_L1600/ils_high/replicate_03/estimated_gene_trees/L1600/hky_g4/locus_0025.treefile
  Likelihood distances:          /Users/fahim/CSE6406-project/work/paper_subset_50x10_L1600/ils_high/replicate_03/estimated_gene_trees/L1600/hky_g4/locus_0025.mldist
  Screen log file:               /Users/fahim/CSE6406-project/work/paper_subset_50x10_L1600/ils_high/replicate_03/estimated_gene_trees/L1600/hky_g4/locus_0025.log

Date and Time: Sat Sep 12 05:49:07 2026
