IQ-TREE multicore version 2.4.0 for Linux x86 64-bit built Feb 12 2025
Developed by Bui Quang Minh, Nguyen Lam Tung, Olga Chernomor, Heiko Schmidt,
Dominik Schrempf, Michael Woodhams, Ly Trong Nhan, Thomas Wong

Host:    ezmata (AVX2, FMA3, 15 GB RAM)
Command: /home/mis/miniconda3/envs/cse6406/bin/iqtree2 -s /home/mis/CSE6406-project/work/paper_subset_50x10_L200/ils_low/replicate_03/alignments/L200/locus_0009.phy -m GTR+G4 --abayes -T 1 --seed 6706010 --prefix /home/mis/CSE6406-project/work/paper_subset_50x10_L200/ils_low/replicate_03/estimated_gene_trees/L200/gtr_g4/locus_0009 --redo --quiet
Seed:    6706010 (Using SPRNG - Scalable Parallel Random Number Generator)
Time:    Sat Sep 12 21:31:33 2026
Kernel:  AVX+FMA - 1 threads (16 CPU cores detected)

HINT: Use -nt option to specify number of threads because your CPU has 16 cores!
HINT: -nt AUTO will automatically determine the best number of threads to use.

Reading alignment file /home/mis/CSE6406-project/work/paper_subset_50x10_L200/ils_low/replicate_03/alignments/L200/locus_0009.phy ... Phylip format detected
Alignment most likely contains DNA/RNA sequences
Alignment has 21 sequences with 200 columns, 117 distinct patterns
102 parsimony-informative, 11 singleton sites, 87 constant sites
        Gap/Ambiguity  Composition  p-value
Analyzing sequences: done in 8.802e-06 secs using 90.89% CPU
   1  2_0_0     0.00%    passed     41.79%
   2  1_0_0     0.00%    passed     55.73%
   3  3_0_0     0.00%    passed     56.52%
   4  15_0_0    0.00%    passed     96.40%
   5  11_0_0    0.00%    passed     83.37%
   6  8_0_0     0.00%    passed     99.58%
   7  12_0_0    0.00%    passed     76.68%
   8  17_0_0    0.00%    passed     92.31%
   9  4_0_0     0.00%    passed     65.33%
  10  13_0_0    0.00%    passed     92.70%
  11  10_0_0    0.00%    passed     88.61%
  12  19_0_0    0.00%    passed     90.83%
  13  16_0_0    0.00%    passed     87.73%
  14  20_0_0    0.00%    passed     88.29%
  15  18_0_0    0.00%    passed     38.09%
  16  9_0_0     0.00%    passed     74.33%
  17  6_0_0     0.00%    passed     96.80%
  18  7_0_0     0.00%    passed     30.57%
  19  5_0_0     0.00%    passed     53.38%
  20  14_0_0    0.00%    passed     57.78%
  21  0_0_0     0.00%    passed     74.89%
****  TOTAL     0.00%  0 sequences failed composition chi2 test (p-value<5%; df=3)

Create initial parsimony tree by phylogenetic likelihood library (PLL)... 0.001 seconds

NOTE: 0 MB RAM (0 GB) is required!
Estimate model parameters (epsilon = 0.100)
1. Initial log-likelihood: -2720.569
2. Current log-likelihood: -2585.995
3. Current log-likelihood: -2570.700
4. Current log-likelihood: -2569.380
5. Current log-likelihood: -2569.143
Optimal log-likelihood: -2569.046
Rate parameters:  A-C: 0.98561  A-G: 2.57375  A-T: 1.17434  C-G: 0.98902  C-T: 2.30858  G-T: 1.00000
Base frequencies:  A: 0.303  C: 0.169  G: 0.213  T: 0.314
Gamma shape alpha: 0.201
Parameters optimization took 5 rounds (0.029 sec)
Wrote distance file to... 
Computing ML distances based on estimated model parameters...
Calculating distance matrix: done in 0.0020581 secs using 99.27% CPU
Computing ML distances took 0.002089 sec (of wall-clock time) 0.002074 sec (of CPU time)
Setting up auxiliary I and S matrices: done in 6.6649e-05 secs
Computing RapidNJ tree took 0.000222 sec (of wall-clock time) 0.000000 sec (of CPU time)
Log-likelihood of RapidNJ tree: -2581.528
--------------------------------------------------------------------
|             INITIALIZING CANDIDATE TREE SET                      |
--------------------------------------------------------------------
Generating 98 parsimony trees... 0.071 second
Computing log-likelihood of 98 initial trees ... 0.087 seconds
Current best score: -2569.046

Do NNI search on 20 best initial trees
Estimate model parameters (epsilon = 0.100)
BETTER TREE FOUND at iteration 1: -2567.567
BETTER TREE FOUND at iteration 3: -2567.567
UPDATE BEST LOG-LIKELIHOOD: -2567.567
UPDATE BEST LOG-LIKELIHOOD: -2567.567
Estimate model parameters (epsilon = 0.100)
BETTER TREE FOUND at iteration 10: -2567.300
Iteration 10 / LogL: -2567.300 / Time: 0h:0m:0s
UPDATE BEST LOG-LIKELIHOOD: -2567.299
Iteration 20 / LogL: -2567.299 / Time: 0h:0m:0s
Finish initializing candidate tree set (7)
Current best tree score: -2567.299 / CPU time: 0.678
Number of iterations: 20
--------------------------------------------------------------------
|               OPTIMIZING CANDIDATE TREE SET                      |
--------------------------------------------------------------------
BETTER TREE FOUND at iteration 23: -2567.299
UPDATE BEST LOG-LIKELIHOOD: -2567.299
Iteration 30 / LogL: -2567.625 / Time: 0h:0m:0s (0h:0m:2s left)
Iteration 40 / LogL: -2567.299 / Time: 0h:0m:1s (0h:0m:2s left)
UPDATE BEST LOG-LIKELIHOOD: -2567.299
Iteration 50 / LogL: -2567.299 / Time: 0h:0m:1s (0h:0m:1s left)
Iteration 60 / LogL: -2569.507 / Time: 0h:0m:1s (0h:0m:1s left)
UPDATE BEST LOG-LIKELIHOOD: -2567.299
Iteration 70 / LogL: -2567.447 / Time: 0h:0m:1s (0h:0m:1s left)
Iteration 80 / LogL: -2567.299 / Time: 0h:0m:2s (0h:0m:1s left)
Iteration 90 / LogL: -2567.299 / Time: 0h:0m:2s (0h:0m:0s left)
Iteration 100 / LogL: -2567.299 / Time: 0h:0m:2s (0h:0m:0s left)
Iteration 110 / LogL: -2567.299 / Time: 0h:0m:3s (0h:0m:0s left)
Iteration 120 / LogL: -2567.300 / Time: 0h:0m:3s (0h:0m:0s left)
TREE SEARCH COMPLETED AFTER 124 ITERATIONS / Time: 0h:0m:3s

--------------------------------------------------------------------
|                    FINALIZING TREE SEARCH                        |
--------------------------------------------------------------------
Performs final model parameters optimization
Estimate model parameters (epsilon = 0.010)
1. Initial log-likelihood: -2567.299
Optimal log-likelihood: -2567.296
Rate parameters:  A-C: 1.09588  A-G: 2.61202  A-T: 1.18264  C-G: 1.07593  C-T: 2.43596  G-T: 1.00000
Base frequencies:  A: 0.303  C: 0.169  G: 0.213  T: 0.314
Gamma shape alpha: 0.201
Parameters optimization took 1 rounds (0.003 sec)
BEST SCORE FOUND : -2567.296

Testing tree branches by aBayes parametric test...
0.003 sec.
Total tree length: 9.291

Total number of iterations: 124
CPU time used for tree search: 3.243 sec (0h:0m:3s)
Wall-clock time used for tree search: 3.389 sec (0h:0m:3s)
Total CPU time used: 3.292 sec (0h:0m:3s)
Total wall-clock time used: 3.441 sec (0h:0m:3s)

Analysis results written to: 
  IQ-TREE report:                /home/mis/CSE6406-project/work/paper_subset_50x10_L200/ils_low/replicate_03/estimated_gene_trees/L200/gtr_g4/locus_0009.iqtree
  Maximum-likelihood tree:       /home/mis/CSE6406-project/work/paper_subset_50x10_L200/ils_low/replicate_03/estimated_gene_trees/L200/gtr_g4/locus_0009.treefile
  Likelihood distances:          /home/mis/CSE6406-project/work/paper_subset_50x10_L200/ils_low/replicate_03/estimated_gene_trees/L200/gtr_g4/locus_0009.mldist
  Screen log file:               /home/mis/CSE6406-project/work/paper_subset_50x10_L200/ils_low/replicate_03/estimated_gene_trees/L200/gtr_g4/locus_0009.log

Date and Time: Sat Sep 12 21:31:37 2026
