IQ-TREE multicore version 2.4.0 for Linux x86 64-bit built Feb 12 2025
Developed by Bui Quang Minh, Nguyen Lam Tung, Olga Chernomor, Heiko Schmidt,
Dominik Schrempf, Michael Woodhams, Ly Trong Nhan, Thomas Wong

Host:    ezmata (AVX2, FMA3, 15 GB RAM)
Command: /home/mis/miniconda3/envs/cse6406/bin/iqtree2 -s /home/mis/CSE6406-project/work/paper_subset_50x10_L200/ils_high/replicate_08/alignments/L200/locus_0026.phy -m JC --abayes -T 1 --seed 7206027 --prefix /home/mis/CSE6406-project/work/paper_subset_50x10_L200/ils_high/replicate_08/estimated_gene_trees/L200/jc/locus_0026 --redo --quiet
Seed:    7206027 (Using SPRNG - Scalable Parallel Random Number Generator)
Time:    Sat Sep 12 21:46:16 2026
Kernel:  AVX+FMA - 1 threads (16 CPU cores detected)

HINT: Use -nt option to specify number of threads because your CPU has 16 cores!
HINT: -nt AUTO will automatically determine the best number of threads to use.

Reading alignment file /home/mis/CSE6406-project/work/paper_subset_50x10_L200/ils_high/replicate_08/alignments/L200/locus_0026.phy ... Phylip format detected
Alignment most likely contains DNA/RNA sequences
Alignment has 21 sequences with 200 columns, 110 distinct patterns
91 parsimony-informative, 15 singleton sites, 94 constant sites
        Gap/Ambiguity  Composition  p-value
Analyzing sequences: done in 1.8738e-05 secs using 90.72% CPU
   1  0_0_0     0.00%    passed     71.30%
   2  19_0_0    0.00%    passed     97.13%
   3  8_0_0     0.00%    passed     70.06%
   4  20_0_0    0.00%    passed     99.69%
   5  18_0_0    0.00%    passed     97.34%
   6  2_0_0     0.00%    passed     73.37%
   7  17_0_0    0.00%    passed     33.97%
   8  15_0_0    0.00%    passed     60.26%
   9  3_0_0     0.00%    passed     82.22%
  10  7_0_0     0.00%    passed     98.37%
  11  16_0_0    0.00%    passed     80.70%
  12  12_0_0    0.00%    passed     95.61%
  13  14_0_0    0.00%    passed     46.19%
  14  4_0_0     0.00%    passed     77.10%
  15  6_0_0     0.00%    passed     58.01%
  16  9_0_0     0.00%    passed     92.41%
  17  1_0_0     0.00%    passed     98.31%
  18  13_0_0    0.00%    passed     14.46%
  19  11_0_0    0.00%    passed     25.21%
  20  5_0_0     0.00%    passed     80.34%
  21  10_0_0    0.00%    passed     71.95%
****  TOTAL     0.00%  0 sequences failed composition chi2 test (p-value<5%; df=3)

Create initial parsimony tree by phylogenetic likelihood library (PLL)... 0.002 seconds

NOTE: 0 MB RAM (0 GB) is required!
Estimate model parameters (epsilon = 0.100)
1. Initial log-likelihood: -2926.377
Optimal log-likelihood: -2918.495
Rate parameters:  A-C: 1.00000  A-G: 1.00000  A-T: 1.00000  C-G: 1.00000  C-T: 1.00000  G-T: 1.00000
Base frequencies:  A: 0.250  C: 0.250  G: 0.250  T: 0.250
Parameters optimization took 1 rounds (0.002 sec)
Wrote distance file to... 
Computing ML distances based on estimated model parameters...
Calculating distance matrix: done in 0.00128609 secs using 90.35% CPU
Computing ML distances took 0.001333 sec (of wall-clock time) 0.001204 sec (of CPU time)
Setting up auxiliary I and S matrices: done in 6.628e-05 secs using 99.58% CPU
Computing RapidNJ tree took 0.000253 sec (of wall-clock time) 0.000252 sec (of CPU time)
Log-likelihood of RapidNJ tree: -2929.606
--------------------------------------------------------------------
|             INITIALIZING CANDIDATE TREE SET                      |
--------------------------------------------------------------------
Generating 98 parsimony trees... 0.127 second
Computing log-likelihood of 98 initial trees ... 0.094 seconds
Current best score: -2917.142

Do NNI search on 20 best initial trees
Estimate model parameters (epsilon = 0.100)
BETTER TREE FOUND at iteration 1: -2916.952
Iteration 10 / LogL: -2918.597 / Time: 0h:0m:0s
Iteration 20 / LogL: -2921.728 / Time: 0h:0m:0s
Finish initializing candidate tree set (11)
Current best tree score: -2916.952 / CPU time: 0.315
Number of iterations: 20
--------------------------------------------------------------------
|               OPTIMIZING CANDIDATE TREE SET                      |
--------------------------------------------------------------------
Estimate model parameters (epsilon = 0.100)
BETTER TREE FOUND at iteration 22: -2915.473
Iteration 30 / LogL: -2915.483 / Time: 0h:0m:0s (0h:0m:1s left)
Iteration 40 / LogL: -2916.959 / Time: 0h:0m:0s (0h:0m:1s left)
Iteration 50 / LogL: -2916.958 / Time: 0h:0m:0s (0h:0m:0s left)
Iteration 60 / LogL: -2915.480 / Time: 0h:0m:0s (0h:0m:0s left)
Iteration 70 / LogL: -2915.900 / Time: 0h:0m:0s (0h:0m:0s left)
Iteration 80 / LogL: -2916.960 / Time: 0h:0m:0s (0h:0m:0s left)
Iteration 90 / LogL: -2915.479 / Time: 0h:0m:1s (0h:0m:0s left)
Iteration 100 / LogL: -2915.896 / Time: 0h:0m:1s (0h:0m:0s left)
Iteration 110 / LogL: -2915.872 / Time: 0h:0m:1s (0h:0m:0s left)
Iteration 120 / LogL: -2915.865 / Time: 0h:0m:1s (0h:0m:0s left)
TREE SEARCH COMPLETED AFTER 123 ITERATIONS / Time: 0h:0m:1s

--------------------------------------------------------------------
|                    FINALIZING TREE SEARCH                        |
--------------------------------------------------------------------
Performs final model parameters optimization
Estimate model parameters (epsilon = 0.010)
1. Initial log-likelihood: -2915.473
Optimal log-likelihood: -2915.473
Rate parameters:  A-C: 1.00000  A-G: 1.00000  A-T: 1.00000  C-G: 1.00000  C-T: 1.00000  G-T: 1.00000
Base frequencies:  A: 0.250  C: 0.250  G: 0.250  T: 0.250
Parameters optimization took 1 rounds (0.001 sec)
BEST SCORE FOUND : -2915.473

Testing tree branches by aBayes parametric test...
0.003 sec.
Total tree length: 3.503

Total number of iterations: 123
CPU time used for tree search: 1.394 sec (0h:0m:1s)
Wall-clock time used for tree search: 1.483 sec (0h:0m:1s)
Total CPU time used: 1.419 sec (0h:0m:1s)
Total wall-clock time used: 1.509 sec (0h:0m:1s)

Analysis results written to: 
  IQ-TREE report:                /home/mis/CSE6406-project/work/paper_subset_50x10_L200/ils_high/replicate_08/estimated_gene_trees/L200/jc/locus_0026.iqtree
  Maximum-likelihood tree:       /home/mis/CSE6406-project/work/paper_subset_50x10_L200/ils_high/replicate_08/estimated_gene_trees/L200/jc/locus_0026.treefile
  Likelihood distances:          /home/mis/CSE6406-project/work/paper_subset_50x10_L200/ils_high/replicate_08/estimated_gene_trees/L200/jc/locus_0026.mldist
  Screen log file:               /home/mis/CSE6406-project/work/paper_subset_50x10_L200/ils_high/replicate_08/estimated_gene_trees/L200/jc/locus_0026.log

Date and Time: Sat Sep 12 21:46:18 2026
