IQ-TREE multicore version 2.4.0 for Linux x86 64-bit built Feb 12 2025
Developed by Bui Quang Minh, Nguyen Lam Tung, Olga Chernomor, Heiko Schmidt,
Dominik Schrempf, Michael Woodhams, Ly Trong Nhan, Thomas Wong

Host:    ezmata (AVX2, FMA3, 15 GB RAM)
Command: /home/mis/miniconda3/envs/cse6406/bin/iqtree2 -s /home/mis/CSE6406-project/work/paper_subset_50x10_L800/ils_high/replicate_07/alignments/L800/locus_0046.phy -m HKY+G4 --abayes -T 1 --seed 7106047 --prefix /home/mis/CSE6406-project/work/paper_subset_50x10_L800/ils_high/replicate_07/estimated_gene_trees/L800/hky_g4/locus_0046 --redo --quiet
Seed:    7106047 (Using SPRNG - Scalable Parallel Random Number Generator)
Time:    Sat Sep 12 20:02:26 2026
Kernel:  AVX+FMA - 1 threads (16 CPU cores detected)

HINT: Use -nt option to specify number of threads because your CPU has 16 cores!
HINT: -nt AUTO will automatically determine the best number of threads to use.

Reading alignment file /home/mis/CSE6406-project/work/paper_subset_50x10_L800/ils_high/replicate_07/alignments/L800/locus_0046.phy ... Phylip format detected
Alignment most likely contains DNA/RNA sequences
Alignment has 21 sequences with 800 columns, 428 distinct patterns
327 parsimony-informative, 112 singleton sites, 361 constant sites
        Gap/Ambiguity  Composition  p-value
Analyzing sequences: done in 2.1402e-05 secs using 93.45% CPU
   1  0_0_0     0.00%    passed     85.64%
   2  4_0_0     0.00%    passed     99.06%
   3  2_0_0     0.00%    passed     88.13%
   4  6_0_0     0.00%    passed     97.69%
   5  5_0_0     0.00%    passed     74.46%
   6  14_0_0    0.00%    passed     99.58%
   7  12_0_0    0.00%    passed     94.02%
   8  7_0_0     0.00%    passed     67.25%
   9  11_0_0    0.00%    passed     82.07%
  10  9_0_0     0.00%    passed     94.80%
  11  17_0_0    0.00%    passed     99.31%
  12  10_0_0    0.00%    passed     72.35%
  13  16_0_0    0.00%    passed     84.92%
  14  15_0_0    0.00%    passed     90.58%
  15  3_0_0     0.00%    passed     80.13%
  16  13_0_0    0.00%    passed     98.50%
  17  1_0_0     0.00%    passed     99.56%
  18  8_0_0     0.00%    passed     99.10%
  19  18_0_0    0.00%    passed     99.34%
  20  20_0_0    0.00%    passed     86.80%
  21  19_0_0    0.00%    passed     85.53%
****  TOTAL     0.00%  0 sequences failed composition chi2 test (p-value<5%; df=3)

Create initial parsimony tree by phylogenetic likelihood library (PLL)... 0.002 seconds

NOTE: 1 MB RAM (0 GB) is required!
Estimate model parameters (epsilon = 0.100)
1. Initial log-likelihood: -9938.844
2. Current log-likelihood: -9408.020
3. Current log-likelihood: -9382.620
4. Current log-likelihood: -9381.989
Optimal log-likelihood: -9381.950
Rate parameters:  A-C: 1.00000  A-G: 2.03339  A-T: 1.00000  C-G: 1.00000  C-T: 2.03339  G-T: 1.00000
Base frequencies:  A: 0.303  C: 0.203  G: 0.184  T: 0.310
Gamma shape alpha: 0.212
Parameters optimization took 4 rounds (0.039 sec)
Wrote distance file to... 
Computing ML distances based on estimated model parameters...
Calculating distance matrix: done in 0.00170775 secs using 99.96% CPU
Computing ML distances took 0.001766 sec (of wall-clock time) 0.001769 sec (of CPU time)
Setting up auxiliary I and S matrices: done in 8.4382e-05 secs using 99.55% CPU
Computing RapidNJ tree took 0.000299 sec (of wall-clock time) 0.000146 sec (of CPU time)
Log-likelihood of RapidNJ tree: -9382.571
--------------------------------------------------------------------
|             INITIALIZING CANDIDATE TREE SET                      |
--------------------------------------------------------------------
Generating 98 parsimony trees... 0.169 second
Computing log-likelihood of 98 initial trees ... 0.226 seconds
Current best score: -9381.950

Do NNI search on 20 best initial trees
Estimate model parameters (epsilon = 0.100)
BETTER TREE FOUND at iteration 1: -9375.140
UPDATE BEST LOG-LIKELIHOOD: -9375.140
UPDATE BEST LOG-LIKELIHOOD: -9375.140
UPDATE BEST LOG-LIKELIHOOD: -9375.140
Iteration 10 / LogL: -9375.140 / Time: 0h:0m:0s
Iteration 20 / LogL: -9375.140 / Time: 0h:0m:1s
Finish initializing candidate tree set (9)
Current best tree score: -9375.140 / CPU time: 1.299
Number of iterations: 20
--------------------------------------------------------------------
|               OPTIMIZING CANDIDATE TREE SET                      |
--------------------------------------------------------------------
Iteration 30 / LogL: -9375.140 / Time: 0h:0m:1s (0h:0m:4s left)
UPDATE BEST LOG-LIKELIHOOD: -9375.140
Iteration 40 / LogL: -9375.140 / Time: 0h:0m:2s (0h:0m:4s left)
Iteration 50 / LogL: -9375.140 / Time: 0h:0m:3s (0h:0m:4s left)
Iteration 60 / LogL: -9375.140 / Time: 0h:0m:4s (0h:0m:3s left)
Iteration 70 / LogL: -9375.141 / Time: 0h:0m:4s (0h:0m:2s left)
Iteration 80 / LogL: -9375.140 / Time: 0h:0m:5s (0h:0m:1s left)
Iteration 90 / LogL: -9375.140 / Time: 0h:0m:6s (0h:0m:0s left)
Iteration 100 / LogL: -9375.140 / Time: 0h:0m:6s (0h:0m:0s left)
TREE SEARCH COMPLETED AFTER 102 ITERATIONS / Time: 0h:0m:6s

--------------------------------------------------------------------
|                    FINALIZING TREE SEARCH                        |
--------------------------------------------------------------------
Performs final model parameters optimization
Estimate model parameters (epsilon = 0.010)
1. Initial log-likelihood: -9375.140
Optimal log-likelihood: -9375.140
Rate parameters:  A-C: 1.00000  A-G: 2.01675  A-T: 1.00000  C-G: 1.00000  C-T: 2.01675  G-T: 1.00000
Base frequencies:  A: 0.303  C: 0.203  G: 0.184  T: 0.310
Gamma shape alpha: 0.211
Parameters optimization took 1 rounds (0.005 sec)
BEST SCORE FOUND : -9375.140

Testing tree branches by aBayes parametric test...
0.007 sec.
Total tree length: 6.552

Total number of iterations: 102
CPU time used for tree search: 6.406 sec (0h:0m:6s)
Wall-clock time used for tree search: 6.527 sec (0h:0m:6s)
Total CPU time used: 6.477 sec (0h:0m:6s)
Total wall-clock time used: 6.600 sec (0h:0m:6s)

Analysis results written to: 
  IQ-TREE report:                /home/mis/CSE6406-project/work/paper_subset_50x10_L800/ils_high/replicate_07/estimated_gene_trees/L800/hky_g4/locus_0046.iqtree
  Maximum-likelihood tree:       /home/mis/CSE6406-project/work/paper_subset_50x10_L800/ils_high/replicate_07/estimated_gene_trees/L800/hky_g4/locus_0046.treefile
  Likelihood distances:          /home/mis/CSE6406-project/work/paper_subset_50x10_L800/ils_high/replicate_07/estimated_gene_trees/L800/hky_g4/locus_0046.mldist
  Screen log file:               /home/mis/CSE6406-project/work/paper_subset_50x10_L800/ils_high/replicate_07/estimated_gene_trees/L800/hky_g4/locus_0046.log

Date and Time: Sat Sep 12 20:02:33 2026
