IQ-TREE multicore version 2.4.0 for Linux x86 64-bit built Feb 12 2025
Developed by Bui Quang Minh, Nguyen Lam Tung, Olga Chernomor, Heiko Schmidt,
Dominik Schrempf, Michael Woodhams, Ly Trong Nhan, Thomas Wong

Host:    ezmata (AVX2, FMA3, 15 GB RAM)
Command: /home/mis/miniconda3/envs/cse6406/bin/iqtree2 -s /home/mis/CSE6406-project/work/paper_subset_50x10_L800/ils_high/replicate_07/alignments/L800/locus_0048.phy -m HKY+G4 --abayes -T 1 --seed 7106049 --prefix /home/mis/CSE6406-project/work/paper_subset_50x10_L800/ils_high/replicate_07/estimated_gene_trees/L800/hky_g4/locus_0048 --redo --quiet
Seed:    7106049 (Using SPRNG - Scalable Parallel Random Number Generator)
Time:    Sat Sep 12 20:02:29 2026
Kernel:  AVX+FMA - 1 threads (16 CPU cores detected)

HINT: Use -nt option to specify number of threads because your CPU has 16 cores!
HINT: -nt AUTO will automatically determine the best number of threads to use.

Reading alignment file /home/mis/CSE6406-project/work/paper_subset_50x10_L800/ils_high/replicate_07/alignments/L800/locus_0048.phy ... Phylip format detected
Alignment most likely contains DNA/RNA sequences
Alignment has 21 sequences with 800 columns, 425 distinct patterns
368 parsimony-informative, 65 singleton sites, 367 constant sites
        Gap/Ambiguity  Composition  p-value
Analyzing sequences: done in 4.4548e-05 secs using 96.53% CPU
   1  20_0_0    0.00%    passed     78.89%
   2  18_0_0    0.00%    passed     88.94%
   3  2_0_0     0.00%    passed     72.66%
   4  4_0_0     0.00%    passed     66.49%
   5  6_0_0     0.00%    passed     96.49%
   6  14_0_0    0.00%    passed     66.12%
   7  7_0_0     0.00%    passed     98.62%
   8  12_0_0    0.00%    passed     78.23%
   9  15_0_0    0.00%    passed     96.82%
  10  16_0_0    0.00%    passed     47.78%
  11  0_0_0     0.00%    passed     77.92%
  12  19_0_0    0.00%    passed     86.12%
  13  5_0_0     0.00%    passed     81.68%
  14  9_0_0     0.00%    passed     67.88%
  15  17_0_0    0.00%    passed     99.89%
  16  10_0_0    0.00%    passed     97.43%
  17  11_0_0    0.00%    passed     99.24%
  18  3_0_0     0.00%    passed     66.93%
  19  13_0_0    0.00%    passed     82.13%
  20  8_0_0     0.00%    passed     74.23%
  21  1_0_0     0.00%    passed     43.06%
****  TOTAL     0.00%  0 sequences failed composition chi2 test (p-value<5%; df=3)

Create initial parsimony tree by phylogenetic likelihood library (PLL)... 0.002 seconds

NOTE: 1 MB RAM (0 GB) is required!
Estimate model parameters (epsilon = 0.100)
1. Initial log-likelihood: -9979.533
2. Current log-likelihood: -9416.284
3. Current log-likelihood: -9382.508
4. Current log-likelihood: -9381.538
Optimal log-likelihood: -9381.462
Rate parameters:  A-C: 1.00000  A-G: 2.01940  A-T: 1.00000  C-G: 1.00000  C-T: 2.01940  G-T: 1.00000
Base frequencies:  A: 0.312  C: 0.185  G: 0.192  T: 0.311
Gamma shape alpha: 0.199
Parameters optimization took 4 rounds (0.080 sec)
Wrote distance file to... 
Computing ML distances based on estimated model parameters...
Calculating distance matrix: done in 0.00335923 secs using 99.73% CPU
Computing ML distances took 0.003469 sec (of wall-clock time) 0.003464 sec (of CPU time)
Setting up auxiliary I and S matrices: done in 6.6795e-05 secs using 98.81% CPU
Computing RapidNJ tree took 0.000249 sec (of wall-clock time) 0.000248 sec (of CPU time)
Log-likelihood of RapidNJ tree: -9381.820
--------------------------------------------------------------------
|             INITIALIZING CANDIDATE TREE SET                      |
--------------------------------------------------------------------
Generating 98 parsimony trees... 0.246 second
Computing log-likelihood of 98 initial trees ... 0.576 seconds
Current best score: -9381.462

Do NNI search on 20 best initial trees
Estimate model parameters (epsilon = 0.100)
BETTER TREE FOUND at iteration 1: -9375.880
Iteration 10 / LogL: -9375.884 / Time: 0h:0m:1s
UPDATE BEST LOG-LIKELIHOOD: -9375.880
Iteration 20 / LogL: -9375.906 / Time: 0h:0m:1s
Finish initializing candidate tree set (2)
Current best tree score: -9375.880 / CPU time: 1.643
Number of iterations: 20
--------------------------------------------------------------------
|               OPTIMIZING CANDIDATE TREE SET                      |
--------------------------------------------------------------------
Iteration 30 / LogL: -9375.881 / Time: 0h:0m:2s (0h:0m:5s left)
Iteration 40 / LogL: -9375.880 / Time: 0h:0m:2s (0h:0m:4s left)
Iteration 50 / LogL: -9375.883 / Time: 0h:0m:3s (0h:0m:3s left)
Iteration 60 / LogL: -9375.882 / Time: 0h:0m:3s (0h:0m:2s left)
Iteration 70 / LogL: -9375.880 / Time: 0h:0m:4s (0h:0m:1s left)
Iteration 80 / LogL: -9380.454 / Time: 0h:0m:4s (0h:0m:1s left)
Iteration 90 / LogL: -9375.881 / Time: 0h:0m:4s (0h:0m:0s left)
Iteration 100 / LogL: -9375.883 / Time: 0h:0m:5s (0h:0m:0s left)
TREE SEARCH COMPLETED AFTER 102 ITERATIONS / Time: 0h:0m:5s

--------------------------------------------------------------------
|                    FINALIZING TREE SEARCH                        |
--------------------------------------------------------------------
Performs final model parameters optimization
Estimate model parameters (epsilon = 0.010)
1. Initial log-likelihood: -9375.880
Optimal log-likelihood: -9375.880
Rate parameters:  A-C: 1.00000  A-G: 2.01449  A-T: 1.00000  C-G: 1.00000  C-T: 2.01449  G-T: 1.00000
Base frequencies:  A: 0.312  C: 0.185  G: 0.192  T: 0.311
Gamma shape alpha: 0.197
Parameters optimization took 1 rounds (0.006 sec)
BEST SCORE FOUND : -9375.880

Testing tree branches by aBayes parametric test...
0.009 sec.
Total tree length: 7.084

Total number of iterations: 102
CPU time used for tree search: 5.532 sec (0h:0m:5s)
Wall-clock time used for tree search: 5.629 sec (0h:0m:5s)
Total CPU time used: 5.662 sec (0h:0m:5s)
Total wall-clock time used: 5.761 sec (0h:0m:5s)

Analysis results written to: 
  IQ-TREE report:                /home/mis/CSE6406-project/work/paper_subset_50x10_L800/ils_high/replicate_07/estimated_gene_trees/L800/hky_g4/locus_0048.iqtree
  Maximum-likelihood tree:       /home/mis/CSE6406-project/work/paper_subset_50x10_L800/ils_high/replicate_07/estimated_gene_trees/L800/hky_g4/locus_0048.treefile
  Likelihood distances:          /home/mis/CSE6406-project/work/paper_subset_50x10_L800/ils_high/replicate_07/estimated_gene_trees/L800/hky_g4/locus_0048.mldist
  Screen log file:               /home/mis/CSE6406-project/work/paper_subset_50x10_L800/ils_high/replicate_07/estimated_gene_trees/L800/hky_g4/locus_0048.log

Date and Time: Sat Sep 12 20:02:35 2026
