IQ-TREE multicore version 2.4.0 for Linux x86 64-bit built Feb 12 2025
Developed by Bui Quang Minh, Nguyen Lam Tung, Olga Chernomor, Heiko Schmidt,
Dominik Schrempf, Michael Woodhams, Ly Trong Nhan, Thomas Wong

Host:    ezmata (AVX2, FMA3, 15 GB RAM)
Command: /home/mis/miniconda3/envs/cse6406/bin/iqtree2 -s /home/mis/CSE6406-project/work/paper_subset_50x10_L800/ils_high/replicate_07/alignments/L800/locus_0009.phy -m HKY+G4 --abayes -T 1 --seed 7106010 --prefix /home/mis/CSE6406-project/work/paper_subset_50x10_L800/ils_high/replicate_07/estimated_gene_trees/L800/hky_g4/locus_0009 --redo --quiet
Seed:    7106010 (Using SPRNG - Scalable Parallel Random Number Generator)
Time:    Sat Sep 12 20:01:55 2026
Kernel:  AVX+FMA - 1 threads (16 CPU cores detected)

HINT: Use -nt option to specify number of threads because your CPU has 16 cores!
HINT: -nt AUTO will automatically determine the best number of threads to use.

Reading alignment file /home/mis/CSE6406-project/work/paper_subset_50x10_L800/ils_high/replicate_07/alignments/L800/locus_0009.phy ... Phylip format detected
Alignment most likely contains DNA/RNA sequences
Alignment has 21 sequences with 800 columns, 391 distinct patterns
324 parsimony-informative, 72 singleton sites, 404 constant sites
        Gap/Ambiguity  Composition  p-value
Analyzing sequences: done in 6.3249e-05 secs using 98.03% CPU
   1  0_0_0     0.00%    passed     91.48%
   2  18_0_0    0.00%    passed     73.90%
   3  20_0_0    0.00%    passed     98.28%
   4  19_0_0    0.00%    passed     67.00%
   5  4_0_0     0.00%    passed     84.37%
   6  2_0_0     0.00%    passed     85.72%
   7  6_0_0     0.00%    passed     71.08%
   8  8_0_0     0.00%    passed     85.76%
   9  5_0_0     0.00%    passed     30.26%
  10  1_0_0     0.00%    passed     94.66%
  11  15_0_0    0.00%    passed     80.00%
  12  3_0_0     0.00%    passed     87.56%
  13  16_0_0    0.00%    passed     71.67%
  14  13_0_0    0.00%    passed     99.34%
  15  9_0_0     0.00%    passed     91.23%
  16  11_0_0    0.00%    passed     93.41%
  17  10_0_0    0.00%    passed     98.26%
  18  17_0_0    0.00%    passed     86.49%
  19  14_0_0    0.00%    passed     71.80%
  20  7_0_0     0.00%    passed     86.22%
  21  12_0_0    0.00%    passed     73.96%
****  TOTAL     0.00%  0 sequences failed composition chi2 test (p-value<5%; df=3)

Create initial parsimony tree by phylogenetic likelihood library (PLL)... 0.002 seconds

NOTE: 1 MB RAM (0 GB) is required!
Estimate model parameters (epsilon = 0.100)
1. Initial log-likelihood: -9678.565
2. Current log-likelihood: -9051.190
3. Current log-likelihood: -9018.017
4. Current log-likelihood: -9017.021
Optimal log-likelihood: -9016.965
Rate parameters:  A-C: 1.00000  A-G: 2.06891  A-T: 1.00000  C-G: 1.00000  C-T: 2.06891  G-T: 1.00000
Base frequencies:  A: 0.307  C: 0.178  G: 0.201  T: 0.314
Gamma shape alpha: 0.188
Parameters optimization took 4 rounds (0.090 sec)
Wrote distance file to... 
Computing ML distances based on estimated model parameters...
Calculating distance matrix: done in 0.00333123 secs using 99.75% CPU
Computing ML distances took 0.003440 sec (of wall-clock time) 0.003434 sec (of CPU time)
Setting up auxiliary I and S matrices: done in 6.8859e-05 secs using 98.75% CPU
Computing RapidNJ tree took 0.000283 sec (of wall-clock time) 0.000556 sec (of CPU time)
Log-likelihood of RapidNJ tree: -9024.769
--------------------------------------------------------------------
|             INITIALIZING CANDIDATE TREE SET                      |
--------------------------------------------------------------------
Generating 98 parsimony trees... 0.286 second
Computing log-likelihood of 98 initial trees ... 0.536 seconds
Current best score: -9016.965

Do NNI search on 20 best initial trees
Estimate model parameters (epsilon = 0.100)
BETTER TREE FOUND at iteration 1: -9007.364
Estimate model parameters (epsilon = 0.100)
BETTER TREE FOUND at iteration 2: -9003.268
Iteration 10 / LogL: -9003.370 / Time: 0h:0m:1s
Iteration 20 / LogL: -9007.405 / Time: 0h:0m:1s
Finish initializing candidate tree set (2)
Current best tree score: -9003.268 / CPU time: 1.393
Number of iterations: 20
--------------------------------------------------------------------
|               OPTIMIZING CANDIDATE TREE SET                      |
--------------------------------------------------------------------
Iteration 30 / LogL: -9007.378 / Time: 0h:0m:1s (0h:0m:4s left)
Iteration 40 / LogL: -9007.391 / Time: 0h:0m:2s (0h:0m:3s left)
Iteration 50 / LogL: -9003.278 / Time: 0h:0m:2s (0h:0m:2s left)
Iteration 60 / LogL: -9007.401 / Time: 0h:0m:2s (0h:0m:1s left)
Iteration 70 / LogL: -9003.287 / Time: 0h:0m:3s (0h:0m:1s left)
Iteration 80 / LogL: -9003.272 / Time: 0h:0m:3s (0h:0m:0s left)
Iteration 90 / LogL: -9007.371 / Time: 0h:0m:3s (0h:0m:0s left)
Iteration 100 / LogL: -9007.366 / Time: 0h:0m:4s (0h:0m:0s left)
TREE SEARCH COMPLETED AFTER 103 ITERATIONS / Time: 0h:0m:4s

--------------------------------------------------------------------
|                    FINALIZING TREE SEARCH                        |
--------------------------------------------------------------------
Performs final model parameters optimization
Estimate model parameters (epsilon = 0.010)
1. Initial log-likelihood: -9003.268
Optimal log-likelihood: -9003.267
Rate parameters:  A-C: 1.00000  A-G: 2.06858  A-T: 1.00000  C-G: 1.00000  C-T: 2.06858  G-T: 1.00000
Base frequencies:  A: 0.307  C: 0.178  G: 0.201  T: 0.314
Gamma shape alpha: 0.186
Parameters optimization took 1 rounds (0.005 sec)
BEST SCORE FOUND : -9003.267

Testing tree branches by aBayes parametric test...
0.008 sec.
Total tree length: 7.127

Total number of iterations: 103
CPU time used for tree search: 3.980 sec (0h:0m:3s)
Wall-clock time used for tree search: 4.081 sec (0h:0m:4s)
Total CPU time used: 4.126 sec (0h:0m:4s)
Total wall-clock time used: 4.230 sec (0h:0m:4s)

Analysis results written to: 
  IQ-TREE report:                /home/mis/CSE6406-project/work/paper_subset_50x10_L800/ils_high/replicate_07/estimated_gene_trees/L800/hky_g4/locus_0009.iqtree
  Maximum-likelihood tree:       /home/mis/CSE6406-project/work/paper_subset_50x10_L800/ils_high/replicate_07/estimated_gene_trees/L800/hky_g4/locus_0009.treefile
  Likelihood distances:          /home/mis/CSE6406-project/work/paper_subset_50x10_L800/ils_high/replicate_07/estimated_gene_trees/L800/hky_g4/locus_0009.mldist
  Screen log file:               /home/mis/CSE6406-project/work/paper_subset_50x10_L800/ils_high/replicate_07/estimated_gene_trees/L800/hky_g4/locus_0009.log

Date and Time: Sat Sep 12 20:02:00 2026
