IQ-TREE multicore version 2.4.0 for Linux x86 64-bit built Feb 12 2025
Developed by Bui Quang Minh, Nguyen Lam Tung, Olga Chernomor, Heiko Schmidt,
Dominik Schrempf, Michael Woodhams, Ly Trong Nhan, Thomas Wong

Host:    ezmata (AVX2, FMA3, 15 GB RAM)
Command: /home/mis/miniconda3/envs/cse6406/bin/iqtree2 -s /home/mis/CSE6406-project/work/paper_subset_50x10_L1600/ils_high/replicate_08/alignments/L1600/locus_0046.phy -m JC --abayes -T 1 --seed 7206047 --prefix /home/mis/CSE6406-project/work/paper_subset_50x10_L1600/ils_high/replicate_08/estimated_gene_trees/L1600/jc/locus_0046 --redo --quiet
Seed:    7206047 (Using SPRNG - Scalable Parallel Random Number Generator)
Time:    Sat Sep 12 22:02:39 2026
Kernel:  AVX+FMA - 1 threads (16 CPU cores detected)

HINT: Use -nt option to specify number of threads because your CPU has 16 cores!
HINT: -nt AUTO will automatically determine the best number of threads to use.

Reading alignment file /home/mis/CSE6406-project/work/paper_subset_50x10_L1600/ils_high/replicate_08/alignments/L1600/locus_0046.phy ... Phylip format detected
Alignment most likely contains DNA/RNA sequences
Alignment has 21 sequences with 1600 columns, 848 distinct patterns
719 parsimony-informative, 163 singleton sites, 718 constant sites
        Gap/Ambiguity  Composition  p-value
Analyzing sequences: done in 0.000117029 secs using 98.27% CPU
   1  2_0_0     0.00%    passed     52.59%
   2  7_0_0     0.00%    passed     52.56%
   3  3_0_0     0.00%    passed     92.35%
   4  15_0_0    0.00%    passed     92.46%
   5  19_0_0    0.00%    passed     97.25%
   6  20_0_0    0.00%    passed     59.34%
   7  13_0_0    0.00%    passed     92.55%
   8  11_0_0    0.00%    passed     88.56%
   9  5_0_0     0.00%    passed     94.84%
  10  10_0_0    0.00%    passed     60.77%
  11  9_0_0     0.00%    passed     92.58%
  12  14_0_0    0.00%    passed     82.90%
  13  4_0_0     0.00%    passed     96.47%
  14  6_0_0     0.00%    passed     96.39%
  15  12_0_0    0.00%    passed     94.70%
  16  16_0_0    0.00%    passed     55.79%
  17  8_0_0     0.00%    passed     92.81%
  18  18_0_0    0.00%    passed     84.70%
  19  17_0_0    0.00%    passed     79.63%
  20  1_0_0     0.00%    passed     68.51%
  21  0_0_0     0.00%    passed     65.14%
****  TOTAL     0.00%  0 sequences failed composition chi2 test (p-value<5%; df=3)

Create initial parsimony tree by phylogenetic likelihood library (PLL)... 0.005 seconds

NOTE: 0 MB RAM (0 GB) is required!
Estimate model parameters (epsilon = 0.100)
1. Initial log-likelihood: -24012.793
Optimal log-likelihood: -23941.579
Rate parameters:  A-C: 1.00000  A-G: 1.00000  A-T: 1.00000  C-G: 1.00000  C-T: 1.00000  G-T: 1.00000
Base frequencies:  A: 0.250  C: 0.250  G: 0.250  T: 0.250
Parameters optimization took 1 rounds (0.010 sec)
Wrote distance file to... 
Computing ML distances based on estimated model parameters...
Calculating distance matrix: done in 0.00230134 secs using 98.25% CPU
Computing ML distances took 0.002502 sec (of wall-clock time) 0.002439 sec (of CPU time)
Setting up auxiliary I and S matrices: done in 6.5721e-05 secs using 98.9% CPU
Computing RapidNJ tree took 0.000276 sec (of wall-clock time) 0.000535 sec (of CPU time)
Log-likelihood of RapidNJ tree: -24009.463
--------------------------------------------------------------------
|             INITIALIZING CANDIDATE TREE SET                      |
--------------------------------------------------------------------
Generating 98 parsimony trees... 0.552 second
Computing log-likelihood of 98 initial trees ... 0.378 seconds
Current best score: -23939.821

Do NNI search on 20 best initial trees
Estimate model parameters (epsilon = 0.100)
BETTER TREE FOUND at iteration 1: -23937.939
Estimate model parameters (epsilon = 0.100)
BETTER TREE FOUND at iteration 2: -23927.271
Estimate model parameters (epsilon = 0.100)
BETTER TREE FOUND at iteration 5: -23927.101
Iteration 10 / LogL: -23933.523 / Time: 0h:0m:1s
Iteration 20 / LogL: -23932.118 / Time: 0h:0m:1s
Finish initializing candidate tree set (14)
Current best tree score: -23927.101 / CPU time: 1.555
Number of iterations: 20
--------------------------------------------------------------------
|               OPTIMIZING CANDIDATE TREE SET                      |
--------------------------------------------------------------------
Iteration 30 / LogL: -23928.642 / Time: 0h:0m:2s (0h:0m:5s left)
Iteration 40 / LogL: -23932.133 / Time: 0h:0m:2s (0h:0m:4s left)
Iteration 50 / LogL: -23932.047 / Time: 0h:0m:3s (0h:0m:3s left)
Iteration 60 / LogL: -23961.405 / Time: 0h:0m:3s (0h:0m:2s left)
Iteration 70 / LogL: -23927.283 / Time: 0h:0m:4s (0h:0m:2s left)
Iteration 80 / LogL: -23928.195 / Time: 0h:0m:4s (0h:0m:1s left)
Iteration 90 / LogL: -23982.114 / Time: 0h:0m:5s (0h:0m:0s left)
Iteration 100 / LogL: -23932.082 / Time: 0h:0m:5s (0h:0m:0s left)
TREE SEARCH COMPLETED AFTER 106 ITERATIONS / Time: 0h:0m:6s

--------------------------------------------------------------------
|                    FINALIZING TREE SEARCH                        |
--------------------------------------------------------------------
Performs final model parameters optimization
Estimate model parameters (epsilon = 0.010)
1. Initial log-likelihood: -23927.101
Optimal log-likelihood: -23927.101
Rate parameters:  A-C: 1.00000  A-G: 1.00000  A-T: 1.00000  C-G: 1.00000  C-T: 1.00000  G-T: 1.00000
Base frequencies:  A: 0.250  C: 0.250  G: 0.250  T: 0.250
Parameters optimization took 1 rounds (0.006 sec)
BEST SCORE FOUND : -23927.101

Testing tree branches by aBayes parametric test...
0.017 sec.
Total tree length: 3.733

Total number of iterations: 106
CPU time used for tree search: 5.964 sec (0h:0m:5s)
Wall-clock time used for tree search: 6.126 sec (0h:0m:6s)
Total CPU time used: 6.034 sec (0h:0m:6s)
Total wall-clock time used: 6.203 sec (0h:0m:6s)

Analysis results written to: 
  IQ-TREE report:                /home/mis/CSE6406-project/work/paper_subset_50x10_L1600/ils_high/replicate_08/estimated_gene_trees/L1600/jc/locus_0046.iqtree
  Maximum-likelihood tree:       /home/mis/CSE6406-project/work/paper_subset_50x10_L1600/ils_high/replicate_08/estimated_gene_trees/L1600/jc/locus_0046.treefile
  Likelihood distances:          /home/mis/CSE6406-project/work/paper_subset_50x10_L1600/ils_high/replicate_08/estimated_gene_trees/L1600/jc/locus_0046.mldist
  Screen log file:               /home/mis/CSE6406-project/work/paper_subset_50x10_L1600/ils_high/replicate_08/estimated_gene_trees/L1600/jc/locus_0046.log

Date and Time: Sat Sep 12 22:02:45 2026
