IQ-TREE multicore version 2.4.0 for Linux x86 64-bit built Feb 12 2025
Developed by Bui Quang Minh, Nguyen Lam Tung, Olga Chernomor, Heiko Schmidt,
Dominik Schrempf, Michael Woodhams, Ly Trong Nhan, Thomas Wong

Host:    ezmata (AVX2, FMA3, 15 GB RAM)
Command: /home/mis/miniconda3/envs/cse6406/bin/iqtree2 -s /home/mis/CSE6406-project/work/paper_subset_10x2_L200_800/ils_high/replicate_01/alignments/L200/locus_0010.phy -m HKY+G4 --abayes -T AUTO --seed 6506011 --prefix /home/mis/CSE6406-project/work/paper_subset_10x2_L200_800/ils_high/replicate_01/estimated_gene_trees/L200/hky_g4/locus_0010 --redo --quiet
Seed:    6506011 (Using SPRNG - Scalable Parallel Random Number Generator)
Time:    Thu Sep 10 18:34:33 2026
Kernel:  AVX+FMA - auto-detect threads (16 CPU cores detected)

Reading alignment file /home/mis/CSE6406-project/work/paper_subset_10x2_L200_800/ils_high/replicate_01/alignments/L200/locus_0010.phy ... Phylip format detected
Alignment most likely contains DNA/RNA sequences
Alignment has 21 sequences with 200 columns, 13 distinct patterns
3 parsimony-informative, 6 singleton sites, 191 constant sites
        Gap/Ambiguity  Composition  p-value
Analyzing sequences: done in 0.000139135 secs using 37.37% CPU
   1  6_0_0     0.00%    passed     99.98%
   2  13_0_0    0.00%    passed     99.98%
   3  12_0_0    0.00%    passed     99.98%
   4  9_0_0     0.00%    passed     99.98%
   5  10_0_0    0.00%    passed     99.98%
   6  15_0_0    0.00%    passed     99.98%
   7  17_0_0    0.00%    passed     99.98%
   8  18_0_0    0.00%    passed     99.98%
   9  3_0_0     0.00%    passed     98.79%
  10  2_0_0     0.00%    passed     99.92%
  11  1_0_0     0.00%    passed     99.90%
  12  4_0_0     0.00%    passed     99.39%
  13  16_0_0    0.00%    passed     99.43%
  14  14_0_0    0.00%    passed     99.92%
  15  8_0_0     0.00%    passed     99.98%
  16  20_0_0    0.00%    passed     99.92%
  17  19_0_0    0.00%    passed     99.85%
  18  7_0_0     0.00%    passed     99.98%
  19  11_0_0    0.00%    passed     99.92%
  20  5_0_0     0.00%    passed     99.72%
  21  0_0_0     0.00%    passed     99.39%
****  TOTAL     0.00%  0 sequences failed composition chi2 test (p-value<5%; df=3)
NOTE: 13_0_0 is identical to 6_0_0 but kept for subsequent analysis
NOTE: 8 identical sequences (see below) will be ignored for subsequent analysis
NOTE: 12_0_0 (identical to 6_0_0) is ignored but added at the end
NOTE: 9_0_0 (identical to 6_0_0) is ignored but added at the end
NOTE: 10_0_0 (identical to 6_0_0) is ignored but added at the end
NOTE: 15_0_0 (identical to 6_0_0) is ignored but added at the end
NOTE: 17_0_0 (identical to 6_0_0) is ignored but added at the end
NOTE: 18_0_0 (identical to 6_0_0) is ignored but added at the end
NOTE: 8_0_0 (identical to 6_0_0) is ignored but added at the end
NOTE: 7_0_0 (identical to 6_0_0) is ignored but added at the end
Alignment was printed to /home/mis/CSE6406-project/work/paper_subset_10x2_L200_800/ils_high/replicate_01/estimated_gene_trees/L200/hky_g4/locus_0010.uniqueseq.phy

For your convenience alignment with unique sequences printed to /home/mis/CSE6406-project/work/paper_subset_10x2_L200_800/ils_high/replicate_01/estimated_gene_trees/L200/hky_g4/locus_0010.uniqueseq.phy

Create initial parsimony tree by phylogenetic likelihood library (PLL)... 0.000 seconds

NOTE: 0 MB RAM (0 GB) is required!
Measuring multi-threading efficiency up to 16 CPU cores
Increase to 10 rounds for branch lengths
76299 trees examined
Threads: 1 / Time: 16.000 sec / Speedup: 1.000 / Efficiency: 100% / LogL: -370
WARNING: 2 threads for alignment length 13 will slow down analysis
Threads: 2 / Time: 13.240 sec / Speedup: 1.208 / Efficiency: 60% / LogL: -370
WARNING: 3 threads for alignment length 13 will slow down analysis
Threads: 3 / Time: 13.233 sec / Speedup: 1.209 / Efficiency: 40% / LogL: -370
BEST NUMBER OF THREADS: 2

WARNING: 2 threads for alignment length 13 will slow down analysis
Estimate model parameters (epsilon = 0.100)
1. Initial log-likelihood: -352.325
2. Current log-likelihood: -350.865
Optimal log-likelihood: -350.862
Rate parameters:  A-C: 1.00000  A-G: 1.75040  A-T: 1.00000  C-G: 1.00000  C-T: 1.75040  G-T: 1.00000
Base frequencies:  A: 0.267  C: 0.221  G: 0.168  T: 0.344
Gamma shape alpha: 0.020
Parameters optimization took 2 rounds (0.001 sec)
Wrote distance file to... 
Computing ML distances based on estimated model parameters...
Calculating distance matrix: done in 0.00047803 secs using 180.3% CPU
Computing ML distances took 0.000625 sec (of wall-clock time) 0.000911 sec (of CPU time)
Setting up auxiliary I and S matrices: done in 0.000128464 secs using 126.1% CPU
Computing RapidNJ tree took 0.001359 sec (of wall-clock time) 0.000789 sec (of CPU time)
Log-likelihood of RapidNJ tree: -350.434
--------------------------------------------------------------------
|             INITIALIZING CANDIDATE TREE SET                      |
--------------------------------------------------------------------
Generating 98 parsimony trees... 0.010 second
Computing log-likelihood of 98 initial trees ... 0.012 seconds
Current best score: -350.122

Do NNI search on 20 best initial trees
Estimate model parameters (epsilon = 0.100)
BETTER TREE FOUND at iteration 1: -349.938
Iteration 10 / LogL: -349.938 / Time: 0h:0m:42s
Iteration 20 / LogL: -350.397 / Time: 0h:0m:42s
Finish initializing candidate tree set (20)
Current best tree score: -349.938 / CPU time: 0.039
Number of iterations: 20
--------------------------------------------------------------------
|               OPTIMIZING CANDIDATE TREE SET                      |
--------------------------------------------------------------------
BETTER TREE FOUND at iteration 26: -349.938
BETTER TREE FOUND at iteration 28: -349.938
Iteration 30 / LogL: -349.938 / Time: 0h:0m:42s (0h:2m:23s left)
Iteration 40 / LogL: -349.938 / Time: 0h:0m:42s (0h:1m:35s left)
Iteration 50 / LogL: -349.938 / Time: 0h:0m:42s (0h:1m:7s left)
BETTER TREE FOUND at iteration 55: -349.938
Iteration 60 / LogL: -354.801 / Time: 0h:0m:42s (0h:1m:8s left)
Iteration 70 / LogL: -349.938 / Time: 0h:0m:42s (0h:0m:52s left)
Iteration 80 / LogL: -349.938 / Time: 0h:0m:42s (0h:0m:40s left)
BETTER TREE FOUND at iteration 88: -349.938
BETTER TREE FOUND at iteration 90: -349.938
Iteration 90 / LogL: -349.938 / Time: 0h:0m:42s (0h:0m:47s left)
Iteration 100 / LogL: -353.894 / Time: 0h:0m:42s (0h:0m:38s left)
Iteration 110 / LogL: -351.041 / Time: 0h:0m:42s (0h:0m:31s left)
Iteration 120 / LogL: -349.938 / Time: 0h:0m:42s (0h:0m:25s left)
Iteration 130 / LogL: -349.938 / Time: 0h:0m:42s (0h:0m:19s left)
Iteration 140 / LogL: -349.938 / Time: 0h:0m:42s (0h:0m:15s left)
Iteration 150 / LogL: -349.938 / Time: 0h:0m:42s (0h:0m:11s left)
Iteration 160 / LogL: -349.938 / Time: 0h:0m:42s (0h:0m:8s left)
Iteration 170 / LogL: -349.938 / Time: 0h:0m:42s (0h:0m:5s left)
Iteration 180 / LogL: -349.938 / Time: 0h:0m:42s (0h:0m:2s left)
Iteration 190 / LogL: -349.938 / Time: 0h:0m:42s (0h:0m:0s left)
TREE SEARCH COMPLETED AFTER 191 ITERATIONS / Time: 0h:0m:42s

--------------------------------------------------------------------
|                    FINALIZING TREE SEARCH                        |
--------------------------------------------------------------------
Performs final model parameters optimization
Estimate model parameters (epsilon = 0.010)
1. Initial log-likelihood: -349.938
Optimal log-likelihood: -349.938
Rate parameters:  A-C: 1.00000  A-G: 2.53067  A-T: 1.00000  C-G: 1.00000  C-T: 2.53067  G-T: 1.00000
Base frequencies:  A: 0.267  C: 0.221  G: 0.168  T: 0.344
Gamma shape alpha: 0.020
Parameters optimization took 1 rounds (0.000 sec)
BEST SCORE FOUND : -349.938

Testing tree branches by aBayes parametric test...
0.001 sec.
Total tree length: 0.057

Total number of iterations: 191
CPU time used for tree search: 0.194 sec (0h:0m:0s)
Wall-clock time used for tree search: 0.239 sec (0h:0m:0s)
Total CPU time used: 39.050 sec (0h:0m:39s)
Total wall-clock time used: 42.726 sec (0h:0m:42s)

Analysis results written to: 
  IQ-TREE report:                /home/mis/CSE6406-project/work/paper_subset_10x2_L200_800/ils_high/replicate_01/estimated_gene_trees/L200/hky_g4/locus_0010.iqtree
  Maximum-likelihood tree:       /home/mis/CSE6406-project/work/paper_subset_10x2_L200_800/ils_high/replicate_01/estimated_gene_trees/L200/hky_g4/locus_0010.treefile
  Likelihood distances:          /home/mis/CSE6406-project/work/paper_subset_10x2_L200_800/ils_high/replicate_01/estimated_gene_trees/L200/hky_g4/locus_0010.mldist
  Screen log file:               /home/mis/CSE6406-project/work/paper_subset_10x2_L200_800/ils_high/replicate_01/estimated_gene_trees/L200/hky_g4/locus_0010.log

Date and Time: Thu Sep 10 18:35:16 2026
