IQ-TREE multicore version 2.4.0 for MacOS ARM 64-bit built Feb 12 2025
Developed by Bui Quang Minh, Nguyen Lam Tung, Olga Chernomor, Heiko Schmidt,
Dominik Schrempf, Michael Woodhams, Ly Trong Nhan, Thomas Wong

Host:    Fahims-MacBook-Air.local (SSE4.2, 16 GB RAM)
Command: /Users/fahim/miniconda3/envs/cse6406/bin/iqtree2 -s /Users/fahim/CSE6406-project/work/paper_subset_50x10_L1600/ils_low/replicate_09/alignments/L1600/locus_0037.phy -m JC --abayes -T AUTO --seed 7306038 --prefix /Users/fahim/CSE6406-project/work/paper_subset_50x10_L1600/ils_low/replicate_09/estimated_gene_trees/L1600/jc/locus_0037 --redo --quiet
Seed:    7306038 (Using SPRNG - Scalable Parallel Random Number Generator)
Time:    Fri Sep 11 20:31:47 2026
Kernel:  SSE2 - auto-detect threads (10 CPU cores detected)

Reading alignment file /Users/fahim/CSE6406-project/work/paper_subset_50x10_L1600/ils_low/replicate_09/alignments/L1600/locus_0037.phy ... Phylip format detected
Alignment most likely contains DNA/RNA sequences
Alignment has 21 sequences with 1600 columns, 938 distinct patterns
834 parsimony-informative, 153 singleton sites, 613 constant sites
        Gap/Ambiguity  Composition  p-value
Analyzing sequences: done in 3.8147e-05 secs using 157.3% CPU
   1  16_0_0    0.00%    passed     73.84%
   2  8_0_0     0.00%    passed     61.61%
   3  7_0_0     0.00%    passed     92.73%
   4  5_0_0     0.00%    passed     97.16%
   5  15_0_0    0.00%    passed     46.54%
   6  17_0_0    0.00%    passed     67.97%
   7  18_0_0    0.00%    passed     80.55%
   8  10_0_0    0.00%    passed     55.49%
   9  2_0_0     0.00%    passed     75.49%
  10  13_0_0    0.00%    passed     98.25%
  11  14_0_0    0.00%    passed     91.91%
  12  4_0_0     0.00%    passed     88.34%
  13  11_0_0    0.00%    passed     76.08%
  14  6_0_0     0.00%    passed     73.32%
  15  19_0_0    0.00%    passed     94.82%
  16  20_0_0    0.00%    passed     48.04%
  17  12_0_0    0.00%    passed     47.41%
  18  9_0_0     0.00%    passed     84.69%
  19  3_0_0     0.00%    passed     89.30%
  20  1_0_0     0.00%    passed     24.15%
  21  0_0_0     0.00%    passed     35.64%
****  TOTAL     0.00%  0 sequences failed composition chi2 test (p-value<5%; df=3)

Create initial parsimony tree by phylogenetic likelihood library (PLL)... 0.001 seconds

NOTE: 0 MB RAM (0 GB) is required!
Measuring multi-threading efficiency up to 10 CPU cores
Increase to 10 rounds for branch lengths
2534 trees examined
Threads: 1 / Time: 10.003 sec / Speedup: 1.000 / Efficiency: 100% / LogL: -28580
Threads: 2 / Time: 18.987 sec / Speedup: 0.527 / Efficiency: 26% / LogL: -28580
BEST NUMBER OF THREADS: 1

Estimate model parameters (epsilon = 0.100)
1. Initial log-likelihood: -26063.632
Optimal log-likelihood: -25944.568
Rate parameters:  A-C: 1.00000  A-G: 1.00000  A-T: 1.00000  C-G: 1.00000  C-T: 1.00000  G-T: 1.00000
Base frequencies:  A: 0.250  C: 0.250  G: 0.250  T: 0.250
Parameters optimization took 1 rounds (0.002 sec)
Wrote distance file to... 
Computing ML distances based on estimated model parameters...
Calculating distance matrix: done in 0.000470877 secs using 98.11% CPU
Computing ML distances took 0.000525 sec (of wall-clock time) 0.000505 sec (of CPU time)
Setting up auxiliary I and S matrices: done in 1.69277e-05 secs using 70.89% CPU
Computing RapidNJ tree took 0.000065 sec (of wall-clock time) 0.000065 sec (of CPU time)
Log-likelihood of RapidNJ tree: -25997.752
--------------------------------------------------------------------
|             INITIALIZING CANDIDATE TREE SET                      |
--------------------------------------------------------------------
Generating 98 parsimony trees... 0.096 second
Computing log-likelihood of 98 initial trees ... 0.071 seconds
Current best score: -25930.763

Do NNI search on 20 best initial trees
Estimate model parameters (epsilon = 0.100)
BETTER TREE FOUND at iteration 1: -25921.730
Iteration 10 / LogL: -25936.671 / Time: 0h:0m:29s
Iteration 20 / LogL: -25940.302 / Time: 0h:0m:29s
Finish initializing candidate tree set (6)
Current best tree score: -25921.730 / CPU time: 0.326
Number of iterations: 20
--------------------------------------------------------------------
|               OPTIMIZING CANDIDATE TREE SET                      |
--------------------------------------------------------------------
Iteration 30 / LogL: -25936.321 / Time: 0h:0m:29s (0h:1m:12s left)
Iteration 40 / LogL: -25921.748 / Time: 0h:0m:29s (0h:0m:46s left)
Iteration 50 / LogL: -25934.261 / Time: 0h:0m:29s (0h:0m:30s left)
Iteration 60 / LogL: -25921.869 / Time: 0h:0m:29s (0h:0m:20s left)
Iteration 70 / LogL: -25921.772 / Time: 0h:0m:29s (0h:0m:13s left)
Iteration 80 / LogL: -25934.202 / Time: 0h:0m:29s (0h:0m:7s left)
Iteration 90 / LogL: -25922.264 / Time: 0h:0m:29s (0h:0m:3s left)
Iteration 100 / LogL: -25934.217 / Time: 0h:0m:30s (0h:0m:0s left)
TREE SEARCH COMPLETED AFTER 102 ITERATIONS / Time: 0h:0m:30s

--------------------------------------------------------------------
|                    FINALIZING TREE SEARCH                        |
--------------------------------------------------------------------
Performs final model parameters optimization
Estimate model parameters (epsilon = 0.010)
1. Initial log-likelihood: -25921.730
Optimal log-likelihood: -25921.729
Rate parameters:  A-C: 1.00000  A-G: 1.00000  A-T: 1.00000  C-G: 1.00000  C-T: 1.00000  G-T: 1.00000
Base frequencies:  A: 0.250  C: 0.250  G: 0.250  T: 0.250
Parameters optimization took 1 rounds (0.001 sec)
BEST SCORE FOUND : -25921.729

Testing tree branches by aBayes parametric test...
0.002 sec.
Total tree length: 4.455

Total number of iterations: 102
CPU time used for tree search: 1.083 sec (0h:0m:1s)
Wall-clock time used for tree search: 1.087 sec (0h:0m:1s)
Total CPU time used: 26.716 sec (0h:0m:26s)
Total wall-clock time used: 30.091 sec (0h:0m:30s)

Analysis results written to: 
  IQ-TREE report:                /Users/fahim/CSE6406-project/work/paper_subset_50x10_L1600/ils_low/replicate_09/estimated_gene_trees/L1600/jc/locus_0037.iqtree
  Maximum-likelihood tree:       /Users/fahim/CSE6406-project/work/paper_subset_50x10_L1600/ils_low/replicate_09/estimated_gene_trees/L1600/jc/locus_0037.treefile
  Likelihood distances:          /Users/fahim/CSE6406-project/work/paper_subset_50x10_L1600/ils_low/replicate_09/estimated_gene_trees/L1600/jc/locus_0037.mldist
  Screen log file:               /Users/fahim/CSE6406-project/work/paper_subset_50x10_L1600/ils_low/replicate_09/estimated_gene_trees/L1600/jc/locus_0037.log

Date and Time: Fri Sep 11 20:32:17 2026
