IQ-TREE multicore version 2.4.0 for MacOS ARM 64-bit built Feb 12 2025
Developed by Bui Quang Minh, Nguyen Lam Tung, Olga Chernomor, Heiko Schmidt,
Dominik Schrempf, Michael Woodhams, Ly Trong Nhan, Thomas Wong

Host:    Fahims-MacBook-Air.local (SSE4.2, 16 GB RAM)
Command: /Users/fahim/miniconda3/envs/cse6406/bin/iqtree2 -s /Users/fahim/CSE6406-project/work/paper_subset_7x2_L1600/ils_low/replicate_02/alignments/L1600/locus_0005.phy -m HKY+G4 --abayes -T AUTO --seed 6606006 --prefix /Users/fahim/CSE6406-project/work/paper_subset_7x2_L1600/ils_low/replicate_02/estimated_gene_trees/L1600/hky_g4/locus_0005 --redo --quiet
Seed:    6606006 (Using SPRNG - Scalable Parallel Random Number Generator)
Time:    Thu Sep 10 14:50:47 2026
Kernel:  SSE2 - auto-detect threads (10 CPU cores detected)

Reading alignment file /Users/fahim/CSE6406-project/work/paper_subset_7x2_L1600/ils_low/replicate_02/alignments/L1600/locus_0005.phy ... Phylip format detected
Alignment most likely contains DNA/RNA sequences
Alignment has 21 sequences with 1600 columns, 950 distinct patterns
863 parsimony-informative, 121 singleton sites, 616 constant sites
        Gap/Ambiguity  Composition  p-value
Analyzing sequences: done in 3.91006e-05 secs using 138.1% CPU
   1  0_0_0     0.00%    passed     97.76%
   2  2_0_0     0.00%    passed     82.18%
   3  4_0_0     0.00%    passed     26.56%
   4  3_0_0     0.00%    passed     84.75%
   5  6_0_0     0.00%    passed     99.77%
   6  9_0_0     0.00%    passed     41.94%
   7  11_0_0    0.00%    passed     76.15%
   8  20_0_0    0.00%    passed     86.13%
   9  12_0_0    0.00%    passed     22.34%
  10  17_0_0    0.00%    passed     75.17%
  11  13_0_0    0.00%    passed     68.15%
  12  19_0_0    0.00%    passed     54.65%
  13  10_0_0    0.00%    passed     86.57%
  14  8_0_0     0.00%    passed     98.91%
  15  7_0_0     0.00%    passed     71.13%
  16  18_0_0    0.00%    passed     61.67%
  17  15_0_0    0.00%    passed     85.84%
  18  16_0_0    0.00%    passed     85.13%
  19  14_0_0    0.00%    passed     87.86%
  20  1_0_0     0.00%    passed     97.08%
  21  5_0_0     0.00%    passed     77.84%
****  TOTAL     0.00%  0 sequences failed composition chi2 test (p-value<5%; df=3)

Create initial parsimony tree by phylogenetic likelihood library (PLL)... 0.001 seconds

NOTE: 2 MB RAM (0 GB) is required!
Measuring multi-threading efficiency up to 10 CPU cores
Increase to 10 rounds for branch lengths
701 trees examined
Threads: 1 / Time: 10.011 sec / Speedup: 1.000 / Efficiency: 100% / LogL: -25477
Threads: 2 / Time: 12.625 sec / Speedup: 0.793 / Efficiency: 40% / LogL: -25477
BEST NUMBER OF THREADS: 1

Estimate model parameters (epsilon = 0.100)
1. Initial log-likelihood: -24238.281
2. Current log-likelihood: -23197.310
3. Current log-likelihood: -23015.935
4. Current log-likelihood: -22988.467
5. Current log-likelihood: -22980.132
6. Current log-likelihood: -22977.023
7. Current log-likelihood: -22975.817
8. Current log-likelihood: -22975.295
9. Current log-likelihood: -22975.052
Optimal log-likelihood: -22974.913
Rate parameters:  A-C: 1.00000  A-G: 2.16818  A-T: 1.00000  C-G: 1.00000  C-T: 2.16818  G-T: 1.00000
Base frequencies:  A: 0.302  C: 0.215  G: 0.189  T: 0.295
Gamma shape alpha: 0.199
Parameters optimization took 9 rounds (0.103 sec)
Wrote distance file to... 
Computing ML distances based on estimated model parameters...
Calculating distance matrix: done in 0.00100398 secs using 99.5% CPU
Computing ML distances took 0.001056 sec (of wall-clock time) 0.001042 sec (of CPU time)
Setting up auxiliary I and S matrices: done in 1.5974e-05 secs using 75.12% CPU
Computing RapidNJ tree took 0.000060 sec (of wall-clock time) 0.000061 sec (of CPU time)
Log-likelihood of RapidNJ tree: -22973.915
--------------------------------------------------------------------
|             INITIALIZING CANDIDATE TREE SET                      |
--------------------------------------------------------------------
Generating 98 parsimony trees... 0.096 second
Computing log-likelihood of 98 initial trees ... 0.220 seconds
Current best score: -22973.915

Do NNI search on 20 best initial trees
Estimate model parameters (epsilon = 0.100)
BETTER TREE FOUND at iteration 1: -22966.065
Iteration 10 / LogL: -22966.727 / Time: 0h:0m:23s
UPDATE BEST LOG-LIKELIHOOD: -22966.064
Iteration 20 / LogL: -22966.796 / Time: 0h:0m:24s
Finish initializing candidate tree set (4)
Current best tree score: -22966.064 / CPU time: 1.279
Number of iterations: 20
--------------------------------------------------------------------
|               OPTIMIZING CANDIDATE TREE SET                      |
--------------------------------------------------------------------
Iteration 30 / LogL: -22966.269 / Time: 0h:0m:24s (0h:1m:0s left)
Iteration 40 / LogL: -22966.070 / Time: 0h:0m:25s (0h:0m:39s left)
Iteration 50 / LogL: -22984.847 / Time: 0h:0m:25s (0h:0m:26s left)
Iteration 60 / LogL: -22966.083 / Time: 0h:0m:25s (0h:0m:18s left)
Iteration 70 / LogL: -22966.731 / Time: 0h:0m:26s (0h:0m:11s left)
Iteration 80 / LogL: -22966.727 / Time: 0h:0m:26s (0h:0m:7s left)
Iteration 90 / LogL: -22966.728 / Time: 0h:0m:27s (0h:0m:3s left)
UPDATE BEST LOG-LIKELIHOOD: -22966.064
Iteration 100 / LogL: -22966.086 / Time: 0h:0m:27s (0h:0m:0s left)
TREE SEARCH COMPLETED AFTER 102 ITERATIONS / Time: 0h:0m:27s

--------------------------------------------------------------------
|                    FINALIZING TREE SEARCH                        |
--------------------------------------------------------------------
Performs final model parameters optimization
Estimate model parameters (epsilon = 0.010)
1. Initial log-likelihood: -22966.064
Optimal log-likelihood: -22966.053
Rate parameters:  A-C: 1.00000  A-G: 2.18171  A-T: 1.00000  C-G: 1.00000  C-T: 2.18171  G-T: 1.00000
Base frequencies:  A: 0.302  C: 0.215  G: 0.189  T: 0.295
Gamma shape alpha: 0.197
Parameters optimization took 1 rounds (0.007 sec)
BEST SCORE FOUND : -22966.053

Testing tree branches by aBayes parametric test...
0.009 sec.
Total tree length: 18.593

Total number of iterations: 102
CPU time used for tree search: 5.033 sec (0h:0m:5s)
Wall-clock time used for tree search: 5.076 sec (0h:0m:5s)
Total CPU time used: 28.997 sec (0h:0m:28s)
Total wall-clock time used: 27.847 sec (0h:0m:27s)

Analysis results written to: 
  IQ-TREE report:                /Users/fahim/CSE6406-project/work/paper_subset_7x2_L1600/ils_low/replicate_02/estimated_gene_trees/L1600/hky_g4/locus_0005.iqtree
  Maximum-likelihood tree:       /Users/fahim/CSE6406-project/work/paper_subset_7x2_L1600/ils_low/replicate_02/estimated_gene_trees/L1600/hky_g4/locus_0005.treefile
  Likelihood distances:          /Users/fahim/CSE6406-project/work/paper_subset_7x2_L1600/ils_low/replicate_02/estimated_gene_trees/L1600/hky_g4/locus_0005.mldist
  Screen log file:               /Users/fahim/CSE6406-project/work/paper_subset_7x2_L1600/ils_low/replicate_02/estimated_gene_trees/L1600/hky_g4/locus_0005.log

Date and Time: Thu Sep 10 14:51:15 2026
