IQ-TREE multicore version 2.4.0 for Linux x86 64-bit built Feb 12 2025
Developed by Bui Quang Minh, Nguyen Lam Tung, Olga Chernomor, Heiko Schmidt,
Dominik Schrempf, Michael Woodhams, Ly Trong Nhan, Thomas Wong

Host:    ezmata (AVX2, FMA3, 15 GB RAM)
Command: /home/mis/miniconda3/envs/cse6406/bin/iqtree2 -s /home/mis/CSE6406-project/work/paper_subset_50x10_L200/ils_high/replicate_05/alignments/L200/locus_0035.phy -m JC --abayes -T 1 --seed 6906036 --prefix /home/mis/CSE6406-project/work/paper_subset_50x10_L200/ils_high/replicate_05/estimated_gene_trees/L200/jc/locus_0035 --redo --quiet
Seed:    6906036 (Using SPRNG - Scalable Parallel Random Number Generator)
Time:    Sat Sep 12 21:43:38 2026
Kernel:  AVX+FMA - 1 threads (16 CPU cores detected)

HINT: Use -nt option to specify number of threads because your CPU has 16 cores!
HINT: -nt AUTO will automatically determine the best number of threads to use.

Reading alignment file /home/mis/CSE6406-project/work/paper_subset_50x10_L200/ils_high/replicate_05/alignments/L200/locus_0035.phy ... Phylip format detected
Alignment most likely contains DNA/RNA sequences
Alignment has 21 sequences with 200 columns, 66 distinct patterns
51 parsimony-informative, 11 singleton sites, 138 constant sites
        Gap/Ambiguity  Composition  p-value
Analyzing sequences: done in 9.806e-06 secs using 20.4% CPU
   1  2_0_0     0.00%    passed     86.33%
   2  16_0_0    0.00%    passed     98.38%
   3  13_0_0    0.00%    passed     97.48%
   4  9_0_0     0.00%    passed     98.99%
   5  11_0_0    0.00%    passed     99.76%
   6  6_0_0     0.00%    passed     83.13%
   7  7_0_0     0.00%    passed     99.76%
   8  4_0_0     0.00%    passed     93.25%
   9  1_0_0     0.00%    passed     92.25%
  10  3_0_0     0.00%    passed     95.37%
  11  19_0_0    0.00%    passed     84.81%
  12  17_0_0    0.00%    passed     91.46%
  13  14_0_0    0.00%    passed     96.84%
  14  18_0_0    0.00%    passed     85.13%
  15  8_0_0     0.00%    passed     96.89%
  16  15_0_0    0.00%    passed     99.65%
  17  20_0_0    0.00%    passed     98.90%
  18  10_0_0    0.00%    passed     97.87%
  19  5_0_0     0.00%    passed     95.08%
  20  12_0_0    0.00%    passed     98.96%
  21  0_0_0     0.00%    passed     86.59%
****  TOTAL     0.00%  0 sequences failed composition chi2 test (p-value<5%; df=3)

Create initial parsimony tree by phylogenetic likelihood library (PLL)... 0.000 seconds

NOTE: 0 MB RAM (0 GB) is required!
Estimate model parameters (epsilon = 0.100)
1. Initial log-likelihood: -1418.383
Optimal log-likelihood: -1417.613
Rate parameters:  A-C: 1.00000  A-G: 1.00000  A-T: 1.00000  C-G: 1.00000  C-T: 1.00000  G-T: 1.00000
Base frequencies:  A: 0.250  C: 0.250  G: 0.250  T: 0.250
Parameters optimization took 1 rounds (0.001 sec)
Wrote distance file to... 
Computing ML distances based on estimated model parameters...
Calculating distance matrix: done in 0.000847572 secs using 88.37% CPU
Computing ML distances took 0.000882 sec (of wall-clock time) 0.000781 sec (of CPU time)
Setting up auxiliary I and S matrices: done in 5.5236e-05 secs using 97.76% CPU
Computing RapidNJ tree took 0.000222 sec (of wall-clock time) 0.000459 sec (of CPU time)
Log-likelihood of RapidNJ tree: -1417.621
--------------------------------------------------------------------
|             INITIALIZING CANDIDATE TREE SET                      |
--------------------------------------------------------------------
Generating 98 parsimony trees... 0.072 second
Computing log-likelihood of 98 initial trees ... 0.044 seconds
Current best score: -1411.555

Do NNI search on 20 best initial trees
Estimate model parameters (epsilon = 0.100)
BETTER TREE FOUND at iteration 1: -1411.521
UPDATE BEST LOG-LIKELIHOOD: -1411.518
UPDATE BEST LOG-LIKELIHOOD: -1411.516
Iteration 10 / LogL: -1413.008 / Time: 0h:0m:0s
Iteration 20 / LogL: -1413.551 / Time: 0h:0m:0s
Finish initializing candidate tree set (5)
Current best tree score: -1411.516 / CPU time: 0.193
Number of iterations: 20
--------------------------------------------------------------------
|               OPTIMIZING CANDIDATE TREE SET                      |
--------------------------------------------------------------------
Iteration 30 / LogL: -1413.016 / Time: 0h:0m:0s (0h:0m:0s left)
Iteration 40 / LogL: -1421.594 / Time: 0h:0m:0s (0h:0m:0s left)
Iteration 50 / LogL: -1420.966 / Time: 0h:0m:0s (0h:0m:0s left)
UPDATE BEST LOG-LIKELIHOOD: -1411.516
UPDATE BEST LOG-LIKELIHOOD: -1411.515
Iteration 60 / LogL: -1411.515 / Time: 0h:0m:0s (0h:0m:0s left)
Iteration 70 / LogL: -1413.016 / Time: 0h:0m:0s (0h:0m:0s left)
Iteration 80 / LogL: -1411.521 / Time: 0h:0m:0s (0h:0m:0s left)
Iteration 90 / LogL: -1413.002 / Time: 0h:0m:0s (0h:0m:0s left)
BETTER TREE FOUND at iteration 100: -1411.515
Iteration 100 / LogL: -1411.515 / Time: 0h:0m:0s (0h:0m:0s left)
Iteration 110 / LogL: -1433.461 / Time: 0h:0m:0s (0h:0m:0s left)
Iteration 120 / LogL: -1412.527 / Time: 0h:0m:0s (0h:0m:0s left)
Iteration 130 / LogL: -1412.509 / Time: 0h:0m:1s (0h:0m:0s left)
Iteration 140 / LogL: -1411.525 / Time: 0h:0m:1s (0h:0m:0s left)
Iteration 150 / LogL: -1413.017 / Time: 0h:0m:1s (0h:0m:0s left)
Iteration 160 / LogL: -1411.525 / Time: 0h:0m:1s (0h:0m:0s left)
UPDATE BEST LOG-LIKELIHOOD: -1411.515
Iteration 170 / LogL: -1411.533 / Time: 0h:0m:1s (0h:0m:0s left)
Iteration 180 / LogL: -1412.509 / Time: 0h:0m:1s (0h:0m:0s left)
Iteration 190 / LogL: -1411.515 / Time: 0h:0m:1s (0h:0m:0s left)
Iteration 200 / LogL: -1411.515 / Time: 0h:0m:1s (0h:0m:0s left)
TREE SEARCH COMPLETED AFTER 201 ITERATIONS / Time: 0h:0m:1s

--------------------------------------------------------------------
|                    FINALIZING TREE SEARCH                        |
--------------------------------------------------------------------
Performs final model parameters optimization
Estimate model parameters (epsilon = 0.010)
1. Initial log-likelihood: -1411.515
Optimal log-likelihood: -1411.515
Rate parameters:  A-C: 1.00000  A-G: 1.00000  A-T: 1.00000  C-G: 1.00000  C-T: 1.00000  G-T: 1.00000
Base frequencies:  A: 0.250  C: 0.250  G: 0.250  T: 0.250
Parameters optimization took 1 rounds (0.000 sec)
BEST SCORE FOUND : -1411.515

Testing tree branches by aBayes parametric test...
0.001 sec.
Total tree length: 1.112

Total number of iterations: 201
CPU time used for tree search: 1.477 sec (0h:0m:1s)
Wall-clock time used for tree search: 1.636 sec (0h:0m:1s)
Total CPU time used: 1.490 sec (0h:0m:1s)
Total wall-clock time used: 1.649 sec (0h:0m:1s)

Analysis results written to: 
  IQ-TREE report:                /home/mis/CSE6406-project/work/paper_subset_50x10_L200/ils_high/replicate_05/estimated_gene_trees/L200/jc/locus_0035.iqtree
  Maximum-likelihood tree:       /home/mis/CSE6406-project/work/paper_subset_50x10_L200/ils_high/replicate_05/estimated_gene_trees/L200/jc/locus_0035.treefile
  Likelihood distances:          /home/mis/CSE6406-project/work/paper_subset_50x10_L200/ils_high/replicate_05/estimated_gene_trees/L200/jc/locus_0035.mldist
  Screen log file:               /home/mis/CSE6406-project/work/paper_subset_50x10_L200/ils_high/replicate_05/estimated_gene_trees/L200/jc/locus_0035.log

Date and Time: Sat Sep 12 21:43:40 2026
