IQ-TREE multicore version 2.4.0 for Linux x86 64-bit built Feb 12 2025
Developed by Bui Quang Minh, Nguyen Lam Tung, Olga Chernomor, Heiko Schmidt,
Dominik Schrempf, Michael Woodhams, Ly Trong Nhan, Thomas Wong

Host:    ezmata (AVX2, FMA3, 15 GB RAM)
Command: /home/mis/miniconda3/envs/cse6406/bin/iqtree2 -s /home/mis/CSE6406-project/work/paper_subset_50x10_L1600/ils_high/replicate_08/alignments/L1600/locus_0042.phy -m HKY --abayes -T 1 --seed 7206043 --prefix /home/mis/CSE6406-project/work/paper_subset_50x10_L1600/ils_high/replicate_08/estimated_gene_trees/L1600/hky/locus_0042 --redo --quiet
Seed:    7206043 (Using SPRNG - Scalable Parallel Random Number Generator)
Time:    Sat Sep 12 22:02:16 2026
Kernel:  AVX+FMA - 1 threads (16 CPU cores detected)

HINT: Use -nt option to specify number of threads because your CPU has 16 cores!
HINT: -nt AUTO will automatically determine the best number of threads to use.

Reading alignment file /home/mis/CSE6406-project/work/paper_subset_50x10_L1600/ils_high/replicate_08/alignments/L1600/locus_0042.phy ... Phylip format detected
Alignment most likely contains DNA/RNA sequences
Alignment has 21 sequences with 1600 columns, 900 distinct patterns
787 parsimony-informative, 152 singleton sites, 661 constant sites
        Gap/Ambiguity  Composition  p-value
Analyzing sequences: done in 9.9453e-05 secs using 98.54% CPU
   1  0_0_0     0.00%    passed     27.12%
   2  11_0_0    0.00%    passed     82.12%
   3  13_0_0    0.00%    passed     94.36%
   4  4_0_0     0.00%    passed     70.36%
   5  5_0_0     0.00%    passed     95.67%
   6  9_0_0     0.00%    passed     53.27%
   7  16_0_0    0.00%    passed     66.04%
   8  3_0_0     0.00%    passed     93.70%
   9  12_0_0    0.00%    passed     69.26%
  10  15_0_0    0.00%    passed     52.47%
  11  18_0_0    0.00%    passed     84.35%
  12  8_0_0     0.00%    passed     89.73%
  13  1_0_0     0.00%    passed     82.44%
  14  10_0_0    0.00%    passed     19.92%
  15  7_0_0     0.00%    passed     88.95%
  16  17_0_0    0.00%    passed     65.43%
  17  2_0_0     0.00%    passed     99.14%
  18  19_0_0    0.00%    passed     98.38%
  19  20_0_0    0.00%    passed     65.75%
  20  6_0_0     0.00%    passed     70.09%
  21  14_0_0    0.00%    passed     49.47%
****  TOTAL     0.00%  0 sequences failed composition chi2 test (p-value<5%; df=3)

Create initial parsimony tree by phylogenetic likelihood library (PLL)... 0.003 seconds

NOTE: 0 MB RAM (0 GB) is required!
Estimate model parameters (epsilon = 0.100)
1. Initial log-likelihood: -24965.619
2. Current log-likelihood: -24870.801
3. Current log-likelihood: -24870.689
Optimal log-likelihood: -24870.689
Rate parameters:  A-C: 1.00000  A-G: 1.31001  A-T: 1.00000  C-G: 1.00000  C-T: 1.31001  G-T: 1.00000
Base frequencies:  A: 0.306  C: 0.199  G: 0.196  T: 0.298
Parameters optimization took 3 rounds (0.023 sec)
Wrote distance file to... 
Computing ML distances based on estimated model parameters...
Calculating distance matrix: done in 0.00253039 secs using 98.72% CPU
Computing ML distances took 0.002726 sec (of wall-clock time) 0.002687 sec (of CPU time)
Setting up auxiliary I and S matrices: done in 6.7927e-05 secs
Computing RapidNJ tree took 0.000279 sec (of wall-clock time) 0.000000 sec (of CPU time)
Log-likelihood of RapidNJ tree: -24940.772
--------------------------------------------------------------------
|             INITIALIZING CANDIDATE TREE SET                      |
--------------------------------------------------------------------
Generating 98 parsimony trees... 0.353 second
Computing log-likelihood of 98 initial trees ... 0.194 seconds
Current best score: -24863.735

Do NNI search on 20 best initial trees
Estimate model parameters (epsilon = 0.100)
BETTER TREE FOUND at iteration 1: -24855.696
Iteration 10 / LogL: -24855.743 / Time: 0h:0m:0s
Iteration 20 / LogL: -24855.714 / Time: 0h:0m:1s
Finish initializing candidate tree set (3)
Current best tree score: -24855.696 / CPU time: 1.076
Number of iterations: 20
--------------------------------------------------------------------
|               OPTIMIZING CANDIDATE TREE SET                      |
--------------------------------------------------------------------
Iteration 30 / LogL: -24923.422 / Time: 0h:0m:1s (0h:0m:3s left)
Iteration 40 / LogL: -24855.928 / Time: 0h:0m:1s (0h:0m:2s left)
Iteration 50 / LogL: -24855.745 / Time: 0h:0m:2s (0h:0m:2s left)
Iteration 60 / LogL: -24855.766 / Time: 0h:0m:2s (0h:0m:1s left)
Iteration 70 / LogL: -24855.736 / Time: 0h:0m:2s (0h:0m:1s left)
Iteration 80 / LogL: -24855.715 / Time: 0h:0m:3s (0h:0m:0s left)
Iteration 90 / LogL: -24855.766 / Time: 0h:0m:3s (0h:0m:0s left)
Iteration 100 / LogL: -24871.040 / Time: 0h:0m:3s (0h:0m:0s left)
TREE SEARCH COMPLETED AFTER 102 ITERATIONS / Time: 0h:0m:3s

--------------------------------------------------------------------
|                    FINALIZING TREE SEARCH                        |
--------------------------------------------------------------------
Performs final model parameters optimization
Estimate model parameters (epsilon = 0.010)
1. Initial log-likelihood: -24855.696
Optimal log-likelihood: -24855.696
Rate parameters:  A-C: 1.00000  A-G: 1.31213  A-T: 1.00000  C-G: 1.00000  C-T: 1.31213  G-T: 1.00000
Base frequencies:  A: 0.306  C: 0.199  G: 0.196  T: 0.298
Parameters optimization took 1 rounds (0.004 sec)
BEST SCORE FOUND : -24855.696

Testing tree branches by aBayes parametric test...
0.006 sec.
Total tree length: 4.043

Total number of iterations: 102
CPU time used for tree search: 3.613 sec (0h:0m:3s)
Wall-clock time used for tree search: 3.697 sec (0h:0m:3s)
Total CPU time used: 3.680 sec (0h:0m:3s)
Total wall-clock time used: 3.767 sec (0h:0m:3s)

Analysis results written to: 
  IQ-TREE report:                /home/mis/CSE6406-project/work/paper_subset_50x10_L1600/ils_high/replicate_08/estimated_gene_trees/L1600/hky/locus_0042.iqtree
  Maximum-likelihood tree:       /home/mis/CSE6406-project/work/paper_subset_50x10_L1600/ils_high/replicate_08/estimated_gene_trees/L1600/hky/locus_0042.treefile
  Likelihood distances:          /home/mis/CSE6406-project/work/paper_subset_50x10_L1600/ils_high/replicate_08/estimated_gene_trees/L1600/hky/locus_0042.mldist
  Screen log file:               /home/mis/CSE6406-project/work/paper_subset_50x10_L1600/ils_high/replicate_08/estimated_gene_trees/L1600/hky/locus_0042.log

Date and Time: Sat Sep 12 22:02:20 2026
