IQ-TREE multicore version 2.4.0 for MacOS ARM 64-bit built Feb 12 2025
Developed by Bui Quang Minh, Nguyen Lam Tung, Olga Chernomor, Heiko Schmidt,
Dominik Schrempf, Michael Woodhams, Ly Trong Nhan, Thomas Wong

Host:    Fahims-MacBook-Air.local (SSE4.2, 16 GB RAM)
Command: /Users/fahim/miniconda3/envs/cse6406/bin/iqtree2 -s /Users/fahim/CSE6406-project/work/paper_subset_50x10_L1600/ils_high/replicate_04/alignments/L1600/locus_0028.phy -m HKY --abayes -T AUTO --seed 6806029 --prefix /Users/fahim/CSE6406-project/work/paper_subset_50x10_L1600/ils_high/replicate_04/estimated_gene_trees/L1600/hky/locus_0028 --redo --quiet
Seed:    6806029 (Using SPRNG - Scalable Parallel Random Number Generator)
Time:    Sat Sep 12 08:21:00 2026
Kernel:  SSE2 - auto-detect threads (10 CPU cores detected)

Reading alignment file /Users/fahim/CSE6406-project/work/paper_subset_50x10_L1600/ils_high/replicate_04/alignments/L1600/locus_0028.phy ... Phylip format detected
Alignment most likely contains DNA/RNA sequences
Alignment has 21 sequences with 1600 columns, 545 distinct patterns
376 parsimony-informative, 213 singleton sites, 1011 constant sites
        Gap/Ambiguity  Composition  p-value
Analyzing sequences: done in 4.22001e-05 secs using 92.42% CPU
   1  5_0_0     0.00%    passed     93.19%
   2  3_0_0     0.00%    passed     97.77%
   3  10_0_0    0.00%    passed     82.16%
   4  15_0_0    0.00%    passed     75.06%
   5  20_0_0    0.00%    passed     93.14%
   6  2_0_0     0.00%    passed     83.31%
   7  11_0_0    0.00%    passed     92.71%
   8  4_0_0     0.00%    passed     91.60%
   9  16_0_0    0.00%    passed     95.04%
  10  1_0_0     0.00%    passed     91.96%
  11  9_0_0     0.00%    passed     95.95%
  12  6_0_0     0.00%    passed     96.47%
  13  12_0_0    0.00%    passed     85.82%
  14  13_0_0    0.00%    passed     99.66%
  15  14_0_0    0.00%    passed     92.99%
  16  7_0_0     0.00%    passed     94.86%
  17  8_0_0     0.00%    passed     96.34%
  18  17_0_0    0.00%    passed     99.83%
  19  19_0_0    0.00%    passed     98.92%
  20  18_0_0    0.00%    passed     99.99%
  21  0_0_0     0.00%    passed     40.20%
****  TOTAL     0.00%  0 sequences failed composition chi2 test (p-value<5%; df=3)

Create initial parsimony tree by phylogenetic likelihood library (PLL)... 0.000 seconds

NOTE: 0 MB RAM (0 GB) is required!
Measuring multi-threading efficiency up to 10 CPU cores
Increase to 10 rounds for branch lengths
6103 trees examined
Threads: 1 / Time: 10.000 sec / Speedup: 1.000 / Efficiency: 100% / LogL: -12575
Threads: 2 / Time: 25.738 sec / Speedup: 0.389 / Efficiency: 19% / LogL: -12575
BEST NUMBER OF THREADS: 1

Estimate model parameters (epsilon = 0.100)
1. Initial log-likelihood: -11301.885
2. Current log-likelihood: -11185.048
3. Current log-likelihood: -11184.935
Optimal log-likelihood: -11184.935
Rate parameters:  A-C: 1.00000  A-G: 2.04286  A-T: 1.00000  C-G: 1.00000  C-T: 2.04286  G-T: 1.00000
Base frequencies:  A: 0.306  C: 0.201  G: 0.181  T: 0.312
Parameters optimization took 3 rounds (0.004 sec)
Wrote distance file to... 
Computing ML distances based on estimated model parameters...
Calculating distance matrix: done in 0.000410795 secs using 98.83% CPU
Computing ML distances took 0.000440 sec (of wall-clock time) 0.000429 sec (of CPU time)
Setting up auxiliary I and S matrices: done in 1.5974e-05 secs using 68.86% CPU
Computing RapidNJ tree took 0.000058 sec (of wall-clock time) 0.000065 sec (of CPU time)
Log-likelihood of RapidNJ tree: -11237.557
--------------------------------------------------------------------
|             INITIALIZING CANDIDATE TREE SET                      |
--------------------------------------------------------------------
Generating 98 parsimony trees... 0.054 second
Computing log-likelihood of 98 initial trees ... 0.045 seconds
Current best score: -11171.736

Do NNI search on 20 best initial trees
Estimate model parameters (epsilon = 0.100)
BETTER TREE FOUND at iteration 1: -11171.654
Iteration 10 / LogL: -11171.654 / Time: 0h:0m:35s
Iteration 20 / LogL: -11171.654 / Time: 0h:0m:35s
Finish initializing candidate tree set (1)
Current best tree score: -11171.654 / CPU time: 0.186
Number of iterations: 20
--------------------------------------------------------------------
|               OPTIMIZING CANDIDATE TREE SET                      |
--------------------------------------------------------------------
Iteration 30 / LogL: -11171.657 / Time: 0h:0m:35s (0h:1m:28s left)
Iteration 40 / LogL: -11171.654 / Time: 0h:0m:36s (0h:0m:56s left)
Iteration 50 / LogL: -11171.657 / Time: 0h:0m:36s (0h:0m:37s left)
Iteration 60 / LogL: -11171.665 / Time: 0h:0m:36s (0h:0m:25s left)
Iteration 70 / LogL: -11171.654 / Time: 0h:0m:36s (0h:0m:16s left)
Iteration 80 / LogL: -11171.671 / Time: 0h:0m:36s (0h:0m:9s left)
Iteration 90 / LogL: -11171.654 / Time: 0h:0m:36s (0h:0m:4s left)
Iteration 100 / LogL: -11171.654 / Time: 0h:0m:36s (0h:0m:0s left)
TREE SEARCH COMPLETED AFTER 102 ITERATIONS / Time: 0h:0m:36s

--------------------------------------------------------------------
|                    FINALIZING TREE SEARCH                        |
--------------------------------------------------------------------
Performs final model parameters optimization
Estimate model parameters (epsilon = 0.010)
1. Initial log-likelihood: -11171.654
Optimal log-likelihood: -11171.654
Rate parameters:  A-C: 1.00000  A-G: 2.05990  A-T: 1.00000  C-G: 1.00000  C-T: 2.05990  G-T: 1.00000
Base frequencies:  A: 0.306  C: 0.201  G: 0.181  T: 0.312
Parameters optimization took 1 rounds (0.001 sec)
BEST SCORE FOUND : -11171.654

Testing tree branches by aBayes parametric test...
0.002 sec.
Total tree length: 1.124

Total number of iterations: 102
CPU time used for tree search: 0.629 sec (0h:0m:0s)
Wall-clock time used for tree search: 0.633 sec (0h:0m:0s)
Total CPU time used: 28.804 sec (0h:0m:28s)
Total wall-clock time used: 36.384 sec (0h:0m:36s)

Analysis results written to: 
  IQ-TREE report:                /Users/fahim/CSE6406-project/work/paper_subset_50x10_L1600/ils_high/replicate_04/estimated_gene_trees/L1600/hky/locus_0028.iqtree
  Maximum-likelihood tree:       /Users/fahim/CSE6406-project/work/paper_subset_50x10_L1600/ils_high/replicate_04/estimated_gene_trees/L1600/hky/locus_0028.treefile
  Likelihood distances:          /Users/fahim/CSE6406-project/work/paper_subset_50x10_L1600/ils_high/replicate_04/estimated_gene_trees/L1600/hky/locus_0028.mldist
  Screen log file:               /Users/fahim/CSE6406-project/work/paper_subset_50x10_L1600/ils_high/replicate_04/estimated_gene_trees/L1600/hky/locus_0028.log

Date and Time: Sat Sep 12 08:21:37 2026
