IQ-TREE multicore version 2.4.0 for Linux x86 64-bit built Feb 12 2025
Developed by Bui Quang Minh, Nguyen Lam Tung, Olga Chernomor, Heiko Schmidt,
Dominik Schrempf, Michael Woodhams, Ly Trong Nhan, Thomas Wong

Host:    ezmata (AVX2, FMA3, 15 GB RAM)
Command: /home/mis/miniconda3/envs/cse6406/bin/iqtree2 -s /home/mis/CSE6406-project/work/paper_subset_50x10_L200/ils_high/replicate_01/alignments/L200/locus_0045.phy -m HKY+G4 --abayes -T 1 --seed 6506046 --prefix /home/mis/CSE6406-project/work/paper_subset_50x10_L200/ils_high/replicate_01/estimated_gene_trees/L200/hky_g4/locus_0045 --redo --quiet
Seed:    6506046 (Using SPRNG - Scalable Parallel Random Number Generator)
Time:    Sat Sep 12 21:39:15 2026
Kernel:  AVX+FMA - 1 threads (16 CPU cores detected)

HINT: Use -nt option to specify number of threads because your CPU has 16 cores!
HINT: -nt AUTO will automatically determine the best number of threads to use.

Reading alignment file /home/mis/CSE6406-project/work/paper_subset_50x10_L200/ils_high/replicate_01/alignments/L200/locus_0045.phy ... Phylip format detected
Alignment most likely contains DNA/RNA sequences
Alignment has 21 sequences with 200 columns, 14 distinct patterns
3 parsimony-informative, 7 singleton sites, 190 constant sites
        Gap/Ambiguity  Composition  p-value
Analyzing sequences: done in 4.277e-06 secs
   1  15_0_0    0.00%    passed     99.99%
   2  17_0_0    0.00%    passed     99.48%
   3  18_0_0    0.00%    passed     98.51%
   4  12_0_0    0.00%    passed     99.48%
   5  13_0_0    0.00%    passed     99.48%
   6  2_0_0     0.00%    passed     99.99%
   7  3_0_0     0.00%    passed     99.91%
   8  1_0_0     0.00%    passed     99.60%
   9  4_0_0     0.00%    passed     99.61%
  10  6_0_0     0.00%    passed     99.91%
  11  5_0_0     0.00%    passed     99.99%
  12  9_0_0     0.00%    passed     99.99%
  13  10_0_0    0.00%    passed     99.99%
  14  19_0_0    0.00%    passed     99.85%
  15  8_0_0     0.00%    passed     99.91%
  16  14_0_0    0.00%    passed     99.91%
  17  11_0_0    0.00%    passed     99.91%
  18  20_0_0    0.00%    passed     99.91%
  19  16_0_0    0.00%    passed     99.91%
  20  7_0_0     0.00%    passed     99.87%
  21  0_0_0     0.00%    passed     99.87%
****  TOTAL     0.00%  0 sequences failed composition chi2 test (p-value<5%; df=3)
NOTE: 12_0_0 is identical to 17_0_0 but kept for subsequent analysis
NOTE: 6_0_0 is identical to 3_0_0 but kept for subsequent analysis
NOTE: 9_0_0 is identical to 5_0_0 but kept for subsequent analysis
NOTE: 7 identical sequences (see below) will be ignored for subsequent analysis
NOTE: 13_0_0 (identical to 17_0_0) is ignored but added at the end
NOTE: 8_0_0 (identical to 3_0_0) is ignored but added at the end
NOTE: 14_0_0 (identical to 3_0_0) is ignored but added at the end
NOTE: 11_0_0 (identical to 3_0_0) is ignored but added at the end
NOTE: 20_0_0 (identical to 3_0_0) is ignored but added at the end
NOTE: 16_0_0 (identical to 3_0_0) is ignored but added at the end
NOTE: 10_0_0 (identical to 5_0_0) is ignored but added at the end
Alignment was printed to /home/mis/CSE6406-project/work/paper_subset_50x10_L200/ils_high/replicate_01/estimated_gene_trees/L200/hky_g4/locus_0045.uniqueseq.phy

For your convenience alignment with unique sequences printed to /home/mis/CSE6406-project/work/paper_subset_50x10_L200/ils_high/replicate_01/estimated_gene_trees/L200/hky_g4/locus_0045.uniqueseq.phy

Create initial parsimony tree by phylogenetic likelihood library (PLL)... 0.000 seconds

NOTE: 0 MB RAM (0 GB) is required!
Estimate model parameters (epsilon = 0.100)
1. Initial log-likelihood: -348.348
2. Current log-likelihood: -346.628
Optimal log-likelihood: -346.628
Rate parameters:  A-C: 1.00000  A-G: 3.12112  A-T: 1.00000  C-G: 1.00000  C-T: 3.12112  G-T: 1.00000
Base frequencies:  A: 0.300  C: 0.235  G: 0.184  T: 0.280
Gamma shape alpha: 998.448
Parameters optimization took 2 rounds (0.001 sec)
Wrote distance file to... 
Computing ML distances based on estimated model parameters...
Calculating distance matrix: done in 0.00113681 secs using 99.93% CPU
Computing ML distances took 0.001156 sec (of wall-clock time) 0.001158 sec (of CPU time)
Setting up auxiliary I and S matrices: done in 3.1979e-05 secs using 65.67% CPU
Computing RapidNJ tree took 0.000098 sec (of wall-clock time) 0.000065 sec (of CPU time)
Log-likelihood of RapidNJ tree: -346.631
--------------------------------------------------------------------
|             INITIALIZING CANDIDATE TREE SET                      |
--------------------------------------------------------------------
Generating 98 parsimony trees... 0.016 second
Computing log-likelihood of 98 initial trees ... 0.018 seconds
Current best score: -346.628

Do NNI search on 20 best initial trees
Estimate model parameters (epsilon = 0.100)
BETTER TREE FOUND at iteration 1: -346.628
BETTER TREE FOUND at iteration 5: -346.628
BETTER TREE FOUND at iteration 8: -346.628
Iteration 10 / LogL: -346.628 / Time: 0h:0m:0s
Iteration 20 / LogL: -346.628 / Time: 0h:0m:0s
Finish initializing candidate tree set (20)
Current best tree score: -346.628 / CPU time: 0.050
Number of iterations: 20
--------------------------------------------------------------------
|               OPTIMIZING CANDIDATE TREE SET                      |
--------------------------------------------------------------------
Iteration 30 / LogL: -346.628 / Time: 0h:0m:0s (0h:0m:0s left)
BETTER TREE FOUND at iteration 39: -346.628
Iteration 40 / LogL: -346.628 / Time: 0h:0m:0s (0h:0m:0s left)
Iteration 50 / LogL: -346.628 / Time: 0h:0m:0s (0h:0m:0s left)
UPDATE BEST LOG-LIKELIHOOD: -346.628
Iteration 60 / LogL: -351.830 / Time: 0h:0m:0s (0h:0m:0s left)
Iteration 70 / LogL: -346.628 / Time: 0h:0m:0s (0h:0m:0s left)
Iteration 80 / LogL: -346.629 / Time: 0h:0m:0s (0h:0m:0s left)
Iteration 90 / LogL: -346.629 / Time: 0h:0m:0s (0h:0m:0s left)
Iteration 100 / LogL: -346.628 / Time: 0h:0m:0s (0h:0m:0s left)
Iteration 110 / LogL: -346.628 / Time: 0h:0m:0s (0h:0m:0s left)
Iteration 120 / LogL: -346.629 / Time: 0h:0m:0s (0h:0m:0s left)
Iteration 130 / LogL: -346.628 / Time: 0h:0m:0s (0h:0m:0s left)
Iteration 140 / LogL: -346.628 / Time: 0h:0m:0s (0h:0m:-1s left)
TREE SEARCH COMPLETED AFTER 140 ITERATIONS / Time: 0h:0m:0s

--------------------------------------------------------------------
|                    FINALIZING TREE SEARCH                        |
--------------------------------------------------------------------
Performs final model parameters optimization
Estimate model parameters (epsilon = 0.010)
1. Initial log-likelihood: -346.628
Optimal log-likelihood: -346.628
Rate parameters:  A-C: 1.00000  A-G: 3.11186  A-T: 1.00000  C-G: 1.00000  C-T: 3.11186  G-T: 1.00000
Base frequencies:  A: 0.300  C: 0.235  G: 0.184  T: 0.280
Gamma shape alpha: 998.448
Parameters optimization took 1 rounds (0.001 sec)
BEST SCORE FOUND : -346.628

Testing tree branches by aBayes parametric test...
0.000 sec.
Total tree length: 0.050

Total number of iterations: 140
CPU time used for tree search: 0.211 sec (0h:0m:0s)
Wall-clock time used for tree search: 0.229 sec (0h:0m:0s)
Total CPU time used: 0.222 sec (0h:0m:0s)
Total wall-clock time used: 0.242 sec (0h:0m:0s)

Analysis results written to: 
  IQ-TREE report:                /home/mis/CSE6406-project/work/paper_subset_50x10_L200/ils_high/replicate_01/estimated_gene_trees/L200/hky_g4/locus_0045.iqtree
  Maximum-likelihood tree:       /home/mis/CSE6406-project/work/paper_subset_50x10_L200/ils_high/replicate_01/estimated_gene_trees/L200/hky_g4/locus_0045.treefile
  Likelihood distances:          /home/mis/CSE6406-project/work/paper_subset_50x10_L200/ils_high/replicate_01/estimated_gene_trees/L200/hky_g4/locus_0045.mldist
  Screen log file:               /home/mis/CSE6406-project/work/paper_subset_50x10_L200/ils_high/replicate_01/estimated_gene_trees/L200/hky_g4/locus_0045.log

Date and Time: Sat Sep 12 21:39:15 2026
