IQ-TREE multicore version 2.4.0 for Linux x86 64-bit built Feb 12 2025
Developed by Bui Quang Minh, Nguyen Lam Tung, Olga Chernomor, Heiko Schmidt,
Dominik Schrempf, Michael Woodhams, Ly Trong Nhan, Thomas Wong

Host:    ezmata (AVX2, FMA3, 15 GB RAM)
Command: /home/mis/miniconda3/envs/cse6406/bin/iqtree2 -s /home/mis/CSE6406-project/work/paper_subset_50x10_L200/ils_high/replicate_01/alignments/L200/locus_0040.phy -m HKY+G4 --abayes -T 1 --seed 6506041 --prefix /home/mis/CSE6406-project/work/paper_subset_50x10_L200/ils_high/replicate_01/estimated_gene_trees/L200/hky_g4/locus_0040 --redo --quiet
Seed:    6506041 (Using SPRNG - Scalable Parallel Random Number Generator)
Time:    Sat Sep 12 21:39:14 2026
Kernel:  AVX+FMA - 1 threads (16 CPU cores detected)

HINT: Use -nt option to specify number of threads because your CPU has 16 cores!
HINT: -nt AUTO will automatically determine the best number of threads to use.

Reading alignment file /home/mis/CSE6406-project/work/paper_subset_50x10_L200/ils_high/replicate_01/alignments/L200/locus_0040.phy ... Phylip format detected
Alignment most likely contains DNA/RNA sequences
Alignment has 21 sequences with 200 columns, 18 distinct patterns
8 parsimony-informative, 6 singleton sites, 186 constant sites
        Gap/Ambiguity  Composition  p-value
Analyzing sequences: done in 5.88699e-06 secs using 84.93% CPU
   1  4_0_0     0.00%    passed     99.85%
   2  2_0_0     0.00%    passed     99.85%
   3  3_0_0     0.00%    passed     99.85%
   4  1_0_0     0.00%    passed     99.85%
   5  12_0_0    0.00%    passed    100.00%
   6  18_0_0    0.00%    passed     99.81%
   7  15_0_0    0.00%    passed     99.77%
   8  17_0_0    0.00%    passed     99.60%
   9  6_0_0     0.00%    passed    100.00%
  10  13_0_0    0.00%    passed    100.00%
  11  11_0_0    0.00%    passed    100.00%
  12  20_0_0    0.00%    passed    100.00%
  13  16_0_0    0.00%    passed     99.85%
  14  8_0_0     0.00%    passed    100.00%
  15  14_0_0    0.00%    passed    100.00%
  16  7_0_0     0.00%    passed     99.76%
  17  19_0_0    0.00%    passed    100.00%
  18  5_0_0     0.00%    passed    100.00%
  19  10_0_0    0.00%    passed     99.77%
  20  9_0_0     0.00%    passed     99.77%
  21  0_0_0     0.00%    passed     99.77%
****  TOTAL     0.00%  0 sequences failed composition chi2 test (p-value<5%; df=3)
NOTE: 2_0_0 is identical to 4_0_0 but kept for subsequent analysis
NOTE: 6_0_0 is identical to 12_0_0 but kept for subsequent analysis
NOTE: 20_0_0 is identical to 11_0_0 but kept for subsequent analysis
NOTE: 14_0_0 is identical to 8_0_0 but kept for subsequent analysis
NOTE: 9_0_0 is identical to 10_0_0 but kept for subsequent analysis
NOTE: 5 identical sequences (see below) will be ignored for subsequent analysis
NOTE: 3_0_0 (identical to 4_0_0) is ignored but added at the end
NOTE: 1_0_0 (identical to 4_0_0) is ignored but added at the end
NOTE: 13_0_0 (identical to 12_0_0) is ignored but added at the end
NOTE: 19_0_0 (identical to 12_0_0) is ignored but added at the end
NOTE: 5_0_0 (identical to 12_0_0) is ignored but added at the end
Alignment was printed to /home/mis/CSE6406-project/work/paper_subset_50x10_L200/ils_high/replicate_01/estimated_gene_trees/L200/hky_g4/locus_0040.uniqueseq.phy

For your convenience alignment with unique sequences printed to /home/mis/CSE6406-project/work/paper_subset_50x10_L200/ils_high/replicate_01/estimated_gene_trees/L200/hky_g4/locus_0040.uniqueseq.phy

Create initial parsimony tree by phylogenetic likelihood library (PLL)... 0.000 seconds

NOTE: 0 MB RAM (0 GB) is required!
Estimate model parameters (epsilon = 0.100)
1. Initial log-likelihood: -366.874
2. Current log-likelihood: -366.484
Optimal log-likelihood: -366.484
Rate parameters:  A-C: 1.00000  A-G: 1.17590  A-T: 1.00000  C-G: 1.00000  C-T: 1.17590  G-T: 1.00000
Base frequencies:  A: 0.284  C: 0.200  G: 0.160  T: 0.356
Gamma shape alpha: 998.448
Parameters optimization took 2 rounds (0.001 sec)
Wrote distance file to... 
Computing ML distances based on estimated model parameters...
Calculating distance matrix: done in 0.00138622 secs using 98.97% CPU
Computing ML distances took 0.001405 sec (of wall-clock time) 0.001390 sec (of CPU time)
Setting up auxiliary I and S matrices: done in 4.2952e-05 secs using 100.1% CPU
Computing RapidNJ tree took 0.000159 sec (of wall-clock time) 0.000290 sec (of CPU time)
Log-likelihood of RapidNJ tree: -366.487
--------------------------------------------------------------------
|             INITIALIZING CANDIDATE TREE SET                      |
--------------------------------------------------------------------
Generating 98 parsimony trees... 0.023 second
Computing log-likelihood of 98 initial trees ... 0.022 seconds
Current best score: -366.484

Do NNI search on 20 best initial trees
Estimate model parameters (epsilon = 0.100)
BETTER TREE FOUND at iteration 1: -366.484
Iteration 10 / LogL: -366.484 / Time: 0h:0m:0s
UPDATE BEST LOG-LIKELIHOOD: -366.484
Iteration 20 / LogL: -366.484 / Time: 0h:0m:0s
Finish initializing candidate tree set (12)
Current best tree score: -366.484 / CPU time: 0.064
Number of iterations: 20
--------------------------------------------------------------------
|               OPTIMIZING CANDIDATE TREE SET                      |
--------------------------------------------------------------------
Iteration 30 / LogL: -366.485 / Time: 0h:0m:0s (0h:0m:0s left)
Iteration 40 / LogL: -373.773 / Time: 0h:0m:0s (0h:0m:0s left)
Iteration 50 / LogL: -366.485 / Time: 0h:0m:0s (0h:0m:0s left)
Iteration 60 / LogL: -366.485 / Time: 0h:0m:0s (0h:0m:0s left)
Iteration 70 / LogL: -366.485 / Time: 0h:0m:0s (0h:0m:0s left)
Iteration 80 / LogL: -366.485 / Time: 0h:0m:0s (0h:0m:0s left)
Iteration 90 / LogL: -379.284 / Time: 0h:0m:0s (0h:0m:0s left)
Iteration 100 / LogL: -372.427 / Time: 0h:0m:0s (0h:0m:0s left)
TREE SEARCH COMPLETED AFTER 102 ITERATIONS / Time: 0h:0m:0s

--------------------------------------------------------------------
|                    FINALIZING TREE SEARCH                        |
--------------------------------------------------------------------
Performs final model parameters optimization
Estimate model parameters (epsilon = 0.010)
1. Initial log-likelihood: -366.484
Optimal log-likelihood: -366.484
Rate parameters:  A-C: 1.00000  A-G: 1.17588  A-T: 1.00000  C-G: 1.00000  C-T: 1.17588  G-T: 1.00000
Base frequencies:  A: 0.284  C: 0.200  G: 0.160  T: 0.356
Gamma shape alpha: 998.448
Parameters optimization took 1 rounds (0.001 sec)
BEST SCORE FOUND : -366.484

Testing tree branches by aBayes parametric test...
0.001 sec.
Total tree length: 0.070

Total number of iterations: 102
CPU time used for tree search: 0.279 sec (0h:0m:0s)
Wall-clock time used for tree search: 0.313 sec (0h:0m:0s)
Total CPU time used: 0.291 sec (0h:0m:0s)
Total wall-clock time used: 0.326 sec (0h:0m:0s)

Analysis results written to: 
  IQ-TREE report:                /home/mis/CSE6406-project/work/paper_subset_50x10_L200/ils_high/replicate_01/estimated_gene_trees/L200/hky_g4/locus_0040.iqtree
  Maximum-likelihood tree:       /home/mis/CSE6406-project/work/paper_subset_50x10_L200/ils_high/replicate_01/estimated_gene_trees/L200/hky_g4/locus_0040.treefile
  Likelihood distances:          /home/mis/CSE6406-project/work/paper_subset_50x10_L200/ils_high/replicate_01/estimated_gene_trees/L200/hky_g4/locus_0040.mldist
  Screen log file:               /home/mis/CSE6406-project/work/paper_subset_50x10_L200/ils_high/replicate_01/estimated_gene_trees/L200/hky_g4/locus_0040.log

Date and Time: Sat Sep 12 21:39:15 2026
