IQ-TREE multicore version 2.4.0 for Linux x86 64-bit built Feb 12 2025
Developed by Bui Quang Minh, Nguyen Lam Tung, Olga Chernomor, Heiko Schmidt,
Dominik Schrempf, Michael Woodhams, Ly Trong Nhan, Thomas Wong

Host:    ezmata (AVX2, FMA3, 15 GB RAM)
Command: /home/mis/miniconda3/envs/cse6406/bin/iqtree2 -s /home/mis/CSE6406-project/work/paper_subset_50x10_L200/ils_high/replicate_01/alignments/L200/locus_0016.phy -m HKY+G4 --abayes -T 1 --seed 6506017 --prefix /home/mis/CSE6406-project/work/paper_subset_50x10_L200/ils_high/replicate_01/estimated_gene_trees/L200/hky_g4/locus_0016 --redo --quiet
Seed:    6506017 (Using SPRNG - Scalable Parallel Random Number Generator)
Time:    Sat Sep 12 21:39:13 2026
Kernel:  AVX+FMA - 1 threads (16 CPU cores detected)

HINT: Use -nt option to specify number of threads because your CPU has 16 cores!
HINT: -nt AUTO will automatically determine the best number of threads to use.

Reading alignment file /home/mis/CSE6406-project/work/paper_subset_50x10_L200/ils_high/replicate_01/alignments/L200/locus_0016.phy ... Phylip format detected
Alignment most likely contains DNA/RNA sequences
Alignment has 21 sequences with 200 columns, 13 distinct patterns
2 parsimony-informative, 7 singleton sites, 191 constant sites
        Gap/Ambiguity  Composition  p-value
Analyzing sequences: done in 5.854e-06 secs using 68.33% CPU
   1  9_0_0     0.00%    passed     99.99%
   2  1_0_0     0.00%    passed     99.94%
   3  2_0_0     0.00%    passed     99.99%
   4  4_0_0     0.00%    passed     99.40%
   5  3_0_0     0.00%    passed     99.82%
   6  13_0_0    0.00%    passed     99.94%
   7  19_0_0    0.00%    passed     99.94%
   8  14_0_0    0.00%    passed     99.82%
   9  8_0_0     0.00%    passed     99.99%
  10  20_0_0    0.00%    passed     99.94%
  11  16_0_0    0.00%    passed     99.99%
  12  5_0_0     0.00%    passed     99.70%
  13  10_0_0    0.00%    passed     99.99%
  14  11_0_0    0.00%    passed     99.99%
  15  7_0_0     0.00%    passed     99.80%
  16  17_0_0    0.00%    passed     99.94%
  17  12_0_0    0.00%    passed     99.94%
  18  18_0_0    0.00%    passed     99.94%
  19  15_0_0    0.00%    passed     99.99%
  20  6_0_0     0.00%    passed     99.99%
  21  0_0_0     0.00%    passed     99.63%
****  TOTAL     0.00%  0 sequences failed composition chi2 test (p-value<5%; df=3)
NOTE: 2_0_0 is identical to 9_0_0 but kept for subsequent analysis
NOTE: 19_0_0 is identical to 13_0_0 but kept for subsequent analysis
NOTE: 17_0_0 is identical to 20_0_0 but kept for subsequent analysis
NOTE: 8 identical sequences (see below) will be ignored for subsequent analysis
NOTE: 8_0_0 (identical to 9_0_0) is ignored but added at the end
NOTE: 16_0_0 (identical to 9_0_0) is ignored but added at the end
NOTE: 10_0_0 (identical to 9_0_0) is ignored but added at the end
NOTE: 11_0_0 (identical to 9_0_0) is ignored but added at the end
NOTE: 15_0_0 (identical to 9_0_0) is ignored but added at the end
NOTE: 6_0_0 (identical to 9_0_0) is ignored but added at the end
NOTE: 12_0_0 (identical to 20_0_0) is ignored but added at the end
NOTE: 18_0_0 (identical to 20_0_0) is ignored but added at the end
Alignment was printed to /home/mis/CSE6406-project/work/paper_subset_50x10_L200/ils_high/replicate_01/estimated_gene_trees/L200/hky_g4/locus_0016.uniqueseq.phy

For your convenience alignment with unique sequences printed to /home/mis/CSE6406-project/work/paper_subset_50x10_L200/ils_high/replicate_01/estimated_gene_trees/L200/hky_g4/locus_0016.uniqueseq.phy

Create initial parsimony tree by phylogenetic likelihood library (PLL)... 0.000 seconds

NOTE: 0 MB RAM (0 GB) is required!
Estimate model parameters (epsilon = 0.100)
1. Initial log-likelihood: -344.635
2. Current log-likelihood: -344.069
Optimal log-likelihood: -344.068
Rate parameters:  A-C: 1.00000  A-G: 1.43452  A-T: 1.00000  C-G: 1.00000  C-T: 1.43452  G-T: 1.00000
Base frequencies:  A: 0.315  C: 0.192  G: 0.190  T: 0.303
Gamma shape alpha: 0.020
Parameters optimization took 2 rounds (0.002 sec)
Wrote distance file to... 
Computing ML distances based on estimated model parameters...
Calculating distance matrix: done in 0.00113505 secs using 100% CPU
Computing ML distances took 0.001157 sec (of wall-clock time) 0.001159 sec (of CPU time)
Setting up auxiliary I and S matrices: done in 4.6207e-05 secs using 99.55% CPU
Computing RapidNJ tree took 0.000155 sec (of wall-clock time) 0.000287 sec (of CPU time)
Log-likelihood of RapidNJ tree: -343.883
--------------------------------------------------------------------
|             INITIALIZING CANDIDATE TREE SET                      |
--------------------------------------------------------------------
Generating 98 parsimony trees... 0.015 second
Computing log-likelihood of 98 initial trees ... 0.018 seconds
Current best score: -343.883

Do NNI search on 20 best initial trees
Estimate model parameters (epsilon = 0.100)
BETTER TREE FOUND at iteration 1: -343.872
BETTER TREE FOUND at iteration 2: -343.870
Iteration 10 / LogL: -344.081 / Time: 0h:0m:0s
Iteration 20 / LogL: -344.081 / Time: 0h:0m:0s
Finish initializing candidate tree set (20)
Current best tree score: -343.870 / CPU time: 0.054
Number of iterations: 20
--------------------------------------------------------------------
|               OPTIMIZING CANDIDATE TREE SET                      |
--------------------------------------------------------------------
BETTER TREE FOUND at iteration 28: -343.870
Iteration 30 / LogL: -343.870 / Time: 0h:0m:0s (0h:0m:0s left)
BETTER TREE FOUND at iteration 36: -343.870
Iteration 40 / LogL: -343.870 / Time: 0h:0m:0s (0h:0m:0s left)
UPDATE BEST LOG-LIKELIHOOD: -343.870
Iteration 50 / LogL: -343.870 / Time: 0h:0m:0s (0h:0m:0s left)
Iteration 60 / LogL: -343.870 / Time: 0h:0m:0s (0h:0m:0s left)
Iteration 70 / LogL: -343.870 / Time: 0h:0m:0s (0h:0m:0s left)
Iteration 80 / LogL: -343.870 / Time: 0h:0m:0s (0h:0m:0s left)
Iteration 90 / LogL: -343.870 / Time: 0h:0m:0s (0h:0m:0s left)
Iteration 100 / LogL: -343.872 / Time: 0h:0m:0s (0h:0m:0s left)
Iteration 110 / LogL: -349.939 / Time: 0h:0m:0s (0h:0m:0s left)
Iteration 120 / LogL: -343.870 / Time: 0h:0m:0s (0h:0m:0s left)
BETTER TREE FOUND at iteration 125: -343.870
BETTER TREE FOUND at iteration 126: -343.870
Iteration 130 / LogL: -343.870 / Time: 0h:0m:0s (0h:0m:0s left)
Iteration 140 / LogL: -343.870 / Time: 0h:0m:0s (0h:0m:0s left)
Iteration 150 / LogL: -343.870 / Time: 0h:0m:0s (0h:0m:0s left)
Iteration 160 / LogL: -343.870 / Time: 0h:0m:0s (0h:0m:0s left)
Iteration 170 / LogL: -343.870 / Time: 0h:0m:0s (0h:0m:0s left)
Iteration 180 / LogL: -343.870 / Time: 0h:0m:0s (0h:0m:0s left)
Iteration 190 / LogL: -343.870 / Time: 0h:0m:0s (0h:0m:0s left)
Iteration 200 / LogL: -343.870 / Time: 0h:0m:0s (0h:0m:0s left)
Iteration 210 / LogL: -343.870 / Time: 0h:0m:0s (0h:0m:0s left)
Iteration 220 / LogL: -343.871 / Time: 0h:0m:0s (0h:0m:0s left)
TREE SEARCH COMPLETED AFTER 227 ITERATIONS / Time: 0h:0m:0s

--------------------------------------------------------------------
|                    FINALIZING TREE SEARCH                        |
--------------------------------------------------------------------
Performs final model parameters optimization
Estimate model parameters (epsilon = 0.010)
1. Initial log-likelihood: -343.870
Optimal log-likelihood: -343.870
Rate parameters:  A-C: 1.00000  A-G: 1.29578  A-T: 1.00000  C-G: 1.00000  C-T: 1.29578  G-T: 1.00000
Base frequencies:  A: 0.315  C: 0.192  G: 0.190  T: 0.303
Gamma shape alpha: 0.020
Parameters optimization took 1 rounds (0.001 sec)
BEST SCORE FOUND : -343.870

Testing tree branches by aBayes parametric test...
0.000 sec.
Total tree length: 0.051

Total number of iterations: 227
CPU time used for tree search: 0.346 sec (0h:0m:0s)
Wall-clock time used for tree search: 0.392 sec (0h:0m:0s)
Total CPU time used: 0.359 sec (0h:0m:0s)
Total wall-clock time used: 0.405 sec (0h:0m:0s)

Analysis results written to: 
  IQ-TREE report:                /home/mis/CSE6406-project/work/paper_subset_50x10_L200/ils_high/replicate_01/estimated_gene_trees/L200/hky_g4/locus_0016.iqtree
  Maximum-likelihood tree:       /home/mis/CSE6406-project/work/paper_subset_50x10_L200/ils_high/replicate_01/estimated_gene_trees/L200/hky_g4/locus_0016.treefile
  Likelihood distances:          /home/mis/CSE6406-project/work/paper_subset_50x10_L200/ils_high/replicate_01/estimated_gene_trees/L200/hky_g4/locus_0016.mldist
  Screen log file:               /home/mis/CSE6406-project/work/paper_subset_50x10_L200/ils_high/replicate_01/estimated_gene_trees/L200/hky_g4/locus_0016.log

Date and Time: Sat Sep 12 21:39:13 2026
