IQ-TREE multicore version 2.4.0 for Linux x86 64-bit built Feb 12 2025
Developed by Bui Quang Minh, Nguyen Lam Tung, Olga Chernomor, Heiko Schmidt,
Dominik Schrempf, Michael Woodhams, Ly Trong Nhan, Thomas Wong

Host:    ezmata (AVX2, FMA3, 15 GB RAM)
Command: /home/mis/miniconda3/envs/cse6406/bin/iqtree2 -s /home/mis/CSE6406-project/work/paper_subset_50x10_L200/ils_high/replicate_01/alignments/L200/locus_0049.phy -m HKY+G4 --abayes -T 1 --seed 6506050 --prefix /home/mis/CSE6406-project/work/paper_subset_50x10_L200/ils_high/replicate_01/estimated_gene_trees/L200/hky_g4/locus_0049 --redo --quiet
Seed:    6506050 (Using SPRNG - Scalable Parallel Random Number Generator)
Time:    Sat Sep 12 21:39:15 2026
Kernel:  AVX+FMA - 1 threads (16 CPU cores detected)

HINT: Use -nt option to specify number of threads because your CPU has 16 cores!
HINT: -nt AUTO will automatically determine the best number of threads to use.

Reading alignment file /home/mis/CSE6406-project/work/paper_subset_50x10_L200/ils_high/replicate_01/alignments/L200/locus_0049.phy ... Phylip format detected
Alignment most likely contains DNA/RNA sequences
Alignment has 21 sequences with 200 columns, 18 distinct patterns
1 parsimony-informative, 13 singleton sites, 186 constant sites
        Gap/Ambiguity  Composition  p-value
Analyzing sequences: done in 9.74e-06 secs using 20.53% CPU
   1  0_0_0     0.00%    passed    100.00%
   2  3_0_0     0.00%    passed     99.88%
   3  2_0_0     0.00%    passed    100.00%
   4  1_0_0     0.00%    passed    100.00%
   5  4_0_0     0.00%    passed    100.00%
   6  16_0_0    0.00%    passed     99.82%
   7  8_0_0     0.00%    passed     99.88%
   8  14_0_0    0.00%    passed    100.00%
   9  20_0_0    0.00%    passed     99.82%
  10  11_0_0    0.00%    passed    100.00%
  11  7_0_0     0.00%    passed     99.82%
  12  19_0_0    0.00%    passed     99.71%
  13  12_0_0    0.00%    passed     99.90%
  14  18_0_0    0.00%    passed    100.00%
  15  13_0_0    0.00%    passed    100.00%
  16  6_0_0     0.00%    passed    100.00%
  17  5_0_0     0.00%    passed     99.75%
  18  10_0_0    0.00%    passed     99.81%
  19  9_0_0     0.00%    passed     99.81%
  20  17_0_0    0.00%    passed     99.78%
  21  15_0_0    0.00%    passed    100.00%
****  TOTAL     0.00%  0 sequences failed composition chi2 test (p-value<5%; df=3)
NOTE: 1_0_0 is identical to 2_0_0 but kept for subsequent analysis
NOTE: 9_0_0 is identical to 10_0_0 but kept for subsequent analysis
NOTE: 7 identical sequences (see below) will be ignored for subsequent analysis
NOTE: 4_0_0 (identical to 2_0_0) is ignored but added at the end
NOTE: 14_0_0 (identical to 2_0_0) is ignored but added at the end
NOTE: 11_0_0 (identical to 2_0_0) is ignored but added at the end
NOTE: 18_0_0 (identical to 2_0_0) is ignored but added at the end
NOTE: 13_0_0 (identical to 2_0_0) is ignored but added at the end
NOTE: 6_0_0 (identical to 2_0_0) is ignored but added at the end
NOTE: 15_0_0 (identical to 2_0_0) is ignored but added at the end
Alignment was printed to /home/mis/CSE6406-project/work/paper_subset_50x10_L200/ils_high/replicate_01/estimated_gene_trees/L200/hky_g4/locus_0049.uniqueseq.phy

For your convenience alignment with unique sequences printed to /home/mis/CSE6406-project/work/paper_subset_50x10_L200/ils_high/replicate_01/estimated_gene_trees/L200/hky_g4/locus_0049.uniqueseq.phy

Create initial parsimony tree by phylogenetic likelihood library (PLL)... 0.000 seconds

NOTE: 0 MB RAM (0 GB) is required!
Estimate model parameters (epsilon = 0.100)
1. Initial log-likelihood: -370.549
2. Current log-likelihood: -370.150
Optimal log-likelihood: -370.150
Rate parameters:  A-C: 1.00000  A-G: 0.81399  A-T: 1.00000  C-G: 1.00000  C-T: 0.81399  G-T: 1.00000
Base frequencies:  A: 0.265  C: 0.214  G: 0.195  T: 0.327
Gamma shape alpha: 998.448
Parameters optimization took 2 rounds (0.003 sec)
Wrote distance file to... 
Computing ML distances based on estimated model parameters...
Calculating distance matrix: done in 0.00222403 secs using 97.57% CPU
Computing ML distances took 0.002255 sec (of wall-clock time) 0.002201 sec (of CPU time)
Setting up auxiliary I and S matrices: done in 4.4018e-05 secs using 97.69% CPU
Computing RapidNJ tree took 0.000161 sec (of wall-clock time) 0.000160 sec (of CPU time)
Log-likelihood of RapidNJ tree: -370.153
--------------------------------------------------------------------
|             INITIALIZING CANDIDATE TREE SET                      |
--------------------------------------------------------------------
Generating 98 parsimony trees... 0.024 second
Computing log-likelihood of 98 initial trees ... 0.031 seconds
Current best score: -370.150

Do NNI search on 20 best initial trees
Estimate model parameters (epsilon = 0.100)
BETTER TREE FOUND at iteration 1: -370.150
Iteration 10 / LogL: -370.150 / Time: 0h:0m:0s
BETTER TREE FOUND at iteration 14: -370.150
Iteration 20 / LogL: -370.150 / Time: 0h:0m:0s
Finish initializing candidate tree set (20)
Current best tree score: -370.150 / CPU time: 0.085
Number of iterations: 20
--------------------------------------------------------------------
|               OPTIMIZING CANDIDATE TREE SET                      |
--------------------------------------------------------------------
BETTER TREE FOUND at iteration 27: -370.150
Iteration 30 / LogL: -370.150 / Time: 0h:0m:0s (0h:0m:0s left)
Iteration 40 / LogL: -370.150 / Time: 0h:0m:0s (0h:0m:0s left)
Iteration 50 / LogL: -377.410 / Time: 0h:0m:0s (0h:0m:0s left)
Iteration 60 / LogL: -370.150 / Time: 0h:0m:0s (0h:0m:0s left)
BETTER TREE FOUND at iteration 70: -370.150
Iteration 70 / LogL: -370.150 / Time: 0h:0m:0s (0h:0m:0s left)
Iteration 80 / LogL: -370.150 / Time: 0h:0m:0s (0h:0m:0s left)
Iteration 90 / LogL: -370.150 / Time: 0h:0m:0s (0h:0m:0s left)
Iteration 100 / LogL: -370.150 / Time: 0h:0m:0s (0h:0m:0s left)
Iteration 110 / LogL: -370.150 / Time: 0h:0m:0s (0h:0m:0s left)
Iteration 120 / LogL: -370.150 / Time: 0h:0m:0s (0h:0m:0s left)
Iteration 130 / LogL: -370.150 / Time: 0h:0m:0s (0h:0m:0s left)
Iteration 140 / LogL: -370.150 / Time: 0h:0m:0s (0h:0m:0s left)
BETTER TREE FOUND at iteration 143: -370.150
Iteration 150 / LogL: -370.151 / Time: 0h:0m:0s (0h:0m:0s left)
Iteration 160 / LogL: -370.150 / Time: 0h:0m:0s (0h:0m:0s left)
Iteration 170 / LogL: -370.150 / Time: 0h:0m:0s (0h:0m:0s left)
BETTER TREE FOUND at iteration 172: -370.150
Iteration 180 / LogL: -370.150 / Time: 0h:0m:0s (0h:0m:0s left)
BETTER TREE FOUND at iteration 185: -370.150
Iteration 190 / LogL: -370.150 / Time: 0h:0m:0s (0h:0m:0s left)
BETTER TREE FOUND at iteration 196: -370.150
BETTER TREE FOUND at iteration 199: -370.150
Iteration 200 / LogL: -370.150 / Time: 0h:0m:0s (0h:0m:0s left)
Iteration 210 / LogL: -370.150 / Time: 0h:0m:0s (0h:0m:0s left)
Iteration 220 / LogL: -370.150 / Time: 0h:0m:0s (0h:0m:0s left)
Iteration 230 / LogL: -370.150 / Time: 0h:0m:0s (0h:0m:0s left)
Iteration 240 / LogL: -370.150 / Time: 0h:0m:0s (0h:0m:0s left)
Iteration 250 / LogL: -370.150 / Time: 0h:0m:0s (0h:0m:0s left)
Iteration 260 / LogL: -370.151 / Time: 0h:0m:0s (0h:0m:0s left)
Iteration 270 / LogL: -370.150 / Time: 0h:0m:0s (0h:0m:0s left)
BETTER TREE FOUND at iteration 279: -370.150
Iteration 280 / LogL: -370.150 / Time: 0h:0m:0s (0h:0m:0s left)
Iteration 290 / LogL: -370.151 / Time: 0h:0m:0s (0h:0m:0s left)
Iteration 300 / LogL: -370.150 / Time: 0h:0m:0s (0h:0m:0s left)
Iteration 310 / LogL: -370.150 / Time: 0h:0m:0s (0h:0m:0s left)
Iteration 320 / LogL: -370.150 / Time: 0h:0m:0s (0h:0m:0s left)
Iteration 330 / LogL: -370.150 / Time: 0h:0m:0s (0h:0m:0s left)
Iteration 340 / LogL: -370.151 / Time: 0h:0m:0s (0h:0m:0s left)
Iteration 350 / LogL: -370.150 / Time: 0h:0m:0s (0h:0m:0s left)
Iteration 360 / LogL: -370.150 / Time: 0h:0m:0s (0h:0m:0s left)
Iteration 370 / LogL: -370.150 / Time: 0h:0m:0s (0h:0m:0s left)
Iteration 380 / LogL: -370.150 / Time: 0h:0m:0s (0h:0m:-1s left)
TREE SEARCH COMPLETED AFTER 380 ITERATIONS / Time: 0h:0m:0s

--------------------------------------------------------------------
|                    FINALIZING TREE SEARCH                        |
--------------------------------------------------------------------
Performs final model parameters optimization
Estimate model parameters (epsilon = 0.010)
1. Initial log-likelihood: -370.150
Optimal log-likelihood: -370.150
Rate parameters:  A-C: 1.00000  A-G: 0.81399  A-T: 1.00000  C-G: 1.00000  C-T: 0.81399  G-T: 1.00000
Base frequencies:  A: 0.265  C: 0.214  G: 0.195  T: 0.327
Gamma shape alpha: 998.448
Parameters optimization took 1 rounds (0.002 sec)
BEST SCORE FOUND : -370.150

Testing tree branches by aBayes parametric test...
0.001 sec.
Total tree length: 0.070

Total number of iterations: 380
CPU time used for tree search: 0.765 sec (0h:0m:0s)
Wall-clock time used for tree search: 0.818 sec (0h:0m:0s)
Total CPU time used: 0.784 sec (0h:0m:0s)
Total wall-clock time used: 0.837 sec (0h:0m:0s)

Analysis results written to: 
  IQ-TREE report:                /home/mis/CSE6406-project/work/paper_subset_50x10_L200/ils_high/replicate_01/estimated_gene_trees/L200/hky_g4/locus_0049.iqtree
  Maximum-likelihood tree:       /home/mis/CSE6406-project/work/paper_subset_50x10_L200/ils_high/replicate_01/estimated_gene_trees/L200/hky_g4/locus_0049.treefile
  Likelihood distances:          /home/mis/CSE6406-project/work/paper_subset_50x10_L200/ils_high/replicate_01/estimated_gene_trees/L200/hky_g4/locus_0049.mldist
  Screen log file:               /home/mis/CSE6406-project/work/paper_subset_50x10_L200/ils_high/replicate_01/estimated_gene_trees/L200/hky_g4/locus_0049.log

Date and Time: Sat Sep 12 21:39:16 2026
