IQ-TREE multicore version 2.4.0 for MacOS ARM 64-bit built Feb 12 2025
Developed by Bui Quang Minh, Nguyen Lam Tung, Olga Chernomor, Heiko Schmidt,
Dominik Schrempf, Michael Woodhams, Ly Trong Nhan, Thomas Wong

Host:    Fahims-MacBook-Air.local (SSE4.2, 16 GB RAM)
Command: /Users/fahim/miniconda3/envs/cse6406/bin/iqtree2 -s /Users/fahim/CSE6406-project/work/paper_subset_50x10_L1600/ils_low/replicate_09/alignments/L1600/locus_0004.phy -m GTR --abayes -T AUTO --seed 7306005 --prefix /Users/fahim/CSE6406-project/work/paper_subset_50x10_L1600/ils_low/replicate_09/estimated_gene_trees/L1600/gtr/locus_0004 --redo --quiet
Seed:    7306005 (Using SPRNG - Scalable Parallel Random Number Generator)
Time:    Fri Sep 11 19:02:00 2026
Kernel:  SSE2 - auto-detect threads (10 CPU cores detected)

Reading alignment file /Users/fahim/CSE6406-project/work/paper_subset_50x10_L1600/ils_low/replicate_09/alignments/L1600/locus_0004.phy ... Phylip format detected
Alignment most likely contains DNA/RNA sequences
Alignment has 21 sequences with 1600 columns, 925 distinct patterns
808 parsimony-informative, 158 singleton sites, 634 constant sites
        Gap/Ambiguity  Composition  p-value
Analyzing sequences: done in 4.29153e-05 secs using 156.1% CPU
   1  1_0_0     0.00%    passed     33.50%
   2  11_0_0    0.00%    passed     35.86%
   3  4_0_0     0.00%    passed     58.68%
   4  14_0_0    0.00%    passed     78.22%
   5  13_0_0    0.00%    passed     77.22%
   6  7_0_0     0.00%    passed     86.02%
   7  10_0_0    0.00%    passed     89.99%
   8  2_0_0     0.00%    passed     69.82%
   9  17_0_0    0.00%    passed     97.34%
  10  15_0_0    0.00%    passed     82.88%
  11  18_0_0    0.00%    passed     79.54%
  12  5_0_0     0.00%    passed     75.00%
  13  3_0_0     0.00%    passed     84.17%
  14  9_0_0     0.00%    passed     63.52%
  15  20_0_0    0.00%    passed     77.23%
  16  12_0_0    0.00%    passed     99.46%
  17  6_0_0     0.00%    passed     59.16%
  18  19_0_0    0.00%    passed     95.36%
  19  16_0_0    0.00%    passed     79.44%
  20  8_0_0     0.00%    passed     92.51%
  21  0_0_0     0.00%    passed     44.68%
****  TOTAL     0.00%  0 sequences failed composition chi2 test (p-value<5%; df=3)

Create initial parsimony tree by phylogenetic likelihood library (PLL)... 0.001 seconds

NOTE: 0 MB RAM (0 GB) is required!
Measuring multi-threading efficiency up to 10 CPU cores
Increase to 10 rounds for branch lengths
2830 trees examined
Threads: 1 / Time: 10.003 sec / Speedup: 1.000 / Efficiency: 100% / LogL: -27612
Threads: 2 / Time: 19.429 sec / Speedup: 0.515 / Efficiency: 26% / LogL: -27612
BEST NUMBER OF THREADS: 1

Estimate model parameters (epsilon = 0.100)
1. Initial log-likelihood: -25801.413
2. Current log-likelihood: -25681.878
3. Current log-likelihood: -25681.584
Optimal log-likelihood: -25681.584
Rate parameters:  A-C: 1.21253  A-G: 1.59505  A-T: 1.19676  C-G: 0.99131  C-T: 1.32881  G-T: 1.00000
Base frequencies:  A: 0.288  C: 0.205  G: 0.205  T: 0.302
Parameters optimization took 3 rounds (0.012 sec)
Wrote distance file to... 
Computing ML distances based on estimated model parameters...
Calculating distance matrix: done in 0.000484943 secs using 97.74% CPU
Computing ML distances took 0.000543 sec (of wall-clock time) 0.000519 sec (of CPU time)
Setting up auxiliary I and S matrices: done in 2.00272e-05 secs using 69.91% CPU
Computing RapidNJ tree took 0.000072 sec (of wall-clock time) 0.000073 sec (of CPU time)
Log-likelihood of RapidNJ tree: -25746.654
--------------------------------------------------------------------
|             INITIALIZING CANDIDATE TREE SET                      |
--------------------------------------------------------------------
Generating 98 parsimony trees... 0.109 second
Computing log-likelihood of 98 initial trees ... 0.078 seconds
Current best score: -25681.584

Do NNI search on 20 best initial trees
Estimate model parameters (epsilon = 0.100)
BETTER TREE FOUND at iteration 1: -25681.584
Estimate model parameters (epsilon = 0.100)
BETTER TREE FOUND at iteration 2: -25679.924
Iteration 10 / LogL: -25679.933 / Time: 0h:0m:29s
Iteration 20 / LogL: -25684.234 / Time: 0h:0m:29s
Finish initializing candidate tree set (7)
Current best tree score: -25679.924 / CPU time: 0.332
Number of iterations: 20
--------------------------------------------------------------------
|               OPTIMIZING CANDIDATE TREE SET                      |
--------------------------------------------------------------------
Iteration 30 / LogL: -25680.013 / Time: 0h:0m:29s (0h:1m:14s left)
Iteration 40 / LogL: -25681.663 / Time: 0h:0m:29s (0h:0m:47s left)
Iteration 50 / LogL: -25681.263 / Time: 0h:0m:30s (0h:0m:31s left)
Iteration 60 / LogL: -25679.959 / Time: 0h:0m:30s (0h:0m:21s left)
Iteration 70 / LogL: -25679.973 / Time: 0h:0m:30s (0h:0m:14s left)
Iteration 80 / LogL: -25681.329 / Time: 0h:0m:30s (0h:0m:8s left)
Iteration 90 / LogL: -25681.685 / Time: 0h:0m:30s (0h:0m:4s left)
Iteration 100 / LogL: -25681.702 / Time: 0h:0m:30s (0h:0m:0s left)
TREE SEARCH COMPLETED AFTER 103 ITERATIONS / Time: 0h:0m:30s

--------------------------------------------------------------------
|                    FINALIZING TREE SEARCH                        |
--------------------------------------------------------------------
Performs final model parameters optimization
Estimate model parameters (epsilon = 0.010)
1. Initial log-likelihood: -25679.924
Optimal log-likelihood: -25679.923
Rate parameters:  A-C: 1.21105  A-G: 1.59393  A-T: 1.20578  C-G: 1.01456  C-T: 1.32961  G-T: 1.00000
Base frequencies:  A: 0.288  C: 0.205  G: 0.205  T: 0.302
Parameters optimization took 1 rounds (0.002 sec)
BEST SCORE FOUND : -25679.923

Testing tree branches by aBayes parametric test...
0.002 sec.
Total tree length: 4.340

Total number of iterations: 103
CPU time used for tree search: 1.144 sec (0h:0m:1s)
Wall-clock time used for tree search: 1.152 sec (0h:0m:1s)
Total CPU time used: 27.159 sec (0h:0m:27s)
Total wall-clock time used: 30.609 sec (0h:0m:30s)

Analysis results written to: 
  IQ-TREE report:                /Users/fahim/CSE6406-project/work/paper_subset_50x10_L1600/ils_low/replicate_09/estimated_gene_trees/L1600/gtr/locus_0004.iqtree
  Maximum-likelihood tree:       /Users/fahim/CSE6406-project/work/paper_subset_50x10_L1600/ils_low/replicate_09/estimated_gene_trees/L1600/gtr/locus_0004.treefile
  Likelihood distances:          /Users/fahim/CSE6406-project/work/paper_subset_50x10_L1600/ils_low/replicate_09/estimated_gene_trees/L1600/gtr/locus_0004.mldist
  Screen log file:               /Users/fahim/CSE6406-project/work/paper_subset_50x10_L1600/ils_low/replicate_09/estimated_gene_trees/L1600/gtr/locus_0004.log

Date and Time: Fri Sep 11 19:02:31 2026
