IQ-TREE multicore version 2.4.0 for MacOS ARM 64-bit built Feb 12 2025
Developed by Bui Quang Minh, Nguyen Lam Tung, Olga Chernomor, Heiko Schmidt,
Dominik Schrempf, Michael Woodhams, Ly Trong Nhan, Thomas Wong

Host:    Fahims-MacBook-Air.local (SSE4.2, 16 GB RAM)
Command: /Users/fahim/miniconda3/envs/cse6406/bin/iqtree2 -s /Users/fahim/CSE6406-project/work/paper_subset_50x10_L1600/ils_low/replicate_09/alignments/L1600/locus_0032.phy -m GTR --abayes -T AUTO --seed 7306033 --prefix /Users/fahim/CSE6406-project/work/paper_subset_50x10_L1600/ils_low/replicate_09/estimated_gene_trees/L1600/gtr/locus_0032 --redo --quiet
Seed:    7306033 (Using SPRNG - Scalable Parallel Random Number Generator)
Time:    Fri Sep 11 19:16:17 2026
Kernel:  SSE2 - auto-detect threads (10 CPU cores detected)

Reading alignment file /Users/fahim/CSE6406-project/work/paper_subset_50x10_L1600/ils_low/replicate_09/alignments/L1600/locus_0032.phy ... Phylip format detected
Alignment most likely contains DNA/RNA sequences
Alignment has 21 sequences with 1600 columns, 925 distinct patterns
819 parsimony-informative, 141 singleton sites, 640 constant sites
        Gap/Ambiguity  Composition  p-value
Analyzing sequences: done in 4.00543e-05 secs using 122.3% CPU
   1  1_0_0     0.00%    passed     67.16%
   2  8_0_0     0.00%    passed     98.10%
   3  16_0_0    0.00%    passed     80.72%
   4  4_0_0     0.00%    passed     89.24%
   5  11_0_0    0.00%    passed     87.53%
   6  10_0_0    0.00%    passed     38.38%
   7  2_0_0     0.00%    passed     89.02%
   8  7_0_0     0.00%    passed     55.64%
   9  5_0_0     0.00%    passed     99.75%
  10  17_0_0    0.00%    passed     20.21%
  11  18_0_0    0.00%    passed     90.30%
  12  15_0_0    0.00%    passed     82.36%
  13  20_0_0    0.00%    passed     98.69%
  14  12_0_0    0.00%    passed     99.87%
  15  6_0_0     0.00%    passed     65.24%
  16  19_0_0    0.00%    passed     74.19%
  17  9_0_0     0.00%    passed     39.76%
  18  3_0_0     0.00%    passed     94.42%
  19  14_0_0    0.00%    passed     55.15%
  20  13_0_0    0.00%    passed     64.06%
  21  0_0_0     0.00%    passed     74.52%
****  TOTAL     0.00%  0 sequences failed composition chi2 test (p-value<5%; df=3)

Create initial parsimony tree by phylogenetic likelihood library (PLL)... 0.001 seconds

NOTE: 0 MB RAM (0 GB) is required!
Measuring multi-threading efficiency up to 10 CPU cores
Increase to 10 rounds for branch lengths
2821 trees examined
Threads: 1 / Time: 10.000 sec / Speedup: 1.000 / Efficiency: 100% / LogL: -27696
Threads: 2 / Time: 19.287 sec / Speedup: 0.519 / Efficiency: 26% / LogL: -27696
BEST NUMBER OF THREADS: 1

Estimate model parameters (epsilon = 0.100)
1. Initial log-likelihood: -25903.255
2. Current log-likelihood: -25768.984
3. Current log-likelihood: -25768.715
Optimal log-likelihood: -25768.714
Rate parameters:  A-C: 0.96760  A-G: 1.29755  A-T: 1.07251  C-G: 0.91101  C-T: 1.37783  G-T: 1.00000
Base frequencies:  A: 0.297  C: 0.203  G: 0.204  T: 0.297
Parameters optimization took 3 rounds (0.013 sec)
Wrote distance file to... 
Computing ML distances based on estimated model parameters...
Calculating distance matrix: done in 0.000488043 secs using 98.97% CPU
Computing ML distances took 0.000549 sec (of wall-clock time) 0.000527 sec (of CPU time)
Setting up auxiliary I and S matrices: done in 1.90735e-05 secs using 68.16% CPU
Computing RapidNJ tree took 0.000069 sec (of wall-clock time) 0.000069 sec (of CPU time)
Log-likelihood of RapidNJ tree: -25790.384
--------------------------------------------------------------------
|             INITIALIZING CANDIDATE TREE SET                      |
--------------------------------------------------------------------
Generating 98 parsimony trees... 0.097 second
Computing log-likelihood of 98 initial trees ... 0.072 seconds
Current best score: -25765.708

Do NNI search on 20 best initial trees
Estimate model parameters (epsilon = 0.100)
BETTER TREE FOUND at iteration 1: -25759.560
Estimate model parameters (epsilon = 0.100)
BETTER TREE FOUND at iteration 2: -25752.786
Iteration 10 / LogL: -25752.799 / Time: 0h:0m:29s
Iteration 20 / LogL: -25765.740 / Time: 0h:0m:29s
Finish initializing candidate tree set (7)
Current best tree score: -25752.786 / CPU time: 0.321
Number of iterations: 20
--------------------------------------------------------------------
|               OPTIMIZING CANDIDATE TREE SET                      |
--------------------------------------------------------------------
Iteration 30 / LogL: -25760.521 / Time: 0h:0m:29s (0h:1m:13s left)
Iteration 40 / LogL: -25753.241 / Time: 0h:0m:29s (0h:0m:47s left)
Iteration 50 / LogL: -25752.794 / Time: 0h:0m:29s (0h:0m:31s left)
Iteration 60 / LogL: -25752.803 / Time: 0h:0m:30s (0h:0m:21s left)
Iteration 70 / LogL: -25765.744 / Time: 0h:0m:30s (0h:0m:13s left)
Iteration 80 / LogL: -25760.410 / Time: 0h:0m:30s (0h:0m:8s left)
Iteration 90 / LogL: -25759.818 / Time: 0h:0m:30s (0h:0m:4s left)
Iteration 100 / LogL: -25753.159 / Time: 0h:0m:30s (0h:0m:0s left)
TREE SEARCH COMPLETED AFTER 103 ITERATIONS / Time: 0h:0m:30s

--------------------------------------------------------------------
|                    FINALIZING TREE SEARCH                        |
--------------------------------------------------------------------
Performs final model parameters optimization
Estimate model parameters (epsilon = 0.010)
1. Initial log-likelihood: -25752.786
Optimal log-likelihood: -25752.782
Rate parameters:  A-C: 0.96217  A-G: 1.28814  A-T: 1.06775  C-G: 0.91349  C-T: 1.37235  G-T: 1.00000
Base frequencies:  A: 0.297  C: 0.203  G: 0.204  T: 0.297
Parameters optimization took 1 rounds (0.002 sec)
BEST SCORE FOUND : -25752.782

Testing tree branches by aBayes parametric test...
0.002 sec.
Total tree length: 4.442

Total number of iterations: 103
CPU time used for tree search: 1.084 sec (0h:0m:1s)
Wall-clock time used for tree search: 1.089 sec (0h:0m:1s)
Total CPU time used: 26.921 sec (0h:0m:26s)
Total wall-clock time used: 30.401 sec (0h:0m:30s)

Analysis results written to: 
  IQ-TREE report:                /Users/fahim/CSE6406-project/work/paper_subset_50x10_L1600/ils_low/replicate_09/estimated_gene_trees/L1600/gtr/locus_0032.iqtree
  Maximum-likelihood tree:       /Users/fahim/CSE6406-project/work/paper_subset_50x10_L1600/ils_low/replicate_09/estimated_gene_trees/L1600/gtr/locus_0032.treefile
  Likelihood distances:          /Users/fahim/CSE6406-project/work/paper_subset_50x10_L1600/ils_low/replicate_09/estimated_gene_trees/L1600/gtr/locus_0032.mldist
  Screen log file:               /Users/fahim/CSE6406-project/work/paper_subset_50x10_L1600/ils_low/replicate_09/estimated_gene_trees/L1600/gtr/locus_0032.log

Date and Time: Fri Sep 11 19:16:47 2026
