IQ-TREE multicore version 2.4.0 for MacOS ARM 64-bit built Feb 12 2025
Developed by Bui Quang Minh, Nguyen Lam Tung, Olga Chernomor, Heiko Schmidt,
Dominik Schrempf, Michael Woodhams, Ly Trong Nhan, Thomas Wong

Host:    Fahims-MacBook-Air.local (SSE4.2, 16 GB RAM)
Command: /Users/fahim/miniconda3/envs/cse6406/bin/iqtree2 -s /Users/fahim/CSE6406-project/work/paper_subset_50x10_L1600/ils_low/replicate_09/alignments/L1600/locus_0014.phy -m GTR --abayes -T AUTO --seed 7306015 --prefix /Users/fahim/CSE6406-project/work/paper_subset_50x10_L1600/ils_low/replicate_09/estimated_gene_trees/L1600/gtr/locus_0014 --redo --quiet
Seed:    7306015 (Using SPRNG - Scalable Parallel Random Number Generator)
Time:    Fri Sep 11 19:07:04 2026
Kernel:  SSE2 - auto-detect threads (10 CPU cores detected)

Reading alignment file /Users/fahim/CSE6406-project/work/paper_subset_50x10_L1600/ils_low/replicate_09/alignments/L1600/locus_0014.phy ... Phylip format detected
Alignment most likely contains DNA/RNA sequences
Alignment has 21 sequences with 1600 columns, 922 distinct patterns
825 parsimony-informative, 136 singleton sites, 639 constant sites
        Gap/Ambiguity  Composition  p-value
Analyzing sequences: done in 3.8147e-05 secs using 159.9% CPU
   1  8_0_0     0.00%    passed     41.51%
   2  16_0_0    0.00%    passed     85.02%
   3  3_0_0     0.00%    passed     36.37%
   4  9_0_0     0.00%    passed     99.12%
   5  12_0_0    0.00%    passed     42.36%
   6  20_0_0    0.00%    passed     58.64%
   7  19_0_0    0.00%    passed     71.91%
   8  6_0_0     0.00%    passed     60.79%
   9  11_0_0    0.00%    passed     46.08%
  10  4_0_0     0.00%    passed     21.34%
  11  7_0_0     0.00%    passed     66.99%
  12  10_0_0    0.00%    passed     67.71%
  13  2_0_0     0.00%    passed     66.77%
  14  15_0_0    0.00%    passed     18.13%
  15  17_0_0    0.00%    passed     92.11%
  16  18_0_0    0.00%    passed     90.41%
  17  5_0_0     0.00%    passed     80.20%
  18  14_0_0    0.00%    passed     97.44%
  19  13_0_0    0.00%    passed     79.87%
  20  1_0_0     0.00%    passed     63.98%
  21  0_0_0     0.00%    passed     83.38%
****  TOTAL     0.00%  0 sequences failed composition chi2 test (p-value<5%; df=3)

Create initial parsimony tree by phylogenetic likelihood library (PLL)... 0.001 seconds

NOTE: 0 MB RAM (0 GB) is required!
Measuring multi-threading efficiency up to 10 CPU cores
Increase to 10 rounds for branch lengths
2953 trees examined
Threads: 1 / Time: 10.001 sec / Speedup: 1.000 / Efficiency: 100% / LogL: -27864
Threads: 2 / Time: 19.029 sec / Speedup: 0.526 / Efficiency: 26% / LogL: -27864
BEST NUMBER OF THREADS: 1

Estimate model parameters (epsilon = 0.100)
1. Initial log-likelihood: -25694.998
2. Current log-likelihood: -25572.997
3. Current log-likelihood: -25572.764
Optimal log-likelihood: -25572.763
Rate parameters:  A-C: 0.96593  A-G: 1.25146  A-T: 0.97265  C-G: 0.83218  C-T: 1.35415  G-T: 1.00000
Base frequencies:  A: 0.305  C: 0.203  G: 0.199  T: 0.294
Parameters optimization took 3 rounds (0.011 sec)
Wrote distance file to... 
Computing ML distances based on estimated model parameters...
Calculating distance matrix: done in 0.000442982 secs using 97.52% CPU
Computing ML distances took 0.000496 sec (of wall-clock time) 0.000470 sec (of CPU time)
Setting up auxiliary I and S matrices: done in 1.50204e-05 secs using 66.58% CPU
Computing RapidNJ tree took 0.000057 sec (of wall-clock time) 0.000060 sec (of CPU time)
Log-likelihood of RapidNJ tree: -25620.758
--------------------------------------------------------------------
|             INITIALIZING CANDIDATE TREE SET                      |
--------------------------------------------------------------------
Generating 98 parsimony trees... 0.091 second
Computing log-likelihood of 98 initial trees ... 0.067 seconds
Current best score: -25572.763

Do NNI search on 20 best initial trees
Estimate model parameters (epsilon = 0.100)
BETTER TREE FOUND at iteration 1: -25566.433
Estimate model parameters (epsilon = 0.100)
BETTER TREE FOUND at iteration 2: -25566.054
Iteration 10 / LogL: -25572.373 / Time: 0h:0m:29s
Iteration 20 / LogL: -25566.058 / Time: 0h:0m:29s
Finish initializing candidate tree set (8)
Current best tree score: -25566.054 / CPU time: 0.305
Number of iterations: 20
--------------------------------------------------------------------
|               OPTIMIZING CANDIDATE TREE SET                      |
--------------------------------------------------------------------
Iteration 30 / LogL: -25581.131 / Time: 0h:0m:29s (0h:1m:13s left)
Iteration 40 / LogL: -25580.184 / Time: 0h:0m:29s (0h:0m:46s left)
Iteration 50 / LogL: -25572.367 / Time: 0h:0m:29s (0h:0m:31s left)
Iteration 60 / LogL: -25573.446 / Time: 0h:0m:29s (0h:0m:21s left)
Iteration 70 / LogL: -25585.005 / Time: 0h:0m:29s (0h:0m:13s left)
Iteration 80 / LogL: -25566.123 / Time: 0h:0m:29s (0h:0m:8s left)
Iteration 90 / LogL: -25566.072 / Time: 0h:0m:29s (0h:0m:4s left)
Iteration 100 / LogL: -25572.400 / Time: 0h:0m:30s (0h:0m:0s left)
TREE SEARCH COMPLETED AFTER 103 ITERATIONS / Time: 0h:0m:30s

--------------------------------------------------------------------
|                    FINALIZING TREE SEARCH                        |
--------------------------------------------------------------------
Performs final model parameters optimization
Estimate model parameters (epsilon = 0.010)
1. Initial log-likelihood: -25566.054
Optimal log-likelihood: -25566.050
Rate parameters:  A-C: 0.97083  A-G: 1.26230  A-T: 0.97328  C-G: 0.82912  C-T: 1.36342  G-T: 1.00000
Base frequencies:  A: 0.305  C: 0.203  G: 0.199  T: 0.294
Parameters optimization took 1 rounds (0.002 sec)
BEST SCORE FOUND : -25566.050

Testing tree branches by aBayes parametric test...
0.002 sec.
Total tree length: 4.387

Total number of iterations: 103
CPU time used for tree search: 1.064 sec (0h:0m:1s)
Wall-clock time used for tree search: 1.067 sec (0h:0m:1s)
Total CPU time used: 26.734 sec (0h:0m:26s)
Total wall-clock time used: 30.120 sec (0h:0m:30s)

Analysis results written to: 
  IQ-TREE report:                /Users/fahim/CSE6406-project/work/paper_subset_50x10_L1600/ils_low/replicate_09/estimated_gene_trees/L1600/gtr/locus_0014.iqtree
  Maximum-likelihood tree:       /Users/fahim/CSE6406-project/work/paper_subset_50x10_L1600/ils_low/replicate_09/estimated_gene_trees/L1600/gtr/locus_0014.treefile
  Likelihood distances:          /Users/fahim/CSE6406-project/work/paper_subset_50x10_L1600/ils_low/replicate_09/estimated_gene_trees/L1600/gtr/locus_0014.mldist
  Screen log file:               /Users/fahim/CSE6406-project/work/paper_subset_50x10_L1600/ils_low/replicate_09/estimated_gene_trees/L1600/gtr/locus_0014.log

Date and Time: Fri Sep 11 19:07:34 2026
