IQ-TREE multicore version 2.4.0 for Linux x86 64-bit built Feb 12 2025
Developed by Bui Quang Minh, Nguyen Lam Tung, Olga Chernomor, Heiko Schmidt,
Dominik Schrempf, Michael Woodhams, Ly Trong Nhan, Thomas Wong

Host:    ezmata (AVX2, FMA3, 15 GB RAM)
Command: /home/mis/miniconda3/envs/cse6406/bin/iqtree2 -s /home/mis/CSE6406-project/work/paper_subset_50x10_L200/ils_low/replicate_01/alignments/L200/locus_0022.phy -m GTR --abayes -T 1 --seed 6506023 --prefix /home/mis/CSE6406-project/work/paper_subset_50x10_L200/ils_low/replicate_01/estimated_gene_trees/L200/gtr/locus_0022 --redo --quiet
Seed:    6506023 (Using SPRNG - Scalable Parallel Random Number Generator)
Time:    Sat Sep 12 21:30:23 2026
Kernel:  AVX+FMA - 1 threads (16 CPU cores detected)

HINT: Use -nt option to specify number of threads because your CPU has 16 cores!
HINT: -nt AUTO will automatically determine the best number of threads to use.

Reading alignment file /home/mis/CSE6406-project/work/paper_subset_50x10_L200/ils_low/replicate_01/alignments/L200/locus_0022.phy ... Phylip format detected
Alignment most likely contains DNA/RNA sequences
Alignment has 21 sequences with 200 columns, 13 distinct patterns
3 parsimony-informative, 6 singleton sites, 191 constant sites
        Gap/Ambiguity  Composition  p-value
Analyzing sequences: done in 7.583e-06 secs using 13.19% CPU
   1  3_0_0     0.00%    passed    100.00%
   2  2_0_0     0.00%    passed    100.00%
   3  4_0_0     0.00%    passed     99.74%
   4  1_0_0     0.00%    passed    100.00%
   5  19_0_0    0.00%    passed    100.00%
   6  11_0_0    0.00%    passed     99.87%
   7  20_0_0    0.00%    passed     99.27%
   8  8_0_0     0.00%    passed     99.27%
   9  14_0_0    0.00%    passed     99.27%
  10  16_0_0    0.00%    passed    100.00%
  11  7_0_0     0.00%    passed    100.00%
  12  10_0_0    0.00%    passed    100.00%
  13  9_0_0     0.00%    passed    100.00%
  14  5_0_0     0.00%    passed    100.00%
  15  13_0_0    0.00%    passed     99.55%
  16  6_0_0     0.00%    passed     99.70%
  17  12_0_0    0.00%    passed     99.85%
  18  18_0_0    0.00%    passed     99.85%
  19  17_0_0    0.00%    passed    100.00%
  20  15_0_0    0.00%    passed    100.00%
  21  0_0_0     0.00%    passed     99.80%
****  TOTAL     0.00%  0 sequences failed composition chi2 test (p-value<5%; df=3)
NOTE: 2_0_0 is identical to 3_0_0 but kept for subsequent analysis
NOTE: 8_0_0 is identical to 20_0_0 but kept for subsequent analysis
NOTE: 18_0_0 is identical to 12_0_0 but kept for subsequent analysis
NOTE: 10 identical sequences (see below) will be ignored for subsequent analysis
NOTE: 1_0_0 (identical to 3_0_0) is ignored but added at the end
NOTE: 19_0_0 (identical to 3_0_0) is ignored but added at the end
NOTE: 16_0_0 (identical to 3_0_0) is ignored but added at the end
NOTE: 7_0_0 (identical to 3_0_0) is ignored but added at the end
NOTE: 10_0_0 (identical to 3_0_0) is ignored but added at the end
NOTE: 9_0_0 (identical to 3_0_0) is ignored but added at the end
NOTE: 5_0_0 (identical to 3_0_0) is ignored but added at the end
NOTE: 17_0_0 (identical to 3_0_0) is ignored but added at the end
NOTE: 15_0_0 (identical to 3_0_0) is ignored but added at the end
NOTE: 14_0_0 (identical to 20_0_0) is ignored but added at the end
Alignment was printed to /home/mis/CSE6406-project/work/paper_subset_50x10_L200/ils_low/replicate_01/estimated_gene_trees/L200/gtr/locus_0022.uniqueseq.phy

For your convenience alignment with unique sequences printed to /home/mis/CSE6406-project/work/paper_subset_50x10_L200/ils_low/replicate_01/estimated_gene_trees/L200/gtr/locus_0022.uniqueseq.phy

Create initial parsimony tree by phylogenetic likelihood library (PLL)... 0.000 seconds

NOTE: 0 MB RAM (0 GB) is required!
Estimate model parameters (epsilon = 0.100)
1. Initial log-likelihood: -334.434
2. Current log-likelihood: -332.349
3. Current log-likelihood: -331.219
4. Current log-likelihood: -330.365
5. Current log-likelihood: -329.332
Optimal log-likelihood: -329.297
Rate parameters:  A-C: 0.16529  A-G: 0.50584  A-T: 0.13239  C-G: 0.00010  C-T: 0.00010  G-T: 1.00000
Warning! Some parameters hit the boundaries
Base frequencies:  A: 0.360  C: 0.195  G: 0.196  T: 0.249
Parameters optimization took 5 rounds (0.005 sec)
Wrote distance file to... 
Computing ML distances based on estimated model parameters...
Calculating distance matrix: done in 0.000291278 secs using 99.56% CPU
Computing ML distances took 0.000310 sec (of wall-clock time) 0.000313 sec (of CPU time)
Setting up auxiliary I and S matrices: done in 3.7164e-05 secs
Computing RapidNJ tree took 0.000111 sec (of wall-clock time) 0.000000 sec (of CPU time)
Log-likelihood of RapidNJ tree: -329.299
--------------------------------------------------------------------
|             INITIALIZING CANDIDATE TREE SET                      |
--------------------------------------------------------------------
Generating 98 parsimony trees... 0.014 second
Computing log-likelihood of 98 initial trees ... 0.015 seconds
Current best score: -329.297

Do NNI search on 20 best initial trees
Estimate model parameters (epsilon = 0.100)
BETTER TREE FOUND at iteration 1: -329.296
BETTER TREE FOUND at iteration 2: -329.296
Iteration 10 / LogL: -329.296 / Time: 0h:0m:0s
BETTER TREE FOUND at iteration 17: -329.296
Iteration 20 / LogL: -329.296 / Time: 0h:0m:0s
Finish initializing candidate tree set (20)
Current best tree score: -329.296 / CPU time: 0.041
Number of iterations: 20
--------------------------------------------------------------------
|               OPTIMIZING CANDIDATE TREE SET                      |
--------------------------------------------------------------------
Iteration 30 / LogL: -329.297 / Time: 0h:0m:0s (0h:0m:0s left)
Iteration 40 / LogL: -329.296 / Time: 0h:0m:0s (0h:0m:0s left)
Iteration 50 / LogL: -329.296 / Time: 0h:0m:0s (0h:0m:0s left)
Iteration 60 / LogL: -329.297 / Time: 0h:0m:0s (0h:0m:0s left)
Iteration 70 / LogL: -329.296 / Time: 0h:0m:0s (0h:0m:0s left)
BETTER TREE FOUND at iteration 75: -329.296
Iteration 80 / LogL: -329.298 / Time: 0h:0m:0s (0h:0m:0s left)
Iteration 90 / LogL: -329.296 / Time: 0h:0m:0s (0h:0m:0s left)
Iteration 100 / LogL: -329.297 / Time: 0h:0m:0s (0h:0m:0s left)
BETTER TREE FOUND at iteration 108: -329.296
Iteration 110 / LogL: -329.297 / Time: 0h:0m:0s (0h:0m:0s left)
Iteration 120 / LogL: -329.297 / Time: 0h:0m:0s (0h:0m:0s left)
Iteration 130 / LogL: -329.297 / Time: 0h:0m:0s (0h:0m:0s left)
BETTER TREE FOUND at iteration 132: -329.296
Iteration 140 / LogL: -329.296 / Time: 0h:0m:0s (0h:0m:0s left)
Iteration 150 / LogL: -329.297 / Time: 0h:0m:0s (0h:0m:0s left)
Iteration 160 / LogL: -329.297 / Time: 0h:0m:0s (0h:0m:0s left)
Iteration 170 / LogL: -329.297 / Time: 0h:0m:0s (0h:0m:0s left)
BETTER TREE FOUND at iteration 180: -329.296
Iteration 180 / LogL: -329.296 / Time: 0h:0m:0s (0h:0m:0s left)
Iteration 190 / LogL: -329.296 / Time: 0h:0m:0s (0h:0m:0s left)
Iteration 200 / LogL: -329.297 / Time: 0h:0m:0s (0h:0m:0s left)
Iteration 210 / LogL: -329.296 / Time: 0h:0m:0s (0h:0m:0s left)
Iteration 220 / LogL: -329.297 / Time: 0h:0m:0s (0h:0m:0s left)
Iteration 230 / LogL: -329.297 / Time: 0h:0m:0s (0h:0m:0s left)
Iteration 240 / LogL: -329.297 / Time: 0h:0m:0s (0h:0m:0s left)
Iteration 250 / LogL: -329.297 / Time: 0h:0m:0s (0h:0m:0s left)
Iteration 260 / LogL: -329.297 / Time: 0h:0m:0s (0h:0m:0s left)
Iteration 270 / LogL: -329.296 / Time: 0h:0m:0s (0h:0m:0s left)
Iteration 280 / LogL: -329.297 / Time: 0h:0m:0s (0h:0m:0s left)
TREE SEARCH COMPLETED AFTER 281 ITERATIONS / Time: 0h:0m:0s

--------------------------------------------------------------------
|                    FINALIZING TREE SEARCH                        |
--------------------------------------------------------------------
Performs final model parameters optimization
Estimate model parameters (epsilon = 0.010)
1. Initial log-likelihood: -329.296
Optimal log-likelihood: -329.296
Rate parameters:  A-C: 0.17184  A-G: 0.51364  A-T: 0.13394  C-G: 0.00010  C-T: 0.00010  G-T: 1.00000
Warning! Some parameters hit the boundaries
Base frequencies:  A: 0.360  C: 0.195  G: 0.196  T: 0.249
Parameters optimization took 1 rounds (0.001 sec)
BEST SCORE FOUND : -329.296

Testing tree branches by aBayes parametric test...
0.000 sec.
Total tree length: 0.045

Total number of iterations: 281
CPU time used for tree search: 0.281 sec (0h:0m:0s)
Wall-clock time used for tree search: 0.313 sec (0h:0m:0s)
Total CPU time used: 0.296 sec (0h:0m:0s)
Total wall-clock time used: 0.329 sec (0h:0m:0s)

Analysis results written to: 
  IQ-TREE report:                /home/mis/CSE6406-project/work/paper_subset_50x10_L200/ils_low/replicate_01/estimated_gene_trees/L200/gtr/locus_0022.iqtree
  Maximum-likelihood tree:       /home/mis/CSE6406-project/work/paper_subset_50x10_L200/ils_low/replicate_01/estimated_gene_trees/L200/gtr/locus_0022.treefile
  Likelihood distances:          /home/mis/CSE6406-project/work/paper_subset_50x10_L200/ils_low/replicate_01/estimated_gene_trees/L200/gtr/locus_0022.mldist
  Screen log file:               /home/mis/CSE6406-project/work/paper_subset_50x10_L200/ils_low/replicate_01/estimated_gene_trees/L200/gtr/locus_0022.log

Date and Time: Sat Sep 12 21:30:23 2026
