IQ-TREE multicore version 2.4.0 for MacOS ARM 64-bit built Feb 12 2025
Developed by Bui Quang Minh, Nguyen Lam Tung, Olga Chernomor, Heiko Schmidt,
Dominik Schrempf, Michael Woodhams, Ly Trong Nhan, Thomas Wong

Host:    Fahims-MacBook-Air.local (SSE4.2, 16 GB RAM)
Command: /Users/fahim/miniconda3/envs/cse6406/bin/iqtree2 -s /Users/fahim/CSE6406-project/work/paper_subset_50x10_L1600/ils_low/replicate_03/alignments/L1600/locus_0039.phy -m GTR --abayes -T AUTO --seed 6706040 --prefix /Users/fahim/CSE6406-project/work/paper_subset_50x10_L1600/ils_low/replicate_03/estimated_gene_trees/L1600/gtr/locus_0039 --redo --quiet
Seed:    6706040 (Using SPRNG - Scalable Parallel Random Number Generator)
Time:    Fri Sep 11 06:07:31 2026
Kernel:  SSE2 - auto-detect threads (10 CPU cores detected)

Reading alignment file /Users/fahim/CSE6406-project/work/paper_subset_50x10_L1600/ils_low/replicate_03/alignments/L1600/locus_0039.phy ... Phylip format detected
Alignment most likely contains DNA/RNA sequences
Alignment has 21 sequences with 1600 columns, 817 distinct patterns
716 parsimony-informative, 147 singleton sites, 737 constant sites
        Gap/Ambiguity  Composition  p-value
Analyzing sequences: done in 4.1008e-05 secs using 129.2% CPU
   1  0_0_0     0.00%    passed     66.42%
   2  3_0_0     0.00%    passed     79.97%
   3  1_0_0     0.00%    passed     97.01%
   4  2_0_0     0.00%    passed     97.58%
   5  11_0_0    0.00%    passed     99.45%
   6  8_0_0     0.00%    passed     31.38%
   7  16_0_0    0.00%    passed     31.13%
   8  19_0_0    0.00%    passed     91.71%
   9  10_0_0    0.00%    passed     96.69%
  10  12_0_0    0.00%    passed     99.49%
  11  17_0_0    0.00%    passed     71.13%
  12  13_0_0    0.00%    passed     46.22%
  13  4_0_0     0.00%    passed     96.18%
  14  15_0_0    0.00%    passed     83.54%
  15  20_0_0    0.00%    passed     74.65%
  16  6_0_0     0.00%    passed     56.71%
  17  9_0_0     0.00%    passed     96.95%
  18  7_0_0     0.00%    passed     59.15%
  19  14_0_0    0.00%    passed     53.67%
  20  5_0_0     0.00%    passed     78.79%
  21  18_0_0    0.00%    passed     81.27%
****  TOTAL     0.00%  0 sequences failed composition chi2 test (p-value<5%; df=3)

Create initial parsimony tree by phylogenetic likelihood library (PLL)... 0.001 seconds

NOTE: 0 MB RAM (0 GB) is required!
Measuring multi-threading efficiency up to 10 CPU cores
Increase to 10 rounds for branch lengths
3310 trees examined
Threads: 1 / Time: 10.001 sec / Speedup: 1.000 / Efficiency: 100% / LogL: -25047
Threads: 2 / Time: 20.327 sec / Speedup: 0.492 / Efficiency: 25% / LogL: -25047
BEST NUMBER OF THREADS: 1

Estimate model parameters (epsilon = 0.100)
1. Initial log-likelihood: -22314.482
2. Current log-likelihood: -22194.758
3. Current log-likelihood: -22194.536
Optimal log-likelihood: -22194.536
Rate parameters:  A-C: 0.89442  A-G: 1.39006  A-T: 0.82331  C-G: 0.95510  C-T: 1.17894  G-T: 1.00000
Base frequencies:  A: 0.304  C: 0.197  G: 0.183  T: 0.316
Parameters optimization took 3 rounds (0.011 sec)
Wrote distance file to... 
Computing ML distances based on estimated model parameters...
Calculating distance matrix: done in 0.000453949 secs using 97.81% CPU
Computing ML distances took 0.000504 sec (of wall-clock time) 0.000481 sec (of CPU time)
Setting up auxiliary I and S matrices: done in 1.50204e-05 secs using 73.23% CPU
Computing RapidNJ tree took 0.000058 sec (of wall-clock time) 0.000064 sec (of CPU time)
Log-likelihood of RapidNJ tree: -22299.552
--------------------------------------------------------------------
|             INITIALIZING CANDIDATE TREE SET                      |
--------------------------------------------------------------------
Generating 98 parsimony trees... 0.084 second
Computing log-likelihood of 98 initial trees ... 0.064 seconds
Current best score: -22194.536

Do NNI search on 20 best initial trees
Estimate model parameters (epsilon = 0.100)
BETTER TREE FOUND at iteration 1: -22194.536
Estimate model parameters (epsilon = 0.100)
BETTER TREE FOUND at iteration 2: -22190.016
Iteration 10 / LogL: -22203.542 / Time: 0h:0m:30s
Iteration 20 / LogL: -22190.057 / Time: 0h:0m:30s
Finish initializing candidate tree set (5)
Current best tree score: -22190.016 / CPU time: 0.294
Number of iterations: 20
--------------------------------------------------------------------
|               OPTIMIZING CANDIDATE TREE SET                      |
--------------------------------------------------------------------
Iteration 30 / LogL: -22203.556 / Time: 0h:0m:30s (0h:1m:16s left)
Iteration 40 / LogL: -22190.683 / Time: 0h:0m:30s (0h:0m:48s left)
Iteration 50 / LogL: -22194.650 / Time: 0h:0m:30s (0h:0m:32s left)
Iteration 60 / LogL: -22204.337 / Time: 0h:0m:30s (0h:0m:22s left)
Iteration 70 / LogL: -22195.494 / Time: 0h:0m:31s (0h:0m:14s left)
Iteration 80 / LogL: -22203.544 / Time: 0h:0m:31s (0h:0m:8s left)
Iteration 90 / LogL: -22203.567 / Time: 0h:0m:31s (0h:0m:4s left)
Iteration 100 / LogL: -22194.721 / Time: 0h:0m:31s (0h:0m:0s left)
TREE SEARCH COMPLETED AFTER 103 ITERATIONS / Time: 0h:0m:31s

--------------------------------------------------------------------
|                    FINALIZING TREE SEARCH                        |
--------------------------------------------------------------------
Performs final model parameters optimization
Estimate model parameters (epsilon = 0.010)
1. Initial log-likelihood: -22190.016
Optimal log-likelihood: -22190.013
Rate parameters:  A-C: 0.91057  A-G: 1.40183  A-T: 0.82947  C-G: 0.96197  C-T: 1.17049  G-T: 1.00000
Base frequencies:  A: 0.304  C: 0.197  G: 0.183  T: 0.316
Parameters optimization took 1 rounds (0.002 sec)
BEST SCORE FOUND : -22190.013

Testing tree branches by aBayes parametric test...
0.002 sec.
Total tree length: 3.390

Total number of iterations: 103
CPU time used for tree search: 1.015 sec (0h:0m:1s)
Wall-clock time used for tree search: 1.017 sec (0h:0m:1s)
Total CPU time used: 27.399 sec (0h:0m:27s)
Total wall-clock time used: 31.368 sec (0h:0m:31s)

Analysis results written to: 
  IQ-TREE report:                /Users/fahim/CSE6406-project/work/paper_subset_50x10_L1600/ils_low/replicate_03/estimated_gene_trees/L1600/gtr/locus_0039.iqtree
  Maximum-likelihood tree:       /Users/fahim/CSE6406-project/work/paper_subset_50x10_L1600/ils_low/replicate_03/estimated_gene_trees/L1600/gtr/locus_0039.treefile
  Likelihood distances:          /Users/fahim/CSE6406-project/work/paper_subset_50x10_L1600/ils_low/replicate_03/estimated_gene_trees/L1600/gtr/locus_0039.mldist
  Screen log file:               /Users/fahim/CSE6406-project/work/paper_subset_50x10_L1600/ils_low/replicate_03/estimated_gene_trees/L1600/gtr/locus_0039.log

Date and Time: Fri Sep 11 06:08:02 2026
