IQ-TREE multicore version 2.4.0 for Linux x86 64-bit built Feb 12 2025
Developed by Bui Quang Minh, Nguyen Lam Tung, Olga Chernomor, Heiko Schmidt,
Dominik Schrempf, Michael Woodhams, Ly Trong Nhan, Thomas Wong

Host:    ezmata (AVX2, FMA3, 15 GB RAM)
Command: /home/mis/miniconda3/envs/cse6406/bin/iqtree2 -s /home/mis/CSE6406-project/work/paper_subset_10x2_L200_800/ils_low/replicate_02/alignments/L800/locus_0009.phy -m GTR --abayes -T AUTO --seed 6606010 --prefix /home/mis/CSE6406-project/work/paper_subset_10x2_L200_800/ils_low/replicate_02/estimated_gene_trees/L800/gtr/locus_0009 --redo --quiet
Seed:    6606010 (Using SPRNG - Scalable Parallel Random Number Generator)
Time:    Thu Sep 10 17:51:20 2026
Kernel:  AVX+FMA - auto-detect threads (16 CPU cores detected)

Reading alignment file /home/mis/CSE6406-project/work/paper_subset_10x2_L200_800/ils_low/replicate_02/alignments/L800/locus_0009.phy ... Phylip format detected
Alignment most likely contains DNA/RNA sequences
Alignment has 21 sequences with 800 columns, 479 distinct patterns
418 parsimony-informative, 65 singleton sites, 317 constant sites
        Gap/Ambiguity  Composition  p-value
Analyzing sequences: done in 0.000145197 secs using 24.79% CPU
   1  0_0_0     0.00%    passed     60.80%
   2  2_0_0     0.00%    passed     60.32%
   3  4_0_0     0.00%    passed     86.01%
   4  6_0_0     0.00%    passed     34.83%
   5  3_0_0     0.00%    passed     79.02%
   6  5_0_0     0.00%    passed     78.31%
   7  1_0_0     0.00%    passed     79.56%
   8  17_0_0    0.00%    passed     66.88%
   9  12_0_0    0.00%    passed     93.54%
  10  20_0_0    0.00%    passed     79.13%
  11  13_0_0    0.00%    passed     87.08%
  12  8_0_0     0.00%    passed     80.17%
  13  7_0_0     0.00%    passed     64.10%
  14  19_0_0    0.00%    passed     80.93%
  15  10_0_0    0.00%    passed     57.97%
  16  14_0_0    0.00%    passed     69.31%
  17  18_0_0    0.00%    passed     94.02%
  18  15_0_0    0.00%    passed     86.45%
  19  16_0_0    0.00%    passed     95.80%
  20  11_0_0    0.00%    passed     93.53%
  21  9_0_0     0.00%    passed     97.58%
****  TOTAL     0.00%  0 sequences failed composition chi2 test (p-value<5%; df=3)

Create initial parsimony tree by phylogenetic likelihood library (PLL)... 0.001 seconds

NOTE: 0 MB RAM (0 GB) is required!
Measuring multi-threading efficiency up to 16 CPU cores
Increase to 10 rounds for branch lengths
4924 trees examined
Threads: 1 / Time: 16.003 sec / Speedup: 1.000 / Efficiency: 100% / LogL: -14363
Threads: 2 / Time: 21.875 sec / Speedup: 0.732 / Efficiency: 37% / LogL: -14363
BEST NUMBER OF THREADS: 1

Estimate model parameters (epsilon = 0.100)
1. Initial log-likelihood: -13452.575
2. Current log-likelihood: -13370.406
3. Current log-likelihood: -13370.219
Optimal log-likelihood: -13370.219
Rate parameters:  A-C: 0.83591  A-G: 1.06243  A-T: 0.81529  C-G: 0.97401  C-T: 1.40320  G-T: 1.00000
Base frequencies:  A: 0.330  C: 0.181  G: 0.193  T: 0.297
Parameters optimization took 3 rounds (0.009 sec)
Wrote distance file to... 
Computing ML distances based on estimated model parameters...
Calculating distance matrix: done in 0.00047354 secs using 81.09% CPU
Computing ML distances took 0.000510 sec (of wall-clock time) 0.000417 sec (of CPU time)
Setting up auxiliary I and S matrices: done in 2.7605e-05 secs using 79.7% CPU
Computing RapidNJ tree took 0.000105 sec (of wall-clock time) 0.000297 sec (of CPU time)
Log-likelihood of RapidNJ tree: -13403.229
--------------------------------------------------------------------
|             INITIALIZING CANDIDATE TREE SET                      |
--------------------------------------------------------------------
Generating 98 parsimony trees... 0.112 second
Computing log-likelihood of 98 initial trees ... 0.061 seconds
Current best score: -13370.219

Do NNI search on 20 best initial trees
Estimate model parameters (epsilon = 0.100)
BETTER TREE FOUND at iteration 1: -13364.687
Iteration 10 / LogL: -13365.192 / Time: 0h:0m:38s
Iteration 20 / LogL: -13371.684 / Time: 0h:0m:38s
Finish initializing candidate tree set (6)
Current best tree score: -13364.687 / CPU time: 0.311
Number of iterations: 20
--------------------------------------------------------------------
|               OPTIMIZING CANDIDATE TREE SET                      |
--------------------------------------------------------------------
Iteration 30 / LogL: -13365.539 / Time: 0h:0m:38s (0h:1m:33s left)
Iteration 40 / LogL: -13364.847 / Time: 0h:0m:38s (0h:1m:0s left)
Iteration 50 / LogL: -13365.032 / Time: 0h:0m:38s (0h:0m:40s left)
Iteration 60 / LogL: -13365.186 / Time: 0h:0m:38s (0h:0m:26s left)
Iteration 70 / LogL: -13364.779 / Time: 0h:0m:38s (0h:0m:17s left)
Iteration 80 / LogL: -13364.812 / Time: 0h:0m:38s (0h:0m:10s left)
Iteration 90 / LogL: -13364.691 / Time: 0h:0m:38s (0h:0m:4s left)
Iteration 100 / LogL: -13372.324 / Time: 0h:0m:38s (0h:0m:0s left)
TREE SEARCH COMPLETED AFTER 102 ITERATIONS / Time: 0h:0m:38s

--------------------------------------------------------------------
|                    FINALIZING TREE SEARCH                        |
--------------------------------------------------------------------
Performs final model parameters optimization
Estimate model parameters (epsilon = 0.010)
1. Initial log-likelihood: -13364.687
Optimal log-likelihood: -13364.682
Rate parameters:  A-C: 0.84014  A-G: 1.05260  A-T: 0.81220  C-G: 0.98774  C-T: 1.39848  G-T: 1.00000
Base frequencies:  A: 0.330  C: 0.181  G: 0.193  T: 0.297
Parameters optimization took 1 rounds (0.002 sec)
BEST SCORE FOUND : -13364.682

Testing tree branches by aBayes parametric test...
0.002 sec.
Total tree length: 4.644

Total number of iterations: 102
CPU time used for tree search: 0.988 sec (0h:0m:0s)
Wall-clock time used for tree search: 1.017 sec (0h:0m:1s)
Total CPU time used: 40.822 sec (0h:0m:40s)
Total wall-clock time used: 38.916 sec (0h:0m:38s)

Analysis results written to: 
  IQ-TREE report:                /home/mis/CSE6406-project/work/paper_subset_10x2_L200_800/ils_low/replicate_02/estimated_gene_trees/L800/gtr/locus_0009.iqtree
  Maximum-likelihood tree:       /home/mis/CSE6406-project/work/paper_subset_10x2_L200_800/ils_low/replicate_02/estimated_gene_trees/L800/gtr/locus_0009.treefile
  Likelihood distances:          /home/mis/CSE6406-project/work/paper_subset_10x2_L200_800/ils_low/replicate_02/estimated_gene_trees/L800/gtr/locus_0009.mldist
  Screen log file:               /home/mis/CSE6406-project/work/paper_subset_10x2_L200_800/ils_low/replicate_02/estimated_gene_trees/L800/gtr/locus_0009.log

Date and Time: Thu Sep 10 17:51:59 2026
