IQ-TREE multicore version 2.4.0 for Linux x86 64-bit built Feb 12 2025
Developed by Bui Quang Minh, Nguyen Lam Tung, Olga Chernomor, Heiko Schmidt,
Dominik Schrempf, Michael Woodhams, Ly Trong Nhan, Thomas Wong

Host:    ezmata (AVX2, FMA3, 15 GB RAM)
Command: /home/mis/miniconda3/envs/cse6406/bin/iqtree2 -s /home/mis/CSE6406-project/work/paper_subset_10x2_L200_800/ils_low/replicate_02/alignments/L800/locus_0008.phy -m GTR --abayes -T AUTO --seed 6606009 --prefix /home/mis/CSE6406-project/work/paper_subset_10x2_L200_800/ils_low/replicate_02/estimated_gene_trees/L800/gtr/locus_0008 --redo --quiet
Seed:    6606009 (Using SPRNG - Scalable Parallel Random Number Generator)
Time:    Thu Sep 10 17:50:39 2026
Kernel:  AVX+FMA - auto-detect threads (16 CPU cores detected)

Reading alignment file /home/mis/CSE6406-project/work/paper_subset_10x2_L200_800/ils_low/replicate_02/alignments/L800/locus_0008.phy ... Phylip format detected
Alignment most likely contains DNA/RNA sequences
Alignment has 21 sequences with 800 columns, 480 distinct patterns
415 parsimony-informative, 71 singleton sites, 314 constant sites
        Gap/Ambiguity  Composition  p-value
Analyzing sequences: done in 0.000129169 secs using 53.42% CPU
   1  1_0_0     0.00%    passed     60.46%
   2  5_0_0     0.00%    passed     27.34%
   3  9_0_0     0.00%    passed     69.19%
   4  11_0_0    0.00%    passed     92.26%
   5  7_0_0     0.00%    passed     65.39%
   6  8_0_0     0.00%    passed     12.52%
   7  10_0_0    0.00%    passed     68.60%
   8  19_0_0    0.00%    passed     48.90%
   9  14_0_0    0.00%    passed     69.50%
  10  18_0_0    0.00%    passed     97.43%
  11  15_0_0    0.00%    passed     95.59%
  12  16_0_0    0.00%    passed     96.56%
  13  13_0_0    0.00%    passed     87.78%
  14  20_0_0    0.00%    passed     37.42%
  15  12_0_0    0.00%    passed     84.36%
  16  17_0_0    0.00%    passed     65.45%
  17  4_0_0     0.00%    passed     45.68%
  18  2_0_0     0.00%    passed     78.68%
  19  3_0_0     0.00%    passed     44.51%
  20  6_0_0     0.00%    passed     39.85%
  21  0_0_0     0.00%    passed     51.62%
****  TOTAL     0.00%  0 sequences failed composition chi2 test (p-value<5%; df=3)

Create initial parsimony tree by phylogenetic likelihood library (PLL)... 0.001 seconds

NOTE: 0 MB RAM (0 GB) is required!
Measuring multi-threading efficiency up to 16 CPU cores
Increase to 10 rounds for branch lengths
5561 trees examined
Threads: 1 / Time: 16.002 sec / Speedup: 1.000 / Efficiency: 100% / LogL: -14427
Threads: 2 / Time: 23.609 sec / Speedup: 0.678 / Efficiency: 34% / LogL: -14427
BEST NUMBER OF THREADS: 1

Estimate model parameters (epsilon = 0.100)
1. Initial log-likelihood: -13667.778
2. Current log-likelihood: -13600.248
3. Current log-likelihood: -13600.045
Optimal log-likelihood: -13600.044
Rate parameters:  A-C: 1.03658  A-G: 1.28559  A-T: 1.07326  C-G: 0.76137  C-T: 1.39532  G-T: 1.00000
Base frequencies:  A: 0.308  C: 0.199  G: 0.195  T: 0.298
Parameters optimization took 3 rounds (0.009 sec)
Wrote distance file to... 
Computing ML distances based on estimated model parameters...
Calculating distance matrix: done in 0.000467173 secs using 93.97% CPU
Computing ML distances took 0.000501 sec (of wall-clock time) 0.000469 sec (of CPU time)
Setting up auxiliary I and S matrices: done in 2.9494e-05 secs using 969.7% CPU
Computing RapidNJ tree took 0.000117 sec (of wall-clock time) 0.000374 sec (of CPU time)
Log-likelihood of RapidNJ tree: -13643.219
--------------------------------------------------------------------
|             INITIALIZING CANDIDATE TREE SET                      |
--------------------------------------------------------------------
Generating 98 parsimony trees... 0.111 second
Computing log-likelihood of 98 initial trees ... 0.070 seconds
Current best score: -13594.005

Do NNI search on 20 best initial trees
Estimate model parameters (epsilon = 0.100)
BETTER TREE FOUND at iteration 1: -13588.168
Iteration 10 / LogL: -13593.360 / Time: 0h:0m:39s
Iteration 20 / LogL: -13603.695 / Time: 0h:0m:39s
Finish initializing candidate tree set (8)
Current best tree score: -13588.168 / CPU time: 0.317
Number of iterations: 20
--------------------------------------------------------------------
|               OPTIMIZING CANDIDATE TREE SET                      |
--------------------------------------------------------------------
Estimate model parameters (epsilon = 0.100)
BETTER TREE FOUND at iteration 29: -13586.053
Iteration 30 / LogL: -13593.824 / Time: 0h:0m:40s (0h:2m:16s left)
Estimate model parameters (epsilon = 0.100)
BETTER TREE FOUND at iteration 34: -13585.234
Iteration 40 / LogL: -13587.856 / Time: 0h:0m:40s (0h:1m:36s left)
Iteration 50 / LogL: -13587.277 / Time: 0h:0m:40s (0h:1m:8s left)
Iteration 60 / LogL: -13588.951 / Time: 0h:0m:40s (0h:0m:50s left)
Iteration 70 / LogL: -13585.240 / Time: 0h:0m:40s (0h:0m:37s left)
Iteration 80 / LogL: -13585.259 / Time: 0h:0m:40s (0h:0m:27s left)
Iteration 90 / LogL: -13585.249 / Time: 0h:0m:40s (0h:0m:20s left)
Iteration 100 / LogL: -13586.006 / Time: 0h:0m:40s (0h:0m:13s left)
Iteration 110 / LogL: -13587.294 / Time: 0h:0m:40s (0h:0m:8s left)
Iteration 120 / LogL: -13585.239 / Time: 0h:0m:40s (0h:0m:4s left)
Iteration 130 / LogL: -13585.254 / Time: 0h:0m:40s (0h:0m:1s left)
TREE SEARCH COMPLETED AFTER 135 ITERATIONS / Time: 0h:0m:41s

--------------------------------------------------------------------
|                    FINALIZING TREE SEARCH                        |
--------------------------------------------------------------------
Performs final model parameters optimization
Estimate model parameters (epsilon = 0.010)
1. Initial log-likelihood: -13585.234
Optimal log-likelihood: -13585.228
Rate parameters:  A-C: 1.05129  A-G: 1.29756  A-T: 1.09301  C-G: 0.73353  C-T: 1.41056  G-T: 1.00000
Base frequencies:  A: 0.308  C: 0.199  G: 0.195  T: 0.298
Parameters optimization took 1 rounds (0.002 sec)
BEST SCORE FOUND : -13585.228

Testing tree branches by aBayes parametric test...
0.002 sec.
Total tree length: 4.747

Total number of iterations: 135
CPU time used for tree search: 1.354 sec (0h:0m:1s)
Wall-clock time used for tree search: 1.402 sec (0h:0m:1s)
Total CPU time used: 42.873 sec (0h:0m:42s)
Total wall-clock time used: 41.046 sec (0h:0m:41s)

Analysis results written to: 
  IQ-TREE report:                /home/mis/CSE6406-project/work/paper_subset_10x2_L200_800/ils_low/replicate_02/estimated_gene_trees/L800/gtr/locus_0008.iqtree
  Maximum-likelihood tree:       /home/mis/CSE6406-project/work/paper_subset_10x2_L200_800/ils_low/replicate_02/estimated_gene_trees/L800/gtr/locus_0008.treefile
  Likelihood distances:          /home/mis/CSE6406-project/work/paper_subset_10x2_L200_800/ils_low/replicate_02/estimated_gene_trees/L800/gtr/locus_0008.mldist
  Screen log file:               /home/mis/CSE6406-project/work/paper_subset_10x2_L200_800/ils_low/replicate_02/estimated_gene_trees/L800/gtr/locus_0008.log

Date and Time: Thu Sep 10 17:51:20 2026
