IQ-TREE multicore version 2.4.0 for MacOS ARM 64-bit built Feb 12 2025
Developed by Bui Quang Minh, Nguyen Lam Tung, Olga Chernomor, Heiko Schmidt,
Dominik Schrempf, Michael Woodhams, Ly Trong Nhan, Thomas Wong

Host:    Fahims-MacBook-Air.local (SSE4.2, 16 GB RAM)
Command: /Users/fahim/miniconda3/envs/cse6406/bin/iqtree2 -s /Users/fahim/CSE6406-project/work/paper_subset_50x10_L1600/ils_low/replicate_02/alignments/L1600/locus_0014.phy -m HKY --abayes -T AUTO --seed 6606015 --prefix /Users/fahim/CSE6406-project/work/paper_subset_50x10_L1600/ils_low/replicate_02/estimated_gene_trees/L1600/hky/locus_0014 --redo --quiet
Seed:    6606015 (Using SPRNG - Scalable Parallel Random Number Generator)
Time:    Fri Sep 11 04:42:43 2026
Kernel:  SSE2 - auto-detect threads (10 CPU cores detected)

Reading alignment file /Users/fahim/CSE6406-project/work/paper_subset_50x10_L1600/ils_low/replicate_02/alignments/L1600/locus_0014.phy ... Phylip format detected
Alignment most likely contains DNA/RNA sequences
Alignment has 21 sequences with 1600 columns, 956 distinct patterns
865 parsimony-informative, 121 singleton sites, 614 constant sites
        Gap/Ambiguity  Composition  p-value
Analyzing sequences: done in 4.1008e-05 secs using 131.7% CPU
   1  3_0_0     0.00%    passed     77.95%
   2  6_0_0     0.00%    passed     40.71%
   3  2_0_0     0.00%    passed     82.54%
   4  4_0_0     0.00%    passed     90.54%
   5  5_0_0     0.00%    passed     51.76%
   6  1_0_0     0.00%    passed     18.06%
   7  11_0_0    0.00%    passed     97.85%
   8  9_0_0     0.00%    passed     37.48%
   9  13_0_0    0.00%    passed     86.82%
  10  14_0_0    0.00%    passed     52.76%
  11  16_0_0    0.00%    passed     57.53%
  12  15_0_0    0.00%    passed     80.53%
  13  18_0_0    0.00%    passed     80.76%
  14  10_0_0    0.00%    passed     86.28%
  15  19_0_0    0.00%    passed     94.20%
  16  8_0_0     0.00%    passed     48.76%
  17  7_0_0     0.00%    passed     92.92%
  18  17_0_0    0.00%    passed     73.98%
  19  12_0_0    0.00%    passed     57.62%
  20  20_0_0    0.00%    passed     26.86%
  21  0_0_0     0.00%    passed     11.98%
****  TOTAL     0.00%  0 sequences failed composition chi2 test (p-value<5%; df=3)

Create initial parsimony tree by phylogenetic likelihood library (PLL)... 0.001 seconds

NOTE: 0 MB RAM (0 GB) is required!
Measuring multi-threading efficiency up to 10 CPU cores
Increase to 10 rounds for branch lengths
2920 trees examined
Threads: 1 / Time: 10.001 sec / Speedup: 1.000 / Efficiency: 100% / LogL: -29482
Threads: 2 / Time: 18.432 sec / Speedup: 0.543 / Efficiency: 27% / LogL: -29482
BEST NUMBER OF THREADS: 1

Estimate model parameters (epsilon = 0.100)
1. Initial log-likelihood: -27652.551
2. Current log-likelihood: -27519.461
3. Current log-likelihood: -27519.294
Optimal log-likelihood: -27519.294
Rate parameters:  A-C: 1.00000  A-G: 1.30162  A-T: 1.00000  C-G: 1.00000  C-T: 1.30162  G-T: 1.00000
Base frequencies:  A: 0.301  C: 0.201  G: 0.199  T: 0.299
Parameters optimization took 3 rounds (0.006 sec)
Wrote distance file to... 
Computing ML distances based on estimated model parameters...
Calculating distance matrix: done in 0.000470877 secs using 98.33% CPU
Computing ML distances took 0.000521 sec (of wall-clock time) 0.000504 sec (of CPU time)
Setting up auxiliary I and S matrices: done in 1.50204e-05 secs using 73.23% CPU
Computing RapidNJ tree took 0.000059 sec (of wall-clock time) 0.000064 sec (of CPU time)
Log-likelihood of RapidNJ tree: -27631.017
--------------------------------------------------------------------
|             INITIALIZING CANDIDATE TREE SET                      |
--------------------------------------------------------------------
Generating 98 parsimony trees... 0.092 second
Computing log-likelihood of 98 initial trees ... 0.070 seconds
Current best score: -27519.294

Do NNI search on 20 best initial trees
Estimate model parameters (epsilon = 0.100)
BETTER TREE FOUND at iteration 1: -27519.294
Iteration 10 / LogL: -27519.564 / Time: 0h:0m:28s
Iteration 20 / LogL: -27519.378 / Time: 0h:0m:28s
Finish initializing candidate tree set (3)
Current best tree score: -27519.294 / CPU time: 0.292
Number of iterations: 20
--------------------------------------------------------------------
|               OPTIMIZING CANDIDATE TREE SET                      |
--------------------------------------------------------------------
Iteration 30 / LogL: -27530.539 / Time: 0h:0m:28s (0h:1m:10s left)
Iteration 40 / LogL: -27519.690 / Time: 0h:0m:28s (0h:0m:45s left)
Iteration 50 / LogL: -27521.995 / Time: 0h:0m:29s (0h:0m:30s left)
Iteration 60 / LogL: -27521.979 / Time: 0h:0m:29s (0h:0m:20s left)
Iteration 70 / LogL: -27519.651 / Time: 0h:0m:29s (0h:0m:13s left)
Iteration 80 / LogL: -27519.320 / Time: 0h:0m:29s (0h:0m:7s left)
Iteration 90 / LogL: -27530.524 / Time: 0h:0m:29s (0h:0m:3s left)
Iteration 100 / LogL: -27530.542 / Time: 0h:0m:29s (0h:0m:0s left)
TREE SEARCH COMPLETED AFTER 102 ITERATIONS / Time: 0h:0m:29s

--------------------------------------------------------------------
|                    FINALIZING TREE SEARCH                        |
--------------------------------------------------------------------
Performs final model parameters optimization
Estimate model parameters (epsilon = 0.010)
1. Initial log-likelihood: -27519.294
Optimal log-likelihood: -27519.294
Rate parameters:  A-C: 1.00000  A-G: 1.30162  A-T: 1.00000  C-G: 1.00000  C-T: 1.30162  G-T: 1.00000
Base frequencies:  A: 0.301  C: 0.201  G: 0.199  T: 0.299
Parameters optimization took 1 rounds (0.002 sec)
BEST SCORE FOUND : -27519.294

Testing tree branches by aBayes parametric test...
0.002 sec.
Total tree length: 4.857

Total number of iterations: 102
CPU time used for tree search: 1.087 sec (0h:0m:1s)
Wall-clock time used for tree search: 1.090 sec (0h:0m:1s)
Total CPU time used: 26.531 sec (0h:0m:26s)
Total wall-clock time used: 29.541 sec (0h:0m:29s)

Analysis results written to: 
  IQ-TREE report:                /Users/fahim/CSE6406-project/work/paper_subset_50x10_L1600/ils_low/replicate_02/estimated_gene_trees/L1600/hky/locus_0014.iqtree
  Maximum-likelihood tree:       /Users/fahim/CSE6406-project/work/paper_subset_50x10_L1600/ils_low/replicate_02/estimated_gene_trees/L1600/hky/locus_0014.treefile
  Likelihood distances:          /Users/fahim/CSE6406-project/work/paper_subset_50x10_L1600/ils_low/replicate_02/estimated_gene_trees/L1600/hky/locus_0014.mldist
  Screen log file:               /Users/fahim/CSE6406-project/work/paper_subset_50x10_L1600/ils_low/replicate_02/estimated_gene_trees/L1600/hky/locus_0014.log

Date and Time: Fri Sep 11 04:43:13 2026
