IQ-TREE multicore version 2.4.0 for Linux x86 64-bit built Feb 12 2025
Developed by Bui Quang Minh, Nguyen Lam Tung, Olga Chernomor, Heiko Schmidt,
Dominik Schrempf, Michael Woodhams, Ly Trong Nhan, Thomas Wong

Host:    ezmata (AVX2, FMA3, 15 GB RAM)
Command: /home/mis/miniconda3/envs/cse6406/bin/iqtree2 -s /home/mis/CSE6406-project/work/paper_subset_50x10_L800/ils_high/replicate_07/alignments/L800/locus_0023.phy -m GTR+G4 --abayes -T 1 --seed 7106024 --prefix /home/mis/CSE6406-project/work/paper_subset_50x10_L800/ils_high/replicate_07/estimated_gene_trees/L800/gtr_g4/locus_0023 --redo --quiet
Seed:    7106024 (Using SPRNG - Scalable Parallel Random Number Generator)
Time:    Sat Sep 12 20:01:11 2026
Kernel:  AVX+FMA - 1 threads (16 CPU cores detected)

HINT: Use -nt option to specify number of threads because your CPU has 16 cores!
HINT: -nt AUTO will automatically determine the best number of threads to use.

Reading alignment file /home/mis/CSE6406-project/work/paper_subset_50x10_L800/ils_high/replicate_07/alignments/L800/locus_0023.phy ... Phylip format detected
Alignment most likely contains DNA/RNA sequences
Alignment has 21 sequences with 800 columns, 405 distinct patterns
332 parsimony-informative, 81 singleton sites, 387 constant sites
        Gap/Ambiguity  Composition  p-value
Analyzing sequences: done in 3.5401e-05 secs using 98.87% CPU
   1  1_0_0     0.00%    passed     60.77%
   2  3_0_0     0.00%    passed     88.51%
   3  13_0_0    0.00%    passed     92.95%
   4  4_0_0     0.00%    passed     99.27%
   5  16_0_0    0.00%    passed     66.35%
   6  8_0_0     0.00%    passed     96.93%
   7  5_0_0     0.00%    passed     58.22%
   8  7_0_0     0.00%    passed     91.80%
   9  12_0_0    0.00%    passed     91.26%
  10  15_0_0    0.00%    passed     95.93%
  11  9_0_0     0.00%    passed     96.45%
  12  11_0_0    0.00%    passed     92.93%
  13  10_0_0    0.00%    passed     45.70%
  14  17_0_0    0.00%    passed     26.53%
  15  2_0_0     0.00%    passed     97.58%
  16  14_0_0    0.00%    passed     89.60%
  17  6_0_0     0.00%    passed     59.72%
  18  19_0_0    0.00%    passed     68.33%
  19  18_0_0    0.00%    passed     93.53%
  20  20_0_0    0.00%    passed     41.27%
  21  0_0_0     0.00%    passed     44.39%
****  TOTAL     0.00%  0 sequences failed composition chi2 test (p-value<5%; df=3)

Create initial parsimony tree by phylogenetic likelihood library (PLL)... 0.001 seconds

NOTE: 1 MB RAM (0 GB) is required!
Estimate model parameters (epsilon = 0.100)
1. Initial log-likelihood: -9829.501
2. Current log-likelihood: -9210.394
3. Current log-likelihood: -9175.427
4. Current log-likelihood: -9173.931
Optimal log-likelihood: -9173.814
Rate parameters:  A-C: 1.12900  A-G: 2.17319  A-T: 1.00060  C-G: 1.31628  C-T: 2.49987  G-T: 1.00000
Base frequencies:  A: 0.324  C: 0.190  G: 0.186  T: 0.299
Gamma shape alpha: 0.187
Parameters optimization took 4 rounds (0.067 sec)
Wrote distance file to... 
Computing ML distances based on estimated model parameters...
Calculating distance matrix: done in 0.00186071 secs using 99.48% CPU
Computing ML distances took 0.001916 sec (of wall-clock time) 0.001908 sec (of CPU time)
Setting up auxiliary I and S matrices: done in 6.5118e-05 secs using 99.82% CPU
Computing RapidNJ tree took 0.000280 sec (of wall-clock time) 0.000562 sec (of CPU time)
Log-likelihood of RapidNJ tree: -9161.625
--------------------------------------------------------------------
|             INITIALIZING CANDIDATE TREE SET                      |
--------------------------------------------------------------------
Generating 98 parsimony trees... 0.172 second
Computing log-likelihood of 98 initial trees ... 0.245 seconds
Current best score: -9161.625

Do NNI search on 20 best initial trees
Estimate model parameters (epsilon = 0.100)
BETTER TREE FOUND at iteration 1: -9149.460
Iteration 10 / LogL: -9153.959 / Time: 0h:0m:0s
Iteration 20 / LogL: -9152.703 / Time: 0h:0m:1s
Finish initializing candidate tree set (5)
Current best tree score: -9149.460 / CPU time: 1.605
Number of iterations: 20
--------------------------------------------------------------------
|               OPTIMIZING CANDIDATE TREE SET                      |
--------------------------------------------------------------------
Iteration 30 / LogL: -9159.015 / Time: 0h:0m:2s (0h:0m:6s left)
UPDATE BEST LOG-LIKELIHOOD: -9149.460
UPDATE BEST LOG-LIKELIHOOD: -9149.460
Iteration 40 / LogL: -9149.460 / Time: 0h:0m:3s (0h:0m:5s left)
Iteration 50 / LogL: -9149.460 / Time: 0h:0m:4s (0h:0m:4s left)
Iteration 60 / LogL: -9149.474 / Time: 0h:0m:5s (0h:0m:3s left)
Iteration 70 / LogL: -9152.442 / Time: 0h:0m:6s (0h:0m:2s left)
Iteration 80 / LogL: -9149.468 / Time: 0h:0m:7s (0h:0m:1s left)
Iteration 90 / LogL: -9149.460 / Time: 0h:0m:8s (0h:0m:1s left)
Iteration 100 / LogL: -9149.460 / Time: 0h:0m:9s (0h:0m:0s left)
TREE SEARCH COMPLETED AFTER 102 ITERATIONS / Time: 0h:0m:9s

--------------------------------------------------------------------
|                    FINALIZING TREE SEARCH                        |
--------------------------------------------------------------------
Performs final model parameters optimization
Estimate model parameters (epsilon = 0.010)
1. Initial log-likelihood: -9149.460
Optimal log-likelihood: -9149.457
Rate parameters:  A-C: 1.19277  A-G: 2.20953  A-T: 1.03475  C-G: 1.28431  C-T: 2.51137  G-T: 1.00000
Base frequencies:  A: 0.324  C: 0.190  G: 0.186  T: 0.299
Gamma shape alpha: 0.184
Parameters optimization took 1 rounds (0.015 sec)
BEST SCORE FOUND : -9149.457

Testing tree branches by aBayes parametric test...
0.019 sec.
Total tree length: 7.095

Total number of iterations: 102
CPU time used for tree search: 9.343 sec (0h:0m:9s)
Wall-clock time used for tree search: 9.465 sec (0h:0m:9s)
Total CPU time used: 9.464 sec (0h:0m:9s)
Total wall-clock time used: 9.594 sec (0h:0m:9s)

Analysis results written to: 
  IQ-TREE report:                /home/mis/CSE6406-project/work/paper_subset_50x10_L800/ils_high/replicate_07/estimated_gene_trees/L800/gtr_g4/locus_0023.iqtree
  Maximum-likelihood tree:       /home/mis/CSE6406-project/work/paper_subset_50x10_L800/ils_high/replicate_07/estimated_gene_trees/L800/gtr_g4/locus_0023.treefile
  Likelihood distances:          /home/mis/CSE6406-project/work/paper_subset_50x10_L800/ils_high/replicate_07/estimated_gene_trees/L800/gtr_g4/locus_0023.mldist
  Screen log file:               /home/mis/CSE6406-project/work/paper_subset_50x10_L800/ils_high/replicate_07/estimated_gene_trees/L800/gtr_g4/locus_0023.log

Date and Time: Sat Sep 12 20:01:21 2026
