IQ-TREE multicore version 2.4.0 for Linux x86 64-bit built Feb 12 2025
Developed by Bui Quang Minh, Nguyen Lam Tung, Olga Chernomor, Heiko Schmidt,
Dominik Schrempf, Michael Woodhams, Ly Trong Nhan, Thomas Wong

Host:    ezmata (AVX2, FMA3, 15 GB RAM)
Command: /home/mis/miniconda3/envs/cse6406/bin/iqtree2 -s /home/mis/CSE6406-project/work/paper_subset_50x10_L200/ils_low/replicate_01/alignments/L200/locus_0048.phy -m JC --abayes -T 1 --seed 6506049 --prefix /home/mis/CSE6406-project/work/paper_subset_50x10_L200/ils_low/replicate_01/estimated_gene_trees/L200/jc/locus_0048 --redo --quiet
Seed:    6506049 (Using SPRNG - Scalable Parallel Random Number Generator)
Time:    Sat Sep 12 21:30:28 2026
Kernel:  AVX+FMA - 1 threads (16 CPU cores detected)

HINT: Use -nt option to specify number of threads because your CPU has 16 cores!
HINT: -nt AUTO will automatically determine the best number of threads to use.

Reading alignment file /home/mis/CSE6406-project/work/paper_subset_50x10_L200/ils_low/replicate_01/alignments/L200/locus_0048.phy ... Phylip format detected
Alignment most likely contains DNA/RNA sequences
Alignment has 21 sequences with 200 columns, 15 distinct patterns
4 parsimony-informative, 8 singleton sites, 188 constant sites
        Gap/Ambiguity  Composition  p-value
Analyzing sequences: done in 9.82301e-06 secs using 50.9% CPU
   1  0_0_0     0.00%    passed     99.74%
   2  9_0_0     0.00%    passed    100.00%
   3  10_0_0    0.00%    passed     99.74%
   4  5_0_0     0.00%    passed    100.00%
   5  16_0_0    0.00%    passed     99.72%
   6  20_0_0    0.00%    passed    100.00%
   7  14_0_0    0.00%    passed    100.00%
   8  8_0_0     0.00%    passed    100.00%
   9  11_0_0    0.00%    passed    100.00%
  10  7_0_0     0.00%    passed    100.00%
  11  19_0_0    0.00%    passed    100.00%
  12  15_0_0    0.00%    passed     99.73%
  13  17_0_0    0.00%    passed     99.73%
  14  18_0_0    0.00%    passed     99.73%
  15  12_0_0    0.00%    passed     99.73%
  16  6_0_0     0.00%    passed     99.68%
  17  13_0_0    0.00%    passed     99.76%
  18  3_0_0     0.00%    passed     99.24%
  19  2_0_0     0.00%    passed     99.24%
  20  4_0_0     0.00%    passed     99.82%
  21  1_0_0     0.00%    passed     99.24%
****  TOTAL     0.00%  0 sequences failed composition chi2 test (p-value<5%; df=3)
NOTE: 5_0_0 is identical to 9_0_0 but kept for subsequent analysis
NOTE: 17_0_0 is identical to 15_0_0 but kept for subsequent analysis
NOTE: 2_0_0 is identical to 3_0_0 but kept for subsequent analysis
NOTE: 8 identical sequences (see below) will be ignored for subsequent analysis
NOTE: 20_0_0 (identical to 9_0_0) is ignored but added at the end
NOTE: 14_0_0 (identical to 9_0_0) is ignored but added at the end
NOTE: 8_0_0 (identical to 9_0_0) is ignored but added at the end
NOTE: 11_0_0 (identical to 9_0_0) is ignored but added at the end
NOTE: 7_0_0 (identical to 9_0_0) is ignored but added at the end
NOTE: 19_0_0 (identical to 9_0_0) is ignored but added at the end
NOTE: 18_0_0 (identical to 15_0_0) is ignored but added at the end
NOTE: 1_0_0 (identical to 3_0_0) is ignored but added at the end
Alignment was printed to /home/mis/CSE6406-project/work/paper_subset_50x10_L200/ils_low/replicate_01/estimated_gene_trees/L200/jc/locus_0048.uniqueseq.phy

For your convenience alignment with unique sequences printed to /home/mis/CSE6406-project/work/paper_subset_50x10_L200/ils_low/replicate_01/estimated_gene_trees/L200/jc/locus_0048.uniqueseq.phy

Create initial parsimony tree by phylogenetic likelihood library (PLL)... 0.000 seconds

NOTE: 0 MB RAM (0 GB) is required!
Estimate model parameters (epsilon = 0.100)
1. Initial log-likelihood: -368.679
Optimal log-likelihood: -368.678
Rate parameters:  A-C: 1.00000  A-G: 1.00000  A-T: 1.00000  C-G: 1.00000  C-T: 1.00000  G-T: 1.00000
Base frequencies:  A: 0.250  C: 0.250  G: 0.250  T: 0.250
Parameters optimization took 1 rounds (0.000 sec)
Wrote distance file to... 
Computing ML distances based on estimated model parameters...
Calculating distance matrix: done in 0.000370457 secs using 99.61% CPU
Computing ML distances took 0.000396 sec (of wall-clock time) 0.000400 sec (of CPU time)
Setting up auxiliary I and S matrices: done in 3.4529e-05 secs
Computing RapidNJ tree took 0.000123 sec (of wall-clock time) 0.000000 sec (of CPU time)
Log-likelihood of RapidNJ tree: -368.681
--------------------------------------------------------------------
|             INITIALIZING CANDIDATE TREE SET                      |
--------------------------------------------------------------------
Generating 98 parsimony trees... 0.020 second
Computing log-likelihood of 98 initial trees ... 0.018 seconds
Current best score: -366.767

Do NNI search on 20 best initial trees
Estimate model parameters (epsilon = 0.100)
BETTER TREE FOUND at iteration 1: -366.767
Iteration 10 / LogL: -366.767 / Time: 0h:0m:0s
Iteration 20 / LogL: -366.767 / Time: 0h:0m:0s
Finish initializing candidate tree set (19)
Current best tree score: -366.767 / CPU time: 0.053
Number of iterations: 20
--------------------------------------------------------------------
|               OPTIMIZING CANDIDATE TREE SET                      |
--------------------------------------------------------------------
Iteration 30 / LogL: -366.768 / Time: 0h:0m:0s (0h:0m:0s left)
Iteration 40 / LogL: -366.768 / Time: 0h:0m:0s (0h:0m:0s left)
Iteration 50 / LogL: -366.769 / Time: 0h:0m:0s (0h:0m:0s left)
Iteration 60 / LogL: -366.769 / Time: 0h:0m:0s (0h:0m:0s left)
BETTER TREE FOUND at iteration 61: -366.767
Iteration 70 / LogL: -366.768 / Time: 0h:0m:0s (0h:0m:0s left)
Iteration 80 / LogL: -366.767 / Time: 0h:0m:0s (0h:0m:0s left)
Iteration 90 / LogL: -366.769 / Time: 0h:0m:0s (0h:0m:0s left)
Iteration 100 / LogL: -366.769 / Time: 0h:0m:0s (0h:0m:0s left)
Iteration 110 / LogL: -366.768 / Time: 0h:0m:0s (0h:0m:0s left)
UPDATE BEST LOG-LIKELIHOOD: -366.767
Iteration 120 / LogL: -371.897 / Time: 0h:0m:0s (0h:0m:0s left)
Iteration 130 / LogL: -366.768 / Time: 0h:0m:0s (0h:0m:0s left)
Iteration 140 / LogL: -368.679 / Time: 0h:0m:0s (0h:0m:0s left)
Iteration 150 / LogL: -366.767 / Time: 0h:0m:0s (0h:0m:0s left)
Iteration 160 / LogL: -366.767 / Time: 0h:0m:0s (0h:0m:0s left)
TREE SEARCH COMPLETED AFTER 162 ITERATIONS / Time: 0h:0m:0s

--------------------------------------------------------------------
|                    FINALIZING TREE SEARCH                        |
--------------------------------------------------------------------
Performs final model parameters optimization
Estimate model parameters (epsilon = 0.010)
1. Initial log-likelihood: -366.767
Optimal log-likelihood: -366.767
Rate parameters:  A-C: 1.00000  A-G: 1.00000  A-T: 1.00000  C-G: 1.00000  C-T: 1.00000  G-T: 1.00000
Base frequencies:  A: 0.250  C: 0.250  G: 0.250  T: 0.250
Parameters optimization took 1 rounds (0.000 sec)
BEST SCORE FOUND : -366.767

Testing tree branches by aBayes parametric test...
0.000 sec.
Total tree length: 0.065

Total number of iterations: 162
CPU time used for tree search: 0.290 sec (0h:0m:0s)
Wall-clock time used for tree search: 0.308 sec (0h:0m:0s)
Total CPU time used: 0.300 sec (0h:0m:0s)
Total wall-clock time used: 0.318 sec (0h:0m:0s)

Analysis results written to: 
  IQ-TREE report:                /home/mis/CSE6406-project/work/paper_subset_50x10_L200/ils_low/replicate_01/estimated_gene_trees/L200/jc/locus_0048.iqtree
  Maximum-likelihood tree:       /home/mis/CSE6406-project/work/paper_subset_50x10_L200/ils_low/replicate_01/estimated_gene_trees/L200/jc/locus_0048.treefile
  Likelihood distances:          /home/mis/CSE6406-project/work/paper_subset_50x10_L200/ils_low/replicate_01/estimated_gene_trees/L200/jc/locus_0048.mldist
  Screen log file:               /home/mis/CSE6406-project/work/paper_subset_50x10_L200/ils_low/replicate_01/estimated_gene_trees/L200/jc/locus_0048.log

Date and Time: Sat Sep 12 21:30:28 2026
