IQ-TREE multicore version 2.4.0 for Linux x86 64-bit built Feb 12 2025
Developed by Bui Quang Minh, Nguyen Lam Tung, Olga Chernomor, Heiko Schmidt,
Dominik Schrempf, Michael Woodhams, Ly Trong Nhan, Thomas Wong

Host:    ezmata (AVX2, FMA3, 15 GB RAM)
Command: /home/mis/miniconda3/envs/cse6406/bin/iqtree2 -s /home/mis/CSE6406-project/work/paper_subset_50x10_L200/ils_high/replicate_04/alignments/L200/locus_0027.phy -m JC --abayes -T 1 --seed 6806028 --prefix /home/mis/CSE6406-project/work/paper_subset_50x10_L200/ils_high/replicate_04/estimated_gene_trees/L200/jc/locus_0027 --redo --quiet
Seed:    6806028 (Using SPRNG - Scalable Parallel Random Number Generator)
Time:    Sat Sep 12 21:43:00 2026
Kernel:  AVX+FMA - 1 threads (16 CPU cores detected)

HINT: Use -nt option to specify number of threads because your CPU has 16 cores!
HINT: -nt AUTO will automatically determine the best number of threads to use.

Reading alignment file /home/mis/CSE6406-project/work/paper_subset_50x10_L200/ils_high/replicate_04/alignments/L200/locus_0027.phy ... Phylip format detected
Alignment most likely contains DNA/RNA sequences
Alignment has 21 sequences with 200 columns, 65 distinct patterns
42 parsimony-informative, 21 singleton sites, 137 constant sites
        Gap/Ambiguity  Composition  p-value
Analyzing sequences: done in 1.1326e-05 secs
   1  0_0_0     0.00%    passed     88.00%
   2  4_0_0     0.00%    passed     98.05%
   3  1_0_0     0.00%    passed     97.97%
   4  16_0_0    0.00%    passed     99.50%
   5  11_0_0    0.00%    passed     81.26%
   6  10_0_0    0.00%    passed     93.41%
   7  15_0_0    0.00%    passed     98.33%
   8  17_0_0    0.00%    passed     99.02%
   9  6_0_0     0.00%    passed     99.74%
  10  13_0_0    0.00%    passed     98.33%
  11  14_0_0    0.00%    passed     99.41%
  12  5_0_0     0.00%    passed     97.04%
  13  12_0_0    0.00%    passed     97.21%
  14  7_0_0     0.00%    passed     97.13%
  15  9_0_0     0.00%    passed     99.02%
  16  3_0_0     0.00%    passed     96.59%
  17  8_0_0     0.00%    passed     96.16%
  18  18_0_0    0.00%    passed     78.35%
  19  2_0_0     0.00%    passed     99.79%
  20  19_0_0    0.00%    passed     98.15%
  21  20_0_0    0.00%    passed     94.32%
****  TOTAL     0.00%  0 sequences failed composition chi2 test (p-value<5%; df=3)

Create initial parsimony tree by phylogenetic likelihood library (PLL)... 0.001 seconds

NOTE: 0 MB RAM (0 GB) is required!
Estimate model parameters (epsilon = 0.100)
1. Initial log-likelihood: -1245.091
Optimal log-likelihood: -1243.253
Rate parameters:  A-C: 1.00000  A-G: 1.00000  A-T: 1.00000  C-G: 1.00000  C-T: 1.00000  G-T: 1.00000
Base frequencies:  A: 0.250  C: 0.250  G: 0.250  T: 0.250
Parameters optimization took 1 rounds (0.001 sec)
Wrote distance file to... 
Computing ML distances based on estimated model parameters...
Calculating distance matrix: done in 0.00100867 secs using 87.24% CPU
Computing ML distances took 0.001045 sec (of wall-clock time) 0.000912 sec (of CPU time)
Setting up auxiliary I and S matrices: done in 5.7384e-05 secs using 88.87% CPU
Computing RapidNJ tree took 0.000235 sec (of wall-clock time) 0.000363 sec (of CPU time)
Log-likelihood of RapidNJ tree: -1254.588
--------------------------------------------------------------------
|             INITIALIZING CANDIDATE TREE SET                      |
--------------------------------------------------------------------
Generating 98 parsimony trees... 0.064 second
Computing log-likelihood of 98 initial trees ... 0.048 seconds
Current best score: -1235.085

Do NNI search on 20 best initial trees
Estimate model parameters (epsilon = 0.100)
BETTER TREE FOUND at iteration 1: -1234.981
UPDATE BEST LOG-LIKELIHOOD: -1234.981
UPDATE BEST LOG-LIKELIHOOD: -1234.981
Iteration 10 / LogL: -1236.429 / Time: 0h:0m:0s
Iteration 20 / LogL: -1236.278 / Time: 0h:0m:0s
Finish initializing candidate tree set (9)
Current best tree score: -1234.981 / CPU time: 0.186
Number of iterations: 20
--------------------------------------------------------------------
|               OPTIMIZING CANDIDATE TREE SET                      |
--------------------------------------------------------------------
Iteration 30 / LogL: -1238.901 / Time: 0h:0m:0s (0h:0m:0s left)
Iteration 40 / LogL: -1239.609 / Time: 0h:0m:0s (0h:0m:0s left)
Iteration 50 / LogL: -1237.004 / Time: 0h:0m:0s (0h:0m:0s left)
Iteration 60 / LogL: -1236.429 / Time: 0h:0m:0s (0h:0m:0s left)
UPDATE BEST LOG-LIKELIHOOD: -1234.981
Iteration 70 / LogL: -1234.981 / Time: 0h:0m:0s (0h:0m:0s left)
Iteration 80 / LogL: -1235.366 / Time: 0h:0m:0s (0h:0m:0s left)
UPDATE BEST LOG-LIKELIHOOD: -1234.981
Iteration 90 / LogL: -1234.981 / Time: 0h:0m:0s (0h:0m:0s left)
UPDATE BEST LOG-LIKELIHOOD: -1234.981
Iteration 100 / LogL: -1239.355 / Time: 0h:0m:0s (0h:0m:0s left)
TREE SEARCH COMPLETED AFTER 102 ITERATIONS / Time: 0h:0m:0s

--------------------------------------------------------------------
|                    FINALIZING TREE SEARCH                        |
--------------------------------------------------------------------
Performs final model parameters optimization
Estimate model parameters (epsilon = 0.010)
1. Initial log-likelihood: -1234.981
Optimal log-likelihood: -1234.981
Rate parameters:  A-C: 1.00000  A-G: 1.00000  A-T: 1.00000  C-G: 1.00000  C-T: 1.00000  G-T: 1.00000
Base frequencies:  A: 0.250  C: 0.250  G: 0.250  T: 0.250
Parameters optimization took 1 rounds (0.000 sec)
BEST SCORE FOUND : -1234.981

Testing tree branches by aBayes parametric test...
0.001 sec.
Total tree length: 0.917

Total number of iterations: 102
CPU time used for tree search: 0.655 sec (0h:0m:0s)
Wall-clock time used for tree search: 0.730 sec (0h:0m:0s)
Total CPU time used: 0.668 sec (0h:0m:0s)
Total wall-clock time used: 0.744 sec (0h:0m:0s)

Analysis results written to: 
  IQ-TREE report:                /home/mis/CSE6406-project/work/paper_subset_50x10_L200/ils_high/replicate_04/estimated_gene_trees/L200/jc/locus_0027.iqtree
  Maximum-likelihood tree:       /home/mis/CSE6406-project/work/paper_subset_50x10_L200/ils_high/replicate_04/estimated_gene_trees/L200/jc/locus_0027.treefile
  Likelihood distances:          /home/mis/CSE6406-project/work/paper_subset_50x10_L200/ils_high/replicate_04/estimated_gene_trees/L200/jc/locus_0027.mldist
  Screen log file:               /home/mis/CSE6406-project/work/paper_subset_50x10_L200/ils_high/replicate_04/estimated_gene_trees/L200/jc/locus_0027.log

Date and Time: Sat Sep 12 21:43:01 2026
