IQ-TREE multicore version 2.4.0 for Linux x86 64-bit built Feb 12 2025
Developed by Bui Quang Minh, Nguyen Lam Tung, Olga Chernomor, Heiko Schmidt,
Dominik Schrempf, Michael Woodhams, Ly Trong Nhan, Thomas Wong

Host:    ezmata (AVX2, FMA3, 15 GB RAM)
Command: /home/mis/miniconda3/envs/cse6406/bin/iqtree2 -s /home/mis/CSE6406-project/work/paper_subset_7x2_L200_800/ils_low/replicate_01/alignments/L200/locus_0002.phy -m GTR --abayes -T AUTO --seed 6506003 --prefix /home/mis/CSE6406-project/work/paper_subset_7x2_L200_800/ils_low/replicate_01/estimated_gene_trees/L200/gtr/locus_0002 --redo --quiet
Seed:    6506003 (Using SPRNG - Scalable Parallel Random Number Generator)
Time:    Thu Sep 10 11:40:51 2026
Kernel:  AVX+FMA - auto-detect threads (16 CPU cores detected)

Reading alignment file /home/mis/CSE6406-project/work/paper_subset_7x2_L200_800/ils_low/replicate_01/alignments/L200/locus_0002.phy ... Phylip format detected
Alignment most likely contains DNA/RNA sequences
Alignment has 21 sequences with 200 columns, 14 distinct patterns
2 parsimony-informative, 8 singleton sites, 190 constant sites
        Gap/Ambiguity  Composition  p-value
Analyzing sequences: done in 0.000238946 secs
   1  7_0_0     0.00%    passed    100.00%
   2  16_0_0    0.00%    passed    100.00%
   3  11_0_0    0.00%    passed     99.85%
   4  14_0_0    0.00%    passed    100.00%
   5  8_0_0     0.00%    passed     99.60%
   6  20_0_0    0.00%    passed    100.00%
   7  19_0_0    0.00%    passed     99.60%
   8  5_0_0     0.00%    passed     99.85%
   9  10_0_0    0.00%    passed     99.82%
  10  9_0_0     0.00%    passed     99.82%
  11  1_0_0     0.00%    passed    100.00%
  12  3_0_0     0.00%    passed     99.60%
  13  2_0_0     0.00%    passed    100.00%
  14  4_0_0     0.00%    passed    100.00%
  15  6_0_0     0.00%    passed     99.70%
  16  13_0_0    0.00%    passed     99.81%
  17  12_0_0    0.00%    passed     99.39%
  18  18_0_0    0.00%    passed     99.81%
  19  17_0_0    0.00%    passed     99.81%
  20  15_0_0    0.00%    passed     99.81%
  21  0_0_0     0.00%    passed     99.20%
****  TOTAL     0.00%  0 sequences failed composition chi2 test (p-value<5%; df=3)
NOTE: 16_0_0 is identical to 7_0_0 but kept for subsequent analysis
NOTE: 9_0_0 is identical to 10_0_0 but kept for subsequent analysis
NOTE: 18_0_0 is identical to 13_0_0 but kept for subsequent analysis
NOTE: 7 identical sequences (see below) will be ignored for subsequent analysis
NOTE: 14_0_0 (identical to 7_0_0) is ignored but added at the end
NOTE: 20_0_0 (identical to 7_0_0) is ignored but added at the end
NOTE: 1_0_0 (identical to 7_0_0) is ignored but added at the end
NOTE: 2_0_0 (identical to 7_0_0) is ignored but added at the end
NOTE: 4_0_0 (identical to 7_0_0) is ignored but added at the end
NOTE: 17_0_0 (identical to 13_0_0) is ignored but added at the end
NOTE: 15_0_0 (identical to 13_0_0) is ignored but added at the end
Alignment was printed to /home/mis/CSE6406-project/work/paper_subset_7x2_L200_800/ils_low/replicate_01/estimated_gene_trees/L200/gtr/locus_0002.uniqueseq.phy

For your convenience alignment with unique sequences printed to /home/mis/CSE6406-project/work/paper_subset_7x2_L200_800/ils_low/replicate_01/estimated_gene_trees/L200/gtr/locus_0002.uniqueseq.phy

Create initial parsimony tree by phylogenetic likelihood library (PLL)... 0.000 seconds

NOTE: 0 MB RAM (0 GB) is required!
Measuring multi-threading efficiency up to 16 CPU cores
Increase to 10 rounds for branch lengths
106306 trees examined
Threads: 1 / Time: 16.000 sec / Speedup: 1.000 / Efficiency: 100% / LogL: -375
WARNING: 2 threads for alignment length 14 will slow down analysis
Threads: 2 / Time: 10.107 sec / Speedup: 1.583 / Efficiency: 79% / LogL: -375
WARNING: 3 threads for alignment length 14 will slow down analysis
Threads: 3 / Time: 9.897 sec / Speedup: 1.617 / Efficiency: 54% / LogL: -375
WARNING: 4 threads for alignment length 14 will slow down analysis
Threads: 4 / Time: 10.090 sec / Speedup: 1.586 / Efficiency: 40% / LogL: -375
BEST NUMBER OF THREADS: 2

WARNING: 2 threads for alignment length 14 will slow down analysis
Estimate model parameters (epsilon = 0.100)
1. Initial log-likelihood: -349.062
2. Current log-likelihood: -346.901
Optimal log-likelihood: -346.892
Rate parameters:  A-C: 1.14697  A-G: 2.53641  A-T: 1.68145  C-G: 0.00010  C-T: 3.42293  G-T: 1.00000
Warning! Some parameters hit the boundaries
Base frequencies:  A: 0.316  C: 0.155  G: 0.210  T: 0.320
Parameters optimization took 2 rounds (0.002 sec)
Wrote distance file to... 
Computing ML distances based on estimated model parameters...
Calculating distance matrix: done in 0.000140377 secs using 171% CPU
Computing ML distances took 0.000280 sec (of wall-clock time) 0.000293 sec (of CPU time)
Setting up auxiliary I and S matrices: done in 0.000143674 secs using 151% CPU
Computing RapidNJ tree took 0.001123 sec (of wall-clock time) 0.000488 sec (of CPU time)
Log-likelihood of RapidNJ tree: -346.895
--------------------------------------------------------------------
|             INITIALIZING CANDIDATE TREE SET                      |
--------------------------------------------------------------------
Generating 98 parsimony trees... 0.012 second
Computing log-likelihood of 98 initial trees ... 0.010 seconds
Current best score: -346.892

Do NNI search on 20 best initial trees
Estimate model parameters (epsilon = 0.100)
BETTER TREE FOUND at iteration 1: -346.891
BETTER TREE FOUND at iteration 2: -346.890
Iteration 10 / LogL: -346.891 / Time: 0h:0m:46s
BETTER TREE FOUND at iteration 12: -346.890
Iteration 20 / LogL: -346.891 / Time: 0h:0m:46s
Finish initializing candidate tree set (20)
Current best tree score: -346.890 / CPU time: 0.033
Number of iterations: 20
--------------------------------------------------------------------
|               OPTIMIZING CANDIDATE TREE SET                      |
--------------------------------------------------------------------
BETTER TREE FOUND at iteration 24: -346.890
BETTER TREE FOUND at iteration 26: -346.890
Iteration 30 / LogL: -346.891 / Time: 0h:0m:46s (0h:2m:32s left)
BETTER TREE FOUND at iteration 34: -346.890
UPDATE BEST LOG-LIKELIHOOD: -346.890
BETTER TREE FOUND at iteration 39: -346.890
Iteration 40 / LogL: -346.891 / Time: 0h:0m:46s (0h:1m:57s left)
BETTER TREE FOUND at iteration 43: -346.890
Iteration 50 / LogL: -346.890 / Time: 0h:0m:46s (0h:1m:27s left)
BETTER TREE FOUND at iteration 56: -346.890
BETTER TREE FOUND at iteration 59: -346.890
Iteration 60 / LogL: -346.890 / Time: 0h:0m:46s (0h:1m:17s left)
BETTER TREE FOUND at iteration 68: -346.890
Iteration 70 / LogL: -346.891 / Time: 0h:0m:46s (0h:1m:5s left)
Iteration 80 / LogL: -351.942 / Time: 0h:0m:46s (0h:0m:51s left)
Iteration 90 / LogL: -346.891 / Time: 0h:0m:46s (0h:0m:40s left)
Iteration 100 / LogL: -346.890 / Time: 0h:0m:46s (0h:0m:31s left)
Iteration 110 / LogL: -346.890 / Time: 0h:0m:46s (0h:0m:24s left)
Iteration 120 / LogL: -346.890 / Time: 0h:0m:46s (0h:0m:18s left)
Iteration 130 / LogL: -346.890 / Time: 0h:0m:46s (0h:0m:13s left)
BETTER TREE FOUND at iteration 133: -346.890
Iteration 140 / LogL: -346.890 / Time: 0h:0m:46s (0h:0m:30s left)
Iteration 150 / LogL: -346.890 / Time: 0h:0m:46s (0h:0m:25s left)
BETTER TREE FOUND at iteration 151: -346.890
Iteration 160 / LogL: -346.890 / Time: 0h:0m:46s (0h:0m:26s left)
BETTER TREE FOUND at iteration 164: -346.890
BETTER TREE FOUND at iteration 168: -346.890
Iteration 170 / LogL: -346.890 / Time: 0h:0m:46s (0h:0m:26s left)
Iteration 180 / LogL: -346.890 / Time: 0h:0m:46s (0h:0m:22s left)
Iteration 190 / LogL: -346.891 / Time: 0h:0m:46s (0h:0m:19s left)
Iteration 200 / LogL: -346.890 / Time: 0h:0m:46s (0h:0m:15s left)
Iteration 210 / LogL: -346.890 / Time: 0h:0m:46s (0h:0m:12s left)
Iteration 220 / LogL: -346.890 / Time: 0h:0m:46s (0h:0m:10s left)
Iteration 230 / LogL: -346.890 / Time: 0h:0m:46s (0h:0m:7s left)
Iteration 240 / LogL: -346.890 / Time: 0h:0m:46s (0h:0m:5s left)
Iteration 250 / LogL: -351.942 / Time: 0h:0m:46s (0h:0m:3s left)
Iteration 260 / LogL: -346.890 / Time: 0h:0m:46s (0h:0m:1s left)
TREE SEARCH COMPLETED AFTER 269 ITERATIONS / Time: 0h:0m:46s

--------------------------------------------------------------------
|                    FINALIZING TREE SEARCH                        |
--------------------------------------------------------------------
Performs final model parameters optimization
Estimate model parameters (epsilon = 0.010)
1. Initial log-likelihood: -346.890
Optimal log-likelihood: -346.885
Rate parameters:  A-C: 1.22528  A-G: 2.61521  A-T: 1.72278  C-G: 0.00010  C-T: 3.47337  G-T: 1.00000
Warning! Some parameters hit the boundaries
Base frequencies:  A: 0.316  C: 0.155  G: 0.210  T: 0.320
Parameters optimization took 1 rounds (0.001 sec)
BEST SCORE FOUND : -346.885

Testing tree branches by aBayes parametric test...
0.001 sec.
Total tree length: 0.055

Total number of iterations: 269
CPU time used for tree search: 0.205 sec (0h:0m:0s)
Wall-clock time used for tree search: 0.233 sec (0h:0m:0s)
Total CPU time used: 41.447 sec (0h:0m:41s)
Total wall-clock time used: 46.346 sec (0h:0m:46s)

Analysis results written to: 
  IQ-TREE report:                /home/mis/CSE6406-project/work/paper_subset_7x2_L200_800/ils_low/replicate_01/estimated_gene_trees/L200/gtr/locus_0002.iqtree
  Maximum-likelihood tree:       /home/mis/CSE6406-project/work/paper_subset_7x2_L200_800/ils_low/replicate_01/estimated_gene_trees/L200/gtr/locus_0002.treefile
  Likelihood distances:          /home/mis/CSE6406-project/work/paper_subset_7x2_L200_800/ils_low/replicate_01/estimated_gene_trees/L200/gtr/locus_0002.mldist
  Screen log file:               /home/mis/CSE6406-project/work/paper_subset_7x2_L200_800/ils_low/replicate_01/estimated_gene_trees/L200/gtr/locus_0002.log

Date and Time: Thu Sep 10 11:41:37 2026
