IQ-TREE multicore version 2.4.0 for Linux x86 64-bit built Feb 12 2025
Developed by Bui Quang Minh, Nguyen Lam Tung, Olga Chernomor, Heiko Schmidt,
Dominik Schrempf, Michael Woodhams, Ly Trong Nhan, Thomas Wong

Host:    ezmata (AVX2, FMA3, 15 GB RAM)
Command: /home/mis/miniconda3/envs/cse6406/bin/iqtree2 -s /home/mis/CSE6406-project/work/paper_subset_50x10_L800/ils_low/replicate_02/alignments/L800/locus_0043.phy -m HKY --abayes -T AUTO --seed 6606044 --prefix /home/mis/CSE6406-project/work/paper_subset_50x10_L800/ils_low/replicate_02/estimated_gene_trees/L800/hky/locus_0043 --redo --quiet
Seed:    6606044 (Using SPRNG - Scalable Parallel Random Number Generator)
Time:    Fri Sep 11 04:55:08 2026
Kernel:  AVX+FMA - auto-detect threads (16 CPU cores detected)

Reading alignment file /home/mis/CSE6406-project/work/paper_subset_50x10_L800/ils_low/replicate_02/alignments/L800/locus_0043.phy ... Phylip format detected
Alignment most likely contains DNA/RNA sequences
Alignment has 21 sequences with 800 columns, 488 distinct patterns
420 parsimony-informative, 87 singleton sites, 293 constant sites
        Gap/Ambiguity  Composition  p-value
Analyzing sequences: done in 0.000116951 secs
   1  5_0_0     0.00%    passed     11.93%
   2  1_0_0     0.00%    passed     69.39%
   3  17_0_0    0.00%    passed     32.14%
   4  12_0_0    0.00%    passed     91.53%
   5  20_0_0    0.00%    passed     93.29%
   6  13_0_0    0.00%    passed     85.23%
   7  10_0_0    0.00%    passed     89.41%
   8  19_0_0    0.00%    passed     96.03%
   9  8_0_0     0.00%    passed     98.40%
  10  7_0_0     0.00%    passed     66.08%
  11  15_0_0    0.00%    passed     75.69%
  12  18_0_0    0.00%    passed     59.70%
  13  16_0_0    0.00%    passed     52.80%
  14  14_0_0    0.00%    passed     50.37%
  15  9_0_0     0.00%    passed     99.57%
  16  11_0_0    0.00%    passed     93.73%
  17  3_0_0     0.00%    passed     44.80%
  18  6_0_0     0.00%    passed     85.25%
  19  4_0_0     0.00%    passed     78.61%
  20  2_0_0     0.00%    passed     51.08%
  21  0_0_0     0.00%    passed     69.17%
****  TOTAL     0.00%  0 sequences failed composition chi2 test (p-value<5%; df=3)

Create initial parsimony tree by phylogenetic likelihood library (PLL)... 0.001 seconds

NOTE: 0 MB RAM (0 GB) is required!
Measuring multi-threading efficiency up to 16 CPU cores
Increase to 10 rounds for branch lengths
5818 trees examined
Threads: 1 / Time: 16.001 sec / Speedup: 1.000 / Efficiency: 100% / LogL: -14524
Threads: 2 / Time: 26.461 sec / Speedup: 0.605 / Efficiency: 30% / LogL: -14524
BEST NUMBER OF THREADS: 1

Estimate model parameters (epsilon = 0.100)
1. Initial log-likelihood: -13808.747
2. Current log-likelihood: -13741.890
3. Current log-likelihood: -13741.660
Optimal log-likelihood: -13741.660
Rate parameters:  A-C: 1.00000  A-G: 1.31300  A-T: 1.00000  C-G: 1.00000  C-T: 1.31300  G-T: 1.00000
Base frequencies:  A: 0.267  C: 0.221  G: 0.200  T: 0.312
Parameters optimization took 3 rounds (0.004 sec)
Wrote distance file to... 
Computing ML distances based on estimated model parameters...
Calculating distance matrix: done in 0.000404632 secs using 88.72% CPU
Computing ML distances took 0.000438 sec (of wall-clock time) 0.000387 sec (of CPU time)
Setting up auxiliary I and S matrices: done in 3.4605e-05 secs using 864% CPU
Computing RapidNJ tree took 0.000137 sec (of wall-clock time) 0.000401 sec (of CPU time)
Log-likelihood of RapidNJ tree: -13789.717
--------------------------------------------------------------------
|             INITIALIZING CANDIDATE TREE SET                      |
--------------------------------------------------------------------
Generating 98 parsimony trees... 0.094 second
Computing log-likelihood of 98 initial trees ... 0.058 seconds
Current best score: -13718.836

Do NNI search on 20 best initial trees
Estimate model parameters (epsilon = 0.100)
BETTER TREE FOUND at iteration 1: -13715.494
Iteration 10 / LogL: -13724.973 / Time: 0h:0m:42s
Iteration 20 / LogL: -13724.995 / Time: 0h:0m:42s
Finish initializing candidate tree set (10)
Current best tree score: -13715.494 / CPU time: 0.241
Number of iterations: 20
--------------------------------------------------------------------
|               OPTIMIZING CANDIDATE TREE SET                      |
--------------------------------------------------------------------
Iteration 30 / LogL: -13715.555 / Time: 0h:0m:42s (0h:1m:44s left)
Iteration 40 / LogL: -13715.898 / Time: 0h:0m:42s (0h:1m:7s left)
Iteration 50 / LogL: -13720.544 / Time: 0h:0m:42s (0h:0m:44s left)
Iteration 60 / LogL: -13721.848 / Time: 0h:0m:43s (0h:0m:29s left)
Iteration 70 / LogL: -13715.555 / Time: 0h:0m:43s (0h:0m:19s left)
Iteration 80 / LogL: -13715.504 / Time: 0h:0m:43s (0h:0m:11s left)
Iteration 90 / LogL: -13716.610 / Time: 0h:0m:43s (0h:0m:5s left)
Iteration 100 / LogL: -13715.923 / Time: 0h:0m:43s (0h:0m:0s left)
TREE SEARCH COMPLETED AFTER 102 ITERATIONS / Time: 0h:0m:43s

--------------------------------------------------------------------
|                    FINALIZING TREE SEARCH                        |
--------------------------------------------------------------------
Performs final model parameters optimization
Estimate model parameters (epsilon = 0.010)
1. Initial log-likelihood: -13715.494
Optimal log-likelihood: -13715.493
Rate parameters:  A-C: 1.00000  A-G: 1.31886  A-T: 1.00000  C-G: 1.00000  C-T: 1.31886  G-T: 1.00000
Base frequencies:  A: 0.267  C: 0.221  G: 0.200  T: 0.312
Parameters optimization took 1 rounds (0.001 sec)
BEST SCORE FOUND : -13715.493

Testing tree branches by aBayes parametric test...
0.002 sec.
Total tree length: 4.844

Total number of iterations: 102
CPU time used for tree search: 0.845 sec (0h:0m:0s)
Wall-clock time used for tree search: 0.867 sec (0h:0m:0s)
Total CPU time used: 45.524 sec (0h:0m:45s)
Total wall-clock time used: 43.345 sec (0h:0m:43s)

Analysis results written to: 
  IQ-TREE report:                /home/mis/CSE6406-project/work/paper_subset_50x10_L800/ils_low/replicate_02/estimated_gene_trees/L800/hky/locus_0043.iqtree
  Maximum-likelihood tree:       /home/mis/CSE6406-project/work/paper_subset_50x10_L800/ils_low/replicate_02/estimated_gene_trees/L800/hky/locus_0043.treefile
  Likelihood distances:          /home/mis/CSE6406-project/work/paper_subset_50x10_L800/ils_low/replicate_02/estimated_gene_trees/L800/hky/locus_0043.mldist
  Screen log file:               /home/mis/CSE6406-project/work/paper_subset_50x10_L800/ils_low/replicate_02/estimated_gene_trees/L800/hky/locus_0043.log

Date and Time: Fri Sep 11 04:55:51 2026
