IQ-TREE multicore version 2.4.0 for Linux x86 64-bit built Feb 12 2025
Developed by Bui Quang Minh, Nguyen Lam Tung, Olga Chernomor, Heiko Schmidt,
Dominik Schrempf, Michael Woodhams, Ly Trong Nhan, Thomas Wong

Host:    ezmata (AVX2, FMA3, 15 GB RAM)
Command: /home/mis/miniconda3/envs/cse6406/bin/iqtree2 -s /home/mis/CSE6406-project/work/paper_subset_50x10_L800/ils_low/replicate_02/alignments/L800/locus_0036.phy -m HKY --abayes -T AUTO --seed 6606037 --prefix /home/mis/CSE6406-project/work/paper_subset_50x10_L800/ils_low/replicate_02/estimated_gene_trees/L800/hky/locus_0036 --redo --quiet
Seed:    6606037 (Using SPRNG - Scalable Parallel Random Number Generator)
Time:    Fri Sep 11 04:50:25 2026
Kernel:  AVX+FMA - auto-detect threads (16 CPU cores detected)

Reading alignment file /home/mis/CSE6406-project/work/paper_subset_50x10_L800/ils_low/replicate_02/alignments/L800/locus_0036.phy ... Phylip format detected
Alignment most likely contains DNA/RNA sequences
Alignment has 21 sequences with 800 columns, 502 distinct patterns
432 parsimony-informative, 79 singleton sites, 289 constant sites
        Gap/Ambiguity  Composition  p-value
Analyzing sequences: done in 0.000103032 secs using 18.44% CPU
   1  5_0_0     0.00%    passed     98.87%
   2  1_0_0     0.00%    passed     63.31%
   3  2_0_0     0.00%    passed     80.20%
   4  4_0_0     0.00%    passed     16.74%
   5  6_0_0     0.00%    passed     94.25%
   6  3_0_0     0.00%    passed     72.12%
   7  9_0_0     0.00%    passed      9.97%
   8  11_0_0    0.00%    passed     94.91%
   9  13_0_0    0.00%    passed     64.58%
  10  16_0_0    0.00%    passed     92.21%
  11  18_0_0    0.00%    passed     37.92%
  12  15_0_0    0.00%    passed     66.99%
  13  14_0_0    0.00%    passed     98.10%
  14  19_0_0    0.00%    passed     46.62%
  15  10_0_0    0.00%    passed     83.47%
  16  8_0_0     0.00%    passed     41.89%
  17  7_0_0     0.00%    passed     83.14%
  18  12_0_0    0.00%    passed     77.75%
  19  17_0_0    0.00%    passed     99.21%
  20  20_0_0    0.00%    passed     98.62%
  21  0_0_0     0.00%    passed     39.60%
****  TOTAL     0.00%  0 sequences failed composition chi2 test (p-value<5%; df=3)

Create initial parsimony tree by phylogenetic likelihood library (PLL)... 0.001 seconds

NOTE: 0 MB RAM (0 GB) is required!
Measuring multi-threading efficiency up to 16 CPU cores
Increase to 10 rounds for branch lengths
4894 trees examined
Threads: 1 / Time: 16.003 sec / Speedup: 1.000 / Efficiency: 100% / LogL: -15107
Threads: 2 / Time: 21.571 sec / Speedup: 0.742 / Efficiency: 37% / LogL: -15107
BEST NUMBER OF THREADS: 1

Estimate model parameters (epsilon = 0.100)
1. Initial log-likelihood: -14253.885
2. Current log-likelihood: -14187.893
3. Current log-likelihood: -14187.715
Optimal log-likelihood: -14187.715
Rate parameters:  A-C: 1.00000  A-G: 1.38838  A-T: 1.00000  C-G: 1.00000  C-T: 1.38838  G-T: 1.00000
Base frequencies:  A: 0.304  C: 0.178  G: 0.215  T: 0.303
Parameters optimization took 3 rounds (0.005 sec)
Wrote distance file to... 
Computing ML distances based on estimated model parameters...
Calculating distance matrix: done in 0.000465509 secs using 93.23% CPU
Computing ML distances took 0.000504 sec (of wall-clock time) 0.000468 sec (of CPU time)
Setting up auxiliary I and S matrices: done in 2.6644e-05 secs using 97.58% CPU
Computing RapidNJ tree took 0.000100 sec (of wall-clock time) 0.000362 sec (of CPU time)
Log-likelihood of RapidNJ tree: -14260.248
--------------------------------------------------------------------
|             INITIALIZING CANDIDATE TREE SET                      |
--------------------------------------------------------------------
Generating 98 parsimony trees... 0.112 second
Computing log-likelihood of 98 initial trees ... 0.069 seconds
Current best score: -14178.690

Do NNI search on 20 best initial trees
Estimate model parameters (epsilon = 0.100)
BETTER TREE FOUND at iteration 1: -14174.891
Iteration 10 / LogL: -14185.602 / Time: 0h:0m:37s
Estimate model parameters (epsilon = 0.100)
BETTER TREE FOUND at iteration 11: -14173.493
Iteration 20 / LogL: -14180.830 / Time: 0h:0m:37s
Finish initializing candidate tree set (9)
Current best tree score: -14173.493 / CPU time: 0.303
Number of iterations: 20
--------------------------------------------------------------------
|               OPTIMIZING CANDIDATE TREE SET                      |
--------------------------------------------------------------------
Iteration 30 / LogL: -14174.932 / Time: 0h:0m:37s (0h:1m:46s left)
Iteration 40 / LogL: -14174.933 / Time: 0h:0m:38s (0h:1m:9s left)
Iteration 50 / LogL: -14175.042 / Time: 0h:0m:38s (0h:0m:47s left)
Iteration 60 / LogL: -14174.930 / Time: 0h:0m:38s (0h:0m:33s left)
Iteration 70 / LogL: -14173.561 / Time: 0h:0m:38s (0h:0m:22s left)
Iteration 80 / LogL: -14175.630 / Time: 0h:0m:38s (0h:0m:15s left)
Iteration 90 / LogL: -14173.507 / Time: 0h:0m:38s (0h:0m:9s left)
Iteration 100 / LogL: -14175.015 / Time: 0h:0m:38s (0h:0m:4s left)
Iteration 110 / LogL: -14173.713 / Time: 0h:0m:38s (0h:0m:0s left)
TREE SEARCH COMPLETED AFTER 112 ITERATIONS / Time: 0h:0m:38s

--------------------------------------------------------------------
|                    FINALIZING TREE SEARCH                        |
--------------------------------------------------------------------
Performs final model parameters optimization
Estimate model parameters (epsilon = 0.010)
1. Initial log-likelihood: -14173.493
Optimal log-likelihood: -14173.493
Rate parameters:  A-C: 1.00000  A-G: 1.38333  A-T: 1.00000  C-G: 1.00000  C-T: 1.38333  G-T: 1.00000
Base frequencies:  A: 0.304  C: 0.178  G: 0.215  T: 0.303
Parameters optimization took 1 rounds (0.002 sec)
BEST SCORE FOUND : -14173.493

Testing tree branches by aBayes parametric test...
0.002 sec.
Total tree length: 5.141

Total number of iterations: 112
CPU time used for tree search: 1.126 sec (0h:0m:1s)
Wall-clock time used for tree search: 1.153 sec (0h:0m:1s)
Total CPU time used: 40.858 sec (0h:0m:40s)
Total wall-clock time used: 38.745 sec (0h:0m:38s)

Analysis results written to: 
  IQ-TREE report:                /home/mis/CSE6406-project/work/paper_subset_50x10_L800/ils_low/replicate_02/estimated_gene_trees/L800/hky/locus_0036.iqtree
  Maximum-likelihood tree:       /home/mis/CSE6406-project/work/paper_subset_50x10_L800/ils_low/replicate_02/estimated_gene_trees/L800/hky/locus_0036.treefile
  Likelihood distances:          /home/mis/CSE6406-project/work/paper_subset_50x10_L800/ils_low/replicate_02/estimated_gene_trees/L800/hky/locus_0036.mldist
  Screen log file:               /home/mis/CSE6406-project/work/paper_subset_50x10_L800/ils_low/replicate_02/estimated_gene_trees/L800/hky/locus_0036.log

Date and Time: Fri Sep 11 04:51:03 2026
