IQ-TREE multicore version 2.4.0 for Linux x86 64-bit built Feb 12 2025
Developed by Bui Quang Minh, Nguyen Lam Tung, Olga Chernomor, Heiko Schmidt,
Dominik Schrempf, Michael Woodhams, Ly Trong Nhan, Thomas Wong

Host:    ezmata (AVX2, FMA3, 15 GB RAM)
Command: /home/mis/miniconda3/envs/cse6406/bin/iqtree2 -s /home/mis/CSE6406-project/work/paper_subset_50x10_L800/ils_low/replicate_02/alignments/L800/locus_0032.phy -m HKY --abayes -T AUTO --seed 6606033 --prefix /home/mis/CSE6406-project/work/paper_subset_50x10_L800/ils_low/replicate_02/estimated_gene_trees/L800/hky/locus_0032 --redo --quiet
Seed:    6606033 (Using SPRNG - Scalable Parallel Random Number Generator)
Time:    Fri Sep 11 04:47:40 2026
Kernel:  AVX+FMA - auto-detect threads (16 CPU cores detected)

Reading alignment file /home/mis/CSE6406-project/work/paper_subset_50x10_L800/ils_low/replicate_02/alignments/L800/locus_0032.phy ... Phylip format detected
Alignment most likely contains DNA/RNA sequences
Alignment has 21 sequences with 800 columns, 492 distinct patterns
429 parsimony-informative, 74 singleton sites, 297 constant sites
        Gap/Ambiguity  Composition  p-value
Analyzing sequences: done in 9.6181e-05 secs
   1  0_0_0     0.00%    passed     44.06%
   2  6_0_0     0.00%    passed     53.77%
   3  3_0_0     0.00%    passed     16.17%
   4  2_0_0     0.00%    passed     65.67%
   5  4_0_0     0.00%    passed     85.96%
   6  12_0_0    0.00%    passed     90.18%
   7  17_0_0    0.00%    passed     68.17%
   8  20_0_0    0.00%    passed     24.41%
   9  13_0_0    0.00%    passed     87.89%
  10  10_0_0    0.00%    passed     63.71%
  11  7_0_0     0.00%    passed     94.37%
  12  8_0_0     0.00%    passed     69.74%
  13  19_0_0    0.00%    passed     91.97%
  14  16_0_0    0.00%    passed     46.99%
  15  18_0_0    0.00%    passed     86.57%
  16  15_0_0    0.00%    passed     92.57%
  17  14_0_0    0.00%    passed     51.54%
  18  5_0_0     0.00%    passed     18.34%
  19  1_0_0     0.00%    passed     94.10%
  20  9_0_0     0.00%    passed     79.71%
  21  11_0_0    0.00%    passed     85.53%
****  TOTAL     0.00%  0 sequences failed composition chi2 test (p-value<5%; df=3)

Create initial parsimony tree by phylogenetic likelihood library (PLL)... 0.001 seconds

NOTE: 0 MB RAM (0 GB) is required!
Measuring multi-threading efficiency up to 16 CPU cores
Increase to 10 rounds for branch lengths
5115 trees examined
Threads: 1 / Time: 16.001 sec / Speedup: 1.000 / Efficiency: 100% / LogL: -14833
Threads: 2 / Time: 23.016 sec / Speedup: 0.695 / Efficiency: 35% / LogL: -14833
BEST NUMBER OF THREADS: 1

Estimate model parameters (epsilon = 0.100)
1. Initial log-likelihood: -13988.458
2. Current log-likelihood: -13914.990
3. Current log-likelihood: -13914.883
Optimal log-likelihood: -13914.883
Rate parameters:  A-C: 1.00000  A-G: 1.35184  A-T: 1.00000  C-G: 1.00000  C-T: 1.35184  G-T: 1.00000
Base frequencies:  A: 0.286  C: 0.207  G: 0.188  T: 0.320
Parameters optimization took 3 rounds (0.005 sec)
Wrote distance file to... 
Computing ML distances based on estimated model parameters...
Calculating distance matrix: done in 0.000502341 secs using 81.22% CPU
Computing ML distances took 0.000543 sec (of wall-clock time) 0.000443 sec (of CPU time)
Setting up auxiliary I and S matrices: done in 3.2171e-05 secs using 746% CPU
Computing RapidNJ tree took 0.000114 sec (of wall-clock time) 0.000400 sec (of CPU time)
Log-likelihood of RapidNJ tree: -13919.596
--------------------------------------------------------------------
|             INITIALIZING CANDIDATE TREE SET                      |
--------------------------------------------------------------------
Generating 98 parsimony trees... 0.109 second
Computing log-likelihood of 98 initial trees ... 0.063 seconds
Current best score: -13906.213

Do NNI search on 20 best initial trees
Estimate model parameters (epsilon = 0.100)
BETTER TREE FOUND at iteration 1: -13896.960
Iteration 10 / LogL: -13896.975 / Time: 0h:0m:39s
Iteration 20 / LogL: -13897.013 / Time: 0h:0m:39s
Finish initializing candidate tree set (6)
Current best tree score: -13896.960 / CPU time: 0.305
Number of iterations: 20
--------------------------------------------------------------------
|               OPTIMIZING CANDIDATE TREE SET                      |
--------------------------------------------------------------------
Iteration 30 / LogL: -13907.130 / Time: 0h:0m:39s (0h:1m:36s left)
Iteration 40 / LogL: -13897.061 / Time: 0h:0m:39s (0h:1m:1s left)
Iteration 50 / LogL: -13907.601 / Time: 0h:0m:39s (0h:0m:41s left)
Iteration 60 / LogL: -13907.702 / Time: 0h:0m:39s (0h:0m:27s left)
Iteration 70 / LogL: -13903.652 / Time: 0h:0m:39s (0h:0m:17s left)
Iteration 80 / LogL: -13907.126 / Time: 0h:0m:39s (0h:0m:10s left)
Iteration 90 / LogL: -13896.999 / Time: 0h:0m:39s (0h:0m:4s left)
Iteration 100 / LogL: -13903.705 / Time: 0h:0m:40s (0h:0m:0s left)
TREE SEARCH COMPLETED AFTER 102 ITERATIONS / Time: 0h:0m:40s

--------------------------------------------------------------------
|                    FINALIZING TREE SEARCH                        |
--------------------------------------------------------------------
Performs final model parameters optimization
Estimate model parameters (epsilon = 0.010)
1. Initial log-likelihood: -13896.960
Optimal log-likelihood: -13896.960
Rate parameters:  A-C: 1.00000  A-G: 1.34238  A-T: 1.00000  C-G: 1.00000  C-T: 1.34238  G-T: 1.00000
Base frequencies:  A: 0.286  C: 0.207  G: 0.188  T: 0.320
Parameters optimization took 1 rounds (0.001 sec)
BEST SCORE FOUND : -13896.960

Testing tree branches by aBayes parametric test...
0.002 sec.
Total tree length: 4.981

Total number of iterations: 102
CPU time used for tree search: 0.993 sec (0h:0m:0s)
Wall-clock time used for tree search: 1.007 sec (0h:0m:1s)
Total CPU time used: 42.395 sec (0h:0m:42s)
Total wall-clock time used: 40.042 sec (0h:0m:40s)

Analysis results written to: 
  IQ-TREE report:                /home/mis/CSE6406-project/work/paper_subset_50x10_L800/ils_low/replicate_02/estimated_gene_trees/L800/hky/locus_0032.iqtree
  Maximum-likelihood tree:       /home/mis/CSE6406-project/work/paper_subset_50x10_L800/ils_low/replicate_02/estimated_gene_trees/L800/hky/locus_0032.treefile
  Likelihood distances:          /home/mis/CSE6406-project/work/paper_subset_50x10_L800/ils_low/replicate_02/estimated_gene_trees/L800/hky/locus_0032.mldist
  Screen log file:               /home/mis/CSE6406-project/work/paper_subset_50x10_L800/ils_low/replicate_02/estimated_gene_trees/L800/hky/locus_0032.log

Date and Time: Fri Sep 11 04:48:20 2026
