IQ-TREE multicore version 2.4.0 for Linux x86 64-bit built Feb 12 2025
Developed by Bui Quang Minh, Nguyen Lam Tung, Olga Chernomor, Heiko Schmidt,
Dominik Schrempf, Michael Woodhams, Ly Trong Nhan, Thomas Wong

Host:    ezmata (AVX2, FMA3, 15 GB RAM)
Command: /home/mis/miniconda3/envs/cse6406/bin/iqtree2 -s /home/mis/CSE6406-project/work/paper_subset_50x10_L200/ils_low/replicate_08/alignments/L200/locus_0045.phy -m GTR --abayes -T 1 --seed 7206046 --prefix /home/mis/CSE6406-project/work/paper_subset_50x10_L200/ils_low/replicate_08/estimated_gene_trees/L200/gtr/locus_0045 --redo --quiet
Seed:    7206046 (Using SPRNG - Scalable Parallel Random Number Generator)
Time:    Sat Sep 12 21:36:34 2026
Kernel:  AVX+FMA - 1 threads (16 CPU cores detected)

HINT: Use -nt option to specify number of threads because your CPU has 16 cores!
HINT: -nt AUTO will automatically determine the best number of threads to use.

Reading alignment file /home/mis/CSE6406-project/work/paper_subset_50x10_L200/ils_low/replicate_08/alignments/L200/locus_0045.phy ... Phylip format detected
Alignment most likely contains DNA/RNA sequences
Alignment has 21 sequences with 200 columns, 112 distinct patterns
85 parsimony-informative, 25 singleton sites, 90 constant sites
        Gap/Ambiguity  Composition  p-value
Analyzing sequences: done in 1.7974e-05 secs using 38.95% CPU
   1  0_0_0     0.00%    passed     72.26%
   2  16_0_0    0.00%    passed     69.19%
   3  12_0_0    0.00%    passed     71.13%
   4  15_0_0    0.00%    passed     93.72%
   5  2_0_0     0.00%    passed     86.32%
   6  17_0_0    0.00%    passed     56.90%
   7  18_0_0    0.00%    passed     72.67%
   8  19_0_0    0.00%    passed     74.02%
   9  20_0_0    0.00%    passed     95.48%
  10  8_0_0     0.00%    passed     97.17%
  11  7_0_0     0.00%    passed     81.94%
  12  3_0_0     0.00%    passed     89.74%
  13  5_0_0     0.00%    passed     65.08%
  14  13_0_0    0.00%    passed     44.64%
  15  11_0_0    0.00%    passed     48.12%
  16  9_0_0     0.00%    passed     95.78%
  17  4_0_0     0.00%    passed     90.94%
  18  14_0_0    0.00%    passed     73.16%
  19  6_0_0     0.00%    passed     58.28%
  20  10_0_0    0.00%    passed     50.81%
  21  1_0_0     0.00%    passed     86.28%
****  TOTAL     0.00%  0 sequences failed composition chi2 test (p-value<5%; df=3)

Create initial parsimony tree by phylogenetic likelihood library (PLL)... 0.001 seconds

NOTE: 0 MB RAM (0 GB) is required!
Estimate model parameters (epsilon = 0.100)
1. Initial log-likelihood: -2821.688
2. Current log-likelihood: -2801.845
3. Current log-likelihood: -2801.618
Optimal log-likelihood: -2801.617
Rate parameters:  A-C: 0.76863  A-G: 1.18295  A-T: 0.95837  C-G: 0.82599  C-T: 1.63018  G-T: 1.00000
Base frequencies:  A: 0.315  C: 0.182  G: 0.206  T: 0.297
Parameters optimization took 3 rounds (0.009 sec)
Wrote distance file to... 
Computing ML distances based on estimated model parameters...
Calculating distance matrix: done in 0.00100263 secs using 84.88% CPU
Computing ML distances took 0.001051 sec (of wall-clock time) 0.000897 sec (of CPU time)
Setting up auxiliary I and S matrices: done in 3.9782e-05 secs using 100.5% CPU
Computing RapidNJ tree took 0.000142 sec (of wall-clock time) 0.000141 sec (of CPU time)
Log-likelihood of RapidNJ tree: -2810.609
--------------------------------------------------------------------
|             INITIALIZING CANDIDATE TREE SET                      |
--------------------------------------------------------------------
Generating 98 parsimony trees... 0.087 second
Computing log-likelihood of 98 initial trees ... 0.049 seconds
Current best score: -2795.154

Do NNI search on 20 best initial trees
Estimate model parameters (epsilon = 0.100)
BETTER TREE FOUND at iteration 1: -2791.882
Iteration 10 / LogL: -2795.311 / Time: 0h:0m:0s
Iteration 20 / LogL: -2799.081 / Time: 0h:0m:0s
Finish initializing candidate tree set (10)
Current best tree score: -2791.882 / CPU time: 0.220
Number of iterations: 20
--------------------------------------------------------------------
|               OPTIMIZING CANDIDATE TREE SET                      |
--------------------------------------------------------------------
Iteration 30 / LogL: -2791.896 / Time: 0h:0m:0s (0h:0m:0s left)
Iteration 40 / LogL: -2797.320 / Time: 0h:0m:0s (0h:0m:0s left)
Iteration 50 / LogL: -2793.248 / Time: 0h:0m:0s (0h:0m:0s left)
Iteration 60 / LogL: -2791.884 / Time: 0h:0m:0s (0h:0m:0s left)
Iteration 70 / LogL: -2793.239 / Time: 0h:0m:0s (0h:0m:0s left)
Iteration 80 / LogL: -2791.884 / Time: 0h:0m:0s (0h:0m:0s left)
Iteration 90 / LogL: -2795.372 / Time: 0h:0m:0s (0h:0m:0s left)
Iteration 100 / LogL: -2791.910 / Time: 0h:0m:0s (0h:0m:0s left)
TREE SEARCH COMPLETED AFTER 102 ITERATIONS / Time: 0h:0m:0s

--------------------------------------------------------------------
|                    FINALIZING TREE SEARCH                        |
--------------------------------------------------------------------
Performs final model parameters optimization
Estimate model parameters (epsilon = 0.010)
1. Initial log-likelihood: -2791.882
Optimal log-likelihood: -2791.882
Rate parameters:  A-C: 0.82371  A-G: 1.20022  A-T: 0.89809  C-G: 0.79871  C-T: 1.60829  G-T: 1.00000
Base frequencies:  A: 0.315  C: 0.182  G: 0.206  T: 0.297
Parameters optimization took 1 rounds (0.001 sec)
BEST SCORE FOUND : -2791.882

Testing tree branches by aBayes parametric test...
0.002 sec.
Total tree length: 3.425

Total number of iterations: 102
CPU time used for tree search: 0.683 sec (0h:0m:0s)
Wall-clock time used for tree search: 0.746 sec (0h:0m:0s)
Total CPU time used: 0.711 sec (0h:0m:0s)
Total wall-clock time used: 0.775 sec (0h:0m:0s)

Analysis results written to: 
  IQ-TREE report:                /home/mis/CSE6406-project/work/paper_subset_50x10_L200/ils_low/replicate_08/estimated_gene_trees/L200/gtr/locus_0045.iqtree
  Maximum-likelihood tree:       /home/mis/CSE6406-project/work/paper_subset_50x10_L200/ils_low/replicate_08/estimated_gene_trees/L200/gtr/locus_0045.treefile
  Likelihood distances:          /home/mis/CSE6406-project/work/paper_subset_50x10_L200/ils_low/replicate_08/estimated_gene_trees/L200/gtr/locus_0045.mldist
  Screen log file:               /home/mis/CSE6406-project/work/paper_subset_50x10_L200/ils_low/replicate_08/estimated_gene_trees/L200/gtr/locus_0045.log

Date and Time: Sat Sep 12 21:36:34 2026
