IQ-TREE multicore version 2.4.0 for Linux x86 64-bit built Feb 12 2025
Developed by Bui Quang Minh, Nguyen Lam Tung, Olga Chernomor, Heiko Schmidt,
Dominik Schrempf, Michael Woodhams, Ly Trong Nhan, Thomas Wong

Host:    ezmata (AVX2, FMA3, 15 GB RAM)
Command: /home/mis/miniconda3/envs/cse6406/bin/iqtree2 -s /home/mis/CSE6406-project/work/paper_subset_50x10_L200/ils_low/replicate_08/alignments/L200/locus_0015.phy -m GTR --abayes -T 1 --seed 7206016 --prefix /home/mis/CSE6406-project/work/paper_subset_50x10_L200/ils_low/replicate_08/estimated_gene_trees/L200/gtr/locus_0015 --redo --quiet
Seed:    7206016 (Using SPRNG - Scalable Parallel Random Number Generator)
Time:    Sat Sep 12 21:36:30 2026
Kernel:  AVX+FMA - 1 threads (16 CPU cores detected)

HINT: Use -nt option to specify number of threads because your CPU has 16 cores!
HINT: -nt AUTO will automatically determine the best number of threads to use.

Reading alignment file /home/mis/CSE6406-project/work/paper_subset_50x10_L200/ils_low/replicate_08/alignments/L200/locus_0015.phy ... Phylip format detected
Alignment most likely contains DNA/RNA sequences
Alignment has 21 sequences with 200 columns, 104 distinct patterns
83 parsimony-informative, 17 singleton sites, 100 constant sites
        Gap/Ambiguity  Composition  p-value
Analyzing sequences: done in 1.9606e-05 secs using 91.81% CPU
   1  0_0_0     0.00%    passed     74.71%
   2  9_0_0     0.00%    passed     95.43%
   3  5_0_0     0.00%    passed     99.31%
   4  11_0_0    0.00%    passed     97.17%
   5  13_0_0    0.00%    passed     97.75%
   6  6_0_0     0.00%    passed     98.12%
   7  4_0_0     0.00%    passed     85.12%
   8  14_0_0    0.00%    passed     88.47%
   9  10_0_0    0.00%    passed     62.06%
  10  16_0_0    0.00%    passed     96.52%
  11  12_0_0    0.00%    passed     84.97%
  12  15_0_0    0.00%    passed     81.50%
  13  8_0_0     0.00%    passed     95.76%
  14  17_0_0    0.00%    passed     80.54%
  15  2_0_0     0.00%    passed     84.75%
  16  19_0_0    0.00%    passed     92.80%
  17  18_0_0    0.00%    passed     92.06%
  18  20_0_0    0.00%    passed     95.27%
  19  3_0_0     0.00%    passed     83.82%
  20  7_0_0     0.00%    passed     98.42%
  21  1_0_0     0.00%    passed     78.06%
****  TOTAL     0.00%  0 sequences failed composition chi2 test (p-value<5%; df=3)

Create initial parsimony tree by phylogenetic likelihood library (PLL)... 0.001 seconds

NOTE: 0 MB RAM (0 GB) is required!
Estimate model parameters (epsilon = 0.100)
1. Initial log-likelihood: -2491.928
2. Current log-likelihood: -2474.536
3. Current log-likelihood: -2474.419
Optimal log-likelihood: -2474.419
Rate parameters:  A-C: 0.86963  A-G: 1.52229  A-T: 0.84348  C-G: 0.74590  C-T: 1.05263  G-T: 1.00000
Base frequencies:  A: 0.277  C: 0.216  G: 0.207  T: 0.299
Parameters optimization took 3 rounds (0.008 sec)
Wrote distance file to... 
Computing ML distances based on estimated model parameters...
Calculating distance matrix: done in 0.00113709 secs using 96.39% CPU
Computing ML distances took 0.001182 sec (of wall-clock time) 0.001141 sec (of CPU time)
Setting up auxiliary I and S matrices: done in 6.0198e-05 secs using 99.67% CPU
Computing RapidNJ tree took 0.000245 sec (of wall-clock time) 0.000244 sec (of CPU time)
Log-likelihood of RapidNJ tree: -2488.657
--------------------------------------------------------------------
|             INITIALIZING CANDIDATE TREE SET                      |
--------------------------------------------------------------------
Generating 98 parsimony trees... 0.123 second
Computing log-likelihood of 98 initial trees ... 0.086 seconds
Current best score: -2473.797

Do NNI search on 20 best initial trees
Estimate model parameters (epsilon = 0.100)
BETTER TREE FOUND at iteration 1: -2473.503
Estimate model parameters (epsilon = 0.100)
BETTER TREE FOUND at iteration 3: -2471.574
Iteration 10 / LogL: -2472.000 / Time: 0h:0m:0s
Iteration 20 / LogL: -2475.951 / Time: 0h:0m:0s
Finish initializing candidate tree set (11)
Current best tree score: -2471.574 / CPU time: 0.331
Number of iterations: 20
--------------------------------------------------------------------
|               OPTIMIZING CANDIDATE TREE SET                      |
--------------------------------------------------------------------
Estimate model parameters (epsilon = 0.100)
BETTER TREE FOUND at iteration 23: -2471.249
Iteration 30 / LogL: -2471.733 / Time: 0h:0m:0s (0h:0m:1s left)
Iteration 40 / LogL: -2471.613 / Time: 0h:0m:0s (0h:0m:1s left)
Iteration 50 / LogL: -2473.269 / Time: 0h:0m:0s (0h:0m:0s left)
Iteration 60 / LogL: -2473.230 / Time: 0h:0m:0s (0h:0m:0s left)
Iteration 70 / LogL: -2471.620 / Time: 0h:0m:0s (0h:0m:0s left)
Iteration 80 / LogL: -2471.263 / Time: 0h:0m:0s (0h:0m:0s left)
Iteration 90 / LogL: -2472.033 / Time: 0h:0m:0s (0h:0m:0s left)
Iteration 100 / LogL: -2473.359 / Time: 0h:0m:0s (0h:0m:0s left)
Iteration 110 / LogL: -2471.261 / Time: 0h:0m:1s (0h:0m:0s left)
Iteration 120 / LogL: -2471.281 / Time: 0h:0m:1s (0h:0m:0s left)
TREE SEARCH COMPLETED AFTER 124 ITERATIONS / Time: 0h:0m:1s

--------------------------------------------------------------------
|                    FINALIZING TREE SEARCH                        |
--------------------------------------------------------------------
Performs final model parameters optimization
Estimate model parameters (epsilon = 0.010)
1. Initial log-likelihood: -2471.249
Optimal log-likelihood: -2471.248
Rate parameters:  A-C: 0.89604  A-G: 1.63894  A-T: 0.93317  C-G: 0.79615  C-T: 1.13982  G-T: 1.00000
Base frequencies:  A: 0.277  C: 0.216  G: 0.207  T: 0.299
Parameters optimization took 1 rounds (0.001 sec)
BEST SCORE FOUND : -2471.248

Testing tree branches by aBayes parametric test...
0.001 sec.
Total tree length: 2.843

Total number of iterations: 124
CPU time used for tree search: 1.061 sec (0h:0m:1s)
Wall-clock time used for tree search: 1.135 sec (0h:0m:1s)
Total CPU time used: 1.088 sec (0h:0m:1s)
Total wall-clock time used: 1.163 sec (0h:0m:1s)

Analysis results written to: 
  IQ-TREE report:                /home/mis/CSE6406-project/work/paper_subset_50x10_L200/ils_low/replicate_08/estimated_gene_trees/L200/gtr/locus_0015.iqtree
  Maximum-likelihood tree:       /home/mis/CSE6406-project/work/paper_subset_50x10_L200/ils_low/replicate_08/estimated_gene_trees/L200/gtr/locus_0015.treefile
  Likelihood distances:          /home/mis/CSE6406-project/work/paper_subset_50x10_L200/ils_low/replicate_08/estimated_gene_trees/L200/gtr/locus_0015.mldist
  Screen log file:               /home/mis/CSE6406-project/work/paper_subset_50x10_L200/ils_low/replicate_08/estimated_gene_trees/L200/gtr/locus_0015.log

Date and Time: Sat Sep 12 21:36:31 2026
