IQ-TREE multicore version 2.4.0 for Linux x86 64-bit built Feb 12 2025
Developed by Bui Quang Minh, Nguyen Lam Tung, Olga Chernomor, Heiko Schmidt,
Dominik Schrempf, Michael Woodhams, Ly Trong Nhan, Thomas Wong

Host:    ezmata (AVX2, FMA3, 15 GB RAM)
Command: /home/mis/miniconda3/envs/cse6406/bin/iqtree2 -s /home/mis/CSE6406-project/work/paper_subset_50x10_L800/ils_high/replicate_03/alignments/L800/locus_0013.phy -m GTR+G4 --abayes -T 1 --seed 6706014 --prefix /home/mis/CSE6406-project/work/paper_subset_50x10_L800/ils_high/replicate_03/estimated_gene_trees/L800/gtr_g4/locus_0013 --redo --quiet
Seed:    6706014 (Using SPRNG - Scalable Parallel Random Number Generator)
Time:    Sat Sep 12 19:52:07 2026
Kernel:  AVX+FMA - 1 threads (16 CPU cores detected)

HINT: Use -nt option to specify number of threads because your CPU has 16 cores!
HINT: -nt AUTO will automatically determine the best number of threads to use.

Reading alignment file /home/mis/CSE6406-project/work/paper_subset_50x10_L800/ils_high/replicate_03/alignments/L800/locus_0013.phy ... Phylip format detected
Alignment most likely contains DNA/RNA sequences
Alignment has 21 sequences with 800 columns, 465 distinct patterns
399 parsimony-informative, 72 singleton sites, 329 constant sites
        Gap/Ambiguity  Composition  p-value
Analyzing sequences: done in 4.4419e-05 secs using 96.81% CPU
   1  0_0_0     0.00%    passed     44.04%
   2  16_0_0    0.00%    passed     82.12%
   3  3_0_0     0.00%    passed     32.42%
   4  1_0_0     0.00%    passed     52.55%
   5  2_0_0     0.00%    passed     54.02%
   6  8_0_0     0.00%    passed     47.44%
   7  11_0_0    0.00%    passed     21.75%
   8  6_0_0     0.00%    passed     97.80%
   9  14_0_0    0.00%    passed     74.16%
  10  9_0_0     0.00%    passed     94.10%
  11  7_0_0     0.00%    passed     80.60%
  12  5_0_0     0.00%    passed     91.50%
  13  20_0_0    0.00%    passed     98.80%
  14  15_0_0    0.00%    passed     66.36%
  15  4_0_0     0.00%    passed     95.45%
  16  12_0_0    0.00%    passed     84.39%
  17  13_0_0    0.00%    passed     77.67%
  18  10_0_0    0.00%    passed     83.65%
  19  19_0_0    0.00%    passed     84.43%
  20  17_0_0    0.00%    passed     79.82%
  21  18_0_0    0.00%    passed     99.58%
****  TOTAL     0.00%  0 sequences failed composition chi2 test (p-value<5%; df=3)

Create initial parsimony tree by phylogenetic likelihood library (PLL)... 0.007 seconds

NOTE: 1 MB RAM (0 GB) is required!
Estimate model parameters (epsilon = 0.100)
1. Initial log-likelihood: -11701.088
2. Current log-likelihood: -11159.775
3. Current log-likelihood: -11099.577
4. Current log-likelihood: -11091.833
5. Current log-likelihood: -11089.730
6. Current log-likelihood: -11089.058
7. Current log-likelihood: -11088.791
Optimal log-likelihood: -11088.676
Rate parameters:  A-C: 1.13895  A-G: 1.82933  A-T: 1.06761  C-G: 0.88462  C-T: 2.08644  G-T: 1.00000
Base frequencies:  A: 0.299  C: 0.185  G: 0.202  T: 0.314
Gamma shape alpha: 0.190
Parameters optimization took 7 rounds (0.217 sec)
Wrote distance file to... 
Computing ML distances based on estimated model parameters...
Calculating distance matrix: done in 0.00442021 secs using 98.89% CPU
Computing ML distances took 0.004603 sec (of wall-clock time) 0.004510 sec (of CPU time)
Setting up auxiliary I and S matrices: done in 7.3597e-05 secs using 95.11% CPU
Computing RapidNJ tree took 0.000296 sec (of wall-clock time) 0.000286 sec (of CPU time)
Log-likelihood of RapidNJ tree: -11063.865
--------------------------------------------------------------------
|             INITIALIZING CANDIDATE TREE SET                      |
--------------------------------------------------------------------
Generating 98 parsimony trees... 0.292 second
Computing log-likelihood of 98 initial trees ... 0.470 seconds
Current best score: -11063.865

Do NNI search on 20 best initial trees
Estimate model parameters (epsilon = 0.100)
BETTER TREE FOUND at iteration 1: -11060.076
Estimate model parameters (epsilon = 0.100)
BETTER TREE FOUND at iteration 2: -11058.531
Iteration 10 / LogL: -11060.093 / Time: 0h:0m:1s
Iteration 20 / LogL: -11060.091 / Time: 0h:0m:2s
Finish initializing candidate tree set (2)
Current best tree score: -11058.531 / CPU time: 2.171
Number of iterations: 20
--------------------------------------------------------------------
|               OPTIMIZING CANDIDATE TREE SET                      |
--------------------------------------------------------------------
Iteration 30 / LogL: -11061.994 / Time: 0h:0m:3s (0h:0m:7s left)
Iteration 40 / LogL: -11058.563 / Time: 0h:0m:3s (0h:0m:6s left)
Iteration 50 / LogL: -11058.543 / Time: 0h:0m:4s (0h:0m:4s left)
Iteration 60 / LogL: -11058.537 / Time: 0h:0m:5s (0h:0m:3s left)
Iteration 70 / LogL: -11058.533 / Time: 0h:0m:6s (0h:0m:2s left)
Iteration 80 / LogL: -11058.543 / Time: 0h:0m:7s (0h:0m:2s left)
Iteration 90 / LogL: -11058.554 / Time: 0h:0m:8s (0h:0m:1s left)
Iteration 100 / LogL: -11058.584 / Time: 0h:0m:8s (0h:0m:0s left)
TREE SEARCH COMPLETED AFTER 103 ITERATIONS / Time: 0h:0m:9s

--------------------------------------------------------------------
|                    FINALIZING TREE SEARCH                        |
--------------------------------------------------------------------
Performs final model parameters optimization
Estimate model parameters (epsilon = 0.010)
1. Initial log-likelihood: -11058.531
Optimal log-likelihood: -11058.525
Rate parameters:  A-C: 1.19972  A-G: 1.88001  A-T: 1.05358  C-G: 0.88953  C-T: 2.06698  G-T: 1.00000
Base frequencies:  A: 0.299  C: 0.185  G: 0.202  T: 0.314
Gamma shape alpha: 0.189
Parameters optimization took 1 rounds (0.017 sec)
BEST SCORE FOUND : -11058.525

Testing tree branches by aBayes parametric test...
0.016 sec.
Total tree length: 14.479

Total number of iterations: 103
CPU time used for tree search: 7.850 sec (0h:0m:7s)
Wall-clock time used for tree search: 8.799 sec (0h:0m:8s)
Total CPU time used: 8.112 sec (0h:0m:8s)
Total wall-clock time used: 9.112 sec (0h:0m:9s)

Analysis results written to: 
  IQ-TREE report:                /home/mis/CSE6406-project/work/paper_subset_50x10_L800/ils_high/replicate_03/estimated_gene_trees/L800/gtr_g4/locus_0013.iqtree
  Maximum-likelihood tree:       /home/mis/CSE6406-project/work/paper_subset_50x10_L800/ils_high/replicate_03/estimated_gene_trees/L800/gtr_g4/locus_0013.treefile
  Likelihood distances:          /home/mis/CSE6406-project/work/paper_subset_50x10_L800/ils_high/replicate_03/estimated_gene_trees/L800/gtr_g4/locus_0013.mldist
  Screen log file:               /home/mis/CSE6406-project/work/paper_subset_50x10_L800/ils_high/replicate_03/estimated_gene_trees/L800/gtr_g4/locus_0013.log

Date and Time: Sat Sep 12 19:52:16 2026
