IQ-TREE multicore version 2.4.0 for Linux x86 64-bit built Feb 12 2025
Developed by Bui Quang Minh, Nguyen Lam Tung, Olga Chernomor, Heiko Schmidt,
Dominik Schrempf, Michael Woodhams, Ly Trong Nhan, Thomas Wong

Host:    ezmata (AVX2, FMA3, 15 GB RAM)
Command: /home/mis/miniconda3/envs/cse6406/bin/iqtree2 -s /home/mis/CSE6406-project/work/paper_subset_50x10_L800/ils_high/replicate_03/alignments/L800/locus_0034.phy -m GTR+G4 --abayes -T 1 --seed 6706035 --prefix /home/mis/CSE6406-project/work/paper_subset_50x10_L800/ils_high/replicate_03/estimated_gene_trees/L800/gtr_g4/locus_0034 --redo --quiet
Seed:    6706035 (Using SPRNG - Scalable Parallel Random Number Generator)
Time:    Sat Sep 12 19:52:26 2026
Kernel:  AVX+FMA - 1 threads (16 CPU cores detected)

HINT: Use -nt option to specify number of threads because your CPU has 16 cores!
HINT: -nt AUTO will automatically determine the best number of threads to use.

Reading alignment file /home/mis/CSE6406-project/work/paper_subset_50x10_L800/ils_high/replicate_03/alignments/L800/locus_0034.phy ... Phylip format detected
Alignment most likely contains DNA/RNA sequences
Alignment has 21 sequences with 800 columns, 458 distinct patterns
378 parsimony-informative, 88 singleton sites, 334 constant sites
        Gap/Ambiguity  Composition  p-value
Analyzing sequences: done in 4.537e-05 secs
   1  0_0_0     0.00%    passed     53.81%
   2  20_0_0    0.00%    passed     95.49%
   3  2_0_0     0.00%    passed     91.75%
   4  4_0_0     0.00%    passed     87.30%
   5  7_0_0     0.00%    passed     74.92%
   6  5_0_0     0.00%    passed     98.46%
   7  14_0_0    0.00%    passed     64.02%
   8  18_0_0    0.00%    passed     90.80%
   9  6_0_0     0.00%    passed     81.75%
  10  9_0_0     0.00%    passed     87.44%
  11  17_0_0    0.00%    passed     93.60%
  12  13_0_0    0.00%    passed     98.03%
  13  12_0_0    0.00%    passed     36.91%
  14  16_0_0    0.00%    passed     58.06%
  15  11_0_0    0.00%    passed     38.19%
  16  8_0_0     0.00%    passed     63.92%
  17  15_0_0    0.00%    passed     97.86%
  18  1_0_0     0.00%    passed     20.20%
  19  3_0_0     0.00%    passed     65.43%
  20  19_0_0    0.00%    passed     68.08%
  21  10_0_0    0.00%    passed     96.38%
****  TOTAL     0.00%  0 sequences failed composition chi2 test (p-value<5%; df=3)

Create initial parsimony tree by phylogenetic likelihood library (PLL)... 0.002 seconds

NOTE: 1 MB RAM (0 GB) is required!
Estimate model parameters (epsilon = 0.100)
1. Initial log-likelihood: -11409.016
2. Current log-likelihood: -10828.350
3. Current log-likelihood: -10776.108
4. Current log-likelihood: -10772.740
5. Current log-likelihood: -10772.221
6. Current log-likelihood: -10772.111
Optimal log-likelihood: -10772.044
Rate parameters:  A-C: 0.67049  A-G: 1.92634  A-T: 0.86505  C-G: 0.82929  C-T: 1.45682  G-T: 1.00000
Base frequencies:  A: 0.309  C: 0.215  G: 0.176  T: 0.301
Gamma shape alpha: 0.219
Parameters optimization took 6 rounds (0.204 sec)
Wrote distance file to... 
Computing ML distances based on estimated model parameters...
Calculating distance matrix: done in 0.00390132 secs using 99.91% CPU
Computing ML distances took 0.004028 sec (of wall-clock time) 0.004026 sec (of CPU time)
Setting up auxiliary I and S matrices: done in 6.6732e-05 secs
Computing RapidNJ tree took 0.000271 sec (of wall-clock time) 0.000146 sec (of CPU time)
Log-likelihood of RapidNJ tree: -10777.097
--------------------------------------------------------------------
|             INITIALIZING CANDIDATE TREE SET                      |
--------------------------------------------------------------------
Generating 98 parsimony trees... 0.296 second
Computing log-likelihood of 98 initial trees ... 0.497 seconds
Current best score: -10751.492

Do NNI search on 20 best initial trees
Estimate model parameters (epsilon = 0.100)
BETTER TREE FOUND at iteration 1: -10723.617
Estimate model parameters (epsilon = 0.100)
BETTER TREE FOUND at iteration 2: -10719.876
Iteration 10 / LogL: -10722.382 / Time: 0h:0m:2s
UPDATE BEST LOG-LIKELIHOOD: -10719.876
Iteration 20 / LogL: -10719.877 / Time: 0h:0m:3s
Finish initializing candidate tree set (7)
Current best tree score: -10719.876 / CPU time: 3.226
Number of iterations: 20
--------------------------------------------------------------------
|               OPTIMIZING CANDIDATE TREE SET                      |
--------------------------------------------------------------------
Iteration 30 / LogL: -10722.388 / Time: 0h:0m:4s (0h:0m:10s left)
UPDATE BEST LOG-LIKELIHOOD: -10719.876
Iteration 40 / LogL: -10719.902 / Time: 0h:0m:5s (0h:0m:7s left)
UPDATE BEST LOG-LIKELIHOOD: -10719.876
Iteration 50 / LogL: -10720.633 / Time: 0h:0m:5s (0h:0m:6s left)
Iteration 60 / LogL: -10719.877 / Time: 0h:0m:6s (0h:0m:4s left)
Iteration 70 / LogL: -10720.493 / Time: 0h:0m:7s (0h:0m:3s left)
Iteration 80 / LogL: -10720.490 / Time: 0h:0m:8s (0h:0m:2s left)
UPDATE BEST LOG-LIKELIHOOD: -10719.876
Iteration 90 / LogL: -10719.876 / Time: 0h:0m:8s (0h:0m:1s left)
Iteration 100 / LogL: -10719.884 / Time: 0h:0m:10s (0h:0m:0s left)
TREE SEARCH COMPLETED AFTER 103 ITERATIONS / Time: 0h:0m:10s

--------------------------------------------------------------------
|                    FINALIZING TREE SEARCH                        |
--------------------------------------------------------------------
Performs final model parameters optimization
Estimate model parameters (epsilon = 0.010)
1. Initial log-likelihood: -10719.876
Optimal log-likelihood: -10719.871
Rate parameters:  A-C: 0.68004  A-G: 2.01351  A-T: 0.86821  C-G: 0.80581  C-T: 1.52712  G-T: 1.00000
Base frequencies:  A: 0.309  C: 0.215  G: 0.176  T: 0.301
Gamma shape alpha: 0.215
Parameters optimization took 1 rounds (0.023 sec)
BEST SCORE FOUND : -10719.871

Testing tree branches by aBayes parametric test...
0.028 sec.
Total tree length: 11.643

Total number of iterations: 103
CPU time used for tree search: 8.921 sec (0h:0m:8s)
Wall-clock time used for tree search: 10.188 sec (0h:0m:10s)
Total CPU time used: 9.183 sec (0h:0m:9s)
Total wall-clock time used: 10.484 sec (0h:0m:10s)

Analysis results written to: 
  IQ-TREE report:                /home/mis/CSE6406-project/work/paper_subset_50x10_L800/ils_high/replicate_03/estimated_gene_trees/L800/gtr_g4/locus_0034.iqtree
  Maximum-likelihood tree:       /home/mis/CSE6406-project/work/paper_subset_50x10_L800/ils_high/replicate_03/estimated_gene_trees/L800/gtr_g4/locus_0034.treefile
  Likelihood distances:          /home/mis/CSE6406-project/work/paper_subset_50x10_L800/ils_high/replicate_03/estimated_gene_trees/L800/gtr_g4/locus_0034.mldist
  Screen log file:               /home/mis/CSE6406-project/work/paper_subset_50x10_L800/ils_high/replicate_03/estimated_gene_trees/L800/gtr_g4/locus_0034.log

Date and Time: Sat Sep 12 19:52:37 2026
