IQ-TREE multicore version 2.4.0 for Linux x86 64-bit built Feb 12 2025
Developed by Bui Quang Minh, Nguyen Lam Tung, Olga Chernomor, Heiko Schmidt,
Dominik Schrempf, Michael Woodhams, Ly Trong Nhan, Thomas Wong

Host:    ezmata (AVX2, FMA3, 15 GB RAM)
Command: /home/mis/miniconda3/envs/cse6406/bin/iqtree2 -s /home/mis/CSE6406-project/work/paper_subset_50x10_L800/ils_high/replicate_03/alignments/L800/locus_0018.phy -m GTR+G4 --abayes -T 1 --seed 6706019 --prefix /home/mis/CSE6406-project/work/paper_subset_50x10_L800/ils_high/replicate_03/estimated_gene_trees/L800/gtr_g4/locus_0018 --redo --quiet
Seed:    6706019 (Using SPRNG - Scalable Parallel Random Number Generator)
Time:    Sat Sep 12 19:52:15 2026
Kernel:  AVX+FMA - 1 threads (16 CPU cores detected)

HINT: Use -nt option to specify number of threads because your CPU has 16 cores!
HINT: -nt AUTO will automatically determine the best number of threads to use.

Reading alignment file /home/mis/CSE6406-project/work/paper_subset_50x10_L800/ils_high/replicate_03/alignments/L800/locus_0018.phy ... Phylip format detected
Alignment most likely contains DNA/RNA sequences
Alignment has 21 sequences with 800 columns, 467 distinct patterns
411 parsimony-informative, 59 singleton sites, 330 constant sites
        Gap/Ambiguity  Composition  p-value
Analyzing sequences: done in 4.6005e-05 secs
   1  20_0_0    0.00%    passed     27.85%
   2  16_0_0    0.00%    passed     46.14%
   3  0_0_0     0.00%    passed     96.38%
   4  2_0_0     0.00%    passed     99.54%
   5  1_0_0     0.00%    passed     94.38%
   6  3_0_0     0.00%    passed     99.92%
   7  7_0_0     0.00%    passed     70.33%
   8  14_0_0    0.00%    passed     89.50%
   9  9_0_0     0.00%    passed     98.45%
  10  6_0_0     0.00%    passed     77.42%
  11  5_0_0     0.00%    passed     54.59%
  12  18_0_0    0.00%    passed     63.74%
  13  13_0_0    0.00%    passed     66.65%
  14  4_0_0     0.00%    passed     97.22%
  15  17_0_0    0.00%    passed     68.84%
  16  12_0_0    0.00%    passed     70.29%
  17  10_0_0    0.00%    passed     21.89%
  18  19_0_0    0.00%    passed     48.30%
  19  15_0_0    0.00%    passed     77.58%
  20  11_0_0    0.00%    passed     89.48%
  21  8_0_0     0.00%    passed     82.15%
****  TOTAL     0.00%  0 sequences failed composition chi2 test (p-value<5%; df=3)

Create initial parsimony tree by phylogenetic likelihood library (PLL)... 0.003 seconds

NOTE: 1 MB RAM (0 GB) is required!
Estimate model parameters (epsilon = 0.100)
1. Initial log-likelihood: -11799.987
2. Current log-likelihood: -11204.445
3. Current log-likelihood: -11151.864
4. Current log-likelihood: -11146.905
5. Current log-likelihood: -11145.880
6. Current log-likelihood: -11145.554
Optimal log-likelihood: -11145.438
Rate parameters:  A-C: 1.02588  A-G: 2.05112  A-T: 1.01732  C-G: 1.01180  C-T: 1.97217  G-T: 1.00000
Base frequencies:  A: 0.311  C: 0.197  G: 0.194  T: 0.297
Gamma shape alpha: 0.194
Parameters optimization took 6 rounds (0.284 sec)
Wrote distance file to... 
Computing ML distances based on estimated model parameters...
Calculating distance matrix: done in 0.00503428 secs using 99.93% CPU
Computing ML distances took 0.005200 sec (of wall-clock time) 0.005148 sec (of CPU time)
Setting up auxiliary I and S matrices: done in 6.2905e-05 secs
Computing RapidNJ tree took 0.000261 sec (of wall-clock time) 0.000049 sec (of CPU time)
Log-likelihood of RapidNJ tree: -11140.024
--------------------------------------------------------------------
|             INITIALIZING CANDIDATE TREE SET                      |
--------------------------------------------------------------------
Generating 98 parsimony trees... 0.440 second
Computing log-likelihood of 98 initial trees ... 0.721 seconds
Current best score: -11140.024

Do NNI search on 20 best initial trees
Estimate model parameters (epsilon = 0.100)
BETTER TREE FOUND at iteration 1: -11131.919
Estimate model parameters (epsilon = 0.100)
BETTER TREE FOUND at iteration 2: -11126.901
UPDATE BEST LOG-LIKELIHOOD: -11126.899
UPDATE BEST LOG-LIKELIHOOD: -11126.899
Iteration 10 / LogL: -11126.899 / Time: 0h:0m:2s
Iteration 20 / LogL: -11131.892 / Time: 0h:0m:3s
Finish initializing candidate tree set (2)
Current best tree score: -11126.899 / CPU time: 3.217
Number of iterations: 20
--------------------------------------------------------------------
|               OPTIMIZING CANDIDATE TREE SET                      |
--------------------------------------------------------------------
UPDATE BEST LOG-LIKELIHOOD: -11126.899
Iteration 30 / LogL: -11126.899 / Time: 0h:0m:4s (0h:0m:10s left)
UPDATE BEST LOG-LIKELIHOOD: -11126.899
Iteration 40 / LogL: -11126.900 / Time: 0h:0m:5s (0h:0m:8s left)
Iteration 50 / LogL: -11127.064 / Time: 0h:0m:6s (0h:0m:6s left)
Iteration 60 / LogL: -11126.902 / Time: 0h:0m:7s (0h:0m:5s left)
Iteration 70 / LogL: -11126.899 / Time: 0h:0m:8s (0h:0m:3s left)
Iteration 80 / LogL: -11126.900 / Time: 0h:0m:9s (0h:0m:2s left)
Iteration 90 / LogL: -11131.892 / Time: 0h:0m:10s (0h:0m:1s left)
Iteration 100 / LogL: -11126.899 / Time: 0h:0m:11s (0h:0m:0s left)
TREE SEARCH COMPLETED AFTER 103 ITERATIONS / Time: 0h:0m:11s

--------------------------------------------------------------------
|                    FINALIZING TREE SEARCH                        |
--------------------------------------------------------------------
Performs final model parameters optimization
Estimate model parameters (epsilon = 0.010)
1. Initial log-likelihood: -11126.899
2. Current log-likelihood: -11126.886
Optimal log-likelihood: -11126.873
Rate parameters:  A-C: 1.04759  A-G: 2.09289  A-T: 1.00717  C-G: 1.01866  C-T: 1.98324  G-T: 1.00000
Base frequencies:  A: 0.311  C: 0.197  G: 0.194  T: 0.297
Gamma shape alpha: 0.189
Parameters optimization took 2 rounds (0.029 sec)
BEST SCORE FOUND : -11126.873

Testing tree branches by aBayes parametric test...
0.018 sec.
Total tree length: 13.336

Total number of iterations: 103
CPU time used for tree search: 10.053 sec (0h:0m:10s)
Wall-clock time used for tree search: 11.199 sec (0h:0m:11s)
Total CPU time used: 10.346 sec (0h:0m:10s)
Total wall-clock time used: 11.602 sec (0h:0m:11s)

Analysis results written to: 
  IQ-TREE report:                /home/mis/CSE6406-project/work/paper_subset_50x10_L800/ils_high/replicate_03/estimated_gene_trees/L800/gtr_g4/locus_0018.iqtree
  Maximum-likelihood tree:       /home/mis/CSE6406-project/work/paper_subset_50x10_L800/ils_high/replicate_03/estimated_gene_trees/L800/gtr_g4/locus_0018.treefile
  Likelihood distances:          /home/mis/CSE6406-project/work/paper_subset_50x10_L800/ils_high/replicate_03/estimated_gene_trees/L800/gtr_g4/locus_0018.mldist
  Screen log file:               /home/mis/CSE6406-project/work/paper_subset_50x10_L800/ils_high/replicate_03/estimated_gene_trees/L800/gtr_g4/locus_0018.log

Date and Time: Sat Sep 12 19:52:26 2026
