IQ-TREE multicore version 2.4.0 for Linux x86 64-bit built Feb 12 2025
Developed by Bui Quang Minh, Nguyen Lam Tung, Olga Chernomor, Heiko Schmidt,
Dominik Schrempf, Michael Woodhams, Ly Trong Nhan, Thomas Wong

Host:    ezmata (AVX2, FMA3, 15 GB RAM)
Command: /home/mis/miniconda3/envs/cse6406/bin/iqtree2 -s /home/mis/CSE6406-project/work/paper_subset_50x10_L800/ils_high/replicate_03/alignments/L800/locus_0006.phy -m GTR+G4 --abayes -T 1 --seed 6706007 --prefix /home/mis/CSE6406-project/work/paper_subset_50x10_L800/ils_high/replicate_03/estimated_gene_trees/L800/gtr_g4/locus_0006 --redo --quiet
Seed:    6706007 (Using SPRNG - Scalable Parallel Random Number Generator)
Time:    Sat Sep 12 19:52:05 2026
Kernel:  AVX+FMA - 1 threads (16 CPU cores detected)

HINT: Use -nt option to specify number of threads because your CPU has 16 cores!
HINT: -nt AUTO will automatically determine the best number of threads to use.

Reading alignment file /home/mis/CSE6406-project/work/paper_subset_50x10_L800/ils_high/replicate_03/alignments/L800/locus_0006.phy ... Phylip format detected
Alignment most likely contains DNA/RNA sequences
Alignment has 21 sequences with 800 columns, 455 distinct patterns
389 parsimony-informative, 76 singleton sites, 335 constant sites
        Gap/Ambiguity  Composition  p-value
Analyzing sequences: done in 4.6167e-05 secs
   1  18_0_0    0.00%    passed     97.71%
   2  20_0_0    0.00%    passed     93.30%
   3  16_0_0    0.00%    passed     94.27%
   4  13_0_0    0.00%    passed     86.65%
   5  4_0_0     0.00%    passed     48.51%
   6  17_0_0    0.00%    passed     86.18%
   7  12_0_0    0.00%    passed     88.34%
   8  11_0_0    0.00%    passed     53.84%
   9  8_0_0     0.00%    passed     97.43%
  10  19_0_0    0.00%    passed     80.04%
  11  10_0_0    0.00%    passed     87.67%
  12  15_0_0    0.00%    passed     58.93%
  13  9_0_0     0.00%    passed     68.95%
  14  6_0_0     0.00%    passed     84.79%
  15  14_0_0    0.00%    passed     69.36%
  16  5_0_0     0.00%    passed     44.91%
  17  7_0_0     0.00%    passed     64.88%
  18  2_0_0     0.00%    passed     90.37%
  19  1_0_0     0.00%    passed     45.53%
  20  3_0_0     0.00%    passed     86.87%
  21  0_0_0     0.00%    passed     93.31%
****  TOTAL     0.00%  0 sequences failed composition chi2 test (p-value<5%; df=3)

Create initial parsimony tree by phylogenetic likelihood library (PLL)... 0.003 seconds

NOTE: 1 MB RAM (0 GB) is required!
Estimate model parameters (epsilon = 0.100)
1. Initial log-likelihood: -11237.430
2. Current log-likelihood: -10682.844
3. Current log-likelihood: -10630.720
4. Current log-likelihood: -10624.361
5. Current log-likelihood: -10622.940
6. Current log-likelihood: -10622.548
7. Current log-likelihood: -10622.439
Optimal log-likelihood: -10622.350
Rate parameters:  A-C: 0.70720  A-G: 1.81844  A-T: 1.03366  C-G: 1.05718  C-T: 2.09541  G-T: 1.00000
Base frequencies:  A: 0.328  C: 0.195  G: 0.185  T: 0.292
Gamma shape alpha: 0.213
Parameters optimization took 7 rounds (0.202 sec)
Wrote distance file to... 
Computing ML distances based on estimated model parameters...
Calculating distance matrix: done in 0.00363213 secs using 99.97% CPU
Computing ML distances took 0.003798 sec (of wall-clock time) 0.003758 sec (of CPU time)
Setting up auxiliary I and S matrices: done in 6.0683e-05 secs using 156.6% CPU
Computing RapidNJ tree took 0.000485 sec (of wall-clock time) 0.000099 sec (of CPU time)
Log-likelihood of RapidNJ tree: -10605.564
--------------------------------------------------------------------
|             INITIALIZING CANDIDATE TREE SET                      |
--------------------------------------------------------------------
Generating 98 parsimony trees... 0.497 second
Computing log-likelihood of 98 initial trees ... 0.504 seconds
Current best score: -10605.564

Do NNI search on 20 best initial trees
Estimate model parameters (epsilon = 0.100)
BETTER TREE FOUND at iteration 1: -10604.613
Estimate model parameters (epsilon = 0.100)
BETTER TREE FOUND at iteration 2: -10603.297
UPDATE BEST LOG-LIKELIHOOD: -10603.296
UPDATE BEST LOG-LIKELIHOOD: -10603.296
UPDATE BEST LOG-LIKELIHOOD: -10603.296
BETTER TREE FOUND at iteration 8: -10603.296
Iteration 10 / LogL: -10603.297 / Time: 0h:0m:2s
UPDATE BEST LOG-LIKELIHOOD: -10603.296
Iteration 20 / LogL: -10603.296 / Time: 0h:0m:2s
Finish initializing candidate tree set (5)
Current best tree score: -10603.296 / CPU time: 2.739
Number of iterations: 20
--------------------------------------------------------------------
|               OPTIMIZING CANDIDATE TREE SET                      |
--------------------------------------------------------------------
UPDATE BEST LOG-LIKELIHOOD: -10603.296
Iteration 30 / LogL: -10603.296 / Time: 0h:0m:3s (0h:0m:10s left)
Iteration 40 / LogL: -10603.296 / Time: 0h:0m:5s (0h:0m:8s left)
Iteration 50 / LogL: -10603.296 / Time: 0h:0m:6s (0h:0m:7s left)
Iteration 60 / LogL: -10603.296 / Time: 0h:0m:6s (0h:0m:5s left)
Iteration 70 / LogL: -10603.296 / Time: 0h:0m:8s (0h:0m:4s left)
Iteration 80 / LogL: -10603.296 / Time: 0h:0m:9s (0h:0m:3s left)
UPDATE BEST LOG-LIKELIHOOD: -10603.296
Iteration 90 / LogL: -10603.296 / Time: 0h:0m:10s (0h:0m:2s left)
UPDATE BEST LOG-LIKELIHOOD: -10603.296
Iteration 100 / LogL: -10603.296 / Time: 0h:0m:12s (0h:0m:0s left)
TREE SEARCH COMPLETED AFTER 109 ITERATIONS / Time: 0h:0m:13s

--------------------------------------------------------------------
|                    FINALIZING TREE SEARCH                        |
--------------------------------------------------------------------
Performs final model parameters optimization
Estimate model parameters (epsilon = 0.010)
1. Initial log-likelihood: -10603.296
Optimal log-likelihood: -10603.291
Rate parameters:  A-C: 0.70578  A-G: 1.87891  A-T: 1.05399  C-G: 1.02945  C-T: 2.11468  G-T: 1.00000
Base frequencies:  A: 0.328  C: 0.195  G: 0.185  T: 0.292
Gamma shape alpha: 0.209
Parameters optimization took 1 rounds (0.022 sec)
BEST SCORE FOUND : -10603.291

Testing tree branches by aBayes parametric test...
0.025 sec.
Total tree length: 12.944

Total number of iterations: 109
CPU time used for tree search: 11.817 sec (0h:0m:11s)
Wall-clock time used for tree search: 13.526 sec (0h:0m:13s)
Total CPU time used: 12.089 sec (0h:0m:12s)
Total wall-clock time used: 13.826 sec (0h:0m:13s)

Analysis results written to: 
  IQ-TREE report:                /home/mis/CSE6406-project/work/paper_subset_50x10_L800/ils_high/replicate_03/estimated_gene_trees/L800/gtr_g4/locus_0006.iqtree
  Maximum-likelihood tree:       /home/mis/CSE6406-project/work/paper_subset_50x10_L800/ils_high/replicate_03/estimated_gene_trees/L800/gtr_g4/locus_0006.treefile
  Likelihood distances:          /home/mis/CSE6406-project/work/paper_subset_50x10_L800/ils_high/replicate_03/estimated_gene_trees/L800/gtr_g4/locus_0006.mldist
  Screen log file:               /home/mis/CSE6406-project/work/paper_subset_50x10_L800/ils_high/replicate_03/estimated_gene_trees/L800/gtr_g4/locus_0006.log

Date and Time: Sat Sep 12 19:52:19 2026
