IQ-TREE multicore version 2.4.0 for Linux x86 64-bit built Feb 12 2025
Developed by Bui Quang Minh, Nguyen Lam Tung, Olga Chernomor, Heiko Schmidt,
Dominik Schrempf, Michael Woodhams, Ly Trong Nhan, Thomas Wong

Host:    ezmata (AVX2, FMA3, 15 GB RAM)
Command: /home/mis/miniconda3/envs/cse6406/bin/iqtree2 -s /home/mis/CSE6406-project/work/paper_subset_50x10_L800/ils_high/replicate_03/alignments/L800/locus_0027.phy -m GTR+G4 --abayes -T 1 --seed 6706028 --prefix /home/mis/CSE6406-project/work/paper_subset_50x10_L800/ils_high/replicate_03/estimated_gene_trees/L800/gtr_g4/locus_0027 --redo --quiet
Seed:    6706028 (Using SPRNG - Scalable Parallel Random Number Generator)
Time:    Sat Sep 12 19:52:20 2026
Kernel:  AVX+FMA - 1 threads (16 CPU cores detected)

HINT: Use -nt option to specify number of threads because your CPU has 16 cores!
HINT: -nt AUTO will automatically determine the best number of threads to use.

Reading alignment file /home/mis/CSE6406-project/work/paper_subset_50x10_L800/ils_high/replicate_03/alignments/L800/locus_0027.phy ... Phylip format detected
Alignment most likely contains DNA/RNA sequences
Alignment has 21 sequences with 800 columns, 452 distinct patterns
391 parsimony-informative, 71 singleton sites, 338 constant sites
        Gap/Ambiguity  Composition  p-value
Analyzing sequences: done in 4.4152e-05 secs
   1  0_0_0     0.00%    passed     97.31%
   2  8_0_0     0.00%    passed     56.33%
   3  20_0_0    0.00%    passed     77.68%
   4  18_0_0    0.00%    passed     84.55%
   5  6_0_0     0.00%    passed     87.90%
   6  11_0_0    0.00%    passed     97.29%
   7  15_0_0    0.00%    passed     72.16%
   8  5_0_0     0.00%    passed     76.82%
   9  14_0_0    0.00%    passed     45.02%
  10  7_0_0     0.00%    passed     72.28%
  11  9_0_0     0.00%    passed     97.17%
  12  4_0_0     0.00%    passed     90.39%
  13  12_0_0    0.00%    passed     88.19%
  14  13_0_0    0.00%    passed     66.63%
  15  17_0_0    0.00%    passed     32.46%
  16  16_0_0    0.00%    passed     86.65%
  17  10_0_0    0.00%    passed     20.88%
  18  19_0_0    0.00%    passed     94.86%
  19  2_0_0     0.00%    passed     79.63%
  20  3_0_0     0.00%    passed     97.91%
  21  1_0_0     0.00%    passed     98.56%
****  TOTAL     0.00%  0 sequences failed composition chi2 test (p-value<5%; df=3)

Create initial parsimony tree by phylogenetic likelihood library (PLL)... 0.003 seconds

NOTE: 1 MB RAM (0 GB) is required!
Estimate model parameters (epsilon = 0.100)
1. Initial log-likelihood: -11340.309
2. Current log-likelihood: -10764.705
3. Current log-likelihood: -10697.945
4. Current log-likelihood: -10690.719
5. Current log-likelihood: -10688.995
6. Current log-likelihood: -10688.500
7. Current log-likelihood: -10688.270
Optimal log-likelihood: -10688.187
Rate parameters:  A-C: 0.89980  A-G: 1.71602  A-T: 1.06800  C-G: 0.98798  C-T: 2.09536  G-T: 1.00000
Base frequencies:  A: 0.308  C: 0.207  G: 0.191  T: 0.295
Gamma shape alpha: 0.185
Parameters optimization took 7 rounds (0.248 sec)
Wrote distance file to... 
Computing ML distances based on estimated model parameters...
Calculating distance matrix: done in 0.0042482 secs using 99.64% CPU
Computing ML distances took 0.004375 sec (of wall-clock time) 0.004362 sec (of CPU time)
Setting up auxiliary I and S matrices: done in 5.7774e-05 secs using 98.66% CPU
Computing RapidNJ tree took 0.000244 sec (of wall-clock time) 0.000242 sec (of CPU time)
Log-likelihood of RapidNJ tree: -10698.809
--------------------------------------------------------------------
|             INITIALIZING CANDIDATE TREE SET                      |
--------------------------------------------------------------------
Generating 98 parsimony trees... 0.300 second
Computing log-likelihood of 98 initial trees ... 0.471 seconds
Current best score: -10688.187

Do NNI search on 20 best initial trees
Estimate model parameters (epsilon = 0.100)
BETTER TREE FOUND at iteration 1: -10683.251
Iteration 10 / LogL: -10684.354 / Time: 0h:0m:1s
Iteration 20 / LogL: -10683.491 / Time: 0h:0m:2s
Finish initializing candidate tree set (9)
Current best tree score: -10683.251 / CPU time: 2.000
Number of iterations: 20
--------------------------------------------------------------------
|               OPTIMIZING CANDIDATE TREE SET                      |
--------------------------------------------------------------------
Iteration 30 / LogL: -10683.654 / Time: 0h:0m:2s (0h:0m:7s left)
Iteration 40 / LogL: -10684.187 / Time: 0h:0m:4s (0h:0m:6s left)
Iteration 50 / LogL: -10683.974 / Time: 0h:0m:5s (0h:0m:5s left)
Iteration 60 / LogL: -10683.698 / Time: 0h:0m:6s (0h:0m:4s left)
Iteration 70 / LogL: -10685.086 / Time: 0h:0m:7s (0h:0m:3s left)
Iteration 80 / LogL: -10683.388 / Time: 0h:0m:8s (0h:0m:2s left)
Iteration 90 / LogL: -10683.403 / Time: 0h:0m:10s (0h:0m:1s left)
Iteration 100 / LogL: -10683.973 / Time: 0h:0m:11s (0h:0m:0s left)
TREE SEARCH COMPLETED AFTER 102 ITERATIONS / Time: 0h:0m:11s

--------------------------------------------------------------------
|                    FINALIZING TREE SEARCH                        |
--------------------------------------------------------------------
Performs final model parameters optimization
Estimate model parameters (epsilon = 0.010)
1. Initial log-likelihood: -10683.251
Optimal log-likelihood: -10683.238
Rate parameters:  A-C: 0.90317  A-G: 1.71307  A-T: 1.07435  C-G: 0.97764  C-T: 2.09669  G-T: 1.00000
Base frequencies:  A: 0.308  C: 0.207  G: 0.191  T: 0.295
Gamma shape alpha: 0.183
Parameters optimization took 1 rounds (0.021 sec)
BEST SCORE FOUND : -10683.238

Testing tree branches by aBayes parametric test...
0.024 sec.
Total tree length: 15.657

Total number of iterations: 102
CPU time used for tree search: 10.616 sec (0h:0m:10s)
Wall-clock time used for tree search: 11.620 sec (0h:0m:11s)
Total CPU time used: 10.897 sec (0h:0m:10s)
Total wall-clock time used: 11.960 sec (0h:0m:11s)

Analysis results written to: 
  IQ-TREE report:                /home/mis/CSE6406-project/work/paper_subset_50x10_L800/ils_high/replicate_03/estimated_gene_trees/L800/gtr_g4/locus_0027.iqtree
  Maximum-likelihood tree:       /home/mis/CSE6406-project/work/paper_subset_50x10_L800/ils_high/replicate_03/estimated_gene_trees/L800/gtr_g4/locus_0027.treefile
  Likelihood distances:          /home/mis/CSE6406-project/work/paper_subset_50x10_L800/ils_high/replicate_03/estimated_gene_trees/L800/gtr_g4/locus_0027.mldist
  Screen log file:               /home/mis/CSE6406-project/work/paper_subset_50x10_L800/ils_high/replicate_03/estimated_gene_trees/L800/gtr_g4/locus_0027.log

Date and Time: Sat Sep 12 19:52:32 2026
