IQ-TREE multicore version 2.4.0 for Linux x86 64-bit built Feb 12 2025
Developed by Bui Quang Minh, Nguyen Lam Tung, Olga Chernomor, Heiko Schmidt,
Dominik Schrempf, Michael Woodhams, Ly Trong Nhan, Thomas Wong

Host:    ezmata (AVX2, FMA3, 15 GB RAM)
Command: /home/mis/miniconda3/envs/cse6406/bin/iqtree2 -s /home/mis/CSE6406-project/work/paper_subset_50x10_L200/ils_high/replicate_09/alignments/L200/locus_0027.phy -m HKY+G4 --abayes -T 1 --seed 7306028 --prefix /home/mis/CSE6406-project/work/paper_subset_50x10_L200/ils_high/replicate_09/estimated_gene_trees/L200/hky_g4/locus_0027 --redo --quiet
Seed:    7306028 (Using SPRNG - Scalable Parallel Random Number Generator)
Time:    Sat Sep 12 21:46:58 2026
Kernel:  AVX+FMA - 1 threads (16 CPU cores detected)

HINT: Use -nt option to specify number of threads because your CPU has 16 cores!
HINT: -nt AUTO will automatically determine the best number of threads to use.

Reading alignment file /home/mis/CSE6406-project/work/paper_subset_50x10_L200/ils_high/replicate_09/alignments/L200/locus_0027.phy ... Phylip format detected
Alignment most likely contains DNA/RNA sequences
Alignment has 21 sequences with 200 columns, 123 distinct patterns
100 parsimony-informative, 19 singleton sites, 81 constant sites
        Gap/Ambiguity  Composition  p-value
Analyzing sequences: done in 1.5433e-05 secs using 19.44% CPU
   1  0_0_0     0.00%    passed     63.44%
   2  5_0_0     0.00%    passed     67.84%
   3  18_0_0    0.00%    passed     82.00%
   4  17_0_0    0.00%    passed     98.97%
   5  15_0_0    0.00%    passed     90.64%
   6  7_0_0     0.00%    passed     60.60%
   7  11_0_0    0.00%    passed     91.67%
   8  6_0_0     0.00%    passed     53.30%
   9  13_0_0    0.00%    passed     70.04%
  10  14_0_0    0.00%    passed     29.18%
  11  2_0_0     0.00%    passed     58.19%
  12  10_0_0    0.00%    passed     93.58%
  13  3_0_0     0.00%    passed     95.03%
  14  16_0_0    0.00%    passed     97.50%
  15  4_0_0     0.00%    passed     86.66%
  16  19_0_0    0.00%    passed     97.74%
  17  12_0_0    0.00%    passed     63.33%
  18  20_0_0    0.00%    passed     84.50%
  19  9_0_0     0.00%    passed     64.33%
  20  1_0_0     0.00%    passed     84.33%
  21  8_0_0     0.00%    passed     89.02%
****  TOTAL     0.00%  0 sequences failed composition chi2 test (p-value<5%; df=3)

Create initial parsimony tree by phylogenetic likelihood library (PLL)... 0.001 seconds

NOTE: 0 MB RAM (0 GB) is required!
Estimate model parameters (epsilon = 0.100)
1. Initial log-likelihood: -2881.731
2. Current log-likelihood: -2769.697
3. Current log-likelihood: -2748.514
4. Current log-likelihood: -2744.873
5. Current log-likelihood: -2743.715
6. Current log-likelihood: -2743.169
7. Current log-likelihood: -2742.900
8. Current log-likelihood: -2742.794
Optimal log-likelihood: -2742.696
Rate parameters:  A-C: 1.00000  A-G: 2.07965  A-T: 1.00000  C-G: 1.00000  C-T: 2.07965  G-T: 1.00000
Base frequencies:  A: 0.299  C: 0.187  G: 0.242  T: 0.272
Gamma shape alpha: 0.193
Parameters optimization took 8 rounds (0.066 sec)
Wrote distance file to... 
Computing ML distances based on estimated model parameters...
Calculating distance matrix: done in 0.00383776 secs using 75.51% CPU
Computing ML distances took 0.003910 sec (of wall-clock time) 0.002922 sec (of CPU time)
Setting up auxiliary I and S matrices: done in 6.5668e-05 secs
Computing RapidNJ tree took 0.000265 sec (of wall-clock time) 0.000000 sec (of CPU time)
Log-likelihood of RapidNJ tree: -2729.676
--------------------------------------------------------------------
|             INITIALIZING CANDIDATE TREE SET                      |
--------------------------------------------------------------------
Generating 98 parsimony trees... 0.133 second
Computing log-likelihood of 98 initial trees ... 0.226 seconds
Current best score: -2723.745

Do NNI search on 20 best initial trees
Estimate model parameters (epsilon = 0.100)
BETTER TREE FOUND at iteration 1: -2709.245
Estimate model parameters (epsilon = 0.100)
BETTER TREE FOUND at iteration 2: -2704.990
Estimate model parameters (epsilon = 0.100)
BETTER TREE FOUND at iteration 5: -2704.270
Estimate model parameters (epsilon = 0.100)
BETTER TREE FOUND at iteration 6: -2703.722
Estimate model parameters (epsilon = 0.100)
BETTER TREE FOUND at iteration 7: -2703.548
Estimate model parameters (epsilon = 0.100)
BETTER TREE FOUND at iteration 9: -2698.323
Iteration 10 / LogL: -2709.046 / Time: 0h:0m:1s
Iteration 20 / LogL: -2711.180 / Time: 0h:0m:1s
Finish initializing candidate tree set (20)
Current best tree score: -2698.323 / CPU time: 1.856
Number of iterations: 20
--------------------------------------------------------------------
|               OPTIMIZING CANDIDATE TREE SET                      |
--------------------------------------------------------------------
BETTER TREE FOUND at iteration 24: -2698.323
Iteration 30 / LogL: -2698.323 / Time: 0h:0m:2s (0h:0m:7s left)
UPDATE BEST LOG-LIKELIHOOD: -2698.323
Iteration 40 / LogL: -2700.005 / Time: 0h:0m:2s (0h:0m:5s left)
UPDATE BEST LOG-LIKELIHOOD: -2698.323
Iteration 50 / LogL: -2698.323 / Time: 0h:0m:2s (0h:0m:4s left)
Iteration 60 / LogL: -2698.323 / Time: 0h:0m:3s (0h:0m:3s left)
Iteration 70 / LogL: -2698.323 / Time: 0h:0m:3s (0h:0m:2s left)
Iteration 80 / LogL: -2698.324 / Time: 0h:0m:3s (0h:0m:1s left)
Iteration 90 / LogL: -2698.323 / Time: 0h:0m:3s (0h:0m:1s left)
Iteration 100 / LogL: -2698.323 / Time: 0h:0m:3s (0h:0m:0s left)
Iteration 110 / LogL: -2698.323 / Time: 0h:0m:4s (0h:0m:0s left)
Iteration 120 / LogL: -2699.576 / Time: 0h:0m:4s (0h:0m:0s left)
TREE SEARCH COMPLETED AFTER 125 ITERATIONS / Time: 0h:0m:4s

--------------------------------------------------------------------
|                    FINALIZING TREE SEARCH                        |
--------------------------------------------------------------------
Performs final model parameters optimization
Estimate model parameters (epsilon = 0.010)
1. Initial log-likelihood: -2698.323
Optimal log-likelihood: -2698.323
Rate parameters:  A-C: 1.00000  A-G: 2.10136  A-T: 1.00000  C-G: 1.00000  C-T: 2.10136  G-T: 1.00000
Base frequencies:  A: 0.299  C: 0.187  G: 0.242  T: 0.272
Gamma shape alpha: 0.186
Parameters optimization took 1 rounds (0.002 sec)
BEST SCORE FOUND : -2698.323

Testing tree branches by aBayes parametric test...
0.003 sec.
Total tree length: 19.890

Total number of iterations: 125
CPU time used for tree search: 4.175 sec (0h:0m:4s)
Wall-clock time used for tree search: 4.369 sec (0h:0m:4s)
Total CPU time used: 4.272 sec (0h:0m:4s)
Total wall-clock time used: 4.468 sec (0h:0m:4s)

Analysis results written to: 
  IQ-TREE report:                /home/mis/CSE6406-project/work/paper_subset_50x10_L200/ils_high/replicate_09/estimated_gene_trees/L200/hky_g4/locus_0027.iqtree
  Maximum-likelihood tree:       /home/mis/CSE6406-project/work/paper_subset_50x10_L200/ils_high/replicate_09/estimated_gene_trees/L200/hky_g4/locus_0027.treefile
  Likelihood distances:          /home/mis/CSE6406-project/work/paper_subset_50x10_L200/ils_high/replicate_09/estimated_gene_trees/L200/hky_g4/locus_0027.mldist
  Screen log file:               /home/mis/CSE6406-project/work/paper_subset_50x10_L200/ils_high/replicate_09/estimated_gene_trees/L200/hky_g4/locus_0027.log

Date and Time: Sat Sep 12 21:47:02 2026
