IQ-TREE multicore version 2.4.0 for Linux x86 64-bit built Feb 12 2025
Developed by Bui Quang Minh, Nguyen Lam Tung, Olga Chernomor, Heiko Schmidt,
Dominik Schrempf, Michael Woodhams, Ly Trong Nhan, Thomas Wong

Host:    ezmata (AVX2, FMA3, 15 GB RAM)
Command: /home/mis/miniconda3/envs/cse6406/bin/iqtree2 -s /home/mis/CSE6406-project/work/paper_subset_50x10_L200/ils_high/replicate_09/alignments/L200/locus_0030.phy -m HKY+G4 --abayes -T 1 --seed 7306031 --prefix /home/mis/CSE6406-project/work/paper_subset_50x10_L200/ils_high/replicate_09/estimated_gene_trees/L200/hky_g4/locus_0030 --redo --quiet
Seed:    7306031 (Using SPRNG - Scalable Parallel Random Number Generator)
Time:    Sat Sep 12 21:46:59 2026
Kernel:  AVX+FMA - 1 threads (16 CPU cores detected)

HINT: Use -nt option to specify number of threads because your CPU has 16 cores!
HINT: -nt AUTO will automatically determine the best number of threads to use.

Reading alignment file /home/mis/CSE6406-project/work/paper_subset_50x10_L200/ils_high/replicate_09/alignments/L200/locus_0030.phy ... Phylip format detected
Alignment most likely contains DNA/RNA sequences
Alignment has 21 sequences with 200 columns, 130 distinct patterns
106 parsimony-informative, 20 singleton sites, 74 constant sites
        Gap/Ambiguity  Composition  p-value
Analyzing sequences: done in 1.7929e-05 secs using 39.04% CPU
   1  8_0_0     0.00%    passed     41.98%
   2  16_0_0    0.00%    passed     80.90%
   3  1_0_0     0.00%    passed     47.96%
   4  14_0_0    0.00%    passed     91.01%
   5  11_0_0    0.00%    passed     94.76%
   6  12_0_0    0.00%    passed     81.42%
   7  20_0_0    0.00%    passed     82.86%
   8  9_0_0     0.00%    passed     48.94%
   9  19_0_0    0.00%    passed     96.75%
  10  6_0_0     0.00%    passed     80.57%
  11  3_0_0     0.00%    passed     59.01%
  12  13_0_0    0.00%    passed     46.21%
  13  4_0_0     0.00%    passed     83.17%
  14  10_0_0    0.00%    passed     85.94%
  15  2_0_0     0.00%    passed     91.76%
  16  17_0_0    0.00%    passed     50.30%
  17  15_0_0    0.00%    passed     85.99%
  18  18_0_0    0.00%    passed     80.00%
  19  7_0_0     0.00%    passed     93.61%
  20  5_0_0     0.00%    passed     92.55%
  21  0_0_0     0.00%    passed     33.22%
****  TOTAL     0.00%  0 sequences failed composition chi2 test (p-value<5%; df=3)

Create initial parsimony tree by phylogenetic likelihood library (PLL)... 0.001 seconds

NOTE: 0 MB RAM (0 GB) is required!
Estimate model parameters (epsilon = 0.100)
1. Initial log-likelihood: -3010.650
2. Current log-likelihood: -2910.659
3. Current log-likelihood: -2898.037
4. Current log-likelihood: -2896.412
5. Current log-likelihood: -2896.140
Optimal log-likelihood: -2896.054
Rate parameters:  A-C: 1.00000  A-G: 1.67593  A-T: 1.00000  C-G: 1.00000  C-T: 1.67593  G-T: 1.00000
Base frequencies:  A: 0.250  C: 0.188  G: 0.245  T: 0.317
Gamma shape alpha: 0.261
Parameters optimization took 5 rounds (0.047 sec)
Wrote distance file to... 
Computing ML distances based on estimated model parameters...
Calculating distance matrix: done in 0.00350179 secs using 97.64% CPU
Computing ML distances took 0.003558 sec (of wall-clock time) 0.003479 sec (of CPU time)
Setting up auxiliary I and S matrices: done in 6.5294e-05 secs
Computing RapidNJ tree took 0.000262 sec (of wall-clock time) 0.000000 sec (of CPU time)
Log-likelihood of RapidNJ tree: -2905.749
--------------------------------------------------------------------
|             INITIALIZING CANDIDATE TREE SET                      |
--------------------------------------------------------------------
Generating 98 parsimony trees... 0.133 second
Computing log-likelihood of 98 initial trees ... 0.238 seconds
Current best score: -2879.749

Do NNI search on 20 best initial trees
Estimate model parameters (epsilon = 0.100)
BETTER TREE FOUND at iteration 1: -2870.057
Estimate model parameters (epsilon = 0.100)
BETTER TREE FOUND at iteration 4: -2866.955
BETTER TREE FOUND at iteration 5: -2866.953
UPDATE BEST LOG-LIKELIHOOD: -2866.953
Iteration 10 / LogL: -2866.953 / Time: 0h:0m:1s
UPDATE BEST LOG-LIKELIHOOD: -2866.953
Iteration 20 / LogL: -2866.953 / Time: 0h:0m:1s
Finish initializing candidate tree set (14)
Current best tree score: -2866.953 / CPU time: 1.619
Number of iterations: 20
--------------------------------------------------------------------
|               OPTIMIZING CANDIDATE TREE SET                      |
--------------------------------------------------------------------
BETTER TREE FOUND at iteration 23: -2866.953
Iteration 30 / LogL: -2866.953 / Time: 0h:0m:2s (0h:0m:7s left)
Iteration 40 / LogL: -2866.953 / Time: 0h:0m:2s (0h:0m:5s left)
Iteration 50 / LogL: -2866.953 / Time: 0h:0m:3s (0h:0m:4s left)
Iteration 60 / LogL: -2866.953 / Time: 0h:0m:3s (0h:0m:4s left)
Iteration 70 / LogL: -2866.953 / Time: 0h:0m:4s (0h:0m:3s left)
Iteration 80 / LogL: -2866.953 / Time: 0h:0m:4s (0h:0m:2s left)
Iteration 90 / LogL: -2866.953 / Time: 0h:0m:5s (0h:0m:2s left)
Iteration 100 / LogL: -2866.953 / Time: 0h:0m:5s (0h:0m:1s left)
Iteration 110 / LogL: -2866.953 / Time: 0h:0m:6s (0h:0m:0s left)
Iteration 120 / LogL: -2866.953 / Time: 0h:0m:7s (0h:0m:0s left)
UPDATE BEST LOG-LIKELIHOOD: -2866.953
TREE SEARCH COMPLETED AFTER 124 ITERATIONS / Time: 0h:0m:7s

--------------------------------------------------------------------
|                    FINALIZING TREE SEARCH                        |
--------------------------------------------------------------------
Performs final model parameters optimization
Estimate model parameters (epsilon = 0.010)
1. Initial log-likelihood: -2866.953
Optimal log-likelihood: -2866.946
Rate parameters:  A-C: 1.00000  A-G: 1.73104  A-T: 1.00000  C-G: 1.00000  C-T: 1.73104  G-T: 1.00000
Base frequencies:  A: 0.250  C: 0.188  G: 0.245  T: 0.317
Gamma shape alpha: 0.250
Parameters optimization took 1 rounds (0.005 sec)
BEST SCORE FOUND : -2866.946

Testing tree branches by aBayes parametric test...
0.007 sec.
Total tree length: 13.283

Total number of iterations: 124
CPU time used for tree search: 7.015 sec (0h:0m:7s)
Wall-clock time used for tree search: 7.236 sec (0h:0m:7s)
Total CPU time used: 7.101 sec (0h:0m:7s)
Total wall-clock time used: 7.326 sec (0h:0m:7s)

Analysis results written to: 
  IQ-TREE report:                /home/mis/CSE6406-project/work/paper_subset_50x10_L200/ils_high/replicate_09/estimated_gene_trees/L200/hky_g4/locus_0030.iqtree
  Maximum-likelihood tree:       /home/mis/CSE6406-project/work/paper_subset_50x10_L200/ils_high/replicate_09/estimated_gene_trees/L200/hky_g4/locus_0030.treefile
  Likelihood distances:          /home/mis/CSE6406-project/work/paper_subset_50x10_L200/ils_high/replicate_09/estimated_gene_trees/L200/hky_g4/locus_0030.mldist
  Screen log file:               /home/mis/CSE6406-project/work/paper_subset_50x10_L200/ils_high/replicate_09/estimated_gene_trees/L200/hky_g4/locus_0030.log

Date and Time: Sat Sep 12 21:47:06 2026
