IQ-TREE multicore version 2.4.0 for Linux x86 64-bit built Feb 12 2025
Developed by Bui Quang Minh, Nguyen Lam Tung, Olga Chernomor, Heiko Schmidt,
Dominik Schrempf, Michael Woodhams, Ly Trong Nhan, Thomas Wong

Host:    ezmata (AVX2, FMA3, 15 GB RAM)
Command: /home/mis/miniconda3/envs/cse6406/bin/iqtree2 -s /home/mis/CSE6406-project/work/paper_subset_50x10_L800/ils_low/replicate_05/alignments/L800/locus_0027.phy -m GTR --abayes -T AUTO --seed 6906028 --prefix /home/mis/CSE6406-project/work/paper_subset_50x10_L800/ils_low/replicate_05/estimated_gene_trees/L800/gtr/locus_0027 --redo --quiet
Seed:    6906028 (Using SPRNG - Scalable Parallel Random Number Generator)
Time:    Fri Sep 11 12:19:55 2026
Kernel:  AVX+FMA - auto-detect threads (16 CPU cores detected)

Reading alignment file /home/mis/CSE6406-project/work/paper_subset_50x10_L800/ils_low/replicate_05/alignments/L800/locus_0027.phy ... Phylip format detected
Alignment most likely contains DNA/RNA sequences
Alignment has 21 sequences with 800 columns, 257 distinct patterns
197 parsimony-informative, 77 singleton sites, 526 constant sites
        Gap/Ambiguity  Composition  p-value
Analyzing sequences: done in 8.803e-05 secs
   1  20_0_0    0.00%    passed     84.52%
   2  15_0_0    0.00%    passed     86.10%
   3  14_0_0    0.00%    passed     98.16%
   4  13_0_0    0.00%    passed     91.60%
   5  16_0_0    0.00%    passed     94.56%
   6  17_0_0    0.00%    passed     91.51%
   7  19_0_0    0.00%    passed     99.53%
   8  18_0_0    0.00%    passed     92.62%
   9  6_0_0     0.00%    passed     99.89%
  10  9_0_0     0.00%    passed     90.94%
  11  11_0_0    0.00%    passed     93.82%
  12  7_0_0     0.00%    passed     98.77%
  13  8_0_0     0.00%    passed     99.67%
  14  5_0_0     0.00%    passed     83.18%
  15  10_0_0    0.00%    passed     93.31%
  16  12_0_0    0.00%    passed     83.80%
  17  1_0_0     0.00%    passed     94.64%
  18  4_0_0     0.00%    passed     81.68%
  19  3_0_0     0.00%    passed     84.51%
  20  2_0_0     0.00%    passed     81.95%
  21  0_0_0     0.00%    passed     99.98%
****  TOTAL     0.00%  0 sequences failed composition chi2 test (p-value<5%; df=3)

Create initial parsimony tree by phylogenetic likelihood library (PLL)... 0.000 seconds

NOTE: 0 MB RAM (0 GB) is required!
Measuring multi-threading efficiency up to 16 CPU cores
Increase to 10 rounds for branch lengths
9039 trees examined
Threads: 1 / Time: 16.001 sec / Speedup: 1.000 / Efficiency: 100% / LogL: -6181
Threads: 2 / Time: 29.509 sec / Speedup: 0.542 / Efficiency: 27% / LogL: -6181
BEST NUMBER OF THREADS: 1

Estimate model parameters (epsilon = 0.100)
1. Initial log-likelihood: -4991.788
2. Current log-likelihood: -4955.054
Optimal log-likelihood: -4954.980
Rate parameters:  A-C: 1.02015  A-G: 1.62499  A-T: 1.02573  C-G: 0.82571  C-T: 1.92125  G-T: 1.00000
Base frequencies:  A: 0.288  C: 0.218  G: 0.201  T: 0.293
Parameters optimization took 2 rounds (0.004 sec)
Wrote distance file to... 
Computing ML distances based on estimated model parameters...
Calculating distance matrix: done in 0.000553519 secs using 74.25% CPU
Computing ML distances took 0.000578 sec (of wall-clock time) 0.000430 sec (of CPU time)
Setting up auxiliary I and S matrices: done in 2.7755e-05 secs using 72.06% CPU
Computing RapidNJ tree took 0.000104 sec (of wall-clock time) 0.000077 sec (of CPU time)
Log-likelihood of RapidNJ tree: -4983.665
--------------------------------------------------------------------
|             INITIALIZING CANDIDATE TREE SET                      |
--------------------------------------------------------------------
Generating 98 parsimony trees... 0.078 second
Computing log-likelihood of 98 initial trees ... 0.047 seconds
Current best score: -4953.221

Do NNI search on 20 best initial trees
Estimate model parameters (epsilon = 0.100)
BETTER TREE FOUND at iteration 1: -4952.674
Estimate model parameters (epsilon = 0.100)
BETTER TREE FOUND at iteration 2: -4951.932
Iteration 10 / LogL: -4955.909 / Time: 0h:0m:45s
Iteration 20 / LogL: -4955.961 / Time: 0h:0m:45s
Finish initializing candidate tree set (4)
Current best tree score: -4951.932 / CPU time: 0.214
Number of iterations: 20
--------------------------------------------------------------------
|               OPTIMIZING CANDIDATE TREE SET                      |
--------------------------------------------------------------------
Iteration 30 / LogL: -4955.139 / Time: 0h:0m:45s (0h:1m:53s left)
Iteration 40 / LogL: -4956.093 / Time: 0h:0m:45s (0h:1m:12s left)
Iteration 50 / LogL: -4951.933 / Time: 0h:0m:45s (0h:0m:48s left)
Iteration 60 / LogL: -4951.933 / Time: 0h:0m:45s (0h:0m:32s left)
Iteration 70 / LogL: -4952.717 / Time: 0h:0m:46s (0h:0m:21s left)
Iteration 80 / LogL: -4951.932 / Time: 0h:0m:46s (0h:0m:12s left)
Iteration 90 / LogL: -4952.718 / Time: 0h:0m:46s (0h:0m:6s left)
Iteration 100 / LogL: -4952.723 / Time: 0h:0m:46s (0h:0m:0s left)
TREE SEARCH COMPLETED AFTER 103 ITERATIONS / Time: 0h:0m:46s

--------------------------------------------------------------------
|                    FINALIZING TREE SEARCH                        |
--------------------------------------------------------------------
Performs final model parameters optimization
Estimate model parameters (epsilon = 0.010)
1. Initial log-likelihood: -4951.932
Optimal log-likelihood: -4951.930
Rate parameters:  A-C: 1.00536  A-G: 1.64490  A-T: 0.99278  C-G: 0.82548  C-T: 1.92558  G-T: 1.00000
Base frequencies:  A: 0.288  C: 0.218  G: 0.201  T: 0.293
Parameters optimization took 1 rounds (0.001 sec)
BEST SCORE FOUND : -4951.930

Testing tree branches by aBayes parametric test...
0.002 sec.
Total tree length: 0.934

Total number of iterations: 103
CPU time used for tree search: 0.712 sec (0h:0m:0s)
Wall-clock time used for tree search: 0.738 sec (0h:0m:0s)
Total CPU time used: 42.597 sec (0h:0m:42s)
Total wall-clock time used: 46.264 sec (0h:0m:46s)

Analysis results written to: 
  IQ-TREE report:                /home/mis/CSE6406-project/work/paper_subset_50x10_L800/ils_low/replicate_05/estimated_gene_trees/L800/gtr/locus_0027.iqtree
  Maximum-likelihood tree:       /home/mis/CSE6406-project/work/paper_subset_50x10_L800/ils_low/replicate_05/estimated_gene_trees/L800/gtr/locus_0027.treefile
  Likelihood distances:          /home/mis/CSE6406-project/work/paper_subset_50x10_L800/ils_low/replicate_05/estimated_gene_trees/L800/gtr/locus_0027.mldist
  Screen log file:               /home/mis/CSE6406-project/work/paper_subset_50x10_L800/ils_low/replicate_05/estimated_gene_trees/L800/gtr/locus_0027.log

Date and Time: Fri Sep 11 12:20:42 2026
