IQ-TREE multicore version 2.4.0 for Linux x86 64-bit built Feb 12 2025
Developed by Bui Quang Minh, Nguyen Lam Tung, Olga Chernomor, Heiko Schmidt,
Dominik Schrempf, Michael Woodhams, Ly Trong Nhan, Thomas Wong

Host:    ezmata (AVX2, FMA3, 15 GB RAM)
Command: /home/mis/miniconda3/envs/cse6406/bin/iqtree2 -s /home/mis/CSE6406-project/work/paper_subset_50x10_L800/ils_low/replicate_05/alignments/L800/locus_0049.phy -m GTR --abayes -T AUTO --seed 6906050 --prefix /home/mis/CSE6406-project/work/paper_subset_50x10_L800/ils_low/replicate_05/estimated_gene_trees/L800/gtr/locus_0049 --redo --quiet
Seed:    6906050 (Using SPRNG - Scalable Parallel Random Number Generator)
Time:    Fri Sep 11 12:37:50 2026
Kernel:  AVX+FMA - auto-detect threads (16 CPU cores detected)

Reading alignment file /home/mis/CSE6406-project/work/paper_subset_50x10_L800/ils_low/replicate_05/alignments/L800/locus_0049.phy ... Phylip format detected
Alignment most likely contains DNA/RNA sequences
Alignment has 21 sequences with 800 columns, 254 distinct patterns
181 parsimony-informative, 85 singleton sites, 534 constant sites
        Gap/Ambiguity  Composition  p-value
Analyzing sequences: done in 0.000179994 secs
   1  0_0_0     0.00%    passed     61.07%
   2  10_0_0    0.00%    passed     98.48%
   3  5_0_0     0.00%    passed     84.27%
   4  12_0_0    0.00%    passed     98.32%
   5  6_0_0     0.00%    passed     99.95%
   6  9_0_0     0.00%    passed     97.34%
   7  11_0_0    0.00%    passed     93.46%
   8  7_0_0     0.00%    passed     94.31%
   9  8_0_0     0.00%    passed     94.76%
  10  2_0_0     0.00%    passed     94.17%
  11  4_0_0     0.00%    passed     96.78%
  12  3_0_0     0.00%    passed     97.25%
  13  1_0_0     0.00%    passed     98.61%
  14  20_0_0    0.00%    passed     93.58%
  15  15_0_0    0.00%    passed     94.92%
  16  14_0_0    0.00%    passed     83.65%
  17  18_0_0    0.00%    passed     99.63%
  18  19_0_0    0.00%    passed     88.11%
  19  17_0_0    0.00%    passed     88.95%
  20  13_0_0    0.00%    passed     98.30%
  21  16_0_0    0.00%    passed     94.07%
****  TOTAL     0.00%  0 sequences failed composition chi2 test (p-value<5%; df=3)

Create initial parsimony tree by phylogenetic likelihood library (PLL)... 0.001 seconds

NOTE: 0 MB RAM (0 GB) is required!
Measuring multi-threading efficiency up to 16 CPU cores
Increase to 10 rounds for branch lengths
8648 trees examined
Threads: 1 / Time: 16.000 sec / Speedup: 1.000 / Efficiency: 100% / LogL: -6155
Threads: 2 / Time: 29.686 sec / Speedup: 0.539 / Efficiency: 27% / LogL: -6155
BEST NUMBER OF THREADS: 1

Estimate model parameters (epsilon = 0.100)
1. Initial log-likelihood: -5147.190
2. Current log-likelihood: -5085.074
Optimal log-likelihood: -5084.974
Rate parameters:  A-C: 0.63008  A-G: 1.71139  A-T: 0.69981  C-G: 0.96490  C-T: 1.61310  G-T: 1.00000
Base frequencies:  A: 0.330  C: 0.190  G: 0.190  T: 0.291
Parameters optimization took 2 rounds (0.006 sec)
Wrote distance file to... 
Computing ML distances based on estimated model parameters...
Calculating distance matrix: done in 0.000597068 secs using 84.41% CPU
Computing ML distances took 0.000625 sec (of wall-clock time) 0.000528 sec (of CPU time)
Setting up auxiliary I and S matrices: done in 4.7219e-05 secs using 99.54% CPU
Computing RapidNJ tree took 0.000126 sec (of wall-clock time) 0.000125 sec (of CPU time)
Log-likelihood of RapidNJ tree: -5105.692
--------------------------------------------------------------------
|             INITIALIZING CANDIDATE TREE SET                      |
--------------------------------------------------------------------
Generating 98 parsimony trees... 0.077 second
Computing log-likelihood of 98 initial trees ... 0.046 seconds
Current best score: -5084.974

Do NNI search on 20 best initial trees
Estimate model parameters (epsilon = 0.100)
BETTER TREE FOUND at iteration 1: -5084.492
Iteration 10 / LogL: -5084.494 / Time: 0h:0m:45s
Iteration 20 / LogL: -5084.514 / Time: 0h:0m:45s
Finish initializing candidate tree set (1)
Current best tree score: -5084.492 / CPU time: 0.224
Number of iterations: 20
--------------------------------------------------------------------
|               OPTIMIZING CANDIDATE TREE SET                      |
--------------------------------------------------------------------
Iteration 30 / LogL: -5084.493 / Time: 0h:0m:45s (0h:1m:52s left)
Iteration 40 / LogL: -5084.492 / Time: 0h:0m:46s (0h:1m:12s left)
Iteration 50 / LogL: -5084.493 / Time: 0h:0m:46s (0h:0m:47s left)
Iteration 60 / LogL: -5084.500 / Time: 0h:0m:46s (0h:0m:32s left)
Iteration 70 / LogL: -5084.494 / Time: 0h:0m:46s (0h:0m:20s left)
Iteration 80 / LogL: -5084.493 / Time: 0h:0m:46s (0h:0m:12s left)
Iteration 90 / LogL: -5084.492 / Time: 0h:0m:46s (0h:0m:5s left)
Iteration 100 / LogL: -5102.230 / Time: 0h:0m:46s (0h:0m:0s left)
TREE SEARCH COMPLETED AFTER 102 ITERATIONS / Time: 0h:0m:46s

--------------------------------------------------------------------
|                    FINALIZING TREE SEARCH                        |
--------------------------------------------------------------------
Performs final model parameters optimization
Estimate model parameters (epsilon = 0.010)
1. Initial log-likelihood: -5084.492
Optimal log-likelihood: -5084.492
Rate parameters:  A-C: 0.62923  A-G: 1.70795  A-T: 0.69917  C-G: 0.96177  C-T: 1.61978  G-T: 1.00000
Base frequencies:  A: 0.330  C: 0.190  G: 0.190  T: 0.291
Parameters optimization took 1 rounds (0.001 sec)
BEST SCORE FOUND : -5084.492

Testing tree branches by aBayes parametric test...
0.002 sec.
Total tree length: 0.977

Total number of iterations: 102
CPU time used for tree search: 0.658 sec (0h:0m:0s)
Wall-clock time used for tree search: 0.699 sec (0h:0m:0s)
Total CPU time used: 43.222 sec (0h:0m:43s)
Total wall-clock time used: 46.402 sec (0h:0m:46s)

Analysis results written to: 
  IQ-TREE report:                /home/mis/CSE6406-project/work/paper_subset_50x10_L800/ils_low/replicate_05/estimated_gene_trees/L800/gtr/locus_0049.iqtree
  Maximum-likelihood tree:       /home/mis/CSE6406-project/work/paper_subset_50x10_L800/ils_low/replicate_05/estimated_gene_trees/L800/gtr/locus_0049.treefile
  Likelihood distances:          /home/mis/CSE6406-project/work/paper_subset_50x10_L800/ils_low/replicate_05/estimated_gene_trees/L800/gtr/locus_0049.mldist
  Screen log file:               /home/mis/CSE6406-project/work/paper_subset_50x10_L800/ils_low/replicate_05/estimated_gene_trees/L800/gtr/locus_0049.log

Date and Time: Fri Sep 11 12:38:36 2026
