IQ-TREE multicore version 2.4.0 for Linux x86 64-bit built Feb 12 2025
Developed by Bui Quang Minh, Nguyen Lam Tung, Olga Chernomor, Heiko Schmidt,
Dominik Schrempf, Michael Woodhams, Ly Trong Nhan, Thomas Wong

Host:    ezmata (AVX2, FMA3, 15 GB RAM)
Command: /home/mis/miniconda3/envs/cse6406/bin/iqtree2 -s /home/mis/CSE6406-project/work/paper_subset_50x10_L800/ils_low/replicate_05/alignments/L800/locus_0015.phy -m GTR --abayes -T AUTO --seed 6906016 --prefix /home/mis/CSE6406-project/work/paper_subset_50x10_L800/ils_low/replicate_05/estimated_gene_trees/L800/gtr/locus_0015 --redo --quiet
Seed:    6906016 (Using SPRNG - Scalable Parallel Random Number Generator)
Time:    Fri Sep 11 12:10:15 2026
Kernel:  AVX+FMA - auto-detect threads (16 CPU cores detected)

Reading alignment file /home/mis/CSE6406-project/work/paper_subset_50x10_L800/ils_low/replicate_05/alignments/L800/locus_0015.phy ... Phylip format detected
Alignment most likely contains DNA/RNA sequences
Alignment has 21 sequences with 800 columns, 251 distinct patterns
183 parsimony-informative, 92 singleton sites, 525 constant sites
        Gap/Ambiguity  Composition  p-value
Analyzing sequences: done in 0.000178603 secs using 99.66% CPU
   1  2_0_0     0.00%    passed     94.40%
   2  3_0_0     0.00%    passed     99.70%
   3  4_0_0     0.00%    passed     97.06%
   4  1_0_0     0.00%    passed     90.20%
   5  11_0_0    0.00%    passed     89.85%
   6  9_0_0     0.00%    passed     89.55%
   7  6_0_0     0.00%    passed     67.94%
   8  7_0_0     0.00%    passed     96.84%
   9  8_0_0     0.00%    passed     95.72%
  10  12_0_0    0.00%    passed     82.10%
  11  5_0_0     0.00%    passed     93.96%
  12  10_0_0    0.00%    passed     97.48%
  13  20_0_0    0.00%    passed     84.78%
  14  15_0_0    0.00%    passed     94.21%
  15  16_0_0    0.00%    passed     97.07%
  16  13_0_0    0.00%    passed     93.45%
  17  17_0_0    0.00%    passed     97.78%
  18  19_0_0    0.00%    passed     96.13%
  19  14_0_0    0.00%    passed     99.43%
  20  18_0_0    0.00%    passed     98.45%
  21  0_0_0     0.00%    passed     87.80%
****  TOTAL     0.00%  0 sequences failed composition chi2 test (p-value<5%; df=3)

Create initial parsimony tree by phylogenetic likelihood library (PLL)... 0.000 seconds

NOTE: 0 MB RAM (0 GB) is required!
Measuring multi-threading efficiency up to 16 CPU cores
Increase to 10 rounds for branch lengths
9888 trees examined
Threads: 1 / Time: 16.000 sec / Speedup: 1.000 / Efficiency: 100% / LogL: -6332
Threads: 2 / Time: 32.098 sec / Speedup: 0.498 / Efficiency: 25% / LogL: -6332
BEST NUMBER OF THREADS: 1

Estimate model parameters (epsilon = 0.100)
1. Initial log-likelihood: -5077.721
2. Current log-likelihood: -5044.039
Optimal log-likelihood: -5043.972
Rate parameters:  A-C: 1.04299  A-G: 1.92955  A-T: 0.93830  C-G: 1.10597  C-T: 1.70369  G-T: 1.00000
Base frequencies:  A: 0.302  C: 0.192  G: 0.217  T: 0.289
Parameters optimization took 2 rounds (0.005 sec)
Wrote distance file to... 
Computing ML distances based on estimated model parameters...
Calculating distance matrix: done in 0.000543073 secs using 73.29% CPU
Computing ML distances took 0.000567 sec (of wall-clock time) 0.000417 sec (of CPU time)
Setting up auxiliary I and S matrices: done in 2.7731e-05 secs using 97.36% CPU
Computing RapidNJ tree took 0.000103 sec (of wall-clock time) 0.000105 sec (of CPU time)
Log-likelihood of RapidNJ tree: -5119.429
--------------------------------------------------------------------
|             INITIALIZING CANDIDATE TREE SET                      |
--------------------------------------------------------------------
Generating 98 parsimony trees... 0.075 second
Computing log-likelihood of 98 initial trees ... 0.040 seconds
Current best score: -5043.972

Do NNI search on 20 best initial trees
Estimate model parameters (epsilon = 0.100)
BETTER TREE FOUND at iteration 1: -5039.515
Iteration 10 / LogL: -5039.515 / Time: 0h:0m:48s
UPDATE BEST LOG-LIKELIHOOD: -5039.515
Iteration 20 / LogL: -5039.516 / Time: 0h:0m:48s
Finish initializing candidate tree set (7)
Current best tree score: -5039.515 / CPU time: 0.193
Number of iterations: 20
--------------------------------------------------------------------
|               OPTIMIZING CANDIDATE TREE SET                      |
--------------------------------------------------------------------
Iteration 30 / LogL: -5042.772 / Time: 0h:0m:48s (0h:1m:58s left)
Iteration 40 / LogL: -5042.654 / Time: 0h:0m:48s (0h:1m:15s left)
Iteration 50 / LogL: -5044.209 / Time: 0h:0m:48s (0h:0m:50s left)
Iteration 60 / LogL: -5043.856 / Time: 0h:0m:48s (0h:0m:33s left)
Iteration 70 / LogL: -5046.257 / Time: 0h:0m:48s (0h:0m:21s left)
Iteration 80 / LogL: -5039.515 / Time: 0h:0m:48s (0h:0m:12s left)
Iteration 90 / LogL: -5042.755 / Time: 0h:0m:48s (0h:0m:6s left)
Iteration 100 / LogL: -5044.208 / Time: 0h:0m:48s (0h:0m:0s left)
TREE SEARCH COMPLETED AFTER 102 ITERATIONS / Time: 0h:0m:48s

--------------------------------------------------------------------
|                    FINALIZING TREE SEARCH                        |
--------------------------------------------------------------------
Performs final model parameters optimization
Estimate model parameters (epsilon = 0.010)
1. Initial log-likelihood: -5039.515
Optimal log-likelihood: -5039.513
Rate parameters:  A-C: 1.05367  A-G: 1.96301  A-T: 0.94906  C-G: 1.05740  C-T: 1.71324  G-T: 1.00000
Base frequencies:  A: 0.302  C: 0.192  G: 0.217  T: 0.289
Parameters optimization took 1 rounds (0.001 sec)
BEST SCORE FOUND : -5039.513

Testing tree branches by aBayes parametric test...
0.001 sec.
Total tree length: 0.958

Total number of iterations: 102
CPU time used for tree search: 0.614 sec (0h:0m:0s)
Wall-clock time used for tree search: 0.648 sec (0h:0m:0s)
Total CPU time used: 44.492 sec (0h:0m:44s)
Total wall-clock time used: 48.762 sec (0h:0m:48s)

Analysis results written to: 
  IQ-TREE report:                /home/mis/CSE6406-project/work/paper_subset_50x10_L800/ils_low/replicate_05/estimated_gene_trees/L800/gtr/locus_0015.iqtree
  Maximum-likelihood tree:       /home/mis/CSE6406-project/work/paper_subset_50x10_L800/ils_low/replicate_05/estimated_gene_trees/L800/gtr/locus_0015.treefile
  Likelihood distances:          /home/mis/CSE6406-project/work/paper_subset_50x10_L800/ils_low/replicate_05/estimated_gene_trees/L800/gtr/locus_0015.mldist
  Screen log file:               /home/mis/CSE6406-project/work/paper_subset_50x10_L800/ils_low/replicate_05/estimated_gene_trees/L800/gtr/locus_0015.log

Date and Time: Fri Sep 11 12:11:04 2026
