IQ-TREE multicore version 2.4.0 for Linux x86 64-bit built Feb 12 2025
Developed by Bui Quang Minh, Nguyen Lam Tung, Olga Chernomor, Heiko Schmidt,
Dominik Schrempf, Michael Woodhams, Ly Trong Nhan, Thomas Wong

Host:    ezmata (AVX2, FMA3, 15 GB RAM)
Command: /home/mis/miniconda3/envs/cse6406/bin/iqtree2 -s /home/mis/CSE6406-project/work/paper_subset_50x10_L200/ils_high/replicate_08/alignments/L200/locus_0026.phy -m GTR+G4 --abayes -T 1 --seed 7206027 --prefix /home/mis/CSE6406-project/work/paper_subset_50x10_L200/ils_high/replicate_08/estimated_gene_trees/L200/gtr_g4/locus_0026 --redo --quiet
Seed:    7206027 (Using SPRNG - Scalable Parallel Random Number Generator)
Time:    Sat Sep 12 21:45:31 2026
Kernel:  AVX+FMA - 1 threads (16 CPU cores detected)

HINT: Use -nt option to specify number of threads because your CPU has 16 cores!
HINT: -nt AUTO will automatically determine the best number of threads to use.

Reading alignment file /home/mis/CSE6406-project/work/paper_subset_50x10_L200/ils_high/replicate_08/alignments/L200/locus_0026.phy ... Phylip format detected
Alignment most likely contains DNA/RNA sequences
Alignment has 21 sequences with 200 columns, 110 distinct patterns
91 parsimony-informative, 15 singleton sites, 94 constant sites
        Gap/Ambiguity  Composition  p-value
Analyzing sequences: done in 1.6546e-05 secs using 36.26% CPU
   1  0_0_0     0.00%    passed     71.30%
   2  19_0_0    0.00%    passed     97.13%
   3  8_0_0     0.00%    passed     70.06%
   4  20_0_0    0.00%    passed     99.69%
   5  18_0_0    0.00%    passed     97.34%
   6  2_0_0     0.00%    passed     73.37%
   7  17_0_0    0.00%    passed     33.97%
   8  15_0_0    0.00%    passed     60.26%
   9  3_0_0     0.00%    passed     82.22%
  10  7_0_0     0.00%    passed     98.37%
  11  16_0_0    0.00%    passed     80.70%
  12  12_0_0    0.00%    passed     95.61%
  13  14_0_0    0.00%    passed     46.19%
  14  4_0_0     0.00%    passed     77.10%
  15  6_0_0     0.00%    passed     58.01%
  16  9_0_0     0.00%    passed     92.41%
  17  1_0_0     0.00%    passed     98.31%
  18  13_0_0    0.00%    passed     14.46%
  19  11_0_0    0.00%    passed     25.21%
  20  5_0_0     0.00%    passed     80.34%
  21  10_0_0    0.00%    passed     71.95%
****  TOTAL     0.00%  0 sequences failed composition chi2 test (p-value<5%; df=3)

Create initial parsimony tree by phylogenetic likelihood library (PLL)... 0.001 seconds

NOTE: 0 MB RAM (0 GB) is required!
Estimate model parameters (epsilon = 0.100)
1. Initial log-likelihood: -2584.963
2. Current log-likelihood: -2455.044
3. Current log-likelihood: -2444.172
4. Current log-likelihood: -2443.764
Optimal log-likelihood: -2443.729
Rate parameters:  A-C: 1.27378  A-G: 3.03807  A-T: 1.12718  C-G: 1.25443  C-T: 2.02632  G-T: 1.00000
Base frequencies:  A: 0.293  C: 0.211  G: 0.166  T: 0.330
Gamma shape alpha: 0.222
Parameters optimization took 4 rounds (0.042 sec)
Wrote distance file to... 
Computing ML distances based on estimated model parameters...
Calculating distance matrix: done in 0.00188178 secs using 97.25% CPU
Computing ML distances took 0.001916 sec (of wall-clock time) 0.001865 sec (of CPU time)
Setting up auxiliary I and S matrices: done in 6.4532e-05 secs using 97.63% CPU
Computing RapidNJ tree took 0.000246 sec (of wall-clock time) 0.000246 sec (of CPU time)
Log-likelihood of RapidNJ tree: -2446.327
--------------------------------------------------------------------
|             INITIALIZING CANDIDATE TREE SET                      |
--------------------------------------------------------------------
Generating 98 parsimony trees... 0.123 second
Computing log-likelihood of 98 initial trees ... 0.189 seconds
Current best score: -2443.729

Do NNI search on 20 best initial trees
Estimate model parameters (epsilon = 0.100)
BETTER TREE FOUND at iteration 1: -2436.630
BETTER TREE FOUND at iteration 2: -2436.630
UPDATE BEST LOG-LIKELIHOOD: -2436.630
Estimate model parameters (epsilon = 0.100)
BETTER TREE FOUND at iteration 4: -2433.786
UPDATE BEST LOG-LIKELIHOOD: -2433.784
Iteration 10 / LogL: -2437.066 / Time: 0h:0m:0s
BETTER TREE FOUND at iteration 19: -2433.784
Iteration 20 / LogL: -2437.875 / Time: 0h:0m:1s
Finish initializing candidate tree set (10)
Current best tree score: -2433.784 / CPU time: 1.185
Number of iterations: 20
--------------------------------------------------------------------
|               OPTIMIZING CANDIDATE TREE SET                      |
--------------------------------------------------------------------
UPDATE BEST LOG-LIKELIHOOD: -2433.784
Iteration 30 / LogL: -2433.784 / Time: 0h:0m:1s (0h:0m:5s left)
Iteration 40 / LogL: -2433.784 / Time: 0h:0m:2s (0h:0m:4s left)
Iteration 50 / LogL: -2434.188 / Time: 0h:0m:2s (0h:0m:3s left)
Estimate model parameters (epsilon = 0.100)
BETTER TREE FOUND at iteration 55: -2433.355
Iteration 60 / LogL: -2434.143 / Time: 0h:0m:2s (0h:0m:4s left)
BETTER TREE FOUND at iteration 61: -2433.347
UPDATE BEST LOG-LIKELIHOOD: -2433.347
Iteration 70 / LogL: -2433.347 / Time: 0h:0m:3s (0h:0m:4s left)
Iteration 80 / LogL: -2433.347 / Time: 0h:0m:3s (0h:0m:3s left)
UPDATE BEST LOG-LIKELIHOOD: -2433.347
Iteration 90 / LogL: -2433.347 / Time: 0h:0m:4s (0h:0m:3s left)
Iteration 100 / LogL: -2433.347 / Time: 0h:0m:4s (0h:0m:2s left)
Iteration 110 / LogL: -2433.347 / Time: 0h:0m:4s (0h:0m:2s left)
UPDATE BEST LOG-LIKELIHOOD: -2433.347
Iteration 120 / LogL: -2433.612 / Time: 0h:0m:5s (0h:0m:1s left)
Iteration 130 / LogL: -2433.347 / Time: 0h:0m:5s (0h:0m:1s left)
Iteration 140 / LogL: -2433.347 / Time: 0h:0m:6s (0h:0m:0s left)
Iteration 150 / LogL: -2433.702 / Time: 0h:0m:6s (0h:0m:0s left)
Iteration 160 / LogL: -2433.347 / Time: 0h:0m:7s (0h:0m:0s left)
TREE SEARCH COMPLETED AFTER 162 ITERATIONS / Time: 0h:0m:7s

--------------------------------------------------------------------
|                    FINALIZING TREE SEARCH                        |
--------------------------------------------------------------------
Performs final model parameters optimization
Estimate model parameters (epsilon = 0.010)
1. Initial log-likelihood: -2433.347
Optimal log-likelihood: -2433.345
Rate parameters:  A-C: 1.08224  A-G: 3.43162  A-T: 1.12403  C-G: 1.49242  C-T: 1.99128  G-T: 1.00000
Base frequencies:  A: 0.293  C: 0.211  G: 0.166  T: 0.330
Gamma shape alpha: 0.204
Parameters optimization took 1 rounds (0.007 sec)
BEST SCORE FOUND : -2433.345

Testing tree branches by aBayes parametric test...
0.007 sec.
Total tree length: 7.502

Total number of iterations: 162
CPU time used for tree search: 6.848 sec (0h:0m:6s)
Wall-clock time used for tree search: 7.118 sec (0h:0m:7s)
Total CPU time used: 6.922 sec (0h:0m:6s)
Total wall-clock time used: 7.194 sec (0h:0m:7s)

Analysis results written to: 
  IQ-TREE report:                /home/mis/CSE6406-project/work/paper_subset_50x10_L200/ils_high/replicate_08/estimated_gene_trees/L200/gtr_g4/locus_0026.iqtree
  Maximum-likelihood tree:       /home/mis/CSE6406-project/work/paper_subset_50x10_L200/ils_high/replicate_08/estimated_gene_trees/L200/gtr_g4/locus_0026.treefile
  Likelihood distances:          /home/mis/CSE6406-project/work/paper_subset_50x10_L200/ils_high/replicate_08/estimated_gene_trees/L200/gtr_g4/locus_0026.mldist
  Screen log file:               /home/mis/CSE6406-project/work/paper_subset_50x10_L200/ils_high/replicate_08/estimated_gene_trees/L200/gtr_g4/locus_0026.log

Date and Time: Sat Sep 12 21:45:39 2026
