IQ-TREE multicore version 2.4.0 for Linux x86 64-bit built Feb 12 2025
Developed by Bui Quang Minh, Nguyen Lam Tung, Olga Chernomor, Heiko Schmidt,
Dominik Schrempf, Michael Woodhams, Ly Trong Nhan, Thomas Wong

Host:    ezmata (AVX2, FMA3, 15 GB RAM)
Command: /home/mis/miniconda3/envs/cse6406/bin/iqtree2 -s /home/mis/CSE6406-project/work/paper_subset_50x10_L200/ils_high/replicate_08/alignments/L200/locus_0037.phy -m GTR+G4 --abayes -T 1 --seed 7206038 --prefix /home/mis/CSE6406-project/work/paper_subset_50x10_L200/ils_high/replicate_08/estimated_gene_trees/L200/gtr_g4/locus_0037 --redo --quiet
Seed:    7206038 (Using SPRNG - Scalable Parallel Random Number Generator)
Time:    Sat Sep 12 21:45:36 2026
Kernel:  AVX+FMA - 1 threads (16 CPU cores detected)

HINT: Use -nt option to specify number of threads because your CPU has 16 cores!
HINT: -nt AUTO will automatically determine the best number of threads to use.

Reading alignment file /home/mis/CSE6406-project/work/paper_subset_50x10_L200/ils_high/replicate_08/alignments/L200/locus_0037.phy ... Phylip format detected
Alignment most likely contains DNA/RNA sequences
Alignment has 21 sequences with 200 columns, 108 distinct patterns
87 parsimony-informative, 17 singleton sites, 96 constant sites
        Gap/Ambiguity  Composition  p-value
Analyzing sequences: done in 1.393e-05 secs using 57.43% CPU
   1  14_0_0    0.00%    passed     59.70%
   2  4_0_0     0.00%    passed     96.54%
   3  6_0_0     0.00%    passed     95.91%
   4  9_0_0     0.00%    passed     84.62%
   5  5_0_0     0.00%    passed     31.68%
   6  13_0_0    0.00%    passed     86.85%
   7  11_0_0    0.00%    passed     63.37%
   8  10_0_0    0.00%    passed     98.90%
   9  1_0_0     0.00%    passed     44.33%
  10  2_0_0     0.00%    passed     99.91%
  11  20_0_0    0.00%    passed     55.27%
  12  19_0_0    0.00%    passed     82.97%
  13  17_0_0    0.00%    passed     97.90%
  14  18_0_0    0.00%    passed     64.35%
  15  15_0_0    0.00%    passed     75.37%
  16  8_0_0     0.00%    passed     63.97%
  17  3_0_0     0.00%    passed     89.30%
  18  7_0_0     0.00%    passed     67.17%
  19  12_0_0    0.00%    passed     80.37%
  20  16_0_0    0.00%    passed     88.73%
  21  0_0_0     0.00%    passed     24.51%
****  TOTAL     0.00%  0 sequences failed composition chi2 test (p-value<5%; df=3)

Create initial parsimony tree by phylogenetic likelihood library (PLL)... 0.001 seconds

NOTE: 0 MB RAM (0 GB) is required!
Estimate model parameters (epsilon = 0.100)
1. Initial log-likelihood: -2625.716
2. Current log-likelihood: -2491.567
3. Current log-likelihood: -2480.302
4. Current log-likelihood: -2479.390
5. Current log-likelihood: -2479.211
Optimal log-likelihood: -2479.120
Rate parameters:  A-C: 1.41724  A-G: 1.60790  A-T: 1.16648  C-G: 2.14612  C-T: 1.73089  G-T: 1.00000
Base frequencies:  A: 0.319  C: 0.158  G: 0.181  T: 0.342
Gamma shape alpha: 0.212
Parameters optimization took 5 rounds (0.054 sec)
Wrote distance file to... 
Computing ML distances based on estimated model parameters...
Calculating distance matrix: done in 0.00271721 secs using 99.96% CPU
Computing ML distances took 0.002772 sec (of wall-clock time) 0.002778 sec (of CPU time)
Setting up auxiliary I and S matrices: done in 6.5318e-05 secs using 99.51% CPU
Computing RapidNJ tree took 0.000253 sec (of wall-clock time) 0.000414 sec (of CPU time)
Log-likelihood of RapidNJ tree: -2458.173
--------------------------------------------------------------------
|             INITIALIZING CANDIDATE TREE SET                      |
--------------------------------------------------------------------
Generating 98 parsimony trees... 0.124 second
Computing log-likelihood of 98 initial trees ... 0.192 seconds
Current best score: -2458.156

Do NNI search on 20 best initial trees
Estimate model parameters (epsilon = 0.100)
BETTER TREE FOUND at iteration 1: -2438.295
BETTER TREE FOUND at iteration 3: -2438.287
Estimate model parameters (epsilon = 0.100)
BETTER TREE FOUND at iteration 4: -2433.137
Iteration 10 / LogL: -2439.562 / Time: 0h:0m:1s
Iteration 20 / LogL: -2446.213 / Time: 0h:0m:1s
Finish initializing candidate tree set (11)
Current best tree score: -2433.137 / CPU time: 1.576
Number of iterations: 20
--------------------------------------------------------------------
|               OPTIMIZING CANDIDATE TREE SET                      |
--------------------------------------------------------------------
BETTER TREE FOUND at iteration 21: -2433.136
UPDATE BEST LOG-LIKELIHOOD: -2433.136
UPDATE BEST LOG-LIKELIHOOD: -2433.136
Iteration 30 / LogL: -2433.136 / Time: 0h:0m:2s (0h:0m:6s left)
Iteration 40 / LogL: -2433.136 / Time: 0h:0m:2s (0h:0m:5s left)
Iteration 50 / LogL: -2433.136 / Time: 0h:0m:3s (0h:0m:4s left)
Iteration 60 / LogL: -2438.756 / Time: 0h:0m:3s (0h:0m:3s left)
Iteration 70 / LogL: -2433.136 / Time: 0h:0m:4s (0h:0m:3s left)
Iteration 80 / LogL: -2433.136 / Time: 0h:0m:4s (0h:0m:2s left)
UPDATE BEST LOG-LIKELIHOOD: -2433.136
Iteration 90 / LogL: -2433.136 / Time: 0h:0m:5s (0h:0m:1s left)
Iteration 100 / LogL: -2433.137 / Time: 0h:0m:5s (0h:0m:1s left)
Iteration 110 / LogL: -2433.136 / Time: 0h:0m:6s (0h:0m:0s left)
Iteration 120 / LogL: -2439.571 / Time: 0h:0m:7s (0h:0m:0s left)
TREE SEARCH COMPLETED AFTER 122 ITERATIONS / Time: 0h:0m:7s

--------------------------------------------------------------------
|                    FINALIZING TREE SEARCH                        |
--------------------------------------------------------------------
Performs final model parameters optimization
Estimate model parameters (epsilon = 0.010)
1. Initial log-likelihood: -2433.136
Optimal log-likelihood: -2433.135
Rate parameters:  A-C: 1.55046  A-G: 2.16673  A-T: 1.51114  C-G: 2.38608  C-T: 2.15840  G-T: 1.00000
Base frequencies:  A: 0.319  C: 0.158  G: 0.181  T: 0.342
Gamma shape alpha: 0.191
Parameters optimization took 1 rounds (0.005 sec)
BEST SCORE FOUND : -2433.135

Testing tree branches by aBayes parametric test...
0.007 sec.
Total tree length: 8.962

Total number of iterations: 122
CPU time used for tree search: 6.827 sec (0h:0m:6s)
Wall-clock time used for tree search: 7.097 sec (0h:0m:7s)
Total CPU time used: 6.919 sec (0h:0m:6s)
Total wall-clock time used: 7.190 sec (0h:0m:7s)

Analysis results written to: 
  IQ-TREE report:                /home/mis/CSE6406-project/work/paper_subset_50x10_L200/ils_high/replicate_08/estimated_gene_trees/L200/gtr_g4/locus_0037.iqtree
  Maximum-likelihood tree:       /home/mis/CSE6406-project/work/paper_subset_50x10_L200/ils_high/replicate_08/estimated_gene_trees/L200/gtr_g4/locus_0037.treefile
  Likelihood distances:          /home/mis/CSE6406-project/work/paper_subset_50x10_L200/ils_high/replicate_08/estimated_gene_trees/L200/gtr_g4/locus_0037.mldist
  Screen log file:               /home/mis/CSE6406-project/work/paper_subset_50x10_L200/ils_high/replicate_08/estimated_gene_trees/L200/gtr_g4/locus_0037.log

Date and Time: Sat Sep 12 21:45:43 2026
