IQ-TREE multicore version 2.4.0 for Linux x86 64-bit built Feb 12 2025
Developed by Bui Quang Minh, Nguyen Lam Tung, Olga Chernomor, Heiko Schmidt,
Dominik Schrempf, Michael Woodhams, Ly Trong Nhan, Thomas Wong

Host:    ezmata (AVX2, FMA3, 15 GB RAM)
Command: /home/mis/miniconda3/envs/cse6406/bin/iqtree2 -s /home/mis/CSE6406-project/work/paper_subset_50x10_L200/ils_high/replicate_08/alignments/L200/locus_0035.phy -m GTR+G4 --abayes -T 1 --seed 7206036 --prefix /home/mis/CSE6406-project/work/paper_subset_50x10_L200/ils_high/replicate_08/estimated_gene_trees/L200/gtr_g4/locus_0035 --redo --quiet
Seed:    7206036 (Using SPRNG - Scalable Parallel Random Number Generator)
Time:    Sat Sep 12 21:45:36 2026
Kernel:  AVX+FMA - 1 threads (16 CPU cores detected)

HINT: Use -nt option to specify number of threads because your CPU has 16 cores!
HINT: -nt AUTO will automatically determine the best number of threads to use.

Reading alignment file /home/mis/CSE6406-project/work/paper_subset_50x10_L200/ils_high/replicate_08/alignments/L200/locus_0035.phy ... Phylip format detected
Alignment most likely contains DNA/RNA sequences
Alignment has 21 sequences with 200 columns, 118 distinct patterns
95 parsimony-informative, 20 singleton sites, 85 constant sites
        Gap/Ambiguity  Composition  p-value
Analyzing sequences: done in 1.8264e-05 secs using 32.85% CPU
   1  6_0_0     0.00%    passed     81.65%
   2  4_0_0     0.00%    passed     87.59%
   3  14_0_0    0.00%    passed     91.14%
   4  11_0_0    0.00%    passed     67.60%
   5  1_0_0     0.00%    passed     73.80%
   6  9_0_0     0.00%    passed     74.28%
   7  13_0_0    0.00%    passed     19.03%
   8  5_0_0     0.00%    passed     84.15%
   9  18_0_0    0.00%    passed     99.51%
  10  19_0_0    0.00%    passed     96.89%
  11  17_0_0    0.00%    passed     86.76%
  12  3_0_0     0.00%    passed     96.58%
  13  15_0_0    0.00%    passed     16.21%
  14  7_0_0     0.00%    passed     88.20%
  15  8_0_0     0.00%    passed     90.64%
  16  10_0_0    0.00%    passed     96.04%
  17  16_0_0    0.00%    passed     91.90%
  18  2_0_0     0.00%    passed     92.56%
  19  20_0_0    0.00%    passed     98.96%
  20  12_0_0    0.00%    passed     66.15%
  21  0_0_0     0.00%    passed     68.18%
****  TOTAL     0.00%  0 sequences failed composition chi2 test (p-value<5%; df=3)

Create initial parsimony tree by phylogenetic likelihood library (PLL)... 0.001 seconds

NOTE: 0 MB RAM (0 GB) is required!
Estimate model parameters (epsilon = 0.100)
1. Initial log-likelihood: -2743.175
2. Current log-likelihood: -2596.597
3. Current log-likelihood: -2573.476
4. Current log-likelihood: -2570.384
5. Current log-likelihood: -2569.701
6. Current log-likelihood: -2569.592
Optimal log-likelihood: -2569.509
Rate parameters:  A-C: 1.88934  A-G: 2.77294  A-T: 1.34793  C-G: 1.54627  C-T: 3.80634  G-T: 1.00000
Base frequencies:  A: 0.285  C: 0.167  G: 0.220  T: 0.328
Gamma shape alpha: 0.177
Parameters optimization took 6 rounds (0.080 sec)
Wrote distance file to... 
Computing ML distances based on estimated model parameters...
Calculating distance matrix: done in 0.00391743 secs using 99.96% CPU
Computing ML distances took 0.003974 sec (of wall-clock time) 0.003978 sec (of CPU time)
Setting up auxiliary I and S matrices: done in 6.4021e-05 secs using 98.41% CPU
Computing RapidNJ tree took 0.000240 sec (of wall-clock time) 0.000443 sec (of CPU time)
Log-likelihood of RapidNJ tree: -2583.339
--------------------------------------------------------------------
|             INITIALIZING CANDIDATE TREE SET                      |
--------------------------------------------------------------------
Generating 98 parsimony trees... 0.142 second
Computing log-likelihood of 98 initial trees ... 0.211 seconds
Current best score: -2569.509

Do NNI search on 20 best initial trees
Estimate model parameters (epsilon = 0.100)
BETTER TREE FOUND at iteration 1: -2568.577
Estimate model parameters (epsilon = 0.100)
BETTER TREE FOUND at iteration 2: -2565.946
Estimate model parameters (epsilon = 0.100)
BETTER TREE FOUND at iteration 3: -2564.637
UPDATE BEST LOG-LIKELIHOOD: -2564.637
Iteration 10 / LogL: -2565.129 / Time: 0h:0m:0s
Estimate model parameters (epsilon = 0.100)
BETTER TREE FOUND at iteration 20: -2564.338
Iteration 20 / LogL: -2564.338 / Time: 0h:0m:1s
Finish initializing candidate tree set (10)
Current best tree score: -2564.338 / CPU time: 1.265
Number of iterations: 20
--------------------------------------------------------------------
|               OPTIMIZING CANDIDATE TREE SET                      |
--------------------------------------------------------------------
Estimate model parameters (epsilon = 0.100)
BETTER TREE FOUND at iteration 22: -2564.211
UPDATE BEST LOG-LIKELIHOOD: -2564.210
Iteration 30 / LogL: -2564.210 / Time: 0h:0m:1s (0h:0m:5s left)
UPDATE BEST LOG-LIKELIHOOD: -2564.210
Iteration 40 / LogL: -2564.210 / Time: 0h:0m:2s (0h:0m:4s left)
Iteration 50 / LogL: -2564.212 / Time: 0h:0m:2s (0h:0m:4s left)
UPDATE BEST LOG-LIKELIHOOD: -2564.210
Iteration 60 / LogL: -2564.211 / Time: 0h:0m:3s (0h:0m:3s left)
Iteration 70 / LogL: -2564.678 / Time: 0h:0m:3s (0h:0m:2s left)
UPDATE BEST LOG-LIKELIHOOD: -2564.210
Iteration 80 / LogL: -2564.341 / Time: 0h:0m:4s (0h:0m:2s left)
Iteration 90 / LogL: -2564.340 / Time: 0h:0m:4s (0h:0m:1s left)
Iteration 100 / LogL: -2564.214 / Time: 0h:0m:5s (0h:0m:1s left)
Iteration 110 / LogL: -2564.214 / Time: 0h:0m:6s (0h:0m:0s left)
Iteration 120 / LogL: -2564.342 / Time: 0h:0m:6s (0h:0m:0s left)
TREE SEARCH COMPLETED AFTER 123 ITERATIONS / Time: 0h:0m:6s

--------------------------------------------------------------------
|                    FINALIZING TREE SEARCH                        |
--------------------------------------------------------------------
Performs final model parameters optimization
Estimate model parameters (epsilon = 0.010)
1. Initial log-likelihood: -2564.210
Optimal log-likelihood: -2564.209
Rate parameters:  A-C: 1.84746  A-G: 2.66366  A-T: 1.20575  C-G: 1.53179  C-T: 3.84433  G-T: 1.00000
Base frequencies:  A: 0.285  C: 0.167  G: 0.220  T: 0.328
Gamma shape alpha: 0.174
Parameters optimization took 1 rounds (0.007 sec)
BEST SCORE FOUND : -2564.209

Testing tree branches by aBayes parametric test...
0.008 sec.
Total tree length: 15.090

Total number of iterations: 123
CPU time used for tree search: 6.413 sec (0h:0m:6s)
Wall-clock time used for tree search: 6.658 sec (0h:0m:6s)
Total CPU time used: 6.535 sec (0h:0m:6s)
Total wall-clock time used: 6.780 sec (0h:0m:6s)

Analysis results written to: 
  IQ-TREE report:                /home/mis/CSE6406-project/work/paper_subset_50x10_L200/ils_high/replicate_08/estimated_gene_trees/L200/gtr_g4/locus_0035.iqtree
  Maximum-likelihood tree:       /home/mis/CSE6406-project/work/paper_subset_50x10_L200/ils_high/replicate_08/estimated_gene_trees/L200/gtr_g4/locus_0035.treefile
  Likelihood distances:          /home/mis/CSE6406-project/work/paper_subset_50x10_L200/ils_high/replicate_08/estimated_gene_trees/L200/gtr_g4/locus_0035.mldist
  Screen log file:               /home/mis/CSE6406-project/work/paper_subset_50x10_L200/ils_high/replicate_08/estimated_gene_trees/L200/gtr_g4/locus_0035.log

Date and Time: Sat Sep 12 21:45:43 2026
