IQ-TREE multicore version 2.4.0 for Linux x86 64-bit built Feb 12 2025
Developed by Bui Quang Minh, Nguyen Lam Tung, Olga Chernomor, Heiko Schmidt,
Dominik Schrempf, Michael Woodhams, Ly Trong Nhan, Thomas Wong

Host:    ezmata (AVX2, FMA3, 15 GB RAM)
Command: /home/mis/miniconda3/envs/cse6406/bin/iqtree2 -s /home/mis/CSE6406-project/work/paper_subset_50x10_L200/ils_high/replicate_08/alignments/L200/locus_0015.phy -m GTR+G4 --abayes -T 1 --seed 7206016 --prefix /home/mis/CSE6406-project/work/paper_subset_50x10_L200/ils_high/replicate_08/estimated_gene_trees/L200/gtr_g4/locus_0015 --redo --quiet
Seed:    7206016 (Using SPRNG - Scalable Parallel Random Number Generator)
Time:    Sat Sep 12 21:45:27 2026
Kernel:  AVX+FMA - 1 threads (16 CPU cores detected)

HINT: Use -nt option to specify number of threads because your CPU has 16 cores!
HINT: -nt AUTO will automatically determine the best number of threads to use.

Reading alignment file /home/mis/CSE6406-project/work/paper_subset_50x10_L200/ils_high/replicate_08/alignments/L200/locus_0015.phy ... Phylip format detected
Alignment most likely contains DNA/RNA sequences
Alignment has 21 sequences with 200 columns, 106 distinct patterns
82 parsimony-informative, 22 singleton sites, 96 constant sites
        Gap/Ambiguity  Composition  p-value
Analyzing sequences: done in 9.586e-06 secs using 52.16% CPU
   1  0_0_0     0.00%    passed     97.87%
   2  7_0_0     0.00%    passed     61.15%
   3  3_0_0     0.00%    passed     81.90%
   4  19_0_0    0.00%    passed     57.92%
   5  17_0_0    0.00%    passed     53.30%
   6  18_0_0    0.00%    passed     93.86%
   7  20_0_0    0.00%    passed     91.93%
   8  8_0_0     0.00%    passed     69.92%
   9  2_0_0     0.00%    passed     72.03%
  10  15_0_0    0.00%    passed     73.25%
  11  12_0_0    0.00%    passed    100.00%
  12  16_0_0    0.00%    passed     79.95%
  13  14_0_0    0.00%    passed     39.26%
  14  4_0_0     0.00%    passed     63.65%
  15  6_0_0     0.00%    passed     87.94%
  16  5_0_0     0.00%    passed     85.40%
  17  13_0_0    0.00%    passed     66.78%
  18  11_0_0    0.00%    passed     89.98%
  19  10_0_0    0.00%    passed     70.46%
  20  9_0_0     0.00%    passed     86.78%
  21  1_0_0     0.00%    passed     87.62%
****  TOTAL     0.00%  0 sequences failed composition chi2 test (p-value<5%; df=3)

Create initial parsimony tree by phylogenetic likelihood library (PLL)... 0.001 seconds

NOTE: 0 MB RAM (0 GB) is required!
Estimate model parameters (epsilon = 0.100)
1. Initial log-likelihood: -2459.473
2. Current log-likelihood: -2303.118
3. Current log-likelihood: -2286.429
4. Current log-likelihood: -2285.121
5. Current log-likelihood: -2284.953
Optimal log-likelihood: -2284.916
Rate parameters:  A-C: 0.84742  A-G: 2.70663  A-T: 1.23762  C-G: 0.42316  C-T: 1.72704  G-T: 1.00000
Base frequencies:  A: 0.279  C: 0.205  G: 0.200  T: 0.315
Gamma shape alpha: 0.182
Parameters optimization took 5 rounds (0.031 sec)
Wrote distance file to... 
Computing ML distances based on estimated model parameters...
Calculating distance matrix: done in 0.00199242 secs using 99.98% CPU
Computing ML distances took 0.002027 sec (of wall-clock time) 0.002028 sec (of CPU time)
Setting up auxiliary I and S matrices: done in 6.0243e-05 secs using 97.94% CPU
Computing RapidNJ tree took 0.000237 sec (of wall-clock time) 0.000236 sec (of CPU time)
Log-likelihood of RapidNJ tree: -2278.749
--------------------------------------------------------------------
|             INITIALIZING CANDIDATE TREE SET                      |
--------------------------------------------------------------------
Generating 98 parsimony trees... 0.088 second
Computing log-likelihood of 98 initial trees ... 0.108 seconds
Current best score: -2277.745

Do NNI search on 20 best initial trees
Estimate model parameters (epsilon = 0.100)
BETTER TREE FOUND at iteration 1: -2267.067
Estimate model parameters (epsilon = 0.100)
BETTER TREE FOUND at iteration 2: -2266.509
Estimate model parameters (epsilon = 0.100)
BETTER TREE FOUND at iteration 3: -2266.203
Iteration 10 / LogL: -2267.159 / Time: 0h:0m:0s
Iteration 20 / LogL: -2267.548 / Time: 0h:0m:0s
Finish initializing candidate tree set (19)
Current best tree score: -2266.203 / CPU time: 0.810
Number of iterations: 20
--------------------------------------------------------------------
|               OPTIMIZING CANDIDATE TREE SET                      |
--------------------------------------------------------------------
BETTER TREE FOUND at iteration 24: -2266.203
BETTER TREE FOUND at iteration 26: -2266.203
Iteration 30 / LogL: -2266.623 / Time: 0h:0m:1s (0h:0m:3s left)
UPDATE BEST LOG-LIKELIHOOD: -2266.203
Estimate model parameters (epsilon = 0.100)
BETTER TREE FOUND at iteration 33: -2265.441
BETTER TREE FOUND at iteration 35: -2265.440
Iteration 40 / LogL: -2265.441 / Time: 0h:0m:1s (0h:0m:3s left)
UPDATE BEST LOG-LIKELIHOOD: -2265.440
UPDATE BEST LOG-LIKELIHOOD: -2265.440
Iteration 50 / LogL: -2265.875 / Time: 0h:0m:1s (0h:0m:2s left)
Iteration 60 / LogL: -2265.440 / Time: 0h:0m:1s (0h:0m:2s left)
UPDATE BEST LOG-LIKELIHOOD: -2265.440
Iteration 70 / LogL: -2265.884 / Time: 0h:0m:1s (0h:0m:1s left)
UPDATE BEST LOG-LIKELIHOOD: -2265.440
UPDATE BEST LOG-LIKELIHOOD: -2265.440
Iteration 80 / LogL: -2266.219 / Time: 0h:0m:2s (0h:0m:1s left)
UPDATE BEST LOG-LIKELIHOOD: -2265.440
Iteration 90 / LogL: -2265.440 / Time: 0h:0m:2s (0h:0m:1s left)
Iteration 100 / LogL: -2265.440 / Time: 0h:0m:2s (0h:0m:0s left)
Iteration 110 / LogL: -2265.440 / Time: 0h:0m:2s (0h:0m:0s left)
Iteration 120 / LogL: -2265.440 / Time: 0h:0m:2s (0h:0m:0s left)
UPDATE BEST LOG-LIKELIHOOD: -2265.440
Iteration 130 / LogL: -2265.440 / Time: 0h:0m:3s (0h:0m:0s left)
TREE SEARCH COMPLETED AFTER 136 ITERATIONS / Time: 0h:0m:3s

--------------------------------------------------------------------
|                    FINALIZING TREE SEARCH                        |
--------------------------------------------------------------------
Performs final model parameters optimization
Estimate model parameters (epsilon = 0.010)
1. Initial log-likelihood: -2265.440
Optimal log-likelihood: -2265.438
Rate parameters:  A-C: 0.52457  A-G: 2.46241  A-T: 1.09122  C-G: 0.43577  C-T: 1.81671  G-T: 1.00000
Base frequencies:  A: 0.279  C: 0.205  G: 0.200  T: 0.315
Gamma shape alpha: 0.167
Parameters optimization took 1 rounds (0.003 sec)
BEST SCORE FOUND : -2265.438

Testing tree branches by aBayes parametric test...
0.003 sec.
Total tree length: 11.847

Total number of iterations: 136
CPU time used for tree search: 2.917 sec (0h:0m:2s)
Wall-clock time used for tree search: 3.083 sec (0h:0m:3s)
Total CPU time used: 2.970 sec (0h:0m:2s)
Total wall-clock time used: 3.136 sec (0h:0m:3s)

Analysis results written to: 
  IQ-TREE report:                /home/mis/CSE6406-project/work/paper_subset_50x10_L200/ils_high/replicate_08/estimated_gene_trees/L200/gtr_g4/locus_0015.iqtree
  Maximum-likelihood tree:       /home/mis/CSE6406-project/work/paper_subset_50x10_L200/ils_high/replicate_08/estimated_gene_trees/L200/gtr_g4/locus_0015.treefile
  Likelihood distances:          /home/mis/CSE6406-project/work/paper_subset_50x10_L200/ils_high/replicate_08/estimated_gene_trees/L200/gtr_g4/locus_0015.mldist
  Screen log file:               /home/mis/CSE6406-project/work/paper_subset_50x10_L200/ils_high/replicate_08/estimated_gene_trees/L200/gtr_g4/locus_0015.log

Date and Time: Sat Sep 12 21:45:30 2026
