IQ-TREE multicore version 2.4.0 for Linux x86 64-bit built Feb 12 2025
Developed by Bui Quang Minh, Nguyen Lam Tung, Olga Chernomor, Heiko Schmidt,
Dominik Schrempf, Michael Woodhams, Ly Trong Nhan, Thomas Wong

Host:    ezmata (AVX2, FMA3, 15 GB RAM)
Command: /home/mis/miniconda3/envs/cse6406/bin/iqtree2 -s /home/mis/CSE6406-project/work/paper_subset_50x10_L200/ils_high/replicate_08/alignments/L200/locus_0047.phy -m GTR+G4 --abayes -T 1 --seed 7206048 --prefix /home/mis/CSE6406-project/work/paper_subset_50x10_L200/ils_high/replicate_08/estimated_gene_trees/L200/gtr_g4/locus_0047 --redo --quiet
Seed:    7206048 (Using SPRNG - Scalable Parallel Random Number Generator)
Time:    Sat Sep 12 21:45:40 2026
Kernel:  AVX+FMA - 1 threads (16 CPU cores detected)

HINT: Use -nt option to specify number of threads because your CPU has 16 cores!
HINT: -nt AUTO will automatically determine the best number of threads to use.

Reading alignment file /home/mis/CSE6406-project/work/paper_subset_50x10_L200/ils_high/replicate_08/alignments/L200/locus_0047.phy ... Phylip format detected
Alignment most likely contains DNA/RNA sequences
Alignment has 21 sequences with 200 columns, 121 distinct patterns
100 parsimony-informative, 19 singleton sites, 81 constant sites
        Gap/Ambiguity  Composition  p-value
Analyzing sequences: done in 9.818e-06 secs
   1  0_0_0     0.00%    passed     86.03%
   2  1_0_0     0.00%    passed     94.79%
   3  15_0_0    0.00%    passed     54.51%
   4  19_0_0    0.00%    passed     88.67%
   5  18_0_0    0.00%    passed     92.97%
   6  16_0_0    0.00%    passed     86.06%
   7  12_0_0    0.00%    passed     91.56%
   8  17_0_0    0.00%    passed     62.32%
   9  2_0_0     0.00%    passed     94.24%
  10  3_0_0     0.00%    passed     74.87%
  11  6_0_0     0.00%    passed     83.53%
  12  14_0_0    0.00%    passed     68.94%
  13  4_0_0     0.00%    passed     99.85%
  14  5_0_0     0.00%    passed     66.92%
  15  13_0_0    0.00%    passed     99.07%
  16  11_0_0    0.00%    passed     96.58%
  17  9_0_0     0.00%    passed     22.84%
  18  10_0_0    0.00%    passed     77.48%
  19  20_0_0    0.00%    passed     86.47%
  20  8_0_0     0.00%    passed     85.14%
  21  7_0_0     0.00%    passed     77.22%
****  TOTAL     0.00%  0 sequences failed composition chi2 test (p-value<5%; df=3)

Create initial parsimony tree by phylogenetic likelihood library (PLL)... 0.001 seconds

NOTE: 0 MB RAM (0 GB) is required!
Estimate model parameters (epsilon = 0.100)
1. Initial log-likelihood: -2653.786
2. Current log-likelihood: -2539.191
3. Current log-likelihood: -2526.941
4. Current log-likelihood: -2526.201
Optimal log-likelihood: -2526.107
Rate parameters:  A-C: 0.80064  A-G: 2.44359  A-T: 1.05652  C-G: 0.87683  C-T: 1.60724  G-T: 1.00000
Base frequencies:  A: 0.279  C: 0.199  G: 0.225  T: 0.297
Gamma shape alpha: 0.229
Parameters optimization took 4 rounds (0.026 sec)
Wrote distance file to... 
Computing ML distances based on estimated model parameters...
Calculating distance matrix: done in 0.00206551 secs using 99.06% CPU
Computing ML distances took 0.002097 sec (of wall-clock time) 0.002077 sec (of CPU time)
Setting up auxiliary I and S matrices: done in 5.6832e-05 secs using 98.54% CPU
Computing RapidNJ tree took 0.000225 sec (of wall-clock time) 0.000224 sec (of CPU time)
Log-likelihood of RapidNJ tree: -2520.836
--------------------------------------------------------------------
|             INITIALIZING CANDIDATE TREE SET                      |
--------------------------------------------------------------------
Generating 98 parsimony trees... 0.106 second
Computing log-likelihood of 98 initial trees ... 0.122 seconds
Current best score: -2520.836

Do NNI search on 20 best initial trees
Estimate model parameters (epsilon = 0.100)
BETTER TREE FOUND at iteration 1: -2515.809
Iteration 10 / LogL: -2515.898 / Time: 0h:0m:0s
Iteration 20 / LogL: -2532.689 / Time: 0h:0m:0s
Finish initializing candidate tree set (7)
Current best tree score: -2515.809 / CPU time: 0.724
Number of iterations: 20
--------------------------------------------------------------------
|               OPTIMIZING CANDIDATE TREE SET                      |
--------------------------------------------------------------------
Iteration 30 / LogL: -2515.817 / Time: 0h:0m:1s (0h:0m:2s left)
Estimate model parameters (epsilon = 0.100)
UPDATE BEST LOG-LIKELIHOOD: -2515.645
Iteration 40 / LogL: -2515.975 / Time: 0h:0m:1s (0h:0m:2s left)
Iteration 50 / LogL: -2515.718 / Time: 0h:0m:1s (0h:0m:1s left)
Iteration 60 / LogL: -2515.886 / Time: 0h:0m:2s (0h:0m:1s left)
Iteration 70 / LogL: -2517.167 / Time: 0h:0m:2s (0h:0m:1s left)
Iteration 80 / LogL: -2517.166 / Time: 0h:0m:2s (0h:0m:0s left)
Iteration 90 / LogL: -2515.914 / Time: 0h:0m:3s (0h:0m:0s left)
Iteration 100 / LogL: -2517.227 / Time: 0h:0m:3s (0h:0m:0s left)
TREE SEARCH COMPLETED AFTER 102 ITERATIONS / Time: 0h:0m:3s

--------------------------------------------------------------------
|                    FINALIZING TREE SEARCH                        |
--------------------------------------------------------------------
Performs final model parameters optimization
Estimate model parameters (epsilon = 0.010)
1. Initial log-likelihood: -2515.645
Optimal log-likelihood: -2515.640
Rate parameters:  A-C: 0.90012  A-G: 2.44664  A-T: 1.17858  C-G: 0.78696  C-T: 1.70666  G-T: 1.00000
Base frequencies:  A: 0.279  C: 0.199  G: 0.225  T: 0.297
Gamma shape alpha: 0.222
Parameters optimization took 1 rounds (0.006 sec)
BEST SCORE FOUND : -2515.640

Testing tree branches by aBayes parametric test...
0.007 sec.
Total tree length: 9.724

Total number of iterations: 102
CPU time used for tree search: 3.538 sec (0h:0m:3s)
Wall-clock time used for tree search: 3.677 sec (0h:0m:3s)
Total CPU time used: 3.594 sec (0h:0m:3s)
Total wall-clock time used: 3.733 sec (0h:0m:3s)

Analysis results written to: 
  IQ-TREE report:                /home/mis/CSE6406-project/work/paper_subset_50x10_L200/ils_high/replicate_08/estimated_gene_trees/L200/gtr_g4/locus_0047.iqtree
  Maximum-likelihood tree:       /home/mis/CSE6406-project/work/paper_subset_50x10_L200/ils_high/replicate_08/estimated_gene_trees/L200/gtr_g4/locus_0047.treefile
  Likelihood distances:          /home/mis/CSE6406-project/work/paper_subset_50x10_L200/ils_high/replicate_08/estimated_gene_trees/L200/gtr_g4/locus_0047.mldist
  Screen log file:               /home/mis/CSE6406-project/work/paper_subset_50x10_L200/ils_high/replicate_08/estimated_gene_trees/L200/gtr_g4/locus_0047.log

Date and Time: Sat Sep 12 21:45:43 2026
