IQ-TREE multicore version 2.4.0 for Linux x86 64-bit built Feb 12 2025
Developed by Bui Quang Minh, Nguyen Lam Tung, Olga Chernomor, Heiko Schmidt,
Dominik Schrempf, Michael Woodhams, Ly Trong Nhan, Thomas Wong

Host:    ezmata (AVX2, FMA3, 15 GB RAM)
Command: /home/mis/miniconda3/envs/cse6406/bin/iqtree2 -s /home/mis/CSE6406-project/work/paper_subset_50x10_L200/ils_high/replicate_08/alignments/L200/locus_0023.phy -m GTR+G4 --abayes -T 1 --seed 7206024 --prefix /home/mis/CSE6406-project/work/paper_subset_50x10_L200/ils_high/replicate_08/estimated_gene_trees/L200/gtr_g4/locus_0023 --redo --quiet
Seed:    7206024 (Using SPRNG - Scalable Parallel Random Number Generator)
Time:    Sat Sep 12 21:45:30 2026
Kernel:  AVX+FMA - 1 threads (16 CPU cores detected)

HINT: Use -nt option to specify number of threads because your CPU has 16 cores!
HINT: -nt AUTO will automatically determine the best number of threads to use.

Reading alignment file /home/mis/CSE6406-project/work/paper_subset_50x10_L200/ils_high/replicate_08/alignments/L200/locus_0023.phy ... Phylip format detected
Alignment most likely contains DNA/RNA sequences
Alignment has 21 sequences with 200 columns, 108 distinct patterns
89 parsimony-informative, 16 singleton sites, 95 constant sites
        Gap/Ambiguity  Composition  p-value
Analyzing sequences: done in 9.26199e-06 secs
   1  19_0_0    0.00%    passed     77.39%
   2  2_0_0     0.00%    passed     86.30%
   3  18_0_0    0.00%    passed     92.62%
   4  15_0_0    0.00%    passed     80.68%
   5  7_0_0     0.00%    passed     79.66%
   6  4_0_0     0.00%    passed     93.32%
   7  6_0_0     0.00%    passed     95.34%
   8  14_0_0    0.00%    passed     98.74%
   9  10_0_0    0.00%    passed     80.12%
  10  1_0_0     0.00%    passed     89.38%
  11  3_0_0     0.00%    passed     61.32%
  12  8_0_0     0.00%    passed     88.28%
  13  17_0_0    0.00%    passed     97.84%
  14  20_0_0    0.00%    passed     98.88%
  15  16_0_0    0.00%    passed     97.83%
  16  12_0_0    0.00%    passed     98.17%
  17  9_0_0     0.00%    passed     77.60%
  18  13_0_0    0.00%    passed     98.26%
  19  11_0_0    0.00%    passed     96.67%
  20  5_0_0     0.00%    passed     95.41%
  21  0_0_0     0.00%    passed     64.35%
****  TOTAL     0.00%  0 sequences failed composition chi2 test (p-value<5%; df=3)

Create initial parsimony tree by phylogenetic likelihood library (PLL)... 0.001 seconds

NOTE: 0 MB RAM (0 GB) is required!
Estimate model parameters (epsilon = 0.100)
1. Initial log-likelihood: -2479.054
2. Current log-likelihood: -2325.180
3. Current log-likelihood: -2309.575
4. Current log-likelihood: -2307.194
5. Current log-likelihood: -2306.707
6. Current log-likelihood: -2306.586
Optimal log-likelihood: -2306.497
Rate parameters:  A-C: 1.78507  A-G: 2.73233  A-T: 1.11686  C-G: 1.11711  C-T: 2.22007  G-T: 1.00000
Base frequencies:  A: 0.261  C: 0.219  G: 0.225  T: 0.295
Gamma shape alpha: 0.173
Parameters optimization took 6 rounds (0.034 sec)
Wrote distance file to... 
Computing ML distances based on estimated model parameters...
Calculating distance matrix: done in 0.00187188 secs using 95.84% CPU
Computing ML distances took 0.001904 sec (of wall-clock time) 0.001827 sec (of CPU time)
Setting up auxiliary I and S matrices: done in 5.7905e-05 secs using 98.44% CPU
Computing RapidNJ tree took 0.000232 sec (of wall-clock time) 0.000231 sec (of CPU time)
Log-likelihood of RapidNJ tree: -2308.771
--------------------------------------------------------------------
|             INITIALIZING CANDIDATE TREE SET                      |
--------------------------------------------------------------------
Generating 98 parsimony trees... 0.096 second
Computing log-likelihood of 98 initial trees ... 0.106 seconds
Current best score: -2305.306

Do NNI search on 20 best initial trees
Estimate model parameters (epsilon = 0.100)
BETTER TREE FOUND at iteration 1: -2296.401
Estimate model parameters (epsilon = 0.100)
BETTER TREE FOUND at iteration 2: -2296.338
Estimate model parameters (epsilon = 0.100)
BETTER TREE FOUND at iteration 3: -2296.033
UPDATE BEST LOG-LIKELIHOOD: -2296.032
Iteration 10 / LogL: -2296.034 / Time: 0h:0m:0s
Iteration 20 / LogL: -2296.033 / Time: 0h:0m:0s
Finish initializing candidate tree set (11)
Current best tree score: -2296.032 / CPU time: 0.694
Number of iterations: 20
--------------------------------------------------------------------
|               OPTIMIZING CANDIDATE TREE SET                      |
--------------------------------------------------------------------
Iteration 30 / LogL: -2296.898 / Time: 0h:0m:1s (0h:0m:2s left)
UPDATE BEST LOG-LIKELIHOOD: -2296.032
Iteration 40 / LogL: -2296.900 / Time: 0h:0m:1s (0h:0m:2s left)
UPDATE BEST LOG-LIKELIHOOD: -2296.031
Iteration 50 / LogL: -2296.436 / Time: 0h:0m:1s (0h:0m:1s left)
Iteration 60 / LogL: -2296.448 / Time: 0h:0m:1s (0h:0m:1s left)
Iteration 70 / LogL: -2297.035 / Time: 0h:0m:1s (0h:0m:0s left)
Iteration 80 / LogL: -2296.437 / Time: 0h:0m:2s (0h:0m:0s left)
Iteration 90 / LogL: -2296.436 / Time: 0h:0m:2s (0h:0m:0s left)
Iteration 100 / LogL: -2296.033 / Time: 0h:0m:2s (0h:0m:0s left)
TREE SEARCH COMPLETED AFTER 104 ITERATIONS / Time: 0h:0m:2s

--------------------------------------------------------------------
|                    FINALIZING TREE SEARCH                        |
--------------------------------------------------------------------
Performs final model parameters optimization
Estimate model parameters (epsilon = 0.010)
1. Initial log-likelihood: -2296.031
2. Current log-likelihood: -2296.014
3. Current log-likelihood: -2296.004
Optimal log-likelihood: -2295.998
Rate parameters:  A-C: 1.71188  A-G: 2.92483  A-T: 1.20808  C-G: 1.18593  C-T: 2.26650  G-T: 1.00000
Base frequencies:  A: 0.261  C: 0.219  G: 0.225  T: 0.295
Gamma shape alpha: 0.165
Parameters optimization took 3 rounds (0.008 sec)
BEST SCORE FOUND : -2295.998

Testing tree branches by aBayes parametric test...
0.003 sec.
Total tree length: 12.066

Total number of iterations: 104
CPU time used for tree search: 2.448 sec (0h:0m:2s)
Wall-clock time used for tree search: 2.598 sec (0h:0m:2s)
Total CPU time used: 2.509 sec (0h:0m:2s)
Total wall-clock time used: 2.664 sec (0h:0m:2s)

Analysis results written to: 
  IQ-TREE report:                /home/mis/CSE6406-project/work/paper_subset_50x10_L200/ils_high/replicate_08/estimated_gene_trees/L200/gtr_g4/locus_0023.iqtree
  Maximum-likelihood tree:       /home/mis/CSE6406-project/work/paper_subset_50x10_L200/ils_high/replicate_08/estimated_gene_trees/L200/gtr_g4/locus_0023.treefile
  Likelihood distances:          /home/mis/CSE6406-project/work/paper_subset_50x10_L200/ils_high/replicate_08/estimated_gene_trees/L200/gtr_g4/locus_0023.mldist
  Screen log file:               /home/mis/CSE6406-project/work/paper_subset_50x10_L200/ils_high/replicate_08/estimated_gene_trees/L200/gtr_g4/locus_0023.log

Date and Time: Sat Sep 12 21:45:33 2026
