IQ-TREE multicore version 2.4.0 for Linux x86 64-bit built Feb 12 2025
Developed by Bui Quang Minh, Nguyen Lam Tung, Olga Chernomor, Heiko Schmidt,
Dominik Schrempf, Michael Woodhams, Ly Trong Nhan, Thomas Wong

Host:    ezmata (AVX2, FMA3, 15 GB RAM)
Command: /home/mis/miniconda3/envs/cse6406/bin/iqtree2 -s /home/mis/CSE6406-project/work/paper_subset_50x10_L200/ils_low/replicate_04/alignments/L200/locus_0001.phy -m GTR --abayes -T 1 --seed 6806002 --prefix /home/mis/CSE6406-project/work/paper_subset_50x10_L200/ils_low/replicate_04/estimated_gene_trees/L200/gtr/locus_0001 --redo --quiet
Seed:    6806002 (Using SPRNG - Scalable Parallel Random Number Generator)
Time:    Sat Sep 12 21:32:53 2026
Kernel:  AVX+FMA - 1 threads (16 CPU cores detected)

HINT: Use -nt option to specify number of threads because your CPU has 16 cores!
HINT: -nt AUTO will automatically determine the best number of threads to use.

Reading alignment file /home/mis/CSE6406-project/work/paper_subset_50x10_L200/ils_low/replicate_04/alignments/L200/locus_0001.phy ... Phylip format detected
Alignment most likely contains DNA/RNA sequences
Alignment has 21 sequences with 200 columns, 71 distinct patterns
45 parsimony-informative, 24 singleton sites, 131 constant sites
        Gap/Ambiguity  Composition  p-value
Analyzing sequences: done in 1.644e-05 secs using 91.24% CPU
   1  10_0_0    0.00%    passed     99.81%
   2  15_0_0    0.00%    passed     93.72%
   3  2_0_0     0.00%    passed     96.41%
   4  1_0_0     0.00%    passed     97.85%
   5  4_0_0     0.00%    passed     99.37%
   6  11_0_0    0.00%    passed     97.29%
   7  16_0_0    0.00%    passed     94.97%
   8  9_0_0     0.00%    passed     97.08%
   9  8_0_0     0.00%    passed     95.15%
  10  3_0_0     0.00%    passed     99.49%
  11  12_0_0    0.00%    passed     97.60%
  12  6_0_0     0.00%    passed     97.48%
  13  13_0_0    0.00%    passed     97.48%
  14  5_0_0     0.00%    passed     80.30%
  15  14_0_0    0.00%    passed     81.93%
  16  7_0_0     0.00%    passed     93.57%
  17  19_0_0    0.00%    passed     79.61%
  18  17_0_0    0.00%    passed     51.33%
  19  18_0_0    0.00%    passed     97.58%
  20  20_0_0    0.00%    passed     99.08%
  21  0_0_0     0.00%    passed     78.50%
****  TOTAL     0.00%  0 sequences failed composition chi2 test (p-value<5%; df=3)
NOTE: 13_0_0 is identical to 6_0_0 but kept for subsequent analysis

Create initial parsimony tree by phylogenetic likelihood library (PLL)... 0.001 seconds

NOTE: 0 MB RAM (0 GB) is required!
Estimate model parameters (epsilon = 0.100)
1. Initial log-likelihood: -1200.313
2. Current log-likelihood: -1178.640
Optimal log-likelihood: -1178.581
Rate parameters:  A-C: 1.47372  A-G: 2.79836  A-T: 0.67549  C-G: 0.87240  C-T: 1.73364  G-T: 1.00000
Base frequencies:  A: 0.306  C: 0.208  G: 0.163  T: 0.323
Parameters optimization took 2 rounds (0.008 sec)
Wrote distance file to... 
Computing ML distances based on estimated model parameters...
Calculating distance matrix: done in 0.00127695 secs using 26.08% CPU
Computing ML distances took 0.001327 sec (of wall-clock time) 0.000351 sec (of CPU time)
Setting up auxiliary I and S matrices: done in 6.1294e-05 secs using 99.52% CPU
Computing RapidNJ tree took 0.000260 sec (of wall-clock time) 0.000438 sec (of CPU time)
Log-likelihood of RapidNJ tree: -1176.054
--------------------------------------------------------------------
|             INITIALIZING CANDIDATE TREE SET                      |
--------------------------------------------------------------------
Generating 98 parsimony trees... 0.083 second
Computing log-likelihood of 98 initial trees ... 0.049 seconds
Current best score: -1168.325

Do NNI search on 20 best initial trees
Estimate model parameters (epsilon = 0.100)
BETTER TREE FOUND at iteration 1: -1168.096
Iteration 10 / LogL: -1168.215 / Time: 0h:0m:0s
Iteration 20 / LogL: -1168.171 / Time: 0h:0m:0s
Finish initializing candidate tree set (10)
Current best tree score: -1168.096 / CPU time: 0.198
Number of iterations: 20
--------------------------------------------------------------------
|               OPTIMIZING CANDIDATE TREE SET                      |
--------------------------------------------------------------------
UPDATE BEST LOG-LIKELIHOOD: -1168.096
UPDATE BEST LOG-LIKELIHOOD: -1168.095
Iteration 30 / LogL: -1169.423 / Time: 0h:0m:0s (0h:0m:0s left)
Iteration 40 / LogL: -1169.886 / Time: 0h:0m:0s (0h:0m:0s left)
Iteration 50 / LogL: -1170.278 / Time: 0h:0m:0s (0h:0m:0s left)
Iteration 60 / LogL: -1168.096 / Time: 0h:0m:0s (0h:0m:0s left)
Iteration 70 / LogL: -1168.258 / Time: 0h:0m:0s (0h:0m:0s left)
UPDATE BEST LOG-LIKELIHOOD: -1168.095
Iteration 80 / LogL: -1168.215 / Time: 0h:0m:0s (0h:0m:0s left)
Iteration 90 / LogL: -1168.171 / Time: 0h:0m:0s (0h:0m:0s left)
Iteration 100 / LogL: -1168.096 / Time: 0h:0m:0s (0h:0m:0s left)
TREE SEARCH COMPLETED AFTER 102 ITERATIONS / Time: 0h:0m:0s

--------------------------------------------------------------------
|                    FINALIZING TREE SEARCH                        |
--------------------------------------------------------------------
Performs final model parameters optimization
Estimate model parameters (epsilon = 0.010)
1. Initial log-likelihood: -1168.095
Optimal log-likelihood: -1168.095
Rate parameters:  A-C: 1.26787  A-G: 2.51719  A-T: 0.61549  C-G: 0.79268  C-T: 1.48335  G-T: 1.00000
Base frequencies:  A: 0.306  C: 0.208  G: 0.163  T: 0.323
Parameters optimization took 1 rounds (0.001 sec)
BEST SCORE FOUND : -1168.095

Testing tree branches by aBayes parametric test...
0.001 sec.
Total tree length: 0.894

Total number of iterations: 102
CPU time used for tree search: 0.635 sec (0h:0m:0s)
Wall-clock time used for tree search: 0.693 sec (0h:0m:0s)
Total CPU time used: 0.660 sec (0h:0m:0s)
Total wall-clock time used: 0.718 sec (0h:0m:0s)

Analysis results written to: 
  IQ-TREE report:                /home/mis/CSE6406-project/work/paper_subset_50x10_L200/ils_low/replicate_04/estimated_gene_trees/L200/gtr/locus_0001.iqtree
  Maximum-likelihood tree:       /home/mis/CSE6406-project/work/paper_subset_50x10_L200/ils_low/replicate_04/estimated_gene_trees/L200/gtr/locus_0001.treefile
  Likelihood distances:          /home/mis/CSE6406-project/work/paper_subset_50x10_L200/ils_low/replicate_04/estimated_gene_trees/L200/gtr/locus_0001.mldist
  Screen log file:               /home/mis/CSE6406-project/work/paper_subset_50x10_L200/ils_low/replicate_04/estimated_gene_trees/L200/gtr/locus_0001.log

Date and Time: Sat Sep 12 21:32:53 2026
