IQ-TREE multicore version 2.4.0 for Linux x86 64-bit built Feb 12 2025
Developed by Bui Quang Minh, Nguyen Lam Tung, Olga Chernomor, Heiko Schmidt,
Dominik Schrempf, Michael Woodhams, Ly Trong Nhan, Thomas Wong

Host:    ezmata (AVX2, FMA3, 15 GB RAM)
Command: /home/mis/miniconda3/envs/cse6406/bin/iqtree2 -s /home/mis/CSE6406-project/work/paper_subset_50x10_L200/ils_low/replicate_04/alignments/L200/locus_0018.phy -m GTR --abayes -T 1 --seed 6806019 --prefix /home/mis/CSE6406-project/work/paper_subset_50x10_L200/ils_low/replicate_04/estimated_gene_trees/L200/gtr/locus_0018 --redo --quiet
Seed:    6806019 (Using SPRNG - Scalable Parallel Random Number Generator)
Time:    Sat Sep 12 21:32:55 2026
Kernel:  AVX+FMA - 1 threads (16 CPU cores detected)

HINT: Use -nt option to specify number of threads because your CPU has 16 cores!
HINT: -nt AUTO will automatically determine the best number of threads to use.

Reading alignment file /home/mis/CSE6406-project/work/paper_subset_50x10_L200/ils_low/replicate_04/alignments/L200/locus_0018.phy ... Phylip format detected
Alignment most likely contains DNA/RNA sequences
Alignment has 21 sequences with 200 columns, 63 distinct patterns
43 parsimony-informative, 16 singleton sites, 141 constant sites
        Gap/Ambiguity  Composition  p-value
Analyzing sequences: done in 1.2033e-05 secs using 16.62% CPU
   1  0_0_0     0.00%    passed     87.88%
   2  15_0_0    0.00%    passed     96.23%
   3  2_0_0     0.00%    passed     97.76%
   4  4_0_0     0.00%    passed     92.75%
   5  1_0_0     0.00%    passed     99.04%
   6  16_0_0    0.00%    passed     99.67%
   7  11_0_0    0.00%    passed     96.62%
   8  10_0_0    0.00%    passed     99.44%
   9  20_0_0    0.00%    passed     80.94%
  10  17_0_0    0.00%    passed     93.15%
  11  19_0_0    0.00%    passed     82.89%
  12  18_0_0    0.00%    passed     98.75%
  13  8_0_0     0.00%    passed     99.97%
  14  9_0_0     0.00%    passed     97.56%
  15  13_0_0    0.00%    passed     96.03%
  16  6_0_0     0.00%    passed     98.41%
  17  12_0_0    0.00%    passed     91.36%
  18  7_0_0     0.00%    passed     60.85%
  19  14_0_0    0.00%    passed     98.20%
  20  5_0_0     0.00%    passed     93.73%
  21  3_0_0     0.00%    passed     95.97%
****  TOTAL     0.00%  0 sequences failed composition chi2 test (p-value<5%; df=3)

Create initial parsimony tree by phylogenetic likelihood library (PLL)... 0.001 seconds

NOTE: 0 MB RAM (0 GB) is required!
Estimate model parameters (epsilon = 0.100)
1. Initial log-likelihood: -1116.569
2. Current log-likelihood: -1107.241
Optimal log-likelihood: -1107.219
Rate parameters:  A-C: 1.48359  A-G: 1.98307  A-T: 0.95060  C-G: 1.28520  C-T: 2.36290  G-T: 1.00000
Base frequencies:  A: 0.289  C: 0.218  G: 0.208  T: 0.285
Parameters optimization took 2 rounds (0.003 sec)
Wrote distance file to... 
Computing ML distances based on estimated model parameters...
Calculating distance matrix: done in 0.000617323 secs using 74.52% CPU
Computing ML distances took 0.000640 sec (of wall-clock time) 0.000480 sec (of CPU time)
Setting up auxiliary I and S matrices: done in 5.9813e-05 secs using 98.64% CPU
Computing RapidNJ tree took 0.000228 sec (of wall-clock time) 0.000460 sec (of CPU time)
Log-likelihood of RapidNJ tree: -1119.370
--------------------------------------------------------------------
|             INITIALIZING CANDIDATE TREE SET                      |
--------------------------------------------------------------------
Generating 98 parsimony trees... 0.054 second
Computing log-likelihood of 98 initial trees ... 0.033 seconds
Current best score: -1106.286

Do NNI search on 20 best initial trees
Estimate model parameters (epsilon = 0.100)
BETTER TREE FOUND at iteration 1: -1106.250
UPDATE BEST LOG-LIKELIHOOD: -1106.250
UPDATE BEST LOG-LIKELIHOOD: -1106.250
Iteration 10 / LogL: -1106.250 / Time: 0h:0m:0s
Iteration 20 / LogL: -1106.252 / Time: 0h:0m:0s
Finish initializing candidate tree set (1)
Current best tree score: -1106.250 / CPU time: 0.138
Number of iterations: 20
--------------------------------------------------------------------
|               OPTIMIZING CANDIDATE TREE SET                      |
--------------------------------------------------------------------
Iteration 30 / LogL: -1107.568 / Time: 0h:0m:0s (0h:0m:0s left)
Iteration 40 / LogL: -1106.250 / Time: 0h:0m:0s (0h:0m:0s left)
Iteration 50 / LogL: -1106.250 / Time: 0h:0m:0s (0h:0m:0s left)
Iteration 60 / LogL: -1106.251 / Time: 0h:0m:0s (0h:0m:0s left)
Iteration 70 / LogL: -1106.250 / Time: 0h:0m:0s (0h:0m:0s left)
Iteration 80 / LogL: -1106.250 / Time: 0h:0m:0s (0h:0m:0s left)
Iteration 90 / LogL: -1107.283 / Time: 0h:0m:0s (0h:0m:0s left)
Iteration 100 / LogL: -1106.251 / Time: 0h:0m:0s (0h:0m:0s left)
TREE SEARCH COMPLETED AFTER 102 ITERATIONS / Time: 0h:0m:0s

--------------------------------------------------------------------
|                    FINALIZING TREE SEARCH                        |
--------------------------------------------------------------------
Performs final model parameters optimization
Estimate model parameters (epsilon = 0.010)
1. Initial log-likelihood: -1106.250
Optimal log-likelihood: -1106.250
Rate parameters:  A-C: 1.51715  A-G: 2.02909  A-T: 0.95410  C-G: 1.23519  C-T: 2.39371  G-T: 1.00000
Base frequencies:  A: 0.289  C: 0.218  G: 0.208  T: 0.285
Parameters optimization took 1 rounds (0.001 sec)
BEST SCORE FOUND : -1106.250

Testing tree branches by aBayes parametric test...
0.001 sec.
Total tree length: 0.780

Total number of iterations: 102
CPU time used for tree search: 0.592 sec (0h:0m:0s)
Wall-clock time used for tree search: 0.645 sec (0h:0m:0s)
Total CPU time used: 0.609 sec (0h:0m:0s)
Total wall-clock time used: 0.663 sec (0h:0m:0s)

Analysis results written to: 
  IQ-TREE report:                /home/mis/CSE6406-project/work/paper_subset_50x10_L200/ils_low/replicate_04/estimated_gene_trees/L200/gtr/locus_0018.iqtree
  Maximum-likelihood tree:       /home/mis/CSE6406-project/work/paper_subset_50x10_L200/ils_low/replicate_04/estimated_gene_trees/L200/gtr/locus_0018.treefile
  Likelihood distances:          /home/mis/CSE6406-project/work/paper_subset_50x10_L200/ils_low/replicate_04/estimated_gene_trees/L200/gtr/locus_0018.mldist
  Screen log file:               /home/mis/CSE6406-project/work/paper_subset_50x10_L200/ils_low/replicate_04/estimated_gene_trees/L200/gtr/locus_0018.log

Date and Time: Sat Sep 12 21:32:55 2026
