IQ-TREE multicore version 2.4.0 for Linux x86 64-bit built Feb 12 2025
Developed by Bui Quang Minh, Nguyen Lam Tung, Olga Chernomor, Heiko Schmidt,
Dominik Schrempf, Michael Woodhams, Ly Trong Nhan, Thomas Wong

Host:    ezmata (AVX2, FMA3, 15 GB RAM)
Command: /home/mis/miniconda3/envs/cse6406/bin/iqtree2 -s /home/mis/CSE6406-project/work/paper_subset_50x10_L200/ils_low/replicate_04/alignments/L200/locus_0033.phy -m GTR --abayes -T 1 --seed 6806034 --prefix /home/mis/CSE6406-project/work/paper_subset_50x10_L200/ils_low/replicate_04/estimated_gene_trees/L200/gtr/locus_0033 --redo --quiet
Seed:    6806034 (Using SPRNG - Scalable Parallel Random Number Generator)
Time:    Sat Sep 12 21:32:57 2026
Kernel:  AVX+FMA - 1 threads (16 CPU cores detected)

HINT: Use -nt option to specify number of threads because your CPU has 16 cores!
HINT: -nt AUTO will automatically determine the best number of threads to use.

Reading alignment file /home/mis/CSE6406-project/work/paper_subset_50x10_L200/ils_low/replicate_04/alignments/L200/locus_0033.phy ... Phylip format detected
Alignment most likely contains DNA/RNA sequences
Alignment has 21 sequences with 200 columns, 73 distinct patterns
45 parsimony-informative, 24 singleton sites, 131 constant sites
        Gap/Ambiguity  Composition  p-value
Analyzing sequences: done in 1.5248e-05 secs using 91.82% CPU
   1  17_0_0    0.00%    passed     98.23%
   2  19_0_0    0.00%    passed     99.09%
   3  16_0_0    0.00%    passed     99.46%
   4  11_0_0    0.00%    passed     92.63%
   5  1_0_0     0.00%    passed     98.12%
   6  4_0_0     0.00%    passed     98.12%
   7  15_0_0    0.00%    passed     96.65%
   8  2_0_0     0.00%    passed     97.77%
   9  18_0_0    0.00%    passed     99.62%
  10  20_0_0    0.00%    passed     98.30%
  11  3_0_0     0.00%    passed     81.18%
  12  6_0_0     0.00%    passed     98.89%
  13  13_0_0    0.00%    passed     98.30%
  14  12_0_0    0.00%    passed     98.94%
  15  5_0_0     0.00%    passed     98.62%
  16  14_0_0    0.00%    passed     98.94%
  17  7_0_0     0.00%    passed     99.85%
  18  9_0_0     0.00%    passed     94.28%
  19  8_0_0     0.00%    passed     91.08%
  20  10_0_0    0.00%    passed     96.66%
  21  0_0_0     0.00%    passed     88.09%
****  TOTAL     0.00%  0 sequences failed composition chi2 test (p-value<5%; df=3)
NOTE: 4_0_0 is identical to 1_0_0 but kept for subsequent analysis

Create initial parsimony tree by phylogenetic likelihood library (PLL)... 0.001 seconds

NOTE: 0 MB RAM (0 GB) is required!
Estimate model parameters (epsilon = 0.100)
1. Initial log-likelihood: -1168.766
2. Current log-likelihood: -1153.735
3. Current log-likelihood: -1153.606
Optimal log-likelihood: -1153.605
Rate parameters:  A-C: 1.22884  A-G: 2.00750  A-T: 1.06230  C-G: 0.70355  C-T: 2.51296  G-T: 1.00000
Base frequencies:  A: 0.325  C: 0.205  G: 0.183  T: 0.287
Parameters optimization took 3 rounds (0.008 sec)
Wrote distance file to... 
Computing ML distances based on estimated model parameters...
Calculating distance matrix: done in 0.00135532 secs using 92.3% CPU
Computing ML distances took 0.001409 sec (of wall-clock time) 0.001303 sec (of CPU time)
Setting up auxiliary I and S matrices: done in 3.9593e-05 secs using 98.5% CPU
Computing RapidNJ tree took 0.000146 sec (of wall-clock time) 0.000145 sec (of CPU time)
Log-likelihood of RapidNJ tree: -1177.695
--------------------------------------------------------------------
|             INITIALIZING CANDIDATE TREE SET                      |
--------------------------------------------------------------------
Generating 98 parsimony trees... 0.085 second
Computing log-likelihood of 98 initial trees ... 0.067 seconds
Current best score: -1153.605

Do NNI search on 20 best initial trees
Estimate model parameters (epsilon = 0.100)
BETTER TREE FOUND at iteration 1: -1153.604
Iteration 10 / LogL: -1153.604 / Time: 0h:0m:0s
Iteration 20 / LogL: -1158.564 / Time: 0h:0m:0s
Finish initializing candidate tree set (5)
Current best tree score: -1153.604 / CPU time: 0.267
Number of iterations: 20
--------------------------------------------------------------------
|               OPTIMIZING CANDIDATE TREE SET                      |
--------------------------------------------------------------------
Iteration 30 / LogL: -1156.165 / Time: 0h:0m:0s (0h:0m:0s left)
Iteration 40 / LogL: -1156.159 / Time: 0h:0m:0s (0h:0m:0s left)
Iteration 50 / LogL: -1157.278 / Time: 0h:0m:0s (0h:0m:0s left)
Iteration 60 / LogL: -1156.731 / Time: 0h:0m:0s (0h:0m:0s left)
Iteration 70 / LogL: -1153.607 / Time: 0h:0m:0s (0h:0m:0s left)
Iteration 80 / LogL: -1153.604 / Time: 0h:0m:0s (0h:0m:0s left)
Iteration 90 / LogL: -1156.157 / Time: 0h:0m:1s (0h:0m:0s left)
Iteration 100 / LogL: -1156.732 / Time: 0h:0m:1s (0h:0m:0s left)
TREE SEARCH COMPLETED AFTER 102 ITERATIONS / Time: 0h:0m:1s

--------------------------------------------------------------------
|                    FINALIZING TREE SEARCH                        |
--------------------------------------------------------------------
Performs final model parameters optimization
Estimate model parameters (epsilon = 0.010)
1. Initial log-likelihood: -1153.604
Optimal log-likelihood: -1153.604
Rate parameters:  A-C: 1.23224  A-G: 2.01417  A-T: 1.06610  C-G: 0.70341  C-T: 2.52085  G-T: 1.00000
Base frequencies:  A: 0.325  C: 0.205  G: 0.183  T: 0.287
Parameters optimization took 1 rounds (0.001 sec)
BEST SCORE FOUND : -1153.604

Testing tree branches by aBayes parametric test...
0.002 sec.
Total tree length: 0.873

Total number of iterations: 102
CPU time used for tree search: 1.089 sec (0h:0m:1s)
Wall-clock time used for tree search: 1.174 sec (0h:0m:1s)
Total CPU time used: 1.115 sec (0h:0m:1s)
Total wall-clock time used: 1.206 sec (0h:0m:1s)

Analysis results written to: 
  IQ-TREE report:                /home/mis/CSE6406-project/work/paper_subset_50x10_L200/ils_low/replicate_04/estimated_gene_trees/L200/gtr/locus_0033.iqtree
  Maximum-likelihood tree:       /home/mis/CSE6406-project/work/paper_subset_50x10_L200/ils_low/replicate_04/estimated_gene_trees/L200/gtr/locus_0033.treefile
  Likelihood distances:          /home/mis/CSE6406-project/work/paper_subset_50x10_L200/ils_low/replicate_04/estimated_gene_trees/L200/gtr/locus_0033.mldist
  Screen log file:               /home/mis/CSE6406-project/work/paper_subset_50x10_L200/ils_low/replicate_04/estimated_gene_trees/L200/gtr/locus_0033.log

Date and Time: Sat Sep 12 21:32:58 2026
