IQ-TREE multicore version 2.4.0 for Linux x86 64-bit built Feb 12 2025
Developed by Bui Quang Minh, Nguyen Lam Tung, Olga Chernomor, Heiko Schmidt,
Dominik Schrempf, Michael Woodhams, Ly Trong Nhan, Thomas Wong

Host:    ezmata (AVX2, FMA3, 15 GB RAM)
Command: /home/mis/miniconda3/envs/cse6406/bin/iqtree2 -s /home/mis/CSE6406-project/work/paper_subset_50x10_L200/ils_low/replicate_04/alignments/L200/locus_0041.phy -m GTR --abayes -T 1 --seed 6806042 --prefix /home/mis/CSE6406-project/work/paper_subset_50x10_L200/ils_low/replicate_04/estimated_gene_trees/L200/gtr/locus_0041 --redo --quiet
Seed:    6806042 (Using SPRNG - Scalable Parallel Random Number Generator)
Time:    Sat Sep 12 21:32:57 2026
Kernel:  AVX+FMA - 1 threads (16 CPU cores detected)

HINT: Use -nt option to specify number of threads because your CPU has 16 cores!
HINT: -nt AUTO will automatically determine the best number of threads to use.

Reading alignment file /home/mis/CSE6406-project/work/paper_subset_50x10_L200/ils_low/replicate_04/alignments/L200/locus_0041.phy ... Phylip format detected
Alignment most likely contains DNA/RNA sequences
Alignment has 21 sequences with 200 columns, 67 distinct patterns
40 parsimony-informative, 25 singleton sites, 135 constant sites
        Gap/Ambiguity  Composition  p-value
Analyzing sequences: done in 6.24299e-06 secs
   1  0_0_0     0.00%    passed     95.86%
   2  18_0_0    0.00%    passed     93.42%
   3  20_0_0    0.00%    passed     99.44%
   4  17_0_0    0.00%    passed     96.90%
   5  19_0_0    0.00%    passed     86.81%
   6  10_0_0    0.00%    passed     98.18%
   7  9_0_0     0.00%    passed     98.80%
   8  3_0_0     0.00%    passed     87.37%
   9  8_0_0     0.00%    passed     99.65%
  10  5_0_0     0.00%    passed     83.89%
  11  14_0_0    0.00%    passed     95.54%
  12  7_0_0     0.00%    passed     99.59%
  13  13_0_0    0.00%    passed     90.92%
  14  6_0_0     0.00%    passed     90.92%
  15  12_0_0    0.00%    passed     70.94%
  16  15_0_0    0.00%    passed     98.67%
  17  16_0_0    0.00%    passed     99.90%
  18  11_0_0    0.00%    passed     97.98%
  19  1_0_0     0.00%    passed     99.62%
  20  4_0_0     0.00%    passed     99.62%
  21  2_0_0     0.00%    passed     93.62%
****  TOTAL     0.00%  0 sequences failed composition chi2 test (p-value<5%; df=3)
NOTE: 6_0_0 is identical to 13_0_0 but kept for subsequent analysis
NOTE: 4_0_0 is identical to 1_0_0 but kept for subsequent analysis

Create initial parsimony tree by phylogenetic likelihood library (PLL)... 0.000 seconds

NOTE: 0 MB RAM (0 GB) is required!
Estimate model parameters (epsilon = 0.100)
1. Initial log-likelihood: -1058.351
2. Current log-likelihood: -1046.084
3. Current log-likelihood: -1045.939
Optimal log-likelihood: -1045.933
Rate parameters:  A-C: 1.39157  A-G: 1.92065  A-T: 0.64864  C-G: 1.88050  C-T: 2.07312  G-T: 1.00000
Base frequencies:  A: 0.292  C: 0.182  G: 0.186  T: 0.340
Parameters optimization took 3 rounds (0.004 sec)
Wrote distance file to... 
Computing ML distances based on estimated model parameters...
Calculating distance matrix: done in 0.000695075 secs using 87.9% CPU
Computing ML distances took 0.000716 sec (of wall-clock time) 0.000629 sec (of CPU time)
Setting up auxiliary I and S matrices: done in 5.5337e-05 secs using 99.39% CPU
Computing RapidNJ tree took 0.000214 sec (of wall-clock time) 0.000375 sec (of CPU time)
Log-likelihood of RapidNJ tree: -1061.983
--------------------------------------------------------------------
|             INITIALIZING CANDIDATE TREE SET                      |
--------------------------------------------------------------------
Generating 98 parsimony trees... 0.048 second
Computing log-likelihood of 98 initial trees ... 0.036 seconds
Current best score: -1043.147

Do NNI search on 20 best initial trees
Estimate model parameters (epsilon = 0.100)
BETTER TREE FOUND at iteration 1: -1041.718
BETTER TREE FOUND at iteration 2: -1041.718
Iteration 10 / LogL: -1044.815 / Time: 0h:0m:0s
Iteration 20 / LogL: -1044.611 / Time: 0h:0m:0s
Finish initializing candidate tree set (11)
Current best tree score: -1041.718 / CPU time: 0.136
Number of iterations: 20
--------------------------------------------------------------------
|               OPTIMIZING CANDIDATE TREE SET                      |
--------------------------------------------------------------------
Iteration 30 / LogL: -1046.382 / Time: 0h:0m:0s (0h:0m:0s left)
BETTER TREE FOUND at iteration 35: -1041.718
Iteration 40 / LogL: -1041.719 / Time: 0h:0m:0s (0h:0m:0s left)
Iteration 50 / LogL: -1073.861 / Time: 0h:0m:0s (0h:0m:0s left)
Iteration 60 / LogL: -1041.718 / Time: 0h:0m:0s (0h:0m:0s left)
UPDATE BEST LOG-LIKELIHOOD: -1041.718
Iteration 70 / LogL: -1041.718 / Time: 0h:0m:0s (0h:0m:0s left)
Iteration 80 / LogL: -1041.719 / Time: 0h:0m:0s (0h:0m:0s left)
Iteration 90 / LogL: -1048.963 / Time: 0h:0m:0s (0h:0m:0s left)
Iteration 100 / LogL: -1041.719 / Time: 0h:0m:0s (0h:0m:0s left)
Iteration 110 / LogL: -1048.439 / Time: 0h:0m:0s (0h:0m:0s left)
Iteration 120 / LogL: -1041.719 / Time: 0h:0m:0s (0h:0m:0s left)
UPDATE BEST LOG-LIKELIHOOD: -1041.718
UPDATE BEST LOG-LIKELIHOOD: -1041.718
Iteration 130 / LogL: -1041.718 / Time: 0h:0m:0s (0h:0m:0s left)
TREE SEARCH COMPLETED AFTER 136 ITERATIONS / Time: 0h:0m:0s

--------------------------------------------------------------------
|                    FINALIZING TREE SEARCH                        |
--------------------------------------------------------------------
Performs final model parameters optimization
Estimate model parameters (epsilon = 0.010)
1. Initial log-likelihood: -1041.718
Optimal log-likelihood: -1041.718
Rate parameters:  A-C: 1.54883  A-G: 2.12120  A-T: 0.68273  C-G: 1.88799  C-T: 2.32010  G-T: 1.00000
Base frequencies:  A: 0.292  C: 0.182  G: 0.186  T: 0.340
Parameters optimization took 1 rounds (0.001 sec)
BEST SCORE FOUND : -1041.718

Testing tree branches by aBayes parametric test...
0.001 sec.
Total tree length: 0.752

Total number of iterations: 136
CPU time used for tree search: 0.621 sec (0h:0m:0s)
Wall-clock time used for tree search: 0.687 sec (0h:0m:0s)
Total CPU time used: 0.634 sec (0h:0m:0s)
Total wall-clock time used: 0.701 sec (0h:0m:0s)

Analysis results written to: 
  IQ-TREE report:                /home/mis/CSE6406-project/work/paper_subset_50x10_L200/ils_low/replicate_04/estimated_gene_trees/L200/gtr/locus_0041.iqtree
  Maximum-likelihood tree:       /home/mis/CSE6406-project/work/paper_subset_50x10_L200/ils_low/replicate_04/estimated_gene_trees/L200/gtr/locus_0041.treefile
  Likelihood distances:          /home/mis/CSE6406-project/work/paper_subset_50x10_L200/ils_low/replicate_04/estimated_gene_trees/L200/gtr/locus_0041.mldist
  Screen log file:               /home/mis/CSE6406-project/work/paper_subset_50x10_L200/ils_low/replicate_04/estimated_gene_trees/L200/gtr/locus_0041.log

Date and Time: Sat Sep 12 21:32:58 2026
