IQ-TREE multicore version 2.4.0 for Linux x86 64-bit built Feb 12 2025
Developed by Bui Quang Minh, Nguyen Lam Tung, Olga Chernomor, Heiko Schmidt,
Dominik Schrempf, Michael Woodhams, Ly Trong Nhan, Thomas Wong

Host:    ezmata (AVX2, FMA3, 15 GB RAM)
Command: /home/mis/miniconda3/envs/cse6406/bin/iqtree2 -s /home/mis/CSE6406-project/work/paper_subset_50x10_L200/ils_low/replicate_04/alignments/L200/locus_0003.phy -m GTR --abayes -T 1 --seed 6806004 --prefix /home/mis/CSE6406-project/work/paper_subset_50x10_L200/ils_low/replicate_04/estimated_gene_trees/L200/gtr/locus_0003 --redo --quiet
Seed:    6806004 (Using SPRNG - Scalable Parallel Random Number Generator)
Time:    Sat Sep 12 21:32:53 2026
Kernel:  AVX+FMA - 1 threads (16 CPU cores detected)

HINT: Use -nt option to specify number of threads because your CPU has 16 cores!
HINT: -nt AUTO will automatically determine the best number of threads to use.

Reading alignment file /home/mis/CSE6406-project/work/paper_subset_50x10_L200/ils_low/replicate_04/alignments/L200/locus_0003.phy ... Phylip format detected
Alignment most likely contains DNA/RNA sequences
Alignment has 21 sequences with 200 columns, 68 distinct patterns
44 parsimony-informative, 20 singleton sites, 136 constant sites
        Gap/Ambiguity  Composition  p-value
Analyzing sequences: done in 1.5445e-05 secs using 90.64% CPU
   1  0_0_0     0.00%    passed     98.60%
   2  17_0_0    0.00%    passed     79.27%
   3  19_0_0    0.00%    passed     89.78%
   4  18_0_0    0.00%    passed     87.33%
   5  10_0_0    0.00%    passed     96.60%
   6  4_0_0     0.00%    passed     98.02%
   7  1_0_0     0.00%    passed     97.29%
   8  16_0_0    0.00%    passed     96.11%
   9  11_0_0    0.00%    passed     98.30%
  10  2_0_0     0.00%    passed     93.60%
  11  15_0_0    0.00%    passed     99.97%
  12  8_0_0     0.00%    passed     97.36%
  13  9_0_0     0.00%    passed     58.04%
  14  6_0_0     0.00%    passed     97.22%
  15  13_0_0    0.00%    passed     96.84%
  16  12_0_0    0.00%    passed     83.10%
  17  7_0_0     0.00%    passed     94.71%
  18  5_0_0     0.00%    passed     99.97%
  19  14_0_0    0.00%    passed     97.93%
  20  3_0_0     0.00%    passed     95.54%
  21  20_0_0    0.00%    passed     95.37%
****  TOTAL     0.00%  0 sequences failed composition chi2 test (p-value<5%; df=3)

Create initial parsimony tree by phylogenetic likelihood library (PLL)... 0.001 seconds

NOTE: 0 MB RAM (0 GB) is required!
Estimate model parameters (epsilon = 0.100)
1. Initial log-likelihood: -1174.802
2. Current log-likelihood: -1157.031
3. Current log-likelihood: -1156.802
Optimal log-likelihood: -1156.801
Rate parameters:  A-C: 0.91175  A-G: 1.45824  A-T: 0.56882  C-G: 0.79578  C-T: 1.99275  G-T: 1.00000
Base frequencies:  A: 0.321  C: 0.177  G: 0.190  T: 0.312
Parameters optimization took 3 rounds (0.008 sec)
Wrote distance file to... 
Computing ML distances based on estimated model parameters...
Calculating distance matrix: done in 0.00131772 secs using 99.87% CPU
Computing ML distances took 0.001356 sec (of wall-clock time) 0.001360 sec (of CPU time)
Setting up auxiliary I and S matrices: done in 8.8625e-05 secs using 99.29% CPU
Computing RapidNJ tree took 0.000283 sec (of wall-clock time) 0.000282 sec (of CPU time)
Log-likelihood of RapidNJ tree: -1157.778
--------------------------------------------------------------------
|             INITIALIZING CANDIDATE TREE SET                      |
--------------------------------------------------------------------
Generating 98 parsimony trees... 0.085 second
Computing log-likelihood of 98 initial trees ... 0.069 seconds
Current best score: -1146.255

Do NNI search on 20 best initial trees
Estimate model parameters (epsilon = 0.100)
BETTER TREE FOUND at iteration 1: -1145.845
Iteration 10 / LogL: -1148.802 / Time: 0h:0m:0s
Iteration 20 / LogL: -1147.559 / Time: 0h:0m:0s
Finish initializing candidate tree set (19)
Current best tree score: -1145.845 / CPU time: 0.259
Number of iterations: 20
--------------------------------------------------------------------
|               OPTIMIZING CANDIDATE TREE SET                      |
--------------------------------------------------------------------
UPDATE BEST LOG-LIKELIHOOD: -1145.845
Iteration 30 / LogL: -1146.138 / Time: 0h:0m:0s (0h:0m:0s left)
Iteration 40 / LogL: -1148.813 / Time: 0h:0m:0s (0h:0m:0s left)
UPDATE BEST LOG-LIKELIHOOD: -1145.845
Iteration 50 / LogL: -1145.845 / Time: 0h:0m:0s (0h:0m:0s left)
Estimate model parameters (epsilon = 0.100)
BETTER TREE FOUND at iteration 51: -1145.676
Iteration 60 / LogL: -1145.676 / Time: 0h:0m:0s (0h:0m:1s left)
Iteration 70 / LogL: -1146.601 / Time: 0h:0m:0s (0h:0m:0s left)
BETTER TREE FOUND at iteration 77: -1145.676
Iteration 80 / LogL: -1155.503 / Time: 0h:0m:0s (0h:0m:1s left)
UPDATE BEST LOG-LIKELIHOOD: -1145.676
UPDATE BEST LOG-LIKELIHOOD: -1145.676
Iteration 90 / LogL: -1145.901 / Time: 0h:0m:1s (0h:0m:1s left)
Iteration 100 / LogL: -1145.699 / Time: 0h:0m:1s (0h:0m:0s left)
Iteration 110 / LogL: -1146.391 / Time: 0h:0m:1s (0h:0m:0s left)
Iteration 120 / LogL: -1146.100 / Time: 0h:0m:1s (0h:0m:0s left)
Estimate model parameters (epsilon = 0.100)
BETTER TREE FOUND at iteration 124: -1145.438
Iteration 130 / LogL: -1145.678 / Time: 0h:0m:1s (0h:0m:1s left)
Iteration 140 / LogL: -1145.857 / Time: 0h:0m:1s (0h:0m:0s left)
Iteration 150 / LogL: -1156.854 / Time: 0h:0m:1s (0h:0m:0s left)
Iteration 160 / LogL: -1145.858 / Time: 0h:0m:1s (0h:0m:0s left)
Iteration 170 / LogL: -1150.488 / Time: 0h:0m:1s (0h:0m:0s left)
Iteration 180 / LogL: -1145.673 / Time: 0h:0m:1s (0h:0m:0s left)
Iteration 190 / LogL: -1147.282 / Time: 0h:0m:2s (0h:0m:0s left)
Iteration 200 / LogL: -1156.299 / Time: 0h:0m:2s (0h:0m:0s left)
Iteration 210 / LogL: -1145.702 / Time: 0h:0m:2s (0h:0m:0s left)
Iteration 220 / LogL: -1145.678 / Time: 0h:0m:2s (0h:0m:0s left)
TREE SEARCH COMPLETED AFTER 225 ITERATIONS / Time: 0h:0m:2s

--------------------------------------------------------------------
|                    FINALIZING TREE SEARCH                        |
--------------------------------------------------------------------
Performs final model parameters optimization
Estimate model parameters (epsilon = 0.010)
1. Initial log-likelihood: -1145.438
Optimal log-likelihood: -1145.438
Rate parameters:  A-C: 0.96348  A-G: 1.54264  A-T: 0.50589  C-G: 0.81152  C-T: 2.33436  G-T: 1.00000
Base frequencies:  A: 0.321  C: 0.177  G: 0.190  T: 0.312
Parameters optimization took 1 rounds (0.001 sec)
BEST SCORE FOUND : -1145.438

Testing tree branches by aBayes parametric test...
0.002 sec.
Total tree length: 0.874

Total number of iterations: 225
CPU time used for tree search: 2.215 sec (0h:0m:2s)
Wall-clock time used for tree search: 2.363 sec (0h:0m:2s)
Total CPU time used: 2.241 sec (0h:0m:2s)
Total wall-clock time used: 2.390 sec (0h:0m:2s)

Analysis results written to: 
  IQ-TREE report:                /home/mis/CSE6406-project/work/paper_subset_50x10_L200/ils_low/replicate_04/estimated_gene_trees/L200/gtr/locus_0003.iqtree
  Maximum-likelihood tree:       /home/mis/CSE6406-project/work/paper_subset_50x10_L200/ils_low/replicate_04/estimated_gene_trees/L200/gtr/locus_0003.treefile
  Likelihood distances:          /home/mis/CSE6406-project/work/paper_subset_50x10_L200/ils_low/replicate_04/estimated_gene_trees/L200/gtr/locus_0003.mldist
  Screen log file:               /home/mis/CSE6406-project/work/paper_subset_50x10_L200/ils_low/replicate_04/estimated_gene_trees/L200/gtr/locus_0003.log

Date and Time: Sat Sep 12 21:32:55 2026
