IQ-TREE multicore version 2.4.0 for Linux x86 64-bit built Feb 12 2025
Developed by Bui Quang Minh, Nguyen Lam Tung, Olga Chernomor, Heiko Schmidt,
Dominik Schrempf, Michael Woodhams, Ly Trong Nhan, Thomas Wong

Host:    ezmata (AVX2, FMA3, 15 GB RAM)
Command: /home/mis/miniconda3/envs/cse6406/bin/iqtree2 -s /home/mis/CSE6406-project/work/paper_subset_50x10_L800/ils_high/replicate_07/alignments/L800/locus_0005.phy -m GTR --abayes -T 1 --seed 7106006 --prefix /home/mis/CSE6406-project/work/paper_subset_50x10_L800/ils_high/replicate_07/estimated_gene_trees/L800/gtr/locus_0005 --redo --quiet
Seed:    7106006 (Using SPRNG - Scalable Parallel Random Number Generator)
Time:    Sat Sep 12 20:01:38 2026
Kernel:  AVX+FMA - 1 threads (16 CPU cores detected)

HINT: Use -nt option to specify number of threads because your CPU has 16 cores!
HINT: -nt AUTO will automatically determine the best number of threads to use.

Reading alignment file /home/mis/CSE6406-project/work/paper_subset_50x10_L800/ils_high/replicate_07/alignments/L800/locus_0005.phy ... Phylip format detected
Alignment most likely contains DNA/RNA sequences
Alignment has 21 sequences with 800 columns, 413 distinct patterns
355 parsimony-informative, 63 singleton sites, 382 constant sites
        Gap/Ambiguity  Composition  p-value
Analyzing sequences: done in 2.0691e-05 secs using 101.5% CPU
   1  0_0_0     0.00%    passed     98.41%
   2  10_0_0    0.00%    passed     79.04%
   3  17_0_0    0.00%    passed     66.13%
   4  16_0_0    0.00%    passed     55.59%
   5  11_0_0    0.00%    passed     67.57%
   6  9_0_0     0.00%    passed     90.71%
   7  6_0_0     0.00%    passed     77.53%
   8  20_0_0    0.00%    passed     88.64%
   9  18_0_0    0.00%    passed     68.38%
  10  19_0_0    0.00%    passed     97.31%
  11  15_0_0    0.00%    passed     77.45%
  12  8_0_0     0.00%    passed     96.23%
  13  3_0_0     0.00%    passed     69.41%
  14  13_0_0    0.00%    passed     73.83%
  15  5_0_0     0.00%    passed     92.06%
  16  1_0_0     0.00%    passed     98.53%
  17  12_0_0    0.00%    passed     98.88%
  18  7_0_0     0.00%    passed     90.90%
  19  2_0_0     0.00%    passed     23.33%
  20  4_0_0     0.00%    passed     98.53%
  21  14_0_0    0.00%    passed     90.23%
****  TOTAL     0.00%  0 sequences failed composition chi2 test (p-value<5%; df=3)

Create initial parsimony tree by phylogenetic likelihood library (PLL)... 0.001 seconds

NOTE: 0 MB RAM (0 GB) is required!
Estimate model parameters (epsilon = 0.100)
1. Initial log-likelihood: -11323.182
2. Current log-likelihood: -11260.149
3. Current log-likelihood: -11260.034
Optimal log-likelihood: -11260.033
Rate parameters:  A-C: 1.10683  A-G: 1.22669  A-T: 1.05238  C-G: 0.99895  C-T: 1.74879  G-T: 1.00000
Base frequencies:  A: 0.325  C: 0.173  G: 0.210  T: 0.292
Parameters optimization took 3 rounds (0.014 sec)
Wrote distance file to... 
Computing ML distances based on estimated model parameters...
Calculating distance matrix: done in 0.000884538 secs using 98.47% CPU
Computing ML distances took 0.000939 sec (of wall-clock time) 0.000922 sec (of CPU time)
Setting up auxiliary I and S matrices: done in 6.4022e-05 secs
Computing RapidNJ tree took 0.000257 sec (of wall-clock time) 0.000000 sec (of CPU time)
Log-likelihood of RapidNJ tree: -11302.409
--------------------------------------------------------------------
|             INITIALIZING CANDIDATE TREE SET                      |
--------------------------------------------------------------------
Generating 98 parsimony trees... 0.154 second
Computing log-likelihood of 98 initial trees ... 0.095 seconds
Current best score: -11259.884

Do NNI search on 20 best initial trees
Estimate model parameters (epsilon = 0.100)
BETTER TREE FOUND at iteration 1: -11255.781
Iteration 10 / LogL: -11262.701 / Time: 0h:0m:0s
Iteration 20 / LogL: -11258.774 / Time: 0h:0m:0s
Finish initializing candidate tree set (6)
Current best tree score: -11255.781 / CPU time: 0.544
Number of iterations: 20
--------------------------------------------------------------------
|               OPTIMIZING CANDIDATE TREE SET                      |
--------------------------------------------------------------------
Iteration 30 / LogL: -11258.778 / Time: 0h:0m:0s (0h:0m:2s left)
Iteration 40 / LogL: -11263.094 / Time: 0h:0m:1s (0h:0m:1s left)
Iteration 50 / LogL: -11255.787 / Time: 0h:0m:1s (0h:0m:1s left)
Iteration 60 / LogL: -11258.890 / Time: 0h:0m:1s (0h:0m:1s left)
Iteration 70 / LogL: -11258.812 / Time: 0h:0m:1s (0h:0m:0s left)
Iteration 80 / LogL: -11263.908 / Time: 0h:0m:2s (0h:0m:0s left)
Iteration 90 / LogL: -11258.766 / Time: 0h:0m:2s (0h:0m:0s left)
Iteration 100 / LogL: -11255.845 / Time: 0h:0m:2s (0h:0m:0s left)
TREE SEARCH COMPLETED AFTER 102 ITERATIONS / Time: 0h:0m:2s

--------------------------------------------------------------------
|                    FINALIZING TREE SEARCH                        |
--------------------------------------------------------------------
Performs final model parameters optimization
Estimate model parameters (epsilon = 0.010)
1. Initial log-likelihood: -11255.781
Optimal log-likelihood: -11255.781
Rate parameters:  A-C: 1.10503  A-G: 1.22820  A-T: 1.05395  C-G: 0.99950  C-T: 1.74796  G-T: 1.00000
Base frequencies:  A: 0.325  C: 0.173  G: 0.210  T: 0.292
Parameters optimization took 1 rounds (0.005 sec)
BEST SCORE FOUND : -11255.781

Testing tree branches by aBayes parametric test...
0.007 sec.
Total tree length: 3.411

Total number of iterations: 102
CPU time used for tree search: 2.652 sec (0h:0m:2s)
Wall-clock time used for tree search: 2.741 sec (0h:0m:2s)
Total CPU time used: 2.690 sec (0h:0m:2s)
Total wall-clock time used: 2.782 sec (0h:0m:2s)

Analysis results written to: 
  IQ-TREE report:                /home/mis/CSE6406-project/work/paper_subset_50x10_L800/ils_high/replicate_07/estimated_gene_trees/L800/gtr/locus_0005.iqtree
  Maximum-likelihood tree:       /home/mis/CSE6406-project/work/paper_subset_50x10_L800/ils_high/replicate_07/estimated_gene_trees/L800/gtr/locus_0005.treefile
  Likelihood distances:          /home/mis/CSE6406-project/work/paper_subset_50x10_L800/ils_high/replicate_07/estimated_gene_trees/L800/gtr/locus_0005.mldist
  Screen log file:               /home/mis/CSE6406-project/work/paper_subset_50x10_L800/ils_high/replicate_07/estimated_gene_trees/L800/gtr/locus_0005.log

Date and Time: Sat Sep 12 20:01:41 2026
