IQ-TREE multicore version 2.4.0 for Linux x86 64-bit built Feb 12 2025
Developed by Bui Quang Minh, Nguyen Lam Tung, Olga Chernomor, Heiko Schmidt,
Dominik Schrempf, Michael Woodhams, Ly Trong Nhan, Thomas Wong

Host:    ezmata (AVX2, FMA3, 15 GB RAM)
Command: /home/mis/miniconda3/envs/cse6406/bin/iqtree2 -s /home/mis/CSE6406-project/work/paper_subset_50x10_L800/ils_high/replicate_07/alignments/L800/locus_0038.phy -m GTR --abayes -T 1 --seed 7106039 --prefix /home/mis/CSE6406-project/work/paper_subset_50x10_L800/ils_high/replicate_07/estimated_gene_trees/L800/gtr/locus_0038 --redo --quiet
Seed:    7106039 (Using SPRNG - Scalable Parallel Random Number Generator)
Time:    Sat Sep 12 20:01:47 2026
Kernel:  AVX+FMA - 1 threads (16 CPU cores detected)

HINT: Use -nt option to specify number of threads because your CPU has 16 cores!
HINT: -nt AUTO will automatically determine the best number of threads to use.

Reading alignment file /home/mis/CSE6406-project/work/paper_subset_50x10_L800/ils_high/replicate_07/alignments/L800/locus_0038.phy ... Phylip format detected
Alignment most likely contains DNA/RNA sequences
Alignment has 21 sequences with 800 columns, 415 distinct patterns
325 parsimony-informative, 102 singleton sites, 373 constant sites
        Gap/Ambiguity  Composition  p-value
Analyzing sequences: done in 1.9814e-05 secs using 95.89% CPU
   1  8_0_0     0.00%    passed     98.91%
   2  15_0_0    0.00%    passed     79.59%
   3  3_0_0     0.00%    passed     87.21%
   4  13_0_0    0.00%    passed     84.13%
   5  2_0_0     0.00%    passed     78.25%
   6  6_0_0     0.00%    passed     55.67%
   7  11_0_0    0.00%    passed     99.88%
   8  9_0_0     0.00%    passed     59.62%
   9  16_0_0    0.00%    passed     93.02%
  10  5_0_0     0.00%    passed     84.42%
  11  10_0_0    0.00%    passed     80.25%
  12  17_0_0    0.00%    passed     69.68%
  13  14_0_0    0.00%    passed     52.82%
  14  4_0_0     0.00%    passed     99.67%
  15  7_0_0     0.00%    passed     94.05%
  16  12_0_0    0.00%    passed     79.93%
  17  1_0_0     0.00%    passed     84.90%
  18  18_0_0    0.00%    passed     75.46%
  19  20_0_0    0.00%    passed     50.00%
  20  19_0_0    0.00%    passed     75.92%
  21  0_0_0     0.00%    passed     61.21%
****  TOTAL     0.00%  0 sequences failed composition chi2 test (p-value<5%; df=3)

Create initial parsimony tree by phylogenetic likelihood library (PLL)... 0.001 seconds

NOTE: 0 MB RAM (0 GB) is required!
Estimate model parameters (epsilon = 0.100)
1. Initial log-likelihood: -11282.075
2. Current log-likelihood: -11213.590
3. Current log-likelihood: -11213.452
Optimal log-likelihood: -11213.450
Rate parameters:  A-C: 1.14084  A-G: 1.66169  A-T: 1.07819  C-G: 0.93881  C-T: 1.42743  G-T: 1.00000
Base frequencies:  A: 0.289  C: 0.207  G: 0.191  T: 0.313
Parameters optimization took 3 rounds (0.013 sec)
Wrote distance file to... 
Computing ML distances based on estimated model parameters...
Calculating distance matrix: done in 0.000829854 secs using 99.9% CPU
Computing ML distances took 0.000885 sec (of wall-clock time) 0.000887 sec (of CPU time)
Setting up auxiliary I and S matrices: done in 6.7266e-05 secs
Computing RapidNJ tree took 0.000266 sec (of wall-clock time) 0.000000 sec (of CPU time)
Log-likelihood of RapidNJ tree: -11249.666
--------------------------------------------------------------------
|             INITIALIZING CANDIDATE TREE SET                      |
--------------------------------------------------------------------
Generating 98 parsimony trees... 0.148 second
Computing log-likelihood of 98 initial trees ... 0.096 seconds
Current best score: -11199.980

Do NNI search on 20 best initial trees
Estimate model parameters (epsilon = 0.100)
BETTER TREE FOUND at iteration 1: -11197.614
Estimate model parameters (epsilon = 0.100)
BETTER TREE FOUND at iteration 3: -11197.569
Estimate model parameters (epsilon = 0.100)
BETTER TREE FOUND at iteration 4: -11194.794
Iteration 10 / LogL: -11208.484 / Time: 0h:0m:0s
Iteration 20 / LogL: -11202.265 / Time: 0h:0m:0s
Finish initializing candidate tree set (16)
Current best tree score: -11194.794 / CPU time: 0.377
Number of iterations: 20
--------------------------------------------------------------------
|               OPTIMIZING CANDIDATE TREE SET                      |
--------------------------------------------------------------------
Iteration 30 / LogL: -11198.488 / Time: 0h:0m:0s (0h:0m:1s left)
Iteration 40 / LogL: -11198.475 / Time: 0h:0m:0s (0h:0m:1s left)
Iteration 50 / LogL: -11194.804 / Time: 0h:0m:0s (0h:0m:0s left)
Iteration 60 / LogL: -11194.801 / Time: 0h:0m:0s (0h:0m:0s left)
Iteration 70 / LogL: -11198.059 / Time: 0h:0m:1s (0h:0m:0s left)
Iteration 80 / LogL: -11198.101 / Time: 0h:0m:1s (0h:0m:0s left)
Iteration 90 / LogL: -11194.798 / Time: 0h:0m:1s (0h:0m:0s left)
Iteration 100 / LogL: -11206.547 / Time: 0h:0m:1s (0h:0m:0s left)
TREE SEARCH COMPLETED AFTER 105 ITERATIONS / Time: 0h:0m:1s

--------------------------------------------------------------------
|                    FINALIZING TREE SEARCH                        |
--------------------------------------------------------------------
Performs final model parameters optimization
Estimate model parameters (epsilon = 0.010)
1. Initial log-likelihood: -11194.794
Optimal log-likelihood: -11194.794
Rate parameters:  A-C: 1.09138  A-G: 1.63175  A-T: 0.99952  C-G: 0.92111  C-T: 1.36419  G-T: 1.00000
Base frequencies:  A: 0.289  C: 0.207  G: 0.191  T: 0.313
Parameters optimization took 1 rounds (0.002 sec)
BEST SCORE FOUND : -11194.794

Testing tree branches by aBayes parametric test...
0.003 sec.
Total tree length: 3.388

Total number of iterations: 105
CPU time used for tree search: 1.385 sec (0h:0m:1s)
Wall-clock time used for tree search: 1.431 sec (0h:0m:1s)
Total CPU time used: 1.418 sec (0h:0m:1s)
Total wall-clock time used: 1.465 sec (0h:0m:1s)

Analysis results written to: 
  IQ-TREE report:                /home/mis/CSE6406-project/work/paper_subset_50x10_L800/ils_high/replicate_07/estimated_gene_trees/L800/gtr/locus_0038.iqtree
  Maximum-likelihood tree:       /home/mis/CSE6406-project/work/paper_subset_50x10_L800/ils_high/replicate_07/estimated_gene_trees/L800/gtr/locus_0038.treefile
  Likelihood distances:          /home/mis/CSE6406-project/work/paper_subset_50x10_L800/ils_high/replicate_07/estimated_gene_trees/L800/gtr/locus_0038.mldist
  Screen log file:               /home/mis/CSE6406-project/work/paper_subset_50x10_L800/ils_high/replicate_07/estimated_gene_trees/L800/gtr/locus_0038.log

Date and Time: Sat Sep 12 20:01:49 2026
