IQ-TREE multicore version 2.4.0 for Linux x86 64-bit built Feb 12 2025
Developed by Bui Quang Minh, Nguyen Lam Tung, Olga Chernomor, Heiko Schmidt,
Dominik Schrempf, Michael Woodhams, Ly Trong Nhan, Thomas Wong

Host:    ezmata (AVX2, FMA3, 15 GB RAM)
Command: /home/mis/miniconda3/envs/cse6406/bin/iqtree2 -s /home/mis/CSE6406-project/work/paper_subset_50x10_L1600/ils_high/replicate_10/alignments/L1600/locus_0014.phy -m HKY+G4 --abayes -T 1 --seed 7406015 --prefix /home/mis/CSE6406-project/work/paper_subset_50x10_L1600/ils_high/replicate_10/estimated_gene_trees/L1600/hky_g4/locus_0014 --redo --quiet
Seed:    7406015 (Using SPRNG - Scalable Parallel Random Number Generator)
Time:    Sat Sep 12 22:07:23 2026
Kernel:  AVX+FMA - 1 threads (16 CPU cores detected)

HINT: Use -nt option to specify number of threads because your CPU has 16 cores!
HINT: -nt AUTO will automatically determine the best number of threads to use.

Reading alignment file /home/mis/CSE6406-project/work/paper_subset_50x10_L1600/ils_high/replicate_10/alignments/L1600/locus_0014.phy ... Phylip format detected
Alignment most likely contains DNA/RNA sequences
Alignment has 21 sequences with 1600 columns, 528 distinct patterns
403 parsimony-informative, 175 singleton sites, 1022 constant sites
        Gap/Ambiguity  Composition  p-value
Analyzing sequences: done in 3.4471e-05 secs using 95.73% CPU
   1  18_0_0    0.00%    passed     97.87%
   2  15_0_0    0.00%    passed     97.82%
   3  11_0_0    0.00%    passed     95.02%
   4  14_0_0    0.00%    passed     73.70%
   5  8_0_0     0.00%    passed     95.47%
   6  10_0_0    0.00%    passed     72.81%
   7  2_0_0     0.00%    passed     97.94%
   8  1_0_0     0.00%    passed     92.57%
   9  16_0_0    0.00%    passed     97.78%
  10  4_0_0     0.00%    passed     90.23%
  11  6_0_0     0.00%    passed     99.04%
  12  5_0_0     0.00%    passed     70.69%
  13  9_0_0     0.00%    passed     96.83%
  14  17_0_0    0.00%    passed     92.35%
  15  13_0_0    0.00%    passed     98.35%
  16  12_0_0    0.00%    passed     97.97%
  17  7_0_0     0.00%    passed     98.79%
  18  3_0_0     0.00%    passed     94.24%
  19  20_0_0    0.00%    passed     99.03%
  20  19_0_0    0.00%    passed     99.98%
  21  0_0_0     0.00%    passed     90.96%
****  TOTAL     0.00%  0 sequences failed composition chi2 test (p-value<5%; df=3)

Create initial parsimony tree by phylogenetic likelihood library (PLL)... 0.001 seconds

NOTE: 1 MB RAM (0 GB) is required!
Estimate model parameters (epsilon = 0.100)
1. Initial log-likelihood: -10258.470
2. Current log-likelihood: -9943.042
3. Current log-likelihood: -9939.879
Optimal log-likelihood: -9939.872
Rate parameters:  A-C: 1.00000  A-G: 1.97449  A-T: 1.00000  C-G: 1.00000  C-T: 1.97449  G-T: 1.00000
Base frequencies:  A: 0.287  C: 0.209  G: 0.190  T: 0.313
Gamma shape alpha: 0.231
Parameters optimization took 3 rounds (0.045 sec)
Wrote distance file to... 
Computing ML distances based on estimated model parameters...
Calculating distance matrix: done in 0.00277688 secs using 99.43% CPU
Computing ML distances took 0.002852 sec (of wall-clock time) 0.002833 sec (of CPU time)
Setting up auxiliary I and S matrices: done in 6.4953e-05 secs using 58.5% CPU
Computing RapidNJ tree took 0.000246 sec (of wall-clock time) 0.000043 sec (of CPU time)
Log-likelihood of RapidNJ tree: -9939.156
--------------------------------------------------------------------
|             INITIALIZING CANDIDATE TREE SET                      |
--------------------------------------------------------------------
Generating 98 parsimony trees... 0.198 second
Computing log-likelihood of 98 initial trees ... 0.378 seconds
Current best score: -9936.126

Do NNI search on 20 best initial trees
Estimate model parameters (epsilon = 0.100)
BETTER TREE FOUND at iteration 1: -9935.690
Iteration 10 / LogL: -9935.714 / Time: 0h:0m:1s
Iteration 20 / LogL: -9935.695 / Time: 0h:0m:1s
Finish initializing candidate tree set (1)
Current best tree score: -9935.690 / CPU time: 1.411
Number of iterations: 20
--------------------------------------------------------------------
|               OPTIMIZING CANDIDATE TREE SET                      |
--------------------------------------------------------------------
Iteration 30 / LogL: -9935.701 / Time: 0h:0m:2s (0h:0m:4s left)
Iteration 40 / LogL: -9935.734 / Time: 0h:0m:2s (0h:0m:3s left)
Iteration 50 / LogL: -9936.200 / Time: 0h:0m:3s (0h:0m:3s left)
Iteration 60 / LogL: -9936.002 / Time: 0h:0m:3s (0h:0m:2s left)
Iteration 70 / LogL: -9936.493 / Time: 0h:0m:4s (0h:0m:1s left)
Iteration 80 / LogL: -9935.997 / Time: 0h:0m:4s (0h:0m:1s left)
Iteration 90 / LogL: -9935.830 / Time: 0h:0m:5s (0h:0m:0s left)
Iteration 100 / LogL: -9935.698 / Time: 0h:0m:6s (0h:0m:0s left)
TREE SEARCH COMPLETED AFTER 102 ITERATIONS / Time: 0h:0m:6s

--------------------------------------------------------------------
|                    FINALIZING TREE SEARCH                        |
--------------------------------------------------------------------
Performs final model parameters optimization
Estimate model parameters (epsilon = 0.010)
1. Initial log-likelihood: -9935.690
Optimal log-likelihood: -9935.690
Rate parameters:  A-C: 1.00000  A-G: 1.98486  A-T: 1.00000  C-G: 1.00000  C-T: 1.98486  G-T: 1.00000
Base frequencies:  A: 0.287  C: 0.209  G: 0.190  T: 0.313
Gamma shape alpha: 0.231
Parameters optimization took 1 rounds (0.008 sec)
BEST SCORE FOUND : -9935.690

Testing tree branches by aBayes parametric test...
0.013 sec.
Total tree length: 1.182

Total number of iterations: 102
CPU time used for tree search: 6.200 sec (0h:0m:6s)
Wall-clock time used for tree search: 6.324 sec (0h:0m:6s)
Total CPU time used: 6.286 sec (0h:0m:6s)
Total wall-clock time used: 6.414 sec (0h:0m:6s)

Analysis results written to: 
  IQ-TREE report:                /home/mis/CSE6406-project/work/paper_subset_50x10_L1600/ils_high/replicate_10/estimated_gene_trees/L1600/hky_g4/locus_0014.iqtree
  Maximum-likelihood tree:       /home/mis/CSE6406-project/work/paper_subset_50x10_L1600/ils_high/replicate_10/estimated_gene_trees/L1600/hky_g4/locus_0014.treefile
  Likelihood distances:          /home/mis/CSE6406-project/work/paper_subset_50x10_L1600/ils_high/replicate_10/estimated_gene_trees/L1600/hky_g4/locus_0014.mldist
  Screen log file:               /home/mis/CSE6406-project/work/paper_subset_50x10_L1600/ils_high/replicate_10/estimated_gene_trees/L1600/hky_g4/locus_0014.log

Date and Time: Sat Sep 12 22:07:30 2026
