IQ-TREE multicore version 2.4.0 for Linux x86 64-bit built Feb 12 2025
Developed by Bui Quang Minh, Nguyen Lam Tung, Olga Chernomor, Heiko Schmidt,
Dominik Schrempf, Michael Woodhams, Ly Trong Nhan, Thomas Wong

Host:    ezmata (AVX2, FMA3, 15 GB RAM)
Command: /home/mis/miniconda3/envs/cse6406/bin/iqtree2 -s /home/mis/CSE6406-project/work/paper_subset_50x10_L1600/ils_high/replicate_10/alignments/L1600/locus_0022.phy -m HKY+G4 --abayes -T 1 --seed 7406023 --prefix /home/mis/CSE6406-project/work/paper_subset_50x10_L1600/ils_high/replicate_10/estimated_gene_trees/L1600/hky_g4/locus_0022 --redo --quiet
Seed:    7406023 (Using SPRNG - Scalable Parallel Random Number Generator)
Time:    Sat Sep 12 22:07:29 2026
Kernel:  AVX+FMA - 1 threads (16 CPU cores detected)

HINT: Use -nt option to specify number of threads because your CPU has 16 cores!
HINT: -nt AUTO will automatically determine the best number of threads to use.

Reading alignment file /home/mis/CSE6406-project/work/paper_subset_50x10_L1600/ils_high/replicate_10/alignments/L1600/locus_0022.phy ... Phylip format detected
Alignment most likely contains DNA/RNA sequences
Alignment has 21 sequences with 1600 columns, 514 distinct patterns
382 parsimony-informative, 178 singleton sites, 1040 constant sites
        Gap/Ambiguity  Composition  p-value
Analyzing sequences: done in 4.6044e-05 secs
   1  13_0_0    0.00%    passed     98.96%
   2  14_0_0    0.00%    passed     86.02%
   3  3_0_0     0.00%    passed     98.98%
   4  7_0_0     0.00%    passed     90.37%
   5  16_0_0    0.00%    passed     99.18%
   6  1_0_0     0.00%    passed     88.33%
   7  6_0_0     0.00%    passed     96.28%
   8  5_0_0     0.00%    passed     96.21%
   9  4_0_0     0.00%    passed     98.86%
  10  9_0_0     0.00%    passed     90.19%
  11  12_0_0    0.00%    passed     89.47%
  12  15_0_0    0.00%    passed     95.33%
  13  11_0_0    0.00%    passed     90.87%
  14  8_0_0     0.00%    passed     99.03%
  15  18_0_0    0.00%    passed     91.13%
  16  2_0_0     0.00%    passed     96.60%
  17  10_0_0    0.00%    passed     99.35%
  18  17_0_0    0.00%    passed     99.98%
  19  19_0_0    0.00%    passed     94.88%
  20  20_0_0    0.00%    passed     98.04%
  21  0_0_0     0.00%    passed     67.72%
****  TOTAL     0.00%  0 sequences failed composition chi2 test (p-value<5%; df=3)

Create initial parsimony tree by phylogenetic likelihood library (PLL)... 0.001 seconds

NOTE: 1 MB RAM (0 GB) is required!
Estimate model parameters (epsilon = 0.100)
1. Initial log-likelihood: -10675.178
2. Current log-likelihood: -10250.667
3. Current log-likelihood: -10245.137
Optimal log-likelihood: -10245.122
Rate parameters:  A-C: 1.00000  A-G: 2.01618  A-T: 1.00000  C-G: 1.00000  C-T: 2.01618  G-T: 1.00000
Base frequencies:  A: 0.294  C: 0.219  G: 0.189  T: 0.298
Gamma shape alpha: 0.195
Parameters optimization took 3 rounds (0.039 sec)
Wrote distance file to... 
Computing ML distances based on estimated model parameters...
Calculating distance matrix: done in 0.00266515 secs using 99.99% CPU
Computing ML distances took 0.002739 sec (of wall-clock time) 0.002741 sec (of CPU time)
Setting up auxiliary I and S matrices: done in 7.2048e-05 secs using 98.55% CPU
Computing RapidNJ tree took 0.000239 sec (of wall-clock time) 0.000239 sec (of CPU time)
Log-likelihood of RapidNJ tree: -10245.850
--------------------------------------------------------------------
|             INITIALIZING CANDIDATE TREE SET                      |
--------------------------------------------------------------------
Generating 98 parsimony trees... 0.168 second
Computing log-likelihood of 98 initial trees ... 0.292 seconds
Current best score: -10239.452

Do NNI search on 20 best initial trees
Estimate model parameters (epsilon = 0.100)
BETTER TREE FOUND at iteration 1: -10237.335
Estimate model parameters (epsilon = 0.100)
BETTER TREE FOUND at iteration 6: -10237.248
Iteration 10 / LogL: -10237.337 / Time: 0h:0m:0s
Iteration 20 / LogL: -10237.336 / Time: 0h:0m:1s
Finish initializing candidate tree set (3)
Current best tree score: -10237.248 / CPU time: 1.129
Number of iterations: 20
--------------------------------------------------------------------
|               OPTIMIZING CANDIDATE TREE SET                      |
--------------------------------------------------------------------
UPDATE BEST LOG-LIKELIHOOD: -10237.248
Iteration 30 / LogL: -10237.248 / Time: 0h:0m:1s (0h:0m:4s left)
Iteration 40 / LogL: -10237.336 / Time: 0h:0m:2s (0h:0m:4s left)
Iteration 50 / LogL: -10237.336 / Time: 0h:0m:4s (0h:0m:4s left)
Iteration 60 / LogL: -10237.248 / Time: 0h:0m:5s (0h:0m:4s left)
Iteration 70 / LogL: -10237.336 / Time: 0h:0m:6s (0h:0m:3s left)
Iteration 80 / LogL: -10237.336 / Time: 0h:0m:8s (0h:0m:2s left)
UPDATE BEST LOG-LIKELIHOOD: -10237.248
Iteration 90 / LogL: -10237.336 / Time: 0h:0m:9s (0h:0m:1s left)
Iteration 100 / LogL: -10237.248 / Time: 0h:0m:10s (0h:0m:0s left)
TREE SEARCH COMPLETED AFTER 107 ITERATIONS / Time: 0h:0m:11s

--------------------------------------------------------------------
|                    FINALIZING TREE SEARCH                        |
--------------------------------------------------------------------
Performs final model parameters optimization
Estimate model parameters (epsilon = 0.010)
1. Initial log-likelihood: -10237.248
Optimal log-likelihood: -10237.248
Rate parameters:  A-C: 1.00000  A-G: 2.01493  A-T: 1.00000  C-G: 1.00000  C-T: 2.01493  G-T: 1.00000
Base frequencies:  A: 0.294  C: 0.219  G: 0.189  T: 0.298
Gamma shape alpha: 0.196
Parameters optimization took 1 rounds (0.017 sec)
BEST SCORE FOUND : -10237.248

Testing tree branches by aBayes parametric test...
0.024 sec.
Total tree length: 1.337

Total number of iterations: 107
CPU time used for tree search: 11.274 sec (0h:0m:11s)
Wall-clock time used for tree search: 11.415 sec (0h:0m:11s)
Total CPU time used: 11.374 sec (0h:0m:11s)
Total wall-clock time used: 11.518 sec (0h:0m:11s)

Analysis results written to: 
  IQ-TREE report:                /home/mis/CSE6406-project/work/paper_subset_50x10_L1600/ils_high/replicate_10/estimated_gene_trees/L1600/hky_g4/locus_0022.iqtree
  Maximum-likelihood tree:       /home/mis/CSE6406-project/work/paper_subset_50x10_L1600/ils_high/replicate_10/estimated_gene_trees/L1600/hky_g4/locus_0022.treefile
  Likelihood distances:          /home/mis/CSE6406-project/work/paper_subset_50x10_L1600/ils_high/replicate_10/estimated_gene_trees/L1600/hky_g4/locus_0022.mldist
  Screen log file:               /home/mis/CSE6406-project/work/paper_subset_50x10_L1600/ils_high/replicate_10/estimated_gene_trees/L1600/hky_g4/locus_0022.log

Date and Time: Sat Sep 12 22:07:41 2026
