IQ-TREE multicore version 2.4.0 for Linux x86 64-bit built Feb 12 2025
Developed by Bui Quang Minh, Nguyen Lam Tung, Olga Chernomor, Heiko Schmidt,
Dominik Schrempf, Michael Woodhams, Ly Trong Nhan, Thomas Wong

Host:    ezmata (AVX2, FMA3, 15 GB RAM)
Command: /home/mis/miniconda3/envs/cse6406/bin/iqtree2 -s /home/mis/CSE6406-project/work/paper_subset_50x10_L200/ils_low/replicate_09/alignments/L200/locus_0036.phy -m GTR --abayes -T 1 --seed 7306037 --prefix /home/mis/CSE6406-project/work/paper_subset_50x10_L200/ils_low/replicate_09/estimated_gene_trees/L200/gtr/locus_0036 --redo --quiet
Seed:    7306037 (Using SPRNG - Scalable Parallel Random Number Generator)
Time:    Sat Sep 12 21:37:43 2026
Kernel:  AVX+FMA - 1 threads (16 CPU cores detected)

HINT: Use -nt option to specify number of threads because your CPU has 16 cores!
HINT: -nt AUTO will automatically determine the best number of threads to use.

Reading alignment file /home/mis/CSE6406-project/work/paper_subset_50x10_L200/ils_low/replicate_09/alignments/L200/locus_0036.phy ... Phylip format detected
Alignment most likely contains DNA/RNA sequences
Alignment has 21 sequences with 200 columns, 111 distinct patterns
87 parsimony-informative, 20 singleton sites, 93 constant sites
        Gap/Ambiguity  Composition  p-value
Analyzing sequences: done in 1.9728e-05 secs using 91.24% CPU
   1  10_0_0    0.00%    passed     64.40%
   2  2_0_0     0.00%    passed     98.99%
   3  7_0_0     0.00%    passed     77.13%
   4  15_0_0    0.00%    passed     81.76%
   5  18_0_0    0.00%    passed     56.53%
   6  17_0_0    0.00%    passed     87.91%
   7  5_0_0     0.00%    passed     85.80%
   8  12_0_0    0.00%    passed     66.06%
   9  20_0_0    0.00%    passed     38.34%
  10  19_0_0    0.00%    passed     99.31%
  11  6_0_0     0.00%    passed     94.97%
  12  9_0_0     0.00%    passed     65.22%
  13  3_0_0     0.00%    passed     90.78%
  14  11_0_0    0.00%    passed     75.13%
  15  4_0_0     0.00%    passed     99.87%
  16  13_0_0    0.00%    passed     94.67%
  17  14_0_0    0.00%    passed     48.39%
  18  1_0_0     0.00%    passed     93.40%
  19  8_0_0     0.00%    passed     87.00%
  20  16_0_0    0.00%    passed     94.85%
  21  0_0_0     0.00%    passed     30.59%
****  TOTAL     0.00%  0 sequences failed composition chi2 test (p-value<5%; df=3)

Create initial parsimony tree by phylogenetic likelihood library (PLL)... 0.002 seconds

NOTE: 0 MB RAM (0 GB) is required!
Estimate model parameters (epsilon = 0.100)
1. Initial log-likelihood: -2795.882
2. Current log-likelihood: -2768.878
3. Current log-likelihood: -2768.717
Optimal log-likelihood: -2768.716
Rate parameters:  A-C: 1.07340  A-G: 1.55059  A-T: 0.67953  C-G: 1.28629  C-T: 1.10273  G-T: 1.00000
Base frequencies:  A: 0.265  C: 0.196  G: 0.184  T: 0.355
Parameters optimization took 3 rounds (0.011 sec)
Wrote distance file to... 
Computing ML distances based on estimated model parameters...
Calculating distance matrix: done in 0.00120902 secs using 88.25% CPU
Computing ML distances took 0.001265 sec (of wall-clock time) 0.001123 sec (of CPU time)
Setting up auxiliary I and S matrices: done in 7.6365e-05 secs using 276.3% CPU
Computing RapidNJ tree took 0.000282 sec (of wall-clock time) 0.000417 sec (of CPU time)
Log-likelihood of RapidNJ tree: -2788.739
--------------------------------------------------------------------
|             INITIALIZING CANDIDATE TREE SET                      |
--------------------------------------------------------------------
Generating 98 parsimony trees... 0.109 second
Computing log-likelihood of 98 initial trees ... 0.094 seconds
Current best score: -2764.650

Do NNI search on 20 best initial trees
Estimate model parameters (epsilon = 0.100)
BETTER TREE FOUND at iteration 1: -2762.885
Estimate model parameters (epsilon = 0.100)
BETTER TREE FOUND at iteration 3: -2761.770
Iteration 10 / LogL: -2770.294 / Time: 0h:0m:0s
Iteration 20 / LogL: -2763.235 / Time: 0h:0m:0s
Finish initializing candidate tree set (17)
Current best tree score: -2761.770 / CPU time: 0.344
Number of iterations: 20
--------------------------------------------------------------------
|               OPTIMIZING CANDIDATE TREE SET                      |
--------------------------------------------------------------------
Estimate model parameters (epsilon = 0.100)
BETTER TREE FOUND at iteration 25: -2761.122
Iteration 30 / LogL: -2765.226 / Time: 0h:0m:0s (0h:0m:1s left)
Iteration 40 / LogL: -2761.797 / Time: 0h:0m:0s (0h:0m:1s left)
Iteration 50 / LogL: -2762.176 / Time: 0h:0m:0s (0h:0m:1s left)
Iteration 60 / LogL: -2761.698 / Time: 0h:0m:0s (0h:0m:0s left)
Iteration 70 / LogL: -2761.718 / Time: 0h:0m:0s (0h:0m:0s left)
Iteration 80 / LogL: -2767.307 / Time: 0h:0m:1s (0h:0m:0s left)
Iteration 90 / LogL: -2761.716 / Time: 0h:0m:1s (0h:0m:0s left)
Iteration 100 / LogL: -2761.666 / Time: 0h:0m:1s (0h:0m:0s left)
Iteration 110 / LogL: -2761.124 / Time: 0h:0m:1s (0h:0m:0s left)
Iteration 120 / LogL: -2761.133 / Time: 0h:0m:1s (0h:0m:0s left)
TREE SEARCH COMPLETED AFTER 126 ITERATIONS / Time: 0h:0m:1s

--------------------------------------------------------------------
|                    FINALIZING TREE SEARCH                        |
--------------------------------------------------------------------
Performs final model parameters optimization
Estimate model parameters (epsilon = 0.010)
1. Initial log-likelihood: -2761.122
Optimal log-likelihood: -2761.121
Rate parameters:  A-C: 1.04121  A-G: 1.59750  A-T: 0.63987  C-G: 1.32896  C-T: 0.91910  G-T: 1.00000
Base frequencies:  A: 0.265  C: 0.196  G: 0.184  T: 0.355
Parameters optimization took 1 rounds (0.002 sec)
BEST SCORE FOUND : -2761.121

Testing tree branches by aBayes parametric test...
0.003 sec.
Total tree length: 3.404

Total number of iterations: 126
CPU time used for tree search: 1.552 sec (0h:0m:1s)
Wall-clock time used for tree search: 1.655 sec (0h:0m:1s)
Total CPU time used: 1.588 sec (0h:0m:1s)
Total wall-clock time used: 1.692 sec (0h:0m:1s)

Analysis results written to: 
  IQ-TREE report:                /home/mis/CSE6406-project/work/paper_subset_50x10_L200/ils_low/replicate_09/estimated_gene_trees/L200/gtr/locus_0036.iqtree
  Maximum-likelihood tree:       /home/mis/CSE6406-project/work/paper_subset_50x10_L200/ils_low/replicate_09/estimated_gene_trees/L200/gtr/locus_0036.treefile
  Likelihood distances:          /home/mis/CSE6406-project/work/paper_subset_50x10_L200/ils_low/replicate_09/estimated_gene_trees/L200/gtr/locus_0036.mldist
  Screen log file:               /home/mis/CSE6406-project/work/paper_subset_50x10_L200/ils_low/replicate_09/estimated_gene_trees/L200/gtr/locus_0036.log

Date and Time: Sat Sep 12 21:37:44 2026
