IQ-TREE multicore version 2.4.0 for Linux x86 64-bit built Feb 12 2025
Developed by Bui Quang Minh, Nguyen Lam Tung, Olga Chernomor, Heiko Schmidt,
Dominik Schrempf, Michael Woodhams, Ly Trong Nhan, Thomas Wong

Host:    ezmata (AVX2, FMA3, 15 GB RAM)
Command: /home/mis/miniconda3/envs/cse6406/bin/iqtree2 -s /home/mis/CSE6406-project/work/paper_subset_50x10_L200/ils_low/replicate_09/alignments/L200/locus_0038.phy -m GTR --abayes -T 1 --seed 7306039 --prefix /home/mis/CSE6406-project/work/paper_subset_50x10_L200/ils_low/replicate_09/estimated_gene_trees/L200/gtr/locus_0038 --redo --quiet
Seed:    7306039 (Using SPRNG - Scalable Parallel Random Number Generator)
Time:    Sat Sep 12 21:37:43 2026
Kernel:  AVX+FMA - 1 threads (16 CPU cores detected)

HINT: Use -nt option to specify number of threads because your CPU has 16 cores!
HINT: -nt AUTO will automatically determine the best number of threads to use.

Reading alignment file /home/mis/CSE6406-project/work/paper_subset_50x10_L200/ils_low/replicate_09/alignments/L200/locus_0038.phy ... Phylip format detected
Alignment most likely contains DNA/RNA sequences
Alignment has 21 sequences with 200 columns, 130 distinct patterns
106 parsimony-informative, 20 singleton sites, 74 constant sites
        Gap/Ambiguity  Composition  p-value
Analyzing sequences: done in 1.0685e-05 secs using 93.59% CPU
   1  0_0_0     0.00%    passed     12.02%
   2  16_0_0    0.00%    passed     72.20%
   3  8_0_0     0.00%    passed     78.52%
   4  1_0_0     0.00%    passed     80.27%
   5  15_0_0    0.00%    passed     78.08%
   6  17_0_0    0.00%    passed     87.54%
   7  18_0_0    0.00%    passed     77.17%
   8  5_0_0     0.00%    passed     93.94%
   9  10_0_0    0.00%    passed     60.11%
  10  2_0_0     0.00%    passed     76.56%
  11  7_0_0     0.00%    passed     81.44%
  12  4_0_0     0.00%    passed     94.40%
  13  11_0_0    0.00%    passed     72.14%
  14  13_0_0    0.00%    passed     97.33%
  15  14_0_0    0.00%    passed     82.35%
  16  3_0_0     0.00%    passed     74.15%
  17  9_0_0     0.00%    passed     77.07%
  18  12_0_0    0.00%    passed     97.31%
  19  20_0_0    0.00%    passed     88.16%
  20  6_0_0     0.00%    passed     64.69%
  21  19_0_0    0.00%    passed     96.28%
****  TOTAL     0.00%  0 sequences failed composition chi2 test (p-value<5%; df=3)

Create initial parsimony tree by phylogenetic likelihood library (PLL)... 0.001 seconds

NOTE: 0 MB RAM (0 GB) is required!
Estimate model parameters (epsilon = 0.100)
1. Initial log-likelihood: -3041.356
2. Current log-likelihood: -3013.864
3. Current log-likelihood: -3013.376
Optimal log-likelihood: -3013.372
Rate parameters:  A-C: 0.49992  A-G: 1.13033  A-T: 0.63590  C-G: 0.66879  C-T: 0.69190  G-T: 1.00000
Base frequencies:  A: 0.303  C: 0.241  G: 0.159  T: 0.298
Parameters optimization took 3 rounds (0.008 sec)
Wrote distance file to... 
Computing ML distances based on estimated model parameters...
Calculating distance matrix: done in 0.000581812 secs using 95.05% CPU
Computing ML distances took 0.000612 sec (of wall-clock time) 0.000585 sec (of CPU time)
Setting up auxiliary I and S matrices: done in 6.345e-05 secs
Computing RapidNJ tree took 0.000268 sec (of wall-clock time) 0.000000 sec (of CPU time)
Log-likelihood of RapidNJ tree: -3019.704
--------------------------------------------------------------------
|             INITIALIZING CANDIDATE TREE SET                      |
--------------------------------------------------------------------
Generating 98 parsimony trees... 0.088 second
Computing log-likelihood of 98 initial trees ... 0.053 seconds
Current best score: -3004.690

Do NNI search on 20 best initial trees
Estimate model parameters (epsilon = 0.100)
BETTER TREE FOUND at iteration 1: -3000.239
Estimate model parameters (epsilon = 0.100)
BETTER TREE FOUND at iteration 2: -3000.007
Iteration 10 / LogL: -3002.184 / Time: 0h:0m:0s
Iteration 20 / LogL: -3000.277 / Time: 0h:0m:0s
Finish initializing candidate tree set (9)
Current best tree score: -3000.007 / CPU time: 0.228
Number of iterations: 20
--------------------------------------------------------------------
|               OPTIMIZING CANDIDATE TREE SET                      |
--------------------------------------------------------------------
Iteration 30 / LogL: -3002.198 / Time: 0h:0m:0s (0h:0m:0s left)
Iteration 40 / LogL: -3000.025 / Time: 0h:0m:0s (0h:0m:0s left)
Iteration 50 / LogL: -3000.149 / Time: 0h:0m:0s (0h:0m:0s left)
Iteration 60 / LogL: -3002.179 / Time: 0h:0m:0s (0h:0m:0s left)
Iteration 70 / LogL: -3000.281 / Time: 0h:0m:0s (0h:0m:0s left)
Iteration 80 / LogL: -3000.017 / Time: 0h:0m:0s (0h:0m:0s left)
Iteration 90 / LogL: -3002.404 / Time: 0h:0m:0s (0h:0m:0s left)
Iteration 100 / LogL: -3000.203 / Time: 0h:0m:0s (0h:0m:0s left)
TREE SEARCH COMPLETED AFTER 103 ITERATIONS / Time: 0h:0m:0s

--------------------------------------------------------------------
|                    FINALIZING TREE SEARCH                        |
--------------------------------------------------------------------
Performs final model parameters optimization
Estimate model parameters (epsilon = 0.010)
1. Initial log-likelihood: -3000.007
Optimal log-likelihood: -3000.007
Rate parameters:  A-C: 0.60528  A-G: 1.27869  A-T: 0.77323  C-G: 0.73681  C-T: 0.75228  G-T: 1.00000
Base frequencies:  A: 0.303  C: 0.241  G: 0.159  T: 0.298
Parameters optimization took 1 rounds (0.001 sec)
BEST SCORE FOUND : -3000.007

Testing tree branches by aBayes parametric test...
0.002 sec.
Total tree length: 4.014

Total number of iterations: 103
CPU time used for tree search: 0.752 sec (0h:0m:0s)
Wall-clock time used for tree search: 0.821 sec (0h:0m:0s)
Total CPU time used: 0.775 sec (0h:0m:0s)
Total wall-clock time used: 0.846 sec (0h:0m:0s)

Analysis results written to: 
  IQ-TREE report:                /home/mis/CSE6406-project/work/paper_subset_50x10_L200/ils_low/replicate_09/estimated_gene_trees/L200/gtr/locus_0038.iqtree
  Maximum-likelihood tree:       /home/mis/CSE6406-project/work/paper_subset_50x10_L200/ils_low/replicate_09/estimated_gene_trees/L200/gtr/locus_0038.treefile
  Likelihood distances:          /home/mis/CSE6406-project/work/paper_subset_50x10_L200/ils_low/replicate_09/estimated_gene_trees/L200/gtr/locus_0038.mldist
  Screen log file:               /home/mis/CSE6406-project/work/paper_subset_50x10_L200/ils_low/replicate_09/estimated_gene_trees/L200/gtr/locus_0038.log

Date and Time: Sat Sep 12 21:37:44 2026
