IQ-TREE multicore version 2.4.0 for Linux x86 64-bit built Feb 12 2025
Developed by Bui Quang Minh, Nguyen Lam Tung, Olga Chernomor, Heiko Schmidt,
Dominik Schrempf, Michael Woodhams, Ly Trong Nhan, Thomas Wong

Host:    ezmata (AVX2, FMA3, 15 GB RAM)
Command: /home/mis/miniconda3/envs/cse6406/bin/iqtree2 -s /home/mis/CSE6406-project/work/paper_subset_50x10_L200/ils_low/replicate_09/alignments/L200/locus_0011.phy -m GTR --abayes -T 1 --seed 7306012 --prefix /home/mis/CSE6406-project/work/paper_subset_50x10_L200/ils_low/replicate_09/estimated_gene_trees/L200/gtr/locus_0011 --redo --quiet
Seed:    7306012 (Using SPRNG - Scalable Parallel Random Number Generator)
Time:    Sat Sep 12 21:37:39 2026
Kernel:  AVX+FMA - 1 threads (16 CPU cores detected)

HINT: Use -nt option to specify number of threads because your CPU has 16 cores!
HINT: -nt AUTO will automatically determine the best number of threads to use.

Reading alignment file /home/mis/CSE6406-project/work/paper_subset_50x10_L200/ils_low/replicate_09/alignments/L200/locus_0011.phy ... Phylip format detected
Alignment most likely contains DNA/RNA sequences
Alignment has 21 sequences with 200 columns, 118 distinct patterns
103 parsimony-informative, 12 singleton sites, 85 constant sites
        Gap/Ambiguity  Composition  p-value
Analyzing sequences: done in 8.58301e-06 secs
   1  16_0_0    0.00%    passed     66.05%
   2  8_0_0     0.00%    passed     24.55%
   3  1_0_0     0.00%    passed     76.31%
   4  13_0_0    0.00%    passed     52.85%
   5  14_0_0    0.00%    passed     82.08%
   6  11_0_0    0.00%    passed     91.69%
   7  4_0_0     0.00%    passed     48.22%
   8  7_0_0     0.00%    passed     96.30%
   9  10_0_0    0.00%    passed     75.69%
  10  2_0_0     0.00%    passed     90.46%
  11  5_0_0     0.00%    passed     19.07%
  12  15_0_0    0.00%    passed     71.40%
  13  17_0_0    0.00%    passed     99.37%
  14  18_0_0    0.00%    passed     97.50%
  15  12_0_0    0.00%    passed     82.02%
  16  20_0_0    0.00%    passed     89.00%
  17  19_0_0    0.00%    passed     82.21%
  18  6_0_0     0.00%    passed     73.94%
  19  3_0_0     0.00%    passed     70.55%
  20  9_0_0     0.00%    passed     94.40%
  21  0_0_0     0.00%    passed     21.27%
****  TOTAL     0.00%  0 sequences failed composition chi2 test (p-value<5%; df=3)

Create initial parsimony tree by phylogenetic likelihood library (PLL)... 0.001 seconds

NOTE: 0 MB RAM (0 GB) is required!
Estimate model parameters (epsilon = 0.100)
1. Initial log-likelihood: -3167.962
2. Current log-likelihood: -3143.455
3. Current log-likelihood: -3142.881
Optimal log-likelihood: -3142.874
Rate parameters:  A-C: 1.95533  A-G: 1.68084  A-T: 1.20509  C-G: 2.10751  C-T: 2.25120  G-T: 1.00000
Base frequencies:  A: 0.322  C: 0.176  G: 0.186  T: 0.316
Parameters optimization took 3 rounds (0.007 sec)
Wrote distance file to... 
Computing ML distances based on estimated model parameters...
Calculating distance matrix: done in 0.000628535 secs using 78.91% CPU
Computing ML distances took 0.000656 sec (of wall-clock time) 0.000519 sec (of CPU time)
Setting up auxiliary I and S matrices: done in 8.0035e-05 secs using 98.71% CPU
Computing RapidNJ tree took 0.000265 sec (of wall-clock time) 0.000491 sec (of CPU time)
Log-likelihood of RapidNJ tree: -3164.184
--------------------------------------------------------------------
|             INITIALIZING CANDIDATE TREE SET                      |
--------------------------------------------------------------------
Generating 98 parsimony trees... 0.078 second
Computing log-likelihood of 98 initial trees ... 0.045 seconds
Current best score: -3131.827

Do NNI search on 20 best initial trees
Estimate model parameters (epsilon = 0.100)
BETTER TREE FOUND at iteration 1: -3130.712
Estimate model parameters (epsilon = 0.100)
BETTER TREE FOUND at iteration 2: -3129.162
Estimate model parameters (epsilon = 0.100)
BETTER TREE FOUND at iteration 4: -3126.447
Iteration 10 / LogL: -3131.700 / Time: 0h:0m:0s
Iteration 20 / LogL: -3136.621 / Time: 0h:0m:0s
Finish initializing candidate tree set (16)
Current best tree score: -3126.447 / CPU time: 0.198
Number of iterations: 20
--------------------------------------------------------------------
|               OPTIMIZING CANDIDATE TREE SET                      |
--------------------------------------------------------------------
Iteration 30 / LogL: -3132.554 / Time: 0h:0m:0s (0h:0m:0s left)
Iteration 40 / LogL: -3129.354 / Time: 0h:0m:0s (0h:0m:0s left)
Iteration 50 / LogL: -3126.540 / Time: 0h:0m:0s (0h:0m:0s left)
Iteration 60 / LogL: -3129.194 / Time: 0h:0m:0s (0h:0m:0s left)
Iteration 70 / LogL: -3126.544 / Time: 0h:0m:0s (0h:0m:0s left)
Iteration 80 / LogL: -3126.471 / Time: 0h:0m:0s (0h:0m:0s left)
Iteration 90 / LogL: -3126.462 / Time: 0h:0m:0s (0h:0m:0s left)
Iteration 100 / LogL: -3130.662 / Time: 0h:0m:0s (0h:0m:0s left)
TREE SEARCH COMPLETED AFTER 105 ITERATIONS / Time: 0h:0m:0s

--------------------------------------------------------------------
|                    FINALIZING TREE SEARCH                        |
--------------------------------------------------------------------
Performs final model parameters optimization
Estimate model parameters (epsilon = 0.010)
1. Initial log-likelihood: -3126.447
Optimal log-likelihood: -3126.446
Rate parameters:  A-C: 1.86851  A-G: 1.61120  A-T: 1.14365  C-G: 2.17727  C-T: 2.22822  G-T: 1.00000
Base frequencies:  A: 0.322  C: 0.176  G: 0.186  T: 0.316
Parameters optimization took 1 rounds (0.001 sec)
BEST SCORE FOUND : -3126.446

Testing tree branches by aBayes parametric test...
0.001 sec.
Total tree length: 4.254

Total number of iterations: 105
CPU time used for tree search: 0.693 sec (0h:0m:0s)
Wall-clock time used for tree search: 0.750 sec (0h:0m:0s)
Total CPU time used: 0.714 sec (0h:0m:0s)
Total wall-clock time used: 0.771 sec (0h:0m:0s)

Analysis results written to: 
  IQ-TREE report:                /home/mis/CSE6406-project/work/paper_subset_50x10_L200/ils_low/replicate_09/estimated_gene_trees/L200/gtr/locus_0011.iqtree
  Maximum-likelihood tree:       /home/mis/CSE6406-project/work/paper_subset_50x10_L200/ils_low/replicate_09/estimated_gene_trees/L200/gtr/locus_0011.treefile
  Likelihood distances:          /home/mis/CSE6406-project/work/paper_subset_50x10_L200/ils_low/replicate_09/estimated_gene_trees/L200/gtr/locus_0011.mldist
  Screen log file:               /home/mis/CSE6406-project/work/paper_subset_50x10_L200/ils_low/replicate_09/estimated_gene_trees/L200/gtr/locus_0011.log

Date and Time: Sat Sep 12 21:37:39 2026
