IQ-TREE multicore version 2.4.0 for Linux x86 64-bit built Feb 12 2025
Developed by Bui Quang Minh, Nguyen Lam Tung, Olga Chernomor, Heiko Schmidt,
Dominik Schrempf, Michael Woodhams, Ly Trong Nhan, Thomas Wong

Host:    ezmata (AVX2, FMA3, 15 GB RAM)
Command: /home/mis/miniconda3/envs/cse6406/bin/iqtree2 -s /home/mis/CSE6406-project/work/paper_subset_50x10_L200/ils_high/replicate_03/alignments/L200/locus_0027.phy -m JC --abayes -T 1 --seed 6706028 --prefix /home/mis/CSE6406-project/work/paper_subset_50x10_L200/ils_high/replicate_03/estimated_gene_trees/L200/jc/locus_0027 --redo --quiet
Seed:    6706028 (Using SPRNG - Scalable Parallel Random Number Generator)
Time:    Sat Sep 12 21:41:55 2026
Kernel:  AVX+FMA - 1 threads (16 CPU cores detected)

HINT: Use -nt option to specify number of threads because your CPU has 16 cores!
HINT: -nt AUTO will automatically determine the best number of threads to use.

Reading alignment file /home/mis/CSE6406-project/work/paper_subset_50x10_L200/ils_high/replicate_03/alignments/L200/locus_0027.phy ... Phylip format detected
Alignment most likely contains DNA/RNA sequences
Alignment has 21 sequences with 200 columns, 120 distinct patterns
102 parsimony-informative, 16 singleton sites, 82 constant sites
        Gap/Ambiguity  Composition  p-value
Analyzing sequences: done in 9.001e-06 secs using 99.99% CPU
   1  0_0_0     0.00%    passed     48.80%
   2  8_0_0     0.00%    passed     61.47%
   3  20_0_0    0.00%    passed     44.75%
   4  18_0_0    0.00%    passed     78.22%
   5  6_0_0     0.00%    passed     92.17%
   6  11_0_0    0.00%    passed     85.83%
   7  15_0_0    0.00%    passed     71.31%
   8  5_0_0     0.00%    passed     54.73%
   9  14_0_0    0.00%    passed     76.27%
  10  7_0_0     0.00%    passed     94.83%
  11  9_0_0     0.00%    passed     99.25%
  12  4_0_0     0.00%    passed     68.20%
  13  12_0_0    0.00%    passed     99.56%
  14  13_0_0    0.00%    passed     84.98%
  15  17_0_0    0.00%    passed     97.13%
  16  16_0_0    0.00%    passed     99.20%
  17  10_0_0    0.00%    passed     71.22%
  18  19_0_0    0.00%    passed     77.84%
  19  2_0_0     0.00%    passed     65.40%
  20  3_0_0     0.00%    passed     20.91%
  21  1_0_0     0.00%    passed     53.93%
****  TOTAL     0.00%  0 sequences failed composition chi2 test (p-value<5%; df=3)

Create initial parsimony tree by phylogenetic likelihood library (PLL)... 0.001 seconds

NOTE: 0 MB RAM (0 GB) is required!
Estimate model parameters (epsilon = 0.100)
1. Initial log-likelihood: -3173.289
Optimal log-likelihood: -3162.734
Rate parameters:  A-C: 1.00000  A-G: 1.00000  A-T: 1.00000  C-G: 1.00000  C-T: 1.00000  G-T: 1.00000
Base frequencies:  A: 0.250  C: 0.250  G: 0.250  T: 0.250
Parameters optimization took 1 rounds (0.001 sec)
Wrote distance file to... 
Computing ML distances based on estimated model parameters...
Calculating distance matrix: done in 0.000572336 secs using 92.25% CPU
Computing ML distances took 0.000600 sec (of wall-clock time) 0.000555 sec (of CPU time)
Setting up auxiliary I and S matrices: done in 4.0809e-05 secs using 93.12% CPU
Computing RapidNJ tree took 0.000188 sec (of wall-clock time) 0.000410 sec (of CPU time)
Log-likelihood of RapidNJ tree: -3175.770
--------------------------------------------------------------------
|             INITIALIZING CANDIDATE TREE SET                      |
--------------------------------------------------------------------
Generating 98 parsimony trees... 0.081 second
Computing log-likelihood of 98 initial trees ... 0.052 seconds
Current best score: -3154.409

Do NNI search on 20 best initial trees
Estimate model parameters (epsilon = 0.100)
BETTER TREE FOUND at iteration 1: -3153.287
Estimate model parameters (epsilon = 0.100)
BETTER TREE FOUND at iteration 2: -3150.789
Estimate model parameters (epsilon = 0.100)
BETTER TREE FOUND at iteration 4: -3150.324
Iteration 10 / LogL: -3151.350 / Time: 0h:0m:0s
Estimate model parameters (epsilon = 0.100)
BETTER TREE FOUND at iteration 17: -3150.212
Iteration 20 / LogL: -3156.922 / Time: 0h:0m:0s
Finish initializing candidate tree set (19)
Current best tree score: -3150.212 / CPU time: 0.212
Number of iterations: 20
--------------------------------------------------------------------
|               OPTIMIZING CANDIDATE TREE SET                      |
--------------------------------------------------------------------
Iteration 30 / LogL: -3150.362 / Time: 0h:0m:0s (0h:0m:0s left)
Iteration 40 / LogL: -3150.408 / Time: 0h:0m:0s (0h:0m:0s left)
Iteration 50 / LogL: -3150.221 / Time: 0h:0m:0s (0h:0m:0s left)
Iteration 60 / LogL: -3150.364 / Time: 0h:0m:0s (0h:0m:0s left)
Iteration 70 / LogL: -3150.426 / Time: 0h:0m:0s (0h:0m:0s left)
Iteration 80 / LogL: -3150.545 / Time: 0h:0m:0s (0h:0m:0s left)
Iteration 90 / LogL: -3150.227 / Time: 0h:0m:0s (0h:0m:0s left)
Iteration 100 / LogL: -3150.429 / Time: 0h:0m:0s (0h:0m:0s left)
Iteration 110 / LogL: -3150.343 / Time: 0h:0m:0s (0h:0m:0s left)
TREE SEARCH COMPLETED AFTER 118 ITERATIONS / Time: 0h:0m:1s

--------------------------------------------------------------------
|                    FINALIZING TREE SEARCH                        |
--------------------------------------------------------------------
Performs final model parameters optimization
Estimate model parameters (epsilon = 0.010)
1. Initial log-likelihood: -3150.212
Optimal log-likelihood: -3150.212
Rate parameters:  A-C: 1.00000  A-G: 1.00000  A-T: 1.00000  C-G: 1.00000  C-T: 1.00000  G-T: 1.00000
Base frequencies:  A: 0.250  C: 0.250  G: 0.250  T: 0.250
Parameters optimization took 1 rounds (0.001 sec)
BEST SCORE FOUND : -3150.212

Testing tree branches by aBayes parametric test...
0.003 sec.
Total tree length: 4.155

Total number of iterations: 118
CPU time used for tree search: 0.977 sec (0h:0m:0s)
Wall-clock time used for tree search: 1.057 sec (0h:0m:1s)
Total CPU time used: 0.993 sec (0h:0m:0s)
Total wall-clock time used: 1.073 sec (0h:0m:1s)

Analysis results written to: 
  IQ-TREE report:                /home/mis/CSE6406-project/work/paper_subset_50x10_L200/ils_high/replicate_03/estimated_gene_trees/L200/jc/locus_0027.iqtree
  Maximum-likelihood tree:       /home/mis/CSE6406-project/work/paper_subset_50x10_L200/ils_high/replicate_03/estimated_gene_trees/L200/jc/locus_0027.treefile
  Likelihood distances:          /home/mis/CSE6406-project/work/paper_subset_50x10_L200/ils_high/replicate_03/estimated_gene_trees/L200/jc/locus_0027.mldist
  Screen log file:               /home/mis/CSE6406-project/work/paper_subset_50x10_L200/ils_high/replicate_03/estimated_gene_trees/L200/jc/locus_0027.log

Date and Time: Sat Sep 12 21:41:56 2026
