IQ-TREE multicore version 2.4.0 for Linux x86 64-bit built Feb 12 2025
Developed by Bui Quang Minh, Nguyen Lam Tung, Olga Chernomor, Heiko Schmidt,
Dominik Schrempf, Michael Woodhams, Ly Trong Nhan, Thomas Wong

Host:    ezmata (AVX2, FMA3, 15 GB RAM)
Command: /home/mis/miniconda3/envs/cse6406/bin/iqtree2 -s /home/mis/CSE6406-project/work/paper_subset_50x10_L200/ils_high/replicate_03/alignments/L200/locus_0015.phy -m JC --abayes -T 1 --seed 6706016 --prefix /home/mis/CSE6406-project/work/paper_subset_50x10_L200/ils_high/replicate_03/estimated_gene_trees/L200/jc/locus_0015 --redo --quiet
Seed:    6706016 (Using SPRNG - Scalable Parallel Random Number Generator)
Time:    Sat Sep 12 21:41:53 2026
Kernel:  AVX+FMA - 1 threads (16 CPU cores detected)

HINT: Use -nt option to specify number of threads because your CPU has 16 cores!
HINT: -nt AUTO will automatically determine the best number of threads to use.

Reading alignment file /home/mis/CSE6406-project/work/paper_subset_50x10_L200/ils_high/replicate_03/alignments/L200/locus_0015.phy ... Phylip format detected
Alignment most likely contains DNA/RNA sequences
Alignment has 21 sequences with 200 columns, 123 distinct patterns
96 parsimony-informative, 25 singleton sites, 79 constant sites
        Gap/Ambiguity  Composition  p-value
Analyzing sequences: done in 1.7815e-05 secs using 89.81% CPU
   1  0_0_0     0.00%    passed     22.97%
   2  3_0_0     0.00%    passed     67.55%
   3  1_0_0     0.00%    passed     97.79%
   4  8_0_0     0.00%    passed     91.49%
   5  7_0_0     0.00%    passed     98.74%
   6  9_0_0     0.00%    passed     98.23%
   7  5_0_0     0.00%    passed     97.04%
   8  6_0_0     0.00%    passed     83.30%
   9  14_0_0    0.00%    passed     79.22%
  10  11_0_0    0.00%    passed     96.37%
  11  17_0_0    0.00%    passed     94.21%
  12  4_0_0     0.00%    passed     37.61%
  13  20_0_0    0.00%    passed     81.89%
  14  16_0_0    0.00%    passed     53.25%
  15  10_0_0    0.00%    passed     99.62%
  16  19_0_0    0.00%    passed     68.42%
  17  12_0_0    0.00%    passed     97.39%
  18  13_0_0    0.00%    passed     31.89%
  19  15_0_0    0.00%    passed     96.54%
  20  18_0_0    0.00%    passed     99.75%
  21  2_0_0     0.00%    passed     53.83%
****  TOTAL     0.00%  0 sequences failed composition chi2 test (p-value<5%; df=3)

Create initial parsimony tree by phylogenetic likelihood library (PLL)... 0.002 seconds

NOTE: 0 MB RAM (0 GB) is required!
Estimate model parameters (epsilon = 0.100)
1. Initial log-likelihood: -3152.442
Optimal log-likelihood: -3142.414
Rate parameters:  A-C: 1.00000  A-G: 1.00000  A-T: 1.00000  C-G: 1.00000  C-T: 1.00000  G-T: 1.00000
Base frequencies:  A: 0.250  C: 0.250  G: 0.250  T: 0.250
Parameters optimization took 1 rounds (0.002 sec)
Wrote distance file to... 
Computing ML distances based on estimated model parameters...
Calculating distance matrix: done in 0.000847807 secs using 99.79% CPU
Computing ML distances took 0.000893 sec (of wall-clock time) 0.000897 sec (of CPU time)
Setting up auxiliary I and S matrices: done in 5.8996e-05 secs
Computing RapidNJ tree took 0.000307 sec (of wall-clock time) 0.000236 sec (of CPU time)
Log-likelihood of RapidNJ tree: -3155.199
--------------------------------------------------------------------
|             INITIALIZING CANDIDATE TREE SET                      |
--------------------------------------------------------------------
Generating 98 parsimony trees... 0.112 second
Computing log-likelihood of 98 initial trees ... 0.088 seconds
Current best score: -3128.694

Do NNI search on 20 best initial trees
Estimate model parameters (epsilon = 0.100)
BETTER TREE FOUND at iteration 1: -3127.810
Estimate model parameters (epsilon = 0.100)
BETTER TREE FOUND at iteration 2: -3126.037
Estimate model parameters (epsilon = 0.100)
BETTER TREE FOUND at iteration 3: -3123.375
Iteration 10 / LogL: -3130.665 / Time: 0h:0m:0s
Iteration 20 / LogL: -3128.409 / Time: 0h:0m:0s
Finish initializing candidate tree set (20)
Current best tree score: -3123.375 / CPU time: 0.354
Number of iterations: 20
--------------------------------------------------------------------
|               OPTIMIZING CANDIDATE TREE SET                      |
--------------------------------------------------------------------
Estimate model parameters (epsilon = 0.100)
BETTER TREE FOUND at iteration 23: -3122.569
Iteration 30 / LogL: -3123.628 / Time: 0h:0m:0s (0h:0m:1s left)
Estimate model parameters (epsilon = 0.100)
BETTER TREE FOUND at iteration 31: -3122.223
Iteration 40 / LogL: -3123.087 / Time: 0h:0m:0s (0h:0m:1s left)
Iteration 50 / LogL: -3122.245 / Time: 0h:0m:0s (0h:0m:1s left)
Iteration 60 / LogL: -3122.499 / Time: 0h:0m:0s (0h:0m:1s left)
Iteration 70 / LogL: -3126.289 / Time: 0h:0m:0s (0h:0m:0s left)
Iteration 80 / LogL: -3122.646 / Time: 0h:0m:1s (0h:0m:0s left)
Estimate model parameters (epsilon = 0.100)
BETTER TREE FOUND at iteration 87: -3119.544
Iteration 90 / LogL: -3123.455 / Time: 0h:0m:1s (0h:0m:1s left)
Iteration 100 / LogL: -3122.296 / Time: 0h:0m:1s (0h:0m:1s left)
Iteration 110 / LogL: -3120.710 / Time: 0h:0m:1s (0h:0m:0s left)
Iteration 120 / LogL: -3120.707 / Time: 0h:0m:1s (0h:0m:0s left)
Iteration 130 / LogL: -3119.547 / Time: 0h:0m:1s (0h:0m:0s left)
Iteration 140 / LogL: -3119.547 / Time: 0h:0m:1s (0h:0m:0s left)
Iteration 150 / LogL: -3119.557 / Time: 0h:0m:1s (0h:0m:0s left)
Iteration 160 / LogL: -3119.567 / Time: 0h:0m:1s (0h:0m:0s left)
Iteration 170 / LogL: -3119.629 / Time: 0h:0m:1s (0h:0m:0s left)
