IQ-TREE multicore version 2.4.0 for Linux x86 64-bit built Feb 12 2025
Developed by Bui Quang Minh, Nguyen Lam Tung, Olga Chernomor, Heiko Schmidt,
Dominik Schrempf, Michael Woodhams, Ly Trong Nhan, Thomas Wong

Host:    ezmata (AVX2, FMA3, 15 GB RAM)
Command: /home/mis/miniconda3/envs/cse6406/bin/iqtree2 -s /home/mis/CSE6406-project/work/paper_subset_50x10_L200/ils_high/replicate_03/alignments/L200/locus_0034.phy -m JC --abayes -T 1 --seed 6706035 --prefix /home/mis/CSE6406-project/work/paper_subset_50x10_L200/ils_high/replicate_03/estimated_gene_trees/L200/jc/locus_0034 --redo --quiet
Seed:    6706035 (Using SPRNG - Scalable Parallel Random Number Generator)
Time:    Sat Sep 12 21:41:55 2026
Kernel:  AVX+FMA - 1 threads (16 CPU cores detected)

HINT: Use -nt option to specify number of threads because your CPU has 16 cores!
HINT: -nt AUTO will automatically determine the best number of threads to use.

Reading alignment file /home/mis/CSE6406-project/work/paper_subset_50x10_L200/ils_high/replicate_03/alignments/L200/locus_0034.phy ... Phylip format detected
Alignment most likely contains DNA/RNA sequences
Alignment has 21 sequences with 200 columns, 123 distinct patterns
95 parsimony-informative, 25 singleton sites, 80 constant sites
        Gap/Ambiguity  Composition  p-value
Analyzing sequences: done in 9.33401e-06 secs using 53.57% CPU
   1  0_0_0     0.00%    passed     66.64%
   2  20_0_0    0.00%    passed     40.19%
   3  2_0_0     0.00%    passed     73.12%
   4  4_0_0     0.00%    passed     93.18%
   5  7_0_0     0.00%    passed     82.39%
   6  5_0_0     0.00%    passed     70.40%
   7  14_0_0    0.00%    passed     89.81%
   8  18_0_0    0.00%    passed     63.22%
   9  6_0_0     0.00%    passed     83.83%
  10  9_0_0     0.00%    passed     65.60%
  11  17_0_0    0.00%    passed     81.32%
  12  13_0_0    0.00%    passed     97.04%
  13  12_0_0    0.00%    passed     99.75%
  14  16_0_0    0.00%    passed     93.03%
  15  11_0_0    0.00%    passed     79.60%
  16  8_0_0     0.00%    passed     38.33%
  17  15_0_0    0.00%    passed     77.13%
  18  1_0_0     0.00%    passed     88.50%
  19  3_0_0     0.00%    passed     74.53%
  20  19_0_0    0.00%    passed     96.47%
  21  10_0_0    0.00%    passed     68.84%
****  TOTAL     0.00%  0 sequences failed composition chi2 test (p-value<5%; df=3)

Create initial parsimony tree by phylogenetic likelihood library (PLL)... 0.000 seconds

NOTE: 0 MB RAM (0 GB) is required!
Estimate model parameters (epsilon = 0.100)
1. Initial log-likelihood: -3201.172
Optimal log-likelihood: -3186.334
Rate parameters:  A-C: 1.00000  A-G: 1.00000  A-T: 1.00000  C-G: 1.00000  C-T: 1.00000  G-T: 1.00000
Base frequencies:  A: 0.250  C: 0.250  G: 0.250  T: 0.250
Parameters optimization took 1 rounds (0.001 sec)
Wrote distance file to... 
Computing ML distances based on estimated model parameters...
Calculating distance matrix: done in 0.000545898 secs using 83.9% CPU
Computing ML distances took 0.000574 sec (of wall-clock time) 0.000483 sec (of CPU time)
Setting up auxiliary I and S matrices: done in 6.3246e-05 secs using 99.61% CPU
Computing RapidNJ tree took 0.000257 sec (of wall-clock time) 0.000470 sec (of CPU time)
Log-likelihood of RapidNJ tree: -3196.591
--------------------------------------------------------------------
|             INITIALIZING CANDIDATE TREE SET                      |
--------------------------------------------------------------------
Generating 98 parsimony trees... 0.070 second
Computing log-likelihood of 98 initial trees ... 0.049 seconds
Current best score: -3167.285

Do NNI search on 20 best initial trees
Estimate model parameters (epsilon = 0.100)
BETTER TREE FOUND at iteration 1: -3164.812
Estimate model parameters (epsilon = 0.100)
BETTER TREE FOUND at iteration 2: -3164.271
Estimate model parameters (epsilon = 0.100)
BETTER TREE FOUND at iteration 5: -3160.100
Iteration 10 / LogL: -3165.459 / Time: 0h:0m:0s
Iteration 20 / LogL: -3176.329 / Time: 0h:0m:0s
Finish initializing candidate tree set (20)
Current best tree score: -3160.100 / CPU time: 0.192
Number of iterations: 20
--------------------------------------------------------------------
|               OPTIMIZING CANDIDATE TREE SET                      |
--------------------------------------------------------------------
Estimate model parameters (epsilon = 0.100)
BETTER TREE FOUND at iteration 25: -3158.939
Estimate model parameters (epsilon = 0.100)
BETTER TREE FOUND at iteration 28: -3158.875
Iteration 30 / LogL: -3164.398 / Time: 0h:0m:0s (0h:0m:0s left)
Iteration 40 / LogL: -3158.881 / Time: 0h:0m:0s (0h:0m:0s left)
Iteration 50 / LogL: -3159.256 / Time: 0h:0m:0s (0h:0m:0s left)
Estimate model parameters (epsilon = 0.100)
BETTER TREE FOUND at iteration 55: -3158.769
Estimate model parameters (epsilon = 0.100)
BETTER TREE FOUND at iteration 60: -3157.127
Iteration 60 / LogL: -3157.127 / Time: 0h:0m:0s (0h:0m:0s left)
Iteration 70 / LogL: -3158.913 / Time: 0h:0m:0s (0h:0m:0s left)
