IQ-TREE multicore version 2.4.0 for Linux x86 64-bit built Feb 12 2025
Developed by Bui Quang Minh, Nguyen Lam Tung, Olga Chernomor, Heiko Schmidt,
Dominik Schrempf, Michael Woodhams, Ly Trong Nhan, Thomas Wong

Host:    ezmata (AVX2, FMA3, 15 GB RAM)
Command: /home/mis/miniconda3/envs/cse6406/bin/iqtree2 -s /home/mis/CSE6406-project/work/paper_subset_50x10_L200/ils_high/replicate_03/alignments/L200/locus_0024.phy -m JC --abayes -T 1 --seed 6706025 --prefix /home/mis/CSE6406-project/work/paper_subset_50x10_L200/ils_high/replicate_03/estimated_gene_trees/L200/jc/locus_0024 --redo --quiet
Seed:    6706025 (Using SPRNG - Scalable Parallel Random Number Generator)
Time:    Sat Sep 12 21:41:54 2026
Kernel:  AVX+FMA - 1 threads (16 CPU cores detected)

HINT: Use -nt option to specify number of threads because your CPU has 16 cores!
HINT: -nt AUTO will automatically determine the best number of threads to use.

Reading alignment file /home/mis/CSE6406-project/work/paper_subset_50x10_L200/ils_high/replicate_03/alignments/L200/locus_0024.phy ... Phylip format detected
Alignment most likely contains DNA/RNA sequences
Alignment has 21 sequences with 200 columns, 123 distinct patterns
105 parsimony-informative, 14 singleton sites, 81 constant sites
        Gap/Ambiguity  Composition  p-value
Analyzing sequences: done in 8.01199e-06 secs using 24.96% CPU
   1  15_0_0    0.00%    passed     86.04%
   2  17_0_0    0.00%    passed     93.76%
   3  12_0_0    0.00%    passed     93.86%
   4  4_0_0     0.00%    passed     91.14%
   5  13_0_0    0.00%    passed     78.08%
   6  2_0_0     0.00%    passed     96.77%
   7  3_0_0     0.00%    passed     31.62%
   8  1_0_0     0.00%    passed     87.14%
   9  7_0_0     0.00%    passed     85.55%
  10  14_0_0    0.00%    passed     57.45%
  11  18_0_0    0.00%    passed     97.36%
  12  10_0_0    0.00%    passed     72.03%
  13  19_0_0    0.00%    passed     77.60%
  14  8_0_0     0.00%    passed     79.89%
  15  11_0_0    0.00%    passed     99.06%
  16  20_0_0    0.00%    passed     93.38%
  17  16_0_0    0.00%    passed     60.05%
  18  6_0_0     0.00%    passed     93.77%
  19  5_0_0     0.00%    passed     99.03%
  20  9_0_0     0.00%    passed     96.16%
  21  0_0_0     0.00%    passed     69.90%
****  TOTAL     0.00%  0 sequences failed composition chi2 test (p-value<5%; df=3)

Create initial parsimony tree by phylogenetic likelihood library (PLL)... 0.001 seconds

NOTE: 0 MB RAM (0 GB) is required!
Estimate model parameters (epsilon = 0.100)
1. Initial log-likelihood: -3355.138
Optimal log-likelihood: -3346.850
Rate parameters:  A-C: 1.00000  A-G: 1.00000  A-T: 1.00000  C-G: 1.00000  C-T: 1.00000  G-T: 1.00000
Base frequencies:  A: 0.250  C: 0.250  G: 0.250  T: 0.250
Parameters optimization took 1 rounds (0.001 sec)
Wrote distance file to... 
Computing ML distances based on estimated model parameters...
Calculating distance matrix: done in 0.000554942 secs using 100% CPU
Computing ML distances took 0.000579 sec (of wall-clock time) 0.000581 sec (of CPU time)
Setting up auxiliary I and S matrices: done in 5.5146e-05 secs
Computing RapidNJ tree took 0.000222 sec (of wall-clock time) 0.000000 sec (of CPU time)
Log-likelihood of RapidNJ tree: -3355.903
--------------------------------------------------------------------
|             INITIALIZING CANDIDATE TREE SET                      |
--------------------------------------------------------------------
Generating 98 parsimony trees... 0.067 second
Computing log-likelihood of 98 initial trees ... 0.048 seconds
Current best score: -3336.162

Do NNI search on 20 best initial trees
Estimate model parameters (epsilon = 0.100)
BETTER TREE FOUND at iteration 1: -3334.263
Estimate model parameters (epsilon = 0.100)
BETTER TREE FOUND at iteration 2: -3334.051
Iteration 10 / LogL: -3335.533 / Time: 0h:0m:0s
Iteration 20 / LogL: -3337.325 / Time: 0h:0m:0s
Finish initializing candidate tree set (19)
Current best tree score: -3334.051 / CPU time: 0.182
Number of iterations: 20
--------------------------------------------------------------------
|               OPTIMIZING CANDIDATE TREE SET                      |
--------------------------------------------------------------------
