IQ-TREE multicore version 2.4.0 for Linux x86 64-bit built Feb 12 2025
Developed by Bui Quang Minh, Nguyen Lam Tung, Olga Chernomor, Heiko Schmidt,
Dominik Schrempf, Michael Woodhams, Ly Trong Nhan, Thomas Wong

Host:    ezmata (AVX2, FMA3, 15 GB RAM)
Command: /home/mis/miniconda3/envs/cse6406/bin/iqtree2 -s /home/mis/CSE6406-project/work/paper_subset_50x10_L1600/ils_high/replicate_10/alignments/L1600/locus_0018.phy -m GTR+G4 --abayes -T 1 --seed 7406019 --prefix /home/mis/CSE6406-project/work/paper_subset_50x10_L1600/ils_high/replicate_10/estimated_gene_trees/L1600/gtr_g4/locus_0018 --redo --quiet
Seed:    7406019 (Using SPRNG - Scalable Parallel Random Number Generator)
Time:    Sat Sep 12 22:06:37 2026
Kernel:  AVX+FMA - 1 threads (16 CPU cores detected)

HINT: Use -nt option to specify number of threads because your CPU has 16 cores!
HINT: -nt AUTO will automatically determine the best number of threads to use.

Reading alignment file /home/mis/CSE6406-project/work/paper_subset_50x10_L1600/ils_high/replicate_10/alignments/L1600/locus_0018.phy ... Phylip format detected
Alignment most likely contains DNA/RNA sequences
Alignment has 21 sequences with 1600 columns, 510 distinct patterns
381 parsimony-informative, 164 singleton sites, 1055 constant sites
        Gap/Ambiguity  Composition  p-value
Analyzing sequences: done in 5.5498e-05 secs using 75.68% CPU
   1  0_0_0     0.00%    passed     66.07%
   2  13_0_0    0.00%    passed     72.61%
   3  20_0_0    0.00%    passed     88.95%
   4  19_0_0    0.00%    passed     83.58%
   5  5_0_0     0.00%    passed     86.02%
   6  6_0_0     0.00%    passed     74.74%
   7  12_0_0    0.00%    passed     98.05%
   8  4_0_0     0.00%    passed     99.88%
   9  16_0_0    0.00%    passed     94.97%
  10  15_0_0    0.00%    passed     82.00%
  11  3_0_0     0.00%    passed     98.42%
  12  10_0_0    0.00%    passed     98.53%
  13  2_0_0     0.00%    passed     99.88%
  14  7_0_0     0.00%    passed     97.04%
  15  17_0_0    0.00%    passed     92.72%
  16  9_0_0     0.00%    passed     98.61%
  17  8_0_0     0.00%    passed     99.79%
  18  11_0_0    0.00%    passed     88.86%
  19  14_0_0    0.00%    passed     97.70%
  20  18_0_0    0.00%    passed     98.32%
  21  1_0_0     0.00%    passed     99.92%
****  TOTAL     0.00%  0 sequences failed composition chi2 test (p-value<5%; df=3)

Create initial parsimony tree by phylogenetic likelihood library (PLL)... 0.002 seconds

NOTE: 1 MB RAM (0 GB) is required!
Estimate model parameters (epsilon = 0.100)
1. Initial log-likelihood: -10287.939
2. Current log-likelihood: -9874.638
3. Current log-likelihood: -9867.469
Optimal log-likelihood: -9867.429
Rate parameters:  A-C: 0.88610  A-G: 1.81040  A-T: 1.01670  C-G: 0.77950  C-T: 2.01659  G-T: 1.00000
Base frequencies:  A: 0.288  C: 0.219  G: 0.209  T: 0.284
Gamma shape alpha: 0.185
Parameters optimization took 3 rounds (0.160 sec)
Wrote distance file to... 
Computing ML distances based on estimated model parameters...
Calculating distance matrix: done in 0.00548775 secs using 99.97% CPU
Computing ML distances took 0.005629 sec (of wall-clock time) 0.005636 sec (of CPU time)
Setting up auxiliary I and S matrices: done in 6.7073e-05 secs using 98.4% CPU
Computing RapidNJ tree took 0.000278 sec (of wall-clock time) 0.000542 sec (of CPU time)
Log-likelihood of RapidNJ tree: -9885.395
--------------------------------------------------------------------
|             INITIALIZING CANDIDATE TREE SET                      |
--------------------------------------------------------------------
Generating 98 parsimony trees... 0.308 second
Computing log-likelihood of 98 initial trees ... 0.606 seconds
Current best score: -9867.429

Do NNI search on 20 best initial trees
Estimate model parameters (epsilon = 0.100)
BETTER TREE FOUND at iteration 1: -9867.428
Iteration 10 / LogL: -9867.451 / Time: 0h:0m:1s
Iteration 20 / LogL: -9867.428 / Time: 0h:0m:2s
Finish initializing candidate tree set (1)
Current best tree score: -9867.428 / CPU time: 2.012
Number of iterations: 20
--------------------------------------------------------------------
|               OPTIMIZING CANDIDATE TREE SET                      |
--------------------------------------------------------------------
Iteration 30 / LogL: -9867.448 / Time: 0h:0m:3s (0h:0m:7s left)
Iteration 40 / LogL: -9867.436 / Time: 0h:0m:4s (0h:0m:6s left)
Iteration 50 / LogL: -9867.574 / Time: 0h:0m:4s (0h:0m:5s left)
Iteration 60 / LogL: -9867.453 / Time: 0h:0m:5s (0h:0m:4s left)
Iteration 70 / LogL: -9867.431 / Time: 0h:0m:6s (0h:0m:3s left)
Iteration 80 / LogL: -9867.431 / Time: 0h:0m:7s (0h:0m:2s left)
Iteration 90 / LogL: -9867.448 / Time: 0h:0m:8s (0h:0m:1s left)
Iteration 100 / LogL: -9867.448 / Time: 0h:0m:10s (0h:0m:0s left)
TREE SEARCH COMPLETED AFTER 102 ITERATIONS / Time: 0h:0m:10s

--------------------------------------------------------------------
|                    FINALIZING TREE SEARCH                        |
--------------------------------------------------------------------
Performs final model parameters optimization
Estimate model parameters (epsilon = 0.010)
1. Initial log-likelihood: -9867.428
Optimal log-likelihood: -9867.428
Rate parameters:  A-C: 0.88670  A-G: 1.80988  A-T: 1.01768  C-G: 0.78030  C-T: 2.01799  G-T: 1.00000
Base frequencies:  A: 0.288  C: 0.219  G: 0.209  T: 0.284
Gamma shape alpha: 0.184
Parameters optimization took 1 rounds (0.022 sec)
BEST SCORE FOUND : -9867.428

Testing tree branches by aBayes parametric test...
0.027 sec.
Total tree length: 1.266

Total number of iterations: 102
CPU time used for tree search: 9.922 sec (0h:0m:9s)
Wall-clock time used for tree search: 10.061 sec (0h:0m:10s)
Total CPU time used: 10.178 sec (0h:0m:10s)
Total wall-clock time used: 10.317 sec (0h:0m:10s)

Analysis results written to: 
  IQ-TREE report:                /home/mis/CSE6406-project/work/paper_subset_50x10_L1600/ils_high/replicate_10/estimated_gene_trees/L1600/gtr_g4/locus_0018.iqtree
  Maximum-likelihood tree:       /home/mis/CSE6406-project/work/paper_subset_50x10_L1600/ils_high/replicate_10/estimated_gene_trees/L1600/gtr_g4/locus_0018.treefile
  Likelihood distances:          /home/mis/CSE6406-project/work/paper_subset_50x10_L1600/ils_high/replicate_10/estimated_gene_trees/L1600/gtr_g4/locus_0018.mldist
  Screen log file:               /home/mis/CSE6406-project/work/paper_subset_50x10_L1600/ils_high/replicate_10/estimated_gene_trees/L1600/gtr_g4/locus_0018.log

Date and Time: Sat Sep 12 22:06:48 2026
