IQ-TREE multicore version 2.4.0 for Linux x86 64-bit built Feb 12 2025
Developed by Bui Quang Minh, Nguyen Lam Tung, Olga Chernomor, Heiko Schmidt,
Dominik Schrempf, Michael Woodhams, Ly Trong Nhan, Thomas Wong

Host:    ezmata (AVX2, FMA3, 15 GB RAM)
Command: /home/mis/miniconda3/envs/cse6406/bin/iqtree2 -s /home/mis/CSE6406-project/work/paper_subset_50x10_L1600/ils_high/replicate_10/alignments/L1600/locus_0025.phy -m GTR+G4 --abayes -T 1 --seed 7406026 --prefix /home/mis/CSE6406-project/work/paper_subset_50x10_L1600/ils_high/replicate_10/estimated_gene_trees/L1600/gtr_g4/locus_0025 --redo --quiet
Seed:    7406026 (Using SPRNG - Scalable Parallel Random Number Generator)
Time:    Sat Sep 12 22:06:42 2026
Kernel:  AVX+FMA - 1 threads (16 CPU cores detected)

HINT: Use -nt option to specify number of threads because your CPU has 16 cores!
HINT: -nt AUTO will automatically determine the best number of threads to use.

Reading alignment file /home/mis/CSE6406-project/work/paper_subset_50x10_L1600/ils_high/replicate_10/alignments/L1600/locus_0025.phy ... Phylip format detected
Alignment most likely contains DNA/RNA sequences
Alignment has 21 sequences with 1600 columns, 496 distinct patterns
365 parsimony-informative, 186 singleton sites, 1049 constant sites
        Gap/Ambiguity  Composition  p-value
Analyzing sequences: done in 4.265e-05 secs using 98.48% CPU
   1  20_0_0    0.00%    passed     95.38%
   2  19_0_0    0.00%    passed     62.19%
   3  6_0_0     0.00%    passed     99.48%
   4  10_0_0    0.00%    passed     99.52%
   5  2_0_0     0.00%    passed     98.92%
   6  3_0_0     0.00%    passed     87.98%
   7  14_0_0    0.00%    passed     88.52%
   8  15_0_0    0.00%    passed     99.17%
   9  8_0_0     0.00%    passed     97.07%
  10  18_0_0    0.00%    passed     99.74%
  11  11_0_0    0.00%    passed     94.27%
  12  4_0_0     0.00%    passed     97.56%
  13  9_0_0     0.00%    passed     98.26%
  14  17_0_0    0.00%    passed     99.66%
  15  12_0_0    0.00%    passed     97.79%
  16  5_0_0     0.00%    passed     99.64%
  17  16_0_0    0.00%    passed     97.94%
  18  1_0_0     0.00%    passed     94.18%
  19  7_0_0     0.00%    passed     99.87%
  20  13_0_0    0.00%    passed     99.65%
  21  0_0_0     0.00%    passed     86.31%
****  TOTAL     0.00%  0 sequences failed composition chi2 test (p-value<5%; df=3)

Create initial parsimony tree by phylogenetic likelihood library (PLL)... 0.001 seconds

NOTE: 1 MB RAM (0 GB) is required!
Estimate model parameters (epsilon = 0.100)
1. Initial log-likelihood: -9898.277
2. Current log-likelihood: -9517.485
3. Current log-likelihood: -9508.164
Optimal log-likelihood: -9508.140
Rate parameters:  A-C: 0.96293  A-G: 1.88485  A-T: 1.03423  C-G: 1.02138  C-T: 2.00776  G-T: 1.00000
Base frequencies:  A: 0.307  C: 0.200  G: 0.199  T: 0.293
Gamma shape alpha: 0.192
Parameters optimization took 3 rounds (0.173 sec)
Wrote distance file to... 
Computing ML distances based on estimated model parameters...
Calculating distance matrix: done in 0.00551776 secs using 99.77% CPU
Computing ML distances took 0.005680 sec (of wall-clock time) 0.005671 sec (of CPU time)
Setting up auxiliary I and S matrices: done in 6.5279e-05 secs
Computing RapidNJ tree took 0.000263 sec (of wall-clock time) 0.000327 sec (of CPU time)
Log-likelihood of RapidNJ tree: -9540.377
--------------------------------------------------------------------
|             INITIALIZING CANDIDATE TREE SET                      |
--------------------------------------------------------------------
Generating 98 parsimony trees... 0.339 second
Computing log-likelihood of 98 initial trees ... 0.663 seconds
Current best score: -9508.140

Do NNI search on 20 best initial trees
Estimate model parameters (epsilon = 0.100)
BETTER TREE FOUND at iteration 1: -9508.139
Iteration 10 / LogL: -9508.269 / Time: 0h:0m:1s
Iteration 20 / LogL: -9508.229 / Time: 0h:0m:2s
Finish initializing candidate tree set (1)
Current best tree score: -9508.139 / CPU time: 2.509
Number of iterations: 20
--------------------------------------------------------------------
|               OPTIMIZING CANDIDATE TREE SET                      |
--------------------------------------------------------------------
Iteration 30 / LogL: -9508.140 / Time: 0h:0m:3s (0h:0m:8s left)
Iteration 40 / LogL: -9508.220 / Time: 0h:0m:4s (0h:0m:6s left)
Iteration 50 / LogL: -9508.161 / Time: 0h:0m:5s (0h:0m:5s left)
Iteration 60 / LogL: -9508.350 / Time: 0h:0m:6s (0h:0m:4s left)
Iteration 70 / LogL: -9508.183 / Time: 0h:0m:7s (0h:0m:3s left)
Iteration 80 / LogL: -9508.140 / Time: 0h:0m:8s (0h:0m:2s left)
Iteration 90 / LogL: -9508.139 / Time: 0h:0m:8s (0h:0m:1s left)
Iteration 100 / LogL: -9508.140 / Time: 0h:0m:8s (0h:0m:0s left)
TREE SEARCH COMPLETED AFTER 102 ITERATIONS / Time: 0h:0m:9s

--------------------------------------------------------------------
|                    FINALIZING TREE SEARCH                        |
--------------------------------------------------------------------
Performs final model parameters optimization
Estimate model parameters (epsilon = 0.010)
1. Initial log-likelihood: -9508.139
Optimal log-likelihood: -9508.139
Rate parameters:  A-C: 0.96307  A-G: 1.88522  A-T: 1.03483  C-G: 1.02102  C-T: 2.00799  G-T: 1.00000
Base frequencies:  A: 0.307  C: 0.200  G: 0.199  T: 0.293
Gamma shape alpha: 0.193
Parameters optimization took 1 rounds (0.009 sec)
BEST SCORE FOUND : -9508.139

Testing tree branches by aBayes parametric test...
0.012 sec.
Total tree length: 1.342

Total number of iterations: 102
CPU time used for tree search: 8.742 sec (0h:0m:8s)
Wall-clock time used for tree search: 8.875 sec (0h:0m:8s)
Total CPU time used: 8.978 sec (0h:0m:8s)
Total wall-clock time used: 9.114 sec (0h:0m:9s)

Analysis results written to: 
  IQ-TREE report:                /home/mis/CSE6406-project/work/paper_subset_50x10_L1600/ils_high/replicate_10/estimated_gene_trees/L1600/gtr_g4/locus_0025.iqtree
  Maximum-likelihood tree:       /home/mis/CSE6406-project/work/paper_subset_50x10_L1600/ils_high/replicate_10/estimated_gene_trees/L1600/gtr_g4/locus_0025.treefile
  Likelihood distances:          /home/mis/CSE6406-project/work/paper_subset_50x10_L1600/ils_high/replicate_10/estimated_gene_trees/L1600/gtr_g4/locus_0025.mldist
  Screen log file:               /home/mis/CSE6406-project/work/paper_subset_50x10_L1600/ils_high/replicate_10/estimated_gene_trees/L1600/gtr_g4/locus_0025.log

Date and Time: Sat Sep 12 22:06:51 2026
