IQ-TREE multicore version 2.4.0 for Linux x86 64-bit built Feb 12 2025
Developed by Bui Quang Minh, Nguyen Lam Tung, Olga Chernomor, Heiko Schmidt,
Dominik Schrempf, Michael Woodhams, Ly Trong Nhan, Thomas Wong

Host:    ezmata (AVX2, FMA3, 15 GB RAM)
Command: /home/mis/miniconda3/envs/cse6406/bin/iqtree2 -s /home/mis/CSE6406-project/work/paper_subset_50x10_L1600/ils_high/replicate_10/alignments/L1600/locus_0038.phy -m GTR+G4 --abayes -T 1 --seed 7406039 --prefix /home/mis/CSE6406-project/work/paper_subset_50x10_L1600/ils_high/replicate_10/estimated_gene_trees/L1600/gtr_g4/locus_0038 --redo --quiet
Seed:    7406039 (Using SPRNG - Scalable Parallel Random Number Generator)
Time:    Sat Sep 12 22:06:51 2026
Kernel:  AVX+FMA - 1 threads (16 CPU cores detected)

HINT: Use -nt option to specify number of threads because your CPU has 16 cores!
HINT: -nt AUTO will automatically determine the best number of threads to use.

Reading alignment file /home/mis/CSE6406-project/work/paper_subset_50x10_L1600/ils_high/replicate_10/alignments/L1600/locus_0038.phy ... Phylip format detected
Alignment most likely contains DNA/RNA sequences
Alignment has 21 sequences with 1600 columns, 541 distinct patterns
432 parsimony-informative, 137 singleton sites, 1031 constant sites
        Gap/Ambiguity  Composition  p-value
Analyzing sequences: done in 2.9524e-05 secs using 98.23% CPU
   1  0_0_0     0.00%    passed     99.92%
   2  2_0_0     0.00%    passed     97.11%
   3  10_0_0    0.00%    passed     89.23%
   4  18_0_0    0.00%    passed     92.82%
   5  11_0_0    0.00%    passed     85.79%
   6  3_0_0     0.00%    passed     95.63%
   7  13_0_0    0.00%    passed     99.29%
   8  5_0_0     0.00%    passed     91.98%
   9  4_0_0     0.00%    passed     99.17%
  10  9_0_0     0.00%    passed     97.60%
  11  17_0_0    0.00%    passed     88.90%
  12  16_0_0    0.00%    passed     94.52%
  13  1_0_0     0.00%    passed     99.78%
  14  7_0_0     0.00%    passed     96.78%
  15  8_0_0     0.00%    passed     92.54%
  16  15_0_0    0.00%    passed     93.71%
  17  14_0_0    0.00%    passed     97.83%
  18  12_0_0    0.00%    passed     97.33%
  19  6_0_0     0.00%    passed     99.71%
  20  20_0_0    0.00%    passed     67.09%
  21  19_0_0    0.00%    passed     93.24%
****  TOTAL     0.00%  0 sequences failed composition chi2 test (p-value<5%; df=3)

Create initial parsimony tree by phylogenetic likelihood library (PLL)... 0.001 seconds

NOTE: 1 MB RAM (0 GB) is required!
Estimate model parameters (epsilon = 0.100)
1. Initial log-likelihood: -10882.038
2. Current log-likelihood: -10464.383
3. Current log-likelihood: -10451.454
4. Current log-likelihood: -10451.205
Optimal log-likelihood: -10451.194
Rate parameters:  A-C: 0.92091  A-G: 1.82782  A-T: 0.87019  C-G: 0.92760  C-T: 1.72610  G-T: 1.00000
Base frequencies:  A: 0.293  C: 0.191  G: 0.205  T: 0.311
Gamma shape alpha: 0.176
Parameters optimization took 4 rounds (0.098 sec)
Wrote distance file to... 
Computing ML distances based on estimated model parameters...
Calculating distance matrix: done in 0.00289594 secs using 99.97% CPU
Computing ML distances took 0.002984 sec (of wall-clock time) 0.002983 sec (of CPU time)
Setting up auxiliary I and S matrices: done in 6.2474e-05 secs using 99.24% CPU
Computing RapidNJ tree took 0.000259 sec (of wall-clock time) 0.000258 sec (of CPU time)
Log-likelihood of RapidNJ tree: -10452.368
--------------------------------------------------------------------
|             INITIALIZING CANDIDATE TREE SET                      |
--------------------------------------------------------------------
Generating 98 parsimony trees... 0.171 second
Computing log-likelihood of 98 initial trees ... 0.333 seconds
Current best score: -10450.528

Do NNI search on 20 best initial trees
Estimate model parameters (epsilon = 0.100)
BETTER TREE FOUND at iteration 1: -10449.603
Iteration 10 / LogL: -10449.612 / Time: 0h:0m:0s
Iteration 20 / LogL: -10449.616 / Time: 0h:0m:1s
Finish initializing candidate tree set (1)
Current best tree score: -10449.603 / CPU time: 1.222
Number of iterations: 20
--------------------------------------------------------------------
|               OPTIMIZING CANDIDATE TREE SET                      |
--------------------------------------------------------------------
Iteration 30 / LogL: -10449.693 / Time: 0h:0m:2s (0h:0m:5s left)
Iteration 40 / LogL: -10449.689 / Time: 0h:0m:2s (0h:0m:4s left)
Iteration 50 / LogL: -10449.667 / Time: 0h:0m:3s (0h:0m:3s left)
Iteration 60 / LogL: -10449.626 / Time: 0h:0m:4s (0h:0m:3s left)
Iteration 70 / LogL: -10449.988 / Time: 0h:0m:5s (0h:0m:2s left)
Iteration 80 / LogL: -10449.624 / Time: 0h:0m:7s (0h:0m:1s left)
Iteration 90 / LogL: -10449.922 / Time: 0h:0m:8s (0h:0m:1s left)
Iteration 100 / LogL: -10449.607 / Time: 0h:0m:9s (0h:0m:0s left)
TREE SEARCH COMPLETED AFTER 102 ITERATIONS / Time: 0h:0m:10s

--------------------------------------------------------------------
|                    FINALIZING TREE SEARCH                        |
--------------------------------------------------------------------
Performs final model parameters optimization
Estimate model parameters (epsilon = 0.010)
1. Initial log-likelihood: -10449.603
Optimal log-likelihood: -10449.602
Rate parameters:  A-C: 0.92356  A-G: 1.82459  A-T: 0.86591  C-G: 0.93004  C-T: 1.73084  G-T: 1.00000
Base frequencies:  A: 0.293  C: 0.191  G: 0.205  T: 0.311
Gamma shape alpha: 0.175
Parameters optimization took 1 rounds (0.022 sec)
BEST SCORE FOUND : -10449.602

Testing tree branches by aBayes parametric test...
0.025 sec.
Total tree length: 1.303

Total number of iterations: 102
CPU time used for tree search: 9.951 sec (0h:0m:9s)
Wall-clock time used for tree search: 10.082 sec (0h:0m:10s)
Total CPU time used: 10.117 sec (0h:0m:10s)
Total wall-clock time used: 10.250 sec (0h:0m:10s)

Analysis results written to: 
  IQ-TREE report:                /home/mis/CSE6406-project/work/paper_subset_50x10_L1600/ils_high/replicate_10/estimated_gene_trees/L1600/gtr_g4/locus_0038.iqtree
  Maximum-likelihood tree:       /home/mis/CSE6406-project/work/paper_subset_50x10_L1600/ils_high/replicate_10/estimated_gene_trees/L1600/gtr_g4/locus_0038.treefile
  Likelihood distances:          /home/mis/CSE6406-project/work/paper_subset_50x10_L1600/ils_high/replicate_10/estimated_gene_trees/L1600/gtr_g4/locus_0038.mldist
  Screen log file:               /home/mis/CSE6406-project/work/paper_subset_50x10_L1600/ils_high/replicate_10/estimated_gene_trees/L1600/gtr_g4/locus_0038.log

Date and Time: Sat Sep 12 22:07:01 2026
