IQ-TREE multicore version 2.4.0 for Linux x86 64-bit built Feb 12 2025
Developed by Bui Quang Minh, Nguyen Lam Tung, Olga Chernomor, Heiko Schmidt,
Dominik Schrempf, Michael Woodhams, Ly Trong Nhan, Thomas Wong

Host:    ezmata (AVX2, FMA3, 15 GB RAM)
Command: /home/mis/miniconda3/envs/cse6406/bin/iqtree2 -s /home/mis/CSE6406-project/work/paper_subset_50x10_L1600/ils_high/replicate_10/alignments/L1600/locus_0033.phy -m GTR+G4 --abayes -T 1 --seed 7406034 --prefix /home/mis/CSE6406-project/work/paper_subset_50x10_L1600/ils_high/replicate_10/estimated_gene_trees/L1600/gtr_g4/locus_0033 --redo --quiet
Seed:    7406034 (Using SPRNG - Scalable Parallel Random Number Generator)
Time:    Sat Sep 12 22:06:48 2026
Kernel:  AVX+FMA - 1 threads (16 CPU cores detected)

HINT: Use -nt option to specify number of threads because your CPU has 16 cores!
HINT: -nt AUTO will automatically determine the best number of threads to use.

Reading alignment file /home/mis/CSE6406-project/work/paper_subset_50x10_L1600/ils_high/replicate_10/alignments/L1600/locus_0033.phy ... Phylip format detected
Alignment most likely contains DNA/RNA sequences
Alignment has 21 sequences with 1600 columns, 498 distinct patterns
394 parsimony-informative, 141 singleton sites, 1065 constant sites
        Gap/Ambiguity  Composition  p-value
Analyzing sequences: done in 5.4538e-05 secs using 99.01% CPU
   1  19_0_0    0.00%    passed     81.51%
   2  20_0_0    0.00%    passed     80.95%
   3  17_0_0    0.00%    passed     92.87%
   4  1_0_0     0.00%    passed     88.29%
   5  14_0_0    0.00%    passed     93.24%
   6  15_0_0    0.00%    passed     80.90%
   7  11_0_0    0.00%    passed     95.90%
   8  6_0_0     0.00%    passed     99.62%
   9  5_0_0     0.00%    passed     95.72%
  10  12_0_0    0.00%    passed     99.54%
  11  7_0_0     0.00%    passed     99.07%
  12  3_0_0     0.00%    passed     92.84%
  13  8_0_0     0.00%    passed     90.33%
  14  16_0_0    0.00%    passed     97.87%
  15  10_0_0    0.00%    passed     96.95%
  16  18_0_0    0.00%    passed     94.63%
  17  4_0_0     0.00%    passed     97.84%
  18  9_0_0     0.00%    passed     97.99%
  19  2_0_0     0.00%    passed     95.81%
  20  13_0_0    0.00%    passed     99.88%
  21  0_0_0     0.00%    passed     87.26%
****  TOTAL     0.00%  0 sequences failed composition chi2 test (p-value<5%; df=3)

Create initial parsimony tree by phylogenetic likelihood library (PLL)... 0.002 seconds

NOTE: 1 MB RAM (0 GB) is required!
Estimate model parameters (epsilon = 0.100)
1. Initial log-likelihood: -9995.818
2. Current log-likelihood: -9603.832
3. Current log-likelihood: -9597.888
Optimal log-likelihood: -9597.847
Rate parameters:  A-C: 0.80301  A-G: 1.74162  A-T: 0.91447  C-G: 0.95981  C-T: 1.73269  G-T: 1.00000
Base frequencies:  A: 0.312  C: 0.196  G: 0.187  T: 0.305
Gamma shape alpha: 0.181
Parameters optimization took 3 rounds (0.088 sec)
Wrote distance file to... 
Computing ML distances based on estimated model parameters...
Calculating distance matrix: done in 0.00357666 secs using 98.92% CPU
Computing ML distances took 0.003656 sec (of wall-clock time) 0.003617 sec (of CPU time)
Setting up auxiliary I and S matrices: done in 6.5125e-05 secs
Computing RapidNJ tree took 0.000257 sec (of wall-clock time) 0.000000 sec (of CPU time)
Log-likelihood of RapidNJ tree: -9646.747
--------------------------------------------------------------------
|             INITIALIZING CANDIDATE TREE SET                      |
--------------------------------------------------------------------
Generating 98 parsimony trees... 0.191 second
Computing log-likelihood of 98 initial trees ... 0.319 seconds
Current best score: -9597.847

Do NNI search on 20 best initial trees
Estimate model parameters (epsilon = 0.100)
BETTER TREE FOUND at iteration 1: -9594.585
Iteration 10 / LogL: -9594.586 / Time: 0h:0m:0s
Iteration 20 / LogL: -9594.663 / Time: 0h:0m:1s
Finish initializing candidate tree set (2)
Current best tree score: -9594.585 / CPU time: 1.201
Number of iterations: 20
--------------------------------------------------------------------
|               OPTIMIZING CANDIDATE TREE SET                      |
--------------------------------------------------------------------
Iteration 30 / LogL: -9594.585 / Time: 0h:0m:1s (0h:0m:4s left)
Iteration 40 / LogL: -9594.589 / Time: 0h:0m:2s (0h:0m:4s left)
Iteration 50 / LogL: -9594.607 / Time: 0h:0m:3s (0h:0m:4s left)
Iteration 60 / LogL: -9594.587 / Time: 0h:0m:4s (0h:0m:3s left)
Iteration 70 / LogL: -9594.643 / Time: 0h:0m:5s (0h:0m:2s left)
Iteration 80 / LogL: -9594.651 / Time: 0h:0m:5s (0h:0m:1s left)
Iteration 90 / LogL: -9597.946 / Time: 0h:0m:6s (0h:0m:0s left)
Iteration 100 / LogL: -9596.904 / Time: 0h:0m:6s (0h:0m:0s left)
TREE SEARCH COMPLETED AFTER 102 ITERATIONS / Time: 0h:0m:6s

--------------------------------------------------------------------
|                    FINALIZING TREE SEARCH                        |
--------------------------------------------------------------------
Performs final model parameters optimization
Estimate model parameters (epsilon = 0.010)
1. Initial log-likelihood: -9594.585
Optimal log-likelihood: -9594.584
Rate parameters:  A-C: 0.80445  A-G: 1.74287  A-T: 0.91617  C-G: 0.96158  C-T: 1.72654  G-T: 1.00000
Base frequencies:  A: 0.312  C: 0.196  G: 0.187  T: 0.305
Gamma shape alpha: 0.181
Parameters optimization took 1 rounds (0.010 sec)
BEST SCORE FOUND : -9594.584

Testing tree branches by aBayes parametric test...
0.009 sec.
Total tree length: 1.195

Total number of iterations: 102
CPU time used for tree search: 6.488 sec (0h:0m:6s)
Wall-clock time used for tree search: 6.596 sec (0h:0m:6s)
Total CPU time used: 6.622 sec (0h:0m:6s)
Total wall-clock time used: 6.737 sec (0h:0m:6s)

Analysis results written to: 
  IQ-TREE report:                /home/mis/CSE6406-project/work/paper_subset_50x10_L1600/ils_high/replicate_10/estimated_gene_trees/L1600/gtr_g4/locus_0033.iqtree
  Maximum-likelihood tree:       /home/mis/CSE6406-project/work/paper_subset_50x10_L1600/ils_high/replicate_10/estimated_gene_trees/L1600/gtr_g4/locus_0033.treefile
  Likelihood distances:          /home/mis/CSE6406-project/work/paper_subset_50x10_L1600/ils_high/replicate_10/estimated_gene_trees/L1600/gtr_g4/locus_0033.mldist
  Screen log file:               /home/mis/CSE6406-project/work/paper_subset_50x10_L1600/ils_high/replicate_10/estimated_gene_trees/L1600/gtr_g4/locus_0033.log

Date and Time: Sat Sep 12 22:06:54 2026
