IQ-TREE multicore version 2.4.0 for Linux x86 64-bit built Feb 12 2025
Developed by Bui Quang Minh, Nguyen Lam Tung, Olga Chernomor, Heiko Schmidt,
Dominik Schrempf, Michael Woodhams, Ly Trong Nhan, Thomas Wong

Host:    ezmata (AVX2, FMA3, 15 GB RAM)
Command: /home/mis/miniconda3/envs/cse6406/bin/iqtree2 -s /home/mis/CSE6406-project/work/paper_subset_50x10_L800/ils_high/replicate_06/alignments/L800/locus_0012.phy -m GTR --abayes -T 1 --seed 7006013 --prefix /home/mis/CSE6406-project/work/paper_subset_50x10_L800/ils_high/replicate_06/estimated_gene_trees/L800/gtr/locus_0012 --redo --quiet
Seed:    7006013 (Using SPRNG - Scalable Parallel Random Number Generator)
Time:    Sat Sep 12 19:59:54 2026
Kernel:  AVX+FMA - 1 threads (16 CPU cores detected)

HINT: Use -nt option to specify number of threads because your CPU has 16 cores!
HINT: -nt AUTO will automatically determine the best number of threads to use.

Reading alignment file /home/mis/CSE6406-project/work/paper_subset_50x10_L800/ils_high/replicate_06/alignments/L800/locus_0012.phy ... Phylip format detected
Alignment most likely contains DNA/RNA sequences
Alignment has 21 sequences with 800 columns, 329 distinct patterns
253 parsimony-informative, 96 singleton sites, 451 constant sites
        Gap/Ambiguity  Composition  p-value
Analyzing sequences: done in 1.6466e-05 secs using 97.17% CPU
   1  0_0_0     0.00%    passed     86.81%
   2  17_0_0    0.00%    passed     78.93%
   3  13_0_0    0.00%    passed     97.65%
   4  18_0_0    0.00%    passed     87.91%
   5  20_0_0    0.00%    passed     84.65%
   6  5_0_0     0.00%    passed     89.15%
   7  4_0_0     0.00%    passed     97.59%
   8  1_0_0     0.00%    passed     87.22%
   9  7_0_0     0.00%    passed     93.51%
  10  9_0_0     0.00%    passed     87.54%
  11  14_0_0    0.00%    passed     89.77%
  12  11_0_0    0.00%    passed     47.76%
  13  12_0_0    0.00%    passed     70.44%
  14  2_0_0     0.00%    passed     88.32%
  15  3_0_0     0.00%    passed     73.21%
  16  19_0_0    0.00%    passed     91.53%
  17  15_0_0    0.00%    passed     97.31%
  18  10_0_0    0.00%    passed     96.96%
  19  16_0_0    0.00%    passed     94.30%
  20  8_0_0     0.00%    passed     95.47%
  21  6_0_0     0.00%    passed     93.82%
****  TOTAL     0.00%  0 sequences failed composition chi2 test (p-value<5%; df=3)

Create initial parsimony tree by phylogenetic likelihood library (PLL)... 0.001 seconds

NOTE: 0 MB RAM (0 GB) is required!
Estimate model parameters (epsilon = 0.100)
1. Initial log-likelihood: -7408.258
2. Current log-likelihood: -7327.331
3. Current log-likelihood: -7327.158
Optimal log-likelihood: -7327.158
Rate parameters:  A-C: 1.19664  A-G: 2.02167  A-T: 1.17527  C-G: 1.21117  C-T: 2.20526  G-T: 1.00000
Base frequencies:  A: 0.287  C: 0.200  G: 0.219  T: 0.294
Parameters optimization took 3 rounds (0.012 sec)
Wrote distance file to... 
Computing ML distances based on estimated model parameters...
Calculating distance matrix: done in 0.000827005 secs using 100% CPU
Computing ML distances took 0.000873 sec (of wall-clock time) 0.000875 sec (of CPU time)
Setting up auxiliary I and S matrices: done in 6.2644e-05 secs using 97.38% CPU
Computing RapidNJ tree took 0.000274 sec (of wall-clock time) 0.000360 sec (of CPU time)
Log-likelihood of RapidNJ tree: -7370.527
--------------------------------------------------------------------
|             INITIALIZING CANDIDATE TREE SET                      |
--------------------------------------------------------------------
Generating 98 parsimony trees... 0.151 second
Computing log-likelihood of 98 initial trees ... 0.168 seconds
Current best score: -7327.158

Do NNI search on 20 best initial trees
Estimate model parameters (epsilon = 0.100)
BETTER TREE FOUND at iteration 1: -7322.525
Iteration 10 / LogL: -7333.875 / Time: 0h:0m:0s
Estimate model parameters (epsilon = 0.100)
BETTER TREE FOUND at iteration 16: -7320.093
Iteration 20 / LogL: -7335.693 / Time: 0h:0m:0s
Finish initializing candidate tree set (15)
Current best tree score: -7320.093 / CPU time: 0.642
Number of iterations: 20
--------------------------------------------------------------------
|               OPTIMIZING CANDIDATE TREE SET                      |
--------------------------------------------------------------------
Iteration 30 / LogL: -7333.189 / Time: 0h:0m:0s (0h:0m:2s left)
Iteration 40 / LogL: -7324.838 / Time: 0h:0m:1s (0h:0m:2s left)
Iteration 50 / LogL: -7334.083 / Time: 0h:0m:1s (0h:0m:1s left)
Iteration 60 / LogL: -7320.145 / Time: 0h:0m:1s (0h:0m:1s left)
Iteration 70 / LogL: -7320.614 / Time: 0h:0m:1s (0h:0m:1s left)
Iteration 80 / LogL: -7320.403 / Time: 0h:0m:1s (0h:0m:0s left)
Iteration 90 / LogL: -7327.975 / Time: 0h:0m:1s (0h:0m:0s left)
Iteration 100 / LogL: -7321.558 / Time: 0h:0m:1s (0h:0m:0s left)
Iteration 110 / LogL: -7325.483 / Time: 0h:0m:2s (0h:0m:0s left)
TREE SEARCH COMPLETED AFTER 117 ITERATIONS / Time: 0h:0m:2s

--------------------------------------------------------------------
|                    FINALIZING TREE SEARCH                        |
--------------------------------------------------------------------
Performs final model parameters optimization
Estimate model parameters (epsilon = 0.010)
1. Initial log-likelihood: -7320.093
Optimal log-likelihood: -7320.092
Rate parameters:  A-C: 1.18382  A-G: 1.96373  A-T: 1.16068  C-G: 1.15583  C-T: 2.12593  G-T: 1.00000
Base frequencies:  A: 0.287  C: 0.200  G: 0.219  T: 0.294
Parameters optimization took 1 rounds (0.002 sec)
BEST SCORE FOUND : -7320.092

Testing tree branches by aBayes parametric test...
0.003 sec.
Total tree length: 1.777

Total number of iterations: 117
CPU time used for tree search: 2.047 sec (0h:0m:2s)
Wall-clock time used for tree search: 2.129 sec (0h:0m:2s)
Total CPU time used: 2.078 sec (0h:0m:2s)
Total wall-clock time used: 2.159 sec (0h:0m:2s)

Analysis results written to: 
  IQ-TREE report:                /home/mis/CSE6406-project/work/paper_subset_50x10_L800/ils_high/replicate_06/estimated_gene_trees/L800/gtr/locus_0012.iqtree
  Maximum-likelihood tree:       /home/mis/CSE6406-project/work/paper_subset_50x10_L800/ils_high/replicate_06/estimated_gene_trees/L800/gtr/locus_0012.treefile
  Likelihood distances:          /home/mis/CSE6406-project/work/paper_subset_50x10_L800/ils_high/replicate_06/estimated_gene_trees/L800/gtr/locus_0012.mldist
  Screen log file:               /home/mis/CSE6406-project/work/paper_subset_50x10_L800/ils_high/replicate_06/estimated_gene_trees/L800/gtr/locus_0012.log

Date and Time: Sat Sep 12 19:59:56 2026
