IQ-TREE multicore version 2.4.0 for Linux x86 64-bit built Feb 12 2025
Developed by Bui Quang Minh, Nguyen Lam Tung, Olga Chernomor, Heiko Schmidt,
Dominik Schrempf, Michael Woodhams, Ly Trong Nhan, Thomas Wong

Host:    ezmata (AVX2, FMA3, 15 GB RAM)
Command: /home/mis/miniconda3/envs/cse6406/bin/iqtree2 -s /home/mis/CSE6406-project/work/paper_subset_50x10_L800/ils_high/replicate_06/alignments/L800/locus_0018.phy -m GTR --abayes -T 1 --seed 7006019 --prefix /home/mis/CSE6406-project/work/paper_subset_50x10_L800/ils_high/replicate_06/estimated_gene_trees/L800/gtr/locus_0018 --redo --quiet
Seed:    7006019 (Using SPRNG - Scalable Parallel Random Number Generator)
Time:    Sat Sep 12 19:59:56 2026
Kernel:  AVX+FMA - 1 threads (16 CPU cores detected)

HINT: Use -nt option to specify number of threads because your CPU has 16 cores!
HINT: -nt AUTO will automatically determine the best number of threads to use.

Reading alignment file /home/mis/CSE6406-project/work/paper_subset_50x10_L800/ils_high/replicate_06/alignments/L800/locus_0018.phy ... Phylip format detected
Alignment most likely contains DNA/RNA sequences
Alignment has 21 sequences with 800 columns, 303 distinct patterns
237 parsimony-informative, 80 singleton sites, 483 constant sites
        Gap/Ambiguity  Composition  p-value
Analyzing sequences: done in 3.278e-05 secs using 94.57% CPU
   1  0_0_0     0.00%    passed     99.45%
   2  17_0_0    0.00%    passed     99.35%
   3  20_0_0    0.00%    passed     97.18%
   4  18_0_0    0.00%    passed     84.26%
   5  16_0_0    0.00%    passed     76.31%
   6  10_0_0    0.00%    passed     75.18%
   7  7_0_0     0.00%    passed     89.06%
   8  1_0_0     0.00%    passed     88.03%
   9  4_0_0     0.00%    passed     93.96%
  10  5_0_0     0.00%    passed     89.78%
  11  6_0_0     0.00%    passed     97.27%
  12  8_0_0     0.00%    passed     98.18%
  13  9_0_0     0.00%    passed     40.98%
  14  2_0_0     0.00%    passed     99.48%
  15  3_0_0     0.00%    passed     96.26%
  16  19_0_0    0.00%    passed     92.17%
  17  13_0_0    0.00%    passed     99.07%
  18  15_0_0    0.00%    passed     99.49%
  19  14_0_0    0.00%    passed     76.13%
  20  11_0_0    0.00%    passed     37.30%
  21  12_0_0    0.00%    passed     73.03%
****  TOTAL     0.00%  0 sequences failed composition chi2 test (p-value<5%; df=3)

Create initial parsimony tree by phylogenetic likelihood library (PLL)... 0.001 seconds

NOTE: 0 MB RAM (0 GB) is required!
Estimate model parameters (epsilon = 0.100)
1. Initial log-likelihood: -7253.941
2. Current log-likelihood: -7191.553
3. Current log-likelihood: -7191.433
Optimal log-likelihood: -7191.432
Rate parameters:  A-C: 0.99995  A-G: 1.71638  A-T: 0.82117  C-G: 1.14456  C-T: 1.64651  G-T: 1.00000
Base frequencies:  A: 0.318  C: 0.185  G: 0.177  T: 0.321
Parameters optimization took 3 rounds (0.020 sec)
Wrote distance file to... 
Computing ML distances based on estimated model parameters...
Calculating distance matrix: done in 0.00152574 secs using 99.82% CPU
Computing ML distances took 0.001598 sec (of wall-clock time) 0.001592 sec (of CPU time)
Setting up auxiliary I and S matrices: done in 6.1118e-05 secs
Computing RapidNJ tree took 0.000246 sec (of wall-clock time) 0.000051 sec (of CPU time)
Log-likelihood of RapidNJ tree: -7195.421
--------------------------------------------------------------------
|             INITIALIZING CANDIDATE TREE SET                      |
--------------------------------------------------------------------
Generating 98 parsimony trees... 0.208 second
Computing log-likelihood of 98 initial trees ... 0.155 seconds
Current best score: -7188.009

Do NNI search on 20 best initial trees
Estimate model parameters (epsilon = 0.100)
BETTER TREE FOUND at iteration 1: -7187.637
Iteration 10 / LogL: -7187.639 / Time: 0h:0m:0s
Iteration 20 / LogL: -7187.648 / Time: 0h:0m:0s
Finish initializing candidate tree set (5)
Current best tree score: -7187.637 / CPU time: 0.727
Number of iterations: 20
--------------------------------------------------------------------
|               OPTIMIZING CANDIDATE TREE SET                      |
--------------------------------------------------------------------
Iteration 30 / LogL: -7187.648 / Time: 0h:0m:0s (0h:0m:2s left)
Iteration 40 / LogL: -7188.208 / Time: 0h:0m:1s (0h:0m:1s left)
Iteration 50 / LogL: -7187.641 / Time: 0h:0m:1s (0h:0m:1s left)
Iteration 60 / LogL: -7187.641 / Time: 0h:0m:1s (0h:0m:1s left)
Iteration 70 / LogL: -7199.360 / Time: 0h:0m:1s (0h:0m:0s left)
Iteration 80 / LogL: -7187.644 / Time: 0h:0m:1s (0h:0m:0s left)
Iteration 90 / LogL: -7187.754 / Time: 0h:0m:1s (0h:0m:0s left)
Iteration 100 / LogL: -7188.066 / Time: 0h:0m:2s (0h:0m:0s left)
TREE SEARCH COMPLETED AFTER 102 ITERATIONS / Time: 0h:0m:2s

--------------------------------------------------------------------
|                    FINALIZING TREE SEARCH                        |
--------------------------------------------------------------------
Performs final model parameters optimization
Estimate model parameters (epsilon = 0.010)
1. Initial log-likelihood: -7187.637
Optimal log-likelihood: -7187.637
Rate parameters:  A-C: 1.00847  A-G: 1.73266  A-T: 0.82545  C-G: 1.18287  C-T: 1.68590  G-T: 1.00000
Base frequencies:  A: 0.318  C: 0.185  G: 0.177  T: 0.321
Parameters optimization took 1 rounds (0.002 sec)
BEST SCORE FOUND : -7187.637

Testing tree branches by aBayes parametric test...
0.003 sec.
Total tree length: 1.706

Total number of iterations: 102
CPU time used for tree search: 1.923 sec (0h:0m:1s)
Wall-clock time used for tree search: 2.002 sec (0h:0m:2s)
Total CPU time used: 1.965 sec (0h:0m:1s)
Total wall-clock time used: 2.047 sec (0h:0m:2s)

Analysis results written to: 
  IQ-TREE report:                /home/mis/CSE6406-project/work/paper_subset_50x10_L800/ils_high/replicate_06/estimated_gene_trees/L800/gtr/locus_0018.iqtree
  Maximum-likelihood tree:       /home/mis/CSE6406-project/work/paper_subset_50x10_L800/ils_high/replicate_06/estimated_gene_trees/L800/gtr/locus_0018.treefile
  Likelihood distances:          /home/mis/CSE6406-project/work/paper_subset_50x10_L800/ils_high/replicate_06/estimated_gene_trees/L800/gtr/locus_0018.mldist
  Screen log file:               /home/mis/CSE6406-project/work/paper_subset_50x10_L800/ils_high/replicate_06/estimated_gene_trees/L800/gtr/locus_0018.log

Date and Time: Sat Sep 12 19:59:58 2026
