IQ-TREE multicore version 2.4.0 for Linux x86 64-bit built Feb 12 2025
Developed by Bui Quang Minh, Nguyen Lam Tung, Olga Chernomor, Heiko Schmidt,
Dominik Schrempf, Michael Woodhams, Ly Trong Nhan, Thomas Wong

Host:    ezmata (AVX2, FMA3, 15 GB RAM)
Command: /home/mis/miniconda3/envs/cse6406/bin/iqtree2 -s /home/mis/CSE6406-project/work/paper_subset_50x10_L200/ils_high/replicate_03/alignments/L200/locus_0007.phy -m HKY+G4 --abayes -T 1 --seed 6706008 --prefix /home/mis/CSE6406-project/work/paper_subset_50x10_L200/ils_high/replicate_03/estimated_gene_trees/L200/hky_g4/locus_0007 --redo --quiet
Seed:    6706008 (Using SPRNG - Scalable Parallel Random Number Generator)
Time:    Sat Sep 12 21:41:19 2026
Kernel:  AVX+FMA - 1 threads (16 CPU cores detected)

HINT: Use -nt option to specify number of threads because your CPU has 16 cores!
HINT: -nt AUTO will automatically determine the best number of threads to use.

Reading alignment file /home/mis/CSE6406-project/work/paper_subset_50x10_L200/ils_high/replicate_03/alignments/L200/locus_0007.phy ... Phylip format detected
Alignment most likely contains DNA/RNA sequences
Alignment has 21 sequences with 200 columns, 122 distinct patterns
98 parsimony-informative, 23 singleton sites, 79 constant sites
        Gap/Ambiguity  Composition  p-value
Analyzing sequences: done in 1.9886e-05 secs
   1  0_0_0     0.00%    passed     46.10%
   2  19_0_0    0.00%    passed     91.95%
   3  10_0_0    0.00%    passed     85.42%
   4  16_0_0    0.00%    passed     46.93%
   5  14_0_0    0.00%    passed     70.80%
   6  9_0_0     0.00%    passed     86.85%
   7  18_0_0    0.00%    passed     24.40%
   8  20_0_0    0.00%    passed     93.07%
   9  15_0_0    0.00%    passed     80.14%
  10  12_0_0    0.00%    passed     94.05%
  11  17_0_0    0.00%    passed     56.50%
  12  13_0_0    0.00%    passed     86.79%
  13  4_0_0     0.00%    passed     82.43%
  14  3_0_0     0.00%    passed     79.24%
  15  2_0_0     0.00%    passed     67.78%
  16  1_0_0     0.00%    passed     90.62%
  17  8_0_0     0.00%    passed     61.45%
  18  11_0_0    0.00%    passed     79.39%
  19  7_0_0     0.00%    passed     69.06%
  20  5_0_0     0.00%    passed     77.22%
  21  6_0_0     0.00%    passed     51.94%
****  TOTAL     0.00%  0 sequences failed composition chi2 test (p-value<5%; df=3)

Create initial parsimony tree by phylogenetic likelihood library (PLL)... 0.002 seconds

NOTE: 0 MB RAM (0 GB) is required!
Estimate model parameters (epsilon = 0.100)
1. Initial log-likelihood: -2839.461
2. Current log-likelihood: -2718.846
3. Current log-likelihood: -2697.518
4. Current log-likelihood: -2695.169
5. Current log-likelihood: -2694.704
6. Current log-likelihood: -2694.596
Optimal log-likelihood: -2694.522
Rate parameters:  A-C: 1.00000  A-G: 1.98407  A-T: 1.00000  C-G: 1.00000  C-T: 1.98407  G-T: 1.00000
Base frequencies:  A: 0.279  C: 0.206  G: 0.190  T: 0.325
Gamma shape alpha: 0.214
Parameters optimization took 6 rounds (0.051 sec)
Wrote distance file to... 
Computing ML distances based on estimated model parameters...
Calculating distance matrix: done in 0.00356165 secs using 99.98% CPU
Computing ML distances took 0.003631 sec (of wall-clock time) 0.003636 sec (of CPU time)
Setting up auxiliary I and S matrices: done in 7.0795e-05 secs using 91.81% CPU
Computing RapidNJ tree took 0.000283 sec (of wall-clock time) 0.000263 sec (of CPU time)
Log-likelihood of RapidNJ tree: -2685.112
--------------------------------------------------------------------
|             INITIALIZING CANDIDATE TREE SET                      |
--------------------------------------------------------------------
Generating 98 parsimony trees... 0.145 second
Computing log-likelihood of 98 initial trees ... 0.223 seconds
Current best score: -2684.830

Do NNI search on 20 best initial trees
Estimate model parameters (epsilon = 0.100)
BETTER TREE FOUND at iteration 1: -2675.075
Estimate model parameters (epsilon = 0.100)
BETTER TREE FOUND at iteration 2: -2671.914
BETTER TREE FOUND at iteration 4: -2671.913
Iteration 10 / LogL: -2672.469 / Time: 0h:0m:0s
Estimate model parameters (epsilon = 0.100)
BETTER TREE FOUND at iteration 12: -2671.709
UPDATE BEST LOG-LIKELIHOOD: -2671.709
Iteration 20 / LogL: -2675.637 / Time: 0h:0m:1s
Finish initializing candidate tree set (12)
Current best tree score: -2671.709 / CPU time: 1.016
Number of iterations: 20
--------------------------------------------------------------------
|               OPTIMIZING CANDIDATE TREE SET                      |
--------------------------------------------------------------------
UPDATE BEST LOG-LIKELIHOOD: -2671.708
Iteration 30 / LogL: -2671.933 / Time: 0h:0m:1s (0h:0m:3s left)
UPDATE BEST LOG-LIKELIHOOD: -2671.708
Iteration 40 / LogL: -2671.712 / Time: 0h:0m:1s (0h:0m:3s left)
Iteration 50 / LogL: -2671.708 / Time: 0h:0m:2s (0h:0m:3s left)
UPDATE BEST LOG-LIKELIHOOD: -2671.708
UPDATE BEST LOG-LIKELIHOOD: -2671.708
Iteration 60 / LogL: -2671.722 / Time: 0h:0m:2s (0h:0m:2s left)
UPDATE BEST LOG-LIKELIHOOD: -2671.708
Iteration 70 / LogL: -2671.722 / Time: 0h:0m:2s (0h:0m:1s left)
Iteration 80 / LogL: -2671.722 / Time: 0h:0m:3s (0h:0m:1s left)
Iteration 90 / LogL: -2672.159 / Time: 0h:0m:3s (0h:0m:0s left)
Iteration 100 / LogL: -2671.712 / Time: 0h:0m:3s (0h:0m:0s left)
UPDATE BEST LOG-LIKELIHOOD: -2671.708
Iteration 110 / LogL: -2671.725 / Time: 0h:0m:3s (0h:0m:0s left)
TREE SEARCH COMPLETED AFTER 113 ITERATIONS / Time: 0h:0m:4s

--------------------------------------------------------------------
|                    FINALIZING TREE SEARCH                        |
--------------------------------------------------------------------
Performs final model parameters optimization
Estimate model parameters (epsilon = 0.010)
1. Initial log-likelihood: -2671.708
Optimal log-likelihood: -2671.704
Rate parameters:  A-C: 1.00000  A-G: 1.85900  A-T: 1.00000  C-G: 1.00000  C-T: 1.85900  G-T: 1.00000
Base frequencies:  A: 0.279  C: 0.206  G: 0.190  T: 0.325
Gamma shape alpha: 0.199
Parameters optimization took 1 rounds (0.004 sec)
BEST SCORE FOUND : -2671.704

Testing tree branches by aBayes parametric test...
0.007 sec.
Total tree length: 13.837

Total number of iterations: 113
CPU time used for tree search: 3.806 sec (0h:0m:3s)
Wall-clock time used for tree search: 3.980 sec (0h:0m:3s)
Total CPU time used: 3.899 sec (0h:0m:3s)
Total wall-clock time used: 4.073 sec (0h:0m:4s)

Analysis results written to: 
  IQ-TREE report:                /home/mis/CSE6406-project/work/paper_subset_50x10_L200/ils_high/replicate_03/estimated_gene_trees/L200/hky_g4/locus_0007.iqtree
  Maximum-likelihood tree:       /home/mis/CSE6406-project/work/paper_subset_50x10_L200/ils_high/replicate_03/estimated_gene_trees/L200/hky_g4/locus_0007.treefile
  Likelihood distances:          /home/mis/CSE6406-project/work/paper_subset_50x10_L200/ils_high/replicate_03/estimated_gene_trees/L200/hky_g4/locus_0007.mldist
  Screen log file:               /home/mis/CSE6406-project/work/paper_subset_50x10_L200/ils_high/replicate_03/estimated_gene_trees/L200/hky_g4/locus_0007.log

Date and Time: Sat Sep 12 21:41:23 2026
