IQ-TREE multicore version 2.4.0 for Linux x86 64-bit built Feb 12 2025
Developed by Bui Quang Minh, Nguyen Lam Tung, Olga Chernomor, Heiko Schmidt,
Dominik Schrempf, Michael Woodhams, Ly Trong Nhan, Thomas Wong

Host:    ezmata (AVX2, FMA3, 15 GB RAM)
Command: /home/mis/miniconda3/envs/cse6406/bin/iqtree2 -s /home/mis/CSE6406-project/work/paper_subset_50x10_L200/ils_high/replicate_03/alignments/L200/locus_0001.phy -m HKY+G4 --abayes -T 1 --seed 6706002 --prefix /home/mis/CSE6406-project/work/paper_subset_50x10_L200/ils_high/replicate_03/estimated_gene_trees/L200/hky_g4/locus_0001 --redo --quiet
Seed:    6706002 (Using SPRNG - Scalable Parallel Random Number Generator)
Time:    Sat Sep 12 21:41:18 2026
Kernel:  AVX+FMA - 1 threads (16 CPU cores detected)

HINT: Use -nt option to specify number of threads because your CPU has 16 cores!
HINT: -nt AUTO will automatically determine the best number of threads to use.

Reading alignment file /home/mis/CSE6406-project/work/paper_subset_50x10_L200/ils_high/replicate_03/alignments/L200/locus_0001.phy ... Phylip format detected
Alignment most likely contains DNA/RNA sequences
Alignment has 21 sequences with 200 columns, 131 distinct patterns
112 parsimony-informative, 17 singleton sites, 71 constant sites
        Gap/Ambiguity  Composition  p-value
Analyzing sequences: done in 9.03901e-06 secs
   1  0_0_0     0.00%    passed     29.51%
   2  16_0_0    0.00%    passed     72.43%
   3  14_0_0    0.00%    passed     83.33%
   4  6_0_0     0.00%    passed     98.23%
   5  9_0_0     0.00%    passed     91.08%
   6  5_0_0     0.00%    passed     54.11%
   7  7_0_0     0.00%    passed     51.17%
   8  20_0_0    0.00%    passed     74.43%
   9  11_0_0    0.00%    passed     36.74%
  10  8_0_0     0.00%    passed     90.92%
  11  10_0_0    0.00%    passed     99.71%
  12  19_0_0    0.00%    passed     99.90%
  13  18_0_0    0.00%    passed     73.55%
  14  15_0_0    0.00%    passed     80.13%
  15  3_0_0     0.00%    passed     43.88%
  16  2_0_0     0.00%    passed     95.48%
  17  1_0_0     0.00%    passed     98.68%
  18  13_0_0    0.00%    passed     53.24%
  19  4_0_0     0.00%    passed     86.10%
  20  12_0_0    0.00%    passed     97.30%
  21  17_0_0    0.00%    passed     23.95%
****  TOTAL     0.00%  0 sequences failed composition chi2 test (p-value<5%; df=3)

Create initial parsimony tree by phylogenetic likelihood library (PLL)... 0.001 seconds

NOTE: 0 MB RAM (0 GB) is required!
Estimate model parameters (epsilon = 0.100)
1. Initial log-likelihood: -2916.854
2. Current log-likelihood: -2811.352
3. Current log-likelihood: -2798.970
4. Current log-likelihood: -2798.223
5. Current log-likelihood: -2798.114
Optimal log-likelihood: -2798.049
Rate parameters:  A-C: 1.00000  A-G: 1.66755  A-T: 1.00000  C-G: 1.00000  C-T: 1.66755  G-T: 1.00000
Base frequencies:  A: 0.288  C: 0.215  G: 0.194  T: 0.304
Gamma shape alpha: 0.250
Parameters optimization took 5 rounds (0.018 sec)
Wrote distance file to... 
Computing ML distances based on estimated model parameters...
Calculating distance matrix: done in 0.00231463 secs using 99.67% CPU
Computing ML distances took 0.002347 sec (of wall-clock time) 0.002344 sec (of CPU time)
Setting up auxiliary I and S matrices: done in 4.3983e-05 secs
Computing RapidNJ tree took 0.000162 sec (of wall-clock time) 0.000000 sec (of CPU time)
Log-likelihood of RapidNJ tree: -2790.945
--------------------------------------------------------------------
|             INITIALIZING CANDIDATE TREE SET                      |
--------------------------------------------------------------------
Generating 98 parsimony trees... 0.105 second
Computing log-likelihood of 98 initial trees ... 0.197 seconds
Current best score: -2790.945

Do NNI search on 20 best initial trees
Estimate model parameters (epsilon = 0.100)
BETTER TREE FOUND at iteration 1: -2785.626
UPDATE BEST LOG-LIKELIHOOD: -2785.624
Iteration 10 / LogL: -2787.184 / Time: 0h:0m:0s
Iteration 20 / LogL: -2785.624 / Time: 0h:0m:1s
Finish initializing candidate tree set (13)
Current best tree score: -2785.624 / CPU time: 1.003
Number of iterations: 20
--------------------------------------------------------------------
|               OPTIMIZING CANDIDATE TREE SET                      |
--------------------------------------------------------------------
Iteration 30 / LogL: -2785.627 / Time: 0h:0m:1s (0h:0m:3s left)
UPDATE BEST LOG-LIKELIHOOD: -2785.624
UPDATE BEST LOG-LIKELIHOOD: -2785.624
UPDATE BEST LOG-LIKELIHOOD: -2785.624
Iteration 40 / LogL: -2785.627 / Time: 0h:0m:1s (0h:0m:2s left)
Iteration 50 / LogL: -2785.709 / Time: 0h:0m:2s (0h:0m:2s left)
Iteration 60 / LogL: -2785.624 / Time: 0h:0m:3s (0h:0m:2s left)
Iteration 70 / LogL: -2785.624 / Time: 0h:0m:3s (0h:0m:1s left)
Iteration 80 / LogL: -2785.624 / Time: 0h:0m:3s (0h:0m:1s left)
Iteration 90 / LogL: -2791.208 / Time: 0h:0m:4s (0h:0m:0s left)
Iteration 100 / LogL: -2785.709 / Time: 0h:0m:4s (0h:0m:0s left)
TREE SEARCH COMPLETED AFTER 102 ITERATIONS / Time: 0h:0m:4s

--------------------------------------------------------------------
|                    FINALIZING TREE SEARCH                        |
--------------------------------------------------------------------
Performs final model parameters optimization
Estimate model parameters (epsilon = 0.010)
1. Initial log-likelihood: -2785.624
Optimal log-likelihood: -2785.612
Rate parameters:  A-C: 1.00000  A-G: 1.74075  A-T: 1.00000  C-G: 1.00000  C-T: 1.74075  G-T: 1.00000
Base frequencies:  A: 0.288  C: 0.215  G: 0.194  T: 0.304
Gamma shape alpha: 0.244
Parameters optimization took 1 rounds (0.002 sec)
BEST SCORE FOUND : -2785.612

Testing tree branches by aBayes parametric test...
0.003 sec.
Total tree length: 10.619

Total number of iterations: 102
CPU time used for tree search: 4.166 sec (0h:0m:4s)
Wall-clock time used for tree search: 4.338 sec (0h:0m:4s)
Total CPU time used: 4.207 sec (0h:0m:4s)
Total wall-clock time used: 4.381 sec (0h:0m:4s)

Analysis results written to: 
  IQ-TREE report:                /home/mis/CSE6406-project/work/paper_subset_50x10_L200/ils_high/replicate_03/estimated_gene_trees/L200/hky_g4/locus_0001.iqtree
  Maximum-likelihood tree:       /home/mis/CSE6406-project/work/paper_subset_50x10_L200/ils_high/replicate_03/estimated_gene_trees/L200/hky_g4/locus_0001.treefile
  Likelihood distances:          /home/mis/CSE6406-project/work/paper_subset_50x10_L200/ils_high/replicate_03/estimated_gene_trees/L200/hky_g4/locus_0001.mldist
  Screen log file:               /home/mis/CSE6406-project/work/paper_subset_50x10_L200/ils_high/replicate_03/estimated_gene_trees/L200/hky_g4/locus_0001.log

Date and Time: Sat Sep 12 21:41:23 2026
