IQ-TREE multicore version 2.4.0 for Linux x86 64-bit built Feb 12 2025
Developed by Bui Quang Minh, Nguyen Lam Tung, Olga Chernomor, Heiko Schmidt,
Dominik Schrempf, Michael Woodhams, Ly Trong Nhan, Thomas Wong

Host:    ezmata (AVX2, FMA3, 15 GB RAM)
Command: /home/mis/miniconda3/envs/cse6406/bin/iqtree2 -s /home/mis/CSE6406-project/work/paper_subset_7x2_L200_800/ils_high/replicate_02/alignments/L800/locus_0002.phy -m GTR+G4 --abayes -T AUTO --seed 6606003 --prefix /home/mis/CSE6406-project/work/paper_subset_7x2_L200_800/ils_high/replicate_02/estimated_gene_trees/L800/gtr_g4/locus_0002 --redo --quiet
Seed:    6606003 (Using SPRNG - Scalable Parallel Random Number Generator)
Time:    Thu Sep 10 15:07:33 2026
Kernel:  AVX+FMA - auto-detect threads (16 CPU cores detected)

Reading alignment file /home/mis/CSE6406-project/work/paper_subset_7x2_L200_800/ils_high/replicate_02/alignments/L800/locus_0002.phy ... Phylip format detected
Alignment most likely contains DNA/RNA sequences
Alignment has 21 sequences with 800 columns, 501 distinct patterns
443 parsimony-informative, 74 singleton sites, 283 constant sites
        Gap/Ambiguity  Composition  p-value
Analyzing sequences: done in 0.000138336 secs using 35.42% CPU
   1  0_0_0     0.00%    passed     69.40%
   2  12_0_0    0.00%    passed     94.91%
   3  17_0_0    0.00%    passed     22.46%
   4  20_0_0    0.00%    passed     92.32%
   5  10_0_0    0.00%    passed     94.39%
   6  19_0_0    0.00%    passed     94.55%
   7  7_0_0     0.00%    passed     92.77%
   8  8_0_0     0.00%    passed     82.69%
   9  14_0_0    0.00%    passed     57.95%
  10  16_0_0    0.00%    passed     57.75%
  11  18_0_0    0.00%    passed     99.02%
  12  15_0_0    0.00%    passed     76.19%
  13  13_0_0    0.00%    passed     84.54%
  14  5_0_0     0.00%    passed     71.39%
  15  2_0_0     0.00%    passed     96.38%
  16  11_0_0    0.00%    passed     54.46%
  17  9_0_0     0.00%    passed     68.05%
  18  3_0_0     0.00%    passed     71.79%
  19  6_0_0     0.00%    passed     87.74%
  20  4_0_0     0.00%    passed     57.50%
  21  1_0_0     0.00%    passed     96.69%
****  TOTAL     0.00%  0 sequences failed composition chi2 test (p-value<5%; df=3)

Create initial parsimony tree by phylogenetic likelihood library (PLL)... 0.001 seconds

NOTE: 1 MB RAM (0 GB) is required!
Measuring multi-threading efficiency up to 16 CPU cores
Increase to 10 rounds for branch lengths
1425 trees examined
Threads: 1 / Time: 16.004 sec / Speedup: 1.000 / Efficiency: 100% / LogL: -13099
Threads: 2 / Time: 15.618 sec / Speedup: 1.025 / Efficiency: 51% / LogL: -13099
Threads: 3 / Time: 16.239 sec / Speedup: 0.986 / Efficiency: 33% / LogL: -13099
BEST NUMBER OF THREADS: 1

Estimate model parameters (epsilon = 0.100)
1. Initial log-likelihood: -12721.109
2. Current log-likelihood: -12270.043
3. Current log-likelihood: -12184.031
4. Current log-likelihood: -12168.651
5. Current log-likelihood: -12163.633
6. Current log-likelihood: -12161.593
7. Current log-likelihood: -12160.705
8. Current log-likelihood: -12160.250
9. Current log-likelihood: -12160.026
Optimal log-likelihood: -12159.887
Rate parameters:  A-C: 0.93599  A-G: 1.98013  A-T: 1.20296  C-G: 1.16747  C-T: 2.21801  G-T: 1.00000
Base frequencies:  A: 0.291  C: 0.207  G: 0.208  T: 0.294
Gamma shape alpha: 0.206
Parameters optimization took 9 rounds (0.101 sec)
Wrote distance file to... 
Computing ML distances based on estimated model parameters...
Calculating distance matrix: done in 0.00179518 secs using 96.82% CPU
Computing ML distances took 0.001839 sec (of wall-clock time) 0.001778 sec (of CPU time)
Setting up auxiliary I and S matrices: done in 3.2058e-05 secs using 1001% CPU
Computing RapidNJ tree took 0.000118 sec (of wall-clock time) 0.000406 sec (of CPU time)
Log-likelihood of RapidNJ tree: -12152.587
--------------------------------------------------------------------
|             INITIALIZING CANDIDATE TREE SET                      |
--------------------------------------------------------------------
Generating 98 parsimony trees... 0.127 second
Computing log-likelihood of 98 initial trees ... 0.180 seconds
Current best score: -12152.587

Do NNI search on 20 best initial trees
Estimate model parameters (epsilon = 0.100)
BETTER TREE FOUND at iteration 1: -12142.362
Estimate model parameters (epsilon = 0.100)
BETTER TREE FOUND at iteration 2: -12140.797
Estimate model parameters (epsilon = 0.100)
BETTER TREE FOUND at iteration 3: -12139.844
BETTER TREE FOUND at iteration 4: -12139.843
UPDATE BEST LOG-LIKELIHOOD: -12139.843
BETTER TREE FOUND at iteration 10: -12139.843
Iteration 10 / LogL: -12139.843 / Time: 0h:0m:48s
BETTER TREE FOUND at iteration 16: -12139.843
Iteration 20 / LogL: -12147.022 / Time: 0h:0m:49s
Finish initializing candidate tree set (11)
Current best tree score: -12139.843 / CPU time: 1.391
Number of iterations: 20
--------------------------------------------------------------------
|               OPTIMIZING CANDIDATE TREE SET                      |
--------------------------------------------------------------------
UPDATE BEST LOG-LIKELIHOOD: -12139.843
Iteration 30 / LogL: -12139.843 / Time: 0h:0m:49s (0h:2m:27s left)
Iteration 40 / LogL: -12139.843 / Time: 0h:0m:50s (0h:1m:37s left)
Iteration 50 / LogL: -12139.844 / Time: 0h:0m:50s (0h:1m:8s left)
Iteration 60 / LogL: -12139.843 / Time: 0h:0m:50s (0h:0m:48s left)
Iteration 70 / LogL: -12139.843 / Time: 0h:0m:51s (0h:0m:34s left)
UPDATE BEST LOG-LIKELIHOOD: -12139.843
Iteration 80 / LogL: -12139.843 / Time: 0h:0m:51s (0h:0m:23s left)
Iteration 90 / LogL: -12139.843 / Time: 0h:0m:51s (0h:0m:15s left)
Iteration 100 / LogL: -12142.311 / Time: 0h:0m:52s (0h:0m:8s left)
Iteration 110 / LogL: -12139.843 / Time: 0h:0m:52s (0h:0m:2s left)
TREE SEARCH COMPLETED AFTER 117 ITERATIONS / Time: 0h:0m:53s

--------------------------------------------------------------------
|                    FINALIZING TREE SEARCH                        |
--------------------------------------------------------------------
Performs final model parameters optimization
Estimate model parameters (epsilon = 0.010)
1. Initial log-likelihood: -12139.843
Optimal log-likelihood: -12139.835
Rate parameters:  A-C: 0.93700  A-G: 2.00337  A-T: 1.20264  C-G: 1.14029  C-T: 2.21796  G-T: 1.00000
Base frequencies:  A: 0.291  C: 0.207  G: 0.208  T: 0.294
Gamma shape alpha: 0.202
Parameters optimization took 1 rounds (0.006 sec)
BEST SCORE FOUND : -12139.835

Testing tree branches by aBayes parametric test...
0.006 sec.
Total tree length: 21.979

Total number of iterations: 117
CPU time used for tree search: 4.946 sec (0h:0m:4s)
Wall-clock time used for tree search: 5.024 sec (0h:0m:5s)
Total CPU time used: 71.751 sec (0h:1m:11s)
Total wall-clock time used: 53.013 sec (0h:0m:53s)

Analysis results written to: 
  IQ-TREE report:                /home/mis/CSE6406-project/work/paper_subset_7x2_L200_800/ils_high/replicate_02/estimated_gene_trees/L800/gtr_g4/locus_0002.iqtree
  Maximum-likelihood tree:       /home/mis/CSE6406-project/work/paper_subset_7x2_L200_800/ils_high/replicate_02/estimated_gene_trees/L800/gtr_g4/locus_0002.treefile
  Likelihood distances:          /home/mis/CSE6406-project/work/paper_subset_7x2_L200_800/ils_high/replicate_02/estimated_gene_trees/L800/gtr_g4/locus_0002.mldist
  Screen log file:               /home/mis/CSE6406-project/work/paper_subset_7x2_L200_800/ils_high/replicate_02/estimated_gene_trees/L800/gtr_g4/locus_0002.log

Date and Time: Thu Sep 10 15:08:26 2026
