IQ-TREE multicore version 2.4.0 for MacOS ARM 64-bit built Feb 12 2025
Developed by Bui Quang Minh, Nguyen Lam Tung, Olga Chernomor, Heiko Schmidt,
Dominik Schrempf, Michael Woodhams, Ly Trong Nhan, Thomas Wong

Host:    Fahims-MacBook-Air.local (SSE4.2, 16 GB RAM)
Command: /Users/fahim/miniconda3/envs/cse6406/bin/iqtree2 -s /Users/fahim/CSE6406-project/work/paper_subset_50x10_L1600/ils_high/replicate_04/alignments/L1600/locus_0009.phy -m HKY+G4 --abayes -T AUTO --seed 6806010 --prefix /Users/fahim/CSE6406-project/work/paper_subset_50x10_L1600/ils_high/replicate_04/estimated_gene_trees/L1600/hky_g4/locus_0009 --redo --quiet
Seed:    6806010 (Using SPRNG - Scalable Parallel Random Number Generator)
Time:    Sat Sep 12 07:45:58 2026
Kernel:  SSE2 - auto-detect threads (10 CPU cores detected)

Reading alignment file /Users/fahim/CSE6406-project/work/paper_subset_50x10_L1600/ils_high/replicate_04/alignments/L1600/locus_0009.phy ... Phylip format detected
Alignment most likely contains DNA/RNA sequences
Alignment has 21 sequences with 1600 columns, 522 distinct patterns
375 parsimony-informative, 189 singleton sites, 1036 constant sites
        Gap/Ambiguity  Composition  p-value
Analyzing sequences: done in 3.40939e-05 secs using 96.79% CPU
   1  0_0_0     0.00%    passed     96.08%
   2  7_0_0     0.00%    passed     94.66%
   3  13_0_0    0.00%    passed     99.99%
   4  6_0_0     0.00%    passed     71.29%
   5  8_0_0     0.00%    passed     46.01%
   6  10_0_0    0.00%    passed     86.38%
   7  9_0_0     0.00%    passed     99.62%
   8  17_0_0    0.00%    passed     80.81%
   9  20_0_0    0.00%    passed     84.60%
  10  15_0_0    0.00%    passed     98.32%
  11  14_0_0    0.00%    passed     98.96%
  12  5_0_0     0.00%    passed     96.89%
  13  2_0_0     0.00%    passed     66.32%
  14  19_0_0    0.00%    passed     81.72%
  15  1_0_0     0.00%    passed     99.01%
  16  3_0_0     0.00%    passed     93.24%
  17  12_0_0    0.00%    passed     80.74%
  18  18_0_0    0.00%    passed     91.85%
  19  4_0_0     0.00%    passed     82.45%
  20  16_0_0    0.00%    passed     84.28%
  21  11_0_0    0.00%    passed     96.52%
****  TOTAL     0.00%  0 sequences failed composition chi2 test (p-value<5%; df=3)

Create initial parsimony tree by phylogenetic likelihood library (PLL)... 0.000 seconds

NOTE: 1 MB RAM (0 GB) is required!
Measuring multi-threading efficiency up to 10 CPU cores
Increase to 10 rounds for branch lengths
1838 trees examined
Threads: 1 / Time: 10.004 sec / Speedup: 1.000 / Efficiency: 100% / LogL: -11759
Threads: 2 / Time: 14.421 sec / Speedup: 0.694 / Efficiency: 35% / LogL: -11759
BEST NUMBER OF THREADS: 1

Estimate model parameters (epsilon = 0.100)
1. Initial log-likelihood: -10535.458
2. Current log-likelihood: -10123.526
3. Current log-likelihood: -10118.138
Optimal log-likelihood: -10118.100
Rate parameters:  A-C: 1.00000  A-G: 2.13362  A-T: 1.00000  C-G: 1.00000  C-T: 2.13362  G-T: 1.00000
Base frequencies:  A: 0.299  C: 0.208  G: 0.206  T: 0.287
Gamma shape alpha: 0.198
Parameters optimization took 3 rounds (0.019 sec)
Wrote distance file to... 
Computing ML distances based on estimated model parameters...
Calculating distance matrix: done in 0.000868797 secs using 97.15% CPU
Computing ML distances took 0.000906 sec (of wall-clock time) 0.000866 sec (of CPU time)
Setting up auxiliary I and S matrices: done in 1.40667e-05 secs using 71.09% CPU
Computing RapidNJ tree took 0.000054 sec (of wall-clock time) 0.000057 sec (of CPU time)
Log-likelihood of RapidNJ tree: -10130.825
--------------------------------------------------------------------
|             INITIALIZING CANDIDATE TREE SET                      |
--------------------------------------------------------------------
Generating 98 parsimony trees... 0.052 second
Computing log-likelihood of 98 initial trees ... 0.110 seconds
Current best score: -10117.754

Do NNI search on 20 best initial trees
Estimate model parameters (epsilon = 0.100)
BETTER TREE FOUND at iteration 1: -10115.209
Iteration 10 / LogL: -10116.576 / Time: 0h:0m:24s
UPDATE BEST LOG-LIKELIHOOD: -10115.208
Iteration 20 / LogL: -10116.491 / Time: 0h:0m:24s
Finish initializing candidate tree set (4)
Current best tree score: -10115.208 / CPU time: 0.399
Number of iterations: 20
--------------------------------------------------------------------
|               OPTIMIZING CANDIDATE TREE SET                      |
--------------------------------------------------------------------
UPDATE BEST LOG-LIKELIHOOD: -10115.208
Iteration 30 / LogL: -10115.208 / Time: 0h:0m:25s (0h:1m:1s left)
UPDATE BEST LOG-LIKELIHOOD: -10115.208
UPDATE BEST LOG-LIKELIHOOD: -10115.208
Iteration 40 / LogL: -10115.363 / Time: 0h:0m:25s (0h:0m:39s left)
Iteration 50 / LogL: -10115.208 / Time: 0h:0m:25s (0h:0m:26s left)
Iteration 60 / LogL: -10125.474 / Time: 0h:0m:25s (0h:0m:17s left)
Iteration 70 / LogL: -10115.211 / Time: 0h:0m:25s (0h:0m:11s left)
Iteration 80 / LogL: -10116.573 / Time: 0h:0m:25s (0h:0m:6s left)
Iteration 90 / LogL: -10115.209 / Time: 0h:0m:26s (0h:0m:3s left)
Iteration 100 / LogL: -10115.209 / Time: 0h:0m:26s (0h:0m:0s left)
TREE SEARCH COMPLETED AFTER 102 ITERATIONS / Time: 0h:0m:26s

--------------------------------------------------------------------
|                    FINALIZING TREE SEARCH                        |
--------------------------------------------------------------------
Performs final model parameters optimization
Estimate model parameters (epsilon = 0.010)
1. Initial log-likelihood: -10115.208
Optimal log-likelihood: -10115.208
Rate parameters:  A-C: 1.00000  A-G: 2.13654  A-T: 1.00000  C-G: 1.00000  C-T: 2.13654  G-T: 1.00000
Base frequencies:  A: 0.299  C: 0.208  G: 0.206  T: 0.287
Gamma shape alpha: 0.198
Parameters optimization took 1 rounds (0.004 sec)
BEST SCORE FOUND : -10115.208

Testing tree branches by aBayes parametric test...
0.004 sec.
Total tree length: 1.239

Total number of iterations: 102
CPU time used for tree search: 1.781 sec (0h:0m:1s)
Wall-clock time used for tree search: 1.785 sec (0h:0m:1s)
Total CPU time used: 25.480 sec (0h:0m:25s)
Total wall-clock time used: 26.245 sec (0h:0m:26s)

Analysis results written to: 
  IQ-TREE report:                /Users/fahim/CSE6406-project/work/paper_subset_50x10_L1600/ils_high/replicate_04/estimated_gene_trees/L1600/hky_g4/locus_0009.iqtree
  Maximum-likelihood tree:       /Users/fahim/CSE6406-project/work/paper_subset_50x10_L1600/ils_high/replicate_04/estimated_gene_trees/L1600/hky_g4/locus_0009.treefile
  Likelihood distances:          /Users/fahim/CSE6406-project/work/paper_subset_50x10_L1600/ils_high/replicate_04/estimated_gene_trees/L1600/hky_g4/locus_0009.mldist
  Screen log file:               /Users/fahim/CSE6406-project/work/paper_subset_50x10_L1600/ils_high/replicate_04/estimated_gene_trees/L1600/hky_g4/locus_0009.log

Date and Time: Sat Sep 12 07:46:24 2026
