IQ-TREE multicore version 2.4.0 for MacOS ARM 64-bit built Feb 12 2025
Developed by Bui Quang Minh, Nguyen Lam Tung, Olga Chernomor, Heiko Schmidt,
Dominik Schrempf, Michael Woodhams, Ly Trong Nhan, Thomas Wong

Host:    Fahims-MacBook-Air.local (SSE4.2, 16 GB RAM)
Command: /Users/fahim/miniconda3/envs/cse6406/bin/iqtree2 -s /Users/fahim/CSE6406-project/work/paper_subset_50x10_L1600/ils_high/replicate_04/alignments/L1600/locus_0040.phy -m HKY+G4 --abayes -T AUTO --seed 6806041 --prefix /Users/fahim/CSE6406-project/work/paper_subset_50x10_L1600/ils_high/replicate_04/estimated_gene_trees/L1600/hky_g4/locus_0040 --redo --quiet
Seed:    6806041 (Using SPRNG - Scalable Parallel Random Number Generator)
Time:    Sat Sep 12 07:59:35 2026
Kernel:  SSE2 - auto-detect threads (10 CPU cores detected)

Reading alignment file /Users/fahim/CSE6406-project/work/paper_subset_50x10_L1600/ils_high/replicate_04/alignments/L1600/locus_0040.phy ... Phylip format detected
Alignment most likely contains DNA/RNA sequences
Alignment has 21 sequences with 1600 columns, 533 distinct patterns
394 parsimony-informative, 179 singleton sites, 1027 constant sites
        Gap/Ambiguity  Composition  p-value
Analyzing sequences: done in 3.71933e-05 secs using 96.79% CPU
   1  0_0_0     0.00%    passed     37.97%
   2  2_0_0     0.00%    passed     93.81%
   3  18_0_0    0.00%    passed     98.87%
   4  15_0_0    0.00%    passed     96.65%
   5  17_0_0    0.00%    passed     99.20%
   6  19_0_0    0.00%    passed    100.00%
   7  20_0_0    0.00%    passed     64.79%
   8  5_0_0     0.00%    passed     85.76%
   9  13_0_0    0.00%    passed     93.57%
  10  12_0_0    0.00%    passed     99.64%
  11  14_0_0    0.00%    passed     90.29%
  12  3_0_0     0.00%    passed     94.21%
  13  10_0_0    0.00%    passed     98.82%
  14  4_0_0     0.00%    passed     95.84%
  15  16_0_0    0.00%    passed     99.30%
  16  11_0_0    0.00%    passed     97.32%
  17  1_0_0     0.00%    passed     96.50%
  18  8_0_0     0.00%    passed     89.67%
  19  9_0_0     0.00%    passed     98.10%
  20  7_0_0     0.00%    passed     92.71%
  21  6_0_0     0.00%    passed     98.65%
****  TOTAL     0.00%  0 sequences failed composition chi2 test (p-value<5%; df=3)

Create initial parsimony tree by phylogenetic likelihood library (PLL)... 0.000 seconds

NOTE: 1 MB RAM (0 GB) is required!
Measuring multi-threading efficiency up to 10 CPU cores
Increase to 10 rounds for branch lengths
1693 trees examined
Threads: 1 / Time: 10.003 sec / Speedup: 1.000 / Efficiency: 100% / LogL: -12493
Threads: 2 / Time: 14.626 sec / Speedup: 0.684 / Efficiency: 34% / LogL: -12493
BEST NUMBER OF THREADS: 1

Estimate model parameters (epsilon = 0.100)
1. Initial log-likelihood: -10619.988
2. Current log-likelihood: -10230.521
3. Current log-likelihood: -10225.893
Optimal log-likelihood: -10225.846
Rate parameters:  A-C: 1.00000  A-G: 1.99051  A-T: 1.00000  C-G: 1.00000  C-T: 1.99051  G-T: 1.00000
Base frequencies:  A: 0.315  C: 0.193  G: 0.200  T: 0.292
Gamma shape alpha: 0.201
Parameters optimization took 3 rounds (0.019 sec)
Wrote distance file to... 
Computing ML distances based on estimated model parameters...
Calculating distance matrix: done in 0.000828028 secs using 97.94% CPU
Computing ML distances took 0.000860 sec (of wall-clock time) 0.000834 sec (of CPU time)
Setting up auxiliary I and S matrices: done in 1.69277e-05 secs using 59.07% CPU
Computing RapidNJ tree took 0.000058 sec (of wall-clock time) 0.000059 sec (of CPU time)
Log-likelihood of RapidNJ tree: -10239.898
--------------------------------------------------------------------
|             INITIALIZING CANDIDATE TREE SET                      |
--------------------------------------------------------------------
Generating 98 parsimony trees... 0.052 second
Computing log-likelihood of 98 initial trees ... 0.111 seconds
Current best score: -10225.846

Do NNI search on 20 best initial trees
Estimate model parameters (epsilon = 0.100)
BETTER TREE FOUND at iteration 1: -10224.609
Iteration 10 / LogL: -10224.612 / Time: 0h:0m:24s
Iteration 20 / LogL: -10227.155 / Time: 0h:0m:25s
Finish initializing candidate tree set (2)
Current best tree score: -10224.609 / CPU time: 0.462
Number of iterations: 20
--------------------------------------------------------------------
|               OPTIMIZING CANDIDATE TREE SET                      |
--------------------------------------------------------------------
Iteration 30 / LogL: -10224.796 / Time: 0h:0m:25s (0h:1m:1s left)
Iteration 40 / LogL: -10224.613 / Time: 0h:0m:25s (0h:0m:39s left)
Iteration 50 / LogL: -10227.029 / Time: 0h:0m:25s (0h:0m:26s left)
Iteration 60 / LogL: -10224.610 / Time: 0h:0m:25s (0h:0m:17s left)
Iteration 70 / LogL: -10224.616 / Time: 0h:0m:25s (0h:0m:11s left)
Iteration 80 / LogL: -10224.609 / Time: 0h:0m:26s (0h:0m:6s left)
Iteration 90 / LogL: -10227.041 / Time: 0h:0m:26s (0h:0m:3s left)
Iteration 100 / LogL: -10224.610 / Time: 0h:0m:26s (0h:0m:0s left)
TREE SEARCH COMPLETED AFTER 102 ITERATIONS / Time: 0h:0m:26s

--------------------------------------------------------------------
|                    FINALIZING TREE SEARCH                        |
--------------------------------------------------------------------
Performs final model parameters optimization
Estimate model parameters (epsilon = 0.010)
1. Initial log-likelihood: -10224.609
Optimal log-likelihood: -10224.609
Rate parameters:  A-C: 1.00000  A-G: 1.99062  A-T: 1.00000  C-G: 1.00000  C-T: 1.99062  G-T: 1.00000
Base frequencies:  A: 0.315  C: 0.193  G: 0.200  T: 0.292
Gamma shape alpha: 0.201
Parameters optimization took 1 rounds (0.003 sec)
BEST SCORE FOUND : -10224.609

Testing tree branches by aBayes parametric test...
0.004 sec.
Total tree length: 1.237

Total number of iterations: 102
CPU time used for tree search: 1.897 sec (0h:0m:1s)
Wall-clock time used for tree search: 1.900 sec (0h:0m:1s)
Total CPU time used: 25.692 sec (0h:0m:25s)
Total wall-clock time used: 26.564 sec (0h:0m:26s)

Analysis results written to: 
  IQ-TREE report:                /Users/fahim/CSE6406-project/work/paper_subset_50x10_L1600/ils_high/replicate_04/estimated_gene_trees/L1600/hky_g4/locus_0040.iqtree
  Maximum-likelihood tree:       /Users/fahim/CSE6406-project/work/paper_subset_50x10_L1600/ils_high/replicate_04/estimated_gene_trees/L1600/hky_g4/locus_0040.treefile
  Likelihood distances:          /Users/fahim/CSE6406-project/work/paper_subset_50x10_L1600/ils_high/replicate_04/estimated_gene_trees/L1600/hky_g4/locus_0040.mldist
  Screen log file:               /Users/fahim/CSE6406-project/work/paper_subset_50x10_L1600/ils_high/replicate_04/estimated_gene_trees/L1600/hky_g4/locus_0040.log

Date and Time: Sat Sep 12 08:00:01 2026
