IQ-TREE multicore version 2.4.0 for MacOS ARM 64-bit built Feb 12 2025
Developed by Bui Quang Minh, Nguyen Lam Tung, Olga Chernomor, Heiko Schmidt,
Dominik Schrempf, Michael Woodhams, Ly Trong Nhan, Thomas Wong

Host:    Fahims-MacBook-Air.local (SSE4.2, 16 GB RAM)
Command: /Users/fahim/miniconda3/envs/cse6406/bin/iqtree2 -s /Users/fahim/CSE6406-project/work/paper_subset_50x10_L1600/ils_low/replicate_04/alignments/L1600/locus_0009.phy -m GTR --abayes -T AUTO --seed 6806010 --prefix /Users/fahim/CSE6406-project/work/paper_subset_50x10_L1600/ils_low/replicate_04/estimated_gene_trees/L1600/gtr/locus_0009 --redo --quiet
Seed:    6806010 (Using SPRNG - Scalable Parallel Random Number Generator)
Time:    Fri Sep 11 07:55:00 2026
Kernel:  SSE2 - auto-detect threads (10 CPU cores detected)

Reading alignment file /Users/fahim/CSE6406-project/work/paper_subset_50x10_L1600/ils_low/replicate_04/alignments/L1600/locus_0009.phy ... Phylip format detected
Alignment most likely contains DNA/RNA sequences
Alignment has 21 sequences with 1600 columns, 469 distinct patterns
332 parsimony-informative, 192 singleton sites, 1076 constant sites
        Gap/Ambiguity  Composition  p-value
Analyzing sequences: done in 5.07832e-05 secs using 84.67% CPU
   1  0_0_0     0.00%    passed     66.99%
   2  3_0_0     0.00%    passed     93.62%
   3  12_0_0    0.00%    passed     97.80%
   4  5_0_0     0.00%    passed     99.85%
   5  14_0_0    0.00%    passed     98.13%
   6  7_0_0     0.00%    passed     97.48%
   7  8_0_0     0.00%    passed     99.61%
   8  13_0_0    0.00%    passed     95.69%
   9  6_0_0     0.00%    passed     95.98%
  10  9_0_0     0.00%    passed     99.04%
  11  19_0_0    0.00%    passed     97.45%
  12  17_0_0    0.00%    passed     94.74%
  13  15_0_0    0.00%    passed     97.59%
  14  2_0_0     0.00%    passed     98.03%
  15  11_0_0    0.00%    passed     94.95%
  16  16_0_0    0.00%    passed     87.95%
  17  1_0_0     0.00%    passed     97.16%
  18  4_0_0     0.00%    passed     94.77%
  19  18_0_0    0.00%    passed     97.87%
  20  20_0_0    0.00%    passed     99.86%
  21  10_0_0    0.00%    passed     99.86%
****  TOTAL     0.00%  0 sequences failed composition chi2 test (p-value<5%; df=3)

Create initial parsimony tree by phylogenetic likelihood library (PLL)... 0.000 seconds

NOTE: 0 MB RAM (0 GB) is required!
Measuring multi-threading efficiency up to 10 CPU cores
Increase to 10 rounds for branch lengths
6932 trees examined
Threads: 1 / Time: 10.001 sec / Speedup: 1.000 / Efficiency: 100% / LogL: -10815
Threads: 2 / Time: 27.658 sec / Speedup: 0.362 / Efficiency: 18% / LogL: -10815
BEST NUMBER OF THREADS: 1

Estimate model parameters (epsilon = 0.100)
1. Initial log-likelihood: -9206.432
2. Current log-likelihood: -9147.779
3. Current log-likelihood: -9147.636
Optimal log-likelihood: -9147.636
Rate parameters:  A-C: 0.91498  A-G: 1.60270  A-T: 0.90107  C-G: 0.76750  C-T: 1.53884  G-T: 1.00000
Base frequencies:  A: 0.306  C: 0.202  G: 0.203  T: 0.290
Parameters optimization took 3 rounds (0.006 sec)
Wrote distance file to... 
Computing ML distances based on estimated model parameters...
Calculating distance matrix: done in 0.000455141 secs using 97.55% CPU
Computing ML distances took 0.000490 sec (of wall-clock time) 0.000465 sec (of CPU time)
Setting up auxiliary I and S matrices: done in 1.4782e-05 secs using 67.65% CPU
Computing RapidNJ tree took 0.000060 sec (of wall-clock time) 0.000067 sec (of CPU time)
Log-likelihood of RapidNJ tree: -9201.215
--------------------------------------------------------------------
|             INITIALIZING CANDIDATE TREE SET                      |
--------------------------------------------------------------------
Generating 98 parsimony trees... 0.050 second
Computing log-likelihood of 98 initial trees ... 0.039 seconds
Current best score: -9146.298

Do NNI search on 20 best initial trees
Estimate model parameters (epsilon = 0.100)
BETTER TREE FOUND at iteration 1: -9146.266
Iteration 10 / LogL: -9153.974 / Time: 0h:0m:37s
Iteration 20 / LogL: -9153.975 / Time: 0h:0m:37s
Finish initializing candidate tree set (4)
Current best tree score: -9146.266 / CPU time: 0.161
Number of iterations: 20
--------------------------------------------------------------------
|               OPTIMIZING CANDIDATE TREE SET                      |
--------------------------------------------------------------------
Iteration 30 / LogL: -9149.749 / Time: 0h:0m:37s (0h:1m:32s left)
Iteration 40 / LogL: -9155.942 / Time: 0h:0m:37s (0h:0m:59s left)
Iteration 50 / LogL: -9146.365 / Time: 0h:0m:38s (0h:0m:39s left)
Iteration 60 / LogL: -9149.748 / Time: 0h:0m:38s (0h:0m:26s left)
Iteration 70 / LogL: -9146.273 / Time: 0h:0m:38s (0h:0m:17s left)
Iteration 80 / LogL: -9146.266 / Time: 0h:0m:38s (0h:0m:10s left)
Iteration 90 / LogL: -9146.268 / Time: 0h:0m:38s (0h:0m:4s left)
Iteration 100 / LogL: -9146.266 / Time: 0h:0m:38s (0h:0m:0s left)
TREE SEARCH COMPLETED AFTER 102 ITERATIONS / Time: 0h:0m:38s

--------------------------------------------------------------------
|                    FINALIZING TREE SEARCH                        |
--------------------------------------------------------------------
Performs final model parameters optimization
Estimate model parameters (epsilon = 0.010)
1. Initial log-likelihood: -9146.266
Optimal log-likelihood: -9146.265
Rate parameters:  A-C: 0.91420  A-G: 1.60259  A-T: 0.90013  C-G: 0.77127  C-T: 1.53186  G-T: 1.00000
Base frequencies:  A: 0.306  C: 0.202  G: 0.203  T: 0.290
Parameters optimization took 1 rounds (0.001 sec)
BEST SCORE FOUND : -9146.265

Testing tree branches by aBayes parametric test...
0.001 sec.
Total tree length: 0.840

Total number of iterations: 102
CPU time used for tree search: 0.616 sec (0h:0m:0s)
Wall-clock time used for tree search: 0.618 sec (0h:0m:0s)
Total CPU time used: 30.011 sec (0h:0m:30s)
Total wall-clock time used: 38.290 sec (0h:0m:38s)

Analysis results written to: 
  IQ-TREE report:                /Users/fahim/CSE6406-project/work/paper_subset_50x10_L1600/ils_low/replicate_04/estimated_gene_trees/L1600/gtr/locus_0009.iqtree
  Maximum-likelihood tree:       /Users/fahim/CSE6406-project/work/paper_subset_50x10_L1600/ils_low/replicate_04/estimated_gene_trees/L1600/gtr/locus_0009.treefile
  Likelihood distances:          /Users/fahim/CSE6406-project/work/paper_subset_50x10_L1600/ils_low/replicate_04/estimated_gene_trees/L1600/gtr/locus_0009.mldist
  Screen log file:               /Users/fahim/CSE6406-project/work/paper_subset_50x10_L1600/ils_low/replicate_04/estimated_gene_trees/L1600/gtr/locus_0009.log

Date and Time: Fri Sep 11 07:55:39 2026
