IQ-TREE multicore version 2.4.0 for MacOS ARM 64-bit built Feb 12 2025
Developed by Bui Quang Minh, Nguyen Lam Tung, Olga Chernomor, Heiko Schmidt,
Dominik Schrempf, Michael Woodhams, Ly Trong Nhan, Thomas Wong

Host:    Fahims-MacBook-Air.local (SSE4.2, 16 GB RAM)
Command: /Users/fahim/miniconda3/envs/cse6406/bin/iqtree2 -s /Users/fahim/CSE6406-project/work/paper_subset_50x10_L1600/ils_low/replicate_04/alignments/L1600/locus_0011.phy -m GTR --abayes -T AUTO --seed 6806012 --prefix /Users/fahim/CSE6406-project/work/paper_subset_50x10_L1600/ils_low/replicate_04/estimated_gene_trees/L1600/gtr/locus_0011 --redo --quiet
Seed:    6806012 (Using SPRNG - Scalable Parallel Random Number Generator)
Time:    Fri Sep 11 07:56:17 2026
Kernel:  SSE2 - auto-detect threads (10 CPU cores detected)

Reading alignment file /Users/fahim/CSE6406-project/work/paper_subset_50x10_L1600/ils_low/replicate_04/alignments/L1600/locus_0011.phy ... Phylip format detected
Alignment most likely contains DNA/RNA sequences
Alignment has 21 sequences with 1600 columns, 498 distinct patterns
345 parsimony-informative, 216 singleton sites, 1039 constant sites
        Gap/Ambiguity  Composition  p-value
Analyzing sequences: done in 3.88622e-05 secs using 100.4% CPU
   1  6_0_0     0.00%    passed     89.31%
   2  13_0_0    0.00%    passed     82.58%
   3  7_0_0     0.00%    passed     96.34%
   4  14_0_0    0.00%    passed     88.66%
   5  5_0_0     0.00%    passed     90.52%
   6  3_0_0     0.00%    passed     97.16%
   7  12_0_0    0.00%    passed     94.15%
   8  8_0_0     0.00%    passed     99.69%
   9  18_0_0    0.00%    passed     97.73%
  10  19_0_0    0.00%    passed     73.04%
  11  17_0_0    0.00%    passed     94.44%
  12  9_0_0     0.00%    passed     98.23%
  13  20_0_0    0.00%    passed     97.13%
  14  16_0_0    0.00%    passed     96.20%
  15  11_0_0    0.00%    passed     95.79%
  16  1_0_0     0.00%    passed     95.85%
  17  4_0_0     0.00%    passed     97.33%
  18  15_0_0    0.00%    passed     94.91%
  19  2_0_0     0.00%    passed     98.77%
  20  10_0_0    0.00%    passed     94.07%
  21  0_0_0     0.00%    passed     97.58%
****  TOTAL     0.00%  0 sequences failed composition chi2 test (p-value<5%; df=3)

Create initial parsimony tree by phylogenetic likelihood library (PLL)... 0.001 seconds

NOTE: 0 MB RAM (0 GB) is required!
Measuring multi-threading efficiency up to 10 CPU cores
Increase to 10 rounds for branch lengths
5969 trees examined
Threads: 1 / Time: 10.001 sec / Speedup: 1.000 / Efficiency: 100% / LogL: -11557
Threads: 2 / Time: 23.700 sec / Speedup: 0.422 / Efficiency: 21% / LogL: -11557
BEST NUMBER OF THREADS: 1

Estimate model parameters (epsilon = 0.100)
1. Initial log-likelihood: -9897.218
2. Current log-likelihood: -9813.988
Optimal log-likelihood: -9813.934
Rate parameters:  A-C: 1.13439  A-G: 2.09856  A-T: 1.15386  C-G: 0.93337  C-T: 1.88921  G-T: 1.00000
Base frequencies:  A: 0.295  C: 0.208  G: 0.195  T: 0.302
Parameters optimization took 2 rounds (0.006 sec)
Wrote distance file to... 
Computing ML distances based on estimated model parameters...
Calculating distance matrix: done in 0.000407934 secs using 97.56% CPU
Computing ML distances took 0.000441 sec (of wall-clock time) 0.000419 sec (of CPU time)
Setting up auxiliary I and S matrices: done in 1.40667e-05 secs using 71.09% CPU
Computing RapidNJ tree took 0.000056 sec (of wall-clock time) 0.000058 sec (of CPU time)
Log-likelihood of RapidNJ tree: -9909.718
--------------------------------------------------------------------
|             INITIALIZING CANDIDATE TREE SET                      |
--------------------------------------------------------------------
Generating 98 parsimony trees... 0.055 second
Computing log-likelihood of 98 initial trees ... 0.042 seconds
Current best score: -9811.476

Do NNI search on 20 best initial trees
Estimate model parameters (epsilon = 0.100)
BETTER TREE FOUND at iteration 1: -9807.498
Iteration 10 / LogL: -9819.803 / Time: 0h:0m:33s
Iteration 20 / LogL: -9836.338 / Time: 0h:0m:33s
Finish initializing candidate tree set (15)
Current best tree score: -9807.498 / CPU time: 0.168
Number of iterations: 20
--------------------------------------------------------------------
|               OPTIMIZING CANDIDATE TREE SET                      |
--------------------------------------------------------------------
Iteration 30 / LogL: -9808.924 / Time: 0h:0m:33s (0h:1m:23s left)
Iteration 40 / LogL: -9811.013 / Time: 0h:0m:34s (0h:0m:53s left)
Iteration 50 / LogL: -9815.931 / Time: 0h:0m:34s (0h:0m:35s left)
Iteration 60 / LogL: -9810.924 / Time: 0h:0m:34s (0h:0m:23s left)
Iteration 70 / LogL: -9816.383 / Time: 0h:0m:34s (0h:0m:15s left)
Iteration 80 / LogL: -9809.591 / Time: 0h:0m:34s (0h:0m:9s left)
Iteration 90 / LogL: -9807.527 / Time: 0h:0m:34s (0h:0m:4s left)
Iteration 100 / LogL: -9808.921 / Time: 0h:0m:34s (0h:0m:0s left)
TREE SEARCH COMPLETED AFTER 102 ITERATIONS / Time: 0h:0m:34s

--------------------------------------------------------------------
|                    FINALIZING TREE SEARCH                        |
--------------------------------------------------------------------
Performs final model parameters optimization
Estimate model parameters (epsilon = 0.010)
1. Initial log-likelihood: -9807.498
Optimal log-likelihood: -9807.496
Rate parameters:  A-C: 1.14061  A-G: 2.10960  A-T: 1.14911  C-G: 0.92562  C-T: 1.88273  G-T: 1.00000
Base frequencies:  A: 0.295  C: 0.208  G: 0.195  T: 0.302
Parameters optimization took 1 rounds (0.001 sec)
BEST SCORE FOUND : -9807.496

Testing tree branches by aBayes parametric test...
0.001 sec.
Total tree length: 0.935

Total number of iterations: 102
CPU time used for tree search: 0.668 sec (0h:0m:0s)
Wall-clock time used for tree search: 0.670 sec (0h:0m:0s)
Total CPU time used: 27.893 sec (0h:0m:27s)
Total wall-clock time used: 34.386 sec (0h:0m:34s)

Analysis results written to: 
  IQ-TREE report:                /Users/fahim/CSE6406-project/work/paper_subset_50x10_L1600/ils_low/replicate_04/estimated_gene_trees/L1600/gtr/locus_0011.iqtree
  Maximum-likelihood tree:       /Users/fahim/CSE6406-project/work/paper_subset_50x10_L1600/ils_low/replicate_04/estimated_gene_trees/L1600/gtr/locus_0011.treefile
  Likelihood distances:          /Users/fahim/CSE6406-project/work/paper_subset_50x10_L1600/ils_low/replicate_04/estimated_gene_trees/L1600/gtr/locus_0011.mldist
  Screen log file:               /Users/fahim/CSE6406-project/work/paper_subset_50x10_L1600/ils_low/replicate_04/estimated_gene_trees/L1600/gtr/locus_0011.log

Date and Time: Fri Sep 11 07:56:51 2026
