IQ-TREE multicore version 2.4.0 for MacOS ARM 64-bit built Feb 12 2025
Developed by Bui Quang Minh, Nguyen Lam Tung, Olga Chernomor, Heiko Schmidt,
Dominik Schrempf, Michael Woodhams, Ly Trong Nhan, Thomas Wong

Host:    Fahims-MacBook-Air.local (SSE4.2, 16 GB RAM)
Command: /Users/fahim/miniconda3/envs/cse6406/bin/iqtree2 -s /Users/fahim/CSE6406-project/work/paper_subset_50x10_L1600/ils_low/replicate_04/alignments/L1600/locus_0039.phy -m GTR --abayes -T AUTO --seed 6806040 --prefix /Users/fahim/CSE6406-project/work/paper_subset_50x10_L1600/ils_low/replicate_04/estimated_gene_trees/L1600/gtr/locus_0039 --redo --quiet
Seed:    6806040 (Using SPRNG - Scalable Parallel Random Number Generator)
Time:    Fri Sep 11 08:14:16 2026
Kernel:  SSE2 - auto-detect threads (10 CPU cores detected)

Reading alignment file /Users/fahim/CSE6406-project/work/paper_subset_50x10_L1600/ils_low/replicate_04/alignments/L1600/locus_0039.phy ... Phylip format detected
Alignment most likely contains DNA/RNA sequences
Alignment has 21 sequences with 1600 columns, 449 distinct patterns
340 parsimony-informative, 155 singleton sites, 1105 constant sites
        Gap/Ambiguity  Composition  p-value
Analyzing sequences: done in 3.98159e-05 secs using 90.42% CPU
   1  3_0_0     0.00%    passed     93.63%
   2  12_0_0    0.00%    passed     91.69%
   3  6_0_0     0.00%    passed     87.90%
   4  13_0_0    0.00%    passed     90.21%
   5  9_0_0     0.00%    passed     93.48%
   6  8_0_0     0.00%    passed     95.10%
   7  14_0_0    0.00%    passed     99.46%
   8  5_0_0     0.00%    passed     97.94%
   9  7_0_0     0.00%    passed     99.42%
  10  20_0_0    0.00%    passed     99.67%
  11  19_0_0    0.00%    passed     97.90%
  12  17_0_0    0.00%    passed     99.93%
  13  18_0_0    0.00%    passed     97.37%
  14  10_0_0    0.00%    passed     97.59%
  15  1_0_0     0.00%    passed     95.66%
  16  4_0_0     0.00%    passed     96.83%
  17  11_0_0    0.00%    passed     94.19%
  18  16_0_0    0.00%    passed     93.98%
  19  2_0_0     0.00%    passed     79.42%
  20  15_0_0    0.00%    passed     99.52%
  21  0_0_0     0.00%    passed     91.49%
****  TOTAL     0.00%  0 sequences failed composition chi2 test (p-value<5%; df=3)

Create initial parsimony tree by phylogenetic likelihood library (PLL)... 0.000 seconds

NOTE: 0 MB RAM (0 GB) is required!
Measuring multi-threading efficiency up to 10 CPU cores
Increase to 10 rounds for branch lengths
6920 trees examined
Threads: 1 / Time: 10.001 sec / Speedup: 1.000 / Efficiency: 100% / LogL: -10764
Threads: 2 / Time: 28.283 sec / Speedup: 0.354 / Efficiency: 18% / LogL: -10764
BEST NUMBER OF THREADS: 1

Estimate model parameters (epsilon = 0.100)
1. Initial log-likelihood: -8973.543
2. Current log-likelihood: -8870.266
3. Current log-likelihood: -8870.158
Optimal log-likelihood: -8870.158
Rate parameters:  A-C: 0.85210  A-G: 2.01561  A-T: 0.97649  C-G: 1.09679  C-T: 2.14487  G-T: 1.00000
Base frequencies:  A: 0.308  C: 0.191  G: 0.200  T: 0.301
Parameters optimization took 3 rounds (0.007 sec)
Wrote distance file to... 
Computing ML distances based on estimated model parameters...
Calculating distance matrix: done in 0.000528812 secs using 97.96% CPU
Computing ML distances took 0.000564 sec (of wall-clock time) 0.000540 sec (of CPU time)
Setting up auxiliary I and S matrices: done in 1.81198e-05 secs using 66.23% CPU
Computing RapidNJ tree took 0.000066 sec (of wall-clock time) 0.000068 sec (of CPU time)
Log-likelihood of RapidNJ tree: -8941.262
--------------------------------------------------------------------
|             INITIALIZING CANDIDATE TREE SET                      |
--------------------------------------------------------------------
Generating 98 parsimony trees... 0.054 second
Computing log-likelihood of 98 initial trees ... 0.040 seconds
Current best score: -8869.983

Do NNI search on 20 best initial trees
Estimate model parameters (epsilon = 0.100)
BETTER TREE FOUND at iteration 1: -8868.168
Iteration 10 / LogL: -8871.973 / Time: 0h:0m:38s
Iteration 20 / LogL: -8869.848 / Time: 0h:0m:38s
Finish initializing candidate tree set (7)
Current best tree score: -8868.168 / CPU time: 0.167
Number of iterations: 20
--------------------------------------------------------------------
|               OPTIMIZING CANDIDATE TREE SET                      |
--------------------------------------------------------------------
Iteration 30 / LogL: -8896.985 / Time: 0h:0m:38s (0h:1m:34s left)
Iteration 40 / LogL: -8896.042 / Time: 0h:0m:38s (0h:1m:0s left)
Iteration 50 / LogL: -8868.169 / Time: 0h:0m:38s (0h:0m:40s left)
Iteration 60 / LogL: -8868.170 / Time: 0h:0m:38s (0h:0m:26s left)
Iteration 70 / LogL: -8868.179 / Time: 0h:0m:38s (0h:0m:17s left)
Iteration 80 / LogL: -8868.440 / Time: 0h:0m:38s (0h:0m:10s left)
Iteration 90 / LogL: -8868.440 / Time: 0h:0m:38s (0h:0m:4s left)
Iteration 100 / LogL: -8868.170 / Time: 0h:0m:38s (0h:0m:0s left)
TREE SEARCH COMPLETED AFTER 102 ITERATIONS / Time: 0h:0m:38s

--------------------------------------------------------------------
|                    FINALIZING TREE SEARCH                        |
--------------------------------------------------------------------
Performs final model parameters optimization
Estimate model parameters (epsilon = 0.010)
1. Initial log-likelihood: -8868.168
Optimal log-likelihood: -8868.168
Rate parameters:  A-C: 0.85360  A-G: 2.01523  A-T: 0.97770  C-G: 1.11033  C-T: 2.14653  G-T: 1.00000
Base frequencies:  A: 0.308  C: 0.191  G: 0.200  T: 0.301
Parameters optimization took 1 rounds (0.001 sec)
BEST SCORE FOUND : -8868.168

Testing tree branches by aBayes parametric test...
0.001 sec.
Total tree length: 0.806

Total number of iterations: 102
CPU time used for tree search: 0.662 sec (0h:0m:0s)
Wall-clock time used for tree search: 0.665 sec (0h:0m:0s)
Total CPU time used: 30.226 sec (0h:0m:30s)
Total wall-clock time used: 38.966 sec (0h:0m:38s)

Analysis results written to: 
  IQ-TREE report:                /Users/fahim/CSE6406-project/work/paper_subset_50x10_L1600/ils_low/replicate_04/estimated_gene_trees/L1600/gtr/locus_0039.iqtree
  Maximum-likelihood tree:       /Users/fahim/CSE6406-project/work/paper_subset_50x10_L1600/ils_low/replicate_04/estimated_gene_trees/L1600/gtr/locus_0039.treefile
  Likelihood distances:          /Users/fahim/CSE6406-project/work/paper_subset_50x10_L1600/ils_low/replicate_04/estimated_gene_trees/L1600/gtr/locus_0039.mldist
  Screen log file:               /Users/fahim/CSE6406-project/work/paper_subset_50x10_L1600/ils_low/replicate_04/estimated_gene_trees/L1600/gtr/locus_0039.log

Date and Time: Fri Sep 11 08:14:55 2026
