IQ-TREE multicore version 2.4.0 for Linux x86 64-bit built Feb 12 2025
Developed by Bui Quang Minh, Nguyen Lam Tung, Olga Chernomor, Heiko Schmidt,
Dominik Schrempf, Michael Woodhams, Ly Trong Nhan, Thomas Wong

Host:    ezmata (AVX2, FMA3, 15 GB RAM)
Command: /home/mis/miniconda3/envs/cse6406/bin/iqtree2 -s /home/mis/CSE6406-project/work/paper_subset_50x10_L800/ils_low/replicate_01/alignments/L800/locus_0037.phy -m GTR+G4 --abayes -T AUTO --seed 6506038 --prefix /home/mis/CSE6406-project/work/paper_subset_50x10_L800/ils_low/replicate_01/estimated_gene_trees/L800/gtr_g4/locus_0037 --redo --quiet
Seed:    6506038 (Using SPRNG - Scalable Parallel Random Number Generator)
Time:    Thu Sep 10 23:49:32 2026
Kernel:  AVX+FMA - auto-detect threads (16 CPU cores detected)

Reading alignment file /home/mis/CSE6406-project/work/paper_subset_50x10_L800/ils_low/replicate_01/alignments/L800/locus_0037.phy ... Phylip format detected
Alignment most likely contains DNA/RNA sequences
Alignment has 21 sequences with 800 columns, 34 distinct patterns
9 parsimony-informative, 23 singleton sites, 768 constant sites
        Gap/Ambiguity  Composition  p-value
Analyzing sequences: done in 0.000137542 secs using 43.62% CPU
   1  0_0_0     0.00%    passed     98.76%
   2  13_0_0    0.00%    passed     99.96%
   3  17_0_0    0.00%    passed     99.97%
   4  15_0_0    0.00%    passed     99.97%
   5  18_0_0    0.00%    passed     99.99%
   6  12_0_0    0.00%    passed     99.99%
   7  6_0_0     0.00%    passed     99.97%
   8  1_0_0     0.00%    passed     99.90%
   9  2_0_0     0.00%    passed     99.90%
  10  3_0_0     0.00%    passed     99.94%
  11  4_0_0     0.00%    passed     99.99%
  12  19_0_0    0.00%    passed     99.97%
  13  7_0_0     0.00%    passed     99.96%
  14  16_0_0    0.00%    passed     99.82%
  15  14_0_0    0.00%    passed     99.94%
  16  8_0_0     0.00%    passed     99.86%
  17  20_0_0    0.00%    passed     99.83%
  18  11_0_0    0.00%    passed     99.61%
  19  9_0_0     0.00%    passed     99.90%
  20  10_0_0    0.00%    passed     99.74%
  21  5_0_0     0.00%    passed     99.99%
****  TOTAL     0.00%  0 sequences failed composition chi2 test (p-value<5%; df=3)
NOTE: 15_0_0 is identical to 17_0_0 but kept for subsequent analysis
NOTE: 5_0_0 is identical to 12_0_0 but kept for subsequent analysis

Create initial parsimony tree by phylogenetic likelihood library (PLL)... 0.000 seconds

NOTE: 0 MB RAM (0 GB) is required!
Measuring multi-threading efficiency up to 16 CPU cores
Increase to 10 rounds for branch lengths
31756 trees examined
Threads: 1 / Time: 16.000 sec / Speedup: 1.000 / Efficiency: 100% / LogL: -1473
Threads: 2 / Time: 32.412 sec / Speedup: 0.494 / Efficiency: 25% / LogL: -1473
BEST NUMBER OF THREADS: 1

Estimate model parameters (epsilon = 0.100)
1. Initial log-likelihood: -1369.388
2. Current log-likelihood: -1364.419
Optimal log-likelihood: -1364.419
Rate parameters:  A-C: 0.18175  A-G: 1.47021  A-T: 0.78385  C-G: 0.70786  C-T: 1.67988  G-T: 1.00000
Base frequencies:  A: 0.272  C: 0.211  G: 0.213  T: 0.303
Gamma shape alpha: 0.243
Parameters optimization took 2 rounds (0.003 sec)
Wrote distance file to... 
Computing ML distances based on estimated model parameters...
Calculating distance matrix: done in 0.00187814 secs using 97.12% CPU
Computing ML distances took 0.001892 sec (of wall-clock time) 0.001836 sec (of CPU time)
Setting up auxiliary I and S matrices: done in 2.6802e-05 secs using 100.7% CPU
Computing RapidNJ tree took 0.000098 sec (of wall-clock time) 0.000353 sec (of CPU time)
Log-likelihood of RapidNJ tree: -1364.435
--------------------------------------------------------------------
|             INITIALIZING CANDIDATE TREE SET                      |
--------------------------------------------------------------------
Generating 98 parsimony trees... 0.020 second
Computing log-likelihood of 98 initial trees ... 0.022 seconds
Current best score: -1364.419

Do NNI search on 20 best initial trees
Estimate model parameters (epsilon = 0.100)
BETTER TREE FOUND at iteration 1: -1364.418
BETTER TREE FOUND at iteration 4: -1364.418
BETTER TREE FOUND at iteration 9: -1364.418
Iteration 10 / LogL: -1364.418 / Time: 0h:0m:48s
Iteration 20 / LogL: -1364.418 / Time: 0h:0m:48s
Finish initializing candidate tree set (20)
Current best tree score: -1364.418 / CPU time: 0.062
Number of iterations: 20
--------------------------------------------------------------------
|               OPTIMIZING CANDIDATE TREE SET                      |
--------------------------------------------------------------------
BETTER TREE FOUND at iteration 28: -1364.418
Iteration 30 / LogL: -1370.324 / Time: 0h:0m:48s (0h:2m:43s left)
Iteration 40 / LogL: -1364.425 / Time: 0h:0m:48s (0h:1m:49s left)
BETTER TREE FOUND at iteration 47: -1364.418
Iteration 50 / LogL: -1364.420 / Time: 0h:0m:48s (0h:1m:36s left)
Iteration 60 / LogL: -1364.421 / Time: 0h:0m:48s (0h:1m:11s left)
Iteration 70 / LogL: -1364.430 / Time: 0h:0m:48s (0h:0m:54s left)
Iteration 80 / LogL: -1364.423 / Time: 0h:0m:48s (0h:0m:41s left)
Iteration 90 / LogL: -1364.419 / Time: 0h:0m:48s (0h:0m:31s left)
Iteration 100 / LogL: -1364.419 / Time: 0h:0m:48s (0h:0m:23s left)
Iteration 110 / LogL: -1364.420 / Time: 0h:0m:48s (0h:0m:16s left)
Iteration 120 / LogL: -1364.419 / Time: 0h:0m:48s (0h:0m:11s left)
Iteration 130 / LogL: -1364.424 / Time: 0h:0m:48s (0h:0m:6s left)
Iteration 140 / LogL: -1364.421 / Time: 0h:0m:48s (0h:0m:2s left)
TREE SEARCH COMPLETED AFTER 148 ITERATIONS / Time: 0h:0m:48s

--------------------------------------------------------------------
|                    FINALIZING TREE SEARCH                        |
--------------------------------------------------------------------
Performs final model parameters optimization
Estimate model parameters (epsilon = 0.010)
1. Initial log-likelihood: -1364.418
Optimal log-likelihood: -1364.418
Rate parameters:  A-C: 0.18407  A-G: 1.46947  A-T: 0.78670  C-G: 0.70891  C-T: 1.68966  G-T: 1.00000
Base frequencies:  A: 0.272  C: 0.211  G: 0.213  T: 0.303
Gamma shape alpha: 0.243
Parameters optimization took 1 rounds (0.001 sec)
BEST SCORE FOUND : -1364.418

Testing tree branches by aBayes parametric test...
0.001 sec.
Total tree length: 0.043

Total number of iterations: 148
CPU time used for tree search: 0.379 sec (0h:0m:0s)
Wall-clock time used for tree search: 0.401 sec (0h:0m:0s)
Total CPU time used: 43.902 sec (0h:0m:43s)
Total wall-clock time used: 48.827 sec (0h:0m:48s)

Analysis results written to: 
  IQ-TREE report:                /home/mis/CSE6406-project/work/paper_subset_50x10_L800/ils_low/replicate_01/estimated_gene_trees/L800/gtr_g4/locus_0037.iqtree
  Maximum-likelihood tree:       /home/mis/CSE6406-project/work/paper_subset_50x10_L800/ils_low/replicate_01/estimated_gene_trees/L800/gtr_g4/locus_0037.treefile
  Likelihood distances:          /home/mis/CSE6406-project/work/paper_subset_50x10_L800/ils_low/replicate_01/estimated_gene_trees/L800/gtr_g4/locus_0037.mldist
  Screen log file:               /home/mis/CSE6406-project/work/paper_subset_50x10_L800/ils_low/replicate_01/estimated_gene_trees/L800/gtr_g4/locus_0037.log

Date and Time: Thu Sep 10 23:50:21 2026
