IQ-TREE multicore version 2.4.0 for Linux x86 64-bit built Feb 12 2025
Developed by Bui Quang Minh, Nguyen Lam Tung, Olga Chernomor, Heiko Schmidt,
Dominik Schrempf, Michael Woodhams, Ly Trong Nhan, Thomas Wong

Host:    ezmata (AVX2, FMA3, 15 GB RAM)
Command: /home/mis/miniconda3/envs/cse6406/bin/iqtree2 -s /home/mis/CSE6406-project/work/paper_subset_50x10_L800/ils_low/replicate_01/alignments/L800/locus_0015.phy -m GTR+G4 --abayes -T AUTO --seed 6506016 --prefix /home/mis/CSE6406-project/work/paper_subset_50x10_L800/ils_low/replicate_01/estimated_gene_trees/L800/gtr_g4/locus_0015 --redo --quiet
Seed:    6506016 (Using SPRNG - Scalable Parallel Random Number Generator)
Time:    Thu Sep 10 23:32:34 2026
Kernel:  AVX+FMA - auto-detect threads (16 CPU cores detected)

Reading alignment file /home/mis/CSE6406-project/work/paper_subset_50x10_L800/ils_low/replicate_01/alignments/L800/locus_0015.phy ... Phylip format detected
Alignment most likely contains DNA/RNA sequences
Alignment has 21 sequences with 800 columns, 32 distinct patterns
10 parsimony-informative, 19 singleton sites, 771 constant sites
        Gap/Ambiguity  Composition  p-value
Analyzing sequences: done in 0.000100893 secs using 67.4% CPU
   1  0_0_0     0.00%    passed     99.53%
   2  2_0_0     0.00%    passed     99.90%
   3  4_0_0     0.00%    passed     99.91%
   4  3_0_0     0.00%    passed     99.86%
   5  1_0_0     0.00%    passed     99.90%
   6  17_0_0    0.00%    passed     99.44%
   7  15_0_0    0.00%    passed     99.44%
   8  18_0_0    0.00%    passed     99.97%
   9  12_0_0    0.00%    passed     98.42%
  10  13_0_0    0.00%    passed    100.00%
  11  6_0_0     0.00%    passed    100.00%
  12  7_0_0     0.00%    passed     99.99%
  13  16_0_0    0.00%    passed     99.99%
  14  11_0_0    0.00%    passed     99.95%
  15  20_0_0    0.00%    passed     99.99%
  16  14_0_0    0.00%    passed     99.86%
  17  8_0_0     0.00%    passed     99.86%
  18  19_0_0    0.00%    passed     99.93%
  19  5_0_0     0.00%    passed     99.98%
  20  9_0_0     0.00%    passed     99.98%
  21  10_0_0    0.00%    passed     99.94%
****  TOTAL     0.00%  0 sequences failed composition chi2 test (p-value<5%; df=3)
NOTE: 15_0_0 is identical to 17_0_0 but kept for subsequent analysis
NOTE: 16_0_0 is identical to 7_0_0 but kept for subsequent analysis
NOTE: 8_0_0 is identical to 14_0_0 but kept for subsequent analysis
NOTE: 9_0_0 is identical to 5_0_0 but kept for subsequent analysis
NOTE: 1 identical sequences (see below) will be ignored for subsequent analysis
NOTE: 20_0_0 (identical to 7_0_0) is ignored but added at the end
Alignment was printed to /home/mis/CSE6406-project/work/paper_subset_50x10_L800/ils_low/replicate_01/estimated_gene_trees/L800/gtr_g4/locus_0015.uniqueseq.phy

For your convenience alignment with unique sequences printed to /home/mis/CSE6406-project/work/paper_subset_50x10_L800/ils_low/replicate_01/estimated_gene_trees/L800/gtr_g4/locus_0015.uniqueseq.phy

Create initial parsimony tree by phylogenetic likelihood library (PLL)... 0.000 seconds

NOTE: 0 MB RAM (0 GB) is required!
Measuring multi-threading efficiency up to 16 CPU cores
Increase to 10 rounds for branch lengths
32069 trees examined
Threads: 1 / Time: 16.000 sec / Speedup: 1.000 / Efficiency: 100% / LogL: -1461
Threads: 2 / Time: 29.221 sec / Speedup: 0.548 / Efficiency: 27% / LogL: -1461
BEST NUMBER OF THREADS: 1

Estimate model parameters (epsilon = 0.100)
1. Initial log-likelihood: -1332.423
2. Current log-likelihood: -1327.830
Optimal log-likelihood: -1327.829
Rate parameters:  A-C: 0.92693  A-G: 1.31842  A-T: 0.85236  C-G: 1.80991  C-T: 3.29423  G-T: 1.00000
Base frequencies:  A: 0.290  C: 0.212  G: 0.199  T: 0.300
Gamma shape alpha: 998.448
Parameters optimization took 2 rounds (0.003 sec)
Wrote distance file to... 
Computing ML distances based on estimated model parameters...
Calculating distance matrix: done in 0.00209994 secs using 88.29% CPU
Computing ML distances took 0.002117 sec (of wall-clock time) 0.001869 sec (of CPU time)
Setting up auxiliary I and S matrices: done in 3.1803e-05 secs using 97.48% CPU
Computing RapidNJ tree took 0.000120 sec (of wall-clock time) 0.000120 sec (of CPU time)
Log-likelihood of RapidNJ tree: -1327.842
--------------------------------------------------------------------
|             INITIALIZING CANDIDATE TREE SET                      |
--------------------------------------------------------------------
Generating 98 parsimony trees... 0.023 second
Computing log-likelihood of 98 initial trees ... 0.023 seconds
Current best score: -1327.829

Do NNI search on 20 best initial trees
Estimate model parameters (epsilon = 0.100)
BETTER TREE FOUND at iteration 1: -1327.828
BETTER TREE FOUND at iteration 2: -1327.828
Iteration 10 / LogL: -1327.828 / Time: 0h:0m:45s
Iteration 20 / LogL: -1327.828 / Time: 0h:0m:45s
Finish initializing candidate tree set (20)
Current best tree score: -1327.828 / CPU time: 0.068
Number of iterations: 20
--------------------------------------------------------------------
|               OPTIMIZING CANDIDATE TREE SET                      |
--------------------------------------------------------------------
Iteration 30 / LogL: -1327.833 / Time: 0h:0m:45s (0h:1m:52s left)
Iteration 40 / LogL: -1327.837 / Time: 0h:0m:45s (0h:1m:12s left)
Iteration 50 / LogL: -1327.829 / Time: 0h:0m:45s (0h:0m:48s left)
Iteration 60 / LogL: -1327.830 / Time: 0h:0m:45s (0h:0m:32s left)
Iteration 70 / LogL: -1327.835 / Time: 0h:0m:45s (0h:0m:21s left)
Iteration 80 / LogL: -1332.865 / Time: 0h:0m:45s (0h:0m:12s left)
Iteration 90 / LogL: -1327.832 / Time: 0h:0m:45s (0h:0m:6s left)
Iteration 100 / LogL: -1334.062 / Time: 0h:0m:45s (0h:0m:0s left)
TREE SEARCH COMPLETED AFTER 103 ITERATIONS / Time: 0h:0m:45s

--------------------------------------------------------------------
|                    FINALIZING TREE SEARCH                        |
--------------------------------------------------------------------
Performs final model parameters optimization
Estimate model parameters (epsilon = 0.010)
1. Initial log-likelihood: -1327.828
Optimal log-likelihood: -1327.828
Rate parameters:  A-C: 0.94706  A-G: 1.33476  A-T: 0.86821  C-G: 1.82265  C-T: 3.31866  G-T: 1.00000
Base frequencies:  A: 0.290  C: 0.212  G: 0.199  T: 0.300
Gamma shape alpha: 998.448
Parameters optimization took 1 rounds (0.001 sec)
BEST SCORE FOUND : -1327.828

Testing tree branches by aBayes parametric test...
0.001 sec.
Total tree length: 0.036

Total number of iterations: 103
CPU time used for tree search: 0.307 sec (0h:0m:0s)
Wall-clock time used for tree search: 0.325 sec (0h:0m:0s)
Total CPU time used: 40.640 sec (0h:0m:40s)
Total wall-clock time used: 45.561 sec (0h:0m:45s)

Analysis results written to: 
  IQ-TREE report:                /home/mis/CSE6406-project/work/paper_subset_50x10_L800/ils_low/replicate_01/estimated_gene_trees/L800/gtr_g4/locus_0015.iqtree
  Maximum-likelihood tree:       /home/mis/CSE6406-project/work/paper_subset_50x10_L800/ils_low/replicate_01/estimated_gene_trees/L800/gtr_g4/locus_0015.treefile
  Likelihood distances:          /home/mis/CSE6406-project/work/paper_subset_50x10_L800/ils_low/replicate_01/estimated_gene_trees/L800/gtr_g4/locus_0015.mldist
  Screen log file:               /home/mis/CSE6406-project/work/paper_subset_50x10_L800/ils_low/replicate_01/estimated_gene_trees/L800/gtr_g4/locus_0015.log

Date and Time: Thu Sep 10 23:33:20 2026
