IQ-TREE multicore version 2.4.0 for MacOS ARM 64-bit built Feb 12 2025
Developed by Bui Quang Minh, Nguyen Lam Tung, Olga Chernomor, Heiko Schmidt,
Dominik Schrempf, Michael Woodhams, Ly Trong Nhan, Thomas Wong

Host:    Fahims-MacBook-Air.local (SSE4.2, 16 GB RAM)
Command: /Users/fahim/miniconda3/envs/cse6406/bin/iqtree2 -s /Users/fahim/CSE6406-project/work/paper_subset_50x10_L1600/ils_low/replicate_09/alignments/L1600/locus_0020.phy -m GTR+G4 --abayes -T AUTO --seed 7306021 --prefix /Users/fahim/CSE6406-project/work/paper_subset_50x10_L1600/ils_low/replicate_09/estimated_gene_trees/L1600/gtr_g4/locus_0020 --redo --quiet
Seed:    7306021 (Using SPRNG - Scalable Parallel Random Number Generator)
Time:    Fri Sep 11 18:46:23 2026
Kernel:  SSE2 - auto-detect threads (10 CPU cores detected)

Reading alignment file /Users/fahim/CSE6406-project/work/paper_subset_50x10_L1600/ils_low/replicate_09/alignments/L1600/locus_0020.phy ... Phylip format detected
Alignment most likely contains DNA/RNA sequences
Alignment has 21 sequences with 1600 columns, 918 distinct patterns
802 parsimony-informative, 159 singleton sites, 639 constant sites
        Gap/Ambiguity  Composition  p-value
Analyzing sequences: done in 4.19617e-05 secs using 133.5% CPU
   1  1_0_0     0.00%    passed     30.96%
   2  16_0_0    0.00%    passed     72.51%
   3  8_0_0     0.00%    passed     33.13%
   4  3_0_0     0.00%    passed     95.17%
   5  9_0_0     0.00%    passed     71.96%
   6  6_0_0     0.00%    passed     87.43%
   7  19_0_0    0.00%    passed     80.24%
   8  20_0_0    0.00%    passed     62.73%
   9  12_0_0    0.00%    passed     99.53%
  10  11_0_0    0.00%    passed     92.42%
  11  4_0_0     0.00%    passed     83.36%
  12  14_0_0    0.00%    passed     53.48%
  13  13_0_0    0.00%    passed     93.26%
  14  7_0_0     0.00%    passed     75.35%
  15  2_0_0     0.00%    passed     71.97%
  16  10_0_0    0.00%    passed     79.62%
  17  18_0_0    0.00%    passed     62.88%
  18  17_0_0    0.00%    passed     65.80%
  19  15_0_0    0.00%    passed     49.31%
  20  5_0_0     0.00%    passed     93.96%
  21  0_0_0     0.00%    passed     53.65%
****  TOTAL     0.00%  0 sequences failed composition chi2 test (p-value<5%; df=3)

Create initial parsimony tree by phylogenetic likelihood library (PLL)... 0.001 seconds

NOTE: 2 MB RAM (0 GB) is required!
Measuring multi-threading efficiency up to 10 CPU cores
Increase to 10 rounds for branch lengths
633 trees examined
Threads: 1 / Time: 10.005 sec / Speedup: 1.000 / Efficiency: 100% / LogL: -23172
Threads: 2 / Time: 12.773 sec / Speedup: 0.783 / Efficiency: 39% / LogL: -23172
BEST NUMBER OF THREADS: 1

Estimate model parameters (epsilon = 0.100)
1. Initial log-likelihood: -22265.123
2. Current log-likelihood: -21268.448
3. Current log-likelihood: -21151.651
4. Current log-likelihood: -21139.885
5. Current log-likelihood: -21137.467
6. Current log-likelihood: -21136.882
7. Current log-likelihood: -21136.745
Optimal log-likelihood: -21136.642
Rate parameters:  A-C: 1.14356  A-G: 1.94473  A-T: 1.05109  C-G: 0.90263  C-T: 1.86583  G-T: 1.00000
Base frequencies:  A: 0.288  C: 0.206  G: 0.205  T: 0.300
Gamma shape alpha: 0.203
Parameters optimization took 7 rounds (0.137 sec)
Wrote distance file to... 
Computing ML distances based on estimated model parameters...
Calculating distance matrix: done in 0.000985146 secs using 99.58% CPU
Computing ML distances took 0.001040 sec (of wall-clock time) 0.001025 sec (of CPU time)
Setting up auxiliary I and S matrices: done in 1.81198e-05 secs using 71.74% CPU
Computing RapidNJ tree took 0.000062 sec (of wall-clock time) 0.000065 sec (of CPU time)
Log-likelihood of RapidNJ tree: -21128.004
--------------------------------------------------------------------
|             INITIALIZING CANDIDATE TREE SET                      |
--------------------------------------------------------------------
Generating 98 parsimony trees... 0.107 second
Computing log-likelihood of 98 initial trees ... 0.214 seconds
Current best score: -21128.004

Do NNI search on 20 best initial trees
Estimate model parameters (epsilon = 0.100)
BETTER TREE FOUND at iteration 1: -21120.788
Iteration 10 / LogL: -21121.107 / Time: 0h:0m:23s
Iteration 20 / LogL: -21127.652 / Time: 0h:0m:23s
Finish initializing candidate tree set (2)
Current best tree score: -21120.788 / CPU time: 0.940
Number of iterations: 20
--------------------------------------------------------------------
|               OPTIMIZING CANDIDATE TREE SET                      |
--------------------------------------------------------------------
UPDATE BEST LOG-LIKELIHOOD: -21120.788
Iteration 30 / LogL: -21120.788 / Time: 0h:0m:24s (0h:0m:59s left)
UPDATE BEST LOG-LIKELIHOOD: -21120.788
Iteration 40 / LogL: -21120.941 / Time: 0h:0m:24s (0h:0m:38s left)
Iteration 50 / LogL: -21128.570 / Time: 0h:0m:24s (0h:0m:26s left)
Iteration 60 / LogL: -21120.795 / Time: 0h:0m:25s (0h:0m:17s left)
Iteration 70 / LogL: -21120.794 / Time: 0h:0m:25s (0h:0m:11s left)
Iteration 80 / LogL: -21121.371 / Time: 0h:0m:26s (0h:0m:6s left)
Iteration 90 / LogL: -21120.816 / Time: 0h:0m:26s (0h:0m:3s left)
Iteration 100 / LogL: -21120.933 / Time: 0h:0m:26s (0h:0m:0s left)
TREE SEARCH COMPLETED AFTER 102 ITERATIONS / Time: 0h:0m:26s

--------------------------------------------------------------------
|                    FINALIZING TREE SEARCH                        |
--------------------------------------------------------------------
Performs final model parameters optimization
Estimate model parameters (epsilon = 0.010)
1. Initial log-likelihood: -21120.788
Optimal log-likelihood: -21120.777
Rate parameters:  A-C: 1.13943  A-G: 1.95327  A-T: 1.05641  C-G: 0.89945  C-T: 1.88939  G-T: 1.00000
Base frequencies:  A: 0.288  C: 0.206  G: 0.205  T: 0.300
Gamma shape alpha: 0.203
Parameters optimization took 1 rounds (0.008 sec)
BEST SCORE FOUND : -21120.777

Testing tree branches by aBayes parametric test...
0.008 sec.
Total tree length: 13.655

Total number of iterations: 102
CPU time used for tree search: 3.952 sec (0h:0m:3s)
Wall-clock time used for tree search: 3.967 sec (0h:0m:3s)
Total CPU time used: 27.623 sec (0h:0m:27s)
Total wall-clock time used: 26.916 sec (0h:0m:26s)

Analysis results written to: 
  IQ-TREE report:                /Users/fahim/CSE6406-project/work/paper_subset_50x10_L1600/ils_low/replicate_09/estimated_gene_trees/L1600/gtr_g4/locus_0020.iqtree
  Maximum-likelihood tree:       /Users/fahim/CSE6406-project/work/paper_subset_50x10_L1600/ils_low/replicate_09/estimated_gene_trees/L1600/gtr_g4/locus_0020.treefile
  Likelihood distances:          /Users/fahim/CSE6406-project/work/paper_subset_50x10_L1600/ils_low/replicate_09/estimated_gene_trees/L1600/gtr_g4/locus_0020.mldist
  Screen log file:               /Users/fahim/CSE6406-project/work/paper_subset_50x10_L1600/ils_low/replicate_09/estimated_gene_trees/L1600/gtr_g4/locus_0020.log

Date and Time: Fri Sep 11 18:46:50 2026
