IQ-TREE multicore version 2.4.0 for MacOS ARM 64-bit built Feb 12 2025
Developed by Bui Quang Minh, Nguyen Lam Tung, Olga Chernomor, Heiko Schmidt,
Dominik Schrempf, Michael Woodhams, Ly Trong Nhan, Thomas Wong

Host:    Fahims-MacBook-Air.local (SSE4.2, 16 GB RAM)
Command: /Users/fahim/miniconda3/envs/cse6406/bin/iqtree2 -s /Users/fahim/CSE6406-project/work/paper_subset_50x10_L1600/ils_low/replicate_09/alignments/L1600/locus_0019.phy -m GTR+G4 --abayes -T AUTO --seed 7306020 --prefix /Users/fahim/CSE6406-project/work/paper_subset_50x10_L1600/ils_low/replicate_09/estimated_gene_trees/L1600/gtr_g4/locus_0019 --redo --quiet
Seed:    7306020 (Using SPRNG - Scalable Parallel Random Number Generator)
Time:    Fri Sep 11 18:45:57 2026
Kernel:  SSE2 - auto-detect threads (10 CPU cores detected)

Reading alignment file /Users/fahim/CSE6406-project/work/paper_subset_50x10_L1600/ils_low/replicate_09/alignments/L1600/locus_0019.phy ... Phylip format detected
Alignment most likely contains DNA/RNA sequences
Alignment has 21 sequences with 1600 columns, 910 distinct patterns
794 parsimony-informative, 152 singleton sites, 654 constant sites
        Gap/Ambiguity  Composition  p-value
Analyzing sequences: done in 4.29153e-05 secs using 149.1% CPU
   1  8_0_0     0.00%    passed     74.32%
   2  16_0_0    0.00%    passed     60.06%
   3  14_0_0    0.00%    passed     67.71%
   4  13_0_0    0.00%    passed     77.02%
   5  7_0_0     0.00%    passed     96.92%
   6  10_0_0    0.00%    passed     82.86%
   7  2_0_0     0.00%    passed     65.24%
   8  18_0_0    0.00%    passed     59.82%
   9  15_0_0    0.00%    passed     23.28%
  10  17_0_0    0.00%    passed     57.85%
  11  5_0_0     0.00%    passed     66.89%
  12  11_0_0    0.00%    passed     32.39%
  13  4_0_0     0.00%    passed     71.01%
  14  12_0_0    0.00%    passed     88.23%
  15  20_0_0    0.00%    passed     89.38%
  16  9_0_0     0.00%    passed     60.74%
  17  3_0_0     0.00%    passed     88.43%
  18  6_0_0     0.00%    passed     99.64%
  19  19_0_0    0.00%    passed     97.04%
  20  1_0_0     0.00%    passed     49.87%
  21  0_0_0     0.00%    passed     64.15%
****  TOTAL     0.00%  0 sequences failed composition chi2 test (p-value<5%; df=3)

Create initial parsimony tree by phylogenetic likelihood library (PLL)... 0.001 seconds

NOTE: 2 MB RAM (0 GB) is required!
Measuring multi-threading efficiency up to 10 CPU cores
Increase to 10 rounds for branch lengths
584 trees examined
Threads: 1 / Time: 10.011 sec / Speedup: 1.000 / Efficiency: 100% / LogL: -23498
Threads: 2 / Time: 11.468 sec / Speedup: 0.873 / Efficiency: 44% / LogL: -23498
BEST NUMBER OF THREADS: 1

Estimate model parameters (epsilon = 0.100)
1. Initial log-likelihood: -22477.027
2. Current log-likelihood: -21420.892
3. Current log-likelihood: -21285.427
4. Current log-likelihood: -21268.521
5. Current log-likelihood: -21264.277
6. Current log-likelihood: -21262.945
7. Current log-likelihood: -21262.466
8. Current log-likelihood: -21262.330
Optimal log-likelihood: -21262.210
Rate parameters:  A-C: 0.90621  A-G: 1.81455  A-T: 0.95090  C-G: 0.84937  C-T: 1.99770  G-T: 1.00000
Base frequencies:  A: 0.304  C: 0.193  G: 0.206  T: 0.297
Gamma shape alpha: 0.198
Parameters optimization took 8 rounds (0.139 sec)
Wrote distance file to... 
Computing ML distances based on estimated model parameters...
Calculating distance matrix: done in 0.00100708 secs using 98.01% CPU
Computing ML distances took 0.001072 sec (of wall-clock time) 0.001035 sec (of CPU time)
Setting up auxiliary I and S matrices: done in 1.78814e-05 secs using 67.11% CPU
Computing RapidNJ tree took 0.000064 sec (of wall-clock time) 0.000069 sec (of CPU time)
Log-likelihood of RapidNJ tree: -21257.918
--------------------------------------------------------------------
|             INITIALIZING CANDIDATE TREE SET                      |
--------------------------------------------------------------------
Generating 98 parsimony trees... 0.101 second
Computing log-likelihood of 98 initial trees ... 0.218 seconds
Current best score: -21257.918

Do NNI search on 20 best initial trees
Estimate model parameters (epsilon = 0.100)
BETTER TREE FOUND at iteration 1: -21254.280
BETTER TREE FOUND at iteration 3: -21254.277
Iteration 10 / LogL: -21257.105 / Time: 0h:0m:22s
UPDATE BEST LOG-LIKELIHOOD: -21254.277
Iteration 20 / LogL: -21259.237 / Time: 0h:0m:22s
Finish initializing candidate tree set (5)
Current best tree score: -21254.277 / CPU time: 1.097
Number of iterations: 20
--------------------------------------------------------------------
|               OPTIMIZING CANDIDATE TREE SET                      |
--------------------------------------------------------------------
Iteration 30 / LogL: -21254.277 / Time: 0h:0m:23s (0h:0m:58s left)
Iteration 40 / LogL: -21254.277 / Time: 0h:0m:23s (0h:0m:38s left)
Iteration 50 / LogL: -21254.277 / Time: 0h:0m:23s (0h:0m:25s left)
Iteration 60 / LogL: -21254.278 / Time: 0h:0m:24s (0h:0m:17s left)
UPDATE BEST LOG-LIKELIHOOD: -21254.277
Iteration 70 / LogL: -21256.306 / Time: 0h:0m:24s (0h:0m:11s left)
Iteration 80 / LogL: -21254.277 / Time: 0h:0m:25s (0h:0m:7s left)
Iteration 90 / LogL: -21254.277 / Time: 0h:0m:25s (0h:0m:3s left)
Iteration 100 / LogL: -21256.254 / Time: 0h:0m:26s (0h:0m:0s left)
TREE SEARCH COMPLETED AFTER 104 ITERATIONS / Time: 0h:0m:26s

--------------------------------------------------------------------
|                    FINALIZING TREE SEARCH                        |
--------------------------------------------------------------------
Performs final model parameters optimization
Estimate model parameters (epsilon = 0.010)
1. Initial log-likelihood: -21254.277
2. Current log-likelihood: -21254.264
Optimal log-likelihood: -21254.253
Rate parameters:  A-C: 0.89133  A-G: 1.84249  A-T: 0.95782  C-G: 0.86158  C-T: 2.02756  G-T: 1.00000
Base frequencies:  A: 0.304  C: 0.193  G: 0.206  T: 0.297
Gamma shape alpha: 0.197
Parameters optimization took 2 rounds (0.015 sec)
BEST SCORE FOUND : -21254.253

Testing tree branches by aBayes parametric test...
0.008 sec.
Total tree length: 14.501

Total number of iterations: 104
CPU time used for tree search: 4.531 sec (0h:0m:4s)
Wall-clock time used for tree search: 4.549 sec (0h:0m:4s)
Total CPU time used: 26.935 sec (0h:0m:26s)
Total wall-clock time used: 26.207 sec (0h:0m:26s)

Analysis results written to: 
  IQ-TREE report:                /Users/fahim/CSE6406-project/work/paper_subset_50x10_L1600/ils_low/replicate_09/estimated_gene_trees/L1600/gtr_g4/locus_0019.iqtree
  Maximum-likelihood tree:       /Users/fahim/CSE6406-project/work/paper_subset_50x10_L1600/ils_low/replicate_09/estimated_gene_trees/L1600/gtr_g4/locus_0019.treefile
  Likelihood distances:          /Users/fahim/CSE6406-project/work/paper_subset_50x10_L1600/ils_low/replicate_09/estimated_gene_trees/L1600/gtr_g4/locus_0019.mldist
  Screen log file:               /Users/fahim/CSE6406-project/work/paper_subset_50x10_L1600/ils_low/replicate_09/estimated_gene_trees/L1600/gtr_g4/locus_0019.log

Date and Time: Fri Sep 11 18:46:23 2026
