IQ-TREE multicore version 2.4.0 for Linux x86 64-bit built Feb 12 2025
Developed by Bui Quang Minh, Nguyen Lam Tung, Olga Chernomor, Heiko Schmidt,
Dominik Schrempf, Michael Woodhams, Ly Trong Nhan, Thomas Wong

Host:    ezmata (AVX2, FMA3, 15 GB RAM)
Command: /home/mis/miniconda3/envs/cse6406/bin/iqtree2 -s /home/mis/CSE6406-project/work/paper_subset_50x10_L800/ils_low/replicate_07/alignments/L800/locus_0020.phy -m GTR --abayes -T AUTO --seed 7106021 --prefix /home/mis/CSE6406-project/work/paper_subset_50x10_L800/ils_low/replicate_07/estimated_gene_trees/L800/gtr/locus_0020 --redo --quiet
Seed:    7106021 (Using SPRNG - Scalable Parallel Random Number Generator)
Time:    Sat Sep 12 05:40:59 2026
Kernel:  AVX+FMA - auto-detect threads (16 CPU cores detected)

Reading alignment file /home/mis/CSE6406-project/work/paper_subset_50x10_L800/ils_low/replicate_07/alignments/L800/locus_0020.phy ... Phylip format detected
Alignment most likely contains DNA/RNA sequences
Alignment has 21 sequences with 800 columns, 378 distinct patterns
296 parsimony-informative, 97 singleton sites, 407 constant sites
        Gap/Ambiguity  Composition  p-value
Analyzing sequences: done in 0.000138209 secs using 80.31% CPU
   1  5_0_0     0.00%    passed     90.82%
   2  10_0_0    0.00%    passed     65.29%
   3  17_0_0    0.00%    passed     75.16%
   4  9_0_0     0.00%    passed     62.14%
   5  11_0_0    0.00%    passed     65.08%
   6  16_0_0    0.00%    passed     98.00%
   7  3_0_0     0.00%    passed     92.49%
   8  13_0_0    0.00%    passed     87.09%
   9  2_0_0     0.00%    passed     62.08%
  10  6_0_0     0.00%    passed     99.09%
  11  4_0_0     0.00%    passed     73.19%
  12  14_0_0    0.00%    passed     59.80%
  13  15_0_0    0.00%    passed     63.61%
  14  8_0_0     0.00%    passed     68.78%
  15  7_0_0     0.00%    passed     73.05%
  16  12_0_0    0.00%    passed     87.88%
  17  1_0_0     0.00%    passed     23.77%
  18  18_0_0    0.00%    passed     95.67%
  19  20_0_0    0.00%    passed     95.08%
  20  19_0_0    0.00%    passed     95.42%
  21  0_0_0     0.00%    passed     97.31%
****  TOTAL     0.00%  0 sequences failed composition chi2 test (p-value<5%; df=3)

Create initial parsimony tree by phylogenetic likelihood library (PLL)... 0.001 seconds

NOTE: 0 MB RAM (0 GB) is required!
Measuring multi-threading efficiency up to 16 CPU cores
Increase to 10 rounds for branch lengths
7023 trees examined
Threads: 1 / Time: 16.001 sec / Speedup: 1.000 / Efficiency: 100% / LogL: -10952
Threads: 2 / Time: 26.975 sec / Speedup: 0.593 / Efficiency: 30% / LogL: -10952
BEST NUMBER OF THREADS: 1

Estimate model parameters (epsilon = 0.100)
1. Initial log-likelihood: -9904.191
2. Current log-likelihood: -9831.888
3. Current log-likelihood: -9831.714
Optimal log-likelihood: -9831.713
Rate parameters:  A-C: 1.07251  A-G: 1.57766  A-T: 1.00553  C-G: 1.32196  C-T: 1.82294  G-T: 1.00000
Base frequencies:  A: 0.302  C: 0.176  G: 0.207  T: 0.315
Parameters optimization took 3 rounds (0.008 sec)
Wrote distance file to... 
Computing ML distances based on estimated model parameters...
Calculating distance matrix: done in 0.000525251 secs using 77.49% CPU
Computing ML distances took 0.000559 sec (of wall-clock time) 0.000434 sec (of CPU time)
Setting up auxiliary I and S matrices: done in 2.9169e-05 secs
Computing RapidNJ tree took 0.000108 sec (of wall-clock time) 0.000000 sec (of CPU time)
Log-likelihood of RapidNJ tree: -9891.823
--------------------------------------------------------------------
|             INITIALIZING CANDIDATE TREE SET                      |
--------------------------------------------------------------------
Generating 98 parsimony trees... 0.094 second
Computing log-likelihood of 98 initial trees ... 0.051 seconds
Current best score: -9822.562

Do NNI search on 20 best initial trees
Estimate model parameters (epsilon = 0.100)
BETTER TREE FOUND at iteration 1: -9821.160
Iteration 10 / LogL: -9824.108 / Time: 0h:0m:43s
Iteration 20 / LogL: -9827.764 / Time: 0h:0m:43s
Finish initializing candidate tree set (10)
Current best tree score: -9821.160 / CPU time: 0.221
Number of iterations: 20
--------------------------------------------------------------------
|               OPTIMIZING CANDIDATE TREE SET                      |
--------------------------------------------------------------------
Iteration 30 / LogL: -9827.743 / Time: 0h:0m:43s (0h:1m:45s left)
Iteration 40 / LogL: -9824.218 / Time: 0h:0m:43s (0h:1m:7s left)
Iteration 50 / LogL: -9824.109 / Time: 0h:0m:43s (0h:0m:45s left)
Iteration 60 / LogL: -9824.841 / Time: 0h:0m:43s (0h:0m:30s left)
Iteration 70 / LogL: -9824.126 / Time: 0h:0m:43s (0h:0m:19s left)
Iteration 80 / LogL: -9824.116 / Time: 0h:0m:43s (0h:0m:11s left)
Iteration 90 / LogL: -9821.164 / Time: 0h:0m:43s (0h:0m:5s left)
Iteration 100 / LogL: -9821.164 / Time: 0h:0m:43s (0h:0m:0s left)
TREE SEARCH COMPLETED AFTER 102 ITERATIONS / Time: 0h:0m:43s

--------------------------------------------------------------------
|                    FINALIZING TREE SEARCH                        |
--------------------------------------------------------------------
Performs final model parameters optimization
Estimate model parameters (epsilon = 0.010)
1. Initial log-likelihood: -9821.160
Optimal log-likelihood: -9821.160
Rate parameters:  A-C: 1.02393  A-G: 1.59470  A-T: 0.96447  C-G: 1.27293  C-T: 1.73139  G-T: 1.00000
Base frequencies:  A: 0.302  C: 0.176  G: 0.207  T: 0.315
Parameters optimization took 1 rounds (0.001 sec)
BEST SCORE FOUND : -9821.160

Testing tree branches by aBayes parametric test...
0.002 sec.
Total tree length: 2.747

Total number of iterations: 102
CPU time used for tree search: 0.749 sec (0h:0m:0s)
Wall-clock time used for tree search: 0.781 sec (0h:0m:0s)
Total CPU time used: 43.118 sec (0h:0m:43s)
Total wall-clock time used: 43.778 sec (0h:0m:43s)

Analysis results written to: 
  IQ-TREE report:                /home/mis/CSE6406-project/work/paper_subset_50x10_L800/ils_low/replicate_07/estimated_gene_trees/L800/gtr/locus_0020.iqtree
  Maximum-likelihood tree:       /home/mis/CSE6406-project/work/paper_subset_50x10_L800/ils_low/replicate_07/estimated_gene_trees/L800/gtr/locus_0020.treefile
  Likelihood distances:          /home/mis/CSE6406-project/work/paper_subset_50x10_L800/ils_low/replicate_07/estimated_gene_trees/L800/gtr/locus_0020.mldist
  Screen log file:               /home/mis/CSE6406-project/work/paper_subset_50x10_L800/ils_low/replicate_07/estimated_gene_trees/L800/gtr/locus_0020.log

Date and Time: Sat Sep 12 05:41:43 2026
