IQ-TREE multicore version 2.4.0 for Linux x86 64-bit built Feb 12 2025
Developed by Bui Quang Minh, Nguyen Lam Tung, Olga Chernomor, Heiko Schmidt,
Dominik Schrempf, Michael Woodhams, Ly Trong Nhan, Thomas Wong

Host:    ezmata (AVX2, FMA3, 15 GB RAM)
Command: /home/mis/miniconda3/envs/cse6406/bin/iqtree2 -s /home/mis/CSE6406-project/work/paper_subset_50x10_L800/ils_low/replicate_07/alignments/L800/locus_0044.phy -m GTR --abayes -T AUTO --seed 7106045 --prefix /home/mis/CSE6406-project/work/paper_subset_50x10_L800/ils_low/replicate_07/estimated_gene_trees/L800/gtr/locus_0044 --redo --quiet
Seed:    7106045 (Using SPRNG - Scalable Parallel Random Number Generator)
Time:    Sat Sep 12 05:58:16 2026
Kernel:  AVX+FMA - auto-detect threads (16 CPU cores detected)

Reading alignment file /home/mis/CSE6406-project/work/paper_subset_50x10_L800/ils_low/replicate_07/alignments/L800/locus_0044.phy ... Phylip format detected
Alignment most likely contains DNA/RNA sequences
Alignment has 21 sequences with 800 columns, 385 distinct patterns
297 parsimony-informative, 102 singleton sites, 401 constant sites
        Gap/Ambiguity  Composition  p-value
Analyzing sequences: done in 0.000117032 secs using 47.85% CPU
   1  1_0_0     0.00%    passed     91.45%
   2  3_0_0     0.00%    passed     82.25%
   3  13_0_0    0.00%    passed     99.12%
   4  16_0_0    0.00%    passed     96.46%
   5  6_0_0     0.00%    passed     93.48%
   6  2_0_0     0.00%    passed     92.84%
   7  14_0_0    0.00%    passed     80.88%
   8  4_0_0     0.00%    passed     92.68%
   9  5_0_0     0.00%    passed     99.92%
  10  10_0_0    0.00%    passed     80.20%
  11  17_0_0    0.00%    passed     97.66%
  12  9_0_0     0.00%    passed     68.86%
  13  11_0_0    0.00%    passed     87.60%
  14  15_0_0    0.00%    passed     61.60%
  15  8_0_0     0.00%    passed     54.87%
  16  7_0_0     0.00%    passed     84.61%
  17  12_0_0    0.00%    passed     92.87%
  18  19_0_0    0.00%    passed     78.02%
  19  20_0_0    0.00%    passed     77.68%
  20  18_0_0    0.00%    passed     76.02%
  21  0_0_0     0.00%    passed     95.20%
****  TOTAL     0.00%  0 sequences failed composition chi2 test (p-value<5%; df=3)

Create initial parsimony tree by phylogenetic likelihood library (PLL)... 0.001 seconds

NOTE: 0 MB RAM (0 GB) is required!
Measuring multi-threading efficiency up to 16 CPU cores
Increase to 10 rounds for branch lengths
7480 trees examined
Threads: 1 / Time: 16.000 sec / Speedup: 1.000 / Efficiency: 100% / LogL: -11278
Threads: 2 / Time: 26.884 sec / Speedup: 0.595 / Efficiency: 30% / LogL: -11278
BEST NUMBER OF THREADS: 1

Estimate model parameters (epsilon = 0.100)
1. Initial log-likelihood: -10512.487
2. Current log-likelihood: -10433.744
3. Current log-likelihood: -10433.590
Optimal log-likelihood: -10433.589
Rate parameters:  A-C: 0.87044  A-G: 1.49210  A-T: 0.81774  C-G: 1.08979  C-T: 1.46469  G-T: 1.00000
Base frequencies:  A: 0.308  C: 0.192  G: 0.195  T: 0.304
Parameters optimization took 3 rounds (0.009 sec)
Wrote distance file to... 
Computing ML distances based on estimated model parameters...
Calculating distance matrix: done in 0.000458173 secs using 78.35% CPU
Computing ML distances took 0.000488 sec (of wall-clock time) 0.000383 sec (of CPU time)
Setting up auxiliary I and S matrices: done in 3.4438e-05 secs using 665% CPU
Computing RapidNJ tree took 0.000110 sec (of wall-clock time) 0.000297 sec (of CPU time)
Log-likelihood of RapidNJ tree: -10491.415
--------------------------------------------------------------------
|             INITIALIZING CANDIDATE TREE SET                      |
--------------------------------------------------------------------
Generating 98 parsimony trees... 0.091 second
Computing log-likelihood of 98 initial trees ... 0.049 seconds
Current best score: -10421.480

Do NNI search on 20 best initial trees
Estimate model parameters (epsilon = 0.100)
BETTER TREE FOUND at iteration 1: -10419.947
Estimate model parameters (epsilon = 0.100)
BETTER TREE FOUND at iteration 4: -10417.655
Iteration 10 / LogL: -10417.782 / Time: 0h:0m:43s
Iteration 20 / LogL: -10422.128 / Time: 0h:0m:43s
Finish initializing candidate tree set (15)
Current best tree score: -10417.655 / CPU time: 0.226
Number of iterations: 20
--------------------------------------------------------------------
|               OPTIMIZING CANDIDATE TREE SET                      |
--------------------------------------------------------------------
Iteration 30 / LogL: -10420.791 / Time: 0h:0m:43s (0h:1m:50s left)
Iteration 40 / LogL: -10419.630 / Time: 0h:0m:43s (0h:1m:10s left)
Iteration 50 / LogL: -10420.184 / Time: 0h:0m:43s (0h:0m:47s left)
Iteration 60 / LogL: -10419.589 / Time: 0h:0m:43s (0h:0m:32s left)
Iteration 70 / LogL: -10419.636 / Time: 0h:0m:43s (0h:0m:21s left)
Iteration 80 / LogL: -10422.547 / Time: 0h:0m:43s (0h:0m:13s left)
Iteration 90 / LogL: -10419.613 / Time: 0h:0m:43s (0h:0m:6s left)
Iteration 100 / LogL: -10418.705 / Time: 0h:0m:43s (0h:0m:1s left)
TREE SEARCH COMPLETED AFTER 105 ITERATIONS / Time: 0h:0m:43s

--------------------------------------------------------------------
|                    FINALIZING TREE SEARCH                        |
--------------------------------------------------------------------
Performs final model parameters optimization
Estimate model parameters (epsilon = 0.010)
1. Initial log-likelihood: -10417.655
Optimal log-likelihood: -10417.652
Rate parameters:  A-C: 0.84445  A-G: 1.47231  A-T: 0.77712  C-G: 1.03000  C-T: 1.42044  G-T: 1.00000
Base frequencies:  A: 0.308  C: 0.192  G: 0.195  T: 0.304
Parameters optimization took 1 rounds (0.001 sec)
BEST SCORE FOUND : -10417.652

Testing tree branches by aBayes parametric test...
0.002 sec.
Total tree length: 3.037

Total number of iterations: 105
CPU time used for tree search: 0.779 sec (0h:0m:0s)
Wall-clock time used for tree search: 0.813 sec (0h:0m:0s)
Total CPU time used: 44.250 sec (0h:0m:44s)
Total wall-clock time used: 43.718 sec (0h:0m:43s)

Analysis results written to: 
  IQ-TREE report:                /home/mis/CSE6406-project/work/paper_subset_50x10_L800/ils_low/replicate_07/estimated_gene_trees/L800/gtr/locus_0044.iqtree
  Maximum-likelihood tree:       /home/mis/CSE6406-project/work/paper_subset_50x10_L800/ils_low/replicate_07/estimated_gene_trees/L800/gtr/locus_0044.treefile
  Likelihood distances:          /home/mis/CSE6406-project/work/paper_subset_50x10_L800/ils_low/replicate_07/estimated_gene_trees/L800/gtr/locus_0044.mldist
  Screen log file:               /home/mis/CSE6406-project/work/paper_subset_50x10_L800/ils_low/replicate_07/estimated_gene_trees/L800/gtr/locus_0044.log

Date and Time: Sat Sep 12 05:59:00 2026
