IQ-TREE multicore version 2.4.0 for Linux x86 64-bit built Feb 12 2025
Developed by Bui Quang Minh, Nguyen Lam Tung, Olga Chernomor, Heiko Schmidt,
Dominik Schrempf, Michael Woodhams, Ly Trong Nhan, Thomas Wong

Host:    ezmata (AVX2, FMA3, 15 GB RAM)
Command: /home/mis/miniconda3/envs/cse6406/bin/iqtree2 -s /home/mis/CSE6406-project/work/paper_subset_50x10_L800/ils_low/replicate_03/alignments/L800/locus_0014.phy -m GTR+G4 --abayes -T AUTO --seed 6706015 --prefix /home/mis/CSE6406-project/work/paper_subset_50x10_L800/ils_low/replicate_03/estimated_gene_trees/L800/gtr_g4/locus_0014 --redo --quiet
Seed:    6706015 (Using SPRNG - Scalable Parallel Random Number Generator)
Time:    Fri Sep 11 05:42:11 2026
Kernel:  AVX+FMA - auto-detect threads (16 CPU cores detected)

Reading alignment file /home/mis/CSE6406-project/work/paper_subset_50x10_L800/ils_low/replicate_03/alignments/L800/locus_0014.phy ... Phylip format detected
Alignment most likely contains DNA/RNA sequences
Alignment has 21 sequences with 800 columns, 459 distinct patterns
390 parsimony-informative, 72 singleton sites, 338 constant sites
        Gap/Ambiguity  Composition  p-value
Analyzing sequences: done in 0.000139198 secs using 67.53% CPU
   1  0_0_0     0.00%    passed     78.88%
   2  18_0_0    0.00%    passed     64.33%
   3  6_0_0     0.00%    passed     64.93%
   4  9_0_0     0.00%    passed     99.06%
   5  14_0_0    0.00%    passed     91.61%
   6  5_0_0     0.00%    passed     90.85%
   7  7_0_0     0.00%    passed     97.02%
   8  15_0_0    0.00%    passed     70.79%
   9  16_0_0    0.00%    passed     94.35%
  10  19_0_0    0.00%    passed     68.41%
  11  10_0_0    0.00%    passed     53.60%
  12  4_0_0     0.00%    passed     80.95%
  13  13_0_0    0.00%    passed     98.82%
  14  17_0_0    0.00%    passed     60.51%
  15  12_0_0    0.00%    passed     95.55%
  16  8_0_0     0.00%    passed     41.31%
  17  11_0_0    0.00%    passed     96.54%
  18  20_0_0    0.00%    passed     90.99%
  19  3_0_0     0.00%    passed     82.78%
  20  1_0_0     0.00%    passed     76.45%
  21  2_0_0     0.00%    passed     80.10%
****  TOTAL     0.00%  0 sequences failed composition chi2 test (p-value<5%; df=3)

Create initial parsimony tree by phylogenetic likelihood library (PLL)... 0.001 seconds

NOTE: 1 MB RAM (0 GB) is required!
Measuring multi-threading efficiency up to 16 CPU cores
Increase to 10 rounds for branch lengths
1666 trees examined
Threads: 1 / Time: 16.006 sec / Speedup: 1.000 / Efficiency: 100% / LogL: -11781
Threads: 2 / Time: 18.298 sec / Speedup: 0.875 / Efficiency: 44% / LogL: -11781
BEST NUMBER OF THREADS: 1

Estimate model parameters (epsilon = 0.100)
1. Initial log-likelihood: -11017.717
2. Current log-likelihood: -10472.502
3. Current log-likelihood: -10424.292
4. Current log-likelihood: -10420.514
5. Current log-likelihood: -10419.955
Optimal log-likelihood: -10419.834
Rate parameters:  A-C: 0.95628  A-G: 1.73232  A-T: 0.93399  C-G: 0.89692  C-T: 2.23284  G-T: 1.00000
Base frequencies:  A: 0.321  C: 0.206  G: 0.194  T: 0.279
Gamma shape alpha: 0.196
Parameters optimization took 5 rounds (0.072 sec)
Wrote distance file to... 
Computing ML distances based on estimated model parameters...
Calculating distance matrix: done in 0.0013928 secs using 94.56% CPU
Computing ML distances took 0.001430 sec (of wall-clock time) 0.001351 sec (of CPU time)
Setting up auxiliary I and S matrices: done in 2.8624e-05 secs using 995.7% CPU
Computing RapidNJ tree took 0.000105 sec (of wall-clock time) 0.000355 sec (of CPU time)
Log-likelihood of RapidNJ tree: -10418.772
--------------------------------------------------------------------
|             INITIALIZING CANDIDATE TREE SET                      |
--------------------------------------------------------------------
Generating 98 parsimony trees... 0.110 second
Computing log-likelihood of 98 initial trees ... 0.181 seconds
Current best score: -10412.740

Do NNI search on 20 best initial trees
Estimate model parameters (epsilon = 0.100)
BETTER TREE FOUND at iteration 1: -10395.666
UPDATE BEST LOG-LIKELIHOOD: -10395.664
UPDATE BEST LOG-LIKELIHOOD: -10395.664
Iteration 10 / LogL: -10395.669 / Time: 0h:0m:34s
Iteration 20 / LogL: -10398.041 / Time: 0h:0m:35s
Finish initializing candidate tree set (5)
Current best tree score: -10395.664 / CPU time: 0.889
Number of iterations: 20
--------------------------------------------------------------------
|               OPTIMIZING CANDIDATE TREE SET                      |
--------------------------------------------------------------------
Iteration 30 / LogL: -10396.270 / Time: 0h:0m:35s (0h:1m:27s left)
Iteration 40 / LogL: -10395.698 / Time: 0h:0m:35s (0h:0m:56s left)
UPDATE BEST LOG-LIKELIHOOD: -10395.664
Iteration 50 / LogL: -10396.105 / Time: 0h:0m:36s (0h:0m:37s left)
Iteration 60 / LogL: -10395.666 / Time: 0h:0m:36s (0h:0m:25s left)
UPDATE BEST LOG-LIKELIHOOD: -10395.664
Iteration 70 / LogL: -10395.855 / Time: 0h:0m:36s (0h:0m:16s left)
Iteration 80 / LogL: -10396.252 / Time: 0h:0m:37s (0h:0m:9s left)
Iteration 90 / LogL: -10395.667 / Time: 0h:0m:37s (0h:0m:4s left)
Iteration 100 / LogL: -10395.668 / Time: 0h:0m:37s (0h:0m:0s left)
TREE SEARCH COMPLETED AFTER 102 ITERATIONS / Time: 0h:0m:37s

--------------------------------------------------------------------
|                    FINALIZING TREE SEARCH                        |
--------------------------------------------------------------------
Performs final model parameters optimization
Estimate model parameters (epsilon = 0.010)
1. Initial log-likelihood: -10395.664
Optimal log-likelihood: -10395.654
Rate parameters:  A-C: 0.97189  A-G: 1.72247  A-T: 0.94159  C-G: 0.87626  C-T: 2.25559  G-T: 1.00000
Base frequencies:  A: 0.321  C: 0.206  G: 0.194  T: 0.279
Gamma shape alpha: 0.194
Parameters optimization took 1 rounds (0.005 sec)
BEST SCORE FOUND : -10395.654

Testing tree branches by aBayes parametric test...
0.005 sec.
Total tree length: 10.128

Total number of iterations: 102
CPU time used for tree search: 3.530 sec (0h:0m:3s)
Wall-clock time used for tree search: 3.582 sec (0h:0m:3s)
Total CPU time used: 45.198 sec (0h:0m:45s)
Total wall-clock time used: 37.992 sec (0h:0m:37s)

Analysis results written to: 
  IQ-TREE report:                /home/mis/CSE6406-project/work/paper_subset_50x10_L800/ils_low/replicate_03/estimated_gene_trees/L800/gtr_g4/locus_0014.iqtree
  Maximum-likelihood tree:       /home/mis/CSE6406-project/work/paper_subset_50x10_L800/ils_low/replicate_03/estimated_gene_trees/L800/gtr_g4/locus_0014.treefile
  Likelihood distances:          /home/mis/CSE6406-project/work/paper_subset_50x10_L800/ils_low/replicate_03/estimated_gene_trees/L800/gtr_g4/locus_0014.mldist
  Screen log file:               /home/mis/CSE6406-project/work/paper_subset_50x10_L800/ils_low/replicate_03/estimated_gene_trees/L800/gtr_g4/locus_0014.log

Date and Time: Fri Sep 11 05:42:49 2026
