IQ-TREE multicore version 2.4.0 for Linux x86 64-bit built Feb 12 2025
Developed by Bui Quang Minh, Nguyen Lam Tung, Olga Chernomor, Heiko Schmidt,
Dominik Schrempf, Michael Woodhams, Ly Trong Nhan, Thomas Wong

Host:    ezmata (AVX2, FMA3, 15 GB RAM)
Command: /home/mis/miniconda3/envs/cse6406/bin/iqtree2 -s /home/mis/CSE6406-project/work/paper_subset_50x10_L800/ils_low/replicate_03/alignments/L800/locus_0002.phy -m GTR+G4 --abayes -T AUTO --seed 6706003 --prefix /home/mis/CSE6406-project/work/paper_subset_50x10_L800/ils_low/replicate_03/estimated_gene_trees/L800/gtr_g4/locus_0002 --redo --quiet
Seed:    6706003 (Using SPRNG - Scalable Parallel Random Number Generator)
Time:    Fri Sep 11 05:34:40 2026
Kernel:  AVX+FMA - auto-detect threads (16 CPU cores detected)

Reading alignment file /home/mis/CSE6406-project/work/paper_subset_50x10_L800/ils_low/replicate_03/alignments/L800/locus_0002.phy ... Phylip format detected
Alignment most likely contains DNA/RNA sequences
Alignment has 21 sequences with 800 columns, 419 distinct patterns
356 parsimony-informative, 72 singleton sites, 372 constant sites
        Gap/Ambiguity  Composition  p-value
Analyzing sequences: done in 0.000149388 secs using 52.21% CPU
   1  0_0_0     0.00%    passed     92.49%
   2  3_0_0     0.00%    passed     68.33%
   3  1_0_0     0.00%    passed     92.39%
   4  2_0_0     0.00%    passed     84.04%
   5  18_0_0    0.00%    passed     66.90%
   6  9_0_0     0.00%    passed     52.01%
   7  7_0_0     0.00%    passed     95.72%
   8  14_0_0    0.00%    passed     97.14%
   9  5_0_0     0.00%    passed     86.92%
  10  6_0_0     0.00%    passed     99.40%
  11  15_0_0    0.00%    passed     44.27%
  12  16_0_0    0.00%    passed     75.97%
  13  19_0_0    0.00%    passed     95.43%
  14  10_0_0    0.00%    passed     98.58%
  15  12_0_0    0.00%    passed     89.64%
  16  17_0_0    0.00%    passed     97.95%
  17  13_0_0    0.00%    passed     98.85%
  18  4_0_0     0.00%    passed     98.14%
  19  11_0_0    0.00%    passed     76.80%
  20  8_0_0     0.00%    passed     93.84%
  21  20_0_0    0.00%    passed     39.41%
****  TOTAL     0.00%  0 sequences failed composition chi2 test (p-value<5%; df=3)

Create initial parsimony tree by phylogenetic likelihood library (PLL)... 0.001 seconds

NOTE: 1 MB RAM (0 GB) is required!
Measuring multi-threading efficiency up to 16 CPU cores
Increase to 10 rounds for branch lengths
1900 trees examined
Threads: 1 / Time: 16.002 sec / Speedup: 1.000 / Efficiency: 100% / LogL: -11062
Threads: 2 / Time: 19.259 sec / Speedup: 0.831 / Efficiency: 42% / LogL: -11062
BEST NUMBER OF THREADS: 1

Estimate model parameters (epsilon = 0.100)
1. Initial log-likelihood: -10180.401
2. Current log-likelihood: -9646.634
3. Current log-likelihood: -9605.636
4. Current log-likelihood: -9604.125
5. Current log-likelihood: -9604.012
Optimal log-likelihood: -9603.982
Rate parameters:  A-C: 1.06607  A-G: 1.83405  A-T: 0.80581  C-G: 0.98237  C-T: 1.98141  G-T: 1.00000
Base frequencies:  A: 0.287  C: 0.199  G: 0.203  T: 0.311
Gamma shape alpha: 0.205
Parameters optimization took 5 rounds (0.064 sec)
Wrote distance file to... 
Computing ML distances based on estimated model parameters...
Calculating distance matrix: done in 0.00121613 secs using 92.34% CPU
Computing ML distances took 0.001254 sec (of wall-clock time) 0.001159 sec (of CPU time)
Setting up auxiliary I and S matrices: done in 2.9997e-05 secs using 100% CPU
Computing RapidNJ tree took 0.000109 sec (of wall-clock time) 0.000385 sec (of CPU time)
Log-likelihood of RapidNJ tree: -9619.597
--------------------------------------------------------------------
|             INITIALIZING CANDIDATE TREE SET                      |
--------------------------------------------------------------------
Generating 98 parsimony trees... 0.108 second
Computing log-likelihood of 98 initial trees ... 0.170 seconds
Current best score: -9603.982

Do NNI search on 20 best initial trees
Estimate model parameters (epsilon = 0.100)
BETTER TREE FOUND at iteration 1: -9600.709
Iteration 10 / LogL: -9600.710 / Time: 0h:0m:35s
Iteration 20 / LogL: -9603.225 / Time: 0h:0m:36s
Finish initializing candidate tree set (3)
Current best tree score: -9600.709 / CPU time: 0.858
Number of iterations: 20
--------------------------------------------------------------------
|               OPTIMIZING CANDIDATE TREE SET                      |
--------------------------------------------------------------------
Iteration 30 / LogL: -9600.710 / Time: 0h:0m:36s (0h:1m:29s left)
UPDATE BEST LOG-LIKELIHOOD: -9600.709
Iteration 40 / LogL: -9603.215 / Time: 0h:0m:36s (0h:0m:57s left)
Iteration 50 / LogL: -9600.709 / Time: 0h:0m:37s (0h:0m:38s left)
Iteration 60 / LogL: -9601.828 / Time: 0h:0m:37s (0h:0m:26s left)
Iteration 70 / LogL: -9601.575 / Time: 0h:0m:37s (0h:0m:16s left)
Iteration 80 / LogL: -9600.710 / Time: 0h:0m:38s (0h:0m:10s left)
Iteration 90 / LogL: -9600.709 / Time: 0h:0m:38s (0h:0m:4s left)
Iteration 100 / LogL: -9600.710 / Time: 0h:0m:38s (0h:0m:0s left)
TREE SEARCH COMPLETED AFTER 102 ITERATIONS / Time: 0h:0m:38s

--------------------------------------------------------------------
|                    FINALIZING TREE SEARCH                        |
--------------------------------------------------------------------
Performs final model parameters optimization
Estimate model parameters (epsilon = 0.010)
1. Initial log-likelihood: -9600.709
Optimal log-likelihood: -9600.706
Rate parameters:  A-C: 1.06922  A-G: 1.82482  A-T: 0.80591  C-G: 0.98219  C-T: 1.99407  G-T: 1.00000
Base frequencies:  A: 0.287  C: 0.199  G: 0.203  T: 0.311
Gamma shape alpha: 0.204
Parameters optimization took 1 rounds (0.006 sec)
BEST SCORE FOUND : -9600.706

Testing tree branches by aBayes parametric test...
0.006 sec.
Total tree length: 8.012

Total number of iterations: 102
CPU time used for tree search: 3.429 sec (0h:0m:3s)
Wall-clock time used for tree search: 3.472 sec (0h:0m:3s)
Total CPU time used: 45.387 sec (0h:0m:45s)
Total wall-clock time used: 38.828 sec (0h:0m:38s)

Analysis results written to: 
  IQ-TREE report:                /home/mis/CSE6406-project/work/paper_subset_50x10_L800/ils_low/replicate_03/estimated_gene_trees/L800/gtr_g4/locus_0002.iqtree
  Maximum-likelihood tree:       /home/mis/CSE6406-project/work/paper_subset_50x10_L800/ils_low/replicate_03/estimated_gene_trees/L800/gtr_g4/locus_0002.treefile
  Likelihood distances:          /home/mis/CSE6406-project/work/paper_subset_50x10_L800/ils_low/replicate_03/estimated_gene_trees/L800/gtr_g4/locus_0002.mldist
  Screen log file:               /home/mis/CSE6406-project/work/paper_subset_50x10_L800/ils_low/replicate_03/estimated_gene_trees/L800/gtr_g4/locus_0002.log

Date and Time: Fri Sep 11 05:35:19 2026
