IQ-TREE multicore version 2.4.0 for Linux x86 64-bit built Feb 12 2025
Developed by Bui Quang Minh, Nguyen Lam Tung, Olga Chernomor, Heiko Schmidt,
Dominik Schrempf, Michael Woodhams, Ly Trong Nhan, Thomas Wong

Host:    ezmata (AVX2, FMA3, 15 GB RAM)
Command: /home/mis/miniconda3/envs/cse6406/bin/iqtree2 -s /home/mis/CSE6406-project/work/paper_subset_50x10_L800/ils_high/replicate_01/alignments/L800/locus_0021.phy -m GTR+G4 --abayes -T AUTO --seed 6506022 --prefix /home/mis/CSE6406-project/work/paper_subset_50x10_L800/ils_high/replicate_01/estimated_gene_trees/L800/gtr_g4/locus_0021 --redo --quiet
Seed:    6506022 (Using SPRNG - Scalable Parallel Random Number Generator)
Time:    Sat Sep 12 16:45:03 2026
Kernel:  AVX+FMA - auto-detect threads (16 CPU cores detected)

Reading alignment file /home/mis/CSE6406-project/work/paper_subset_50x10_L800/ils_high/replicate_01/alignments/L800/locus_0021.phy ... Phylip format detected
Alignment most likely contains DNA/RNA sequences
Alignment has 21 sequences with 800 columns, 46 distinct patterns
11 parsimony-informative, 34 singleton sites, 755 constant sites
        Gap/Ambiguity  Composition  p-value
Analyzing sequences: done in 0.000124109 secs
   1  0_0_0     0.00%    passed     98.80%
   2  13_0_0    0.00%    passed     99.21%
   3  19_0_0    0.00%    passed     99.97%
   4  7_0_0     0.00%    passed     99.96%
   5  16_0_0    0.00%    passed     99.97%
   6  11_0_0    0.00%    passed     99.85%
   7  20_0_0    0.00%    passed     99.97%
   8  8_0_0     0.00%    passed     99.85%
   9  14_0_0    0.00%    passed     99.97%
  10  9_0_0     0.00%    passed     99.90%
  11  10_0_0    0.00%    passed     99.27%
  12  5_0_0     0.00%    passed     99.86%
  13  1_0_0     0.00%    passed     99.94%
  14  4_0_0     0.00%    passed     99.74%
  15  18_0_0    0.00%    passed     99.86%
  16  12_0_0    0.00%    passed     99.97%
  17  6_0_0     0.00%    passed     99.23%
  18  17_0_0    0.00%    passed     99.90%
  19  15_0_0    0.00%    passed     99.97%
  20  2_0_0     0.00%    passed     99.95%
  21  3_0_0     0.00%    passed     99.98%
****  TOTAL     0.00%  0 sequences failed composition chi2 test (p-value<5%; df=3)
NOTE: 14_0_0 is identical to 16_0_0 but kept for subsequent analysis

Create initial parsimony tree by phylogenetic likelihood library (PLL)... 0.000 seconds

NOTE: 0 MB RAM (0 GB) is required!
Measuring multi-threading efficiency up to 16 CPU cores
Increase to 10 rounds for branch lengths
26125 trees examined
Threads: 1 / Time: 16.000 sec / Speedup: 1.000 / Efficiency: 100% / LogL: -1578
Threads: 2 / Time: 29.518 sec / Speedup: 0.542 / Efficiency: 27% / LogL: -1578
BEST NUMBER OF THREADS: 1

Estimate model parameters (epsilon = 0.100)
1. Initial log-likelihood: -1477.180
2. Current log-likelihood: -1467.760
Optimal log-likelihood: -1467.750
Rate parameters:  A-C: 0.70568  A-G: 0.87869  A-T: 0.17270  C-G: 1.01312  C-T: 1.33862  G-T: 1.00000
Base frequencies:  A: 0.322  C: 0.196  G: 0.195  T: 0.287
Gamma shape alpha: 0.020
Parameters optimization took 2 rounds (0.004 sec)
Wrote distance file to... 
Computing ML distances based on estimated model parameters...
Calculating distance matrix: done in 0.00150894 secs using 94.64% CPU
Computing ML distances took 0.001523 sec (of wall-clock time) 0.001440 sec (of CPU time)
Setting up auxiliary I and S matrices: done in 2.5294e-05 secs using 98.84% CPU
Computing RapidNJ tree took 0.000095 sec (of wall-clock time) 0.000340 sec (of CPU time)
Log-likelihood of RapidNJ tree: -1474.256
--------------------------------------------------------------------
|             INITIALIZING CANDIDATE TREE SET                      |
--------------------------------------------------------------------
Generating 98 parsimony trees... 0.021 second
Computing log-likelihood of 98 initial trees ... 0.025 seconds
Current best score: -1467.419

Do NNI search on 20 best initial trees
Estimate model parameters (epsilon = 0.100)
BETTER TREE FOUND at iteration 1: -1467.340
BETTER TREE FOUND at iteration 2: -1467.340
BETTER TREE FOUND at iteration 4: -1467.339
Iteration 10 / LogL: -1467.340 / Time: 0h:0m:45s
Iteration 20 / LogL: -1467.861 / Time: 0h:0m:45s
Finish initializing candidate tree set (20)
Current best tree score: -1467.339 / CPU time: 0.093
Number of iterations: 20
--------------------------------------------------------------------
|               OPTIMIZING CANDIDATE TREE SET                      |
--------------------------------------------------------------------
Iteration 30 / LogL: -1467.390 / Time: 0h:0m:45s (0h:1m:56s left)
Iteration 40 / LogL: -1467.344 / Time: 0h:0m:45s (0h:1m:14s left)
Iteration 50 / LogL: -1467.341 / Time: 0h:0m:45s (0h:0m:50s left)
Iteration 60 / LogL: -1467.390 / Time: 0h:0m:45s (0h:0m:34s left)
Iteration 70 / LogL: -1467.343 / Time: 0h:0m:45s (0h:0m:22s left)
Iteration 80 / LogL: -1467.392 / Time: 0h:0m:45s (0h:0m:13s left)
Iteration 90 / LogL: -1473.376 / Time: 0h:0m:45s (0h:0m:7s left)
Iteration 100 / LogL: -1467.340 / Time: 0h:0m:45s (0h:0m:1s left)
TREE SEARCH COMPLETED AFTER 105 ITERATIONS / Time: 0h:0m:45s

--------------------------------------------------------------------
|                    FINALIZING TREE SEARCH                        |
--------------------------------------------------------------------
Performs final model parameters optimization
Estimate model parameters (epsilon = 0.010)
1. Initial log-likelihood: -1467.339
Optimal log-likelihood: -1467.339
Rate parameters:  A-C: 0.78862  A-G: 0.97012  A-T: 0.19212  C-G: 1.11122  C-T: 1.60196  G-T: 1.00000
Base frequencies:  A: 0.322  C: 0.196  G: 0.195  T: 0.287
Gamma shape alpha: 0.020
Parameters optimization took 1 rounds (0.001 sec)
BEST SCORE FOUND : -1467.339

Testing tree branches by aBayes parametric test...
0.001 sec.
Total tree length: 0.065

Total number of iterations: 105
CPU time used for tree search: 0.358 sec (0h:0m:0s)
Wall-clock time used for tree search: 0.379 sec (0h:0m:0s)
Total CPU time used: 42.420 sec (0h:0m:42s)
Total wall-clock time used: 45.912 sec (0h:0m:45s)

Analysis results written to: 
  IQ-TREE report:                /home/mis/CSE6406-project/work/paper_subset_50x10_L800/ils_high/replicate_01/estimated_gene_trees/L800/gtr_g4/locus_0021.iqtree
  Maximum-likelihood tree:       /home/mis/CSE6406-project/work/paper_subset_50x10_L800/ils_high/replicate_01/estimated_gene_trees/L800/gtr_g4/locus_0021.treefile
  Likelihood distances:          /home/mis/CSE6406-project/work/paper_subset_50x10_L800/ils_high/replicate_01/estimated_gene_trees/L800/gtr_g4/locus_0021.mldist
  Screen log file:               /home/mis/CSE6406-project/work/paper_subset_50x10_L800/ils_high/replicate_01/estimated_gene_trees/L800/gtr_g4/locus_0021.log

Date and Time: Sat Sep 12 16:45:49 2026
