IQ-TREE multicore version 2.4.0 for Linux x86 64-bit built Feb 12 2025
Developed by Bui Quang Minh, Nguyen Lam Tung, Olga Chernomor, Heiko Schmidt,
Dominik Schrempf, Michael Woodhams, Ly Trong Nhan, Thomas Wong

Host:    ezmata (AVX2, FMA3, 15 GB RAM)
Command: /home/mis/miniconda3/envs/cse6406/bin/iqtree2 -s /home/mis/CSE6406-project/work/paper_subset_50x10_L800/ils_low/replicate_07/alignments/L800/locus_0005.phy -m HKY+G4 --abayes -T AUTO --seed 7106006 --prefix /home/mis/CSE6406-project/work/paper_subset_50x10_L800/ils_low/replicate_07/estimated_gene_trees/L800/hky_g4/locus_0005 --redo --quiet
Seed:    7106006 (Using SPRNG - Scalable Parallel Random Number Generator)
Time:    Sat Sep 12 06:05:50 2026
Kernel:  AVX+FMA - auto-detect threads (16 CPU cores detected)

Reading alignment file /home/mis/CSE6406-project/work/paper_subset_50x10_L800/ils_low/replicate_07/alignments/L800/locus_0005.phy ... Phylip format detected
Alignment most likely contains DNA/RNA sequences
Alignment has 21 sequences with 800 columns, 390 distinct patterns
310 parsimony-informative, 98 singleton sites, 392 constant sites
        Gap/Ambiguity  Composition  p-value
Analyzing sequences: done in 9.4509e-05 secs using 184.1% CPU
   1  0_0_0     0.00%    passed     97.77%
   2  1_0_0     0.00%    passed     84.63%
   3  19_0_0    0.00%    passed     79.34%
   4  20_0_0    0.00%    passed     90.63%
   5  18_0_0    0.00%    passed     62.61%
   6  16_0_0    0.00%    passed     93.40%
   7  13_0_0    0.00%    passed     93.81%
   8  3_0_0     0.00%    passed     83.52%
   9  5_0_0     0.00%    passed     89.98%
  10  17_0_0    0.00%    passed     97.20%
  11  10_0_0    0.00%    passed     99.57%
  12  9_0_0     0.00%    passed     93.89%
  13  11_0_0    0.00%    passed     97.08%
  14  14_0_0    0.00%    passed     95.00%
  15  4_0_0     0.00%    passed     77.64%
  16  2_0_0     0.00%    passed     94.03%
  17  6_0_0     0.00%    passed     89.63%
  18  15_0_0    0.00%    passed     98.06%
  19  8_0_0     0.00%    passed     85.22%
  20  12_0_0    0.00%    passed     99.66%
  21  7_0_0     0.00%    passed     85.56%
****  TOTAL     0.00%  0 sequences failed composition chi2 test (p-value<5%; df=3)

Create initial parsimony tree by phylogenetic likelihood library (PLL)... 0.001 seconds

NOTE: 1 MB RAM (0 GB) is required!
Measuring multi-threading efficiency up to 16 CPU cores
Increase to 10 rounds for branch lengths
1996 trees examined
Threads: 1 / Time: 16.007 sec / Speedup: 1.000 / Efficiency: 100% / LogL: -9594
Threads: 2 / Time: 18.437 sec / Speedup: 0.868 / Efficiency: 43% / LogL: -9594
BEST NUMBER OF THREADS: 1

Estimate model parameters (epsilon = 0.100)
1. Initial log-likelihood: -9138.953
2. Current log-likelihood: -8646.313
3. Current log-likelihood: -8626.934
4. Current log-likelihood: -8626.753
Optimal log-likelihood: -8626.750
Rate parameters:  A-C: 1.00000  A-G: 1.93879  A-T: 1.00000  C-G: 1.00000  C-T: 1.93879  G-T: 1.00000
Base frequencies:  A: 0.329  C: 0.172  G: 0.212  T: 0.287
Gamma shape alpha: 0.204
Parameters optimization took 4 rounds (0.024 sec)
Wrote distance file to... 
Computing ML distances based on estimated model parameters...
Calculating distance matrix: done in 0.00127456 secs using 98.7% CPU
Computing ML distances took 0.001311 sec (of wall-clock time) 0.001292 sec (of CPU time)
Setting up auxiliary I and S matrices: done in 3.1375e-05 secs using 1004% CPU
Computing RapidNJ tree took 0.000129 sec (of wall-clock time) 0.000413 sec (of CPU time)
Log-likelihood of RapidNJ tree: -8608.867
--------------------------------------------------------------------
|             INITIALIZING CANDIDATE TREE SET                      |
--------------------------------------------------------------------
Generating 98 parsimony trees... 0.100 second
Computing log-likelihood of 98 initial trees ... 0.127 seconds
Current best score: -8608.867

Do NNI search on 20 best initial trees
Estimate model parameters (epsilon = 0.100)
BETTER TREE FOUND at iteration 1: -8603.821
Estimate model parameters (epsilon = 0.100)
BETTER TREE FOUND at iteration 2: -8600.816
UPDATE BEST LOG-LIKELIHOOD: -8600.815
Iteration 10 / LogL: -8600.816 / Time: 0h:0m:34s
Iteration 20 / LogL: -8600.816 / Time: 0h:0m:35s
Finish initializing candidate tree set (6)
Current best tree score: -8600.815 / CPU time: 0.703
Number of iterations: 20
--------------------------------------------------------------------
|               OPTIMIZING CANDIDATE TREE SET                      |
--------------------------------------------------------------------
Iteration 30 / LogL: -8600.816 / Time: 0h:0m:35s (0h:1m:28s left)
UPDATE BEST LOG-LIKELIHOOD: -8600.814
Iteration 40 / LogL: -8600.814 / Time: 0h:0m:35s (0h:0m:56s left)
Iteration 50 / LogL: -8601.834 / Time: 0h:0m:36s (0h:0m:38s left)
Iteration 60 / LogL: -8600.816 / Time: 0h:0m:36s (0h:0m:25s left)
Iteration 70 / LogL: -8600.816 / Time: 0h:0m:36s (0h:0m:17s left)
BETTER TREE FOUND at iteration 71: -8600.814
Iteration 80 / LogL: -8600.816 / Time: 0h:0m:36s (0h:0m:42s left)
Iteration 90 / LogL: -8600.870 / Time: 0h:0m:37s (0h:0m:33s left)
Iteration 100 / LogL: -8600.816 / Time: 0h:0m:37s (0h:0m:26s left)
Iteration 110 / LogL: -8600.816 / Time: 0h:0m:37s (0h:0m:21s left)
Iteration 120 / LogL: -8600.816 / Time: 0h:0m:38s (0h:0m:16s left)
Iteration 130 / LogL: -8600.870 / Time: 0h:0m:38s (0h:0m:12s left)
Iteration 140 / LogL: -8637.614 / Time: 0h:0m:38s (0h:0m:8s left)
Iteration 150 / LogL: -8600.837 / Time: 0h:0m:38s (0h:0m:5s left)
Iteration 160 / LogL: -8600.816 / Time: 0h:0m:39s (0h:0m:2s left)
UPDATE BEST LOG-LIKELIHOOD: -8600.814
Iteration 170 / LogL: -8600.870 / Time: 0h:0m:39s (0h:0m:0s left)
TREE SEARCH COMPLETED AFTER 172 ITERATIONS / Time: 0h:0m:39s

--------------------------------------------------------------------
|                    FINALIZING TREE SEARCH                        |
--------------------------------------------------------------------
Performs final model parameters optimization
Estimate model parameters (epsilon = 0.010)
1. Initial log-likelihood: -8600.814
Optimal log-likelihood: -8600.813
Rate parameters:  A-C: 1.00000  A-G: 1.94285  A-T: 1.00000  C-G: 1.00000  C-T: 1.94285  G-T: 1.00000
Base frequencies:  A: 0.329  C: 0.172  G: 0.212  T: 0.287
Gamma shape alpha: 0.203
Parameters optimization took 1 rounds (0.003 sec)
BEST SCORE FOUND : -8600.813

Testing tree branches by aBayes parametric test...
0.005 sec.
Total tree length: 4.825

Total number of iterations: 172
CPU time used for tree search: 4.854 sec (0h:0m:4s)
Wall-clock time used for tree search: 4.963 sec (0h:0m:4s)
Total CPU time used: 45.310 sec (0h:0m:45s)
Total wall-clock time used: 39.453 sec (0h:0m:39s)

Analysis results written to: 
  IQ-TREE report:                /home/mis/CSE6406-project/work/paper_subset_50x10_L800/ils_low/replicate_07/estimated_gene_trees/L800/hky_g4/locus_0005.iqtree
  Maximum-likelihood tree:       /home/mis/CSE6406-project/work/paper_subset_50x10_L800/ils_low/replicate_07/estimated_gene_trees/L800/hky_g4/locus_0005.treefile
  Likelihood distances:          /home/mis/CSE6406-project/work/paper_subset_50x10_L800/ils_low/replicate_07/estimated_gene_trees/L800/hky_g4/locus_0005.mldist
  Screen log file:               /home/mis/CSE6406-project/work/paper_subset_50x10_L800/ils_low/replicate_07/estimated_gene_trees/L800/hky_g4/locus_0005.log

Date and Time: Sat Sep 12 06:06:29 2026
