IQ-TREE multicore version 2.4.0 for Linux x86 64-bit built Feb 12 2025
Developed by Bui Quang Minh, Nguyen Lam Tung, Olga Chernomor, Heiko Schmidt,
Dominik Schrempf, Michael Woodhams, Ly Trong Nhan, Thomas Wong

Host:    ezmata (AVX2, FMA3, 15 GB RAM)
Command: /home/mis/miniconda3/envs/cse6406/bin/iqtree2 -s /home/mis/CSE6406-project/work/paper_subset_50x10_L200/ils_low/replicate_08/alignments/L200/locus_0038.phy -m HKY --abayes -T 1 --seed 7206039 --prefix /home/mis/CSE6406-project/work/paper_subset_50x10_L200/ils_low/replicate_08/estimated_gene_trees/L200/hky/locus_0038 --redo --quiet
Seed:    7206039 (Using SPRNG - Scalable Parallel Random Number Generator)
Time:    Sat Sep 12 21:37:02 2026
Kernel:  AVX+FMA - 1 threads (16 CPU cores detected)

HINT: Use -nt option to specify number of threads because your CPU has 16 cores!
HINT: -nt AUTO will automatically determine the best number of threads to use.

Reading alignment file /home/mis/CSE6406-project/work/paper_subset_50x10_L200/ils_low/replicate_08/alignments/L200/locus_0038.phy ... Phylip format detected
Alignment most likely contains DNA/RNA sequences
Alignment has 21 sequences with 200 columns, 108 distinct patterns
89 parsimony-informative, 15 singleton sites, 96 constant sites
        Gap/Ambiguity  Composition  p-value
Analyzing sequences: done in 1.6269e-05 secs using 92.2% CPU
   1  1_0_0     0.00%    passed     84.20%
   2  9_0_0     0.00%    passed     16.72%
   3  5_0_0     0.00%    passed     49.96%
   4  11_0_0    0.00%    passed     77.65%
   5  13_0_0    0.00%    passed     76.18%
   6  14_0_0    0.00%    passed     90.58%
   7  4_0_0     0.00%    passed     72.14%
   8  6_0_0     0.00%    passed     71.89%
   9  10_0_0    0.00%    passed     97.25%
  10  15_0_0    0.00%    passed     92.94%
  11  8_0_0     0.00%    passed     98.11%
  12  20_0_0    0.00%    passed     97.64%
  13  17_0_0    0.00%    passed     81.72%
  14  2_0_0     0.00%    passed     85.36%
  15  19_0_0    0.00%    passed     82.38%
  16  18_0_0    0.00%    passed     36.55%
  17  7_0_0     0.00%    passed     96.68%
  18  3_0_0     0.00%    passed     66.00%
  19  16_0_0    0.00%    passed     71.09%
  20  12_0_0    0.00%    passed     79.86%
  21  0_0_0     0.00%    passed     85.14%
****  TOTAL     0.00%  0 sequences failed composition chi2 test (p-value<5%; df=3)

Create initial parsimony tree by phylogenetic likelihood library (PLL)... 0.001 seconds

NOTE: 0 MB RAM (0 GB) is required!
Estimate model parameters (epsilon = 0.100)
1. Initial log-likelihood: -2657.262
2. Current log-likelihood: -2638.453
Optimal log-likelihood: -2638.360
Rate parameters:  A-C: 1.00000  A-G: 1.64835  A-T: 1.00000  C-G: 1.00000  C-T: 1.64835  G-T: 1.00000
Base frequencies:  A: 0.355  C: 0.171  G: 0.176  T: 0.297
Parameters optimization took 2 rounds (0.003 sec)
Wrote distance file to... 
Computing ML distances based on estimated model parameters...
Calculating distance matrix: done in 0.00112508 secs using 99.99% CPU
Computing ML distances took 0.001168 sec (of wall-clock time) 0.001172 sec (of CPU time)
Setting up auxiliary I and S matrices: done in 5.8499e-05 secs
Computing RapidNJ tree took 0.000233 sec (of wall-clock time) 0.000000 sec (of CPU time)
Log-likelihood of RapidNJ tree: -2642.147
--------------------------------------------------------------------
|             INITIALIZING CANDIDATE TREE SET                      |
--------------------------------------------------------------------
Generating 98 parsimony trees... 0.122 second
Computing log-likelihood of 98 initial trees ... 0.083 seconds
Current best score: -2635.812

Do NNI search on 20 best initial trees
Estimate model parameters (epsilon = 0.100)
BETTER TREE FOUND at iteration 1: -2633.444
Iteration 10 / LogL: -2635.294 / Time: 0h:0m:0s
Estimate model parameters (epsilon = 0.100)
BETTER TREE FOUND at iteration 13: -2633.310
Iteration 20 / LogL: -2633.477 / Time: 0h:0m:0s
Finish initializing candidate tree set (10)
Current best tree score: -2633.310 / CPU time: 0.353
Number of iterations: 20
--------------------------------------------------------------------
|               OPTIMIZING CANDIDATE TREE SET                      |
--------------------------------------------------------------------
Iteration 30 / LogL: -2633.402 / Time: 0h:0m:0s (0h:0m:1s left)
Iteration 40 / LogL: -2633.344 / Time: 0h:0m:0s (0h:0m:1s left)
Iteration 50 / LogL: -2633.316 / Time: 0h:0m:0s (0h:0m:0s left)
Iteration 60 / LogL: -2633.380 / Time: 0h:0m:0s (0h:0m:0s left)
Iteration 70 / LogL: -2633.357 / Time: 0h:0m:0s (0h:0m:0s left)
Iteration 80 / LogL: -2633.357 / Time: 0h:0m:0s (0h:0m:0s left)
Iteration 90 / LogL: -2633.651 / Time: 0h:0m:0s (0h:0m:0s left)
Iteration 100 / LogL: -2633.348 / Time: 0h:0m:0s (0h:0m:0s left)
Iteration 110 / LogL: -2633.346 / Time: 0h:0m:0s (0h:0m:0s left)
TREE SEARCH COMPLETED AFTER 114 ITERATIONS / Time: 0h:0m:0s

--------------------------------------------------------------------
|                    FINALIZING TREE SEARCH                        |
--------------------------------------------------------------------
Performs final model parameters optimization
Estimate model parameters (epsilon = 0.010)
1. Initial log-likelihood: -2633.310
Optimal log-likelihood: -2633.306
Rate parameters:  A-C: 1.00000  A-G: 1.72148  A-T: 1.00000  C-G: 1.00000  C-T: 1.72148  G-T: 1.00000
Base frequencies:  A: 0.355  C: 0.171  G: 0.176  T: 0.297
Parameters optimization took 1 rounds (0.001 sec)
BEST SCORE FOUND : -2633.306

Testing tree branches by aBayes parametric test...
0.001 sec.
Total tree length: 3.228

Total number of iterations: 114
CPU time used for tree search: 0.895 sec (0h:0m:0s)
Wall-clock time used for tree search: 0.961 sec (0h:0m:0s)
Total CPU time used: 0.915 sec (0h:0m:0s)
Total wall-clock time used: 0.983 sec (0h:0m:0s)

Analysis results written to: 
  IQ-TREE report:                /home/mis/CSE6406-project/work/paper_subset_50x10_L200/ils_low/replicate_08/estimated_gene_trees/L200/hky/locus_0038.iqtree
  Maximum-likelihood tree:       /home/mis/CSE6406-project/work/paper_subset_50x10_L200/ils_low/replicate_08/estimated_gene_trees/L200/hky/locus_0038.treefile
  Likelihood distances:          /home/mis/CSE6406-project/work/paper_subset_50x10_L200/ils_low/replicate_08/estimated_gene_trees/L200/hky/locus_0038.mldist
  Screen log file:               /home/mis/CSE6406-project/work/paper_subset_50x10_L200/ils_low/replicate_08/estimated_gene_trees/L200/hky/locus_0038.log

Date and Time: Sat Sep 12 21:37:03 2026
