IQ-TREE multicore version 2.4.0 for Linux x86 64-bit built Feb 12 2025
Developed by Bui Quang Minh, Nguyen Lam Tung, Olga Chernomor, Heiko Schmidt,
Dominik Schrempf, Michael Woodhams, Ly Trong Nhan, Thomas Wong

Host:    ezmata (AVX2, FMA3, 15 GB RAM)
Command: /home/mis/miniconda3/envs/cse6406/bin/iqtree2 -s /home/mis/CSE6406-project/work/paper_subset_50x10_L200/ils_low/replicate_08/alignments/L200/locus_0013.phy -m HKY --abayes -T 1 --seed 7206014 --prefix /home/mis/CSE6406-project/work/paper_subset_50x10_L200/ils_low/replicate_08/estimated_gene_trees/L200/hky/locus_0013 --redo --quiet
Seed:    7206014 (Using SPRNG - Scalable Parallel Random Number Generator)
Time:    Sat Sep 12 21:36:59 2026
Kernel:  AVX+FMA - 1 threads (16 CPU cores detected)

HINT: Use -nt option to specify number of threads because your CPU has 16 cores!
HINT: -nt AUTO will automatically determine the best number of threads to use.

Reading alignment file /home/mis/CSE6406-project/work/paper_subset_50x10_L200/ils_low/replicate_08/alignments/L200/locus_0013.phy ... Phylip format detected
Alignment most likely contains DNA/RNA sequences
Alignment has 21 sequences with 200 columns, 109 distinct patterns
93 parsimony-informative, 12 singleton sites, 95 constant sites
        Gap/Ambiguity  Composition  p-value
Analyzing sequences: done in 1.4909e-05 secs
   1  10_0_0    0.00%    passed     96.81%
   2  15_0_0    0.00%    passed     54.65%
   3  7_0_0     0.00%    passed     98.90%
   4  3_0_0     0.00%    passed     98.44%
   5  8_0_0     0.00%    passed     55.71%
   6  17_0_0    0.00%    passed     97.96%
   7  2_0_0     0.00%    passed     87.73%
   8  18_0_0    0.00%    passed     96.49%
   9  19_0_0    0.00%    passed     95.20%
  10  20_0_0    0.00%    passed     90.86%
  11  12_0_0    0.00%    passed     51.91%
  12  16_0_0    0.00%    passed     78.21%
  13  5_0_0     0.00%    passed     26.45%
  14  11_0_0    0.00%    passed     92.96%
  15  13_0_0    0.00%    passed     65.88%
  16  9_0_0     0.00%    passed     87.14%
  17  6_0_0     0.00%    passed     54.40%
  18  14_0_0    0.00%    passed     60.05%
  19  4_0_0     0.00%    passed     83.80%
  20  1_0_0     0.00%    passed     55.53%
  21  0_0_0     0.00%    passed     68.89%
****  TOTAL     0.00%  0 sequences failed composition chi2 test (p-value<5%; df=3)

Create initial parsimony tree by phylogenetic likelihood library (PLL)... 0.001 seconds

NOTE: 0 MB RAM (0 GB) is required!
Estimate model parameters (epsilon = 0.100)
1. Initial log-likelihood: -2667.727
2. Current log-likelihood: -2655.765
Optimal log-likelihood: -2655.715
Rate parameters:  A-C: 1.00000  A-G: 1.36403  A-T: 1.00000  C-G: 1.00000  C-T: 1.36403  G-T: 1.00000
Base frequencies:  A: 0.293  C: 0.179  G: 0.204  T: 0.325
Parameters optimization took 2 rounds (0.004 sec)
Wrote distance file to... 
Computing ML distances based on estimated model parameters...
Calculating distance matrix: done in 0.00114639 secs using 96.04% CPU
Computing ML distances took 0.001194 sec (of wall-clock time) 0.001126 sec (of CPU time)
Setting up auxiliary I and S matrices: done in 5.8712e-05 secs
Computing RapidNJ tree took 0.000228 sec (of wall-clock time) 0.000000 sec (of CPU time)
Log-likelihood of RapidNJ tree: -2657.490
--------------------------------------------------------------------
|             INITIALIZING CANDIDATE TREE SET                      |
--------------------------------------------------------------------
Generating 98 parsimony trees... 0.087 second
Computing log-likelihood of 98 initial trees ... 0.049 seconds
Current best score: -2653.948

Do NNI search on 20 best initial trees
Estimate model parameters (epsilon = 0.100)
BETTER TREE FOUND at iteration 1: -2651.612
Estimate model parameters (epsilon = 0.100)
BETTER TREE FOUND at iteration 2: -2650.610
Iteration 10 / LogL: -2651.921 / Time: 0h:0m:0s
Iteration 20 / LogL: -2651.357 / Time: 0h:0m:0s
Finish initializing candidate tree set (12)
Current best tree score: -2650.610 / CPU time: 0.204
Number of iterations: 20
--------------------------------------------------------------------
|               OPTIMIZING CANDIDATE TREE SET                      |
--------------------------------------------------------------------
Iteration 30 / LogL: -2650.696 / Time: 0h:0m:0s (0h:0m:0s left)
Iteration 40 / LogL: -2651.254 / Time: 0h:0m:0s (0h:0m:0s left)
Iteration 50 / LogL: -2656.579 / Time: 0h:0m:0s (0h:0m:0s left)
Iteration 60 / LogL: -2651.124 / Time: 0h:0m:0s (0h:0m:0s left)
Iteration 70 / LogL: -2654.790 / Time: 0h:0m:0s (0h:0m:0s left)
Iteration 80 / LogL: -2651.171 / Time: 0h:0m:0s (0h:0m:0s left)
Iteration 90 / LogL: -2650.683 / Time: 0h:0m:0s (0h:0m:0s left)
Iteration 100 / LogL: -2651.039 / Time: 0h:0m:0s (0h:0m:0s left)
TREE SEARCH COMPLETED AFTER 103 ITERATIONS / Time: 0h:0m:1s

--------------------------------------------------------------------
|                    FINALIZING TREE SEARCH                        |
--------------------------------------------------------------------
Performs final model parameters optimization
Estimate model parameters (epsilon = 0.010)
1. Initial log-likelihood: -2650.610
Optimal log-likelihood: -2650.609
Rate parameters:  A-C: 1.00000  A-G: 1.38419  A-T: 1.00000  C-G: 1.00000  C-T: 1.38419  G-T: 1.00000
Base frequencies:  A: 0.293  C: 0.179  G: 0.204  T: 0.325
Parameters optimization took 1 rounds (0.001 sec)
BEST SCORE FOUND : -2650.609

Testing tree branches by aBayes parametric test...
0.003 sec.
Total tree length: 3.178

Total number of iterations: 103
CPU time used for tree search: 0.927 sec (0h:0m:0s)
Wall-clock time used for tree search: 0.988 sec (0h:0m:0s)
Total CPU time used: 0.950 sec (0h:0m:0s)
Total wall-clock time used: 1.013 sec (0h:0m:1s)

Analysis results written to: 
  IQ-TREE report:                /home/mis/CSE6406-project/work/paper_subset_50x10_L200/ils_low/replicate_08/estimated_gene_trees/L200/hky/locus_0013.iqtree
  Maximum-likelihood tree:       /home/mis/CSE6406-project/work/paper_subset_50x10_L200/ils_low/replicate_08/estimated_gene_trees/L200/hky/locus_0013.treefile
  Likelihood distances:          /home/mis/CSE6406-project/work/paper_subset_50x10_L200/ils_low/replicate_08/estimated_gene_trees/L200/hky/locus_0013.mldist
  Screen log file:               /home/mis/CSE6406-project/work/paper_subset_50x10_L200/ils_low/replicate_08/estimated_gene_trees/L200/hky/locus_0013.log

Date and Time: Sat Sep 12 21:37:00 2026
