IQ-TREE multicore version 2.4.0 for Linux x86 64-bit built Feb 12 2025
Developed by Bui Quang Minh, Nguyen Lam Tung, Olga Chernomor, Heiko Schmidt,
Dominik Schrempf, Michael Woodhams, Ly Trong Nhan, Thomas Wong

Host:    ezmata (AVX2, FMA3, 15 GB RAM)
Command: /home/mis/miniconda3/envs/cse6406/bin/iqtree2 -s /home/mis/CSE6406-project/work/paper_subset_50x10_L200/ils_low/replicate_08/alignments/L200/locus_0021.phy -m HKY --abayes -T 1 --seed 7206022 --prefix /home/mis/CSE6406-project/work/paper_subset_50x10_L200/ils_low/replicate_08/estimated_gene_trees/L200/hky/locus_0021 --redo --quiet
Seed:    7206022 (Using SPRNG - Scalable Parallel Random Number Generator)
Time:    Sat Sep 12 21:37:00 2026
Kernel:  AVX+FMA - 1 threads (16 CPU cores detected)

HINT: Use -nt option to specify number of threads because your CPU has 16 cores!
HINT: -nt AUTO will automatically determine the best number of threads to use.

Reading alignment file /home/mis/CSE6406-project/work/paper_subset_50x10_L200/ils_low/replicate_08/alignments/L200/locus_0021.phy ... Phylip format detected
Alignment most likely contains DNA/RNA sequences
Alignment has 21 sequences with 200 columns, 104 distinct patterns
81 parsimony-informative, 21 singleton sites, 98 constant sites
        Gap/Ambiguity  Composition  p-value
Analyzing sequences: done in 7.396e-06 secs
   1  0_0_0     0.00%    passed     28.81%
   2  3_0_0     0.00%    passed     86.39%
   3  7_0_0     0.00%    passed     66.46%
   4  20_0_0    0.00%    passed     82.43%
   5  19_0_0    0.00%    passed     91.20%
   6  18_0_0    0.00%    passed     88.60%
   7  17_0_0    0.00%    passed     80.32%
   8  2_0_0     0.00%    passed     95.45%
   9  8_0_0     0.00%    passed     94.90%
  10  15_0_0    0.00%    passed     58.67%
  11  16_0_0    0.00%    passed     92.09%
  12  12_0_0    0.00%    passed     55.12%
  13  14_0_0    0.00%    passed     94.09%
  14  4_0_0     0.00%    passed     91.49%
  15  6_0_0     0.00%    passed     93.14%
  16  9_0_0     0.00%    passed     76.76%
  17  11_0_0    0.00%    passed     67.27%
  18  13_0_0    0.00%    passed     48.80%
  19  5_0_0     0.00%    passed     59.73%
  20  10_0_0    0.00%    passed     82.29%
  21  1_0_0     0.00%    passed     94.49%
****  TOTAL     0.00%  0 sequences failed composition chi2 test (p-value<5%; df=3)

Create initial parsimony tree by phylogenetic likelihood library (PLL)... 0.001 seconds

NOTE: 0 MB RAM (0 GB) is required!
Estimate model parameters (epsilon = 0.100)
1. Initial log-likelihood: -2536.456
2. Current log-likelihood: -2520.917
3. Current log-likelihood: -2520.795
Optimal log-likelihood: -2520.795
Rate parameters:  A-C: 1.00000  A-G: 1.53355  A-T: 1.00000  C-G: 1.00000  C-T: 1.53355  G-T: 1.00000
Base frequencies:  A: 0.322  C: 0.158  G: 0.184  T: 0.336
Parameters optimization took 3 rounds (0.002 sec)
Wrote distance file to... 
Computing ML distances based on estimated model parameters...
Calculating distance matrix: done in 0.0006202 secs using 99.97% CPU
Computing ML distances took 0.000647 sec (of wall-clock time) 0.000649 sec (of CPU time)
Setting up auxiliary I and S matrices: done in 5.1954e-05 secs using 98.16% CPU
Computing RapidNJ tree took 0.000207 sec (of wall-clock time) 0.000206 sec (of CPU time)
Log-likelihood of RapidNJ tree: -2522.831
--------------------------------------------------------------------
|             INITIALIZING CANDIDATE TREE SET                      |
--------------------------------------------------------------------
Generating 98 parsimony trees... 0.068 second
Computing log-likelihood of 98 initial trees ... 0.041 seconds
Current best score: -2511.466

Do NNI search on 20 best initial trees
Estimate model parameters (epsilon = 0.100)
BETTER TREE FOUND at iteration 1: -2509.725
Estimate model parameters (epsilon = 0.100)
BETTER TREE FOUND at iteration 2: -2507.416
Iteration 10 / LogL: -2509.816 / Time: 0h:0m:0s
Iteration 20 / LogL: -2507.426 / Time: 0h:0m:0s
Finish initializing candidate tree set (10)
Current best tree score: -2507.416 / CPU time: 0.176
Number of iterations: 20
--------------------------------------------------------------------
|               OPTIMIZING CANDIDATE TREE SET                      |
--------------------------------------------------------------------
Iteration 30 / LogL: -2507.468 / Time: 0h:0m:0s (0h:0m:0s left)
Iteration 40 / LogL: -2507.442 / Time: 0h:0m:0s (0h:0m:0s left)
Iteration 50 / LogL: -2510.189 / Time: 0h:0m:0s (0h:0m:0s left)
Iteration 60 / LogL: -2507.425 / Time: 0h:0m:0s (0h:0m:0s left)
Iteration 70 / LogL: -2508.768 / Time: 0h:0m:0s (0h:0m:0s left)
Iteration 80 / LogL: -2507.425 / Time: 0h:0m:0s (0h:0m:0s left)
Iteration 90 / LogL: -2507.730 / Time: 0h:0m:0s (0h:0m:0s left)
Iteration 100 / LogL: -2507.512 / Time: 0h:0m:0s (0h:0m:0s left)
TREE SEARCH COMPLETED AFTER 103 ITERATIONS / Time: 0h:0m:0s

--------------------------------------------------------------------
|                    FINALIZING TREE SEARCH                        |
--------------------------------------------------------------------
Performs final model parameters optimization
Estimate model parameters (epsilon = 0.010)
1. Initial log-likelihood: -2507.416
Optimal log-likelihood: -2507.416
Rate parameters:  A-C: 1.00000  A-G: 1.66755  A-T: 1.00000  C-G: 1.00000  C-T: 1.66755  G-T: 1.00000
Base frequencies:  A: 0.322  C: 0.158  G: 0.184  T: 0.336
Parameters optimization took 1 rounds (0.001 sec)
BEST SCORE FOUND : -2507.416

Testing tree branches by aBayes parametric test...
0.001 sec.
Total tree length: 2.996

Total number of iterations: 103
CPU time used for tree search: 0.586 sec (0h:0m:0s)
Wall-clock time used for tree search: 0.637 sec (0h:0m:0s)
Total CPU time used: 0.601 sec (0h:0m:0s)
Total wall-clock time used: 0.651 sec (0h:0m:0s)

Analysis results written to: 
  IQ-TREE report:                /home/mis/CSE6406-project/work/paper_subset_50x10_L200/ils_low/replicate_08/estimated_gene_trees/L200/hky/locus_0021.iqtree
  Maximum-likelihood tree:       /home/mis/CSE6406-project/work/paper_subset_50x10_L200/ils_low/replicate_08/estimated_gene_trees/L200/hky/locus_0021.treefile
  Likelihood distances:          /home/mis/CSE6406-project/work/paper_subset_50x10_L200/ils_low/replicate_08/estimated_gene_trees/L200/hky/locus_0021.mldist
  Screen log file:               /home/mis/CSE6406-project/work/paper_subset_50x10_L200/ils_low/replicate_08/estimated_gene_trees/L200/hky/locus_0021.log

Date and Time: Sat Sep 12 21:37:01 2026
