IQ-TREE multicore version 2.4.0 for Linux x86 64-bit built Feb 12 2025
Developed by Bui Quang Minh, Nguyen Lam Tung, Olga Chernomor, Heiko Schmidt,
Dominik Schrempf, Michael Woodhams, Ly Trong Nhan, Thomas Wong

Host:    ezmata (AVX2, FMA3, 15 GB RAM)
Command: /home/mis/miniconda3/envs/cse6406/bin/iqtree2 -s /home/mis/CSE6406-project/work/paper_subset_50x10_L200/ils_low/replicate_08/alignments/L200/locus_0034.phy -m HKY --abayes -T 1 --seed 7206035 --prefix /home/mis/CSE6406-project/work/paper_subset_50x10_L200/ils_low/replicate_08/estimated_gene_trees/L200/hky/locus_0034 --redo --quiet
Seed:    7206035 (Using SPRNG - Scalable Parallel Random Number Generator)
Time:    Sat Sep 12 21:37:01 2026
Kernel:  AVX+FMA - 1 threads (16 CPU cores detected)

HINT: Use -nt option to specify number of threads because your CPU has 16 cores!
HINT: -nt AUTO will automatically determine the best number of threads to use.

Reading alignment file /home/mis/CSE6406-project/work/paper_subset_50x10_L200/ils_low/replicate_08/alignments/L200/locus_0034.phy ... Phylip format detected
Alignment most likely contains DNA/RNA sequences
Alignment has 21 sequences with 200 columns, 109 distinct patterns
82 parsimony-informative, 26 singleton sites, 92 constant sites
        Gap/Ambiguity  Composition  p-value
Analyzing sequences: done in 8.26501e-06 secs using 48.4% CPU
   1  1_0_0     0.00%    passed     61.83%
   2  9_0_0     0.00%    passed     54.02%
   3  13_0_0    0.00%    passed     95.96%
   4  11_0_0    0.00%    passed     81.55%
   5  5_0_0     0.00%    passed     88.12%
   6  10_0_0    0.00%    passed     41.70%
   7  14_0_0    0.00%    passed     86.88%
   8  4_0_0     0.00%    passed     86.20%
   9  6_0_0     0.00%    passed     85.13%
  10  3_0_0     0.00%    passed     91.27%
  11  7_0_0     0.00%    passed     99.66%
  12  20_0_0    0.00%    passed     66.77%
  13  8_0_0     0.00%    passed     94.50%
  14  19_0_0    0.00%    passed     96.21%
  15  17_0_0    0.00%    passed     95.50%
  16  2_0_0     0.00%    passed     88.46%
  17  18_0_0    0.00%    passed     65.52%
  18  15_0_0    0.00%    passed     86.88%
  19  16_0_0    0.00%    passed     99.94%
  20  12_0_0    0.00%    passed     99.61%
  21  0_0_0     0.00%    passed     37.43%
****  TOTAL     0.00%  0 sequences failed composition chi2 test (p-value<5%; df=3)

Create initial parsimony tree by phylogenetic likelihood library (PLL)... 0.001 seconds

NOTE: 0 MB RAM (0 GB) is required!
Estimate model parameters (epsilon = 0.100)
1. Initial log-likelihood: -2444.747
2. Current log-likelihood: -2428.419
3. Current log-likelihood: -2428.302
Optimal log-likelihood: -2428.302
Rate parameters:  A-C: 1.00000  A-G: 1.57940  A-T: 1.00000  C-G: 1.00000  C-T: 1.57940  G-T: 1.00000
Base frequencies:  A: 0.276  C: 0.176  G: 0.201  T: 0.347
Parameters optimization took 3 rounds (0.003 sec)
Wrote distance file to... 
Computing ML distances based on estimated model parameters...
Calculating distance matrix: done in 0.000613902 secs using 92.2% CPU
Computing ML distances took 0.000642 sec (of wall-clock time) 0.000593 sec (of CPU time)
Setting up auxiliary I and S matrices: done in 5.9817e-05 secs using 98.63% CPU
Computing RapidNJ tree took 0.000233 sec (of wall-clock time) 0.000441 sec (of CPU time)
Log-likelihood of RapidNJ tree: -2427.733
--------------------------------------------------------------------
|             INITIALIZING CANDIDATE TREE SET                      |
--------------------------------------------------------------------
Generating 98 parsimony trees... 0.075 second
Computing log-likelihood of 98 initial trees ... 0.047 seconds
Current best score: -2426.852

Do NNI search on 20 best initial trees
Estimate model parameters (epsilon = 0.100)
BETTER TREE FOUND at iteration 1: -2426.186
Estimate model parameters (epsilon = 0.100)
BETTER TREE FOUND at iteration 3: -2424.205
Iteration 10 / LogL: -2426.755 / Time: 0h:0m:0s
Iteration 20 / LogL: -2424.904 / Time: 0h:0m:0s
Finish initializing candidate tree set (11)
Current best tree score: -2424.205 / CPU time: 0.185
Number of iterations: 20
--------------------------------------------------------------------
|               OPTIMIZING CANDIDATE TREE SET                      |
--------------------------------------------------------------------
Iteration 30 / LogL: -2424.221 / Time: 0h:0m:0s (0h:0m:0s left)
Iteration 40 / LogL: -2424.242 / Time: 0h:0m:0s (0h:0m:0s left)
Iteration 50 / LogL: -2424.916 / Time: 0h:0m:0s (0h:0m:0s left)
Iteration 60 / LogL: -2424.241 / Time: 0h:0m:0s (0h:0m:0s left)
Iteration 70 / LogL: -2424.246 / Time: 0h:0m:0s (0h:0m:0s left)
Iteration 80 / LogL: -2424.992 / Time: 0h:0m:0s (0h:0m:0s left)
Iteration 90 / LogL: -2424.295 / Time: 0h:0m:0s (0h:0m:0s left)
Iteration 100 / LogL: -2424.230 / Time: 0h:0m:0s (0h:0m:0s left)
TREE SEARCH COMPLETED AFTER 104 ITERATIONS / Time: 0h:0m:0s

--------------------------------------------------------------------
|                    FINALIZING TREE SEARCH                        |
--------------------------------------------------------------------
Performs final model parameters optimization
Estimate model parameters (epsilon = 0.010)
1. Initial log-likelihood: -2424.205
Optimal log-likelihood: -2424.205
Rate parameters:  A-C: 1.00000  A-G: 1.61782  A-T: 1.00000  C-G: 1.00000  C-T: 1.61782  G-T: 1.00000
Base frequencies:  A: 0.276  C: 0.176  G: 0.201  T: 0.347
Parameters optimization took 1 rounds (0.001 sec)
BEST SCORE FOUND : -2424.205

Testing tree branches by aBayes parametric test...
0.001 sec.
Total tree length: 2.811

Total number of iterations: 104
CPU time used for tree search: 0.622 sec (0h:0m:0s)
Wall-clock time used for tree search: 0.676 sec (0h:0m:0s)
Total CPU time used: 0.638 sec (0h:0m:0s)
Total wall-clock time used: 0.693 sec (0h:0m:0s)

Analysis results written to: 
  IQ-TREE report:                /home/mis/CSE6406-project/work/paper_subset_50x10_L200/ils_low/replicate_08/estimated_gene_trees/L200/hky/locus_0034.iqtree
  Maximum-likelihood tree:       /home/mis/CSE6406-project/work/paper_subset_50x10_L200/ils_low/replicate_08/estimated_gene_trees/L200/hky/locus_0034.treefile
  Likelihood distances:          /home/mis/CSE6406-project/work/paper_subset_50x10_L200/ils_low/replicate_08/estimated_gene_trees/L200/hky/locus_0034.mldist
  Screen log file:               /home/mis/CSE6406-project/work/paper_subset_50x10_L200/ils_low/replicate_08/estimated_gene_trees/L200/hky/locus_0034.log

Date and Time: Sat Sep 12 21:37:02 2026
