IQ-TREE multicore version 2.4.0 for MacOS ARM 64-bit built Feb 12 2025
Developed by Bui Quang Minh, Nguyen Lam Tung, Olga Chernomor, Heiko Schmidt,
Dominik Schrempf, Michael Woodhams, Ly Trong Nhan, Thomas Wong

Host:    Fahims-MacBook-Air.local (SSE4.2, 16 GB RAM)
Command: /Users/fahim/miniconda3/envs/cse6406/bin/iqtree2 -s /Users/fahim/CSE6406-project/work/paper_subset_50x10_L1600/ils_low/replicate_10/alignments/L1600/locus_0019.phy -m JC --abayes -T AUTO --seed 7406020 --prefix /Users/fahim/CSE6406-project/work/paper_subset_50x10_L1600/ils_low/replicate_10/estimated_gene_trees/L1600/jc/locus_0019 --redo --quiet
Seed:    7406020 (Using SPRNG - Scalable Parallel Random Number Generator)
Time:    Fri Sep 11 22:42:39 2026
Kernel:  SSE2 - auto-detect threads (10 CPU cores detected)

Reading alignment file /Users/fahim/CSE6406-project/work/paper_subset_50x10_L1600/ils_low/replicate_10/alignments/L1600/locus_0019.phy ... Phylip format detected
Alignment most likely contains DNA/RNA sequences
Alignment has 21 sequences with 1600 columns, 422 distinct patterns
324 parsimony-informative, 154 singleton sites, 1122 constant sites
        Gap/Ambiguity  Composition  p-value
Analyzing sequences: done in 3.88622e-05 secs using 82.34% CPU
   1  0_0_0     0.00%    passed     72.85%
   2  7_0_0     0.00%    passed     97.16%
   3  3_0_0     0.00%    passed     97.43%
   4  10_0_0    0.00%    passed     78.63%
   5  2_0_0     0.00%    passed     88.48%
   6  1_0_0     0.00%    passed     94.81%
   7  16_0_0    0.00%    passed     91.13%
   8  15_0_0    0.00%    passed     88.81%
   9  8_0_0     0.00%    passed     97.91%
  10  14_0_0    0.00%    passed     99.74%
  11  11_0_0    0.00%    passed     99.82%
  12  18_0_0    0.00%    passed     99.78%
  13  13_0_0    0.00%    passed     99.78%
  14  6_0_0     0.00%    passed     98.56%
  15  5_0_0     0.00%    passed     99.25%
  16  12_0_0    0.00%    passed     99.26%
  17  4_0_0     0.00%    passed     77.15%
  18  9_0_0     0.00%    passed     89.07%
  19  17_0_0    0.00%    passed     96.39%
  20  19_0_0    0.00%    passed     77.88%
  21  20_0_0    0.00%    passed     78.83%
****  TOTAL     0.00%  0 sequences failed composition chi2 test (p-value<5%; df=3)

Create initial parsimony tree by phylogenetic likelihood library (PLL)... 0.001 seconds

NOTE: 0 MB RAM (0 GB) is required!
Measuring multi-threading efficiency up to 10 CPU cores
Increase to 10 rounds for branch lengths
7059 trees examined
Threads: 1 / Time: 10.001 sec / Speedup: 1.000 / Efficiency: 100% / LogL: -10375
Threads: 2 / Time: 29.763 sec / Speedup: 0.336 / Efficiency: 17% / LogL: -10375
BEST NUMBER OF THREADS: 1

Estimate model parameters (epsilon = 0.100)
1. Initial log-likelihood: -8573.540
Optimal log-likelihood: -8565.776
Rate parameters:  A-C: 1.00000  A-G: 1.00000  A-T: 1.00000  C-G: 1.00000  C-T: 1.00000  G-T: 1.00000
Base frequencies:  A: 0.250  C: 0.250  G: 0.250  T: 0.250
Parameters optimization took 1 rounds (0.001 sec)
Wrote distance file to... 
Computing ML distances based on estimated model parameters...
Calculating distance matrix: done in 0.000355959 secs using 97.76% CPU
Computing ML distances took 0.000383 sec (of wall-clock time) 0.000367 sec (of CPU time)
Setting up auxiliary I and S matrices: done in 1.69277e-05 secs using 64.98% CPU
Computing RapidNJ tree took 0.000061 sec (of wall-clock time) 0.000064 sec (of CPU time)
Log-likelihood of RapidNJ tree: -8585.036
--------------------------------------------------------------------
|             INITIALIZING CANDIDATE TREE SET                      |
--------------------------------------------------------------------
Generating 98 parsimony trees... 0.060 second
Computing log-likelihood of 98 initial trees ... 0.036 seconds
Current best score: -8565.776

Do NNI search on 20 best initial trees
Estimate model parameters (epsilon = 0.100)
BETTER TREE FOUND at iteration 1: -8562.712
Iteration 10 / LogL: -8562.713 / Time: 0h:0m:39s
Iteration 20 / LogL: -8562.712 / Time: 0h:0m:39s
Finish initializing candidate tree set (1)
Current best tree score: -8562.712 / CPU time: 0.203
Number of iterations: 20
--------------------------------------------------------------------
|               OPTIMIZING CANDIDATE TREE SET                      |
--------------------------------------------------------------------
Iteration 30 / LogL: -8562.713 / Time: 0h:0m:40s (0h:1m:37s left)
Iteration 40 / LogL: -8562.713 / Time: 0h:0m:40s (0h:1m:2s left)
Iteration 50 / LogL: -8562.713 / Time: 0h:0m:40s (0h:0m:41s left)
Iteration 60 / LogL: -8585.976 / Time: 0h:0m:40s (0h:0m:27s left)
Iteration 70 / LogL: -8587.920 / Time: 0h:0m:40s (0h:0m:18s left)
Iteration 80 / LogL: -8587.511 / Time: 0h:0m:40s (0h:0m:10s left)
Iteration 90 / LogL: -8582.927 / Time: 0h:0m:40s (0h:0m:4s left)
Iteration 100 / LogL: -8587.920 / Time: 0h:0m:40s (0h:0m:0s left)
TREE SEARCH COMPLETED AFTER 102 ITERATIONS / Time: 0h:0m:40s

--------------------------------------------------------------------
|                    FINALIZING TREE SEARCH                        |
--------------------------------------------------------------------
Performs final model parameters optimization
Estimate model parameters (epsilon = 0.010)
1. Initial log-likelihood: -8562.712
Optimal log-likelihood: -8562.712
Rate parameters:  A-C: 1.00000  A-G: 1.00000  A-T: 1.00000  C-G: 1.00000  C-T: 1.00000  G-T: 1.00000
Base frequencies:  A: 0.250  C: 0.250  G: 0.250  T: 0.250
Parameters optimization took 1 rounds (0.000 sec)
BEST SCORE FOUND : -8562.712

Testing tree branches by aBayes parametric test...
0.001 sec.
Total tree length: 0.735

Total number of iterations: 102
CPU time used for tree search: 0.651 sec (0h:0m:0s)
Wall-clock time used for tree search: 0.655 sec (0h:0m:0s)
Total CPU time used: 30.894 sec (0h:0m:30s)
Total wall-clock time used: 40.427 sec (0h:0m:40s)

Analysis results written to: 
  IQ-TREE report:                /Users/fahim/CSE6406-project/work/paper_subset_50x10_L1600/ils_low/replicate_10/estimated_gene_trees/L1600/jc/locus_0019.iqtree
  Maximum-likelihood tree:       /Users/fahim/CSE6406-project/work/paper_subset_50x10_L1600/ils_low/replicate_10/estimated_gene_trees/L1600/jc/locus_0019.treefile
  Likelihood distances:          /Users/fahim/CSE6406-project/work/paper_subset_50x10_L1600/ils_low/replicate_10/estimated_gene_trees/L1600/jc/locus_0019.mldist
  Screen log file:               /Users/fahim/CSE6406-project/work/paper_subset_50x10_L1600/ils_low/replicate_10/estimated_gene_trees/L1600/jc/locus_0019.log

Date and Time: Fri Sep 11 22:43:20 2026
