IQ-TREE multicore version 2.4.0 for MacOS ARM 64-bit built Feb 12 2025
Developed by Bui Quang Minh, Nguyen Lam Tung, Olga Chernomor, Heiko Schmidt,
Dominik Schrempf, Michael Woodhams, Ly Trong Nhan, Thomas Wong

Host:    Fahims-MacBook-Air.local (SSE4.2, 16 GB RAM)
Command: /Users/fahim/miniconda3/envs/cse6406/bin/iqtree2 -s /Users/fahim/CSE6406-project/work/paper_subset_50x10_L1600/ils_low/replicate_10/alignments/L1600/locus_0001.phy -m JC --abayes -T AUTO --seed 7406002 --prefix /Users/fahim/CSE6406-project/work/paper_subset_50x10_L1600/ils_low/replicate_10/estimated_gene_trees/L1600/jc/locus_0001 --redo --quiet
Seed:    7406002 (Using SPRNG - Scalable Parallel Random Number Generator)
Time:    Fri Sep 11 22:30:48 2026
Kernel:  SSE2 - auto-detect threads (10 CPU cores detected)

Reading alignment file /Users/fahim/CSE6406-project/work/paper_subset_50x10_L1600/ils_low/replicate_10/alignments/L1600/locus_0001.phy ... Phylip format detected
Alignment most likely contains DNA/RNA sequences
Alignment has 21 sequences with 1600 columns, 465 distinct patterns
366 parsimony-informative, 144 singleton sites, 1090 constant sites
        Gap/Ambiguity  Composition  p-value
Analyzing sequences: done in 4.1008e-05 secs using 99.98% CPU
   1  0_0_0     0.00%    passed     78.29%
   2  20_0_0    0.00%    passed     98.05%
   3  19_0_0    0.00%    passed     97.63%
   4  13_0_0    0.00%    passed     99.13%
   5  17_0_0    0.00%    passed     67.20%
   6  9_0_0     0.00%    passed     99.01%
   7  4_0_0     0.00%    passed     98.08%
   8  12_0_0    0.00%    passed     95.95%
   9  6_0_0     0.00%    passed     89.81%
  10  5_0_0     0.00%    passed     99.60%
  11  11_0_0    0.00%    passed     96.30%
  12  14_0_0    0.00%    passed     98.41%
  13  18_0_0    0.00%    passed     96.24%
  14  8_0_0     0.00%    passed     96.60%
  15  15_0_0    0.00%    passed     93.83%
  16  7_0_0     0.00%    passed     99.26%
  17  3_0_0     0.00%    passed     99.58%
  18  1_0_0     0.00%    passed     93.11%
  19  16_0_0    0.00%    passed     99.68%
  20  10_0_0    0.00%    passed     78.45%
  21  2_0_0     0.00%    passed     80.29%
****  TOTAL     0.00%  0 sequences failed composition chi2 test (p-value<5%; df=3)

Create initial parsimony tree by phylogenetic likelihood library (PLL)... 0.000 seconds

NOTE: 0 MB RAM (0 GB) is required!
Measuring multi-threading efficiency up to 10 CPU cores
Increase to 10 rounds for branch lengths
6299 trees examined
Threads: 1 / Time: 10.001 sec / Speedup: 1.000 / Efficiency: 100% / LogL: -11615
Threads: 2 / Time: 27.509 sec / Speedup: 0.364 / Efficiency: 18% / LogL: -11615
BEST NUMBER OF THREADS: 1

Estimate model parameters (epsilon = 0.100)
1. Initial log-likelihood: -9162.429
Optimal log-likelihood: -9153.804
Rate parameters:  A-C: 1.00000  A-G: 1.00000  A-T: 1.00000  C-G: 1.00000  C-T: 1.00000  G-T: 1.00000
Base frequencies:  A: 0.250  C: 0.250  G: 0.250  T: 0.250
Parameters optimization took 1 rounds (0.001 sec)
Wrote distance file to... 
Computing ML distances based on estimated model parameters...
Calculating distance matrix: done in 0.000418901 secs using 97.4% CPU
Computing ML distances took 0.000448 sec (of wall-clock time) 0.000428 sec (of CPU time)
Setting up auxiliary I and S matrices: done in 1.38283e-05 secs using 79.55% CPU
Computing RapidNJ tree took 0.000059 sec (of wall-clock time) 0.000061 sec (of CPU time)
Log-likelihood of RapidNJ tree: -9154.674
--------------------------------------------------------------------
|             INITIALIZING CANDIDATE TREE SET                      |
--------------------------------------------------------------------
Generating 98 parsimony trees... 0.048 second
Computing log-likelihood of 98 initial trees ... 0.037 seconds
Current best score: -9153.804

Do NNI search on 20 best initial trees
Estimate model parameters (epsilon = 0.100)
BETTER TREE FOUND at iteration 1: -9152.499
Iteration 10 / LogL: -9152.499 / Time: 0h:0m:37s
Iteration 20 / LogL: -9152.499 / Time: 0h:0m:37s
Finish initializing candidate tree set (1)
Current best tree score: -9152.499 / CPU time: 0.172
Number of iterations: 20
--------------------------------------------------------------------
|               OPTIMIZING CANDIDATE TREE SET                      |
--------------------------------------------------------------------
Iteration 30 / LogL: -9152.499 / Time: 0h:0m:37s (0h:1m:32s left)
Iteration 40 / LogL: -9152.550 / Time: 0h:0m:37s (0h:0m:59s left)
Iteration 50 / LogL: -9152.499 / Time: 0h:0m:37s (0h:0m:39s left)
Iteration 60 / LogL: -9152.500 / Time: 0h:0m:37s (0h:0m:26s left)
Iteration 70 / LogL: -9152.499 / Time: 0h:0m:37s (0h:0m:17s left)
Iteration 80 / LogL: -9152.500 / Time: 0h:0m:37s (0h:0m:10s left)
Iteration 90 / LogL: -9152.499 / Time: 0h:0m:38s (0h:0m:4s left)
Iteration 100 / LogL: -9152.508 / Time: 0h:0m:38s (0h:0m:0s left)
TREE SEARCH COMPLETED AFTER 102 ITERATIONS / Time: 0h:0m:38s

--------------------------------------------------------------------
|                    FINALIZING TREE SEARCH                        |
--------------------------------------------------------------------
Performs final model parameters optimization
Estimate model parameters (epsilon = 0.010)
1. Initial log-likelihood: -9152.499
Optimal log-likelihood: -9152.499
Rate parameters:  A-C: 1.00000  A-G: 1.00000  A-T: 1.00000  C-G: 1.00000  C-T: 1.00000  G-T: 1.00000
Base frequencies:  A: 0.250  C: 0.250  G: 0.250  T: 0.250
Parameters optimization took 1 rounds (0.000 sec)
BEST SCORE FOUND : -9152.499

Testing tree branches by aBayes parametric test...
0.001 sec.
Total tree length: 0.817

Total number of iterations: 102
CPU time used for tree search: 0.593 sec (0h:0m:0s)
Wall-clock time used for tree search: 0.596 sec (0h:0m:0s)
Total CPU time used: 29.783 sec (0h:0m:29s)
Total wall-clock time used: 38.115 sec (0h:0m:38s)

Analysis results written to: 
  IQ-TREE report:                /Users/fahim/CSE6406-project/work/paper_subset_50x10_L1600/ils_low/replicate_10/estimated_gene_trees/L1600/jc/locus_0001.iqtree
  Maximum-likelihood tree:       /Users/fahim/CSE6406-project/work/paper_subset_50x10_L1600/ils_low/replicate_10/estimated_gene_trees/L1600/jc/locus_0001.treefile
  Likelihood distances:          /Users/fahim/CSE6406-project/work/paper_subset_50x10_L1600/ils_low/replicate_10/estimated_gene_trees/L1600/jc/locus_0001.mldist
  Screen log file:               /Users/fahim/CSE6406-project/work/paper_subset_50x10_L1600/ils_low/replicate_10/estimated_gene_trees/L1600/jc/locus_0001.log

Date and Time: Fri Sep 11 22:31:26 2026
