IQ-TREE multicore version 2.4.0 for MacOS ARM 64-bit built Feb 12 2025
Developed by Bui Quang Minh, Nguyen Lam Tung, Olga Chernomor, Heiko Schmidt,
Dominik Schrempf, Michael Woodhams, Ly Trong Nhan, Thomas Wong

Host:    Fahims-MacBook-Air.local (SSE4.2, 16 GB RAM)
Command: /Users/fahim/miniconda3/envs/cse6406/bin/iqtree2 -s /Users/fahim/CSE6406-project/work/paper_subset_50x10_L1600/ils_low/replicate_10/alignments/L1600/locus_0031.phy -m JC --abayes -T AUTO --seed 7406032 --prefix /Users/fahim/CSE6406-project/work/paper_subset_50x10_L1600/ils_low/replicate_10/estimated_gene_trees/L1600/jc/locus_0031 --redo --quiet
Seed:    7406032 (Using SPRNG - Scalable Parallel Random Number Generator)
Time:    Fri Sep 11 22:50:30 2026
Kernel:  SSE2 - auto-detect threads (10 CPU cores detected)

Reading alignment file /Users/fahim/CSE6406-project/work/paper_subset_50x10_L1600/ils_low/replicate_10/alignments/L1600/locus_0031.phy ... Phylip format detected
Alignment most likely contains DNA/RNA sequences
Alignment has 21 sequences with 1600 columns, 426 distinct patterns
309 parsimony-informative, 191 singleton sites, 1100 constant sites
        Gap/Ambiguity  Composition  p-value
Analyzing sequences: done in 3.48091e-05 secs using 94.8% CPU
   1  0_0_0     0.00%    passed     90.51%
   2  13_0_0    0.00%    passed     99.44%
   3  7_0_0     0.00%    passed     96.45%
   4  3_0_0     0.00%    passed     98.14%
   5  11_0_0    0.00%    passed     97.10%
   6  14_0_0    0.00%    passed     90.05%
   7  18_0_0    0.00%    passed     88.15%
   8  8_0_0     0.00%    passed     75.15%
   9  15_0_0    0.00%    passed     83.72%
  10  10_0_0    0.00%    passed     99.34%
  11  2_0_0     0.00%    passed     98.48%
  12  16_0_0    0.00%    passed     99.63%
  13  1_0_0     0.00%    passed     99.96%
  14  4_0_0     0.00%    passed     99.29%
  15  9_0_0     0.00%    passed     99.72%
  16  17_0_0    0.00%    passed     98.64%
  17  5_0_0     0.00%    passed     78.79%
  18  6_0_0     0.00%    passed     98.10%
  19  12_0_0    0.00%    passed     93.42%
  20  19_0_0    0.00%    passed     96.88%
  21  20_0_0    0.00%    passed     96.19%
****  TOTAL     0.00%  0 sequences failed composition chi2 test (p-value<5%; df=3)

Create initial parsimony tree by phylogenetic likelihood library (PLL)... 0.000 seconds

NOTE: 0 MB RAM (0 GB) is required!
Measuring multi-threading efficiency up to 10 CPU cores
Increase to 10 rounds for branch lengths
7331 trees examined
Threads: 1 / Time: 10.001 sec / Speedup: 1.000 / Efficiency: 100% / LogL: -10555
Threads: 2 / Time: 29.633 sec / Speedup: 0.337 / Efficiency: 17% / LogL: -10555
BEST NUMBER OF THREADS: 1

Estimate model parameters (epsilon = 0.100)
1. Initial log-likelihood: -8446.756
Optimal log-likelihood: -8441.457
Rate parameters:  A-C: 1.00000  A-G: 1.00000  A-T: 1.00000  C-G: 1.00000  C-T: 1.00000  G-T: 1.00000
Base frequencies:  A: 0.250  C: 0.250  G: 0.250  T: 0.250
Parameters optimization took 1 rounds (0.001 sec)
Wrote distance file to... 
Computing ML distances based on estimated model parameters...
Calculating distance matrix: done in 0.000427008 secs using 99.06% CPU
Computing ML distances took 0.000452 sec (of wall-clock time) 0.000440 sec (of CPU time)
Setting up auxiliary I and S matrices: done in 1.71661e-05 secs using 75.73% CPU
Computing RapidNJ tree took 0.000063 sec (of wall-clock time) 0.000074 sec (of CPU time)
Log-likelihood of RapidNJ tree: -8486.272
--------------------------------------------------------------------
|             INITIALIZING CANDIDATE TREE SET                      |
--------------------------------------------------------------------
Generating 98 parsimony trees... 0.049 second
Computing log-likelihood of 98 initial trees ... 0.035 seconds
Current best score: -8441.457

Do NNI search on 20 best initial trees
Estimate model parameters (epsilon = 0.100)
BETTER TREE FOUND at iteration 1: -8441.457
Iteration 10 / LogL: -8441.468 / Time: 0h:0m:39s
Iteration 20 / LogL: -8441.458 / Time: 0h:0m:39s
Finish initializing candidate tree set (4)
Current best tree score: -8441.457 / CPU time: 0.153
Number of iterations: 20
--------------------------------------------------------------------
|               OPTIMIZING CANDIDATE TREE SET                      |
--------------------------------------------------------------------
Iteration 30 / LogL: -8441.479 / Time: 0h:0m:39s (0h:1m:37s left)
Iteration 40 / LogL: -8441.458 / Time: 0h:0m:39s (0h:1m:2s left)
Iteration 50 / LogL: -8463.693 / Time: 0h:0m:39s (0h:0m:41s left)
Iteration 60 / LogL: -8455.487 / Time: 0h:0m:39s (0h:0m:27s left)
Iteration 70 / LogL: -8467.333 / Time: 0h:0m:40s (0h:0m:17s left)
Iteration 80 / LogL: -8456.495 / Time: 0h:0m:40s (0h:0m:10s left)
Iteration 90 / LogL: -8441.457 / Time: 0h:0m:40s (0h:0m:4s left)
Iteration 100 / LogL: -8456.496 / Time: 0h:0m:40s (0h:0m:0s left)
TREE SEARCH COMPLETED AFTER 102 ITERATIONS / Time: 0h:0m:40s

--------------------------------------------------------------------
|                    FINALIZING TREE SEARCH                        |
--------------------------------------------------------------------
Performs final model parameters optimization
Estimate model parameters (epsilon = 0.010)
1. Initial log-likelihood: -8441.457
Optimal log-likelihood: -8441.457
Rate parameters:  A-C: 1.00000  A-G: 1.00000  A-T: 1.00000  C-G: 1.00000  C-T: 1.00000  G-T: 1.00000
Base frequencies:  A: 0.250  C: 0.250  G: 0.250  T: 0.250
Parameters optimization took 1 rounds (0.000 sec)
BEST SCORE FOUND : -8441.457

Testing tree branches by aBayes parametric test...
0.001 sec.
Total tree length: 0.719

Total number of iterations: 102
CPU time used for tree search: 0.569 sec (0h:0m:0s)
Wall-clock time used for tree search: 0.570 sec (0h:0m:0s)
Total CPU time used: 30.940 sec (0h:0m:30s)
Total wall-clock time used: 40.213 sec (0h:0m:40s)

Analysis results written to: 
  IQ-TREE report:                /Users/fahim/CSE6406-project/work/paper_subset_50x10_L1600/ils_low/replicate_10/estimated_gene_trees/L1600/jc/locus_0031.iqtree
  Maximum-likelihood tree:       /Users/fahim/CSE6406-project/work/paper_subset_50x10_L1600/ils_low/replicate_10/estimated_gene_trees/L1600/jc/locus_0031.treefile
  Likelihood distances:          /Users/fahim/CSE6406-project/work/paper_subset_50x10_L1600/ils_low/replicate_10/estimated_gene_trees/L1600/jc/locus_0031.mldist
  Screen log file:               /Users/fahim/CSE6406-project/work/paper_subset_50x10_L1600/ils_low/replicate_10/estimated_gene_trees/L1600/jc/locus_0031.log

Date and Time: Fri Sep 11 22:51:10 2026
