IQ-TREE multicore version 2.4.0 for Linux x86 64-bit built Feb 12 2025
Developed by Bui Quang Minh, Nguyen Lam Tung, Olga Chernomor, Heiko Schmidt,
Dominik Schrempf, Michael Woodhams, Ly Trong Nhan, Thomas Wong

Host:    ezmata (AVX2, FMA3, 15 GB RAM)
Command: /home/mis/miniconda3/envs/cse6406/bin/iqtree2 -s /home/mis/CSE6406-project/work/paper_subset_50x10_L200/ils_low/replicate_05/alignments/L200/locus_0009.phy -m GTR+G4 --abayes -T 1 --seed 6906010 --prefix /home/mis/CSE6406-project/work/paper_subset_50x10_L200/ils_low/replicate_05/estimated_gene_trees/L200/gtr_g4/locus_0009 --redo --quiet
Seed:    6906010 (Using SPRNG - Scalable Parallel Random Number Generator)
Time:    Sat Sep 12 21:33:24 2026
Kernel:  AVX+FMA - 1 threads (16 CPU cores detected)

HINT: Use -nt option to specify number of threads because your CPU has 16 cores!
HINT: -nt AUTO will automatically determine the best number of threads to use.

Reading alignment file /home/mis/CSE6406-project/work/paper_subset_50x10_L200/ils_low/replicate_05/alignments/L200/locus_0009.phy ... Phylip format detected
Alignment most likely contains DNA/RNA sequences
Alignment has 21 sequences with 200 columns, 67 distinct patterns
44 parsimony-informative, 19 singleton sites, 137 constant sites
        Gap/Ambiguity  Composition  p-value
Analyzing sequences: done in 7.66999e-06 secs using 91.26% CPU
   1  16_0_0    0.00%    passed     99.76%
   2  13_0_0    0.00%    passed     99.78%
   3  17_0_0    0.00%    passed     99.78%
   4  19_0_0    0.00%    passed     99.78%
   5  14_0_0    0.00%    passed     93.71%
   6  18_0_0    0.00%    passed     95.97%
   7  20_0_0    0.00%    passed     99.65%
   8  15_0_0    0.00%    passed     94.40%
   9  3_0_0     0.00%    passed     86.93%
  10  4_0_0     0.00%    passed     95.81%
  11  1_0_0     0.00%    passed     98.26%
  12  12_0_0    0.00%    passed     93.21%
  13  5_0_0     0.00%    passed     94.47%
  14  10_0_0    0.00%    passed     98.75%
  15  9_0_0     0.00%    passed     92.40%
  16  11_0_0    0.00%    passed     99.45%
  17  6_0_0     0.00%    passed     98.85%
  18  7_0_0     0.00%    passed     96.83%
  19  8_0_0     0.00%    passed     96.83%
  20  2_0_0     0.00%    passed     96.76%
  21  0_0_0     0.00%    passed     93.04%
****  TOTAL     0.00%  0 sequences failed composition chi2 test (p-value<5%; df=3)
NOTE: 8_0_0 is identical to 7_0_0 but kept for subsequent analysis

Create initial parsimony tree by phylogenetic likelihood library (PLL)... 0.000 seconds

NOTE: 0 MB RAM (0 GB) is required!
Estimate model parameters (epsilon = 0.100)
1. Initial log-likelihood: -1107.461
2. Current log-likelihood: -1067.976
3. Current log-likelihood: -1066.551
Optimal log-likelihood: -1066.548
Rate parameters:  A-C: 1.25771  A-G: 2.82031  A-T: 1.13467  C-G: 0.76729  C-T: 1.69183  G-T: 1.00000
Base frequencies:  A: 0.249  C: 0.255  G: 0.182  T: 0.315
Gamma shape alpha: 0.171
Parameters optimization took 3 rounds (0.012 sec)
Wrote distance file to... 
Computing ML distances based on estimated model parameters...
Calculating distance matrix: done in 0.00290966 secs using 99.56% CPU
Computing ML distances took 0.002947 sec (of wall-clock time) 0.002934 sec (of CPU time)
Setting up auxiliary I and S matrices: done in 7.9896e-05 secs using 98.88% CPU
Computing RapidNJ tree took 0.000263 sec (of wall-clock time) 0.000502 sec (of CPU time)
Log-likelihood of RapidNJ tree: -1073.441
--------------------------------------------------------------------
|             INITIALIZING CANDIDATE TREE SET                      |
--------------------------------------------------------------------
Generating 98 parsimony trees... 0.062 second
Computing log-likelihood of 98 initial trees ... 0.058 seconds
Current best score: -1066.548

Do NNI search on 20 best initial trees
Estimate model parameters (epsilon = 0.100)
BETTER TREE FOUND at iteration 1: -1066.547
Iteration 10 / LogL: -1066.548 / Time: 0h:0m:0s
Iteration 20 / LogL: -1066.548 / Time: 0h:0m:0s
Finish initializing candidate tree set (4)
Current best tree score: -1066.547 / CPU time: 0.245
Number of iterations: 20
--------------------------------------------------------------------
|               OPTIMIZING CANDIDATE TREE SET                      |
--------------------------------------------------------------------
Iteration 30 / LogL: -1066.549 / Time: 0h:0m:0s (0h:0m:0s left)
Iteration 40 / LogL: -1066.548 / Time: 0h:0m:0s (0h:0m:0s left)
Iteration 50 / LogL: -1066.549 / Time: 0h:0m:0s (0h:0m:0s left)
Iteration 60 / LogL: -1066.547 / Time: 0h:0m:0s (0h:0m:0s left)
Iteration 70 / LogL: -1066.549 / Time: 0h:0m:0s (0h:0m:0s left)
Iteration 80 / LogL: -1066.549 / Time: 0h:0m:0s (0h:0m:0s left)
Iteration 90 / LogL: -1069.486 / Time: 0h:0m:1s (0h:0m:0s left)
Iteration 100 / LogL: -1066.549 / Time: 0h:0m:1s (0h:0m:0s left)
TREE SEARCH COMPLETED AFTER 102 ITERATIONS / Time: 0h:0m:1s

--------------------------------------------------------------------
|                    FINALIZING TREE SEARCH                        |
--------------------------------------------------------------------
Performs final model parameters optimization
Estimate model parameters (epsilon = 0.010)
1. Initial log-likelihood: -1066.547
Optimal log-likelihood: -1066.547
Rate parameters:  A-C: 1.25646  A-G: 2.82135  A-T: 1.13577  C-G: 0.76693  C-T: 1.68998  G-T: 1.00000
Base frequencies:  A: 0.249  C: 0.255  G: 0.182  T: 0.315
Gamma shape alpha: 0.171
Parameters optimization took 1 rounds (0.002 sec)
BEST SCORE FOUND : -1066.547

Testing tree branches by aBayes parametric test...
0.002 sec.
Total tree length: 0.948

Total number of iterations: 102
CPU time used for tree search: 1.050 sec (0h:0m:1s)
Wall-clock time used for tree search: 1.137 sec (0h:0m:1s)
Total CPU time used: 1.079 sec (0h:0m:1s)
Total wall-clock time used: 1.168 sec (0h:0m:1s)

Analysis results written to: 
  IQ-TREE report:                /home/mis/CSE6406-project/work/paper_subset_50x10_L200/ils_low/replicate_05/estimated_gene_trees/L200/gtr_g4/locus_0009.iqtree
  Maximum-likelihood tree:       /home/mis/CSE6406-project/work/paper_subset_50x10_L200/ils_low/replicate_05/estimated_gene_trees/L200/gtr_g4/locus_0009.treefile
  Likelihood distances:          /home/mis/CSE6406-project/work/paper_subset_50x10_L200/ils_low/replicate_05/estimated_gene_trees/L200/gtr_g4/locus_0009.mldist
  Screen log file:               /home/mis/CSE6406-project/work/paper_subset_50x10_L200/ils_low/replicate_05/estimated_gene_trees/L200/gtr_g4/locus_0009.log

Date and Time: Sat Sep 12 21:33:26 2026
