IQ-TREE multicore version 2.4.0 for Linux x86 64-bit built Feb 12 2025
Developed by Bui Quang Minh, Nguyen Lam Tung, Olga Chernomor, Heiko Schmidt,
Dominik Schrempf, Michael Woodhams, Ly Trong Nhan, Thomas Wong

Host:    ezmata (AVX2, FMA3, 15 GB RAM)
Command: /home/mis/miniconda3/envs/cse6406/bin/iqtree2 -s /home/mis/CSE6406-project/work/paper_subset_50x10_L200/ils_low/replicate_05/alignments/L200/locus_0036.phy -m GTR+G4 --abayes -T 1 --seed 6906037 --prefix /home/mis/CSE6406-project/work/paper_subset_50x10_L200/ils_low/replicate_05/estimated_gene_trees/L200/gtr_g4/locus_0036 --redo --quiet
Seed:    6906037 (Using SPRNG - Scalable Parallel Random Number Generator)
Time:    Sat Sep 12 21:33:31 2026
Kernel:  AVX+FMA - 1 threads (16 CPU cores detected)

HINT: Use -nt option to specify number of threads because your CPU has 16 cores!
HINT: -nt AUTO will automatically determine the best number of threads to use.

Reading alignment file /home/mis/CSE6406-project/work/paper_subset_50x10_L200/ils_low/replicate_05/alignments/L200/locus_0036.phy ... Phylip format detected
Alignment most likely contains DNA/RNA sequences
Alignment has 21 sequences with 200 columns, 71 distinct patterns
44 parsimony-informative, 27 singleton sites, 129 constant sites
        Gap/Ambiguity  Composition  p-value
Analyzing sequences: done in 1.3714e-05 secs
   1  2_0_0     0.00%    passed     89.59%
   2  6_0_0     0.00%    passed     91.82%
   3  9_0_0     0.00%    passed     93.82%
   4  11_0_0    0.00%    passed     83.41%
   5  8_0_0     0.00%    passed     95.56%
   6  7_0_0     0.00%    passed     95.56%
   7  5_0_0     0.00%    passed     98.58%
   8  10_0_0    0.00%    passed     92.23%
   9  12_0_0    0.00%    passed     74.71%
  10  3_0_0     0.00%    passed     98.58%
  11  1_0_0     0.00%    passed     99.21%
  12  4_0_0     0.00%    passed     97.47%
  13  15_0_0    0.00%    passed     99.28%
  14  20_0_0    0.00%    passed     88.55%
  15  18_0_0    0.00%    passed     87.39%
  16  14_0_0    0.00%    passed     98.14%
  17  19_0_0    0.00%    passed     91.76%
  18  17_0_0    0.00%    passed     79.35%
  19  16_0_0    0.00%    passed     95.97%
  20  13_0_0    0.00%    passed     81.55%
  21  0_0_0     0.00%    passed     68.06%
****  TOTAL     0.00%  0 sequences failed composition chi2 test (p-value<5%; df=3)
NOTE: 7_0_0 is identical to 8_0_0 but kept for subsequent analysis

Create initial parsimony tree by phylogenetic likelihood library (PLL)... 0.001 seconds

NOTE: 0 MB RAM (0 GB) is required!
Estimate model parameters (epsilon = 0.100)
1. Initial log-likelihood: -1228.121
2. Current log-likelihood: -1173.982
3. Current log-likelihood: -1171.930
Optimal log-likelihood: -1171.837
Rate parameters:  A-C: 1.43460  A-G: 3.83820  A-T: 1.30473  C-G: 0.73216  C-T: 2.69873  G-T: 1.00000
Base frequencies:  A: 0.311  C: 0.184  G: 0.214  T: 0.291
Gamma shape alpha: 0.214
Parameters optimization took 3 rounds (0.025 sec)
Wrote distance file to... 
Computing ML distances based on estimated model parameters...
Calculating distance matrix: done in 0.00323199 secs using 96.72% CPU
Computing ML distances took 0.003276 sec (of wall-clock time) 0.003172 sec (of CPU time)
Setting up auxiliary I and S matrices: done in 5.8519e-05 secs using 97.4% CPU
Computing RapidNJ tree took 0.000241 sec (of wall-clock time) 0.000487 sec (of CPU time)
Log-likelihood of RapidNJ tree: -1171.035
--------------------------------------------------------------------
|             INITIALIZING CANDIDATE TREE SET                      |
--------------------------------------------------------------------
Generating 98 parsimony trees... 0.101 second
Computing log-likelihood of 98 initial trees ... 0.089 seconds
Current best score: -1163.704

Do NNI search on 20 best initial trees
Estimate model parameters (epsilon = 0.100)
BETTER TREE FOUND at iteration 1: -1162.855
Iteration 10 / LogL: -1163.720 / Time: 0h:0m:0s
Iteration 20 / LogL: -1162.857 / Time: 0h:0m:0s
Finish initializing candidate tree set (6)
Current best tree score: -1162.855 / CPU time: 0.441
Number of iterations: 20
--------------------------------------------------------------------
|               OPTIMIZING CANDIDATE TREE SET                      |
--------------------------------------------------------------------
Iteration 30 / LogL: -1164.209 / Time: 0h:0m:0s (0h:0m:1s left)
UPDATE BEST LOG-LIKELIHOOD: -1162.855
Iteration 40 / LogL: -1162.856 / Time: 0h:0m:0s (0h:0m:1s left)
UPDATE BEST LOG-LIKELIHOOD: -1162.855
Iteration 50 / LogL: -1163.094 / Time: 0h:0m:1s (0h:0m:1s left)
Iteration 60 / LogL: -1167.662 / Time: 0h:0m:1s (0h:0m:0s left)
Iteration 70 / LogL: -1162.881 / Time: 0h:0m:1s (0h:0m:0s left)
Iteration 80 / LogL: -1162.856 / Time: 0h:0m:1s (0h:0m:0s left)
Iteration 90 / LogL: -1163.400 / Time: 0h:0m:2s (0h:0m:0s left)
Iteration 100 / LogL: -1162.857 / Time: 0h:0m:2s (0h:0m:0s left)
TREE SEARCH COMPLETED AFTER 102 ITERATIONS / Time: 0h:0m:2s

--------------------------------------------------------------------
|                    FINALIZING TREE SEARCH                        |
--------------------------------------------------------------------
Performs final model parameters optimization
Estimate model parameters (epsilon = 0.010)
1. Initial log-likelihood: -1162.855
Optimal log-likelihood: -1162.855
Rate parameters:  A-C: 1.19169  A-G: 3.62573  A-T: 1.36817  C-G: 0.67237  C-T: 2.83666  G-T: 1.00000
Base frequencies:  A: 0.311  C: 0.184  G: 0.214  T: 0.291
Gamma shape alpha: 0.210
Parameters optimization took 1 rounds (0.004 sec)
BEST SCORE FOUND : -1162.855

Testing tree branches by aBayes parametric test...
0.004 sec.
Total tree length: 1.356

Total number of iterations: 102
CPU time used for tree search: 2.162 sec (0h:0m:2s)
Wall-clock time used for tree search: 2.255 sec (0h:0m:2s)
Total CPU time used: 2.213 sec (0h:0m:2s)
Total wall-clock time used: 2.308 sec (0h:0m:2s)

Analysis results written to: 
  IQ-TREE report:                /home/mis/CSE6406-project/work/paper_subset_50x10_L200/ils_low/replicate_05/estimated_gene_trees/L200/gtr_g4/locus_0036.iqtree
  Maximum-likelihood tree:       /home/mis/CSE6406-project/work/paper_subset_50x10_L200/ils_low/replicate_05/estimated_gene_trees/L200/gtr_g4/locus_0036.treefile
  Likelihood distances:          /home/mis/CSE6406-project/work/paper_subset_50x10_L200/ils_low/replicate_05/estimated_gene_trees/L200/gtr_g4/locus_0036.mldist
  Screen log file:               /home/mis/CSE6406-project/work/paper_subset_50x10_L200/ils_low/replicate_05/estimated_gene_trees/L200/gtr_g4/locus_0036.log

Date and Time: Sat Sep 12 21:33:34 2026
