IQ-TREE multicore version 2.4.0 for Linux x86 64-bit built Feb 12 2025
Developed by Bui Quang Minh, Nguyen Lam Tung, Olga Chernomor, Heiko Schmidt,
Dominik Schrempf, Michael Woodhams, Ly Trong Nhan, Thomas Wong

Host:    ezmata (AVX2, FMA3, 15 GB RAM)
Command: /home/mis/miniconda3/envs/cse6406/bin/iqtree2 -s /home/mis/CSE6406-project/work/paper_subset_50x10_L800/ils_low/replicate_01/alignments/L800/locus_0036.phy -m GTR --abayes -T AUTO --seed 6506037 --prefix /home/mis/CSE6406-project/work/paper_subset_50x10_L800/ils_low/replicate_01/estimated_gene_trees/L800/gtr/locus_0036 --redo --quiet
Seed:    6506037 (Using SPRNG - Scalable Parallel Random Number Generator)
Time:    Fri Sep 11 00:31:28 2026
Kernel:  AVX+FMA - auto-detect threads (16 CPU cores detected)

Reading alignment file /home/mis/CSE6406-project/work/paper_subset_50x10_L800/ils_low/replicate_01/alignments/L800/locus_0036.phy ... Phylip format detected
Alignment most likely contains DNA/RNA sequences
Alignment has 21 sequences with 800 columns, 33 distinct patterns
8 parsimony-informative, 23 singleton sites, 769 constant sites
        Gap/Ambiguity  Composition  p-value
Analyzing sequences: done in 0.000113231 secs
   1  9_0_0     0.00%    passed     99.80%
   2  10_0_0    0.00%    passed     99.54%
   3  5_0_0     0.00%    passed     99.93%
   4  19_0_0    0.00%    passed     99.98%
   5  7_0_0     0.00%    passed     99.99%
   6  16_0_0    0.00%    passed     99.99%
   7  14_0_0    0.00%    passed     99.99%
   8  8_0_0     0.00%    passed     99.99%
   9  20_0_0    0.00%    passed     99.98%
  10  11_0_0    0.00%    passed     99.92%
  11  12_0_0    0.00%    passed     99.88%
  12  18_0_0    0.00%    passed     99.86%
  13  15_0_0    0.00%    passed     99.99%
  14  17_0_0    0.00%    passed     99.99%
  15  13_0_0    0.00%    passed     99.96%
  16  6_0_0     0.00%    passed     99.79%
  17  4_0_0     0.00%    passed     99.99%
  18  3_0_0     0.00%    passed     99.99%
  19  2_0_0     0.00%    passed     99.83%
  20  1_0_0     0.00%    passed     99.91%
  21  0_0_0     0.00%    passed     99.67%
****  TOTAL     0.00%  0 sequences failed composition chi2 test (p-value<5%; df=3)
NOTE: 16_0_0 is identical to 7_0_0 but kept for subsequent analysis
NOTE: 17_0_0 is identical to 15_0_0 but kept for subsequent analysis
NOTE: 3 identical sequences (see below) will be ignored for subsequent analysis
NOTE: 14_0_0 (identical to 7_0_0) is ignored but added at the end
NOTE: 8_0_0 (identical to 7_0_0) is ignored but added at the end
NOTE: 3_0_0 (identical to 15_0_0) is ignored but added at the end
Alignment was printed to /home/mis/CSE6406-project/work/paper_subset_50x10_L800/ils_low/replicate_01/estimated_gene_trees/L800/gtr/locus_0036.uniqueseq.phy

For your convenience alignment with unique sequences printed to /home/mis/CSE6406-project/work/paper_subset_50x10_L800/ils_low/replicate_01/estimated_gene_trees/L800/gtr/locus_0036.uniqueseq.phy

Create initial parsimony tree by phylogenetic likelihood library (PLL)... 0.000 seconds

NOTE: 0 MB RAM (0 GB) is required!
Measuring multi-threading efficiency up to 16 CPU cores
Increase to 10 rounds for branch lengths
73781 trees examined
Threads: 1 / Time: 16.000 sec / Speedup: 1.000 / Efficiency: 100% / LogL: -1419
Threads: 2 / Time: 32.107 sec / Speedup: 0.498 / Efficiency: 25% / LogL: -1419
BEST NUMBER OF THREADS: 1

Estimate model parameters (epsilon = 0.100)
1. Initial log-likelihood: -1355.282
2. Current log-likelihood: -1351.622
Optimal log-likelihood: -1351.621
Rate parameters:  A-C: 0.85712  A-G: 2.44489  A-T: 1.39980  C-G: 0.40386  C-T: 2.04885  G-T: 1.00000
Base frequencies:  A: 0.285  C: 0.194  G: 0.204  T: 0.317
Parameters optimization took 2 rounds (0.001 sec)
Wrote distance file to... 
Computing ML distances based on estimated model parameters...
Calculating distance matrix: done in 0.000418168 secs using 68.63% CPU
Computing ML distances took 0.000433 sec (of wall-clock time) 0.000298 sec (of CPU time)
Setting up auxiliary I and S matrices: done in 3.1067e-05 secs
Computing RapidNJ tree took 0.000109 sec (of wall-clock time) 0.000000 sec (of CPU time)
Log-likelihood of RapidNJ tree: -1351.634
--------------------------------------------------------------------
|             INITIALIZING CANDIDATE TREE SET                      |
--------------------------------------------------------------------
Generating 98 parsimony trees... 0.015 second
Computing log-likelihood of 98 initial trees ... 0.012 seconds
Current best score: -1351.621

Do NNI search on 20 best initial trees
Estimate model parameters (epsilon = 0.100)
BETTER TREE FOUND at iteration 1: -1351.620
Iteration 10 / LogL: -1351.620 / Time: 0h:0m:48s
BETTER TREE FOUND at iteration 16: -1351.620
Iteration 20 / LogL: -1351.620 / Time: 0h:0m:48s
Finish initializing candidate tree set (20)
Current best tree score: -1351.620 / CPU time: 0.037
Number of iterations: 20
--------------------------------------------------------------------
|               OPTIMIZING CANDIDATE TREE SET                      |
--------------------------------------------------------------------
Iteration 30 / LogL: -1362.732 / Time: 0h:0m:48s (0h:2m:22s left)
BETTER TREE FOUND at iteration 34: -1351.620
Iteration 40 / LogL: -1351.622 / Time: 0h:0m:48s (0h:1m:56s left)
Iteration 50 / LogL: -1357.389 / Time: 0h:0m:48s (0h:1m:22s left)
Iteration 60 / LogL: -1351.620 / Time: 0h:0m:48s (0h:1m:0s left)
Iteration 70 / LogL: -1357.527 / Time: 0h:0m:48s (0h:0m:44s left)
Iteration 80 / LogL: -1351.620 / Time: 0h:0m:48s (0h:0m:32s left)
BETTER TREE FOUND at iteration 88: -1351.620
Iteration 90 / LogL: -1351.625 / Time: 0h:0m:48s (0h:0m:53s left)
Iteration 100 / LogL: -1351.621 / Time: 0h:0m:48s (0h:0m:42s left)
Iteration 110 / LogL: -1351.620 / Time: 0h:0m:48s (0h:0m:34s left)
Iteration 120 / LogL: -1351.622 / Time: 0h:0m:48s (0h:0m:27s left)
Iteration 130 / LogL: -1351.621 / Time: 0h:0m:48s (0h:0m:21s left)
BETTER TREE FOUND at iteration 131: -1351.620
Iteration 140 / LogL: -1351.624 / Time: 0h:0m:48s (0h:0m:31s left)
Iteration 150 / LogL: -1351.624 / Time: 0h:0m:48s (0h:0m:26s left)
Iteration 160 / LogL: -1351.620 / Time: 0h:0m:48s (0h:0m:21s left)
Iteration 170 / LogL: -1351.623 / Time: 0h:0m:48s (0h:0m:17s left)
Iteration 180 / LogL: -1351.620 / Time: 0h:0m:48s (0h:0m:13s left)
Iteration 190 / LogL: -1351.622 / Time: 0h:0m:48s (0h:0m:10s left)
Iteration 200 / LogL: -1351.620 / Time: 0h:0m:48s (0h:0m:7s left)
Iteration 210 / LogL: -1351.623 / Time: 0h:0m:48s (0h:0m:4s left)
Iteration 220 / LogL: -1351.624 / Time: 0h:0m:48s (0h:0m:2s left)
BETTER TREE FOUND at iteration 226: -1351.620
BETTER TREE FOUND at iteration 229: -1351.620
Iteration 230 / LogL: -1351.620 / Time: 0h:0m:48s (0h:0m:20s left)
UPDATE BEST LOG-LIKELIHOOD: -1351.620
Iteration 240 / LogL: -1351.621 / Time: 0h:0m:48s (0h:0m:18s left)
Iteration 250 / LogL: -1351.620 / Time: 0h:0m:48s (0h:0m:15s left)
Iteration 260 / LogL: -1351.620 / Time: 0h:0m:48s (0h:0m:12s left)
Iteration 270 / LogL: -1351.620 / Time: 0h:0m:48s (0h:0m:10s left)
BETTER TREE FOUND at iteration 276: -1351.620
Iteration 280 / LogL: -1351.622 / Time: 0h:0m:48s (0h:0m:16s left)
BETTER TREE FOUND at iteration 289: -1351.620
Iteration 290 / LogL: -1351.621 / Time: 0h:0m:48s (0h:0m:16s left)
Iteration 300 / LogL: -1351.622 / Time: 0h:0m:48s (0h:0m:14s left)
Iteration 310 / LogL: -1351.620 / Time: 0h:0m:48s (0h:0m:12s left)
Iteration 320 / LogL: -1351.623 / Time: 0h:0m:48s (0h:0m:10s left)
Iteration 330 / LogL: -1382.929 / Time: 0h:0m:48s (0h:0m:8s left)
Iteration 340 / LogL: -1351.626 / Time: 0h:0m:48s (0h:0m:7s left)
Iteration 350 / LogL: -1351.624 / Time: 0h:0m:48s (0h:0m:5s left)
Iteration 360 / LogL: -1351.621 / Time: 0h:0m:48s (0h:0m:3s left)
BETTER TREE FOUND at iteration 370: -1351.620
Iteration 370 / LogL: -1351.620 / Time: 0h:0m:48s (0h:0m:13s left)
BETTER TREE FOUND at iteration 378: -1351.620
Iteration 380 / LogL: -1351.620 / Time: 0h:0m:48s (0h:0m:12s left)
BETTER TREE FOUND at iteration 388: -1351.620
Iteration 390 / LogL: -1362.736 / Time: 0h:0m:48s (0h:0m:12s left)
Iteration 400 / LogL: -1351.622 / Time: 0h:0m:48s (0h:0m:10s left)
BETTER TREE FOUND at iteration 402: -1351.620
Iteration 410 / LogL: -1351.620 / Time: 0h:0m:48s (0h:0m:10s left)
Iteration 420 / LogL: -1351.621 / Time: 0h:0m:48s (0h:0m:9s left)
Iteration 430 / LogL: -1351.623 / Time: 0h:0m:48s (0h:0m:8s left)
Iteration 440 / LogL: -1351.620 / Time: 0h:0m:48s (0h:0m:6s left)
Iteration 450 / LogL: -1351.623 / Time: 0h:0m:48s (0h:0m:5s left)
Iteration 460 / LogL: -1351.621 / Time: 0h:0m:48s (0h:0m:4s left)
Iteration 470 / LogL: -1358.359 / Time: 0h:0m:48s (0h:0m:3s left)
Iteration 480 / LogL: -1351.620 / Time: 0h:0m:48s (0h:0m:2s left)
Iteration 490 / LogL: -1351.620 / Time: 0h:0m:48s (0h:0m:1s left)
BETTER TREE FOUND at iteration 496: -1351.620
Iteration 500 / LogL: -1351.620 / Time: 0h:0m:48s (0h:0m:9s left)
BETTER TREE FOUND at iteration 503: -1351.620
Iteration 510 / LogL: -1358.358 / Time: 0h:0m:48s (0h:0m:8s left)
Iteration 520 / LogL: -1351.622 / Time: 0h:0m:48s (0h:0m:7s left)
Iteration 530 / LogL: -1351.620 / Time: 0h:0m:48s (0h:0m:6s left)
BETTER TREE FOUND at iteration 532: -1351.620
Iteration 540 / LogL: -1351.622 / Time: 0h:0m:48s (0h:0m:8s left)
Iteration 550 / LogL: -1351.621 / Time: 0h:0m:48s (0h:0m:7s left)
UPDATE BEST LOG-LIKELIHOOD: -1351.620
Iteration 560 / LogL: -1351.627 / Time: 0h:0m:48s (0h:0m:6s left)
Iteration 570 / LogL: -1351.621 / Time: 0h:0m:48s (0h:0m:5s left)
Iteration 580 / LogL: -1351.620 / Time: 0h:0m:48s (0h:0m:4s left)
Iteration 590 / LogL: -1381.517 / Time: 0h:0m:48s (0h:0m:3s left)
Iteration 600 / LogL: -1351.621 / Time: 0h:0m:48s (0h:0m:2s left)
Iteration 610 / LogL: -1351.625 / Time: 0h:0m:48s (0h:0m:1s left)
Iteration 620 / LogL: -1351.620 / Time: 0h:0m:48s (0h:0m:0s left)
Iteration 630 / LogL: -1351.625 / Time: 0h:0m:48s (0h:0m:0s left)
TREE SEARCH COMPLETED AFTER 633 ITERATIONS / Time: 0h:0m:48s

--------------------------------------------------------------------
|                    FINALIZING TREE SEARCH                        |
--------------------------------------------------------------------
Performs final model parameters optimization
Estimate model parameters (epsilon = 0.010)
1. Initial log-likelihood: -1351.620
Optimal log-likelihood: -1351.620
Rate parameters:  A-C: 0.86112  A-G: 2.44921  A-T: 1.40745  C-G: 0.40436  C-T: 2.06342  G-T: 1.00000
Base frequencies:  A: 0.285  C: 0.194  G: 0.204  T: 0.317
Parameters optimization took 1 rounds (0.000 sec)
BEST SCORE FOUND : -1351.620

Testing tree branches by aBayes parametric test...
0.000 sec.
Total tree length: 0.041

Total number of iterations: 633
CPU time used for tree search: 0.680 sec (0h:0m:0s)
Wall-clock time used for tree search: 0.752 sec (0h:0m:0s)
Total CPU time used: 38.581 sec (0h:0m:38s)
Total wall-clock time used: 48.872 sec (0h:0m:48s)

Analysis results written to: 
  IQ-TREE report:                /home/mis/CSE6406-project/work/paper_subset_50x10_L800/ils_low/replicate_01/estimated_gene_trees/L800/gtr/locus_0036.iqtree
  Maximum-likelihood tree:       /home/mis/CSE6406-project/work/paper_subset_50x10_L800/ils_low/replicate_01/estimated_gene_trees/L800/gtr/locus_0036.treefile
  Likelihood distances:          /home/mis/CSE6406-project/work/paper_subset_50x10_L800/ils_low/replicate_01/estimated_gene_trees/L800/gtr/locus_0036.mldist
  Screen log file:               /home/mis/CSE6406-project/work/paper_subset_50x10_L800/ils_low/replicate_01/estimated_gene_trees/L800/gtr/locus_0036.log

Date and Time: Fri Sep 11 00:32:17 2026
