IQ-TREE multicore version 2.4.0 for Linux x86 64-bit built Feb 12 2025
Developed by Bui Quang Minh, Nguyen Lam Tung, Olga Chernomor, Heiko Schmidt,
Dominik Schrempf, Michael Woodhams, Ly Trong Nhan, Thomas Wong

Host:    ezmata (AVX2, FMA3, 15 GB RAM)
Command: /home/mis/miniconda3/envs/cse6406/bin/iqtree2 -s /home/mis/CSE6406-project/work/paper_subset_50x10_L800/ils_low/replicate_01/alignments/L800/locus_0014.phy -m GTR --abayes -T AUTO --seed 6506015 --prefix /home/mis/CSE6406-project/work/paper_subset_50x10_L800/ils_low/replicate_01/estimated_gene_trees/L800/gtr/locus_0014 --redo --quiet
Seed:    6506015 (Using SPRNG - Scalable Parallel Random Number Generator)
Time:    Fri Sep 11 00:12:03 2026
Kernel:  AVX+FMA - auto-detect threads (16 CPU cores detected)

Reading alignment file /home/mis/CSE6406-project/work/paper_subset_50x10_L800/ils_low/replicate_01/alignments/L800/locus_0014.phy ... Phylip format detected
Alignment most likely contains DNA/RNA sequences
Alignment has 21 sequences with 800 columns, 32 distinct patterns
10 parsimony-informative, 19 singleton sites, 771 constant sites
        Gap/Ambiguity  Composition  p-value
Analyzing sequences: done in 0.000108599 secs
   1  19_0_0    0.00%    passed     99.99%
   2  7_0_0     0.00%    passed     99.95%
   3  16_0_0    0.00%    passed     99.95%
   4  20_0_0    0.00%    passed     99.78%
   5  14_0_0    0.00%    passed     99.99%
   6  8_0_0     0.00%    passed     99.99%
   7  11_0_0    0.00%    passed     99.94%
   8  5_0_0     0.00%    passed     99.99%
   9  9_0_0     0.00%    passed     99.90%
  10  10_0_0    0.00%    passed     99.95%
  11  3_0_0     0.00%    passed     99.81%
  12  2_0_0     0.00%    passed     99.79%
  13  1_0_0     0.00%    passed     99.72%
  14  4_0_0     0.00%    passed     99.97%
  15  6_0_0     0.00%    passed     99.88%
  16  17_0_0    0.00%    passed     99.61%
  17  15_0_0    0.00%    passed     99.91%
  18  18_0_0    0.00%    passed     99.99%
  19  12_0_0    0.00%    passed     99.99%
  20  13_0_0    0.00%    passed     99.99%
  21  0_0_0     0.00%    passed     99.90%
****  TOTAL     0.00%  0 sequences failed composition chi2 test (p-value<5%; df=3)
NOTE: 18_0_0 is identical to 19_0_0 but kept for subsequent analysis
NOTE: 8_0_0 is identical to 14_0_0 but kept for subsequent analysis
NOTE: 1 identical sequences (see below) will be ignored for subsequent analysis
NOTE: 12_0_0 (identical to 19_0_0) is ignored but added at the end
Alignment was printed to /home/mis/CSE6406-project/work/paper_subset_50x10_L800/ils_low/replicate_01/estimated_gene_trees/L800/gtr/locus_0014.uniqueseq.phy

For your convenience alignment with unique sequences printed to /home/mis/CSE6406-project/work/paper_subset_50x10_L800/ils_low/replicate_01/estimated_gene_trees/L800/gtr/locus_0014.uniqueseq.phy

Create initial parsimony tree by phylogenetic likelihood library (PLL)... 0.000 seconds

NOTE: 0 MB RAM (0 GB) is required!
Measuring multi-threading efficiency up to 16 CPU cores
Increase to 10 rounds for branch lengths
53324 trees examined
Threads: 1 / Time: 16.000 sec / Speedup: 1.000 / Efficiency: 100% / LogL: -1456
Threads: 2 / Time: 36.884 sec / Speedup: 0.434 / Efficiency: 22% / LogL: -1456
BEST NUMBER OF THREADS: 1

Estimate model parameters (epsilon = 0.100)
1. Initial log-likelihood: -1347.111
2. Current log-likelihood: -1342.722
Optimal log-likelihood: -1342.722
Rate parameters:  A-C: 0.25834  A-G: 2.03079  A-T: 1.74379  C-G: 0.67875  C-T: 1.80495  G-T: 1.00000
Base frequencies:  A: 0.263  C: 0.226  G: 0.204  T: 0.307
Parameters optimization took 2 rounds (0.002 sec)
Wrote distance file to... 
Computing ML distances based on estimated model parameters...
Calculating distance matrix: done in 0.000667127 secs using 66.1% CPU
Computing ML distances took 0.000684 sec (of wall-clock time) 0.000453 sec (of CPU time)
Setting up auxiliary I and S matrices: done in 3.1131e-05 secs using 767.7% CPU
Computing RapidNJ tree took 0.000118 sec (of wall-clock time) 0.000326 sec (of CPU time)
Log-likelihood of RapidNJ tree: -1342.738
--------------------------------------------------------------------
|             INITIALIZING CANDIDATE TREE SET                      |
--------------------------------------------------------------------
Generating 98 parsimony trees... 0.025 second
Computing log-likelihood of 98 initial trees ... 0.018 seconds
Current best score: -1342.722

Do NNI search on 20 best initial trees
Estimate model parameters (epsilon = 0.100)
BETTER TREE FOUND at iteration 1: -1342.722
BETTER TREE FOUND at iteration 2: -1342.722
Iteration 10 / LogL: -1342.722 / Time: 0h:0m:52s
Iteration 20 / LogL: -1342.722 / Time: 0h:0m:52s
Finish initializing candidate tree set (20)
Current best tree score: -1342.722 / CPU time: 0.058
Number of iterations: 20
--------------------------------------------------------------------
|               OPTIMIZING CANDIDATE TREE SET                      |
--------------------------------------------------------------------
Iteration 30 / LogL: -1342.722 / Time: 0h:0m:52s (0h:2m:11s left)
Iteration 40 / LogL: -1342.726 / Time: 0h:0m:52s (0h:1m:24s left)
UPDATE BEST LOG-LIKELIHOOD: -1342.722
Iteration 50 / LogL: -1342.727 / Time: 0h:0m:53s (0h:0m:56s left)
UPDATE BEST LOG-LIKELIHOOD: -1342.722
Iteration 60 / LogL: -1342.726 / Time: 0h:0m:53s (0h:0m:37s left)
Iteration 70 / LogL: -1342.722 / Time: 0h:0m:53s (0h:0m:24s left)
Iteration 80 / LogL: -1342.728 / Time: 0h:0m:53s (0h:0m:14s left)
Iteration 90 / LogL: -1342.724 / Time: 0h:0m:53s (0h:0m:7s left)
Iteration 100 / LogL: -1342.723 / Time: 0h:0m:53s (0h:0m:1s left)
TREE SEARCH COMPLETED AFTER 103 ITERATIONS / Time: 0h:0m:53s

--------------------------------------------------------------------
|                    FINALIZING TREE SEARCH                        |
--------------------------------------------------------------------
Performs final model parameters optimization
Estimate model parameters (epsilon = 0.010)
1. Initial log-likelihood: -1342.722
Optimal log-likelihood: -1342.722
Rate parameters:  A-C: 0.25705  A-G: 2.03219  A-T: 1.74407  C-G: 0.67854  C-T: 1.80601  G-T: 1.00000
Base frequencies:  A: 0.263  C: 0.226  G: 0.204  T: 0.307
Parameters optimization took 1 rounds (0.000 sec)
BEST SCORE FOUND : -1342.722

Testing tree branches by aBayes parametric test...
0.001 sec.
Total tree length: 0.039

Total number of iterations: 103
CPU time used for tree search: 0.198 sec (0h:0m:0s)
Wall-clock time used for tree search: 0.206 sec (0h:0m:0s)
Total CPU time used: 40.067 sec (0h:0m:40s)
Total wall-clock time used: 53.103 sec (0h:0m:53s)

Analysis results written to: 
  IQ-TREE report:                /home/mis/CSE6406-project/work/paper_subset_50x10_L800/ils_low/replicate_01/estimated_gene_trees/L800/gtr/locus_0014.iqtree
  Maximum-likelihood tree:       /home/mis/CSE6406-project/work/paper_subset_50x10_L800/ils_low/replicate_01/estimated_gene_trees/L800/gtr/locus_0014.treefile
  Likelihood distances:          /home/mis/CSE6406-project/work/paper_subset_50x10_L800/ils_low/replicate_01/estimated_gene_trees/L800/gtr/locus_0014.mldist
  Screen log file:               /home/mis/CSE6406-project/work/paper_subset_50x10_L800/ils_low/replicate_01/estimated_gene_trees/L800/gtr/locus_0014.log

Date and Time: Fri Sep 11 00:12:56 2026
