IQ-TREE multicore version 2.4.0 for Linux x86 64-bit built Feb 12 2025
Developed by Bui Quang Minh, Nguyen Lam Tung, Olga Chernomor, Heiko Schmidt,
Dominik Schrempf, Michael Woodhams, Ly Trong Nhan, Thomas Wong

Host:    ezmata (AVX2, FMA3, 15 GB RAM)
Command: /home/mis/miniconda3/envs/cse6406/bin/iqtree2 -s /home/mis/CSE6406-project/work/paper_subset_50x10_L800/ils_low/replicate_01/alignments/L800/locus_0034.phy -m GTR --abayes -T AUTO --seed 6506035 --prefix /home/mis/CSE6406-project/work/paper_subset_50x10_L800/ils_low/replicate_01/estimated_gene_trees/L800/gtr/locus_0034 --redo --quiet
Seed:    6506035 (Using SPRNG - Scalable Parallel Random Number Generator)
Time:    Fri Sep 11 00:29:35 2026
Kernel:  AVX+FMA - auto-detect threads (16 CPU cores detected)

Reading alignment file /home/mis/CSE6406-project/work/paper_subset_50x10_L800/ils_low/replicate_01/alignments/L800/locus_0034.phy ... Phylip format detected
Alignment most likely contains DNA/RNA sequences
Alignment has 21 sequences with 800 columns, 34 distinct patterns
10 parsimony-informative, 23 singleton sites, 767 constant sites
        Gap/Ambiguity  Composition  p-value
Analyzing sequences: done in 6.4936e-05 secs
   1  0_0_0     0.00%    passed     98.87%
   2  3_0_0     0.00%    passed     99.95%
   3  4_0_0     0.00%    passed     99.66%
   4  2_0_0     0.00%    passed     99.88%
   5  1_0_0     0.00%    passed     99.91%
   6  6_0_0     0.00%    passed     99.99%
   7  13_0_0    0.00%    passed     99.99%
   8  17_0_0    0.00%    passed     99.99%
   9  15_0_0    0.00%    passed     99.96%
  10  12_0_0    0.00%    passed     99.93%
  11  18_0_0    0.00%    passed     99.91%
  12  7_0_0     0.00%    passed     99.67%
  13  11_0_0    0.00%    passed     99.18%
  14  8_0_0     0.00%    passed     99.67%
  15  14_0_0    0.00%    passed     99.21%
  16  20_0_0    0.00%    passed     99.85%
  17  16_0_0    0.00%    passed     99.85%
  18  19_0_0    0.00%    passed     99.99%
  19  10_0_0    0.00%    passed     99.97%
  20  9_0_0     0.00%    passed     99.82%
  21  5_0_0     0.00%    passed     99.73%
****  TOTAL     0.00%  0 sequences failed composition chi2 test (p-value<5%; df=3)
NOTE: 16_0_0 is identical to 20_0_0 but kept for subsequent analysis

Create initial parsimony tree by phylogenetic likelihood library (PLL)... 0.000 seconds

NOTE: 0 MB RAM (0 GB) is required!
Measuring multi-threading efficiency up to 16 CPU cores
Increase to 10 rounds for branch lengths
33415 trees examined
Threads: 1 / Time: 16.000 sec / Speedup: 1.000 / Efficiency: 100% / LogL: -1606
Threads: 2 / Time: 41.612 sec / Speedup: 0.385 / Efficiency: 19% / LogL: -1606
BEST NUMBER OF THREADS: 1

Estimate model parameters (epsilon = 0.100)
1. Initial log-likelihood: -1378.485
2. Current log-likelihood: -1375.650
Optimal log-likelihood: -1375.649
Rate parameters:  A-C: 2.15396  A-G: 2.17292  A-T: 1.49119  C-G: 0.45961  C-T: 2.23847  G-T: 1.00000
Base frequencies:  A: 0.297  C: 0.176  G: 0.199  T: 0.327
Parameters optimization took 2 rounds (0.001 sec)
Wrote distance file to... 
Computing ML distances based on estimated model parameters...
Calculating distance matrix: done in 0.000726991 secs using 71.53% CPU
Computing ML distances took 0.000745 sec (of wall-clock time) 0.000536 sec (of CPU time)
Setting up auxiliary I and S matrices: done in 3.3052e-05 secs using 99.84% CPU
Computing RapidNJ tree took 0.000122 sec (of wall-clock time) 0.000458 sec (of CPU time)
Log-likelihood of RapidNJ tree: -1375.665
--------------------------------------------------------------------
|             INITIALIZING CANDIDATE TREE SET                      |
--------------------------------------------------------------------
Generating 98 parsimony trees... 0.027 second
Computing log-likelihood of 98 initial trees ... 0.020 seconds
Current best score: -1372.137

Do NNI search on 20 best initial trees
Estimate model parameters (epsilon = 0.100)
BETTER TREE FOUND at iteration 1: -1372.016
Iteration 10 / LogL: -1372.016 / Time: 0h:0m:57s
Iteration 20 / LogL: -1372.016 / Time: 0h:0m:57s
Finish initializing candidate tree set (19)
Current best tree score: -1372.016 / CPU time: 0.064
Number of iterations: 20
--------------------------------------------------------------------
|               OPTIMIZING CANDIDATE TREE SET                      |
--------------------------------------------------------------------
Iteration 30 / LogL: -1372.016 / Time: 0h:0m:57s (0h:2m:21s left)
Iteration 40 / LogL: -1372.020 / Time: 0h:0m:57s (0h:1m:30s left)
Iteration 50 / LogL: -1391.646 / Time: 0h:0m:57s (0h:1m:0s left)
Iteration 60 / LogL: -1372.018 / Time: 0h:0m:57s (0h:0m:40s left)
Iteration 70 / LogL: -1372.019 / Time: 0h:0m:57s (0h:0m:25s left)
Iteration 80 / LogL: -1372.016 / Time: 0h:0m:57s (0h:0m:15s left)
Iteration 90 / LogL: -1372.019 / Time: 0h:0m:57s (0h:0m:7s left)
Iteration 100 / LogL: -1378.686 / Time: 0h:0m:57s (0h:0m:0s left)
TREE SEARCH COMPLETED AFTER 102 ITERATIONS / Time: 0h:0m:57s

--------------------------------------------------------------------
|                    FINALIZING TREE SEARCH                        |
--------------------------------------------------------------------
Performs final model parameters optimization
Estimate model parameters (epsilon = 0.010)
1. Initial log-likelihood: -1372.016
Optimal log-likelihood: -1372.016
Rate parameters:  A-C: 2.16117  A-G: 2.17654  A-T: 1.32939  C-G: 0.46367  C-T: 2.52374  G-T: 1.00000
Base frequencies:  A: 0.297  C: 0.176  G: 0.199  T: 0.327
Parameters optimization took 1 rounds (0.001 sec)
BEST SCORE FOUND : -1372.016

Testing tree branches by aBayes parametric test...
0.001 sec.
Total tree length: 0.046

Total number of iterations: 102
CPU time used for tree search: 0.216 sec (0h:0m:0s)
Wall-clock time used for tree search: 0.231 sec (0h:0m:0s)
Total CPU time used: 42.361 sec (0h:0m:42s)
Total wall-clock time used: 57.854 sec (0h:0m:57s)

Analysis results written to: 
  IQ-TREE report:                /home/mis/CSE6406-project/work/paper_subset_50x10_L800/ils_low/replicate_01/estimated_gene_trees/L800/gtr/locus_0034.iqtree
  Maximum-likelihood tree:       /home/mis/CSE6406-project/work/paper_subset_50x10_L800/ils_low/replicate_01/estimated_gene_trees/L800/gtr/locus_0034.treefile
  Likelihood distances:          /home/mis/CSE6406-project/work/paper_subset_50x10_L800/ils_low/replicate_01/estimated_gene_trees/L800/gtr/locus_0034.mldist
  Screen log file:               /home/mis/CSE6406-project/work/paper_subset_50x10_L800/ils_low/replicate_01/estimated_gene_trees/L800/gtr/locus_0034.log

Date and Time: Fri Sep 11 00:30:33 2026
