IQ-TREE multicore version 2.4.0 for Linux x86 64-bit built Feb 12 2025
Developed by Bui Quang Minh, Nguyen Lam Tung, Olga Chernomor, Heiko Schmidt,
Dominik Schrempf, Michael Woodhams, Ly Trong Nhan, Thomas Wong

Host:    ezmata (AVX2, FMA3, 15 GB RAM)
Command: /home/mis/miniconda3/envs/cse6406/bin/iqtree2 -s /home/mis/CSE6406-project/work/paper_subset_50x10_L200/ils_high/replicate_06/alignments/L200/locus_0039.phy -m GTR --abayes -T 1 --seed 7006040 --prefix /home/mis/CSE6406-project/work/paper_subset_50x10_L200/ils_high/replicate_06/estimated_gene_trees/L200/gtr/locus_0039 --redo --quiet
Seed:    7006040 (Using SPRNG - Scalable Parallel Random Number Generator)
Time:    Sat Sep 12 21:43:58 2026
Kernel:  AVX+FMA - 1 threads (16 CPU cores detected)

HINT: Use -nt option to specify number of threads because your CPU has 16 cores!
HINT: -nt AUTO will automatically determine the best number of threads to use.

Reading alignment file /home/mis/CSE6406-project/work/paper_subset_50x10_L200/ils_high/replicate_06/alignments/L200/locus_0039.phy ... Phylip format detected
Alignment most likely contains DNA/RNA sequences
Alignment has 21 sequences with 200 columns, 79 distinct patterns
49 parsimony-informative, 26 singleton sites, 125 constant sites
        Gap/Ambiguity  Composition  p-value
Analyzing sequences: done in 1.2564e-05 secs
   1  0_0_0     0.00%    passed     87.90%
   2  11_0_0    0.00%    passed     95.72%
   3  12_0_0    0.00%    passed     90.90%
   4  14_0_0    0.00%    passed     86.52%
   5  6_0_0     0.00%    passed     97.45%
   6  8_0_0     0.00%    passed     96.13%
   7  7_0_0     0.00%    passed     76.61%
   8  4_0_0     0.00%    passed     87.30%
   9  1_0_0     0.00%    passed     84.14%
  10  5_0_0     0.00%    passed     49.01%
  11  9_0_0     0.00%    passed     97.53%
  12  3_0_0     0.00%    passed     77.33%
  13  2_0_0     0.00%    passed     66.11%
  14  17_0_0    0.00%    passed     74.45%
  15  10_0_0    0.00%    passed     82.26%
  16  16_0_0    0.00%    passed     77.81%
  17  19_0_0    0.00%    passed     93.62%
  18  13_0_0    0.00%    passed     98.47%
  19  15_0_0    0.00%    passed     92.33%
  20  20_0_0    0.00%    passed     95.10%
  21  18_0_0    0.00%    passed     99.10%
****  TOTAL     0.00%  0 sequences failed composition chi2 test (p-value<5%; df=3)

Create initial parsimony tree by phylogenetic likelihood library (PLL)... 0.001 seconds

NOTE: 0 MB RAM (0 GB) is required!
Estimate model parameters (epsilon = 0.100)
1. Initial log-likelihood: -1693.084
2. Current log-likelihood: -1677.940
Optimal log-likelihood: -1677.872
Rate parameters:  A-C: 1.53491  A-G: 2.24394  A-T: 1.02633  C-G: 1.17729  C-T: 1.78639  G-T: 1.00000
Base frequencies:  A: 0.295  C: 0.199  G: 0.178  T: 0.328
Parameters optimization took 2 rounds (0.007 sec)
Wrote distance file to... 
Computing ML distances based on estimated model parameters...
Calculating distance matrix: done in 0.00142049 secs using 82.3% CPU
Computing ML distances took 0.001464 sec (of wall-clock time) 0.001208 sec (of CPU time)
Setting up auxiliary I and S matrices: done in 5.926e-05 secs
Computing RapidNJ tree took 0.000236 sec (of wall-clock time) 0.000000 sec (of CPU time)
Log-likelihood of RapidNJ tree: -1684.609
--------------------------------------------------------------------
|             INITIALIZING CANDIDATE TREE SET                      |
--------------------------------------------------------------------
Generating 98 parsimony trees... 0.114 second
Computing log-likelihood of 98 initial trees ... 0.084 seconds
Current best score: -1670.693

Do NNI search on 20 best initial trees
Estimate model parameters (epsilon = 0.100)
BETTER TREE FOUND at iteration 1: -1670.224
Iteration 10 / LogL: -1672.159 / Time: 0h:0m:0s
Iteration 20 / LogL: -1672.186 / Time: 0h:0m:0s
Finish initializing candidate tree set (13)
Current best tree score: -1670.224 / CPU time: 0.345
Number of iterations: 20
--------------------------------------------------------------------
|               OPTIMIZING CANDIDATE TREE SET                      |
--------------------------------------------------------------------
Iteration 30 / LogL: -1671.015 / Time: 0h:0m:0s (0h:0m:1s left)
Iteration 40 / LogL: -1671.015 / Time: 0h:0m:0s (0h:0m:0s left)
UPDATE BEST LOG-LIKELIHOOD: -1670.224
Iteration 50 / LogL: -1671.015 / Time: 0h:0m:0s (0h:0m:0s left)
Iteration 60 / LogL: -1671.238 / Time: 0h:0m:0s (0h:0m:0s left)
Iteration 70 / LogL: -1671.015 / Time: 0h:0m:0s (0h:0m:0s left)
Estimate model parameters (epsilon = 0.100)
BETTER TREE FOUND at iteration 78: -1669.811
Iteration 80 / LogL: -1670.264 / Time: 0h:0m:0s (0h:0m:1s left)
UPDATE BEST LOG-LIKELIHOOD: -1669.811
Iteration 90 / LogL: -1669.811 / Time: 0h:0m:0s (0h:0m:0s left)
Iteration 100 / LogL: -1669.811 / Time: 0h:0m:1s (0h:0m:0s left)
Iteration 110 / LogL: -1671.259 / Time: 0h:0m:1s (0h:0m:0s left)
UPDATE BEST LOG-LIKELIHOOD: -1669.811
UPDATE BEST LOG-LIKELIHOOD: -1669.811
Iteration 120 / LogL: -1675.455 / Time: 0h:0m:1s (0h:0m:0s left)
Iteration 130 / LogL: -1669.811 / Time: 0h:0m:1s (0h:0m:0s left)
UPDATE BEST LOG-LIKELIHOOD: -1669.811
Iteration 140 / LogL: -1669.811 / Time: 0h:0m:1s (0h:0m:0s left)
Iteration 150 / LogL: -1670.556 / Time: 0h:0m:1s (0h:0m:0s left)
UPDATE BEST LOG-LIKELIHOOD: -1669.811
Iteration 160 / LogL: -1670.263 / Time: 0h:0m:1s (0h:0m:0s left)
Iteration 170 / LogL: -1672.179 / Time: 0h:0m:1s (0h:0m:0s left)
TREE SEARCH COMPLETED AFTER 179 ITERATIONS / Time: 0h:0m:1s

--------------------------------------------------------------------
|                    FINALIZING TREE SEARCH                        |
--------------------------------------------------------------------
Performs final model parameters optimization
Estimate model parameters (epsilon = 0.010)
1. Initial log-likelihood: -1669.811
Optimal log-likelihood: -1669.811
Rate parameters:  A-C: 1.54167  A-G: 2.32284  A-T: 0.94528  C-G: 1.10178  C-T: 1.68753  G-T: 1.00000
Base frequencies:  A: 0.295  C: 0.199  G: 0.178  T: 0.328
Parameters optimization took 1 rounds (0.001 sec)
BEST SCORE FOUND : -1669.811

Testing tree branches by aBayes parametric test...
0.001 sec.
Total tree length: 1.534

Total number of iterations: 179
CPU time used for tree search: 1.485 sec (0h:0m:1s)
Wall-clock time used for tree search: 1.598 sec (0h:0m:1s)
Total CPU time used: 1.508 sec (0h:0m:1s)
Total wall-clock time used: 1.624 sec (0h:0m:1s)

Analysis results written to: 
  IQ-TREE report:                /home/mis/CSE6406-project/work/paper_subset_50x10_L200/ils_high/replicate_06/estimated_gene_trees/L200/gtr/locus_0039.iqtree
  Maximum-likelihood tree:       /home/mis/CSE6406-project/work/paper_subset_50x10_L200/ils_high/replicate_06/estimated_gene_trees/L200/gtr/locus_0039.treefile
  Likelihood distances:          /home/mis/CSE6406-project/work/paper_subset_50x10_L200/ils_high/replicate_06/estimated_gene_trees/L200/gtr/locus_0039.mldist
  Screen log file:               /home/mis/CSE6406-project/work/paper_subset_50x10_L200/ils_high/replicate_06/estimated_gene_trees/L200/gtr/locus_0039.log

Date and Time: Sat Sep 12 21:43:59 2026
