IQ-TREE multicore version 2.4.0 for MacOS ARM 64-bit built Feb 12 2025
Developed by Bui Quang Minh, Nguyen Lam Tung, Olga Chernomor, Heiko Schmidt,
Dominik Schrempf, Michael Woodhams, Ly Trong Nhan, Thomas Wong

Host:    Fahims-MacBook-Air.local (SSE4.2, 16 GB RAM)
Command: /Users/fahim/miniconda3/envs/cse6406/bin/iqtree2 -s /Users/fahim/CSE6406-project/work/paper_subset_50x10_L1600/ils_low/replicate_01/alignments/L1600/locus_0014.phy -m GTR --abayes -T AUTO --seed 6506015 --prefix /Users/fahim/CSE6406-project/work/paper_subset_50x10_L1600/ils_low/replicate_01/estimated_gene_trees/L1600/gtr/locus_0014 --redo --quiet
Seed:    6506015 (Using SPRNG - Scalable Parallel Random Number Generator)
Time:    Fri Sep 11 00:16:20 2026
Kernel:  SSE2 - auto-detect threads (10 CPU cores detected)

Reading alignment file /Users/fahim/CSE6406-project/work/paper_subset_50x10_L1600/ils_low/replicate_01/alignments/L1600/locus_0014.phy ... Phylip format detected
Alignment most likely contains DNA/RNA sequences
Alignment has 21 sequences with 1600 columns, 64 distinct patterns
19 parsimony-informative, 55 singleton sites, 1526 constant sites
        Gap/Ambiguity  Composition  p-value
Analyzing sequences: done in 5.00679e-05 secs using 55.92% CPU
   1  19_0_0    0.00%    passed     99.84%
   2  7_0_0     0.00%    passed     99.60%
   3  16_0_0    0.00%    passed     99.72%
   4  20_0_0    0.00%    passed     99.87%
   5  14_0_0    0.00%    passed     99.37%
   6  8_0_0     0.00%    passed     99.72%
   7  11_0_0    0.00%    passed     99.89%
   8  5_0_0     0.00%    passed     99.84%
   9  9_0_0     0.00%    passed     99.96%
  10  10_0_0    0.00%    passed     99.99%
  11  3_0_0     0.00%    passed     99.88%
  12  2_0_0     0.00%    passed     99.74%
  13  1_0_0     0.00%    passed     99.72%
  14  4_0_0     0.00%    passed     99.98%
  15  6_0_0     0.00%    passed     99.80%
  16  17_0_0    0.00%    passed     99.98%
  17  15_0_0    0.00%    passed     99.95%
  18  18_0_0    0.00%    passed     99.55%
  19  12_0_0    0.00%    passed     99.88%
  20  13_0_0    0.00%    passed     99.99%
  21  0_0_0     0.00%    passed     99.74%
****  TOTAL     0.00%  0 sequences failed composition chi2 test (p-value<5%; df=3)

Create initial parsimony tree by phylogenetic likelihood library (PLL)... 0.000 seconds

NOTE: 0 MB RAM (0 GB) is required!
Measuring multi-threading efficiency up to 10 CPU cores
Increase to 10 rounds for branch lengths
31862 trees examined
Threads: 1 / Time: 10.000 sec / Speedup: 1.000 / Efficiency: 100% / LogL: -3120
Threads: 2 / Time: 55.917 sec / Speedup: 0.179 / Efficiency: 9% / LogL: -3120
BEST NUMBER OF THREADS: 1

Estimate model parameters (epsilon = 0.100)
1. Initial log-likelihood: -2839.862
2. Current log-likelihood: -2835.908
Optimal log-likelihood: -2835.907
Rate parameters:  A-C: 0.86631  A-G: 1.17415  A-T: 0.86782  C-G: 0.92086  C-T: 1.90377  G-T: 1.00000
Base frequencies:  A: 0.275  C: 0.216  G: 0.207  T: 0.301
Parameters optimization took 2 rounds (0.001 sec)
Wrote distance file to... 
Computing ML distances based on estimated model parameters...
Calculating distance matrix: done in 0.000506878 secs using 98.84% CPU
Computing ML distances took 0.000529 sec (of wall-clock time) 0.000512 sec (of CPU time)
Setting up auxiliary I and S matrices: done in 2.31266e-05 secs using 73.51% CPU
Computing RapidNJ tree took 0.000083 sec (of wall-clock time) 0.000090 sec (of CPU time)
Log-likelihood of RapidNJ tree: -2835.938
--------------------------------------------------------------------
|             INITIALIZING CANDIDATE TREE SET                      |
--------------------------------------------------------------------
Generating 98 parsimony trees... 0.023 second
Computing log-likelihood of 98 initial trees ... 0.014 seconds
Current best score: -2835.907

Do NNI search on 20 best initial trees
Estimate model parameters (epsilon = 0.100)
BETTER TREE FOUND at iteration 1: -2835.907
BETTER TREE FOUND at iteration 3: -2835.907
Iteration 10 / LogL: -2835.907 / Time: 0h:1m:5s
Iteration 20 / LogL: -2835.907 / Time: 0h:1m:5s
Finish initializing candidate tree set (20)
Current best tree score: -2835.907 / CPU time: 0.050
Number of iterations: 20
--------------------------------------------------------------------
|               OPTIMIZING CANDIDATE TREE SET                      |
--------------------------------------------------------------------
Iteration 30 / LogL: -2835.912 / Time: 0h:1m:5s (0h:2m:46s left)
Iteration 40 / LogL: -2835.919 / Time: 0h:1m:6s (0h:1m:46s left)
Iteration 50 / LogL: -2835.914 / Time: 0h:1m:6s (0h:1m:11s left)
Iteration 60 / LogL: -2835.907 / Time: 0h:1m:6s (0h:0m:48s left)
BETTER TREE FOUND at iteration 70: -2835.907
Iteration 70 / LogL: -2835.907 / Time: 0h:1m:6s (0h:1m:35s left)
Iteration 80 / LogL: -2841.629 / Time: 0h:1m:6s (0h:1m:15s left)
Iteration 90 / LogL: -2862.915 / Time: 0h:1m:6s (0h:0m:59s left)
Iteration 100 / LogL: -2835.911 / Time: 0h:1m:6s (0h:0m:46s left)
Iteration 110 / LogL: -2856.695 / Time: 0h:1m:6s (0h:0m:36s left)
Iteration 120 / LogL: -2835.909 / Time: 0h:1m:6s (0h:0m:27s left)
Iteration 130 / LogL: -2835.919 / Time: 0h:1m:6s (0h:0m:20s left)
Iteration 140 / LogL: -2835.914 / Time: 0h:1m:6s (0h:0m:14s left)
Iteration 150 / LogL: -2835.925 / Time: 0h:1m:6s (0h:0m:8s left)
Iteration 160 / LogL: -2835.915 / Time: 0h:1m:6s (0h:0m:4s left)
Iteration 170 / LogL: -2835.915 / Time: 0h:1m:6s (0h:0m:0s left)
TREE SEARCH COMPLETED AFTER 171 ITERATIONS / Time: 0h:1m:6s

--------------------------------------------------------------------
|                    FINALIZING TREE SEARCH                        |
--------------------------------------------------------------------
Performs final model parameters optimization
Estimate model parameters (epsilon = 0.010)
1. Initial log-likelihood: -2835.907
Optimal log-likelihood: -2835.907
Rate parameters:  A-C: 0.86923  A-G: 1.17727  A-T: 0.87057  C-G: 0.92329  C-T: 1.90818  G-T: 1.00000
Base frequencies:  A: 0.275  C: 0.216  G: 0.207  T: 0.301
Parameters optimization took 1 rounds (0.000 sec)
BEST SCORE FOUND : -2835.907

Testing tree branches by aBayes parametric test...
0.000 sec.
Total tree length: 0.051

Total number of iterations: 171
CPU time used for tree search: 0.281 sec (0h:0m:0s)
Wall-clock time used for tree search: 0.282 sec (0h:0m:0s)
Total CPU time used: 38.370 sec (0h:0m:38s)
Total wall-clock time used: 66.209 sec (0h:1m:6s)

Analysis results written to: 
  IQ-TREE report:                /Users/fahim/CSE6406-project/work/paper_subset_50x10_L1600/ils_low/replicate_01/estimated_gene_trees/L1600/gtr/locus_0014.iqtree
  Maximum-likelihood tree:       /Users/fahim/CSE6406-project/work/paper_subset_50x10_L1600/ils_low/replicate_01/estimated_gene_trees/L1600/gtr/locus_0014.treefile
  Likelihood distances:          /Users/fahim/CSE6406-project/work/paper_subset_50x10_L1600/ils_low/replicate_01/estimated_gene_trees/L1600/gtr/locus_0014.mldist
  Screen log file:               /Users/fahim/CSE6406-project/work/paper_subset_50x10_L1600/ils_low/replicate_01/estimated_gene_trees/L1600/gtr/locus_0014.log

Date and Time: Fri Sep 11 00:17:26 2026
