IQ-TREE multicore version 2.4.0 for MacOS ARM 64-bit built Feb 12 2025
Developed by Bui Quang Minh, Nguyen Lam Tung, Olga Chernomor, Heiko Schmidt,
Dominik Schrempf, Michael Woodhams, Ly Trong Nhan, Thomas Wong

Host:    Fahims-MacBook-Air.local (SSE4.2, 16 GB RAM)
Command: /Users/fahim/miniconda3/envs/cse6406/bin/iqtree2 -s /Users/fahim/CSE6406-project/work/paper_subset_50x10_L1600/ils_low/replicate_01/alignments/L1600/locus_0045.phy -m GTR --abayes -T AUTO --seed 6506046 --prefix /Users/fahim/CSE6406-project/work/paper_subset_50x10_L1600/ils_low/replicate_01/estimated_gene_trees/L1600/gtr/locus_0045 --redo --quiet
Seed:    6506046 (Using SPRNG - Scalable Parallel Random Number Generator)
Time:    Fri Sep 11 00:49:58 2026
Kernel:  SSE2 - auto-detect threads (10 CPU cores detected)

Reading alignment file /Users/fahim/CSE6406-project/work/paper_subset_50x10_L1600/ils_low/replicate_01/alignments/L1600/locus_0045.phy ... Phylip format detected
Alignment most likely contains DNA/RNA sequences
Alignment has 21 sequences with 1600 columns, 70 distinct patterns
17 parsimony-informative, 62 singleton sites, 1521 constant sites
        Gap/Ambiguity  Composition  p-value
Analyzing sequences: done in 4.3869e-05 secs using 59.27% CPU
   1  1_0_0     0.00%    passed     99.86%
   2  4_0_0     0.00%    passed     99.96%
   3  2_0_0     0.00%    passed     99.86%
   4  3_0_0     0.00%    passed     99.94%
   5  9_0_0     0.00%    passed     99.90%
   6  10_0_0    0.00%    passed     99.37%
   7  5_0_0     0.00%    passed     99.85%
   8  19_0_0    0.00%    passed     99.98%
   9  7_0_0     0.00%    passed     99.89%
  10  16_0_0    0.00%    passed     99.99%
  11  8_0_0     0.00%    passed     99.97%
  12  14_0_0    0.00%    passed     99.97%
  13  20_0_0    0.00%    passed     99.90%
  14  11_0_0    0.00%    passed     99.98%
  15  6_0_0     0.00%    passed     99.83%
  16  17_0_0    0.00%    passed     99.99%
  17  15_0_0    0.00%    passed     99.99%
  18  18_0_0    0.00%    passed     99.96%
  19  12_0_0    0.00%    passed     99.79%
  20  13_0_0    0.00%    passed     99.41%
  21  0_0_0     0.00%    passed     99.53%
****  TOTAL     0.00%  0 sequences failed composition chi2 test (p-value<5%; df=3)
NOTE: 14_0_0 is identical to 8_0_0 but kept for subsequent analysis
NOTE: 15_0_0 is identical to 17_0_0 but kept for subsequent analysis

Create initial parsimony tree by phylogenetic likelihood library (PLL)... 0.000 seconds

NOTE: 0 MB RAM (0 GB) is required!
Measuring multi-threading efficiency up to 10 CPU cores
Increase to 10 rounds for branch lengths
42586 trees examined
Threads: 1 / Time: 10.000 sec / Speedup: 1.000 / Efficiency: 100% / LogL: -3108
Threads: 2 / Time: 54.007 sec / Speedup: 0.185 / Efficiency: 9% / LogL: -3108
BEST NUMBER OF THREADS: 1

Estimate model parameters (epsilon = 0.100)
1. Initial log-likelihood: -2839.201
2. Current log-likelihood: -2835.865
Optimal log-likelihood: -2835.865
Rate parameters:  A-C: 0.87858  A-G: 1.45785  A-T: 0.85085  C-G: 0.54331  C-T: 1.35779  G-T: 1.00000
Base frequencies:  A: 0.299  C: 0.200  G: 0.219  T: 0.281
Parameters optimization took 2 rounds (0.001 sec)
Wrote distance file to... 
Computing ML distances based on estimated model parameters...
Calculating distance matrix: done in 0.000341177 secs using 98.78% CPU
Computing ML distances took 0.000356 sec (of wall-clock time) 0.000345 sec (of CPU time)
Setting up auxiliary I and S matrices: done in 1.50204e-05 secs using 79.89% CPU
Computing RapidNJ tree took 0.000060 sec (of wall-clock time) 0.000063 sec (of CPU time)
Log-likelihood of RapidNJ tree: -2843.022
--------------------------------------------------------------------
|             INITIALIZING CANDIDATE TREE SET                      |
--------------------------------------------------------------------
Generating 98 parsimony trees... 0.017 second
Computing log-likelihood of 98 initial trees ... 0.010 seconds
Current best score: -2835.865

Do NNI search on 20 best initial trees
Estimate model parameters (epsilon = 0.100)
BETTER TREE FOUND at iteration 1: -2835.865
BETTER TREE FOUND at iteration 4: -2835.865
BETTER TREE FOUND at iteration 6: -2835.865
BETTER TREE FOUND at iteration 9: -2835.865
Iteration 10 / LogL: -2835.865 / Time: 0h:1m:4s
Iteration 20 / LogL: -2835.865 / Time: 0h:1m:4s
Finish initializing candidate tree set (20)
Current best tree score: -2835.865 / CPU time: 0.035
Number of iterations: 20
--------------------------------------------------------------------
|               OPTIMIZING CANDIDATE TREE SET                      |
--------------------------------------------------------------------
Iteration 30 / LogL: -2835.877 / Time: 0h:1m:4s (0h:2m:54s left)
BETTER TREE FOUND at iteration 34: -2835.865
Iteration 40 / LogL: -2835.867 / Time: 0h:1m:4s (0h:2m:34s left)
Iteration 50 / LogL: -2835.874 / Time: 0h:1m:4s (0h:1m:49s left)
UPDATE BEST LOG-LIKELIHOOD: -2835.865
Iteration 60 / LogL: -2835.873 / Time: 0h:1m:4s (0h:1m:20s left)
Iteration 70 / LogL: -2835.867 / Time: 0h:1m:4s (0h:0m:59s left)
Iteration 80 / LogL: -2835.883 / Time: 0h:1m:4s (0h:0m:43s left)
Iteration 90 / LogL: -2835.873 / Time: 0h:1m:4s (0h:0m:31s left)
Iteration 100 / LogL: -2835.871 / Time: 0h:1m:4s (0h:0m:22s left)
Iteration 110 / LogL: -2835.870 / Time: 0h:1m:4s (0h:0m:14s left)
Iteration 120 / LogL: -2840.561 / Time: 0h:1m:4s (0h:0m:7s left)
Iteration 130 / LogL: -2835.876 / Time: 0h:1m:4s (0h:0m:1s left)
TREE SEARCH COMPLETED AFTER 135 ITERATIONS / Time: 0h:1m:4s

--------------------------------------------------------------------
|                    FINALIZING TREE SEARCH                        |
--------------------------------------------------------------------
Performs final model parameters optimization
Estimate model parameters (epsilon = 0.010)
1. Initial log-likelihood: -2835.865
Optimal log-likelihood: -2835.865
Rate parameters:  A-C: 0.87561  A-G: 1.45315  A-T: 0.84827  C-G: 0.54168  C-T: 1.35431  G-T: 1.00000
Base frequencies:  A: 0.299  C: 0.200  G: 0.219  T: 0.281
Parameters optimization took 1 rounds (0.000 sec)
BEST SCORE FOUND : -2835.865

Testing tree branches by aBayes parametric test...
0.000 sec.
Total tree length: 0.050

Total number of iterations: 135
CPU time used for tree search: 0.162 sec (0h:0m:0s)
Wall-clock time used for tree search: 0.163 sec (0h:0m:0s)
Total CPU time used: 38.110 sec (0h:0m:38s)
Total wall-clock time used: 64.178 sec (0h:1m:4s)

Analysis results written to: 
  IQ-TREE report:                /Users/fahim/CSE6406-project/work/paper_subset_50x10_L1600/ils_low/replicate_01/estimated_gene_trees/L1600/gtr/locus_0045.iqtree
  Maximum-likelihood tree:       /Users/fahim/CSE6406-project/work/paper_subset_50x10_L1600/ils_low/replicate_01/estimated_gene_trees/L1600/gtr/locus_0045.treefile
  Likelihood distances:          /Users/fahim/CSE6406-project/work/paper_subset_50x10_L1600/ils_low/replicate_01/estimated_gene_trees/L1600/gtr/locus_0045.mldist
  Screen log file:               /Users/fahim/CSE6406-project/work/paper_subset_50x10_L1600/ils_low/replicate_01/estimated_gene_trees/L1600/gtr/locus_0045.log

Date and Time: Fri Sep 11 00:51:03 2026
