IQ-TREE multicore version 2.4.0 for MacOS ARM 64-bit built Feb 12 2025
Developed by Bui Quang Minh, Nguyen Lam Tung, Olga Chernomor, Heiko Schmidt,
Dominik Schrempf, Michael Woodhams, Ly Trong Nhan, Thomas Wong

Host:    Fahims-MacBook-Air.local (SSE4.2, 16 GB RAM)
Command: /Users/fahim/miniconda3/envs/cse6406/bin/iqtree2 -s /Users/fahim/CSE6406-project/work/paper_subset_50x10_L1600/ils_low/replicate_01/alignments/L1600/locus_0015.phy -m GTR --abayes -T AUTO --seed 6506016 --prefix /Users/fahim/CSE6406-project/work/paper_subset_50x10_L1600/ils_low/replicate_01/estimated_gene_trees/L1600/gtr/locus_0015 --redo --quiet
Seed:    6506016 (Using SPRNG - Scalable Parallel Random Number Generator)
Time:    Fri Sep 11 00:17:26 2026
Kernel:  SSE2 - auto-detect threads (10 CPU cores detected)

Reading alignment file /Users/fahim/CSE6406-project/work/paper_subset_50x10_L1600/ils_low/replicate_01/alignments/L1600/locus_0015.phy ... Phylip format detected
Alignment most likely contains DNA/RNA sequences
Alignment has 21 sequences with 1600 columns, 64 distinct patterns
17 parsimony-informative, 55 singleton sites, 1528 constant sites
        Gap/Ambiguity  Composition  p-value
Analyzing sequences: done in 5.4121e-05 secs using 60.97% CPU
   1  0_0_0     0.00%    passed     94.70%
   2  2_0_0     0.00%    passed    100.00%
   3  4_0_0     0.00%    passed     99.99%
   4  3_0_0     0.00%    passed     99.93%
   5  1_0_0     0.00%    passed     99.89%
   6  17_0_0    0.00%    passed     99.93%
   7  15_0_0    0.00%    passed     99.86%
   8  18_0_0    0.00%    passed     99.99%
   9  12_0_0    0.00%    passed    100.00%
  10  13_0_0    0.00%    passed    100.00%
  11  6_0_0     0.00%    passed     99.91%
  12  7_0_0     0.00%    passed    100.00%
  13  16_0_0    0.00%    passed     99.71%
  14  11_0_0    0.00%    passed     99.96%
  15  20_0_0    0.00%    passed     99.98%
  16  14_0_0    0.00%    passed     99.83%
  17  8_0_0     0.00%    passed     99.59%
  18  19_0_0    0.00%    passed     99.98%
  19  5_0_0     0.00%    passed     99.98%
  20  9_0_0     0.00%    passed     99.94%
  21  10_0_0    0.00%    passed     99.94%
****  TOTAL     0.00%  0 sequences failed composition chi2 test (p-value<5%; df=3)
NOTE: 10_0_0 is identical to 9_0_0 but kept for subsequent analysis

Create initial parsimony tree by phylogenetic likelihood library (PLL)... 0.000 seconds

NOTE: 0 MB RAM (0 GB) is required!
Measuring multi-threading efficiency up to 10 CPU cores
Increase to 10 rounds for branch lengths
39486 trees examined
Threads: 1 / Time: 10.000 sec / Speedup: 1.000 / Efficiency: 100% / LogL: -2989
Threads: 2 / Time: 41.727 sec / Speedup: 0.240 / Efficiency: 12% / LogL: -2989
BEST NUMBER OF THREADS: 1

Estimate model parameters (epsilon = 0.100)
1. Initial log-likelihood: -2797.549
2. Current log-likelihood: -2792.616
Optimal log-likelihood: -2792.613
Rate parameters:  A-C: 1.57835  A-G: 2.22057  A-T: 1.81558  C-G: 0.72148  C-T: 1.88883  G-T: 1.00000
Base frequencies:  A: 0.300  C: 0.214  G: 0.198  T: 0.287
Parameters optimization took 2 rounds (0.001 sec)
Wrote distance file to... 
Computing ML distances based on estimated model parameters...
Calculating distance matrix: done in 0.000452042 secs using 98.66% CPU
Computing ML distances took 0.000471 sec (of wall-clock time) 0.000456 sec (of CPU time)
Setting up auxiliary I and S matrices: done in 2.09808e-05 secs using 71.49% CPU
Computing RapidNJ tree took 0.000079 sec (of wall-clock time) 0.000078 sec (of CPU time)
Log-likelihood of RapidNJ tree: -2792.892
--------------------------------------------------------------------
|             INITIALIZING CANDIDATE TREE SET                      |
--------------------------------------------------------------------
Generating 98 parsimony trees... 0.022 second
Computing log-likelihood of 98 initial trees ... 0.013 seconds
Current best score: -2792.612

Do NNI search on 20 best initial trees
Estimate model parameters (epsilon = 0.100)
BETTER TREE FOUND at iteration 1: -2792.610
BETTER TREE FOUND at iteration 3: -2792.610
BETTER TREE FOUND at iteration 4: -2792.610
Iteration 10 / LogL: -2792.610 / Time: 0h:0m:51s
BETTER TREE FOUND at iteration 11: -2792.610
Iteration 20 / LogL: -2792.610 / Time: 0h:0m:51s
Finish initializing candidate tree set (20)
Current best tree score: -2792.610 / CPU time: 0.045
Number of iterations: 20
--------------------------------------------------------------------
|               OPTIMIZING CANDIDATE TREE SET                      |
--------------------------------------------------------------------
BETTER TREE FOUND at iteration 24: -2792.610
Iteration 30 / LogL: -2792.615 / Time: 0h:0m:51s (0h:2m:47s left)
BETTER TREE FOUND at iteration 35: -2792.610
Iteration 40 / LogL: -2792.616 / Time: 0h:0m:51s (0h:2m:6s left)
Iteration 50 / LogL: -2797.166 / Time: 0h:0m:51s (0h:1m:29s left)
Iteration 60 / LogL: -2792.612 / Time: 0h:0m:51s (0h:1m:5s left)
BETTER TREE FOUND at iteration 62: -2792.610
BETTER TREE FOUND at iteration 70: -2792.610
Iteration 70 / LogL: -2792.610 / Time: 0h:0m:51s (0h:1m:15s left)
Iteration 80 / LogL: -2797.176 / Time: 0h:0m:51s (0h:0m:59s left)
Iteration 90 / LogL: -2810.700 / Time: 0h:0m:51s (0h:0m:46s left)
Iteration 100 / LogL: -2792.618 / Time: 0h:0m:51s (0h:0m:36s left)
Iteration 110 / LogL: -2792.617 / Time: 0h:0m:51s (0h:0m:28s left)
Iteration 120 / LogL: -2792.610 / Time: 0h:0m:51s (0h:0m:21s left)
Iteration 130 / LogL: -2792.617 / Time: 0h:0m:51s (0h:0m:16s left)
Iteration 140 / LogL: -2792.610 / Time: 0h:0m:51s (0h:0m:11s left)
UPDATE BEST LOG-LIKELIHOOD: -2792.610
Iteration 150 / LogL: -2821.654 / Time: 0h:0m:51s (0h:0m:6s left)
Iteration 160 / LogL: -2792.615 / Time: 0h:0m:51s (0h:0m:3s left)
Iteration 170 / LogL: -2792.618 / Time: 0h:0m:51s (0h:0m:0s left)
TREE SEARCH COMPLETED AFTER 171 ITERATIONS / Time: 0h:0m:51s

--------------------------------------------------------------------
|                    FINALIZING TREE SEARCH                        |
--------------------------------------------------------------------
Performs final model parameters optimization
Estimate model parameters (epsilon = 0.010)
1. Initial log-likelihood: -2792.610
Optimal log-likelihood: -2792.609
Rate parameters:  A-C: 1.58926  A-G: 2.24714  A-T: 1.82547  C-G: 0.72808  C-T: 1.91262  G-T: 1.00000
Base frequencies:  A: 0.300  C: 0.214  G: 0.198  T: 0.287
Parameters optimization took 1 rounds (0.000 sec)
BEST SCORE FOUND : -2792.609

Testing tree branches by aBayes parametric test...
0.000 sec.
Total tree length: 0.048

Total number of iterations: 171
CPU time used for tree search: 0.246 sec (0h:0m:0s)
Wall-clock time used for tree search: 0.247 sec (0h:0m:0s)
Total CPU time used: 31.942 sec (0h:0m:31s)
Total wall-clock time used: 51.985 sec (0h:0m:51s)

Analysis results written to: 
  IQ-TREE report:                /Users/fahim/CSE6406-project/work/paper_subset_50x10_L1600/ils_low/replicate_01/estimated_gene_trees/L1600/gtr/locus_0015.iqtree
  Maximum-likelihood tree:       /Users/fahim/CSE6406-project/work/paper_subset_50x10_L1600/ils_low/replicate_01/estimated_gene_trees/L1600/gtr/locus_0015.treefile
  Likelihood distances:          /Users/fahim/CSE6406-project/work/paper_subset_50x10_L1600/ils_low/replicate_01/estimated_gene_trees/L1600/gtr/locus_0015.mldist
  Screen log file:               /Users/fahim/CSE6406-project/work/paper_subset_50x10_L1600/ils_low/replicate_01/estimated_gene_trees/L1600/gtr/locus_0015.log

Date and Time: Fri Sep 11 00:18:18 2026
