IQ-TREE multicore version 2.4.0 for Linux x86 64-bit built Feb 12 2025
Developed by Bui Quang Minh, Nguyen Lam Tung, Olga Chernomor, Heiko Schmidt,
Dominik Schrempf, Michael Woodhams, Ly Trong Nhan, Thomas Wong

Host:    ezmata (AVX2, FMA3, 15 GB RAM)
Command: /home/mis/miniconda3/envs/cse6406/bin/iqtree2 -s /home/mis/CSE6406-project/work/paper_subset_50x10_L200/ils_high/replicate_07/alignments/L200/locus_0050.phy -m HKY --abayes -T 1 --seed 7106051 --prefix /home/mis/CSE6406-project/work/paper_subset_50x10_L200/ils_high/replicate_07/estimated_gene_trees/L200/hky/locus_0050 --redo --quiet
Seed:    7106051 (Using SPRNG - Scalable Parallel Random Number Generator)
Time:    Sat Sep 12 21:45:18 2026
Kernel:  AVX+FMA - 1 threads (16 CPU cores detected)

HINT: Use -nt option to specify number of threads because your CPU has 16 cores!
HINT: -nt AUTO will automatically determine the best number of threads to use.

Reading alignment file /home/mis/CSE6406-project/work/paper_subset_50x10_L200/ils_high/replicate_07/alignments/L200/locus_0050.phy ... Phylip format detected
Alignment most likely contains DNA/RNA sequences
Alignment has 21 sequences with 200 columns, 121 distinct patterns
89 parsimony-informative, 28 singleton sites, 83 constant sites
        Gap/Ambiguity  Composition  p-value
Analyzing sequences: done in 9.3e-06 secs using 64.52% CPU
   1  0_0_0     0.00%    passed     73.71%
   2  17_0_0    0.00%    passed     58.16%
   3  10_0_0    0.00%    passed     94.10%
   4  9_0_0     0.00%    passed     76.21%
   5  11_0_0    0.00%    passed     47.50%
   6  7_0_0     0.00%    passed     64.75%
   7  5_0_0     0.00%    passed     77.21%
   8  1_0_0     0.00%    passed     56.12%
   9  16_0_0    0.00%    passed     69.96%
  10  13_0_0    0.00%    passed     90.37%
  11  3_0_0     0.00%    passed     86.29%
  12  2_0_0     0.00%    passed     87.09%
  13  14_0_0    0.00%    passed     99.16%
  14  4_0_0     0.00%    passed     96.08%
  15  6_0_0     0.00%    passed     89.69%
  16  15_0_0    0.00%    passed     61.19%
  17  8_0_0     0.00%    passed     70.77%
  18  12_0_0    0.00%    passed     97.13%
  19  20_0_0    0.00%    passed     75.98%
  20  18_0_0    0.00%    passed     99.93%
  21  19_0_0    0.00%    passed     79.04%
****  TOTAL     0.00%  0 sequences failed composition chi2 test (p-value<5%; df=3)

Create initial parsimony tree by phylogenetic likelihood library (PLL)... 0.000 seconds

NOTE: 0 MB RAM (0 GB) is required!
Estimate model parameters (epsilon = 0.100)
1. Initial log-likelihood: -2937.738
2. Current log-likelihood: -2920.686
3. Current log-likelihood: -2920.573
Optimal log-likelihood: -2920.572
Rate parameters:  A-C: 1.00000  A-G: 1.37893  A-T: 1.00000  C-G: 1.00000  C-T: 1.37893  G-T: 1.00000
Base frequencies:  A: 0.285  C: 0.208  G: 0.210  T: 0.296
Parameters optimization took 3 rounds (0.003 sec)
Wrote distance file to... 
Computing ML distances based on estimated model parameters...
Calculating distance matrix: done in 0.000609767 secs using 96.76% CPU
Computing ML distances took 0.000639 sec (of wall-clock time) 0.000618 sec (of CPU time)
Setting up auxiliary I and S matrices: done in 5.5742e-05 secs using 98.67% CPU
Computing RapidNJ tree took 0.000225 sec (of wall-clock time) 0.000225 sec (of CPU time)
Log-likelihood of RapidNJ tree: -2907.208
--------------------------------------------------------------------
|             INITIALIZING CANDIDATE TREE SET                      |
--------------------------------------------------------------------
Generating 98 parsimony trees... 0.073 second
Computing log-likelihood of 98 initial trees ... 0.051 seconds
Current best score: -2896.383

Do NNI search on 20 best initial trees
Estimate model parameters (epsilon = 0.100)
BETTER TREE FOUND at iteration 1: -2895.772
Iteration 10 / LogL: -2899.496 / Time: 0h:0m:0s
Estimate model parameters (epsilon = 0.100)
BETTER TREE FOUND at iteration 19: -2895.370
Iteration 20 / LogL: -2896.560 / Time: 0h:0m:0s
Finish initializing candidate tree set (19)
Current best tree score: -2895.370 / CPU time: 0.202
Number of iterations: 20
--------------------------------------------------------------------
|               OPTIMIZING CANDIDATE TREE SET                      |
--------------------------------------------------------------------
Iteration 30 / LogL: -2895.774 / Time: 0h:0m:0s (0h:0m:0s left)
Estimate model parameters (epsilon = 0.100)
BETTER TREE FOUND at iteration 39: -2895.328
Iteration 40 / LogL: -2899.397 / Time: 0h:0m:0s (0h:0m:0s left)
Iteration 50 / LogL: -2895.382 / Time: 0h:0m:0s (0h:0m:0s left)
Iteration 60 / LogL: -2895.337 / Time: 0h:0m:0s (0h:0m:0s left)
Iteration 70 / LogL: -2895.816 / Time: 0h:0m:0s (0h:0m:0s left)
Iteration 80 / LogL: -2895.875 / Time: 0h:0m:0s (0h:0m:0s left)
Iteration 90 / LogL: -2895.353 / Time: 0h:0m:0s (0h:0m:0s left)
Iteration 100 / LogL: -2895.883 / Time: 0h:0m:0s (0h:0m:0s left)
Iteration 110 / LogL: -2895.365 / Time: 0h:0m:1s (0h:0m:0s left)
Iteration 120 / LogL: -2895.996 / Time: 0h:0m:1s (0h:0m:0s left)
Iteration 130 / LogL: -2895.892 / Time: 0h:0m:1s (0h:0m:0s left)
Iteration 140 / LogL: -2899.412 / Time: 0h:0m:1s (0h:0m:-1s left)
TREE SEARCH COMPLETED AFTER 140 ITERATIONS / Time: 0h:0m:1s

--------------------------------------------------------------------
|                    FINALIZING TREE SEARCH                        |
--------------------------------------------------------------------
Performs final model parameters optimization
Estimate model parameters (epsilon = 0.010)
1. Initial log-likelihood: -2895.328
Optimal log-likelihood: -2895.328
Rate parameters:  A-C: 1.00000  A-G: 1.39346  A-T: 1.00000  C-G: 1.00000  C-T: 1.39346  G-T: 1.00000
Base frequencies:  A: 0.285  C: 0.208  G: 0.210  T: 0.296
Parameters optimization took 1 rounds (0.002 sec)
BEST SCORE FOUND : -2895.328

Testing tree branches by aBayes parametric test...
0.003 sec.
Total tree length: 3.629

Total number of iterations: 140
CPU time used for tree search: 1.265 sec (0h:0m:1s)
Wall-clock time used for tree search: 1.369 sec (0h:0m:1s)
Total CPU time used: 1.283 sec (0h:0m:1s)
Total wall-clock time used: 1.389 sec (0h:0m:1s)

Analysis results written to: 
  IQ-TREE report:                /home/mis/CSE6406-project/work/paper_subset_50x10_L200/ils_high/replicate_07/estimated_gene_trees/L200/hky/locus_0050.iqtree
  Maximum-likelihood tree:       /home/mis/CSE6406-project/work/paper_subset_50x10_L200/ils_high/replicate_07/estimated_gene_trees/L200/hky/locus_0050.treefile
  Likelihood distances:          /home/mis/CSE6406-project/work/paper_subset_50x10_L200/ils_high/replicate_07/estimated_gene_trees/L200/hky/locus_0050.mldist
  Screen log file:               /home/mis/CSE6406-project/work/paper_subset_50x10_L200/ils_high/replicate_07/estimated_gene_trees/L200/hky/locus_0050.log

Date and Time: Sat Sep 12 21:45:19 2026
