IQ-TREE multicore version 2.4.0 for Linux x86 64-bit built Feb 12 2025
Developed by Bui Quang Minh, Nguyen Lam Tung, Olga Chernomor, Heiko Schmidt,
Dominik Schrempf, Michael Woodhams, Ly Trong Nhan, Thomas Wong

Host:    ezmata (AVX2, FMA3, 15 GB RAM)
Command: /home/mis/miniconda3/envs/cse6406/bin/iqtree2 -s /home/mis/CSE6406-project/work/paper_subset_50x10_L200/ils_high/replicate_07/alignments/L200/locus_0001.phy -m HKY --abayes -T 1 --seed 7106002 --prefix /home/mis/CSE6406-project/work/paper_subset_50x10_L200/ils_high/replicate_07/estimated_gene_trees/L200/hky/locus_0001 --redo --quiet
Seed:    7106002 (Using SPRNG - Scalable Parallel Random Number Generator)
Time:    Sat Sep 12 21:45:12 2026
Kernel:  AVX+FMA - 1 threads (16 CPU cores detected)

HINT: Use -nt option to specify number of threads because your CPU has 16 cores!
HINT: -nt AUTO will automatically determine the best number of threads to use.

Reading alignment file /home/mis/CSE6406-project/work/paper_subset_50x10_L200/ils_high/replicate_07/alignments/L200/locus_0001.phy ... Phylip format detected
Alignment most likely contains DNA/RNA sequences
Alignment has 21 sequences with 200 columns, 107 distinct patterns
81 parsimony-informative, 22 singleton sites, 97 constant sites
        Gap/Ambiguity  Composition  p-value
Analyzing sequences: done in 1.8512e-05 secs using 59.42% CPU
   1  20_0_0    0.00%    passed     93.17%
   2  18_0_0    0.00%    passed     90.97%
   3  19_0_0    0.00%    passed     99.28%
   4  6_0_0     0.00%    passed     96.43%
   5  13_0_0    0.00%    passed     79.17%
   6  17_0_0    0.00%    passed     98.74%
   7  10_0_0    0.00%    passed     96.77%
   8  14_0_0    0.00%    passed     85.15%
   9  4_0_0     0.00%    passed     99.17%
  10  8_0_0     0.00%    passed     80.68%
  11  7_0_0     0.00%    passed     92.84%
  12  12_0_0    0.00%    passed     77.41%
  13  16_0_0    0.00%    passed     94.64%
  14  3_0_0     0.00%    passed     94.51%
  15  2_0_0     0.00%    passed     96.44%
  16  1_0_0     0.00%    passed     59.05%
  17  15_0_0    0.00%    passed     80.14%
  18  9_0_0     0.00%    passed     71.29%
  19  11_0_0    0.00%    passed     78.07%
  20  5_0_0     0.00%    passed     61.66%
  21  0_0_0     0.00%    passed     87.25%
****  TOTAL     0.00%  0 sequences failed composition chi2 test (p-value<5%; df=3)

Create initial parsimony tree by phylogenetic likelihood library (PLL)... 0.001 seconds

NOTE: 0 MB RAM (0 GB) is required!
Estimate model parameters (epsilon = 0.100)
1. Initial log-likelihood: -2793.844
2. Current log-likelihood: -2779.277
Optimal log-likelihood: -2779.238
Rate parameters:  A-C: 1.00000  A-G: 1.23841  A-T: 1.00000  C-G: 1.00000  C-T: 1.23841  G-T: 1.00000
Base frequencies:  A: 0.284  C: 0.214  G: 0.229  T: 0.274
Parameters optimization took 2 rounds (0.004 sec)
Wrote distance file to... 
Computing ML distances based on estimated model parameters...
Calculating distance matrix: done in 0.00124751 secs using 99.88% CPU
Computing ML distances took 0.001298 sec (of wall-clock time) 0.001301 sec (of CPU time)
Setting up auxiliary I and S matrices: done in 6.0142e-05 secs using 98.1% CPU
Computing RapidNJ tree took 0.000237 sec (of wall-clock time) 0.000237 sec (of CPU time)
Log-likelihood of RapidNJ tree: -2793.821
--------------------------------------------------------------------
|             INITIALIZING CANDIDATE TREE SET                      |
--------------------------------------------------------------------
Generating 98 parsimony trees... 0.130 second
Computing log-likelihood of 98 initial trees ... 0.096 seconds
Current best score: -2775.745

Do NNI search on 20 best initial trees
Estimate model parameters (epsilon = 0.100)
BETTER TREE FOUND at iteration 1: -2775.036
Estimate model parameters (epsilon = 0.100)
BETTER TREE FOUND at iteration 3: -2773.707
Iteration 10 / LogL: -2775.473 / Time: 0h:0m:0s
Iteration 20 / LogL: -2776.644 / Time: 0h:0m:0s
Finish initializing candidate tree set (17)
Current best tree score: -2773.707 / CPU time: 0.358
Number of iterations: 20
--------------------------------------------------------------------
|               OPTIMIZING CANDIDATE TREE SET                      |
--------------------------------------------------------------------
Iteration 30 / LogL: -2774.791 / Time: 0h:0m:0s (0h:0m:1s left)
Iteration 40 / LogL: -2773.759 / Time: 0h:0m:0s (0h:0m:0s left)
Iteration 50 / LogL: -2774.545 / Time: 0h:0m:0s (0h:0m:0s left)
Iteration 60 / LogL: -2774.552 / Time: 0h:0m:0s (0h:0m:0s left)
Iteration 70 / LogL: -2773.739 / Time: 0h:0m:0s (0h:0m:0s left)
Iteration 80 / LogL: -2774.547 / Time: 0h:0m:1s (0h:0m:0s left)
Iteration 90 / LogL: -2774.092 / Time: 0h:0m:1s (0h:0m:0s left)
Iteration 100 / LogL: -2774.536 / Time: 0h:0m:1s (0h:0m:0s left)
TREE SEARCH COMPLETED AFTER 104 ITERATIONS / Time: 0h:0m:1s

--------------------------------------------------------------------
|                    FINALIZING TREE SEARCH                        |
--------------------------------------------------------------------
Performs final model parameters optimization
Estimate model parameters (epsilon = 0.010)
1. Initial log-likelihood: -2773.707
Optimal log-likelihood: -2773.707
Rate parameters:  A-C: 1.00000  A-G: 1.36680  A-T: 1.00000  C-G: 1.00000  C-T: 1.36680  G-T: 1.00000
Base frequencies:  A: 0.284  C: 0.214  G: 0.229  T: 0.274
Parameters optimization took 1 rounds (0.002 sec)
BEST SCORE FOUND : -2773.707

Testing tree branches by aBayes parametric test...
0.003 sec.
Total tree length: 3.274

Total number of iterations: 104
CPU time used for tree search: 1.278 sec (0h:0m:1s)
Wall-clock time used for tree search: 1.354 sec (0h:0m:1s)
Total CPU time used: 1.305 sec (0h:0m:1s)
Total wall-clock time used: 1.382 sec (0h:0m:1s)

Analysis results written to: 
  IQ-TREE report:                /home/mis/CSE6406-project/work/paper_subset_50x10_L200/ils_high/replicate_07/estimated_gene_trees/L200/hky/locus_0001.iqtree
  Maximum-likelihood tree:       /home/mis/CSE6406-project/work/paper_subset_50x10_L200/ils_high/replicate_07/estimated_gene_trees/L200/hky/locus_0001.treefile
  Likelihood distances:          /home/mis/CSE6406-project/work/paper_subset_50x10_L200/ils_high/replicate_07/estimated_gene_trees/L200/hky/locus_0001.mldist
  Screen log file:               /home/mis/CSE6406-project/work/paper_subset_50x10_L200/ils_high/replicate_07/estimated_gene_trees/L200/hky/locus_0001.log

Date and Time: Sat Sep 12 21:45:13 2026
