IQ-TREE multicore version 2.4.0 for Linux x86 64-bit built Feb 12 2025
Developed by Bui Quang Minh, Nguyen Lam Tung, Olga Chernomor, Heiko Schmidt,
Dominik Schrempf, Michael Woodhams, Ly Trong Nhan, Thomas Wong

Host:    ezmata (AVX2, FMA3, 15 GB RAM)
Command: /home/mis/miniconda3/envs/cse6406/bin/iqtree2 -s /home/mis/CSE6406-project/work/paper_subset_50x10_L800/ils_low/replicate_09/alignments/L800/locus_0016.phy -m HKY+G4 --abayes -T AUTO --seed 7306017 --prefix /home/mis/CSE6406-project/work/paper_subset_50x10_L800/ils_low/replicate_09/estimated_gene_trees/L800/hky_g4/locus_0016 --redo --quiet
Seed:    7306017 (Using SPRNG - Scalable Parallel Random Number Generator)
Time:    Sat Sep 12 11:51:08 2026
Kernel:  AVX+FMA - auto-detect threads (16 CPU cores detected)

Reading alignment file /home/mis/CSE6406-project/work/paper_subset_50x10_L800/ils_low/replicate_09/alignments/L800/locus_0016.phy ... Phylip format detected
Alignment most likely contains DNA/RNA sequences
Alignment has 21 sequences with 800 columns, 471 distinct patterns
416 parsimony-informative, 60 singleton sites, 324 constant sites
        Gap/Ambiguity  Composition  p-value
Analyzing sequences: done in 7.1949e-05 secs
   1  5_0_0     0.00%    passed     75.30%
   2  15_0_0    0.00%    passed     25.16%
   3  18_0_0    0.00%    passed     38.85%
   4  17_0_0    0.00%    passed     21.38%
   5  10_0_0    0.00%    passed     86.22%
   6  2_0_0     0.00%    passed     82.63%
   7  7_0_0     0.00%    passed     65.13%
   8  4_0_0     0.00%    passed     99.57%
   9  11_0_0    0.00%    passed     96.46%
  10  14_0_0    0.00%    passed     95.98%
  11  13_0_0    0.00%    passed     95.83%
  12  12_0_0    0.00%    passed     51.56%
  13  20_0_0    0.00%    passed     51.54%
  14  6_0_0     0.00%    passed     52.05%
  15  19_0_0    0.00%    passed     84.74%
  16  3_0_0     0.00%    passed     79.47%
  17  9_0_0     0.00%    passed     99.01%
  18  1_0_0     0.00%    passed     36.92%
  19  8_0_0     0.00%    passed     61.86%
  20  16_0_0    0.00%    passed     78.38%
  21  0_0_0     0.00%    passed     61.52%
****  TOTAL     0.00%  0 sequences failed composition chi2 test (p-value<5%; df=3)

Create initial parsimony tree by phylogenetic likelihood library (PLL)... 0.001 seconds

NOTE: 1 MB RAM (0 GB) is required!
Measuring multi-threading efficiency up to 16 CPU cores
Increase to 10 rounds for branch lengths
1737 trees examined
Threads: 1 / Time: 16.002 sec / Speedup: 1.000 / Efficiency: 100% / LogL: -11741
Threads: 2 / Time: 18.032 sec / Speedup: 0.887 / Efficiency: 44% / LogL: -11741
BEST NUMBER OF THREADS: 1

Estimate model parameters (epsilon = 0.100)
1. Initial log-likelihood: -11224.246
2. Current log-likelihood: -10727.612
3. Current log-likelihood: -10672.546
4. Current log-likelihood: -10666.561
5. Current log-likelihood: -10665.150
6. Current log-likelihood: -10664.762
7. Current log-likelihood: -10664.653
Optimal log-likelihood: -10664.566
Rate parameters:  A-C: 1.00000  A-G: 2.05461  A-T: 1.00000  C-G: 1.00000  C-T: 2.05461  G-T: 1.00000
Base frequencies:  A: 0.295  C: 0.189  G: 0.219  T: 0.297
Gamma shape alpha: 0.208
Parameters optimization took 7 rounds (0.051 sec)
Wrote distance file to... 
Computing ML distances based on estimated model parameters...
Calculating distance matrix: done in 0.00147585 secs using 96.76% CPU
Computing ML distances took 0.001518 sec (of wall-clock time) 0.001466 sec (of CPU time)
Setting up auxiliary I and S matrices: done in 2.9855e-05 secs using 100.5% CPU
Computing RapidNJ tree took 0.000112 sec (of wall-clock time) 0.000111 sec (of CPU time)
Log-likelihood of RapidNJ tree: -10659.459
--------------------------------------------------------------------
|             INITIALIZING CANDIDATE TREE SET                      |
--------------------------------------------------------------------
Generating 98 parsimony trees... 0.102 second
Computing log-likelihood of 98 initial trees ... 0.187 seconds
Current best score: -10659.459

Do NNI search on 20 best initial trees
Estimate model parameters (epsilon = 0.100)
BETTER TREE FOUND at iteration 1: -10643.984
Iteration 10 / LogL: -10644.195 / Time: 0h:0m:34s
Iteration 20 / LogL: -10644.046 / Time: 0h:0m:34s
Finish initializing candidate tree set (2)
Current best tree score: -10643.984 / CPU time: 0.744
Number of iterations: 20
--------------------------------------------------------------------
|               OPTIMIZING CANDIDATE TREE SET                      |
--------------------------------------------------------------------
Iteration 30 / LogL: -10644.448 / Time: 0h:0m:35s (0h:1m:25s left)
Iteration 40 / LogL: -10644.095 / Time: 0h:0m:35s (0h:0m:55s left)
Iteration 50 / LogL: -10644.076 / Time: 0h:0m:35s (0h:0m:37s left)
Iteration 60 / LogL: -10644.378 / Time: 0h:0m:35s (0h:0m:24s left)
Iteration 70 / LogL: -10644.016 / Time: 0h:0m:36s (0h:0m:16s left)
UPDATE BEST LOG-LIKELIHOOD: -10643.984
Iteration 80 / LogL: -10644.665 / Time: 0h:0m:36s (0h:0m:9s left)
Iteration 90 / LogL: -10644.037 / Time: 0h:0m:36s (0h:0m:4s left)
Iteration 100 / LogL: -10644.102 / Time: 0h:0m:37s (0h:0m:0s left)
TREE SEARCH COMPLETED AFTER 102 ITERATIONS / Time: 0h:0m:37s

--------------------------------------------------------------------
|                    FINALIZING TREE SEARCH                        |
--------------------------------------------------------------------
Performs final model parameters optimization
Estimate model parameters (epsilon = 0.010)
1. Initial log-likelihood: -10643.984
Optimal log-likelihood: -10643.976
Rate parameters:  A-C: 1.00000  A-G: 2.06215  A-T: 1.00000  C-G: 1.00000  C-T: 2.06215  G-T: 1.00000
Base frequencies:  A: 0.295  C: 0.189  G: 0.219  T: 0.297
Gamma shape alpha: 0.206
Parameters optimization took 1 rounds (0.005 sec)
BEST SCORE FOUND : -10643.976

Testing tree branches by aBayes parametric test...
0.007 sec.
Total tree length: 13.276

Total number of iterations: 102
CPU time used for tree search: 2.953 sec (0h:0m:2s)
Wall-clock time used for tree search: 2.996 sec (0h:0m:2s)
Total CPU time used: 44.209 sec (0h:0m:44s)
Total wall-clock time used: 37.108 sec (0h:0m:37s)

Analysis results written to: 
  IQ-TREE report:                /home/mis/CSE6406-project/work/paper_subset_50x10_L800/ils_low/replicate_09/estimated_gene_trees/L800/hky_g4/locus_0016.iqtree
  Maximum-likelihood tree:       /home/mis/CSE6406-project/work/paper_subset_50x10_L800/ils_low/replicate_09/estimated_gene_trees/L800/hky_g4/locus_0016.treefile
  Likelihood distances:          /home/mis/CSE6406-project/work/paper_subset_50x10_L800/ils_low/replicate_09/estimated_gene_trees/L800/hky_g4/locus_0016.mldist
  Screen log file:               /home/mis/CSE6406-project/work/paper_subset_50x10_L800/ils_low/replicate_09/estimated_gene_trees/L800/hky_g4/locus_0016.log

Date and Time: Sat Sep 12 11:51:45 2026
