IQ-TREE multicore version 2.4.0 for MacOS ARM 64-bit built Feb 12 2025
Developed by Bui Quang Minh, Nguyen Lam Tung, Olga Chernomor, Heiko Schmidt,
Dominik Schrempf, Michael Woodhams, Ly Trong Nhan, Thomas Wong

Host:    Fahims-MacBook-Air.local (SSE4.2, 16 GB RAM)
Command: /Users/fahim/miniconda3/envs/cse6406/bin/iqtree2 -s /Users/fahim/CSE6406-project/work/paper_subset_50x10_L1600/ils_low/replicate_07/alignments/L1600/locus_0046.phy -m GTR+G4 --abayes -T AUTO --seed 7106047 --prefix /Users/fahim/CSE6406-project/work/paper_subset_50x10_L1600/ils_low/replicate_07/estimated_gene_trees/L1600/gtr_g4/locus_0046 --redo --quiet
Seed:    7106047 (Using SPRNG - Scalable Parallel Random Number Generator)
Time:    Fri Sep 11 14:47:24 2026
Kernel:  SSE2 - auto-detect threads (10 CPU cores detected)

Reading alignment file /Users/fahim/CSE6406-project/work/paper_subset_50x10_L1600/ils_low/replicate_07/alignments/L1600/locus_0046.phy ... Phylip format detected
Alignment most likely contains DNA/RNA sequences
Alignment has 21 sequences with 1600 columns, 754 distinct patterns
618 parsimony-informative, 207 singleton sites, 775 constant sites
        Gap/Ambiguity  Composition  p-value
Analyzing sequences: done in 4.41074e-05 secs using 117.9% CPU
   1  18_0_0    0.00%    passed     86.84%
   2  20_0_0    0.00%    passed     96.34%
   3  19_0_0    0.00%    passed     70.28%
   4  5_0_0     0.00%    passed     76.93%
   5  17_0_0    0.00%    passed     97.50%
   6  10_0_0    0.00%    passed     99.88%
   7  9_0_0     0.00%    passed     90.08%
   8  11_0_0    0.00%    passed     65.29%
   9  4_0_0     0.00%    passed     91.65%
  10  14_0_0    0.00%    passed     60.35%
  11  6_0_0     0.00%    passed     45.03%
  12  2_0_0     0.00%    passed     76.57%
  13  16_0_0    0.00%    passed     76.00%
  14  13_0_0    0.00%    passed     91.14%
  15  3_0_0     0.00%    passed     98.03%
  16  15_0_0    0.00%    passed     64.97%
  17  12_0_0    0.00%    passed     82.81%
  18  7_0_0     0.00%    passed     76.32%
  19  8_0_0     0.00%    passed     93.09%
  20  1_0_0     0.00%    passed     79.25%
  21  0_0_0     0.00%    passed     72.30%
****  TOTAL     0.00%  0 sequences failed composition chi2 test (p-value<5%; df=3)

Create initial parsimony tree by phylogenetic likelihood library (PLL)... 0.001 seconds

NOTE: 2 MB RAM (0 GB) is required!
Measuring multi-threading efficiency up to 10 CPU cores
Increase to 10 rounds for branch lengths
898 trees examined
Threads: 1 / Time: 10.008 sec / Speedup: 1.000 / Efficiency: 100% / LogL: -19654
Threads: 2 / Time: 13.386 sec / Speedup: 0.748 / Efficiency: 37% / LogL: -19654
BEST NUMBER OF THREADS: 1

Estimate model parameters (epsilon = 0.100)
1. Initial log-likelihood: -18303.453
2. Current log-likelihood: -17283.830
3. Current log-likelihood: -17245.202
4. Current log-likelihood: -17244.364
Optimal log-likelihood: -17244.330
Rate parameters:  A-C: 0.88972  A-G: 2.04115  A-T: 1.04657  C-G: 0.94692  C-T: 1.97654  G-T: 1.00000
Base frequencies:  A: 0.300  C: 0.199  G: 0.199  T: 0.302
Gamma shape alpha: 0.201
Parameters optimization took 4 rounds (0.077 sec)
Wrote distance file to... 
Computing ML distances based on estimated model parameters...
Calculating distance matrix: done in 0.000738144 secs using 99.3% CPU
Computing ML distances took 0.000780 sec (of wall-clock time) 0.000767 sec (of CPU time)
Setting up auxiliary I and S matrices: done in 1.50204e-05 secs using 73.23% CPU
Computing RapidNJ tree took 0.000058 sec (of wall-clock time) 0.000053 sec (of CPU time)
Log-likelihood of RapidNJ tree: -17284.822
--------------------------------------------------------------------
|             INITIALIZING CANDIDATE TREE SET                      |
--------------------------------------------------------------------
Generating 98 parsimony trees... 0.087 second
Computing log-likelihood of 98 initial trees ... 0.172 seconds
Current best score: -17239.486

Do NNI search on 20 best initial trees
Estimate model parameters (epsilon = 0.100)
BETTER TREE FOUND at iteration 1: -17227.295
Iteration 10 / LogL: -17227.332 / Time: 0h:0m:23s
Iteration 20 / LogL: -17227.333 / Time: 0h:0m:24s
Finish initializing candidate tree set (1)
Current best tree score: -17227.295 / CPU time: 0.735
Number of iterations: 20
--------------------------------------------------------------------
|               OPTIMIZING CANDIDATE TREE SET                      |
--------------------------------------------------------------------
Iteration 30 / LogL: -17227.703 / Time: 0h:0m:24s (0h:0m:59s left)
Iteration 40 / LogL: -17227.304 / Time: 0h:0m:24s (0h:0m:38s left)
Iteration 50 / LogL: -17227.930 / Time: 0h:0m:25s (0h:0m:26s left)
Iteration 60 / LogL: -17227.544 / Time: 0h:0m:25s (0h:0m:17s left)
Iteration 70 / LogL: -17227.500 / Time: 0h:0m:25s (0h:0m:11s left)
Iteration 80 / LogL: -17227.757 / Time: 0h:0m:25s (0h:0m:6s left)
Iteration 90 / LogL: -17227.314 / Time: 0h:0m:26s (0h:0m:3s left)
Iteration 100 / LogL: -17227.320 / Time: 0h:0m:26s (0h:0m:0s left)
TREE SEARCH COMPLETED AFTER 102 ITERATIONS / Time: 0h:0m:26s

--------------------------------------------------------------------
|                    FINALIZING TREE SEARCH                        |
--------------------------------------------------------------------
Performs final model parameters optimization
Estimate model parameters (epsilon = 0.010)
1. Initial log-likelihood: -17227.295
Optimal log-likelihood: -17227.294
Rate parameters:  A-C: 0.88802  A-G: 2.04815  A-T: 1.04789  C-G: 0.94769  C-T: 1.97352  G-T: 1.00000
Base frequencies:  A: 0.300  C: 0.199  G: 0.199  T: 0.302
Gamma shape alpha: 0.200
Parameters optimization took 1 rounds (0.007 sec)
BEST SCORE FOUND : -17227.294

Testing tree branches by aBayes parametric test...
0.006 sec.
Total tree length: 5.217

Total number of iterations: 102
CPU time used for tree search: 2.928 sec (0h:0m:2s)
Wall-clock time used for tree search: 2.934 sec (0h:0m:2s)
Total CPU time used: 26.848 sec (0h:0m:26s)
Total wall-clock time used: 26.433 sec (0h:0m:26s)

Analysis results written to: 
  IQ-TREE report:                /Users/fahim/CSE6406-project/work/paper_subset_50x10_L1600/ils_low/replicate_07/estimated_gene_trees/L1600/gtr_g4/locus_0046.iqtree
  Maximum-likelihood tree:       /Users/fahim/CSE6406-project/work/paper_subset_50x10_L1600/ils_low/replicate_07/estimated_gene_trees/L1600/gtr_g4/locus_0046.treefile
  Likelihood distances:          /Users/fahim/CSE6406-project/work/paper_subset_50x10_L1600/ils_low/replicate_07/estimated_gene_trees/L1600/gtr_g4/locus_0046.mldist
  Screen log file:               /Users/fahim/CSE6406-project/work/paper_subset_50x10_L1600/ils_low/replicate_07/estimated_gene_trees/L1600/gtr_g4/locus_0046.log

Date and Time: Fri Sep 11 14:47:50 2026
