IQ-TREE multicore version 2.4.0 for Linux x86 64-bit built Feb 12 2025
Developed by Bui Quang Minh, Nguyen Lam Tung, Olga Chernomor, Heiko Schmidt,
Dominik Schrempf, Michael Woodhams, Ly Trong Nhan, Thomas Wong

Host:    ezmata (AVX2, FMA3, 15 GB RAM)
Command: /home/mis/miniconda3/envs/cse6406/bin/iqtree2 -s /home/mis/CSE6406-project/work/paper_subset_50x10_L200/ils_high/replicate_07/alignments/L200/locus_0049.phy -m HKY+G4 --abayes -T 1 --seed 7106050 --prefix /home/mis/CSE6406-project/work/paper_subset_50x10_L200/ils_high/replicate_07/estimated_gene_trees/L200/hky_g4/locus_0049 --redo --quiet
Seed:    7106050 (Using SPRNG - Scalable Parallel Random Number Generator)
Time:    Sat Sep 12 21:45:11 2026
Kernel:  AVX+FMA - 1 threads (16 CPU cores detected)

HINT: Use -nt option to specify number of threads because your CPU has 16 cores!
HINT: -nt AUTO will automatically determine the best number of threads to use.

Reading alignment file /home/mis/CSE6406-project/work/paper_subset_50x10_L200/ils_high/replicate_07/alignments/L200/locus_0049.phy ... Phylip format detected
Alignment most likely contains DNA/RNA sequences
Alignment has 21 sequences with 200 columns, 106 distinct patterns
89 parsimony-informative, 14 singleton sites, 97 constant sites
        Gap/Ambiguity  Composition  p-value
Analyzing sequences: done in 9.74101e-06 secs using 61.6% CPU
   1  0_0_0     0.00%    passed     83.60%
   2  17_0_0    0.00%    passed     86.36%
   3  10_0_0    0.00%    passed     72.63%
   4  11_0_0    0.00%    passed     54.24%
   5  9_0_0     0.00%    passed     80.39%
   6  2_0_0     0.00%    passed     90.06%
   7  6_0_0     0.00%    passed     93.05%
   8  1_0_0     0.00%    passed     72.01%
   9  5_0_0     0.00%    passed     83.10%
  10  14_0_0    0.00%    passed     84.91%
  11  20_0_0    0.00%    passed     67.24%
  12  12_0_0    0.00%    passed     81.07%
  13  7_0_0     0.00%    passed     90.93%
  14  8_0_0     0.00%    passed     74.15%
  15  16_0_0    0.00%    passed     72.40%
  16  13_0_0    0.00%    passed     84.63%
  17  3_0_0     0.00%    passed     87.11%
  18  19_0_0    0.00%    passed     90.54%
  19  18_0_0    0.00%    passed     99.19%
  20  15_0_0    0.00%    passed     92.06%
  21  4_0_0     0.00%    passed     83.34%
****  TOTAL     0.00%  0 sequences failed composition chi2 test (p-value<5%; df=3)

Create initial parsimony tree by phylogenetic likelihood library (PLL)... 0.000 seconds

NOTE: 0 MB RAM (0 GB) is required!
Estimate model parameters (epsilon = 0.100)
1. Initial log-likelihood: -2520.122
2. Current log-likelihood: -2392.315
3. Current log-likelihood: -2385.358
4. Current log-likelihood: -2384.640
Optimal log-likelihood: -2384.519
Rate parameters:  A-C: 1.00000  A-G: 1.80393  A-T: 1.00000  C-G: 1.00000  C-T: 1.80393  G-T: 1.00000
Base frequencies:  A: 0.273  C: 0.231  G: 0.219  T: 0.278
Gamma shape alpha: 0.214
Parameters optimization took 4 rounds (0.014 sec)
Wrote distance file to... 
Computing ML distances based on estimated model parameters...
Calculating distance matrix: done in 0.0019308 secs using 99.96% CPU
Computing ML distances took 0.001968 sec (of wall-clock time) 0.001970 sec (of CPU time)
Setting up auxiliary I and S matrices: done in 5.9006e-05 secs using 98.3% CPU
Computing RapidNJ tree took 0.000237 sec (of wall-clock time) 0.000237 sec (of CPU time)
Log-likelihood of RapidNJ tree: -2373.469
--------------------------------------------------------------------
|             INITIALIZING CANDIDATE TREE SET                      |
--------------------------------------------------------------------
Generating 98 parsimony trees... 0.082 second
Computing log-likelihood of 98 initial trees ... 0.112 seconds
Current best score: -2365.551

Do NNI search on 20 best initial trees
Estimate model parameters (epsilon = 0.100)
BETTER TREE FOUND at iteration 1: -2353.856
Estimate model parameters (epsilon = 0.100)
BETTER TREE FOUND at iteration 2: -2353.676
UPDATE BEST LOG-LIKELIHOOD: -2353.675
UPDATE BEST LOG-LIKELIHOOD: -2353.673
Estimate model parameters (epsilon = 0.100)
BETTER TREE FOUND at iteration 6: -2353.460
Iteration 10 / LogL: -2353.682 / Time: 0h:0m:0s
Iteration 20 / LogL: -2353.682 / Time: 0h:0m:0s
Finish initializing candidate tree set (3)
Current best tree score: -2353.460 / CPU time: 0.822
Number of iterations: 20
--------------------------------------------------------------------
|               OPTIMIZING CANDIDATE TREE SET                      |
--------------------------------------------------------------------
Iteration 30 / LogL: -2353.685 / Time: 0h:0m:1s (0h:0m:2s left)
Iteration 40 / LogL: -2353.705 / Time: 0h:0m:1s (0h:0m:2s left)
Iteration 50 / LogL: -2353.845 / Time: 0h:0m:2s (0h:0m:2s left)
Iteration 60 / LogL: -2353.846 / Time: 0h:0m:2s (0h:0m:1s left)
Iteration 70 / LogL: -2353.845 / Time: 0h:0m:2s (0h:0m:1s left)
Iteration 80 / LogL: -2353.461 / Time: 0h:0m:2s (0h:0m:0s left)
UPDATE BEST LOG-LIKELIHOOD: -2353.460
Iteration 90 / LogL: -2353.684 / Time: 0h:0m:2s (0h:0m:0s left)
UPDATE BEST LOG-LIKELIHOOD: -2353.460
Iteration 100 / LogL: -2353.844 / Time: 0h:0m:3s (0h:0m:0s left)
TREE SEARCH COMPLETED AFTER 107 ITERATIONS / Time: 0h:0m:3s

--------------------------------------------------------------------
|                    FINALIZING TREE SEARCH                        |
--------------------------------------------------------------------
Performs final model parameters optimization
Estimate model parameters (epsilon = 0.010)
1. Initial log-likelihood: -2353.460
Optimal log-likelihood: -2353.459
Rate parameters:  A-C: 1.00000  A-G: 1.74195  A-T: 1.00000  C-G: 1.00000  C-T: 1.74195  G-T: 1.00000
Base frequencies:  A: 0.273  C: 0.231  G: 0.219  T: 0.278
Gamma shape alpha: 0.185
Parameters optimization took 1 rounds (0.002 sec)
BEST SCORE FOUND : -2353.459

Testing tree branches by aBayes parametric test...
0.003 sec.
Total tree length: 6.893

Total number of iterations: 107
CPU time used for tree search: 3.116 sec (0h:0m:3s)
Wall-clock time used for tree search: 3.307 sec (0h:0m:3s)
Total CPU time used: 3.153 sec (0h:0m:3s)
Total wall-clock time used: 3.343 sec (0h:0m:3s)

Analysis results written to: 
  IQ-TREE report:                /home/mis/CSE6406-project/work/paper_subset_50x10_L200/ils_high/replicate_07/estimated_gene_trees/L200/hky_g4/locus_0049.iqtree
  Maximum-likelihood tree:       /home/mis/CSE6406-project/work/paper_subset_50x10_L200/ils_high/replicate_07/estimated_gene_trees/L200/hky_g4/locus_0049.treefile
  Likelihood distances:          /home/mis/CSE6406-project/work/paper_subset_50x10_L200/ils_high/replicate_07/estimated_gene_trees/L200/hky_g4/locus_0049.mldist
  Screen log file:               /home/mis/CSE6406-project/work/paper_subset_50x10_L200/ils_high/replicate_07/estimated_gene_trees/L200/hky_g4/locus_0049.log

Date and Time: Sat Sep 12 21:45:14 2026
