IQ-TREE multicore version 2.4.0 for Linux x86 64-bit built Feb 12 2025
Developed by Bui Quang Minh, Nguyen Lam Tung, Olga Chernomor, Heiko Schmidt,
Dominik Schrempf, Michael Woodhams, Ly Trong Nhan, Thomas Wong

Host:    ezmata (AVX2, FMA3, 15 GB RAM)
Command: /home/mis/miniconda3/envs/cse6406/bin/iqtree2 -s /home/mis/CSE6406-project/work/paper_subset_50x10_L200/ils_high/replicate_07/alignments/L200/locus_0022.phy -m HKY+G4 --abayes -T 1 --seed 7106023 --prefix /home/mis/CSE6406-project/work/paper_subset_50x10_L200/ils_high/replicate_07/estimated_gene_trees/L200/hky_g4/locus_0022 --redo --quiet
Seed:    7106023 (Using SPRNG - Scalable Parallel Random Number Generator)
Time:    Sat Sep 12 21:45:00 2026
Kernel:  AVX+FMA - 1 threads (16 CPU cores detected)

HINT: Use -nt option to specify number of threads because your CPU has 16 cores!
HINT: -nt AUTO will automatically determine the best number of threads to use.

Reading alignment file /home/mis/CSE6406-project/work/paper_subset_50x10_L200/ils_high/replicate_07/alignments/L200/locus_0022.phy ... Phylip format detected
Alignment most likely contains DNA/RNA sequences
Alignment has 21 sequences with 200 columns, 107 distinct patterns
86 parsimony-informative, 18 singleton sites, 96 constant sites
        Gap/Ambiguity  Composition  p-value
Analyzing sequences: done in 1.6821e-05 secs using 59.45% CPU
   1  0_0_0     0.00%    passed     29.10%
   2  18_0_0    0.00%    passed     83.01%
   3  20_0_0    0.00%    passed     95.43%
   4  19_0_0    0.00%    passed     85.13%
   5  1_0_0     0.00%    passed     97.54%
   6  5_0_0     0.00%    passed     81.75%
   7  11_0_0    0.00%    passed     82.33%
   8  9_0_0     0.00%    passed     38.94%
   9  12_0_0    0.00%    passed     99.65%
  10  7_0_0     0.00%    passed     62.10%
  11  15_0_0    0.00%    passed     76.76%
  12  13_0_0    0.00%    passed     81.05%
  13  3_0_0     0.00%    passed     36.02%
  14  8_0_0     0.00%    passed     80.48%
  15  14_0_0    0.00%    passed     95.32%
  16  4_0_0     0.00%    passed     95.32%
  17  6_0_0     0.00%    passed     86.04%
  18  2_0_0     0.00%    passed     97.92%
  19  17_0_0    0.00%    passed     61.24%
  20  10_0_0    0.00%    passed     68.27%
  21  16_0_0    0.00%    passed     87.98%
****  TOTAL     0.00%  0 sequences failed composition chi2 test (p-value<5%; df=3)

Create initial parsimony tree by phylogenetic likelihood library (PLL)... 0.002 seconds

NOTE: 0 MB RAM (0 GB) is required!
Estimate model parameters (epsilon = 0.100)
1. Initial log-likelihood: -2560.583
2. Current log-likelihood: -2420.071
3. Current log-likelihood: -2411.221
4. Current log-likelihood: -2410.748
Optimal log-likelihood: -2410.667
Rate parameters:  A-C: 1.00000  A-G: 2.10986  A-T: 1.00000  C-G: 1.00000  C-T: 2.10986  G-T: 1.00000
Base frequencies:  A: 0.283  C: 0.214  G: 0.183  T: 0.320
Gamma shape alpha: 0.184
Parameters optimization took 4 rounds (0.034 sec)
Wrote distance file to... 
Computing ML distances based on estimated model parameters...
Calculating distance matrix: done in 0.00324536 secs using 99.96% CPU
Computing ML distances took 0.003303 sec (of wall-clock time) 0.003308 sec (of CPU time)
Setting up auxiliary I and S matrices: done in 5.673e-05 secs
Computing RapidNJ tree took 0.000237 sec (of wall-clock time) 0.000000 sec (of CPU time)
Log-likelihood of RapidNJ tree: -2400.147
--------------------------------------------------------------------
|             INITIALIZING CANDIDATE TREE SET                      |
--------------------------------------------------------------------
Generating 98 parsimony trees... 0.131 second
Computing log-likelihood of 98 initial trees ... 0.192 seconds
Current best score: -2389.065

Do NNI search on 20 best initial trees
Estimate model parameters (epsilon = 0.100)
BETTER TREE FOUND at iteration 1: -2383.148
Estimate model parameters (epsilon = 0.100)
UPDATE BEST LOG-LIKELIHOOD: -2383.124
UPDATE BEST LOG-LIKELIHOOD: -2383.121
Iteration 10 / LogL: -2383.121 / Time: 0h:0m:1s
Iteration 20 / LogL: -2383.327 / Time: 0h:0m:1s
Finish initializing candidate tree set (6)
Current best tree score: -2383.121 / CPU time: 1.683
Number of iterations: 20
--------------------------------------------------------------------
|               OPTIMIZING CANDIDATE TREE SET                      |
--------------------------------------------------------------------
Iteration 30 / LogL: -2383.122 / Time: 0h:0m:2s (0h:0m:5s left)
UPDATE BEST LOG-LIKELIHOOD: -2383.121
Iteration 40 / LogL: -2385.399 / Time: 0h:0m:3s (0h:0m:4s left)
Iteration 50 / LogL: -2383.328 / Time: 0h:0m:3s (0h:0m:3s left)
Iteration 60 / LogL: -2383.122 / Time: 0h:0m:4s (0h:0m:3s left)
Iteration 70 / LogL: -2383.122 / Time: 0h:0m:4s (0h:0m:2s left)
UPDATE BEST LOG-LIKELIHOOD: -2383.121
Iteration 80 / LogL: -2383.122 / Time: 0h:0m:5s (0h:0m:1s left)
Iteration 90 / LogL: -2383.121 / Time: 0h:0m:5s (0h:0m:0s left)
Iteration 100 / LogL: -2383.122 / Time: 0h:0m:6s (0h:0m:0s left)
TREE SEARCH COMPLETED AFTER 102 ITERATIONS / Time: 0h:0m:6s

--------------------------------------------------------------------
|                    FINALIZING TREE SEARCH                        |
--------------------------------------------------------------------
Performs final model parameters optimization
Estimate model parameters (epsilon = 0.010)
1. Initial log-likelihood: -2383.121
Optimal log-likelihood: -2383.119
Rate parameters:  A-C: 1.00000  A-G: 2.19781  A-T: 1.00000  C-G: 1.00000  C-T: 2.19781  G-T: 1.00000
Base frequencies:  A: 0.283  C: 0.214  G: 0.183  T: 0.320
Gamma shape alpha: 0.168
Parameters optimization took 1 rounds (0.005 sec)
BEST SCORE FOUND : -2383.119

Testing tree branches by aBayes parametric test...
0.007 sec.
Total tree length: 7.533

Total number of iterations: 102
CPU time used for tree search: 6.269 sec (0h:0m:6s)
Wall-clock time used for tree search: 6.521 sec (0h:0m:6s)
Total CPU time used: 6.348 sec (0h:0m:6s)
Total wall-clock time used: 6.601 sec (0h:0m:6s)

Analysis results written to: 
  IQ-TREE report:                /home/mis/CSE6406-project/work/paper_subset_50x10_L200/ils_high/replicate_07/estimated_gene_trees/L200/hky_g4/locus_0022.iqtree
  Maximum-likelihood tree:       /home/mis/CSE6406-project/work/paper_subset_50x10_L200/ils_high/replicate_07/estimated_gene_trees/L200/hky_g4/locus_0022.treefile
  Likelihood distances:          /home/mis/CSE6406-project/work/paper_subset_50x10_L200/ils_high/replicate_07/estimated_gene_trees/L200/hky_g4/locus_0022.mldist
  Screen log file:               /home/mis/CSE6406-project/work/paper_subset_50x10_L200/ils_high/replicate_07/estimated_gene_trees/L200/hky_g4/locus_0022.log

Date and Time: Sat Sep 12 21:45:07 2026
