IQ-TREE multicore version 2.4.0 for Linux x86 64-bit built Feb 12 2025
Developed by Bui Quang Minh, Nguyen Lam Tung, Olga Chernomor, Heiko Schmidt,
Dominik Schrempf, Michael Woodhams, Ly Trong Nhan, Thomas Wong

Host:    ezmata (AVX2, FMA3, 15 GB RAM)
Command: /home/mis/miniconda3/envs/cse6406/bin/iqtree2 -s /home/mis/CSE6406-project/work/paper_subset_50x10_L200/ils_high/replicate_07/alignments/L200/locus_0038.phy -m HKY+G4 --abayes -T 1 --seed 7106039 --prefix /home/mis/CSE6406-project/work/paper_subset_50x10_L200/ils_high/replicate_07/estimated_gene_trees/L200/hky_g4/locus_0038 --redo --quiet
Seed:    7106039 (Using SPRNG - Scalable Parallel Random Number Generator)
Time:    Sat Sep 12 21:45:06 2026
Kernel:  AVX+FMA - 1 threads (16 CPU cores detected)

HINT: Use -nt option to specify number of threads because your CPU has 16 cores!
HINT: -nt AUTO will automatically determine the best number of threads to use.

Reading alignment file /home/mis/CSE6406-project/work/paper_subset_50x10_L200/ils_high/replicate_07/alignments/L200/locus_0038.phy ... Phylip format detected
Alignment most likely contains DNA/RNA sequences
Alignment has 21 sequences with 200 columns, 111 distinct patterns
80 parsimony-informative, 29 singleton sites, 91 constant sites
        Gap/Ambiguity  Composition  p-value
Analyzing sequences: done in 1.0046e-05 secs using 49.77% CPU
   1  8_0_0     0.00%    passed     79.34%
   2  15_0_0    0.00%    passed     45.44%
   3  3_0_0     0.00%    passed     96.76%
   4  13_0_0    0.00%    passed     88.35%
   5  2_0_0     0.00%    passed     81.66%
   6  6_0_0     0.00%    passed     87.46%
   7  11_0_0    0.00%    passed     69.99%
   8  9_0_0     0.00%    passed     64.31%
   9  16_0_0    0.00%    passed     96.07%
  10  5_0_0     0.00%    passed     87.91%
  11  10_0_0    0.00%    passed     88.75%
  12  17_0_0    0.00%    passed     91.62%
  13  14_0_0    0.00%    passed     32.14%
  14  4_0_0     0.00%    passed     71.80%
  15  7_0_0     0.00%    passed     94.24%
  16  12_0_0    0.00%    passed     54.48%
  17  1_0_0     0.00%    passed     87.06%
  18  18_0_0    0.00%    passed     87.46%
  19  20_0_0    0.00%    passed     47.86%
  20  19_0_0    0.00%    passed     93.51%
  21  0_0_0     0.00%    passed     71.78%
****  TOTAL     0.00%  0 sequences failed composition chi2 test (p-value<5%; df=3)

Create initial parsimony tree by phylogenetic likelihood library (PLL)... 0.001 seconds

NOTE: 0 MB RAM (0 GB) is required!
Estimate model parameters (epsilon = 0.100)
1. Initial log-likelihood: -2413.020
2. Current log-likelihood: -2289.313
3. Current log-likelihood: -2282.432
Optimal log-likelihood: -2282.319
Rate parameters:  A-C: 1.00000  A-G: 2.18487  A-T: 1.00000  C-G: 1.00000  C-T: 2.18487  G-T: 1.00000
Base frequencies:  A: 0.274  C: 0.163  G: 0.193  T: 0.370
Gamma shape alpha: 0.234
Parameters optimization took 3 rounds (0.012 sec)
Wrote distance file to... 
Computing ML distances based on estimated model parameters...
Calculating distance matrix: done in 0.0018645 secs using 97.18% CPU
Computing ML distances took 0.001895 sec (of wall-clock time) 0.001842 sec (of CPU time)
Setting up auxiliary I and S matrices: done in 6.0498e-05 secs using 99.18% CPU
Computing RapidNJ tree took 0.000245 sec (of wall-clock time) 0.000176 sec (of CPU time)
Log-likelihood of RapidNJ tree: -2266.633
--------------------------------------------------------------------
|             INITIALIZING CANDIDATE TREE SET                      |
--------------------------------------------------------------------
Generating 98 parsimony trees... 0.073 second
Computing log-likelihood of 98 initial trees ... 0.102 seconds
Current best score: -2266.633

Do NNI search on 20 best initial trees
Estimate model parameters (epsilon = 0.100)
BETTER TREE FOUND at iteration 1: -2260.268
UPDATE BEST LOG-LIKELIHOOD: -2260.266
Estimate model parameters (epsilon = 0.100)
BETTER TREE FOUND at iteration 8: -2260.208
Iteration 10 / LogL: -2260.269 / Time: 0h:0m:0s
Iteration 20 / LogL: -2263.512 / Time: 0h:0m:0s
Finish initializing candidate tree set (8)
Current best tree score: -2260.208 / CPU time: 0.713
Number of iterations: 20
--------------------------------------------------------------------
|               OPTIMIZING CANDIDATE TREE SET                      |
--------------------------------------------------------------------
Iteration 30 / LogL: -2260.269 / Time: 0h:0m:0s (0h:0m:2s left)
Iteration 40 / LogL: -2260.208 / Time: 0h:0m:1s (0h:0m:2s left)
Iteration 50 / LogL: -2260.208 / Time: 0h:0m:1s (0h:0m:1s left)
UPDATE BEST LOG-LIKELIHOOD: -2260.208
Iteration 60 / LogL: -2260.208 / Time: 0h:0m:1s (0h:0m:1s left)
Iteration 70 / LogL: -2260.208 / Time: 0h:0m:1s (0h:0m:0s left)
Iteration 80 / LogL: -2260.208 / Time: 0h:0m:2s (0h:0m:0s left)
Iteration 90 / LogL: -2260.267 / Time: 0h:0m:2s (0h:0m:0s left)
Iteration 100 / LogL: -2260.208 / Time: 0h:0m:2s (0h:0m:0s left)
TREE SEARCH COMPLETED AFTER 109 ITERATIONS / Time: 0h:0m:2s

--------------------------------------------------------------------
|                    FINALIZING TREE SEARCH                        |
--------------------------------------------------------------------
Performs final model parameters optimization
Estimate model parameters (epsilon = 0.010)
1. Initial log-likelihood: -2260.208
Optimal log-likelihood: -2260.208
Rate parameters:  A-C: 1.00000  A-G: 2.15731  A-T: 1.00000  C-G: 1.00000  C-T: 2.15731  G-T: 1.00000
Base frequencies:  A: 0.274  C: 0.163  G: 0.193  T: 0.370
Gamma shape alpha: 0.220
Parameters optimization took 1 rounds (0.002 sec)
BEST SCORE FOUND : -2260.208

Testing tree branches by aBayes parametric test...
0.003 sec.
Total tree length: 6.533

Total number of iterations: 109
CPU time used for tree search: 2.439 sec (0h:0m:2s)
Wall-clock time used for tree search: 2.564 sec (0h:0m:2s)
Total CPU time used: 2.469 sec (0h:0m:2s)
Total wall-clock time used: 2.597 sec (0h:0m:2s)

Analysis results written to: 
  IQ-TREE report:                /home/mis/CSE6406-project/work/paper_subset_50x10_L200/ils_high/replicate_07/estimated_gene_trees/L200/hky_g4/locus_0038.iqtree
  Maximum-likelihood tree:       /home/mis/CSE6406-project/work/paper_subset_50x10_L200/ils_high/replicate_07/estimated_gene_trees/L200/hky_g4/locus_0038.treefile
  Likelihood distances:          /home/mis/CSE6406-project/work/paper_subset_50x10_L200/ils_high/replicate_07/estimated_gene_trees/L200/hky_g4/locus_0038.mldist
  Screen log file:               /home/mis/CSE6406-project/work/paper_subset_50x10_L200/ils_high/replicate_07/estimated_gene_trees/L200/hky_g4/locus_0038.log

Date and Time: Sat Sep 12 21:45:08 2026
