IQ-TREE multicore version 2.4.0 for Linux x86 64-bit built Feb 12 2025
Developed by Bui Quang Minh, Nguyen Lam Tung, Olga Chernomor, Heiko Schmidt,
Dominik Schrempf, Michael Woodhams, Ly Trong Nhan, Thomas Wong

Host:    ezmata (AVX2, FMA3, 15 GB RAM)
Command: /home/mis/miniconda3/envs/cse6406/bin/iqtree2 -s /home/mis/CSE6406-project/work/paper_subset_50x10_L800/ils_high/replicate_01/alignments/L800/locus_0038.phy -m GTR --abayes -T AUTO --seed 6506039 --prefix /home/mis/CSE6406-project/work/paper_subset_50x10_L800/ils_high/replicate_01/estimated_gene_trees/L800/gtr/locus_0038 --redo --quiet
Seed:    6506039 (Using SPRNG - Scalable Parallel Random Number Generator)
Time:    Sat Sep 12 17:39:30 2026
Kernel:  AVX+FMA - auto-detect threads (16 CPU cores detected)

Reading alignment file /home/mis/CSE6406-project/work/paper_subset_50x10_L800/ils_high/replicate_01/alignments/L800/locus_0038.phy ... Phylip format detected
Alignment most likely contains DNA/RNA sequences
Alignment has 21 sequences with 800 columns, 42 distinct patterns
9 parsimony-informative, 34 singleton sites, 757 constant sites
        Gap/Ambiguity  Composition  p-value
Analyzing sequences: done in 0.000148872 secs using 26.2% CPU
   1  10_0_0    0.00%    passed     99.91%
   2  9_0_0     0.00%    passed     99.78%
   3  5_0_0     0.00%    passed     99.64%
   4  3_0_0     0.00%    passed     99.97%
   5  2_0_0     0.00%    passed     99.99%
   6  1_0_0     0.00%    passed    100.00%
   7  4_0_0     0.00%    passed     99.33%
   8  20_0_0    0.00%    passed     99.87%
   9  14_0_0    0.00%    passed     99.87%
  10  8_0_0     0.00%    passed     99.97%
  11  16_0_0    0.00%    passed     99.98%
  12  11_0_0    0.00%    passed     99.94%
  13  7_0_0     0.00%    passed     99.98%
  14  19_0_0    0.00%    passed    100.00%
  15  17_0_0    0.00%    passed     99.97%
  16  15_0_0    0.00%    passed     99.96%
  17  18_0_0    0.00%    passed     99.94%
  18  12_0_0    0.00%    passed     99.96%
  19  13_0_0    0.00%    passed     99.95%
  20  6_0_0     0.00%    passed     99.89%
  21  0_0_0     0.00%    passed     99.57%
****  TOTAL     0.00%  0 sequences failed composition chi2 test (p-value<5%; df=3)

Create initial parsimony tree by phylogenetic likelihood library (PLL)... 0.000 seconds

NOTE: 0 MB RAM (0 GB) is required!
Measuring multi-threading efficiency up to 16 CPU cores
Increase to 10 rounds for branch lengths
40604 trees examined
Threads: 1 / Time: 16.000 sec / Speedup: 1.000 / Efficiency: 100% / LogL: -1608
Threads: 2 / Time: 37.116 sec / Speedup: 0.431 / Efficiency: 22% / LogL: -1608
BEST NUMBER OF THREADS: 1

Estimate model parameters (epsilon = 0.100)
1. Initial log-likelihood: -1485.762
2. Current log-likelihood: -1476.706
Optimal log-likelihood: -1476.669
Rate parameters:  A-C: 0.26204  A-G: 1.19400  A-T: 0.29029  C-G: 0.47265  C-T: 1.12468  G-T: 1.00000
Base frequencies:  A: 0.304  C: 0.194  G: 0.212  T: 0.290
Parameters optimization took 2 rounds (0.002 sec)
Wrote distance file to... 
Computing ML distances based on estimated model parameters...
Calculating distance matrix: done in 0.000436967 secs using 65.91% CPU
Computing ML distances took 0.000449 sec (of wall-clock time) 0.000297 sec (of CPU time)
Setting up auxiliary I and S matrices: done in 2.2986e-05 secs using 65.26% CPU
Computing RapidNJ tree took 0.000086 sec (of wall-clock time) 0.000206 sec (of CPU time)
Log-likelihood of RapidNJ tree: -1474.953
--------------------------------------------------------------------
|             INITIALIZING CANDIDATE TREE SET                      |
--------------------------------------------------------------------
Generating 98 parsimony trees... 0.018 second
Computing log-likelihood of 98 initial trees ... 0.016 seconds
Current best score: -1474.941

Do NNI search on 20 best initial trees
Estimate model parameters (epsilon = 0.100)
BETTER TREE FOUND at iteration 1: -1474.854
BETTER TREE FOUND at iteration 2: -1474.853
BETTER TREE FOUND at iteration 3: -1474.853
Iteration 10 / LogL: -1474.946 / Time: 0h:0m:53s
Iteration 20 / LogL: -1474.946 / Time: 0h:0m:53s
Finish initializing candidate tree set (20)
Current best tree score: -1474.853 / CPU time: 0.054
Number of iterations: 20
--------------------------------------------------------------------
|               OPTIMIZING CANDIDATE TREE SET                      |
--------------------------------------------------------------------
BETTER TREE FOUND at iteration 28: -1474.853
Iteration 30 / LogL: -1474.858 / Time: 0h:0m:53s (0h:2m:59s left)
BETTER TREE FOUND at iteration 37: -1474.853
Iteration 40 / LogL: -1474.855 / Time: 0h:0m:53s (0h:2m:12s left)
Iteration 50 / LogL: -1474.853 / Time: 0h:0m:53s (0h:1m:34s left)
Iteration 60 / LogL: -1478.649 / Time: 0h:0m:53s (0h:1m:9s left)
Iteration 70 / LogL: -1488.184 / Time: 0h:0m:53s (0h:0m:51s left)
Iteration 80 / LogL: -1474.856 / Time: 0h:0m:53s (0h:0m:38s left)
Iteration 90 / LogL: -1474.855 / Time: 0h:0m:53s (0h:0m:28s left)
Iteration 100 / LogL: -1474.854 / Time: 0h:0m:53s (0h:0m:19s left)
Iteration 110 / LogL: -1474.855 / Time: 0h:0m:53s (0h:0m:13s left)
Iteration 120 / LogL: -1474.858 / Time: 0h:0m:53s (0h:0m:7s left)
Iteration 130 / LogL: -1481.121 / Time: 0h:0m:53s (0h:0m:2s left)
TREE SEARCH COMPLETED AFTER 138 ITERATIONS / Time: 0h:0m:53s

--------------------------------------------------------------------
|                    FINALIZING TREE SEARCH                        |
--------------------------------------------------------------------
Performs final model parameters optimization
Estimate model parameters (epsilon = 0.010)
1. Initial log-likelihood: -1474.853
Optimal log-likelihood: -1474.852
Rate parameters:  A-C: 0.25840  A-G: 1.11330  A-T: 0.29266  C-G: 0.45045  C-T: 1.22572  G-T: 1.00000
Base frequencies:  A: 0.304  C: 0.194  G: 0.212  T: 0.290
Parameters optimization took 1 rounds (0.000 sec)
BEST SCORE FOUND : -1474.852

Testing tree branches by aBayes parametric test...
0.000 sec.
Total tree length: 0.064

Total number of iterations: 138
CPU time used for tree search: 0.218 sec (0h:0m:0s)
Wall-clock time used for tree search: 0.242 sec (0h:0m:0s)
Total CPU time used: 40.846 sec (0h:0m:40s)
Total wall-clock time used: 53.369 sec (0h:0m:53s)

Analysis results written to: 
  IQ-TREE report:                /home/mis/CSE6406-project/work/paper_subset_50x10_L800/ils_high/replicate_01/estimated_gene_trees/L800/gtr/locus_0038.iqtree
  Maximum-likelihood tree:       /home/mis/CSE6406-project/work/paper_subset_50x10_L800/ils_high/replicate_01/estimated_gene_trees/L800/gtr/locus_0038.treefile
  Likelihood distances:          /home/mis/CSE6406-project/work/paper_subset_50x10_L800/ils_high/replicate_01/estimated_gene_trees/L800/gtr/locus_0038.mldist
  Screen log file:               /home/mis/CSE6406-project/work/paper_subset_50x10_L800/ils_high/replicate_01/estimated_gene_trees/L800/gtr/locus_0038.log

Date and Time: Sat Sep 12 17:40:24 2026
