IQ-TREE multicore version 2.4.0 for Linux x86 64-bit built Feb 12 2025
Developed by Bui Quang Minh, Nguyen Lam Tung, Olga Chernomor, Heiko Schmidt,
Dominik Schrempf, Michael Woodhams, Ly Trong Nhan, Thomas Wong

Host:    ezmata (AVX2, FMA3, 15 GB RAM)
Command: /home/mis/miniconda3/envs/cse6406/bin/iqtree2 -s /home/mis/CSE6406-project/work/paper_subset_50x10_L800/ils_high/replicate_01/alignments/L800/locus_0022.phy -m GTR --abayes -T AUTO --seed 6506023 --prefix /home/mis/CSE6406-project/work/paper_subset_50x10_L800/ils_high/replicate_01/estimated_gene_trees/L800/gtr/locus_0022 --redo --quiet
Seed:    6506023 (Using SPRNG - Scalable Parallel Random Number Generator)
Time:    Sat Sep 12 17:25:49 2026
Kernel:  AVX+FMA - auto-detect threads (16 CPU cores detected)

Reading alignment file /home/mis/CSE6406-project/work/paper_subset_50x10_L800/ils_high/replicate_01/alignments/L800/locus_0022.phy ... Phylip format detected
Alignment most likely contains DNA/RNA sequences
Alignment has 21 sequences with 800 columns, 51 distinct patterns
16 parsimony-informative, 38 singleton sites, 746 constant sites
        Gap/Ambiguity  Composition  p-value
Analyzing sequences: done in 0.000158966 secs using 18.87% CPU
   1  6_0_0     0.00%    passed     99.96%
   2  1_0_0     0.00%    passed     99.97%
   3  3_0_0     0.00%    passed     99.92%
   4  4_0_0     0.00%    passed     99.98%
   5  2_0_0     0.00%    passed     99.99%
   6  19_0_0    0.00%    passed    100.00%
   7  9_0_0     0.00%    passed     99.61%
   8  10_0_0    0.00%    passed     99.96%
   9  5_0_0     0.00%    passed     99.98%
  10  13_0_0    0.00%    passed     99.71%
  11  14_0_0    0.00%    passed     99.84%
  12  8_0_0     0.00%    passed     99.84%
  13  20_0_0    0.00%    passed     99.81%
  14  7_0_0     0.00%    passed     99.99%
  15  16_0_0    0.00%    passed     99.75%
  16  11_0_0    0.00%    passed     99.99%
  17  15_0_0    0.00%    passed     99.93%
  18  17_0_0    0.00%    passed     99.93%
  19  12_0_0    0.00%    passed     99.98%
  20  18_0_0    0.00%    passed     99.01%
  21  0_0_0     0.00%    passed     97.56%
****  TOTAL     0.00%  0 sequences failed composition chi2 test (p-value<5%; df=3)
NOTE: 8_0_0 is identical to 14_0_0 but kept for subsequent analysis
NOTE: 17_0_0 is identical to 15_0_0 but kept for subsequent analysis

Create initial parsimony tree by phylogenetic likelihood library (PLL)... 0.000 seconds

NOTE: 0 MB RAM (0 GB) is required!
Measuring multi-threading efficiency up to 16 CPU cores
Increase to 10 rounds for branch lengths
39331 trees examined
Threads: 1 / Time: 16.000 sec / Speedup: 1.000 / Efficiency: 100% / LogL: -1732
Threads: 2 / Time: 34.655 sec / Speedup: 0.462 / Efficiency: 23% / LogL: -1732
BEST NUMBER OF THREADS: 1

Estimate model parameters (epsilon = 0.100)
1. Initial log-likelihood: -1524.916
2. Current log-likelihood: -1518.738
Optimal log-likelihood: -1518.692
Rate parameters:  A-C: 1.51670  A-G: 4.54949  A-T: 2.95873  C-G: 4.64206  C-T: 3.84628  G-T: 1.00000
Base frequencies:  A: 0.302  C: 0.203  G: 0.179  T: 0.316
Parameters optimization took 2 rounds (0.001 sec)
Wrote distance file to... 
Computing ML distances based on estimated model parameters...
Calculating distance matrix: done in 0.000467889 secs using 67.11% CPU
Computing ML distances took 0.000480 sec (of wall-clock time) 0.000324 sec (of CPU time)
Setting up auxiliary I and S matrices: done in 2.3468e-05 secs using 68.18% CPU
Computing RapidNJ tree took 0.000086 sec (of wall-clock time) 0.000210 sec (of CPU time)
Log-likelihood of RapidNJ tree: -1518.706
--------------------------------------------------------------------
|             INITIALIZING CANDIDATE TREE SET                      |
--------------------------------------------------------------------
Generating 98 parsimony trees... 0.019 second
Computing log-likelihood of 98 initial trees ... 0.016 seconds
Current best score: -1518.692

Do NNI search on 20 best initial trees
Estimate model parameters (epsilon = 0.100)
BETTER TREE FOUND at iteration 1: -1518.691
BETTER TREE FOUND at iteration 4: -1518.691
BETTER TREE FOUND at iteration 5: -1518.691
Iteration 10 / LogL: -1518.691 / Time: 0h:0m:50s
Iteration 20 / LogL: -1518.691 / Time: 0h:0m:50s
Finish initializing candidate tree set (20)
Current best tree score: -1518.691 / CPU time: 0.050
Number of iterations: 20
--------------------------------------------------------------------
|               OPTIMIZING CANDIDATE TREE SET                      |
--------------------------------------------------------------------
Iteration 30 / LogL: -1518.692 / Time: 0h:0m:50s (0h:2m:11s left)
Iteration 40 / LogL: -1518.694 / Time: 0h:0m:50s (0h:1m:24s left)
Iteration 50 / LogL: -1518.693 / Time: 0h:0m:50s (0h:0m:56s left)
Iteration 60 / LogL: -1547.726 / Time: 0h:0m:50s (0h:0m:38s left)
Iteration 70 / LogL: -1518.700 / Time: 0h:0m:50s (0h:0m:25s left)
Iteration 80 / LogL: -1530.748 / Time: 0h:0m:50s (0h:0m:16s left)
Iteration 90 / LogL: -1518.696 / Time: 0h:0m:50s (0h:0m:8s left)
Iteration 100 / LogL: -1518.695 / Time: 0h:0m:50s (0h:0m:2s left)
TREE SEARCH COMPLETED AFTER 106 ITERATIONS / Time: 0h:0m:50s

--------------------------------------------------------------------
|                    FINALIZING TREE SEARCH                        |
--------------------------------------------------------------------
Performs final model parameters optimization
Estimate model parameters (epsilon = 0.010)
1. Initial log-likelihood: -1518.691
Optimal log-likelihood: -1518.691
Rate parameters:  A-C: 1.51469  A-G: 4.53470  A-T: 2.95618  C-G: 4.67177  C-T: 3.83694  G-T: 1.00000
Base frequencies:  A: 0.302  C: 0.203  G: 0.179  T: 0.316
Parameters optimization took 1 rounds (0.000 sec)
BEST SCORE FOUND : -1518.691

Testing tree branches by aBayes parametric test...
0.000 sec.
Total tree length: 0.073

Total number of iterations: 106
CPU time used for tree search: 0.197 sec (0h:0m:0s)
Wall-clock time used for tree search: 0.210 sec (0h:0m:0s)
Total CPU time used: 40.271 sec (0h:0m:40s)
Total wall-clock time used: 50.875 sec (0h:0m:50s)

Analysis results written to: 
  IQ-TREE report:                /home/mis/CSE6406-project/work/paper_subset_50x10_L800/ils_high/replicate_01/estimated_gene_trees/L800/gtr/locus_0022.iqtree
  Maximum-likelihood tree:       /home/mis/CSE6406-project/work/paper_subset_50x10_L800/ils_high/replicate_01/estimated_gene_trees/L800/gtr/locus_0022.treefile
  Likelihood distances:          /home/mis/CSE6406-project/work/paper_subset_50x10_L800/ils_high/replicate_01/estimated_gene_trees/L800/gtr/locus_0022.mldist
  Screen log file:               /home/mis/CSE6406-project/work/paper_subset_50x10_L800/ils_high/replicate_01/estimated_gene_trees/L800/gtr/locus_0022.log

Date and Time: Sat Sep 12 17:26:40 2026
