IQ-TREE multicore version 2.4.0 for Linux x86 64-bit built Feb 12 2025
Developed by Bui Quang Minh, Nguyen Lam Tung, Olga Chernomor, Heiko Schmidt,
Dominik Schrempf, Michael Woodhams, Ly Trong Nhan, Thomas Wong

Host:    ezmata (AVX2, FMA3, 15 GB RAM)
Command: /home/mis/miniconda3/envs/cse6406/bin/iqtree2 -s /home/mis/CSE6406-project/work/paper_subset_50x10_L200/ils_high/replicate_08/alignments/L200/locus_0009.phy -m HKY+G4 --abayes -T 1 --seed 7206010 --prefix /home/mis/CSE6406-project/work/paper_subset_50x10_L200/ils_high/replicate_08/estimated_gene_trees/L200/hky_g4/locus_0009 --redo --quiet
Seed:    7206010 (Using SPRNG - Scalable Parallel Random Number Generator)
Time:    Sat Sep 12 21:45:49 2026
Kernel:  AVX+FMA - 1 threads (16 CPU cores detected)

HINT: Use -nt option to specify number of threads because your CPU has 16 cores!
HINT: -nt AUTO will automatically determine the best number of threads to use.

Reading alignment file /home/mis/CSE6406-project/work/paper_subset_50x10_L200/ils_high/replicate_08/alignments/L200/locus_0009.phy ... Phylip format detected
Alignment most likely contains DNA/RNA sequences
Alignment has 21 sequences with 200 columns, 118 distinct patterns
87 parsimony-informative, 27 singleton sites, 86 constant sites
        Gap/Ambiguity  Composition  p-value
Analyzing sequences: done in 1.4442e-05 secs using 20.77% CPU
   1  0_0_0     0.00%    passed     98.65%
   2  1_0_0     0.00%    passed     98.13%
   3  10_0_0    0.00%    passed     89.65%
   4  6_0_0     0.00%    passed     43.64%
   5  14_0_0    0.00%    passed     91.72%
   6  7_0_0     0.00%    passed     90.40%
   7  18_0_0    0.00%    passed     74.74%
   8  19_0_0    0.00%    passed     96.59%
   9  17_0_0    0.00%    passed     98.91%
  10  20_0_0    0.00%    passed     95.24%
  11  15_0_0    0.00%    passed     61.90%
  12  16_0_0    0.00%    passed     70.69%
  13  12_0_0    0.00%    passed     83.60%
  14  3_0_0     0.00%    passed     90.83%
  15  2_0_0     0.00%    passed     53.66%
  16  8_0_0     0.00%    passed     81.64%
  17  4_0_0     0.00%    passed     99.41%
  18  5_0_0     0.00%    passed     65.11%
  19  11_0_0    0.00%    passed     98.65%
  20  13_0_0    0.00%    passed     61.29%
  21  9_0_0     0.00%    passed     51.42%
****  TOTAL     0.00%  0 sequences failed composition chi2 test (p-value<5%; df=3)

Create initial parsimony tree by phylogenetic likelihood library (PLL)... 0.001 seconds

NOTE: 0 MB RAM (0 GB) is required!
Estimate model parameters (epsilon = 0.100)
1. Initial log-likelihood: -2507.735
2. Current log-likelihood: -2389.185
3. Current log-likelihood: -2376.509
4. Current log-likelihood: -2375.774
5. Current log-likelihood: -2375.647
Optimal log-likelihood: -2375.576
Rate parameters:  A-C: 1.00000  A-G: 1.89147  A-T: 1.00000  C-G: 1.00000  C-T: 1.89147  G-T: 1.00000
Base frequencies:  A: 0.324  C: 0.149  G: 0.227  T: 0.301
Gamma shape alpha: 0.208
Parameters optimization took 5 rounds (0.027 sec)
Wrote distance file to... 
Computing ML distances based on estimated model parameters...
Calculating distance matrix: done in 0.00318679 secs using 99.57% CPU
Computing ML distances took 0.003252 sec (of wall-clock time) 0.003244 sec (of CPU time)
Setting up auxiliary I and S matrices: done in 5.6836e-05 secs using 89.73% CPU
Computing RapidNJ tree took 0.000213 sec (of wall-clock time) 0.000195 sec (of CPU time)
Log-likelihood of RapidNJ tree: -2377.395
--------------------------------------------------------------------
|             INITIALIZING CANDIDATE TREE SET                      |
--------------------------------------------------------------------
Generating 98 parsimony trees... 0.125 second
Computing log-likelihood of 98 initial trees ... 0.220 seconds
Current best score: -2375.576

Do NNI search on 20 best initial trees
Estimate model parameters (epsilon = 0.100)
BETTER TREE FOUND at iteration 1: -2370.922
UPDATE BEST LOG-LIKELIHOOD: -2370.922
UPDATE BEST LOG-LIKELIHOOD: -2370.919
Iteration 10 / LogL: -2370.921 / Time: 0h:0m:0s
Iteration 20 / LogL: -2370.923 / Time: 0h:0m:1s
Finish initializing candidate tree set (5)
Current best tree score: -2370.919 / CPU time: 1.246
Number of iterations: 20
--------------------------------------------------------------------
|               OPTIMIZING CANDIDATE TREE SET                      |
--------------------------------------------------------------------
Iteration 30 / LogL: -2370.921 / Time: 0h:0m:1s (0h:0m:4s left)
Iteration 40 / LogL: -2373.641 / Time: 0h:0m:2s (0h:0m:3s left)
Iteration 50 / LogL: -2370.923 / Time: 0h:0m:2s (0h:0m:2s left)
Iteration 60 / LogL: -2373.641 / Time: 0h:0m:3s (0h:0m:2s left)
Iteration 70 / LogL: -2373.641 / Time: 0h:0m:3s (0h:0m:1s left)
Iteration 80 / LogL: -2370.921 / Time: 0h:0m:3s (0h:0m:1s left)
Iteration 90 / LogL: -2370.923 / Time: 0h:0m:4s (0h:0m:0s left)
Iteration 100 / LogL: -2370.940 / Time: 0h:0m:4s (0h:0m:0s left)
TREE SEARCH COMPLETED AFTER 102 ITERATIONS / Time: 0h:0m:4s

--------------------------------------------------------------------
|                    FINALIZING TREE SEARCH                        |
--------------------------------------------------------------------
Performs final model parameters optimization
Estimate model parameters (epsilon = 0.010)
1. Initial log-likelihood: -2370.919
Optimal log-likelihood: -2370.912
Rate parameters:  A-C: 1.00000  A-G: 1.90906  A-T: 1.00000  C-G: 1.00000  C-T: 1.90906  G-T: 1.00000
Base frequencies:  A: 0.324  C: 0.149  G: 0.227  T: 0.301
Gamma shape alpha: 0.203
Parameters optimization took 1 rounds (0.005 sec)
BEST SCORE FOUND : -2370.912

Testing tree branches by aBayes parametric test...
0.008 sec.
Total tree length: 9.394

Total number of iterations: 102
CPU time used for tree search: 4.659 sec (0h:0m:4s)
Wall-clock time used for tree search: 4.814 sec (0h:0m:4s)
Total CPU time used: 4.724 sec (0h:0m:4s)
Total wall-clock time used: 4.879 sec (0h:0m:4s)

Analysis results written to: 
  IQ-TREE report:                /home/mis/CSE6406-project/work/paper_subset_50x10_L200/ils_high/replicate_08/estimated_gene_trees/L200/hky_g4/locus_0009.iqtree
  Maximum-likelihood tree:       /home/mis/CSE6406-project/work/paper_subset_50x10_L200/ils_high/replicate_08/estimated_gene_trees/L200/hky_g4/locus_0009.treefile
  Likelihood distances:          /home/mis/CSE6406-project/work/paper_subset_50x10_L200/ils_high/replicate_08/estimated_gene_trees/L200/hky_g4/locus_0009.mldist
  Screen log file:               /home/mis/CSE6406-project/work/paper_subset_50x10_L200/ils_high/replicate_08/estimated_gene_trees/L200/hky_g4/locus_0009.log

Date and Time: Sat Sep 12 21:45:54 2026
