IQ-TREE multicore version 2.4.0 for Linux x86 64-bit built Feb 12 2025
Developed by Bui Quang Minh, Nguyen Lam Tung, Olga Chernomor, Heiko Schmidt,
Dominik Schrempf, Michael Woodhams, Ly Trong Nhan, Thomas Wong

Host:    ezmata (AVX2, FMA3, 15 GB RAM)
Command: /home/mis/miniconda3/envs/cse6406/bin/iqtree2 -s /home/mis/CSE6406-project/work/paper_subset_50x10_L200/ils_high/replicate_07/alignments/L200/locus_0041.phy -m GTR+G4 --abayes -T 1 --seed 7106042 --prefix /home/mis/CSE6406-project/work/paper_subset_50x10_L200/ils_high/replicate_07/estimated_gene_trees/L200/gtr_g4/locus_0041 --redo --quiet
Seed:    7106042 (Using SPRNG - Scalable Parallel Random Number Generator)
Time:    Sat Sep 12 21:44:40 2026
Kernel:  AVX+FMA - 1 threads (16 CPU cores detected)

HINT: Use -nt option to specify number of threads because your CPU has 16 cores!
HINT: -nt AUTO will automatically determine the best number of threads to use.

Reading alignment file /home/mis/CSE6406-project/work/paper_subset_50x10_L200/ils_high/replicate_07/alignments/L200/locus_0041.phy ... Phylip format detected
Alignment most likely contains DNA/RNA sequences
Alignment has 21 sequences with 200 columns, 105 distinct patterns
80 parsimony-informative, 21 singleton sites, 99 constant sites
        Gap/Ambiguity  Composition  p-value
Analyzing sequences: done in 1.4899e-05 secs using 26.85% CPU
   1  0_0_0     0.00%    passed     90.56%
   2  1_0_0     0.00%    passed     38.32%
   3  15_0_0    0.00%    passed     92.92%
   4  2_0_0     0.00%    passed     71.18%
   5  6_0_0     0.00%    passed     78.57%
   6  5_0_0     0.00%    passed     82.51%
   7  14_0_0    0.00%    passed     82.31%
   8  4_0_0     0.00%    passed     67.17%
   9  9_0_0     0.00%    passed     62.29%
  10  11_0_0    0.00%    passed     82.09%
  11  17_0_0    0.00%    passed     65.76%
  12  10_0_0    0.00%    passed     77.37%
  13  20_0_0    0.00%    passed     84.95%
  14  8_0_0     0.00%    passed     96.71%
  15  13_0_0    0.00%    passed     96.87%
  16  16_0_0    0.00%    passed     91.38%
  17  3_0_0     0.00%    passed     92.69%
  18  7_0_0     0.00%    passed     94.38%
  19  12_0_0    0.00%    passed     84.21%
  20  19_0_0    0.00%    passed     79.37%
  21  18_0_0    0.00%    passed     75.40%
****  TOTAL     0.00%  0 sequences failed composition chi2 test (p-value<5%; df=3)

Create initial parsimony tree by phylogenetic likelihood library (PLL)... 0.001 seconds

NOTE: 0 MB RAM (0 GB) is required!
Estimate model parameters (epsilon = 0.100)
1. Initial log-likelihood: -2209.229
2. Current log-likelihood: -2098.143
3. Current log-likelihood: -2082.576
4. Current log-likelihood: -2081.444
5. Current log-likelihood: -2081.243
Optimal log-likelihood: -2081.197
Rate parameters:  A-C: 1.12372  A-G: 2.16859  A-T: 1.22750  C-G: 1.46277  C-T: 2.47480  G-T: 1.00000
Base frequencies:  A: 0.316  C: 0.218  G: 0.160  T: 0.306
Gamma shape alpha: 0.209
Parameters optimization took 5 rounds (0.058 sec)
Wrote distance file to... 
Computing ML distances based on estimated model parameters...
Calculating distance matrix: done in 0.00346696 secs using 99.97% CPU
Computing ML distances took 0.003541 sec (of wall-clock time) 0.003546 sec (of CPU time)
Setting up auxiliary I and S matrices: done in 6.3003e-05 secs
Computing RapidNJ tree took 0.000248 sec (of wall-clock time) 0.000000 sec (of CPU time)
Log-likelihood of RapidNJ tree: -2084.740
--------------------------------------------------------------------
|             INITIALIZING CANDIDATE TREE SET                      |
--------------------------------------------------------------------
Generating 98 parsimony trees... 0.122 second
Computing log-likelihood of 98 initial trees ... 0.189 seconds
Current best score: -2071.817

Do NNI search on 20 best initial trees
Estimate model parameters (epsilon = 0.100)
BETTER TREE FOUND at iteration 1: -2062.637
UPDATE BEST LOG-LIKELIHOOD: -2062.635
Estimate model parameters (epsilon = 0.100)
BETTER TREE FOUND at iteration 3: -2061.833
UPDATE BEST LOG-LIKELIHOOD: -2061.833
Estimate model parameters (epsilon = 0.100)
BETTER TREE FOUND at iteration 8: -2061.804
Iteration 10 / LogL: -2061.840 / Time: 0h:0m:0s
UPDATE BEST LOG-LIKELIHOOD: -2061.803
Iteration 20 / LogL: -2077.390 / Time: 0h:0m:1s
Finish initializing candidate tree set (9)
Current best tree score: -2061.803 / CPU time: 1.338
Number of iterations: 20
--------------------------------------------------------------------
|               OPTIMIZING CANDIDATE TREE SET                      |
--------------------------------------------------------------------
Iteration 30 / LogL: -2061.851 / Time: 0h:0m:1s (0h:0m:4s left)
UPDATE BEST LOG-LIKELIHOOD: -2061.803
Iteration 40 / LogL: -2061.803 / Time: 0h:0m:2s (0h:0m:3s left)
Iteration 50 / LogL: -2061.804 / Time: 0h:0m:2s (0h:0m:3s left)
Iteration 60 / LogL: -2061.822 / Time: 0h:0m:3s (0h:0m:2s left)
UPDATE BEST LOG-LIKELIHOOD: -2061.803
Iteration 70 / LogL: -2061.840 / Time: 0h:0m:3s (0h:0m:2s left)
Iteration 80 / LogL: -2061.822 / Time: 0h:0m:4s (0h:0m:1s left)
Iteration 90 / LogL: -2061.822 / Time: 0h:0m:4s (0h:0m:0s left)
Iteration 100 / LogL: -2062.699 / Time: 0h:0m:4s (0h:0m:0s left)
TREE SEARCH COMPLETED AFTER 109 ITERATIONS / Time: 0h:0m:5s

--------------------------------------------------------------------
|                    FINALIZING TREE SEARCH                        |
--------------------------------------------------------------------
Performs final model parameters optimization
Estimate model parameters (epsilon = 0.010)
1. Initial log-likelihood: -2061.803
Optimal log-likelihood: -2061.802
Rate parameters:  A-C: 1.01664  A-G: 2.30663  A-T: 1.14865  C-G: 1.59790  C-T: 2.88453  G-T: 1.00000
Base frequencies:  A: 0.316  C: 0.218  G: 0.160  T: 0.306
Gamma shape alpha: 0.196
Parameters optimization took 1 rounds (0.006 sec)
BEST SCORE FOUND : -2061.802

Testing tree branches by aBayes parametric test...
0.007 sec.
Total tree length: 8.005

Total number of iterations: 109
CPU time used for tree search: 5.092 sec (0h:0m:5s)
Wall-clock time used for tree search: 5.288 sec (0h:0m:5s)
Total CPU time used: 5.188 sec (0h:0m:5s)
Total wall-clock time used: 5.386 sec (0h:0m:5s)

Analysis results written to: 
  IQ-TREE report:                /home/mis/CSE6406-project/work/paper_subset_50x10_L200/ils_high/replicate_07/estimated_gene_trees/L200/gtr_g4/locus_0041.iqtree
  Maximum-likelihood tree:       /home/mis/CSE6406-project/work/paper_subset_50x10_L200/ils_high/replicate_07/estimated_gene_trees/L200/gtr_g4/locus_0041.treefile
  Likelihood distances:          /home/mis/CSE6406-project/work/paper_subset_50x10_L200/ils_high/replicate_07/estimated_gene_trees/L200/gtr_g4/locus_0041.mldist
  Screen log file:               /home/mis/CSE6406-project/work/paper_subset_50x10_L200/ils_high/replicate_07/estimated_gene_trees/L200/gtr_g4/locus_0041.log

Date and Time: Sat Sep 12 21:44:45 2026
