IQ-TREE multicore version 2.4.0 for Linux x86 64-bit built Feb 12 2025
Developed by Bui Quang Minh, Nguyen Lam Tung, Olga Chernomor, Heiko Schmidt,
Dominik Schrempf, Michael Woodhams, Ly Trong Nhan, Thomas Wong

Host:    ezmata (AVX2, FMA3, 15 GB RAM)
Command: /home/mis/miniconda3/envs/cse6406/bin/iqtree2 -s /home/mis/CSE6406-project/work/paper_subset_50x10_L200/ils_high/replicate_07/alignments/L200/locus_0016.phy -m GTR+G4 --abayes -T 1 --seed 7106017 --prefix /home/mis/CSE6406-project/work/paper_subset_50x10_L200/ils_high/replicate_07/estimated_gene_trees/L200/gtr_g4/locus_0016 --redo --quiet
Seed:    7106017 (Using SPRNG - Scalable Parallel Random Number Generator)
Time:    Sat Sep 12 21:44:28 2026
Kernel:  AVX+FMA - 1 threads (16 CPU cores detected)

HINT: Use -nt option to specify number of threads because your CPU has 16 cores!
HINT: -nt AUTO will automatically determine the best number of threads to use.

Reading alignment file /home/mis/CSE6406-project/work/paper_subset_50x10_L200/ils_high/replicate_07/alignments/L200/locus_0016.phy ... Phylip format detected
Alignment most likely contains DNA/RNA sequences
Alignment has 21 sequences with 200 columns, 99 distinct patterns
72 parsimony-informative, 24 singleton sites, 104 constant sites
        Gap/Ambiguity  Composition  p-value
Analyzing sequences: done in 1.1415e-05 secs using 96.36% CPU
   1  0_0_0     0.00%    passed     75.21%
   2  1_0_0     0.00%    passed     70.77%
   3  8_0_0     0.00%    passed     82.27%
   4  17_0_0    0.00%    passed     86.66%
   5  10_0_0    0.00%    passed     82.45%
   6  9_0_0     0.00%    passed     85.88%
   7  11_0_0    0.00%    passed     80.00%
   8  5_0_0     0.00%    passed     45.87%
   9  19_0_0    0.00%    passed     89.85%
  10  18_0_0    0.00%    passed     99.86%
  11  20_0_0    0.00%    passed     75.71%
  12  7_0_0     0.00%    passed     96.05%
  13  12_0_0    0.00%    passed     77.50%
  14  15_0_0    0.00%    passed     63.91%
  15  14_0_0    0.00%    passed     63.97%
  16  3_0_0     0.00%    passed     84.90%
  17  13_0_0    0.00%    passed     98.99%
  18  16_0_0    0.00%    passed     91.33%
  19  2_0_0     0.00%    passed     95.61%
  20  6_0_0     0.00%    passed     90.73%
  21  4_0_0     0.00%    passed     54.98%
****  TOTAL     0.00%  0 sequences failed composition chi2 test (p-value<5%; df=3)

Create initial parsimony tree by phylogenetic likelihood library (PLL)... 0.001 seconds

NOTE: 0 MB RAM (0 GB) is required!
Estimate model parameters (epsilon = 0.100)
1. Initial log-likelihood: -2282.958
2. Current log-likelihood: -2119.993
3. Current log-likelihood: -2111.288
4. Current log-likelihood: -2111.086
Optimal log-likelihood: -2111.073
Rate parameters:  A-C: 0.54941  A-G: 0.78177  A-T: 0.49835  C-G: 0.33739  C-T: 0.98822  G-T: 1.00000
Base frequencies:  A: 0.318  C: 0.200  G: 0.172  T: 0.310
Gamma shape alpha: 0.189
Parameters optimization took 4 rounds (0.029 sec)
Wrote distance file to... 
Computing ML distances based on estimated model parameters...
Calculating distance matrix: done in 0.00229 secs using 100% CPU
Computing ML distances took 0.002325 sec (of wall-clock time) 0.002327 sec (of CPU time)
Setting up auxiliary I and S matrices: done in 6.4081e-05 secs using 98.31% CPU
Computing RapidNJ tree took 0.000255 sec (of wall-clock time) 0.000254 sec (of CPU time)
Log-likelihood of RapidNJ tree: -2089.901
--------------------------------------------------------------------
|             INITIALIZING CANDIDATE TREE SET                      |
--------------------------------------------------------------------
Generating 98 parsimony trees... 0.092 second
Computing log-likelihood of 98 initial trees ... 0.117 seconds
Current best score: -2089.901

Do NNI search on 20 best initial trees
Estimate model parameters (epsilon = 0.100)
BETTER TREE FOUND at iteration 1: -2083.331
Estimate model parameters (epsilon = 0.100)
BETTER TREE FOUND at iteration 3: -2080.648
BETTER TREE FOUND at iteration 4: -2080.647
Estimate model parameters (epsilon = 0.100)
BETTER TREE FOUND at iteration 5: -2079.636
BETTER TREE FOUND at iteration 6: -2079.636
Iteration 10 / LogL: -2080.793 / Time: 0h:0m:0s
BETTER TREE FOUND at iteration 11: -2079.636
Iteration 20 / LogL: -2080.772 / Time: 0h:0m:0s
Finish initializing candidate tree set (14)
Current best tree score: -2079.636 / CPU time: 0.883
Number of iterations: 20
--------------------------------------------------------------------
|               OPTIMIZING CANDIDATE TREE SET                      |
--------------------------------------------------------------------
UPDATE BEST LOG-LIKELIHOOD: -2079.636
UPDATE BEST LOG-LIKELIHOOD: -2079.636
Iteration 30 / LogL: -2080.772 / Time: 0h:0m:1s (0h:0m:3s left)
UPDATE BEST LOG-LIKELIHOOD: -2079.636
Iteration 40 / LogL: -2079.636 / Time: 0h:0m:1s (0h:0m:2s left)
UPDATE BEST LOG-LIKELIHOOD: -2079.636
Iteration 50 / LogL: -2079.636 / Time: 0h:0m:1s (0h:0m:2s left)
Iteration 60 / LogL: -2079.636 / Time: 0h:0m:2s (0h:0m:1s left)
Iteration 70 / LogL: -2080.793 / Time: 0h:0m:2s (0h:0m:1s left)
Iteration 80 / LogL: -2079.636 / Time: 0h:0m:2s (0h:0m:1s left)
Iteration 90 / LogL: -2080.587 / Time: 0h:0m:3s (0h:0m:0s left)
Iteration 100 / LogL: -2079.636 / Time: 0h:0m:3s (0h:0m:0s left)
Iteration 110 / LogL: -2080.772 / Time: 0h:0m:4s (0h:0m:0s left)
TREE SEARCH COMPLETED AFTER 112 ITERATIONS / Time: 0h:0m:4s

--------------------------------------------------------------------
|                    FINALIZING TREE SEARCH                        |
--------------------------------------------------------------------
Performs final model parameters optimization
Estimate model parameters (epsilon = 0.010)
1. Initial log-likelihood: -2079.636
Optimal log-likelihood: -2079.635
Rate parameters:  A-C: 0.50961  A-G: 0.89109  A-T: 0.49913  C-G: 0.34841  C-T: 0.98592  G-T: 1.00000
Base frequencies:  A: 0.318  C: 0.200  G: 0.172  T: 0.310
Gamma shape alpha: 0.180
Parameters optimization took 1 rounds (0.005 sec)
BEST SCORE FOUND : -2079.635

Testing tree branches by aBayes parametric test...
0.006 sec.
Total tree length: 6.710

Total number of iterations: 112
CPU time used for tree search: 3.838 sec (0h:0m:3s)
Wall-clock time used for tree search: 4.029 sec (0h:0m:4s)
Total CPU time used: 3.900 sec (0h:0m:3s)
Total wall-clock time used: 4.094 sec (0h:0m:4s)

Analysis results written to: 
  IQ-TREE report:                /home/mis/CSE6406-project/work/paper_subset_50x10_L200/ils_high/replicate_07/estimated_gene_trees/L200/gtr_g4/locus_0016.iqtree
  Maximum-likelihood tree:       /home/mis/CSE6406-project/work/paper_subset_50x10_L200/ils_high/replicate_07/estimated_gene_trees/L200/gtr_g4/locus_0016.treefile
  Likelihood distances:          /home/mis/CSE6406-project/work/paper_subset_50x10_L200/ils_high/replicate_07/estimated_gene_trees/L200/gtr_g4/locus_0016.mldist
  Screen log file:               /home/mis/CSE6406-project/work/paper_subset_50x10_L200/ils_high/replicate_07/estimated_gene_trees/L200/gtr_g4/locus_0016.log

Date and Time: Sat Sep 12 21:44:32 2026
