IQ-TREE multicore version 2.4.0 for Linux x86 64-bit built Feb 12 2025
Developed by Bui Quang Minh, Nguyen Lam Tung, Olga Chernomor, Heiko Schmidt,
Dominik Schrempf, Michael Woodhams, Ly Trong Nhan, Thomas Wong

Host:    ezmata (AVX2, FMA3, 15 GB RAM)
Command: /home/mis/miniconda3/envs/cse6406/bin/iqtree2 -s /home/mis/CSE6406-project/work/paper_subset_50x10_L200/ils_high/replicate_05/alignments/L200/locus_0004.phy -m GTR+G4 --abayes -T 1 --seed 6906005 --prefix /home/mis/CSE6406-project/work/paper_subset_50x10_L200/ils_high/replicate_05/estimated_gene_trees/L200/gtr_g4/locus_0004 --redo --quiet
Seed:    6906005 (Using SPRNG - Scalable Parallel Random Number Generator)
Time:    Sat Sep 12 21:43:02 2026
Kernel:  AVX+FMA - 1 threads (16 CPU cores detected)

HINT: Use -nt option to specify number of threads because your CPU has 16 cores!
HINT: -nt AUTO will automatically determine the best number of threads to use.

Reading alignment file /home/mis/CSE6406-project/work/paper_subset_50x10_L200/ils_high/replicate_05/alignments/L200/locus_0004.phy ... Phylip format detected
Alignment most likely contains DNA/RNA sequences
Alignment has 21 sequences with 200 columns, 77 distinct patterns
56 parsimony-informative, 17 singleton sites, 127 constant sites
        Gap/Ambiguity  Composition  p-value
Analyzing sequences: done in 1.4611e-05 secs using 41.06% CPU
   1  13_0_0    0.00%    passed     82.46%
   2  15_0_0    0.00%    passed     86.22%
   3  20_0_0    0.00%    passed     86.22%
   4  12_0_0    0.00%    passed     95.95%
   5  6_0_0     0.00%    passed     93.17%
   6  9_0_0     0.00%    passed     99.79%
   7  11_0_0    0.00%    passed     96.19%
   8  16_0_0    0.00%    passed     98.00%
   9  17_0_0    0.00%    passed     99.30%
  10  19_0_0    0.00%    passed     87.09%
  11  4_0_0     0.00%    passed     94.13%
  12  3_0_0     0.00%    passed     99.60%
  13  1_0_0     0.00%    passed     98.36%
  14  7_0_0     0.00%    passed     98.54%
  15  8_0_0     0.00%    passed     99.17%
  16  18_0_0    0.00%    passed     77.46%
  17  14_0_0    0.00%    passed     74.42%
  18  10_0_0    0.00%    passed     82.13%
  19  5_0_0     0.00%    passed     95.50%
  20  0_0_0     0.00%    passed     92.72%
  21  2_0_0     0.00%    passed     99.50%
****  TOTAL     0.00%  0 sequences failed composition chi2 test (p-value<5%; df=3)

Create initial parsimony tree by phylogenetic likelihood library (PLL)... 0.001 seconds

NOTE: 0 MB RAM (0 GB) is required!
Estimate model parameters (epsilon = 0.100)
1. Initial log-likelihood: -1415.361
2. Current log-likelihood: -1360.298
3. Current log-likelihood: -1354.373
4. Current log-likelihood: -1354.217
Optimal log-likelihood: -1354.214
Rate parameters:  A-C: 1.07290  A-G: 1.47677  A-T: 0.70366  C-G: 1.10723  C-T: 2.17226  G-T: 1.00000
Base frequencies:  A: 0.328  C: 0.173  G: 0.194  T: 0.305
Gamma shape alpha: 0.167
Parameters optimization took 4 rounds (0.037 sec)
Wrote distance file to... 
Computing ML distances based on estimated model parameters...
Calculating distance matrix: done in 0.00347376 secs using 98.94% CPU
Computing ML distances took 0.003519 sec (of wall-clock time) 0.003483 sec (of CPU time)
Setting up auxiliary I and S matrices: done in 4.8476e-05 secs
Computing RapidNJ tree took 0.000194 sec (of wall-clock time) 0.000000 sec (of CPU time)
Log-likelihood of RapidNJ tree: -1365.588
--------------------------------------------------------------------
|             INITIALIZING CANDIDATE TREE SET                      |
--------------------------------------------------------------------
Generating 98 parsimony trees... 0.111 second
Computing log-likelihood of 97 initial trees ... 0.092 seconds
Current best score: -1350.934

Do NNI search on 20 best initial trees
Estimate model parameters (epsilon = 0.100)
BETTER TREE FOUND at iteration 1: -1350.664
BETTER TREE FOUND at iteration 2: -1350.664
Iteration 10 / LogL: -1354.069 / Time: 0h:0m:0s
Iteration 20 / LogL: -1350.664 / Time: 0h:0m:0s
Finish initializing candidate tree set (9)
Current best tree score: -1350.664 / CPU time: 0.495
Number of iterations: 20
--------------------------------------------------------------------
|               OPTIMIZING CANDIDATE TREE SET                      |
--------------------------------------------------------------------
Estimate model parameters (epsilon = 0.100)
BETTER TREE FOUND at iteration 25: -1349.062
Iteration 30 / LogL: -1350.777 / Time: 0h:0m:0s (0h:0m:2s left)
UPDATE BEST LOG-LIKELIHOOD: -1349.062
UPDATE BEST LOG-LIKELIHOOD: -1349.062
Iteration 40 / LogL: -1351.655 / Time: 0h:0m:0s (0h:0m:1s left)
Estimate model parameters (epsilon = 0.100)
BETTER TREE FOUND at iteration 44: -1347.628
BETTER TREE FOUND at iteration 50: -1347.628
Iteration 50 / LogL: -1347.628 / Time: 0h:0m:1s (0h:0m:2s left)
UPDATE BEST LOG-LIKELIHOOD: -1347.628
Iteration 60 / LogL: -1347.628 / Time: 0h:0m:1s (0h:0m:1s left)
UPDATE BEST LOG-LIKELIHOOD: -1347.628
UPDATE BEST LOG-LIKELIHOOD: -1347.628
Iteration 70 / LogL: -1350.053 / Time: 0h:0m:1s (0h:0m:1s left)
Iteration 80 / LogL: -1348.093 / Time: 0h:0m:1s (0h:0m:1s left)
UPDATE BEST LOG-LIKELIHOOD: -1347.628
Iteration 90 / LogL: -1349.135 / Time: 0h:0m:1s (0h:0m:1s left)
Iteration 100 / LogL: -1347.628 / Time: 0h:0m:1s (0h:0m:0s left)
Iteration 110 / LogL: -1350.683 / Time: 0h:0m:1s (0h:0m:0s left)
Iteration 120 / LogL: -1347.628 / Time: 0h:0m:1s (0h:0m:0s left)
Iteration 130 / LogL: -1347.628 / Time: 0h:0m:2s (0h:0m:0s left)
UPDATE BEST LOG-LIKELIHOOD: -1347.628
Iteration 140 / LogL: -1347.628 / Time: 0h:0m:2s (0h:0m:0s left)
Iteration 150 / LogL: -1347.628 / Time: 0h:0m:2s (0h:0m:0s left)
TREE SEARCH COMPLETED AFTER 151 ITERATIONS / Time: 0h:0m:2s

--------------------------------------------------------------------
|                    FINALIZING TREE SEARCH                        |
--------------------------------------------------------------------
Performs final model parameters optimization
Estimate model parameters (epsilon = 0.010)
1. Initial log-likelihood: -1347.628
Optimal log-likelihood: -1347.627
Rate parameters:  A-C: 1.03197  A-G: 1.59495  A-T: 0.69848  C-G: 1.14068  C-T: 2.41747  G-T: 1.00000
Base frequencies:  A: 0.328  C: 0.173  G: 0.194  T: 0.305
Gamma shape alpha: 0.161
Parameters optimization took 1 rounds (0.003 sec)
BEST SCORE FOUND : -1347.627

Testing tree branches by aBayes parametric test...
0.002 sec.
Total tree length: 1.405

Total number of iterations: 151
CPU time used for tree search: 2.273 sec (0h:0m:2s)
Wall-clock time used for tree search: 2.429 sec (0h:0m:2s)
Total CPU time used: 2.334 sec (0h:0m:2s)
Total wall-clock time used: 2.492 sec (0h:0m:2s)

Analysis results written to: 
  IQ-TREE report:                /home/mis/CSE6406-project/work/paper_subset_50x10_L200/ils_high/replicate_05/estimated_gene_trees/L200/gtr_g4/locus_0004.iqtree
  Maximum-likelihood tree:       /home/mis/CSE6406-project/work/paper_subset_50x10_L200/ils_high/replicate_05/estimated_gene_trees/L200/gtr_g4/locus_0004.treefile
  Likelihood distances:          /home/mis/CSE6406-project/work/paper_subset_50x10_L200/ils_high/replicate_05/estimated_gene_trees/L200/gtr_g4/locus_0004.mldist
  Screen log file:               /home/mis/CSE6406-project/work/paper_subset_50x10_L200/ils_high/replicate_05/estimated_gene_trees/L200/gtr_g4/locus_0004.log

Date and Time: Sat Sep 12 21:43:05 2026
