IQ-TREE multicore version 2.4.0 for Linux x86 64-bit built Feb 12 2025
Developed by Bui Quang Minh, Nguyen Lam Tung, Olga Chernomor, Heiko Schmidt,
Dominik Schrempf, Michael Woodhams, Ly Trong Nhan, Thomas Wong

Host:    ezmata (AVX2, FMA3, 15 GB RAM)
Command: /home/mis/miniconda3/envs/cse6406/bin/iqtree2 -s /home/mis/CSE6406-project/work/paper_subset_50x10_L200/ils_high/replicate_05/alignments/L200/locus_0017.phy -m GTR+G4 --abayes -T 1 --seed 6906018 --prefix /home/mis/CSE6406-project/work/paper_subset_50x10_L200/ils_high/replicate_05/estimated_gene_trees/L200/gtr_g4/locus_0017 --redo --quiet
Seed:    6906018 (Using SPRNG - Scalable Parallel Random Number Generator)
Time:    Sat Sep 12 21:43:05 2026
Kernel:  AVX+FMA - 1 threads (16 CPU cores detected)

HINT: Use -nt option to specify number of threads because your CPU has 16 cores!
HINT: -nt AUTO will automatically determine the best number of threads to use.

Reading alignment file /home/mis/CSE6406-project/work/paper_subset_50x10_L200/ils_high/replicate_05/alignments/L200/locus_0017.phy ... Phylip format detected
Alignment most likely contains DNA/RNA sequences
Alignment has 21 sequences with 200 columns, 81 distinct patterns
52 parsimony-informative, 26 singleton sites, 122 constant sites
        Gap/Ambiguity  Composition  p-value
Analyzing sequences: done in 9.40799e-06 secs using 63.78% CPU
   1  0_0_0     0.00%    passed     90.21%
   2  2_0_0     0.00%    passed     67.44%
   3  12_0_0    0.00%    passed     89.69%
   4  1_0_0     0.00%    passed     86.46%
   5  6_0_0     0.00%    passed     95.40%
   6  9_0_0     0.00%    passed     92.80%
   7  7_0_0     0.00%    passed     95.75%
   8  8_0_0     0.00%    passed     86.61%
   9  20_0_0    0.00%    passed     88.04%
  10  15_0_0    0.00%    passed     89.22%
  11  18_0_0    0.00%    passed     99.24%
  12  11_0_0    0.00%    passed     96.15%
  13  5_0_0     0.00%    passed     80.74%
  14  10_0_0    0.00%    passed     97.91%
  15  14_0_0    0.00%    passed     97.34%
  16  13_0_0    0.00%    passed     99.24%
  17  17_0_0    0.00%    passed     77.91%
  18  19_0_0    0.00%    passed     97.34%
  19  16_0_0    0.00%    passed     85.19%
  20  3_0_0     0.00%    passed     97.38%
  21  4_0_0     0.00%    passed     97.75%
****  TOTAL     0.00%  0 sequences failed composition chi2 test (p-value<5%; df=3)

Create initial parsimony tree by phylogenetic likelihood library (PLL)... 0.001 seconds

NOTE: 0 MB RAM (0 GB) is required!
Estimate model parameters (epsilon = 0.100)
1. Initial log-likelihood: -1514.275
2. Current log-likelihood: -1450.375
3. Current log-likelihood: -1448.355
Optimal log-likelihood: -1448.325
Rate parameters:  A-C: 0.81244  A-G: 2.22086  A-T: 1.15337  C-G: 0.96840  C-T: 1.57642  G-T: 1.00000
Base frequencies:  A: 0.282  C: 0.219  G: 0.197  T: 0.301
Gamma shape alpha: 0.206
Parameters optimization took 3 rounds (0.025 sec)
Wrote distance file to... 
Computing ML distances based on estimated model parameters...
Calculating distance matrix: done in 0.00336554 secs using 98.47% CPU
Computing ML distances took 0.003455 sec (of wall-clock time) 0.003405 sec (of CPU time)
Setting up auxiliary I and S matrices: done in 6.8782e-05 secs using 98.86% CPU
Computing RapidNJ tree took 0.000278 sec (of wall-clock time) 0.000276 sec (of CPU time)
Log-likelihood of RapidNJ tree: -1454.241
--------------------------------------------------------------------
|             INITIALIZING CANDIDATE TREE SET                      |
--------------------------------------------------------------------
Generating 98 parsimony trees... 0.072 second
Computing log-likelihood of 98 initial trees ... 0.079 seconds
Current best score: -1447.036

Do NNI search on 20 best initial trees
Estimate model parameters (epsilon = 0.100)
BETTER TREE FOUND at iteration 1: -1446.620
Estimate model parameters (epsilon = 0.100)
BETTER TREE FOUND at iteration 2: -1446.571
UPDATE BEST LOG-LIKELIHOOD: -1446.571
Iteration 10 / LogL: -1446.571 / Time: 0h:0m:0s
Iteration 20 / LogL: -1446.812 / Time: 0h:0m:0s
Finish initializing candidate tree set (16)
Current best tree score: -1446.571 / CPU time: 0.402
Number of iterations: 20
--------------------------------------------------------------------
|               OPTIMIZING CANDIDATE TREE SET                      |
--------------------------------------------------------------------
UPDATE BEST LOG-LIKELIHOOD: -1446.571
Iteration 30 / LogL: -1446.625 / Time: 0h:0m:0s (0h:0m:1s left)
Iteration 40 / LogL: -1446.571 / Time: 0h:0m:0s (0h:0m:1s left)
UPDATE BEST LOG-LIKELIHOOD: -1446.571
Iteration 50 / LogL: -1446.571 / Time: 0h:0m:0s (0h:0m:0s left)
UPDATE BEST LOG-LIKELIHOOD: -1446.570
Iteration 60 / LogL: -1446.571 / Time: 0h:0m:1s (0h:0m:0s left)
Iteration 70 / LogL: -1446.571 / Time: 0h:0m:1s (0h:0m:0s left)
Iteration 80 / LogL: -1446.571 / Time: 0h:0m:1s (0h:0m:0s left)
Iteration 90 / LogL: -1446.571 / Time: 0h:0m:1s (0h:0m:0s left)
Iteration 100 / LogL: -1447.252 / Time: 0h:0m:1s (0h:0m:0s left)
TREE SEARCH COMPLETED AFTER 103 ITERATIONS / Time: 0h:0m:1s

--------------------------------------------------------------------
|                    FINALIZING TREE SEARCH                        |
--------------------------------------------------------------------
Performs final model parameters optimization
Estimate model parameters (epsilon = 0.010)
1. Initial log-likelihood: -1446.570
Optimal log-likelihood: -1446.570
Rate parameters:  A-C: 0.78939  A-G: 2.21830  A-T: 1.05229  C-G: 0.86724  C-T: 1.43274  G-T: 1.00000
Base frequencies:  A: 0.282  C: 0.219  G: 0.197  T: 0.301
Gamma shape alpha: 0.211
Parameters optimization took 1 rounds (0.002 sec)
BEST SCORE FOUND : -1446.570

Testing tree branches by aBayes parametric test...
0.002 sec.
Total tree length: 1.675

Total number of iterations: 103
CPU time used for tree search: 1.585 sec (0h:0m:1s)
Wall-clock time used for tree search: 1.687 sec (0h:0m:1s)
Total CPU time used: 1.629 sec (0h:0m:1s)
Total wall-clock time used: 1.734 sec (0h:0m:1s)

Analysis results written to: 
  IQ-TREE report:                /home/mis/CSE6406-project/work/paper_subset_50x10_L200/ils_high/replicate_05/estimated_gene_trees/L200/gtr_g4/locus_0017.iqtree
  Maximum-likelihood tree:       /home/mis/CSE6406-project/work/paper_subset_50x10_L200/ils_high/replicate_05/estimated_gene_trees/L200/gtr_g4/locus_0017.treefile
  Likelihood distances:          /home/mis/CSE6406-project/work/paper_subset_50x10_L200/ils_high/replicate_05/estimated_gene_trees/L200/gtr_g4/locus_0017.mldist
  Screen log file:               /home/mis/CSE6406-project/work/paper_subset_50x10_L200/ils_high/replicate_05/estimated_gene_trees/L200/gtr_g4/locus_0017.log

Date and Time: Sat Sep 12 21:43:06 2026
