IQ-TREE multicore version 2.4.0 for Linux x86 64-bit built Feb 12 2025
Developed by Bui Quang Minh, Nguyen Lam Tung, Olga Chernomor, Heiko Schmidt,
Dominik Schrempf, Michael Woodhams, Ly Trong Nhan, Thomas Wong

Host:    ezmata (AVX2, FMA3, 15 GB RAM)
Command: /home/mis/miniconda3/envs/cse6406/bin/iqtree2 -s /home/mis/CSE6406-project/work/paper_subset_50x10_L800/ils_high/replicate_03/alignments/L800/locus_0029.phy -m GTR --abayes -T 1 --seed 6706030 --prefix /home/mis/CSE6406-project/work/paper_subset_50x10_L800/ils_high/replicate_03/estimated_gene_trees/L800/gtr/locus_0029 --redo --quiet
Seed:    6706030 (Using SPRNG - Scalable Parallel Random Number Generator)
Time:    Sat Sep 12 19:52:50 2026
Kernel:  AVX+FMA - 1 threads (16 CPU cores detected)

HINT: Use -nt option to specify number of threads because your CPU has 16 cores!
HINT: -nt AUTO will automatically determine the best number of threads to use.

Reading alignment file /home/mis/CSE6406-project/work/paper_subset_50x10_L800/ils_high/replicate_03/alignments/L800/locus_0029.phy ... Phylip format detected
Alignment most likely contains DNA/RNA sequences
Alignment has 21 sequences with 800 columns, 431 distinct patterns
368 parsimony-informative, 70 singleton sites, 362 constant sites
        Gap/Ambiguity  Composition  p-value
Analyzing sequences: done in 0.00127283 secs using 5.657% CPU
   1  0_0_0     0.00%    passed     27.05%
   2  15_0_0    0.00%    passed     76.10%
   3  6_0_0     0.00%    passed     72.58%
   4  4_0_0     0.00%    passed     91.34%
   5  7_0_0     0.00%    passed     92.58%
   6  14_0_0    0.00%    passed     57.39%
   7  5_0_0     0.00%    passed     42.01%
   8  2_0_0     0.00%    passed     91.57%
   9  1_0_0     0.00%    passed     74.12%
  10  3_0_0     0.00%    passed     49.49%
  11  20_0_0    0.00%    passed     69.86%
  12  9_0_0     0.00%    passed     72.87%
  13  18_0_0    0.00%    passed     72.81%
  14  17_0_0    0.00%    passed     72.19%
  15  12_0_0    0.00%    passed     91.90%
  16  13_0_0    0.00%    passed     85.59%
  17  10_0_0    0.00%    passed     76.04%
  18  19_0_0    0.00%    passed     78.67%
  19  16_0_0    0.00%    passed     98.28%
  20  8_0_0     0.00%    passed     80.33%
  21  11_0_0    0.00%    passed     98.62%
****  TOTAL     0.00%  0 sequences failed composition chi2 test (p-value<5%; df=3)

Create initial parsimony tree by phylogenetic likelihood library (PLL)... 0.007 seconds

NOTE: 0 MB RAM (0 GB) is required!
Estimate model parameters (epsilon = 0.100)
1. Initial log-likelihood: -12399.879
2. Current log-likelihood: -12338.888
3. Current log-likelihood: -12338.740
Optimal log-likelihood: -12338.735
Rate parameters:  A-C: 1.26823  A-G: 1.40071  A-T: 1.19702  C-G: 0.98304  C-T: 1.54522  G-T: 1.00000
Base frequencies:  A: 0.292  C: 0.188  G: 0.216  T: 0.305
Parameters optimization took 3 rounds (0.051 sec)
Wrote distance file to... 
Computing ML distances based on estimated model parameters...
Calculating distance matrix: done in 0.00178141 secs using 97.79% CPU
Computing ML distances took 0.001886 sec (of wall-clock time) 0.001842 sec (of CPU time)
Setting up auxiliary I and S matrices: done in 7.6819e-05 secs using 88.52% CPU
Computing RapidNJ tree took 0.000320 sec (of wall-clock time) 0.000290 sec (of CPU time)
Log-likelihood of RapidNJ tree: -12378.665
--------------------------------------------------------------------
|             INITIALIZING CANDIDATE TREE SET                      |
--------------------------------------------------------------------
Generating 98 parsimony trees... 0.586 second
Computing log-likelihood of 98 initial trees ... 0.240 seconds
Current best score: -12337.217

Do NNI search on 20 best initial trees
Estimate model parameters (epsilon = 0.100)
BETTER TREE FOUND at iteration 1: -12334.343
Estimate model parameters (epsilon = 0.100)
BETTER TREE FOUND at iteration 9: -12333.565
Iteration 10 / LogL: -12338.118 / Time: 0h:0m:1s
Estimate model parameters (epsilon = 0.100)
BETTER TREE FOUND at iteration 17: -12333.412
Iteration 20 / LogL: -12334.324 / Time: 0h:0m:2s
Finish initializing candidate tree set (12)
Current best tree score: -12333.412 / CPU time: 1.932
Number of iterations: 20
--------------------------------------------------------------------
|               OPTIMIZING CANDIDATE TREE SET                      |
--------------------------------------------------------------------
Estimate model parameters (epsilon = 0.100)
BETTER TREE FOUND at iteration 25: -12332.863
Iteration 30 / LogL: -12334.354 / Time: 0h:0m:2s (0h:0m:8s left)
Iteration 40 / LogL: -12333.668 / Time: 0h:0m:3s (0h:0m:6s left)
Iteration 50 / LogL: -12334.322 / Time: 0h:0m:3s (0h:0m:5s left)
Estimate model parameters (epsilon = 0.100)
BETTER TREE FOUND at iteration 53: -12332.761
Iteration 60 / LogL: -12333.265 / Time: 0h:0m:4s (0h:0m:6s left)
Iteration 70 / LogL: -12333.265 / Time: 0h:0m:4s (0h:0m:5s left)
Iteration 80 / LogL: -12333.264 / Time: 0h:0m:5s (0h:0m:4s left)
Iteration 90 / LogL: -12334.193 / Time: 0h:0m:5s (0h:0m:3s left)
Iteration 100 / LogL: -12333.263 / Time: 0h:0m:5s (0h:0m:3s left)
Iteration 110 / LogL: -12353.639 / Time: 0h:0m:6s (0h:0m:2s left)
Iteration 120 / LogL: -12333.483 / Time: 0h:0m:7s (0h:0m:1s left)
Iteration 130 / LogL: -12333.263 / Time: 0h:0m:7s (0h:0m:1s left)
Iteration 140 / LogL: -12333.542 / Time: 0h:0m:7s (0h:0m:0s left)
Iteration 150 / LogL: -12332.815 / Time: 0h:0m:8s (0h:0m:0s left)
TREE SEARCH COMPLETED AFTER 154 ITERATIONS / Time: 0h:0m:8s

--------------------------------------------------------------------
|                    FINALIZING TREE SEARCH                        |
--------------------------------------------------------------------
Performs final model parameters optimization
Estimate model parameters (epsilon = 0.010)
1. Initial log-likelihood: -12332.761
Optimal log-likelihood: -12332.756
Rate parameters:  A-C: 1.30981  A-G: 1.44502  A-T: 1.22672  C-G: 0.94377  C-T: 1.55072  G-T: 1.00000
Base frequencies:  A: 0.292  C: 0.188  G: 0.216  T: 0.305
Parameters optimization took 1 rounds (0.006 sec)
BEST SCORE FOUND : -12332.756

Testing tree branches by aBayes parametric test...
0.008 sec.
Total tree length: 3.981

Total number of iterations: 154
CPU time used for tree search: 5.373 sec (0h:0m:5s)
Wall-clock time used for tree search: 8.069 sec (0h:0m:8s)
Total CPU time used: 5.439 sec (0h:0m:5s)
Total wall-clock time used: 8.187 sec (0h:0m:8s)

Analysis results written to: 
  IQ-TREE report:                /home/mis/CSE6406-project/work/paper_subset_50x10_L800/ils_high/replicate_03/estimated_gene_trees/L800/gtr/locus_0029.iqtree
  Maximum-likelihood tree:       /home/mis/CSE6406-project/work/paper_subset_50x10_L800/ils_high/replicate_03/estimated_gene_trees/L800/gtr/locus_0029.treefile
  Likelihood distances:          /home/mis/CSE6406-project/work/paper_subset_50x10_L800/ils_high/replicate_03/estimated_gene_trees/L800/gtr/locus_0029.mldist
  Screen log file:               /home/mis/CSE6406-project/work/paper_subset_50x10_L800/ils_high/replicate_03/estimated_gene_trees/L800/gtr/locus_0029.log

Date and Time: Sat Sep 12 19:52:58 2026
