IQ-TREE multicore version 2.4.0 for Linux x86 64-bit built Feb 12 2025
Developed by Bui Quang Minh, Nguyen Lam Tung, Olga Chernomor, Heiko Schmidt,
Dominik Schrempf, Michael Woodhams, Ly Trong Nhan, Thomas Wong

Host:    ezmata (AVX2, FMA3, 15 GB RAM)
Command: /home/mis/miniconda3/envs/cse6406/bin/iqtree2 -s /home/mis/CSE6406-project/work/paper_subset_50x10_L800/ils_high/replicate_03/alignments/L800/locus_0001.phy -m GTR --abayes -T 1 --seed 6706002 --prefix /home/mis/CSE6406-project/work/paper_subset_50x10_L800/ils_high/replicate_03/estimated_gene_trees/L800/gtr/locus_0001 --redo --quiet
Seed:    6706002 (Using SPRNG - Scalable Parallel Random Number Generator)
Time:    Sat Sep 12 19:52:41 2026
Kernel:  AVX+FMA - 1 threads (16 CPU cores detected)

HINT: Use -nt option to specify number of threads because your CPU has 16 cores!
HINT: -nt AUTO will automatically determine the best number of threads to use.

Reading alignment file /home/mis/CSE6406-project/work/paper_subset_50x10_L800/ils_high/replicate_03/alignments/L800/locus_0001.phy ... Phylip format detected
Alignment most likely contains DNA/RNA sequences
Alignment has 21 sequences with 800 columns, 488 distinct patterns
426 parsimony-informative, 72 singleton sites, 302 constant sites
        Gap/Ambiguity  Composition  p-value
Analyzing sequences: done in 7.5981e-05 secs using 97.39% CPU
   1  0_0_0     0.00%    passed     36.86%
   2  16_0_0    0.00%    passed     80.42%
   3  14_0_0    0.00%    passed     92.69%
   4  6_0_0     0.00%    passed     80.80%
   5  9_0_0     0.00%    passed     58.32%
   6  5_0_0     0.00%    passed     75.17%
   7  7_0_0     0.00%    passed     70.33%
   8  20_0_0    0.00%    passed     94.42%
   9  11_0_0    0.00%    passed     64.76%
  10  8_0_0     0.00%    passed     84.87%
  11  10_0_0    0.00%    passed     58.36%
  12  19_0_0    0.00%    passed     76.59%
  13  18_0_0    0.00%    passed     53.70%
  14  15_0_0    0.00%    passed     54.78%
  15  3_0_0     0.00%    passed     60.85%
  16  2_0_0     0.00%    passed     80.42%
  17  1_0_0     0.00%    passed     63.71%
  18  13_0_0    0.00%    passed     68.80%
  19  4_0_0     0.00%    passed     93.67%
  20  12_0_0    0.00%    passed     91.42%
  21  17_0_0    0.00%    passed     64.81%
****  TOTAL     0.00%  0 sequences failed composition chi2 test (p-value<5%; df=3)

Create initial parsimony tree by phylogenetic likelihood library (PLL)... 0.002 seconds

NOTE: 0 MB RAM (0 GB) is required!
Estimate model parameters (epsilon = 0.100)
1. Initial log-likelihood: -13166.596
2. Current log-likelihood: -13102.805
3. Current log-likelihood: -13102.647
Optimal log-likelihood: -13102.647
Rate parameters:  A-C: 0.87003  A-G: 1.35758  A-T: 0.98614  C-G: 0.89088  C-T: 1.32237  G-T: 1.00000
Base frequencies:  A: 0.307  C: 0.208  G: 0.189  T: 0.296
Parameters optimization took 3 rounds (0.199 sec)
Wrote distance file to... 
Computing ML distances based on estimated model parameters...
Calculating distance matrix: done in 0.00465169 secs using 35.13% CPU
Computing ML distances took 0.004815 sec (of wall-clock time) 0.001799 sec (of CPU time)
Setting up auxiliary I and S matrices: done in 7.918e-05 secs using 93.46% CPU
Computing RapidNJ tree took 0.000314 sec (of wall-clock time) 0.000298 sec (of CPU time)
Log-likelihood of RapidNJ tree: -13148.271
--------------------------------------------------------------------
|             INITIALIZING CANDIDATE TREE SET                      |
--------------------------------------------------------------------
Generating 98 parsimony trees... 0.801 second
Computing log-likelihood of 98 initial trees ... 0.633 seconds
Current best score: -13096.866

Do NNI search on 20 best initial trees
Estimate model parameters (epsilon = 0.100)
BETTER TREE FOUND at iteration 1: -13092.017
Iteration 10 / LogL: -13099.300 / Time: 0h:0m:2s
Iteration 20 / LogL: -13098.067 / Time: 0h:0m:2s
Finish initializing candidate tree set (19)
Current best tree score: -13092.017 / CPU time: 2.266
Number of iterations: 20
--------------------------------------------------------------------
|               OPTIMIZING CANDIDATE TREE SET                      |
--------------------------------------------------------------------
Iteration 30 / LogL: -13092.032 / Time: 0h:0m:3s (0h:0m:7s left)
Iteration 40 / LogL: -13092.022 / Time: 0h:0m:3s (0h:0m:5s left)
Iteration 50 / LogL: -13095.175 / Time: 0h:0m:4s (0h:0m:4s left)
Iteration 60 / LogL: -13092.199 / Time: 0h:0m:4s (0h:0m:3s left)
Iteration 70 / LogL: -13092.857 / Time: 0h:0m:5s (0h:0m:2s left)
Iteration 80 / LogL: -13092.039 / Time: 0h:0m:5s (0h:0m:1s left)
Iteration 90 / LogL: -13092.146 / Time: 0h:0m:5s (0h:0m:0s left)
Iteration 100 / LogL: -13092.023 / Time: 0h:0m:6s (0h:0m:0s left)
TREE SEARCH COMPLETED AFTER 102 ITERATIONS / Time: 0h:0m:6s

--------------------------------------------------------------------
|                    FINALIZING TREE SEARCH                        |
--------------------------------------------------------------------
Performs final model parameters optimization
Estimate model parameters (epsilon = 0.010)
1. Initial log-likelihood: -13092.017
Optimal log-likelihood: -13092.017
Rate parameters:  A-C: 0.90156  A-G: 1.39908  A-T: 0.96945  C-G: 0.90656  C-T: 1.32978  G-T: 1.00000
Base frequencies:  A: 0.307  C: 0.208  G: 0.189  T: 0.296
Parameters optimization took 1 rounds (0.009 sec)
BEST SCORE FOUND : -13092.017

Testing tree branches by aBayes parametric test...
0.013 sec.
Total tree length: 4.453

Total number of iterations: 102
CPU time used for tree search: 3.168 sec (0h:0m:3s)
Wall-clock time used for tree search: 6.644 sec (0h:0m:6s)
Total CPU time used: 3.244 sec (0h:0m:3s)
Total wall-clock time used: 6.937 sec (0h:0m:6s)

Analysis results written to: 
  IQ-TREE report:                /home/mis/CSE6406-project/work/paper_subset_50x10_L800/ils_high/replicate_03/estimated_gene_trees/L800/gtr/locus_0001.iqtree
  Maximum-likelihood tree:       /home/mis/CSE6406-project/work/paper_subset_50x10_L800/ils_high/replicate_03/estimated_gene_trees/L800/gtr/locus_0001.treefile
  Likelihood distances:          /home/mis/CSE6406-project/work/paper_subset_50x10_L800/ils_high/replicate_03/estimated_gene_trees/L800/gtr/locus_0001.mldist
  Screen log file:               /home/mis/CSE6406-project/work/paper_subset_50x10_L800/ils_high/replicate_03/estimated_gene_trees/L800/gtr/locus_0001.log

Date and Time: Sat Sep 12 19:52:48 2026
