IQ-TREE multicore version 2.4.0 for MacOS ARM 64-bit built Feb 12 2025
Developed by Bui Quang Minh, Nguyen Lam Tung, Olga Chernomor, Heiko Schmidt,
Dominik Schrempf, Michael Woodhams, Ly Trong Nhan, Thomas Wong

Host:    Fahims-MacBook-Air.local (SSE4.2, 16 GB RAM)
Command: /Users/fahim/miniconda3/envs/cse6406/bin/iqtree2 -s /Users/fahim/CSE6406-project/work/paper_subset_50x10_L1600/ils_high/replicate_04/alignments/L1600/locus_0036.phy -m GTR --abayes -T AUTO --seed 6806037 --prefix /Users/fahim/CSE6406-project/work/paper_subset_50x10_L1600/ils_high/replicate_04/estimated_gene_trees/L1600/gtr/locus_0036 --redo --quiet
Seed:    6806037 (Using SPRNG - Scalable Parallel Random Number Generator)
Time:    Sat Sep 12 07:33:09 2026
Kernel:  SSE2 - auto-detect threads (10 CPU cores detected)

Reading alignment file /Users/fahim/CSE6406-project/work/paper_subset_50x10_L1600/ils_high/replicate_04/alignments/L1600/locus_0036.phy ... Phylip format detected
Alignment most likely contains DNA/RNA sequences
Alignment has 21 sequences with 1600 columns, 494 distinct patterns
357 parsimony-informative, 188 singleton sites, 1055 constant sites
        Gap/Ambiguity  Composition  p-value
Analyzing sequences: done in 3.71933e-05 secs using 94.1% CPU
   1  11_0_0    0.00%    passed     99.85%
   2  16_0_0    0.00%    passed     97.38%
   3  1_0_0     0.00%    passed     94.10%
   4  4_0_0     0.00%    passed     93.23%
   5  10_0_0    0.00%    passed     98.04%
   6  5_0_0     0.00%    passed     97.53%
   7  7_0_0     0.00%    passed     97.26%
   8  12_0_0    0.00%    passed     89.24%
   9  3_0_0     0.00%    passed     71.94%
  10  6_0_0     0.00%    passed     93.16%
  11  13_0_0    0.00%    passed     95.30%
  12  15_0_0    0.00%    passed     94.46%
  13  2_0_0     0.00%    passed     86.02%
  14  17_0_0    0.00%    passed     98.41%
  15  19_0_0    0.00%    passed     98.67%
  16  20_0_0    0.00%    passed     97.46%
  17  18_0_0    0.00%    passed     90.02%
  18  14_0_0    0.00%    passed     99.45%
  19  8_0_0     0.00%    passed     96.02%
  20  9_0_0     0.00%    passed     83.66%
  21  0_0_0     0.00%    passed     95.43%
****  TOTAL     0.00%  0 sequences failed composition chi2 test (p-value<5%; df=3)

Create initial parsimony tree by phylogenetic likelihood library (PLL)... 0.000 seconds

NOTE: 0 MB RAM (0 GB) is required!
Measuring multi-threading efficiency up to 10 CPU cores
Increase to 10 rounds for branch lengths
7100 trees examined
Threads: 1 / Time: 10.000 sec / Speedup: 1.000 / Efficiency: 100% / LogL: -11687
Threads: 2 / Time: 26.536 sec / Speedup: 0.377 / Efficiency: 19% / LogL: -11687
BEST NUMBER OF THREADS: 1

Estimate model parameters (epsilon = 0.100)
1. Initial log-likelihood: -10332.144
2. Current log-likelihood: -10235.126
Optimal log-likelihood: -10235.041
Rate parameters:  A-C: 1.15528  A-G: 2.14948  A-T: 1.14863  C-G: 0.98276  C-T: 2.07698  G-T: 1.00000
Base frequencies:  A: 0.288  C: 0.205  G: 0.190  T: 0.317
Parameters optimization took 2 rounds (0.005 sec)
Wrote distance file to... 
Computing ML distances based on estimated model parameters...
Calculating distance matrix: done in 0.000396967 secs using 98.75% CPU
Computing ML distances took 0.000423 sec (of wall-clock time) 0.000412 sec (of CPU time)
Setting up auxiliary I and S matrices: done in 1.38283e-05 secs using 72.32% CPU
Computing RapidNJ tree took 0.000056 sec (of wall-clock time) 0.000052 sec (of CPU time)
Log-likelihood of RapidNJ tree: -10337.525
--------------------------------------------------------------------
|             INITIALIZING CANDIDATE TREE SET                      |
--------------------------------------------------------------------
Generating 98 parsimony trees... 0.053 second
Computing log-likelihood of 98 initial trees ... 0.039 seconds
Current best score: -10235.041

Do NNI search on 20 best initial trees
Estimate model parameters (epsilon = 0.100)
BETTER TREE FOUND at iteration 1: -10235.041
Iteration 10 / LogL: -10235.041 / Time: 0h:0m:36s
Iteration 20 / LogL: -10235.041 / Time: 0h:0m:36s
Finish initializing candidate tree set (7)
Current best tree score: -10235.041 / CPU time: 0.181
Number of iterations: 20
--------------------------------------------------------------------
|               OPTIMIZING CANDIDATE TREE SET                      |
--------------------------------------------------------------------
Iteration 30 / LogL: -10240.536 / Time: 0h:0m:36s (0h:1m:30s left)
Iteration 40 / LogL: -10245.683 / Time: 0h:0m:36s (0h:0m:57s left)
Iteration 50 / LogL: -10235.041 / Time: 0h:0m:36s (0h:0m:38s left)
Iteration 60 / LogL: -10240.534 / Time: 0h:0m:36s (0h:0m:25s left)
Iteration 70 / LogL: -10235.178 / Time: 0h:0m:36s (0h:0m:16s left)
Iteration 80 / LogL: -10240.691 / Time: 0h:0m:37s (0h:0m:9s left)
Iteration 90 / LogL: -10235.042 / Time: 0h:0m:37s (0h:0m:4s left)
Iteration 100 / LogL: -10240.534 / Time: 0h:0m:37s (0h:0m:0s left)
TREE SEARCH COMPLETED AFTER 102 ITERATIONS / Time: 0h:0m:37s

--------------------------------------------------------------------
|                    FINALIZING TREE SEARCH                        |
--------------------------------------------------------------------
Performs final model parameters optimization
Estimate model parameters (epsilon = 0.010)
1. Initial log-likelihood: -10235.041
Optimal log-likelihood: -10235.041
Rate parameters:  A-C: 1.15674  A-G: 2.15197  A-T: 1.15053  C-G: 0.98427  C-T: 2.07961  G-T: 1.00000
Base frequencies:  A: 0.288  C: 0.205  G: 0.190  T: 0.317
Parameters optimization took 1 rounds (0.001 sec)
BEST SCORE FOUND : -10235.041

Testing tree branches by aBayes parametric test...
0.001 sec.
Total tree length: 1.001

Total number of iterations: 102
CPU time used for tree search: 0.615 sec (0h:0m:0s)
Wall-clock time used for tree search: 0.617 sec (0h:0m:0s)
Total CPU time used: 29.366 sec (0h:0m:29s)
Total wall-clock time used: 37.166 sec (0h:0m:37s)

Analysis results written to: 
  IQ-TREE report:                /Users/fahim/CSE6406-project/work/paper_subset_50x10_L1600/ils_high/replicate_04/estimated_gene_trees/L1600/gtr/locus_0036.iqtree
  Maximum-likelihood tree:       /Users/fahim/CSE6406-project/work/paper_subset_50x10_L1600/ils_high/replicate_04/estimated_gene_trees/L1600/gtr/locus_0036.treefile
  Likelihood distances:          /Users/fahim/CSE6406-project/work/paper_subset_50x10_L1600/ils_high/replicate_04/estimated_gene_trees/L1600/gtr/locus_0036.mldist
  Screen log file:               /Users/fahim/CSE6406-project/work/paper_subset_50x10_L1600/ils_high/replicate_04/estimated_gene_trees/L1600/gtr/locus_0036.log

Date and Time: Sat Sep 12 07:33:46 2026
