IQ-TREE multicore version 2.4.0 for MacOS ARM 64-bit built Feb 12 2025
Developed by Bui Quang Minh, Nguyen Lam Tung, Olga Chernomor, Heiko Schmidt,
Dominik Schrempf, Michael Woodhams, Ly Trong Nhan, Thomas Wong

Host:    Fahims-MacBook-Air.local (SSE4.2, 16 GB RAM)
Command: /Users/fahim/miniconda3/envs/cse6406/bin/iqtree2 -s /Users/fahim/CSE6406-project/work/paper_subset_50x10_L1600/ils_high/replicate_04/alignments/L1600/locus_0043.phy -m GTR --abayes -T AUTO --seed 6806044 --prefix /Users/fahim/CSE6406-project/work/paper_subset_50x10_L1600/ils_high/replicate_04/estimated_gene_trees/L1600/gtr/locus_0043 --redo --quiet
Seed:    6806044 (Using SPRNG - Scalable Parallel Random Number Generator)
Time:    Sat Sep 12 07:37:29 2026
Kernel:  SSE2 - auto-detect threads (10 CPU cores detected)

Reading alignment file /Users/fahim/CSE6406-project/work/paper_subset_50x10_L1600/ils_high/replicate_04/alignments/L1600/locus_0043.phy ... Phylip format detected
Alignment most likely contains DNA/RNA sequences
Alignment has 21 sequences with 1600 columns, 475 distinct patterns
328 parsimony-informative, 189 singleton sites, 1083 constant sites
        Gap/Ambiguity  Composition  p-value
Analyzing sequences: done in 3.00407e-05 secs using 109.9% CPU
   1  2_0_0     0.00%    passed     98.07%
   2  14_0_0    0.00%    passed     98.87%
   3  5_0_0     0.00%    passed     95.60%
   4  7_0_0     0.00%    passed     88.66%
   5  8_0_0     0.00%    passed     98.87%
   6  3_0_0     0.00%    passed     93.01%
   7  12_0_0    0.00%    passed     95.16%
   8  13_0_0    0.00%    passed     99.92%
   9  6_0_0     0.00%    passed     93.21%
  10  15_0_0    0.00%    passed     62.54%
  11  20_0_0    0.00%    passed     99.61%
  12  18_0_0    0.00%    passed     88.11%
  13  1_0_0     0.00%    passed     93.59%
  14  4_0_0     0.00%    passed     81.58%
  15  11_0_0    0.00%    passed     86.44%
  16  16_0_0    0.00%    passed     92.85%
  17  17_0_0    0.00%    passed     91.87%
  18  19_0_0    0.00%    passed     93.96%
  19  9_0_0     0.00%    passed     99.45%
  20  10_0_0    0.00%    passed     97.21%
  21  0_0_0     0.00%    passed     97.97%
****  TOTAL     0.00%  0 sequences failed composition chi2 test (p-value<5%; df=3)

Create initial parsimony tree by phylogenetic likelihood library (PLL)... 0.000 seconds

NOTE: 0 MB RAM (0 GB) is required!
Measuring multi-threading efficiency up to 10 CPU cores
Increase to 10 rounds for branch lengths
7494 trees examined
Threads: 1 / Time: 10.002 sec / Speedup: 1.000 / Efficiency: 100% / LogL: -11545
Threads: 2 / Time: 27.020 sec / Speedup: 0.370 / Efficiency: 19% / LogL: -11545
BEST NUMBER OF THREADS: 1

Estimate model parameters (epsilon = 0.100)
1. Initial log-likelihood: -10056.228
2. Current log-likelihood: -9968.534
3. Current log-likelihood: -9968.306
Optimal log-likelihood: -9968.303
Rate parameters:  A-C: 0.74359  A-G: 1.67556  A-T: 0.97301  C-G: 0.91610  C-T: 1.87046  G-T: 1.00000
Base frequencies:  A: 0.326  C: 0.205  G: 0.187  T: 0.282
Parameters optimization took 3 rounds (0.006 sec)
Wrote distance file to... 
Computing ML distances based on estimated model parameters...
Calculating distance matrix: done in 0.00044179 secs using 98.92% CPU
Computing ML distances took 0.000469 sec (of wall-clock time) 0.000458 sec (of CPU time)
Setting up auxiliary I and S matrices: done in 1.50204e-05 secs using 73.23% CPU
Computing RapidNJ tree took 0.000058 sec (of wall-clock time) 0.000058 sec (of CPU time)
Log-likelihood of RapidNJ tree: -10051.692
--------------------------------------------------------------------
|             INITIALIZING CANDIDATE TREE SET                      |
--------------------------------------------------------------------
Generating 98 parsimony trees... 0.052 second
Computing log-likelihood of 98 initial trees ... 0.038 seconds
Current best score: -9968.303

Do NNI search on 20 best initial trees
Estimate model parameters (epsilon = 0.100)
BETTER TREE FOUND at iteration 1: -9968.303
UPDATE BEST LOG-LIKELIHOOD: -9968.303
UPDATE BEST LOG-LIKELIHOOD: -9968.303
Iteration 10 / LogL: -9991.420 / Time: 0h:0m:37s
UPDATE BEST LOG-LIKELIHOOD: -9968.303
Iteration 20 / LogL: -9968.305 / Time: 0h:0m:37s
Finish initializing candidate tree set (4)
Current best tree score: -9968.303 / CPU time: 0.181
Number of iterations: 20
--------------------------------------------------------------------
|               OPTIMIZING CANDIDATE TREE SET                      |
--------------------------------------------------------------------
Iteration 30 / LogL: -10009.660 / Time: 0h:0m:37s (0h:1m:31s left)
Iteration 40 / LogL: -9985.283 / Time: 0h:0m:37s (0h:0m:58s left)
Iteration 50 / LogL: -9968.303 / Time: 0h:0m:37s (0h:0m:38s left)
Iteration 60 / LogL: -9983.164 / Time: 0h:0m:37s (0h:0m:26s left)
UPDATE BEST LOG-LIKELIHOOD: -9968.303
Iteration 70 / LogL: -9968.303 / Time: 0h:0m:37s (0h:0m:16s left)
Iteration 80 / LogL: -9968.305 / Time: 0h:0m:37s (0h:0m:9s left)
Iteration 90 / LogL: -9968.303 / Time: 0h:0m:37s (0h:0m:4s left)
Iteration 100 / LogL: -9982.995 / Time: 0h:0m:37s (0h:0m:0s left)
TREE SEARCH COMPLETED AFTER 102 ITERATIONS / Time: 0h:0m:37s

--------------------------------------------------------------------
|                    FINALIZING TREE SEARCH                        |
--------------------------------------------------------------------
Performs final model parameters optimization
Estimate model parameters (epsilon = 0.010)
1. Initial log-likelihood: -9968.303
Optimal log-likelihood: -9968.303
Rate parameters:  A-C: 0.74356  A-G: 1.67646  A-T: 0.97385  C-G: 0.91670  C-T: 1.87150  G-T: 1.00000
Base frequencies:  A: 0.326  C: 0.205  G: 0.187  T: 0.282
Parameters optimization took 1 rounds (0.001 sec)
BEST SCORE FOUND : -9968.303

Testing tree branches by aBayes parametric test...
0.001 sec.
Total tree length: 0.946

Total number of iterations: 102
CPU time used for tree search: 0.690 sec (0h:0m:0s)
Wall-clock time used for tree search: 0.691 sec (0h:0m:0s)
Total CPU time used: 29.775 sec (0h:0m:29s)
Total wall-clock time used: 37.727 sec (0h:0m:37s)

Analysis results written to: 
  IQ-TREE report:                /Users/fahim/CSE6406-project/work/paper_subset_50x10_L1600/ils_high/replicate_04/estimated_gene_trees/L1600/gtr/locus_0043.iqtree
  Maximum-likelihood tree:       /Users/fahim/CSE6406-project/work/paper_subset_50x10_L1600/ils_high/replicate_04/estimated_gene_trees/L1600/gtr/locus_0043.treefile
  Likelihood distances:          /Users/fahim/CSE6406-project/work/paper_subset_50x10_L1600/ils_high/replicate_04/estimated_gene_trees/L1600/gtr/locus_0043.mldist
  Screen log file:               /Users/fahim/CSE6406-project/work/paper_subset_50x10_L1600/ils_high/replicate_04/estimated_gene_trees/L1600/gtr/locus_0043.log

Date and Time: Sat Sep 12 07:38:07 2026
