IQ-TREE multicore version 2.4.0 for Linux x86 64-bit built Feb 12 2025
Developed by Bui Quang Minh, Nguyen Lam Tung, Olga Chernomor, Heiko Schmidt,
Dominik Schrempf, Michael Woodhams, Ly Trong Nhan, Thomas Wong

Host:    ezmata (AVX2, FMA3, 15 GB RAM)
Command: /home/mis/miniconda3/envs/cse6406/bin/iqtree2 -s /home/mis/CSE6406-project/work/paper_subset_50x10_L800/ils_low/replicate_07/alignments/L800/locus_0034.phy -m JC --abayes -T AUTO --seed 7106035 --prefix /home/mis/CSE6406-project/work/paper_subset_50x10_L800/ils_low/replicate_07/estimated_gene_trees/L800/jc/locus_0034 --redo --quiet
Seed:    7106035 (Using SPRNG - Scalable Parallel Random Number Generator)
Time:    Sat Sep 12 07:34:45 2026
Kernel:  AVX+FMA - auto-detect threads (16 CPU cores detected)

Reading alignment file /home/mis/CSE6406-project/work/paper_subset_50x10_L800/ils_low/replicate_07/alignments/L800/locus_0034.phy ... Phylip format detected
Alignment most likely contains DNA/RNA sequences
Alignment has 21 sequences with 800 columns, 416 distinct patterns
339 parsimony-informative, 80 singleton sites, 381 constant sites
        Gap/Ambiguity  Composition  p-value
Analyzing sequences: done in 6.6367e-05 secs using 198.9% CPU
   1  1_0_0     0.00%    passed     38.83%
   2  8_0_0     0.00%    passed     66.73%
   3  7_0_0     0.00%    passed     75.88%
   4  12_0_0    0.00%    passed     97.49%
   5  19_0_0    0.00%    passed     99.25%
   6  18_0_0    0.00%    passed     86.72%
   7  20_0_0    0.00%    passed     83.74%
   8  15_0_0    0.00%    passed     94.63%
   9  3_0_0     0.00%    passed     87.28%
  10  13_0_0    0.00%    passed     93.04%
  11  16_0_0    0.00%    passed     71.96%
  12  5_0_0     0.00%    passed     98.44%
  13  10_0_0    0.00%    passed     80.97%
  14  17_0_0    0.00%    passed     83.23%
  15  11_0_0    0.00%    passed     69.78%
  16  9_0_0     0.00%    passed     51.34%
  17  14_0_0    0.00%    passed     85.86%
  18  4_0_0     0.00%    passed     50.62%
  19  6_0_0     0.00%    passed     87.37%
  20  2_0_0     0.00%    passed     72.14%
  21  0_0_0     0.00%    passed     91.53%
****  TOTAL     0.00%  0 sequences failed composition chi2 test (p-value<5%; df=3)

Create initial parsimony tree by phylogenetic likelihood library (PLL)... 0.001 seconds

NOTE: 0 MB RAM (0 GB) is required!
Measuring multi-threading efficiency up to 16 CPU cores
Increase to 10 rounds for branch lengths
6581 trees examined
Threads: 1 / Time: 16.002 sec / Speedup: 1.000 / Efficiency: 100% / LogL: -12116
Threads: 2 / Time: 27.092 sec / Speedup: 0.591 / Efficiency: 30% / LogL: -12116
BEST NUMBER OF THREADS: 1

Estimate model parameters (epsilon = 0.100)
1. Initial log-likelihood: -10856.874
Optimal log-likelihood: -10826.864
Rate parameters:  A-C: 1.00000  A-G: 1.00000  A-T: 1.00000  C-G: 1.00000  C-T: 1.00000  G-T: 1.00000
Base frequencies:  A: 0.250  C: 0.250  G: 0.250  T: 0.250
Parameters optimization took 1 rounds (0.001 sec)
Wrote distance file to... 
Computing ML distances based on estimated model parameters...
Calculating distance matrix: done in 0.000579265 secs using 82.52% CPU
Computing ML distances took 0.000616 sec (of wall-clock time) 0.000510 sec (of CPU time)
Setting up auxiliary I and S matrices: done in 3.0508e-05 secs using 98.33% CPU
Computing RapidNJ tree took 0.000113 sec (of wall-clock time) 0.000412 sec (of CPU time)
Log-likelihood of RapidNJ tree: -10864.501
--------------------------------------------------------------------
|             INITIALIZING CANDIDATE TREE SET                      |
--------------------------------------------------------------------
Generating 98 parsimony trees... 0.111 second
Computing log-likelihood of 98 initial trees ... 0.057 seconds
Current best score: -10815.622

Do NNI search on 20 best initial trees
Estimate model parameters (epsilon = 0.100)
BETTER TREE FOUND at iteration 1: -10814.974
Iteration 10 / LogL: -10814.976 / Time: 0h:0m:43s
Iteration 20 / LogL: -10818.568 / Time: 0h:0m:43s
Finish initializing candidate tree set (7)
Current best tree score: -10814.974 / CPU time: 0.289
Number of iterations: 20
--------------------------------------------------------------------
|               OPTIMIZING CANDIDATE TREE SET                      |
--------------------------------------------------------------------
Iteration 30 / LogL: -10814.985 / Time: 0h:0m:43s (0h:1m:46s left)
Iteration 40 / LogL: -10815.066 / Time: 0h:0m:43s (0h:1m:8s left)
Iteration 50 / LogL: -10818.548 / Time: 0h:0m:43s (0h:0m:45s left)
Iteration 60 / LogL: -10814.977 / Time: 0h:0m:43s (0h:0m:30s left)
Iteration 70 / LogL: -10815.003 / Time: 0h:0m:43s (0h:0m:19s left)
Iteration 80 / LogL: -10818.739 / Time: 0h:0m:43s (0h:0m:11s left)
Iteration 90 / LogL: -10818.563 / Time: 0h:0m:43s (0h:0m:5s left)
Iteration 100 / LogL: -10818.551 / Time: 0h:0m:44s (0h:0m:0s left)
TREE SEARCH COMPLETED AFTER 102 ITERATIONS / Time: 0h:0m:44s

--------------------------------------------------------------------
|                    FINALIZING TREE SEARCH                        |
--------------------------------------------------------------------
Performs final model parameters optimization
Estimate model parameters (epsilon = 0.010)
1. Initial log-likelihood: -10814.974
Optimal log-likelihood: -10814.974
Rate parameters:  A-C: 1.00000  A-G: 1.00000  A-T: 1.00000  C-G: 1.00000  C-T: 1.00000  G-T: 1.00000
Base frequencies:  A: 0.250  C: 0.250  G: 0.250  T: 0.250
Parameters optimization took 1 rounds (0.001 sec)
BEST SCORE FOUND : -10814.974

Testing tree branches by aBayes parametric test...
0.002 sec.
Total tree length: 3.173

Total number of iterations: 102
CPU time used for tree search: 0.907 sec (0h:0m:0s)
Wall-clock time used for tree search: 0.934 sec (0h:0m:0s)
Total CPU time used: 44.698 sec (0h:0m:44s)
Total wall-clock time used: 44.041 sec (0h:0m:44s)

Analysis results written to: 
  IQ-TREE report:                /home/mis/CSE6406-project/work/paper_subset_50x10_L800/ils_low/replicate_07/estimated_gene_trees/L800/jc/locus_0034.iqtree
  Maximum-likelihood tree:       /home/mis/CSE6406-project/work/paper_subset_50x10_L800/ils_low/replicate_07/estimated_gene_trees/L800/jc/locus_0034.treefile
  Likelihood distances:          /home/mis/CSE6406-project/work/paper_subset_50x10_L800/ils_low/replicate_07/estimated_gene_trees/L800/jc/locus_0034.mldist
  Screen log file:               /home/mis/CSE6406-project/work/paper_subset_50x10_L800/ils_low/replicate_07/estimated_gene_trees/L800/jc/locus_0034.log

Date and Time: Sat Sep 12 07:35:29 2026
