IQ-TREE multicore version 2.4.0 for Linux x86 64-bit built Feb 12 2025
Developed by Bui Quang Minh, Nguyen Lam Tung, Olga Chernomor, Heiko Schmidt,
Dominik Schrempf, Michael Woodhams, Ly Trong Nhan, Thomas Wong

Host:    ezmata (AVX2, FMA3, 15 GB RAM)
Command: /home/mis/miniconda3/envs/cse6406/bin/iqtree2 -s /home/mis/CSE6406-project/work/paper_subset_50x10_L800/ils_low/replicate_07/alignments/L800/locus_0018.phy -m JC --abayes -T AUTO --seed 7106019 --prefix /home/mis/CSE6406-project/work/paper_subset_50x10_L800/ils_low/replicate_07/estimated_gene_trees/L800/jc/locus_0018 --redo --quiet
Seed:    7106019 (Using SPRNG - Scalable Parallel Random Number Generator)
Time:    Sat Sep 12 07:23:16 2026
Kernel:  AVX+FMA - auto-detect threads (16 CPU cores detected)

Reading alignment file /home/mis/CSE6406-project/work/paper_subset_50x10_L800/ils_low/replicate_07/alignments/L800/locus_0018.phy ... Phylip format detected
Alignment most likely contains DNA/RNA sequences
Alignment has 21 sequences with 800 columns, 382 distinct patterns
297 parsimony-informative, 98 singleton sites, 405 constant sites
        Gap/Ambiguity  Composition  p-value
Analyzing sequences: done in 0.000112805 secs using 13.3% CPU
   1  12_0_0    0.00%    passed     44.68%
   2  7_0_0     0.00%    passed     92.07%
   3  8_0_0     0.00%    passed     93.97%
   4  5_0_0     0.00%    passed     98.36%
   5  9_0_0     0.00%    passed     96.85%
   6  11_0_0    0.00%    passed     85.21%
   7  10_0_0    0.00%    passed     84.22%
   8  17_0_0    0.00%    passed     88.19%
   9  13_0_0    0.00%    passed     86.28%
  10  3_0_0     0.00%    passed     78.20%
  11  16_0_0    0.00%    passed     95.55%
  12  6_0_0     0.00%    passed     89.32%
  13  2_0_0     0.00%    passed     97.29%
  14  14_0_0    0.00%    passed     51.29%
  15  4_0_0     0.00%    passed     97.86%
  16  15_0_0    0.00%    passed     86.43%
  17  19_0_0    0.00%    passed     97.06%
  18  20_0_0    0.00%    passed     83.50%
  19  18_0_0    0.00%    passed     95.24%
  20  1_0_0     0.00%    passed     94.12%
  21  0_0_0     0.00%    passed     93.45%
****  TOTAL     0.00%  0 sequences failed composition chi2 test (p-value<5%; df=3)

Create initial parsimony tree by phylogenetic likelihood library (PLL)... 0.001 seconds

NOTE: 0 MB RAM (0 GB) is required!
Measuring multi-threading efficiency up to 16 CPU cores
Increase to 10 rounds for branch lengths
6861 trees examined
Threads: 1 / Time: 16.001 sec / Speedup: 1.000 / Efficiency: 100% / LogL: -11186
Threads: 2 / Time: 26.300 sec / Speedup: 0.608 / Efficiency: 30% / LogL: -11186
BEST NUMBER OF THREADS: 1

Estimate model parameters (epsilon = 0.100)
1. Initial log-likelihood: -9922.144
Optimal log-likelihood: -9890.110
Rate parameters:  A-C: 1.00000  A-G: 1.00000  A-T: 1.00000  C-G: 1.00000  C-T: 1.00000  G-T: 1.00000
Base frequencies:  A: 0.250  C: 0.250  G: 0.250  T: 0.250
Parameters optimization took 1 rounds (0.001 sec)
Wrote distance file to... 
Computing ML distances based on estimated model parameters...
Calculating distance matrix: done in 0.000511246 secs using 90.37% CPU
Computing ML distances took 0.000545 sec (of wall-clock time) 0.000490 sec (of CPU time)
Setting up auxiliary I and S matrices: done in 2.899e-05 secs using 96.59% CPU
Computing RapidNJ tree took 0.000107 sec (of wall-clock time) 0.000385 sec (of CPU time)
Log-likelihood of RapidNJ tree: -9932.886
--------------------------------------------------------------------
|             INITIALIZING CANDIDATE TREE SET                      |
--------------------------------------------------------------------
Generating 98 parsimony trees... 0.118 second
Computing log-likelihood of 98 initial trees ... 0.056 seconds
Current best score: -9890.110

Do NNI search on 20 best initial trees
Estimate model parameters (epsilon = 0.100)
BETTER TREE FOUND at iteration 1: -9886.153
Iteration 10 / LogL: -9909.788 / Time: 0h:0m:42s
Iteration 20 / LogL: -9886.167 / Time: 0h:0m:42s
Finish initializing candidate tree set (8)
Current best tree score: -9886.153 / CPU time: 0.281
Number of iterations: 20
--------------------------------------------------------------------
|               OPTIMIZING CANDIDATE TREE SET                      |
--------------------------------------------------------------------
Iteration 30 / LogL: -9886.161 / Time: 0h:0m:42s (0h:1m:44s left)
Iteration 40 / LogL: -9886.196 / Time: 0h:0m:42s (0h:1m:6s left)
Iteration 50 / LogL: -9901.545 / Time: 0h:0m:42s (0h:0m:44s left)
Iteration 60 / LogL: -9910.898 / Time: 0h:0m:42s (0h:0m:29s left)
Iteration 70 / LogL: -9897.766 / Time: 0h:0m:42s (0h:0m:19s left)
Iteration 80 / LogL: -9894.184 / Time: 0h:0m:43s (0h:0m:11s left)
Iteration 90 / LogL: -9894.222 / Time: 0h:0m:43s (0h:0m:5s left)
Iteration 100 / LogL: -9886.159 / Time: 0h:0m:43s (0h:0m:0s left)
TREE SEARCH COMPLETED AFTER 102 ITERATIONS / Time: 0h:0m:43s

--------------------------------------------------------------------
|                    FINALIZING TREE SEARCH                        |
--------------------------------------------------------------------
Performs final model parameters optimization
Estimate model parameters (epsilon = 0.010)
1. Initial log-likelihood: -9886.153
Optimal log-likelihood: -9886.153
Rate parameters:  A-C: 1.00000  A-G: 1.00000  A-T: 1.00000  C-G: 1.00000  C-T: 1.00000  G-T: 1.00000
Base frequencies:  A: 0.250  C: 0.250  G: 0.250  T: 0.250
Parameters optimization took 1 rounds (0.001 sec)
BEST SCORE FOUND : -9886.153

Testing tree branches by aBayes parametric test...
0.002 sec.
Total tree length: 2.760

Total number of iterations: 102
CPU time used for tree search: 0.852 sec (0h:0m:0s)
Wall-clock time used for tree search: 0.886 sec (0h:0m:0s)
Total CPU time used: 42.904 sec (0h:0m:42s)
Total wall-clock time used: 43.199 sec (0h:0m:43s)

Analysis results written to: 
  IQ-TREE report:                /home/mis/CSE6406-project/work/paper_subset_50x10_L800/ils_low/replicate_07/estimated_gene_trees/L800/jc/locus_0018.iqtree
  Maximum-likelihood tree:       /home/mis/CSE6406-project/work/paper_subset_50x10_L800/ils_low/replicate_07/estimated_gene_trees/L800/jc/locus_0018.treefile
  Likelihood distances:          /home/mis/CSE6406-project/work/paper_subset_50x10_L800/ils_low/replicate_07/estimated_gene_trees/L800/jc/locus_0018.mldist
  Screen log file:               /home/mis/CSE6406-project/work/paper_subset_50x10_L800/ils_low/replicate_07/estimated_gene_trees/L800/jc/locus_0018.log

Date and Time: Sat Sep 12 07:23:59 2026
