IQ-TREE multicore version 2.4.0 for Linux x86 64-bit built Feb 12 2025
Developed by Bui Quang Minh, Nguyen Lam Tung, Olga Chernomor, Heiko Schmidt,
Dominik Schrempf, Michael Woodhams, Ly Trong Nhan, Thomas Wong

Host:    ezmata (AVX2, FMA3, 15 GB RAM)
Command: /home/mis/miniconda3/envs/cse6406/bin/iqtree2 -s /home/mis/CSE6406-project/work/paper_subset_50x10_L800/ils_low/replicate_07/alignments/L800/locus_0025.phy -m JC --abayes -T AUTO --seed 7106026 --prefix /home/mis/CSE6406-project/work/paper_subset_50x10_L800/ils_low/replicate_07/estimated_gene_trees/L800/jc/locus_0025 --redo --quiet
Seed:    7106026 (Using SPRNG - Scalable Parallel Random Number Generator)
Time:    Sat Sep 12 07:28:17 2026
Kernel:  AVX+FMA - auto-detect threads (16 CPU cores detected)

Reading alignment file /home/mis/CSE6406-project/work/paper_subset_50x10_L800/ils_low/replicate_07/alignments/L800/locus_0025.phy ... Phylip format detected
Alignment most likely contains DNA/RNA sequences
Alignment has 21 sequences with 800 columns, 407 distinct patterns
341 parsimony-informative, 74 singleton sites, 385 constant sites
        Gap/Ambiguity  Composition  p-value
Analyzing sequences: done in 0.000169929 secs
   1  0_0_0     0.00%    passed     93.94%
   2  4_0_0     0.00%    passed     90.38%
   3  14_0_0    0.00%    passed     90.48%
   4  6_0_0     0.00%    passed     99.55%
   5  2_0_0     0.00%    passed     78.82%
   6  15_0_0    0.00%    passed     89.81%
   7  5_0_0     0.00%    passed     98.20%
   8  11_0_0    0.00%    passed     90.71%
   9  9_0_0     0.00%    passed     79.87%
  10  17_0_0    0.00%    passed     86.05%
  11  10_0_0    0.00%    passed     96.57%
  12  16_0_0    0.00%    passed     51.76%
  13  13_0_0    0.00%    passed     89.37%
  14  3_0_0     0.00%    passed     96.72%
  15  7_0_0     0.00%    passed     62.39%
  16  12_0_0    0.00%    passed     91.77%
  17  8_0_0     0.00%    passed     76.07%
  18  1_0_0     0.00%    passed     79.96%
  19  18_0_0    0.00%    passed     98.72%
  20  20_0_0    0.00%    passed     95.91%
  21  19_0_0    0.00%    passed     97.51%
****  TOTAL     0.00%  0 sequences failed composition chi2 test (p-value<5%; df=3)

Create initial parsimony tree by phylogenetic likelihood library (PLL)... 0.001 seconds

NOTE: 0 MB RAM (0 GB) is required!
Measuring multi-threading efficiency up to 16 CPU cores
Increase to 10 rounds for branch lengths
6139 trees examined
Threads: 1 / Time: 16.001 sec / Speedup: 1.000 / Efficiency: 100% / LogL: -12250
Threads: 2 / Time: 24.006 sec / Speedup: 0.667 / Efficiency: 33% / LogL: -12250
BEST NUMBER OF THREADS: 1

Estimate model parameters (epsilon = 0.100)
1. Initial log-likelihood: -10937.358
Optimal log-likelihood: -10910.997
Rate parameters:  A-C: 1.00000  A-G: 1.00000  A-T: 1.00000  C-G: 1.00000  C-T: 1.00000  G-T: 1.00000
Base frequencies:  A: 0.250  C: 0.250  G: 0.250  T: 0.250
Parameters optimization took 1 rounds (0.001 sec)
Wrote distance file to... 
Computing ML distances based on estimated model parameters...
Calculating distance matrix: done in 0.000449417 secs using 79.44% CPU
Computing ML distances took 0.000478 sec (of wall-clock time) 0.000381 sec (of CPU time)
Setting up auxiliary I and S matrices: done in 2.5908e-05 secs using 100.4% CPU
Computing RapidNJ tree took 0.000095 sec (of wall-clock time) 0.000324 sec (of CPU time)
Log-likelihood of RapidNJ tree: -10933.401
--------------------------------------------------------------------
|             INITIALIZING CANDIDATE TREE SET                      |
--------------------------------------------------------------------
Generating 98 parsimony trees... 0.093 second
Computing log-likelihood of 98 initial trees ... 0.050 seconds
Current best score: -10900.713

Do NNI search on 20 best initial trees
Estimate model parameters (epsilon = 0.100)
BETTER TREE FOUND at iteration 1: -10897.454
Iteration 10 / LogL: -10902.485 / Time: 0h:0m:40s
Iteration 20 / LogL: -10920.677 / Time: 0h:0m:40s
Finish initializing candidate tree set (14)
Current best tree score: -10897.454 / CPU time: 0.232
Number of iterations: 20
--------------------------------------------------------------------
|               OPTIMIZING CANDIDATE TREE SET                      |
--------------------------------------------------------------------
Iteration 30 / LogL: -10897.584 / Time: 0h:0m:40s (0h:1m:38s left)
Iteration 40 / LogL: -10897.459 / Time: 0h:0m:40s (0h:1m:3s left)
Iteration 50 / LogL: -10900.472 / Time: 0h:0m:40s (0h:0m:42s left)
Iteration 60 / LogL: -10909.405 / Time: 0h:0m:40s (0h:0m:28s left)
Iteration 70 / LogL: -10900.707 / Time: 0h:0m:40s (0h:0m:18s left)
Iteration 80 / LogL: -10900.411 / Time: 0h:0m:40s (0h:0m:10s left)
Iteration 90 / LogL: -10897.488 / Time: 0h:0m:40s (0h:0m:5s left)
Iteration 100 / LogL: -10900.475 / Time: 0h:0m:40s (0h:0m:0s left)
TREE SEARCH COMPLETED AFTER 102 ITERATIONS / Time: 0h:0m:40s

--------------------------------------------------------------------
|                    FINALIZING TREE SEARCH                        |
--------------------------------------------------------------------
Performs final model parameters optimization
Estimate model parameters (epsilon = 0.010)
1. Initial log-likelihood: -10897.454
Optimal log-likelihood: -10897.454
Rate parameters:  A-C: 1.00000  A-G: 1.00000  A-T: 1.00000  C-G: 1.00000  C-T: 1.00000  G-T: 1.00000
Base frequencies:  A: 0.250  C: 0.250  G: 0.250  T: 0.250
Parameters optimization took 1 rounds (0.001 sec)
BEST SCORE FOUND : -10897.454

Testing tree branches by aBayes parametric test...
0.002 sec.
Total tree length: 3.231

Total number of iterations: 102
CPU time used for tree search: 0.769 sec (0h:0m:0s)
Wall-clock time used for tree search: 0.805 sec (0h:0m:0s)
Total CPU time used: 41.546 sec (0h:0m:41s)
Total wall-clock time used: 40.824 sec (0h:0m:40s)

Analysis results written to: 
  IQ-TREE report:                /home/mis/CSE6406-project/work/paper_subset_50x10_L800/ils_low/replicate_07/estimated_gene_trees/L800/jc/locus_0025.iqtree
  Maximum-likelihood tree:       /home/mis/CSE6406-project/work/paper_subset_50x10_L800/ils_low/replicate_07/estimated_gene_trees/L800/jc/locus_0025.treefile
  Likelihood distances:          /home/mis/CSE6406-project/work/paper_subset_50x10_L800/ils_low/replicate_07/estimated_gene_trees/L800/jc/locus_0025.mldist
  Screen log file:               /home/mis/CSE6406-project/work/paper_subset_50x10_L800/ils_low/replicate_07/estimated_gene_trees/L800/jc/locus_0025.log

Date and Time: Sat Sep 12 07:28:58 2026
