IQ-TREE multicore version 2.4.0 for Linux x86 64-bit built Feb 12 2025
Developed by Bui Quang Minh, Nguyen Lam Tung, Olga Chernomor, Heiko Schmidt,
Dominik Schrempf, Michael Woodhams, Ly Trong Nhan, Thomas Wong

Host:    ezmata (AVX2, FMA3, 15 GB RAM)
Command: /home/mis/miniconda3/envs/cse6406/bin/iqtree2 -s /home/mis/CSE6406-project/work/paper_subset_50x10_L800/ils_low/replicate_07/alignments/L800/locus_0014.phy -m JC --abayes -T AUTO --seed 7106015 --prefix /home/mis/CSE6406-project/work/paper_subset_50x10_L800/ils_low/replicate_07/estimated_gene_trees/L800/jc/locus_0014 --redo --quiet
Seed:    7106015 (Using SPRNG - Scalable Parallel Random Number Generator)
Time:    Sat Sep 12 07:20:23 2026
Kernel:  AVX+FMA - auto-detect threads (16 CPU cores detected)

Reading alignment file /home/mis/CSE6406-project/work/paper_subset_50x10_L800/ils_low/replicate_07/alignments/L800/locus_0014.phy ... Phylip format detected
Alignment most likely contains DNA/RNA sequences
Alignment has 21 sequences with 800 columns, 370 distinct patterns
288 parsimony-informative, 99 singleton sites, 413 constant sites
        Gap/Ambiguity  Composition  p-value
Analyzing sequences: done in 0.000112696 secs using 123.3% CPU
   1  15_0_0    0.00%    passed     86.10%
   2  16_0_0    0.00%    passed     64.04%
   3  3_0_0     0.00%    passed     93.68%
   4  13_0_0    0.00%    passed     86.21%
   5  14_0_0    0.00%    passed     88.06%
   6  4_0_0     0.00%    passed     74.96%
   7  6_0_0     0.00%    passed     94.30%
   8  2_0_0     0.00%    passed     87.13%
   9  17_0_0    0.00%    passed     89.44%
  10  10_0_0    0.00%    passed     91.50%
  11  9_0_0     0.00%    passed     76.83%
  12  11_0_0    0.00%    passed     94.50%
  13  5_0_0     0.00%    passed     93.49%
  14  7_0_0     0.00%    passed     98.41%
  15  12_0_0    0.00%    passed     99.44%
  16  8_0_0     0.00%    passed     82.69%
  17  1_0_0     0.00%    passed     85.68%
  18  20_0_0    0.00%    passed     39.39%
  19  18_0_0    0.00%    passed     94.33%
  20  19_0_0    0.00%    passed     96.31%
  21  0_0_0     0.00%    passed     90.70%
****  TOTAL     0.00%  0 sequences failed composition chi2 test (p-value<5%; df=3)

Create initial parsimony tree by phylogenetic likelihood library (PLL)... 0.001 seconds

NOTE: 0 MB RAM (0 GB) is required!
Measuring multi-threading efficiency up to 16 CPU cores
Increase to 10 rounds for branch lengths
7120 trees examined
Threads: 1 / Time: 16.001 sec / Speedup: 1.000 / Efficiency: 100% / LogL: -10767
Threads: 2 / Time: 27.007 sec / Speedup: 0.592 / Efficiency: 30% / LogL: -10767
BEST NUMBER OF THREADS: 1

Estimate model parameters (epsilon = 0.100)
1. Initial log-likelihood: -9665.856
Optimal log-likelihood: -9633.169
Rate parameters:  A-C: 1.00000  A-G: 1.00000  A-T: 1.00000  C-G: 1.00000  C-T: 1.00000  G-T: 1.00000
Base frequencies:  A: 0.250  C: 0.250  G: 0.250  T: 0.250
Parameters optimization took 1 rounds (0.001 sec)
Wrote distance file to... 
Computing ML distances based on estimated model parameters...
Calculating distance matrix: done in 0.000483578 secs using 100.1% CPU
Computing ML distances took 0.000512 sec (of wall-clock time) 0.000508 sec (of CPU time)
Setting up auxiliary I and S matrices: done in 2.6715e-05 secs using 101.1% CPU
Computing RapidNJ tree took 0.000094 sec (of wall-clock time) 0.000337 sec (of CPU time)
Log-likelihood of RapidNJ tree: -9643.885
--------------------------------------------------------------------
|             INITIALIZING CANDIDATE TREE SET                      |
--------------------------------------------------------------------
Generating 98 parsimony trees... 0.096 second
Computing log-likelihood of 98 initial trees ... 0.055 seconds
Current best score: -9611.337

Do NNI search on 20 best initial trees
Estimate model parameters (epsilon = 0.100)
BETTER TREE FOUND at iteration 1: -9609.222
Iteration 10 / LogL: -9621.010 / Time: 0h:0m:43s
Iteration 20 / LogL: -9615.254 / Time: 0h:0m:43s
Finish initializing candidate tree set (9)
Current best tree score: -9609.222 / CPU time: 0.237
Number of iterations: 20
--------------------------------------------------------------------
|               OPTIMIZING CANDIDATE TREE SET                      |
--------------------------------------------------------------------
Iteration 30 / LogL: -9609.226 / Time: 0h:0m:43s (0h:1m:46s left)
Iteration 40 / LogL: -9615.403 / Time: 0h:0m:43s (0h:1m:7s left)
Iteration 50 / LogL: -9614.992 / Time: 0h:0m:43s (0h:0m:45s left)
Iteration 60 / LogL: -9613.489 / Time: 0h:0m:43s (0h:0m:30s left)
Iteration 70 / LogL: -9609.227 / Time: 0h:0m:43s (0h:0m:19s left)
Iteration 80 / LogL: -9609.230 / Time: 0h:0m:43s (0h:0m:11s left)
Iteration 90 / LogL: -9609.246 / Time: 0h:0m:43s (0h:0m:5s left)
Iteration 100 / LogL: -9611.282 / Time: 0h:0m:43s (0h:0m:0s left)
TREE SEARCH COMPLETED AFTER 102 ITERATIONS / Time: 0h:0m:43s

--------------------------------------------------------------------
|                    FINALIZING TREE SEARCH                        |
--------------------------------------------------------------------
Performs final model parameters optimization
Estimate model parameters (epsilon = 0.010)
1. Initial log-likelihood: -9609.222
Optimal log-likelihood: -9609.222
Rate parameters:  A-C: 1.00000  A-G: 1.00000  A-T: 1.00000  C-G: 1.00000  C-T: 1.00000  G-T: 1.00000
Base frequencies:  A: 0.250  C: 0.250  G: 0.250  T: 0.250
Parameters optimization took 1 rounds (0.001 sec)
BEST SCORE FOUND : -9609.222

Testing tree branches by aBayes parametric test...
0.002 sec.
Total tree length: 2.615

Total number of iterations: 102
CPU time used for tree search: 0.916 sec (0h:0m:0s)
Wall-clock time used for tree search: 0.950 sec (0h:0m:0s)
Total CPU time used: 43.425 sec (0h:0m:43s)
Total wall-clock time used: 43.969 sec (0h:0m:43s)

Analysis results written to: 
  IQ-TREE report:                /home/mis/CSE6406-project/work/paper_subset_50x10_L800/ils_low/replicate_07/estimated_gene_trees/L800/jc/locus_0014.iqtree
  Maximum-likelihood tree:       /home/mis/CSE6406-project/work/paper_subset_50x10_L800/ils_low/replicate_07/estimated_gene_trees/L800/jc/locus_0014.treefile
  Likelihood distances:          /home/mis/CSE6406-project/work/paper_subset_50x10_L800/ils_low/replicate_07/estimated_gene_trees/L800/jc/locus_0014.mldist
  Screen log file:               /home/mis/CSE6406-project/work/paper_subset_50x10_L800/ils_low/replicate_07/estimated_gene_trees/L800/jc/locus_0014.log

Date and Time: Sat Sep 12 07:21:07 2026
