IQ-TREE multicore version 2.4.0 for Linux x86 64-bit built Feb 12 2025
Developed by Bui Quang Minh, Nguyen Lam Tung, Olga Chernomor, Heiko Schmidt,
Dominik Schrempf, Michael Woodhams, Ly Trong Nhan, Thomas Wong

Host:    ezmata (AVX2, FMA3, 15 GB RAM)
Command: /home/mis/miniconda3/envs/cse6406/bin/iqtree2 -s /home/mis/CSE6406-project/work/paper_subset_50x10_L800/ils_low/replicate_07/alignments/L800/locus_0024.phy -m JC --abayes -T AUTO --seed 7106025 --prefix /home/mis/CSE6406-project/work/paper_subset_50x10_L800/ils_low/replicate_07/estimated_gene_trees/L800/jc/locus_0024 --redo --quiet
Seed:    7106025 (Using SPRNG - Scalable Parallel Random Number Generator)
Time:    Sat Sep 12 07:27:35 2026
Kernel:  AVX+FMA - auto-detect threads (16 CPU cores detected)

Reading alignment file /home/mis/CSE6406-project/work/paper_subset_50x10_L800/ils_low/replicate_07/alignments/L800/locus_0024.phy ... Phylip format detected
Alignment most likely contains DNA/RNA sequences
Alignment has 21 sequences with 800 columns, 394 distinct patterns
305 parsimony-informative, 101 singleton sites, 394 constant sites
        Gap/Ambiguity  Composition  p-value
Analyzing sequences: done in 5.5082e-05 secs
   1  0_0_0     0.00%    passed     79.87%
   2  8_0_0     0.00%    passed     84.08%
   3  7_0_0     0.00%    passed     86.90%
   4  12_0_0    0.00%    passed     80.20%
   5  5_0_0     0.00%    passed     83.15%
   6  9_0_0     0.00%    passed     98.84%
   7  11_0_0    0.00%    passed     93.47%
   8  10_0_0    0.00%    passed     82.57%
   9  17_0_0    0.00%    passed     86.26%
  10  16_0_0    0.00%    passed     96.96%
  11  14_0_0    0.00%    passed     95.83%
  12  2_0_0     0.00%    passed     98.94%
  13  6_0_0     0.00%    passed     99.10%
  14  4_0_0     0.00%    passed     99.07%
  15  3_0_0     0.00%    passed     97.30%
  16  13_0_0    0.00%    passed     94.26%
  17  15_0_0    0.00%    passed     87.35%
  18  19_0_0    0.00%    passed     98.22%
  19  18_0_0    0.00%    passed     92.68%
  20  20_0_0    0.00%    passed     68.59%
  21  1_0_0     0.00%    passed     96.63%
****  TOTAL     0.00%  0 sequences failed composition chi2 test (p-value<5%; df=3)

Create initial parsimony tree by phylogenetic likelihood library (PLL)... 0.001 seconds

NOTE: 0 MB RAM (0 GB) is required!
Measuring multi-threading efficiency up to 16 CPU cores
Increase to 10 rounds for branch lengths
6564 trees examined
Threads: 1 / Time: 16.000 sec / Speedup: 1.000 / Efficiency: 100% / LogL: -11319
Threads: 2 / Time: 25.616 sec / Speedup: 0.625 / Efficiency: 31% / LogL: -11319
BEST NUMBER OF THREADS: 1

Estimate model parameters (epsilon = 0.100)
1. Initial log-likelihood: -10086.029
Optimal log-likelihood: -10060.690
Rate parameters:  A-C: 1.00000  A-G: 1.00000  A-T: 1.00000  C-G: 1.00000  C-T: 1.00000  G-T: 1.00000
Base frequencies:  A: 0.250  C: 0.250  G: 0.250  T: 0.250
Parameters optimization took 1 rounds (0.001 sec)
Wrote distance file to... 
Computing ML distances based on estimated model parameters...
Calculating distance matrix: done in 0.000547208 secs using 86.99% CPU
Computing ML distances took 0.000582 sec (of wall-clock time) 0.000506 sec (of CPU time)
Setting up auxiliary I and S matrices: done in 2.9747e-05 secs using 100.9% CPU
Computing RapidNJ tree took 0.000111 sec (of wall-clock time) 0.000384 sec (of CPU time)
Log-likelihood of RapidNJ tree: -10097.041
--------------------------------------------------------------------
|             INITIALIZING CANDIDATE TREE SET                      |
--------------------------------------------------------------------
Generating 98 parsimony trees... 0.103 second
Computing log-likelihood of 98 initial trees ... 0.054 seconds
Current best score: -10060.690

Do NNI search on 20 best initial trees
Estimate model parameters (epsilon = 0.100)
BETTER TREE FOUND at iteration 1: -10055.651
Estimate model parameters (epsilon = 0.100)
BETTER TREE FOUND at iteration 2: -10055.380
Iteration 10 / LogL: -10063.883 / Time: 0h:0m:41s
Iteration 20 / LogL: -10071.380 / Time: 0h:0m:41s
Finish initializing candidate tree set (8)
Current best tree score: -10055.380 / CPU time: 0.236
Number of iterations: 20
--------------------------------------------------------------------
|               OPTIMIZING CANDIDATE TREE SET                      |
--------------------------------------------------------------------
Iteration 30 / LogL: -10057.768 / Time: 0h:0m:41s (0h:1m:44s left)
Iteration 40 / LogL: -10063.871 / Time: 0h:0m:42s (0h:1m:6s left)
Iteration 50 / LogL: -10055.382 / Time: 0h:0m:42s (0h:0m:44s left)
Iteration 60 / LogL: -10055.390 / Time: 0h:0m:42s (0h:0m:30s left)
Iteration 70 / LogL: -10055.509 / Time: 0h:0m:42s (0h:0m:19s left)
Iteration 80 / LogL: -10055.384 / Time: 0h:0m:42s (0h:0m:11s left)
Iteration 90 / LogL: -10057.769 / Time: 0h:0m:42s (0h:0m:5s left)
Iteration 100 / LogL: -10058.632 / Time: 0h:0m:42s (0h:0m:0s left)
TREE SEARCH COMPLETED AFTER 103 ITERATIONS / Time: 0h:0m:42s

--------------------------------------------------------------------
|                    FINALIZING TREE SEARCH                        |
--------------------------------------------------------------------
Performs final model parameters optimization
Estimate model parameters (epsilon = 0.010)
1. Initial log-likelihood: -10055.380
Optimal log-likelihood: -10055.380
Rate parameters:  A-C: 1.00000  A-G: 1.00000  A-T: 1.00000  C-G: 1.00000  C-T: 1.00000  G-T: 1.00000
Base frequencies:  A: 0.250  C: 0.250  G: 0.250  T: 0.250
Parameters optimization took 1 rounds (0.001 sec)
BEST SCORE FOUND : -10055.380

Testing tree branches by aBayes parametric test...
0.002 sec.
Total tree length: 2.831

Total number of iterations: 103
CPU time used for tree search: 0.836 sec (0h:0m:0s)
Wall-clock time used for tree search: 0.859 sec (0h:0m:0s)
Total CPU time used: 41.954 sec (0h:0m:41s)
Total wall-clock time used: 42.488 sec (0h:0m:42s)

Analysis results written to: 
  IQ-TREE report:                /home/mis/CSE6406-project/work/paper_subset_50x10_L800/ils_low/replicate_07/estimated_gene_trees/L800/jc/locus_0024.iqtree
  Maximum-likelihood tree:       /home/mis/CSE6406-project/work/paper_subset_50x10_L800/ils_low/replicate_07/estimated_gene_trees/L800/jc/locus_0024.treefile
  Likelihood distances:          /home/mis/CSE6406-project/work/paper_subset_50x10_L800/ils_low/replicate_07/estimated_gene_trees/L800/jc/locus_0024.mldist
  Screen log file:               /home/mis/CSE6406-project/work/paper_subset_50x10_L800/ils_low/replicate_07/estimated_gene_trees/L800/jc/locus_0024.log

Date and Time: Sat Sep 12 07:28:17 2026
