IQ-TREE multicore version 2.4.0 for Linux x86 64-bit built Feb 12 2025
Developed by Bui Quang Minh, Nguyen Lam Tung, Olga Chernomor, Heiko Schmidt,
Dominik Schrempf, Michael Woodhams, Ly Trong Nhan, Thomas Wong

Host:    ezmata (AVX2, FMA3, 15 GB RAM)
Command: /home/mis/miniconda3/envs/cse6406/bin/iqtree2 -s /home/mis/CSE6406-project/work/paper_subset_50x10_L200/ils_low/replicate_10/alignments/L200/locus_0017.phy -m HKY --abayes -T 1 --seed 7406018 --prefix /home/mis/CSE6406-project/work/paper_subset_50x10_L200/ils_low/replicate_10/estimated_gene_trees/L200/hky/locus_0017 --redo --quiet
Seed:    7406018 (Using SPRNG - Scalable Parallel Random Number Generator)
Time:    Sat Sep 12 21:38:58 2026
Kernel:  AVX+FMA - 1 threads (16 CPU cores detected)

HINT: Use -nt option to specify number of threads because your CPU has 16 cores!
HINT: -nt AUTO will automatically determine the best number of threads to use.

Reading alignment file /home/mis/CSE6406-project/work/paper_subset_50x10_L200/ils_low/replicate_10/alignments/L200/locus_0017.phy ... Phylip format detected
Alignment most likely contains DNA/RNA sequences
Alignment has 21 sequences with 200 columns, 73 distinct patterns
55 parsimony-informative, 15 singleton sites, 130 constant sites
        Gap/Ambiguity  Composition  p-value
Analyzing sequences: done in 1.4652e-05 secs using 27.3% CPU
   1  20_0_0    0.00%    passed     86.53%
   2  19_0_0    0.00%    passed     93.42%
   3  6_0_0     0.00%    passed     84.87%
   4  12_0_0    0.00%    passed     82.57%
   5  5_0_0     0.00%    passed     97.71%
   6  7_0_0     0.00%    passed     99.11%
   7  3_0_0     0.00%    passed     97.30%
   8  10_0_0    0.00%    passed     95.27%
   9  2_0_0     0.00%    passed     96.58%
  10  16_0_0    0.00%    passed     98.04%
  11  1_0_0     0.00%    passed     96.66%
  12  11_0_0    0.00%    passed     99.68%
  13  14_0_0    0.00%    passed     99.47%
  14  15_0_0    0.00%    passed     97.48%
  15  8_0_0     0.00%    passed     86.46%
  16  18_0_0    0.00%    passed     97.32%
  17  13_0_0    0.00%    passed     97.49%
  18  9_0_0     0.00%    passed     99.04%
  19  4_0_0     0.00%    passed     99.04%
  20  17_0_0    0.00%    passed     72.85%
  21  0_0_0     0.00%    passed     94.60%
****  TOTAL     0.00%  0 sequences failed composition chi2 test (p-value<5%; df=3)

Create initial parsimony tree by phylogenetic likelihood library (PLL)... 0.001 seconds

NOTE: 0 MB RAM (0 GB) is required!
Estimate model parameters (epsilon = 0.100)
1. Initial log-likelihood: -1214.354
2. Current log-likelihood: -1200.334
Optimal log-likelihood: -1200.228
Rate parameters:  A-C: 1.00000  A-G: 2.18206  A-T: 1.00000  C-G: 1.00000  C-T: 2.18206  G-T: 1.00000
Base frequencies:  A: 0.328  C: 0.193  G: 0.212  T: 0.268
Parameters optimization took 2 rounds (0.003 sec)
Wrote distance file to... 
Computing ML distances based on estimated model parameters...
Calculating distance matrix: done in 0.00124254 secs using 99.47% CPU
Computing ML distances took 0.001281 sec (of wall-clock time) 0.001274 sec (of CPU time)
Setting up auxiliary I and S matrices: done in 6.516e-05 secs using 98.22% CPU
Computing RapidNJ tree took 0.000253 sec (of wall-clock time) 0.000252 sec (of CPU time)
Log-likelihood of RapidNJ tree: -1206.200
--------------------------------------------------------------------
|             INITIALIZING CANDIDATE TREE SET                      |
--------------------------------------------------------------------
Generating 98 parsimony trees... 0.107 second
Computing log-likelihood of 98 initial trees ... 0.070 seconds
Current best score: -1200.228

Do NNI search on 20 best initial trees
Estimate model parameters (epsilon = 0.100)
BETTER TREE FOUND at iteration 1: -1200.227
BETTER TREE FOUND at iteration 2: -1200.227
BETTER TREE FOUND at iteration 3: -1200.227
UPDATE BEST LOG-LIKELIHOOD: -1200.227
UPDATE BEST LOG-LIKELIHOOD: -1200.227
UPDATE BEST LOG-LIKELIHOOD: -1200.227
Iteration 10 / LogL: -1200.227 / Time: 0h:0m:0s
Iteration 20 / LogL: -1202.383 / Time: 0h:0m:0s
Finish initializing candidate tree set (8)
Current best tree score: -1200.227 / CPU time: 0.266
Number of iterations: 20
--------------------------------------------------------------------
|               OPTIMIZING CANDIDATE TREE SET                      |
--------------------------------------------------------------------
Iteration 30 / LogL: -1200.227 / Time: 0h:0m:0s (0h:0m:0s left)
Iteration 40 / LogL: -1200.227 / Time: 0h:0m:0s (0h:0m:0s left)
Iteration 50 / LogL: -1200.227 / Time: 0h:0m:0s (0h:0m:0s left)
Iteration 60 / LogL: -1200.227 / Time: 0h:0m:0s (0h:0m:0s left)
Iteration 70 / LogL: -1200.227 / Time: 0h:0m:0s (0h:0m:0s left)
UPDATE BEST LOG-LIKELIHOOD: -1200.227
Iteration 80 / LogL: -1207.163 / Time: 0h:0m:0s (0h:0m:0s left)
Iteration 90 / LogL: -1207.390 / Time: 0h:0m:1s (0h:0m:0s left)
Iteration 100 / LogL: -1210.878 / Time: 0h:0m:1s (0h:0m:0s left)
TREE SEARCH COMPLETED AFTER 104 ITERATIONS / Time: 0h:0m:1s

--------------------------------------------------------------------
|                    FINALIZING TREE SEARCH                        |
--------------------------------------------------------------------
Performs final model parameters optimization
Estimate model parameters (epsilon = 0.010)
1. Initial log-likelihood: -1200.227
Optimal log-likelihood: -1200.227
Rate parameters:  A-C: 1.00000  A-G: 2.18370  A-T: 1.00000  C-G: 1.00000  C-T: 2.18370  G-T: 1.00000
Base frequencies:  A: 0.328  C: 0.193  G: 0.212  T: 0.268
Parameters optimization took 1 rounds (0.001 sec)
BEST SCORE FOUND : -1200.227

Testing tree branches by aBayes parametric test...
0.002 sec.
Total tree length: 0.926

Total number of iterations: 104
CPU time used for tree search: 1.142 sec (0h:0m:1s)
Wall-clock time used for tree search: 1.230 sec (0h:0m:1s)
Total CPU time used: 1.162 sec (0h:0m:1s)
Total wall-clock time used: 1.252 sec (0h:0m:1s)

Analysis results written to: 
  IQ-TREE report:                /home/mis/CSE6406-project/work/paper_subset_50x10_L200/ils_low/replicate_10/estimated_gene_trees/L200/hky/locus_0017.iqtree
  Maximum-likelihood tree:       /home/mis/CSE6406-project/work/paper_subset_50x10_L200/ils_low/replicate_10/estimated_gene_trees/L200/hky/locus_0017.treefile
  Likelihood distances:          /home/mis/CSE6406-project/work/paper_subset_50x10_L200/ils_low/replicate_10/estimated_gene_trees/L200/hky/locus_0017.mldist
  Screen log file:               /home/mis/CSE6406-project/work/paper_subset_50x10_L200/ils_low/replicate_10/estimated_gene_trees/L200/hky/locus_0017.log

Date and Time: Sat Sep 12 21:38:59 2026
