IQ-TREE multicore version 2.4.0 for MacOS ARM 64-bit built Feb 12 2025
Developed by Bui Quang Minh, Nguyen Lam Tung, Olga Chernomor, Heiko Schmidt,
Dominik Schrempf, Michael Woodhams, Ly Trong Nhan, Thomas Wong

Host:    Fahims-MacBook-Air.local (SSE4.2, 16 GB RAM)
Command: /Users/fahim/miniconda3/envs/cse6406/bin/iqtree2 -s /Users/fahim/CSE6406-project/work/paper_subset_50x10_L1600/ils_high/replicate_05/alignments/L1600/locus_0046.phy -m JC --abayes -T AUTO --seed 6906047 --prefix /Users/fahim/CSE6406-project/work/paper_subset_50x10_L1600/ils_high/replicate_05/estimated_gene_trees/L1600/jc/locus_0046 --redo --quiet
Seed:    6906047 (Using SPRNG - Scalable Parallel Random Number Generator)
Time:    Sat Sep 12 11:17:40 2026
Kernel:  SSE2 - auto-detect threads (10 CPU cores detected)

Reading alignment file /Users/fahim/CSE6406-project/work/paper_subset_50x10_L1600/ils_high/replicate_05/alignments/L1600/locus_0046.phy ... Phylip format detected
Alignment most likely contains DNA/RNA sequences
Alignment has 21 sequences with 1600 columns, 552 distinct patterns
419 parsimony-informative, 179 singleton sites, 1002 constant sites
        Gap/Ambiguity  Composition  p-value
Analyzing sequences: done in 3.50475e-05 secs using 102.7% CPU
   1  0_0_0     0.00%    passed     85.23%
   2  18_0_0    0.00%    passed     89.82%
   3  16_0_0    0.00%    passed     96.52%
   4  13_0_0    0.00%    passed     90.00%
   5  17_0_0    0.00%    passed     91.56%
   6  2_0_0     0.00%    passed     92.17%
   7  12_0_0    0.00%    passed     99.28%
   8  5_0_0     0.00%    passed     97.31%
   9  10_0_0    0.00%    passed     95.50%
  10  3_0_0     0.00%    passed     64.17%
  11  1_0_0     0.00%    passed     87.95%
  12  4_0_0     0.00%    passed     97.18%
  13  19_0_0    0.00%    passed     96.13%
  14  14_0_0    0.00%    passed     91.80%
  15  15_0_0    0.00%    passed     96.72%
  16  20_0_0    0.00%    passed     99.86%
  17  8_0_0     0.00%    passed     98.19%
  18  7_0_0     0.00%    passed     96.10%
  19  9_0_0     0.00%    passed     91.98%
  20  11_0_0    0.00%    passed     95.42%
  21  6_0_0     0.00%    passed     96.98%
****  TOTAL     0.00%  0 sequences failed composition chi2 test (p-value<5%; df=3)

Create initial parsimony tree by phylogenetic likelihood library (PLL)... 0.000 seconds

NOTE: 0 MB RAM (0 GB) is required!
Measuring multi-threading efficiency up to 10 CPU cores
Increase to 10 rounds for branch lengths
5517 trees examined
Threads: 1 / Time: 10.001 sec / Speedup: 1.000 / Efficiency: 100% / LogL: -14493
Threads: 2 / Time: 24.830 sec / Speedup: 0.403 / Efficiency: 20% / LogL: -14493
BEST NUMBER OF THREADS: 1

Estimate model parameters (epsilon = 0.100)
1. Initial log-likelihood: -12177.474
Optimal log-likelihood: -12162.595
Rate parameters:  A-C: 1.00000  A-G: 1.00000  A-T: 1.00000  C-G: 1.00000  C-T: 1.00000  G-T: 1.00000
Base frequencies:  A: 0.250  C: 0.250  G: 0.250  T: 0.250
Parameters optimization took 1 rounds (0.001 sec)
Wrote distance file to... 
Computing ML distances based on estimated model parameters...
Calculating distance matrix: done in 0.000415087 secs using 97.33% CPU
Computing ML distances took 0.000451 sec (of wall-clock time) 0.000426 sec (of CPU time)
Setting up auxiliary I and S matrices: done in 1.50204e-05 secs using 66.58% CPU
Computing RapidNJ tree took 0.000055 sec (of wall-clock time) 0.000054 sec (of CPU time)
Log-likelihood of RapidNJ tree: -12203.148
--------------------------------------------------------------------
|             INITIALIZING CANDIDATE TREE SET                      |
--------------------------------------------------------------------
Generating 98 parsimony trees... 0.051 second
Computing log-likelihood of 98 initial trees ... 0.042 seconds
Current best score: -12162.595

Do NNI search on 20 best initial trees
Estimate model parameters (epsilon = 0.100)
BETTER TREE FOUND at iteration 1: -12162.595
Iteration 10 / LogL: -12162.600 / Time: 0h:0m:34s
Iteration 20 / LogL: -12162.595 / Time: 0h:0m:35s
Finish initializing candidate tree set (3)
Current best tree score: -12162.595 / CPU time: 0.175
Number of iterations: 20
--------------------------------------------------------------------
|               OPTIMIZING CANDIDATE TREE SET                      |
--------------------------------------------------------------------
Iteration 30 / LogL: -12208.500 / Time: 0h:0m:35s (0h:1m:25s left)
Iteration 40 / LogL: -12163.410 / Time: 0h:0m:35s (0h:0m:54s left)
Iteration 50 / LogL: -12208.499 / Time: 0h:0m:35s (0h:0m:36s left)
Iteration 60 / LogL: -12162.608 / Time: 0h:0m:35s (0h:0m:24s left)
Iteration 70 / LogL: -12163.438 / Time: 0h:0m:35s (0h:0m:15s left)
Iteration 80 / LogL: -12208.546 / Time: 0h:0m:35s (0h:0m:9s left)
Iteration 90 / LogL: -12162.601 / Time: 0h:0m:35s (0h:0m:4s left)
Iteration 100 / LogL: -12162.610 / Time: 0h:0m:35s (0h:0m:0s left)
TREE SEARCH COMPLETED AFTER 102 ITERATIONS / Time: 0h:0m:35s

--------------------------------------------------------------------
|                    FINALIZING TREE SEARCH                        |
--------------------------------------------------------------------
Performs final model parameters optimization
Estimate model parameters (epsilon = 0.010)
1. Initial log-likelihood: -12162.595
Optimal log-likelihood: -12162.595
Rate parameters:  A-C: 1.00000  A-G: 1.00000  A-T: 1.00000  C-G: 1.00000  C-T: 1.00000  G-T: 1.00000
Base frequencies:  A: 0.250  C: 0.250  G: 0.250  T: 0.250
Parameters optimization took 1 rounds (0.000 sec)
BEST SCORE FOUND : -12162.595

Testing tree branches by aBayes parametric test...
0.002 sec.
Total tree length: 1.244

Total number of iterations: 102
CPU time used for tree search: 0.647 sec (0h:0m:0s)
Wall-clock time used for tree search: 0.649 sec (0h:0m:0s)
Total CPU time used: 28.744 sec (0h:0m:28s)
Total wall-clock time used: 35.488 sec (0h:0m:35s)

Analysis results written to: 
  IQ-TREE report:                /Users/fahim/CSE6406-project/work/paper_subset_50x10_L1600/ils_high/replicate_05/estimated_gene_trees/L1600/jc/locus_0046.iqtree
  Maximum-likelihood tree:       /Users/fahim/CSE6406-project/work/paper_subset_50x10_L1600/ils_high/replicate_05/estimated_gene_trees/L1600/jc/locus_0046.treefile
  Likelihood distances:          /Users/fahim/CSE6406-project/work/paper_subset_50x10_L1600/ils_high/replicate_05/estimated_gene_trees/L1600/jc/locus_0046.mldist
  Screen log file:               /Users/fahim/CSE6406-project/work/paper_subset_50x10_L1600/ils_high/replicate_05/estimated_gene_trees/L1600/jc/locus_0046.log

Date and Time: Sat Sep 12 11:18:15 2026
