IQ-TREE multicore version 2.4.0 for MacOS ARM 64-bit built Feb 12 2025
Developed by Bui Quang Minh, Nguyen Lam Tung, Olga Chernomor, Heiko Schmidt,
Dominik Schrempf, Michael Woodhams, Ly Trong Nhan, Thomas Wong

Host:    Fahims-MacBook-Air.local (SSE4.2, 16 GB RAM)
Command: /Users/fahim/miniconda3/envs/cse6406/bin/iqtree2 -s /Users/fahim/CSE6406-project/work/paper_subset_10x2_L1600/ils_low/replicate_01/alignments/L1600/locus_0008.phy -m GTR+G4 --abayes -T AUTO --seed 6506009 --prefix /Users/fahim/CSE6406-project/work/paper_subset_10x2_L1600/ils_low/replicate_01/estimated_gene_trees/L1600/gtr_g4/locus_0008 --redo --quiet
Seed:    6506009 (Using SPRNG - Scalable Parallel Random Number Generator)
Time:    Thu Sep 10 16:14:30 2026
Kernel:  SSE2 - auto-detect threads (10 CPU cores detected)

Reading alignment file /Users/fahim/CSE6406-project/work/paper_subset_10x2_L1600/ils_low/replicate_01/alignments/L1600/locus_0008.phy ... Phylip format detected
Alignment most likely contains DNA/RNA sequences
Alignment has 21 sequences with 1600 columns, 64 distinct patterns
15 parsimony-informative, 60 singleton sites, 1525 constant sites
        Gap/Ambiguity  Composition  p-value
Analyzing sequences: done in 3.98159e-05 secs using 57.77% CPU
   1  0_0_0     0.00%    passed     99.17%
   2  19_0_0    0.00%    passed     99.90%
   3  16_0_0    0.00%    passed     99.80%
   4  11_0_0    0.00%    passed     99.79%
   5  14_0_0    0.00%    passed     99.75%
   6  8_0_0     0.00%    passed     99.75%
   7  20_0_0    0.00%    passed     99.89%
   8  7_0_0     0.00%    passed     99.90%
   9  1_0_0     0.00%    passed     99.93%
  10  2_0_0     0.00%    passed     99.98%
  11  3_0_0     0.00%    passed     99.94%
  12  4_0_0     0.00%    passed     99.91%
  13  5_0_0     0.00%    passed     99.96%
  14  9_0_0     0.00%    passed     99.96%
  15  10_0_0    0.00%    passed     99.97%
  16  6_0_0     0.00%    passed    100.00%
  17  13_0_0    0.00%    passed     99.78%
  18  17_0_0    0.00%    passed     99.78%
  19  15_0_0    0.00%    passed     99.44%
  20  18_0_0    0.00%    passed    100.00%
  21  12_0_0    0.00%    passed     99.99%
****  TOTAL     0.00%  0 sequences failed composition chi2 test (p-value<5%; df=3)
NOTE: 8_0_0 is identical to 14_0_0 but kept for subsequent analysis

Create initial parsimony tree by phylogenetic likelihood library (PLL)... 0.000 seconds

NOTE: 0 MB RAM (0 GB) is required!
Measuring multi-threading efficiency up to 10 CPU cores
Increase to 10 rounds for branch lengths
21914 trees examined
Threads: 1 / Time: 10.000 sec / Speedup: 1.000 / Efficiency: 100% / LogL: -3018
Threads: 2 / Time: 35.061 sec / Speedup: 0.285 / Efficiency: 14% / LogL: -3018
BEST NUMBER OF THREADS: 1

Estimate model parameters (epsilon = 0.100)
1. Initial log-likelihood: -2815.033
2. Current log-likelihood: -2809.807
Optimal log-likelihood: -2809.805
Rate parameters:  A-C: 1.02911  A-G: 1.47953  A-T: 1.54302  C-G: 0.62095  C-T: 2.27819  G-T: 1.00000
Base frequencies:  A: 0.304  C: 0.204  G: 0.202  T: 0.290
Gamma shape alpha: 0.466
Parameters optimization took 2 rounds (0.003 sec)
Wrote distance file to... 
Computing ML distances based on estimated model parameters...
Calculating distance matrix: done in 0.000946999 secs using 99.05% CPU
Computing ML distances took 0.000967 sec (of wall-clock time) 0.000946 sec (of CPU time)
Setting up auxiliary I and S matrices: done in 1.5974e-05 secs using 75.12% CPU
Computing RapidNJ tree took 0.000063 sec (of wall-clock time) 0.000059 sec (of CPU time)
Log-likelihood of RapidNJ tree: -2809.821
--------------------------------------------------------------------
|             INITIALIZING CANDIDATE TREE SET                      |
--------------------------------------------------------------------
Generating 98 parsimony trees... 0.016 second
Computing log-likelihood of 98 initial trees ... 0.016 seconds
Current best score: -2808.053

Do NNI search on 20 best initial trees
Estimate model parameters (epsilon = 0.100)
BETTER TREE FOUND at iteration 1: -2807.992
UPDATE BEST LOG-LIKELIHOOD: -2807.992
Iteration 10 / LogL: -2807.992 / Time: 0h:0m:45s
Iteration 20 / LogL: -2807.993 / Time: 0h:0m:45s
Finish initializing candidate tree set (12)
Current best tree score: -2807.992 / CPU time: 0.053
Number of iterations: 20
--------------------------------------------------------------------
|               OPTIMIZING CANDIDATE TREE SET                      |
--------------------------------------------------------------------
Iteration 30 / LogL: -2807.994 / Time: 0h:0m:45s (0h:1m:50s left)
Iteration 40 / LogL: -2807.999 / Time: 0h:0m:45s (0h:1m:10s left)
Iteration 50 / LogL: -2807.999 / Time: 0h:0m:45s (0h:0m:47s left)
Iteration 60 / LogL: -2809.850 / Time: 0h:0m:45s (0h:0m:31s left)
UPDATE BEST LOG-LIKELIHOOD: -2807.992
Iteration 70 / LogL: -2808.000 / Time: 0h:0m:45s (0h:0m:20s left)
Iteration 80 / LogL: -2808.001 / Time: 0h:0m:45s (0h:0m:12s left)
Iteration 90 / LogL: -2807.993 / Time: 0h:0m:45s (0h:0m:5s left)
Iteration 100 / LogL: -2807.997 / Time: 0h:0m:45s (0h:0m:0s left)
TREE SEARCH COMPLETED AFTER 102 ITERATIONS / Time: 0h:0m:45s

--------------------------------------------------------------------
|                    FINALIZING TREE SEARCH                        |
--------------------------------------------------------------------
Performs final model parameters optimization
Estimate model parameters (epsilon = 0.010)
1. Initial log-likelihood: -2807.992
Optimal log-likelihood: -2807.990
Rate parameters:  A-C: 1.03416  A-G: 1.36883  A-T: 1.54184  C-G: 0.62486  C-T: 2.38270  G-T: 1.00000
Base frequencies:  A: 0.304  C: 0.204  G: 0.202  T: 0.290
Gamma shape alpha: 0.473
Parameters optimization took 1 rounds (0.001 sec)
BEST SCORE FOUND : -2807.990

Testing tree branches by aBayes parametric test...
0.001 sec.
Total tree length: 0.050

Total number of iterations: 102
CPU time used for tree search: 0.286 sec (0h:0m:0s)
Wall-clock time used for tree search: 0.288 sec (0h:0m:0s)
Total CPU time used: 31.432 sec (0h:0m:31s)
Total wall-clock time used: 45.359 sec (0h:0m:45s)

Analysis results written to: 
  IQ-TREE report:                /Users/fahim/CSE6406-project/work/paper_subset_10x2_L1600/ils_low/replicate_01/estimated_gene_trees/L1600/gtr_g4/locus_0008.iqtree
  Maximum-likelihood tree:       /Users/fahim/CSE6406-project/work/paper_subset_10x2_L1600/ils_low/replicate_01/estimated_gene_trees/L1600/gtr_g4/locus_0008.treefile
  Likelihood distances:          /Users/fahim/CSE6406-project/work/paper_subset_10x2_L1600/ils_low/replicate_01/estimated_gene_trees/L1600/gtr_g4/locus_0008.mldist
  Screen log file:               /Users/fahim/CSE6406-project/work/paper_subset_10x2_L1600/ils_low/replicate_01/estimated_gene_trees/L1600/gtr_g4/locus_0008.log

Date and Time: Thu Sep 10 16:15:15 2026
