IQ-TREE multicore version 2.4.0 for Linux x86 64-bit built Feb 12 2025
Developed by Bui Quang Minh, Nguyen Lam Tung, Olga Chernomor, Heiko Schmidt,
Dominik Schrempf, Michael Woodhams, Ly Trong Nhan, Thomas Wong

Host:    ezmata (AVX2, FMA3, 15 GB RAM)
Command: /home/mis/miniconda3/envs/cse6406/bin/iqtree2 -s /home/mis/CSE6406-project/work/paper_subset_50x10_L200/ils_high/replicate_01/alignments/L200/locus_0028.phy -m GTR+G4 --abayes -T 1 --seed 6506029 --prefix /home/mis/CSE6406-project/work/paper_subset_50x10_L200/ils_high/replicate_01/estimated_gene_trees/L200/gtr_g4/locus_0028 --redo --quiet
Seed:    6506029 (Using SPRNG - Scalable Parallel Random Number Generator)
Time:    Sat Sep 12 21:39:09 2026
Kernel:  AVX+FMA - 1 threads (16 CPU cores detected)

HINT: Use -nt option to specify number of threads because your CPU has 16 cores!
HINT: -nt AUTO will automatically determine the best number of threads to use.

Reading alignment file /home/mis/CSE6406-project/work/paper_subset_50x10_L200/ils_high/replicate_01/alignments/L200/locus_0028.phy ... Phylip format detected
Alignment most likely contains DNA/RNA sequences
Alignment has 21 sequences with 200 columns, 14 distinct patterns
3 parsimony-informative, 8 singleton sites, 189 constant sites
        Gap/Ambiguity  Composition  p-value
Analyzing sequences: done in 1.0726e-05 secs using 46.62% CPU
   1  0_0_0     0.00%    passed     99.26%
   2  3_0_0     0.00%    passed     99.72%
   3  18_0_0    0.00%    passed     99.80%
   4  13_0_0    0.00%    passed     99.80%
   5  6_0_0     0.00%    passed     97.42%
   6  19_0_0    0.00%    passed    100.00%
   7  1_0_0     0.00%    passed    100.00%
   8  4_0_0     0.00%    passed    100.00%
   9  2_0_0     0.00%    passed    100.00%
  10  7_0_0     0.00%    passed    100.00%
  11  16_0_0    0.00%    passed    100.00%
  12  14_0_0    0.00%    passed    100.00%
  13  11_0_0    0.00%    passed     99.78%
  14  10_0_0    0.00%    passed    100.00%
  15  5_0_0     0.00%    passed    100.00%
  16  9_0_0     0.00%    passed    100.00%
  17  20_0_0    0.00%    passed    100.00%
  18  8_0_0     0.00%    passed    100.00%
  19  15_0_0    0.00%    passed     98.94%
  20  17_0_0    0.00%    passed     98.94%
  21  12_0_0    0.00%    passed     99.86%
****  TOTAL     0.00%  0 sequences failed composition chi2 test (p-value<5%; df=3)
NOTE: 13_0_0 is identical to 18_0_0 but kept for subsequent analysis
NOTE: 1_0_0 is identical to 19_0_0 but kept for subsequent analysis
NOTE: 17_0_0 is identical to 15_0_0 but kept for subsequent analysis
NOTE: 10 identical sequences (see below) will be ignored for subsequent analysis
NOTE: 4_0_0 (identical to 19_0_0) is ignored but added at the end
NOTE: 2_0_0 (identical to 19_0_0) is ignored but added at the end
NOTE: 7_0_0 (identical to 19_0_0) is ignored but added at the end
NOTE: 16_0_0 (identical to 19_0_0) is ignored but added at the end
NOTE: 14_0_0 (identical to 19_0_0) is ignored but added at the end
NOTE: 10_0_0 (identical to 19_0_0) is ignored but added at the end
NOTE: 5_0_0 (identical to 19_0_0) is ignored but added at the end
NOTE: 9_0_0 (identical to 19_0_0) is ignored but added at the end
NOTE: 20_0_0 (identical to 19_0_0) is ignored but added at the end
NOTE: 8_0_0 (identical to 19_0_0) is ignored but added at the end
Alignment was printed to /home/mis/CSE6406-project/work/paper_subset_50x10_L200/ils_high/replicate_01/estimated_gene_trees/L200/gtr_g4/locus_0028.uniqueseq.phy

For your convenience alignment with unique sequences printed to /home/mis/CSE6406-project/work/paper_subset_50x10_L200/ils_high/replicate_01/estimated_gene_trees/L200/gtr_g4/locus_0028.uniqueseq.phy

Create initial parsimony tree by phylogenetic likelihood library (PLL)... 0.000 seconds

NOTE: 0 MB RAM (0 GB) is required!
Estimate model parameters (epsilon = 0.100)
1. Initial log-likelihood: -347.598
2. Current log-likelihood: -345.617
Optimal log-likelihood: -345.587
Rate parameters:  A-C: 3.24168  A-G: 2.66416  A-T: 1.29177  C-G: 2.45306  C-T: 5.71275  G-T: 1.00000
Base frequencies:  A: 0.343  C: 0.137  G: 0.219  T: 0.300
Gamma shape alpha: 0.020
Parameters optimization took 2 rounds (0.006 sec)
Wrote distance file to... 
Computing ML distances based on estimated model parameters...
Calculating distance matrix: done in 0.00111134 secs using 88.09% CPU
Computing ML distances took 0.001137 sec (of wall-clock time) 0.001007 sec (of CPU time)
Setting up auxiliary I and S matrices: done in 3.83e-05 secs using 99.22% CPU
Computing RapidNJ tree took 0.000124 sec (of wall-clock time) 0.000290 sec (of CPU time)
Log-likelihood of RapidNJ tree: -345.589
--------------------------------------------------------------------
|             INITIALIZING CANDIDATE TREE SET                      |
--------------------------------------------------------------------
Generating 98 parsimony trees... 0.019 second
Computing log-likelihood of 98 initial trees ... 0.027 seconds
Current best score: -345.587

Do NNI search on 20 best initial trees
Estimate model parameters (epsilon = 0.100)
BETTER TREE FOUND at iteration 1: -345.587
BETTER TREE FOUND at iteration 4: -345.587
BETTER TREE FOUND at iteration 7: -345.587
Iteration 10 / LogL: -345.587 / Time: 0h:0m:0s
BETTER TREE FOUND at iteration 15: -345.587
Iteration 20 / LogL: -345.587 / Time: 0h:0m:0s
Finish initializing candidate tree set (17)
Current best tree score: -345.587 / CPU time: 0.090
Number of iterations: 20
--------------------------------------------------------------------
|               OPTIMIZING CANDIDATE TREE SET                      |
--------------------------------------------------------------------
BETTER TREE FOUND at iteration 23: -345.587
Iteration 30 / LogL: -345.587 / Time: 0h:0m:0s (0h:0m:0s left)
BETTER TREE FOUND at iteration 39: -345.587
Iteration 40 / LogL: -345.587 / Time: 0h:0m:0s (0h:0m:0s left)
Iteration 50 / LogL: -345.587 / Time: 0h:0m:0s (0h:0m:0s left)
Iteration 60 / LogL: -345.588 / Time: 0h:0m:0s (0h:0m:0s left)
Iteration 70 / LogL: -345.587 / Time: 0h:0m:0s (0h:0m:0s left)
Iteration 80 / LogL: -345.587 / Time: 0h:0m:0s (0h:0m:0s left)
BETTER TREE FOUND at iteration 85: -345.587
BETTER TREE FOUND at iteration 89: -345.587
Iteration 90 / LogL: -345.587 / Time: 0h:0m:0s (0h:0m:0s left)
Iteration 100 / LogL: -345.587 / Time: 0h:0m:0s (0h:0m:0s left)
Iteration 110 / LogL: -345.587 / Time: 0h:0m:0s (0h:0m:0s left)
Iteration 120 / LogL: -345.587 / Time: 0h:0m:0s (0h:0m:0s left)
Iteration 130 / LogL: -345.587 / Time: 0h:0m:0s (0h:0m:0s left)
Iteration 140 / LogL: -345.587 / Time: 0h:0m:0s (0h:0m:0s left)
Iteration 150 / LogL: -345.588 / Time: 0h:0m:0s (0h:0m:0s left)
Iteration 160 / LogL: -345.587 / Time: 0h:0m:0s (0h:0m:0s left)
Iteration 170 / LogL: -345.587 / Time: 0h:0m:0s (0h:0m:0s left)
Iteration 180 / LogL: -345.587 / Time: 0h:0m:0s (0h:0m:0s left)
Iteration 190 / LogL: -345.587 / Time: 0h:0m:0s (0h:0m:-1s left)
TREE SEARCH COMPLETED AFTER 190 ITERATIONS / Time: 0h:0m:0s

--------------------------------------------------------------------
|                    FINALIZING TREE SEARCH                        |
--------------------------------------------------------------------
Performs final model parameters optimization
Estimate model parameters (epsilon = 0.010)
1. Initial log-likelihood: -345.587
Optimal log-likelihood: -345.587
Rate parameters:  A-C: 3.25175  A-G: 2.67573  A-T: 1.28062  C-G: 2.46483  C-T: 5.70321  G-T: 1.00000
Base frequencies:  A: 0.343  C: 0.137  G: 0.219  T: 0.300
Gamma shape alpha: 0.020
Parameters optimization took 1 rounds (0.001 sec)
BEST SCORE FOUND : -345.587

Testing tree branches by aBayes parametric test...
0.000 sec.
Total tree length: 0.064

Total number of iterations: 190
CPU time used for tree search: 0.405 sec (0h:0m:0s)
Wall-clock time used for tree search: 0.433 sec (0h:0m:0s)
Total CPU time used: 0.423 sec (0h:0m:0s)
Total wall-clock time used: 0.453 sec (0h:0m:0s)

Analysis results written to: 
  IQ-TREE report:                /home/mis/CSE6406-project/work/paper_subset_50x10_L200/ils_high/replicate_01/estimated_gene_trees/L200/gtr_g4/locus_0028.iqtree
  Maximum-likelihood tree:       /home/mis/CSE6406-project/work/paper_subset_50x10_L200/ils_high/replicate_01/estimated_gene_trees/L200/gtr_g4/locus_0028.treefile
  Likelihood distances:          /home/mis/CSE6406-project/work/paper_subset_50x10_L200/ils_high/replicate_01/estimated_gene_trees/L200/gtr_g4/locus_0028.mldist
  Screen log file:               /home/mis/CSE6406-project/work/paper_subset_50x10_L200/ils_high/replicate_01/estimated_gene_trees/L200/gtr_g4/locus_0028.log

Date and Time: Sat Sep 12 21:39:09 2026
