IQ-TREE multicore version 2.4.0 for Linux x86 64-bit built Feb 12 2025
Developed by Bui Quang Minh, Nguyen Lam Tung, Olga Chernomor, Heiko Schmidt,
Dominik Schrempf, Michael Woodhams, Ly Trong Nhan, Thomas Wong

Host:    ezmata (AVX2, FMA3, 15 GB RAM)
Command: /home/mis/miniconda3/envs/cse6406/bin/iqtree2 -s /home/mis/CSE6406-project/work/paper_subset_50x10_L200/ils_low/replicate_02/alignments/L200/locus_0032.phy -m GTR --abayes -T 1 --seed 6606033 --prefix /home/mis/CSE6406-project/work/paper_subset_50x10_L200/ils_low/replicate_02/estimated_gene_trees/L200/gtr/locus_0032 --redo --quiet
Seed:    6606033 (Using SPRNG - Scalable Parallel Random Number Generator)
Time:    Sat Sep 12 21:30:53 2026
Kernel:  AVX+FMA - 1 threads (16 CPU cores detected)

HINT: Use -nt option to specify number of threads because your CPU has 16 cores!
HINT: -nt AUTO will automatically determine the best number of threads to use.

Reading alignment file /home/mis/CSE6406-project/work/paper_subset_50x10_L200/ils_low/replicate_02/alignments/L200/locus_0032.phy ... Phylip format detected
Alignment most likely contains DNA/RNA sequences
Alignment has 21 sequences with 200 columns, 130 distinct patterns
113 parsimony-informative, 15 singleton sites, 72 constant sites
        Gap/Ambiguity  Composition  p-value
Analyzing sequences: done in 7.936e-06 secs using 63% CPU
   1  0_0_0     0.00%    passed     64.68%
   2  6_0_0     0.00%    passed     86.06%
   3  3_0_0     0.00%    passed     59.37%
   4  2_0_0     0.00%    passed     99.97%
   5  4_0_0     0.00%    passed     22.61%
   6  12_0_0    0.00%    passed     25.30%
   7  17_0_0    0.00%    passed     91.03%
   8  20_0_0    0.00%    passed     49.49%
   9  13_0_0    0.00%    passed     70.15%
  10  10_0_0    0.00%    passed     56.95%
  11  7_0_0     0.00%    passed     57.97%
  12  8_0_0     0.00%    passed     39.66%
  13  19_0_0    0.00%    passed     66.20%
  14  16_0_0    0.00%    passed     92.75%
  15  18_0_0    0.00%    passed     80.64%
  16  15_0_0    0.00%    passed     97.75%
  17  14_0_0    0.00%    passed     49.99%
  18  5_0_0     0.00%    passed     83.96%
  19  1_0_0     0.00%    passed     97.03%
  20  9_0_0     0.00%    passed     22.85%
  21  11_0_0    0.00%    passed     60.68%
****  TOTAL     0.00%  0 sequences failed composition chi2 test (p-value<5%; df=3)

Create initial parsimony tree by phylogenetic likelihood library (PLL)... 0.001 seconds

NOTE: 0 MB RAM (0 GB) is required!
Estimate model parameters (epsilon = 0.100)
1. Initial log-likelihood: -3703.327
2. Current log-likelihood: -3664.750
3. Current log-likelihood: -3663.814
Optimal log-likelihood: -3663.794
Rate parameters:  A-C: 1.63177  A-G: 1.33591  A-T: 1.03881  C-G: 1.59795  C-T: 2.71504  G-T: 1.00000
Base frequencies:  A: 0.330  C: 0.158  G: 0.222  T: 0.290
Parameters optimization took 3 rounds (0.006 sec)
Wrote distance file to... 
Computing ML distances based on estimated model parameters...
Calculating distance matrix: done in 0.0005099 secs using 87.47% CPU
Computing ML distances took 0.000534 sec (of wall-clock time) 0.000469 sec (of CPU time)
Setting up auxiliary I and S matrices: done in 5.0392e-05 secs using 99.22% CPU
Computing RapidNJ tree took 0.000208 sec (of wall-clock time) 0.000207 sec (of CPU time)
Log-likelihood of RapidNJ tree: -3666.064
--------------------------------------------------------------------
|             INITIALIZING CANDIDATE TREE SET                      |
--------------------------------------------------------------------
Generating 98 parsimony trees... 0.079 second
Computing log-likelihood of 98 initial trees ... 0.043 seconds
Current best score: -3659.544

Do NNI search on 20 best initial trees
Estimate model parameters (epsilon = 0.100)
BETTER TREE FOUND at iteration 1: -3654.535
Iteration 10 / LogL: -3657.903 / Time: 0h:0m:0s
Iteration 20 / LogL: -3656.777 / Time: 0h:0m:0s
Finish initializing candidate tree set (8)
Current best tree score: -3654.535 / CPU time: 0.209
Number of iterations: 20
--------------------------------------------------------------------
|               OPTIMIZING CANDIDATE TREE SET                      |
--------------------------------------------------------------------
Iteration 30 / LogL: -3657.812 / Time: 0h:0m:0s (0h:0m:0s left)
Iteration 40 / LogL: -3655.003 / Time: 0h:0m:0s (0h:0m:0s left)
Iteration 50 / LogL: -3655.007 / Time: 0h:0m:0s (0h:0m:0s left)
Iteration 60 / LogL: -3656.424 / Time: 0h:0m:0s (0h:0m:0s left)
Iteration 70 / LogL: -3654.986 / Time: 0h:0m:0s (0h:0m:0s left)
Iteration 80 / LogL: -3654.547 / Time: 0h:0m:0s (0h:0m:0s left)
Iteration 90 / LogL: -3655.009 / Time: 0h:0m:0s (0h:0m:0s left)
Iteration 100 / LogL: -3654.550 / Time: 0h:0m:0s (0h:0m:0s left)
TREE SEARCH COMPLETED AFTER 102 ITERATIONS / Time: 0h:0m:0s

--------------------------------------------------------------------
|                    FINALIZING TREE SEARCH                        |
--------------------------------------------------------------------
Performs final model parameters optimization
Estimate model parameters (epsilon = 0.010)
1. Initial log-likelihood: -3654.535
Optimal log-likelihood: -3654.535
Rate parameters:  A-C: 1.79137  A-G: 1.38546  A-T: 1.16463  C-G: 1.97719  C-T: 2.96730  G-T: 1.00000
Base frequencies:  A: 0.330  C: 0.158  G: 0.222  T: 0.290
Parameters optimization took 1 rounds (0.001 sec)
BEST SCORE FOUND : -3654.535

Testing tree branches by aBayes parametric test...
0.001 sec.
Total tree length: 5.614

Total number of iterations: 102
CPU time used for tree search: 0.600 sec (0h:0m:0s)
Wall-clock time used for tree search: 0.641 sec (0h:0m:0s)
Total CPU time used: 0.618 sec (0h:0m:0s)
Total wall-clock time used: 0.659 sec (0h:0m:0s)

Analysis results written to: 
  IQ-TREE report:                /home/mis/CSE6406-project/work/paper_subset_50x10_L200/ils_low/replicate_02/estimated_gene_trees/L200/gtr/locus_0032.iqtree
  Maximum-likelihood tree:       /home/mis/CSE6406-project/work/paper_subset_50x10_L200/ils_low/replicate_02/estimated_gene_trees/L200/gtr/locus_0032.treefile
  Likelihood distances:          /home/mis/CSE6406-project/work/paper_subset_50x10_L200/ils_low/replicate_02/estimated_gene_trees/L200/gtr/locus_0032.mldist
  Screen log file:               /home/mis/CSE6406-project/work/paper_subset_50x10_L200/ils_low/replicate_02/estimated_gene_trees/L200/gtr/locus_0032.log

Date and Time: Sat Sep 12 21:30:53 2026
