IQ-TREE multicore version 2.4.0 for Linux x86 64-bit built Feb 12 2025
Developed by Bui Quang Minh, Nguyen Lam Tung, Olga Chernomor, Heiko Schmidt,
Dominik Schrempf, Michael Woodhams, Ly Trong Nhan, Thomas Wong

Host:    ezmata (AVX2, FMA3, 15 GB RAM)
Command: /home/mis/miniconda3/envs/cse6406/bin/iqtree2 -s /home/mis/CSE6406-project/work/paper_subset_50x10_L1600/ils_high/replicate_10/alignments/L1600/locus_0036.phy -m HKY --abayes -T 1 --seed 7406037 --prefix /home/mis/CSE6406-project/work/paper_subset_50x10_L1600/ils_high/replicate_10/estimated_gene_trees/L1600/hky/locus_0036 --redo --quiet
Seed:    7406037 (Using SPRNG - Scalable Parallel Random Number Generator)
Time:    Sat Sep 12 22:08:02 2026
Kernel:  AVX+FMA - 1 threads (16 CPU cores detected)

HINT: Use -nt option to specify number of threads because your CPU has 16 cores!
HINT: -nt AUTO will automatically determine the best number of threads to use.

Reading alignment file /home/mis/CSE6406-project/work/paper_subset_50x10_L1600/ils_high/replicate_10/alignments/L1600/locus_0036.phy ... Phylip format detected
Alignment most likely contains DNA/RNA sequences
Alignment has 21 sequences with 1600 columns, 516 distinct patterns
375 parsimony-informative, 180 singleton sites, 1045 constant sites
        Gap/Ambiguity  Composition  p-value
Analyzing sequences: done in 4.5574e-05 secs using 98.74% CPU
   1  0_0_0     0.00%    passed     77.09%
   2  6_0_0     0.00%    passed     90.01%
   3  12_0_0    0.00%    passed     95.15%
   4  5_0_0     0.00%    passed     96.20%
   5  13_0_0    0.00%    passed     97.37%
   6  17_0_0    0.00%    passed     99.13%
   7  8_0_0     0.00%    passed     86.02%
   8  14_0_0    0.00%    passed     96.66%
   9  16_0_0    0.00%    passed     93.99%
  10  10_0_0    0.00%    passed     90.58%
  11  1_0_0     0.00%    passed     97.77%
  12  3_0_0     0.00%    passed     99.35%
  13  7_0_0     0.00%    passed     96.42%
  14  18_0_0    0.00%    passed     99.03%
  15  4_0_0     0.00%    passed     99.58%
  16  9_0_0     0.00%    passed     95.41%
  17  2_0_0     0.00%    passed     96.32%
  18  11_0_0    0.00%    passed     81.14%
  19  15_0_0    0.00%    passed     91.86%
  20  20_0_0    0.00%    passed     98.64%
  21  19_0_0    0.00%    passed     97.80%
****  TOTAL     0.00%  0 sequences failed composition chi2 test (p-value<5%; df=3)

Create initial parsimony tree by phylogenetic likelihood library (PLL)... 0.002 seconds

NOTE: 0 MB RAM (0 GB) is required!
Estimate model parameters (epsilon = 0.100)
1. Initial log-likelihood: -10534.362
2. Current log-likelihood: -10470.819
Optimal log-likelihood: -10470.791
Rate parameters:  A-C: 1.00000  A-G: 1.74072  A-T: 1.00000  C-G: 1.00000  C-T: 1.74072  G-T: 1.00000
Base frequencies:  A: 0.306  C: 0.202  G: 0.188  T: 0.305
Parameters optimization took 2 rounds (0.013 sec)
Wrote distance file to... 
Computing ML distances based on estimated model parameters...
Calculating distance matrix: done in 0.00212487 secs using 98.03% CPU
Computing ML distances took 0.002251 sec (of wall-clock time) 0.002204 sec (of CPU time)
Setting up auxiliary I and S matrices: done in 5.9799e-05 secs
Computing RapidNJ tree took 0.000236 sec (of wall-clock time) 0.000000 sec (of CPU time)
Log-likelihood of RapidNJ tree: -10491.292
--------------------------------------------------------------------
|             INITIALIZING CANDIDATE TREE SET                      |
--------------------------------------------------------------------
Generating 98 parsimony trees... 0.303 second
Computing log-likelihood of 98 initial trees ... 0.248 seconds
Current best score: -10470.791

Do NNI search on 20 best initial trees
Estimate model parameters (epsilon = 0.100)
BETTER TREE FOUND at iteration 1: -10470.020
Iteration 10 / LogL: -10470.665 / Time: 0h:0m:0s
Iteration 20 / LogL: -10470.667 / Time: 0h:0m:1s
Finish initializing candidate tree set (7)
Current best tree score: -10470.020 / CPU time: 1.062
Number of iterations: 20
--------------------------------------------------------------------
|               OPTIMIZING CANDIDATE TREE SET                      |
--------------------------------------------------------------------
Iteration 30 / LogL: -10478.151 / Time: 0h:0m:1s (0h:0m:3s left)
Iteration 40 / LogL: -10477.034 / Time: 0h:0m:1s (0h:0m:2s left)
Iteration 50 / LogL: -10470.020 / Time: 0h:0m:1s (0h:0m:2s left)
Iteration 60 / LogL: -10470.664 / Time: 0h:0m:2s (0h:0m:1s left)
Iteration 70 / LogL: -10470.740 / Time: 0h:0m:2s (0h:0m:1s left)
Iteration 80 / LogL: -10470.664 / Time: 0h:0m:2s (0h:0m:0s left)
Iteration 90 / LogL: -10470.663 / Time: 0h:0m:2s (0h:0m:0s left)
Iteration 100 / LogL: -10470.035 / Time: 0h:0m:2s (0h:0m:0s left)
TREE SEARCH COMPLETED AFTER 102 ITERATIONS / Time: 0h:0m:2s

--------------------------------------------------------------------
|                    FINALIZING TREE SEARCH                        |
--------------------------------------------------------------------
Performs final model parameters optimization
Estimate model parameters (epsilon = 0.010)
1. Initial log-likelihood: -10470.020
Optimal log-likelihood: -10470.020
Rate parameters:  A-C: 1.00000  A-G: 1.73795  A-T: 1.00000  C-G: 1.00000  C-T: 1.73795  G-T: 1.00000
Base frequencies:  A: 0.306  C: 0.202  G: 0.188  T: 0.305
Parameters optimization took 1 rounds (0.003 sec)
BEST SCORE FOUND : -10470.020

Testing tree branches by aBayes parametric test...
0.006 sec.
Total tree length: 1.014

Total number of iterations: 102
CPU time used for tree search: 2.773 sec (0h:0m:2s)
Wall-clock time used for tree search: 2.853 sec (0h:0m:2s)
Total CPU time used: 2.819 sec (0h:0m:2s)
Total wall-clock time used: 2.901 sec (0h:0m:2s)

Analysis results written to: 
  IQ-TREE report:                /home/mis/CSE6406-project/work/paper_subset_50x10_L1600/ils_high/replicate_10/estimated_gene_trees/L1600/hky/locus_0036.iqtree
  Maximum-likelihood tree:       /home/mis/CSE6406-project/work/paper_subset_50x10_L1600/ils_high/replicate_10/estimated_gene_trees/L1600/hky/locus_0036.treefile
  Likelihood distances:          /home/mis/CSE6406-project/work/paper_subset_50x10_L1600/ils_high/replicate_10/estimated_gene_trees/L1600/hky/locus_0036.mldist
  Screen log file:               /home/mis/CSE6406-project/work/paper_subset_50x10_L1600/ils_high/replicate_10/estimated_gene_trees/L1600/hky/locus_0036.log

Date and Time: Sat Sep 12 22:08:05 2026
