IQ-TREE multicore version 2.4.0 for Linux x86 64-bit built Feb 12 2025
Developed by Bui Quang Minh, Nguyen Lam Tung, Olga Chernomor, Heiko Schmidt,
Dominik Schrempf, Michael Woodhams, Ly Trong Nhan, Thomas Wong

Host:    ezmata (AVX2, FMA3, 15 GB RAM)
Command: /home/mis/miniconda3/envs/cse6406/bin/iqtree2 -s /home/mis/CSE6406-project/work/paper_subset_50x10_L1600/ils_high/replicate_10/alignments/L1600/locus_0011.phy -m HKY --abayes -T 1 --seed 7406012 --prefix /home/mis/CSE6406-project/work/paper_subset_50x10_L1600/ils_high/replicate_10/estimated_gene_trees/L1600/hky/locus_0011 --redo --quiet
Seed:    7406012 (Using SPRNG - Scalable Parallel Random Number Generator)
Time:    Sat Sep 12 22:07:55 2026
Kernel:  AVX+FMA - 1 threads (16 CPU cores detected)

HINT: Use -nt option to specify number of threads because your CPU has 16 cores!
HINT: -nt AUTO will automatically determine the best number of threads to use.

Reading alignment file /home/mis/CSE6406-project/work/paper_subset_50x10_L1600/ils_high/replicate_10/alignments/L1600/locus_0011.phy ... Phylip format detected
Alignment most likely contains DNA/RNA sequences
Alignment has 21 sequences with 1600 columns, 514 distinct patterns
407 parsimony-informative, 157 singleton sites, 1036 constant sites
        Gap/Ambiguity  Composition  p-value
Analyzing sequences: done in 2.8309e-05 secs using 98.91% CPU
   1  0_0_0     0.00%    passed     67.63%
   2  19_0_0    0.00%    passed     81.38%
   3  20_0_0    0.00%    passed     99.21%
   4  8_0_0     0.00%    passed     96.84%
   5  13_0_0    0.00%    passed     97.89%
   6  12_0_0    0.00%    passed     89.54%
   7  6_0_0     0.00%    passed     99.91%
   8  5_0_0     0.00%    passed     90.78%
   9  1_0_0     0.00%    passed     91.91%
  10  16_0_0    0.00%    passed     86.89%
  11  4_0_0     0.00%    passed     89.28%
  12  9_0_0     0.00%    passed     99.13%
  13  17_0_0    0.00%    passed     99.97%
  14  15_0_0    0.00%    passed     97.40%
  15  18_0_0    0.00%    passed     96.19%
  16  14_0_0    0.00%    passed     86.61%
  17  11_0_0    0.00%    passed     98.18%
  18  3_0_0     0.00%    passed     96.19%
  19  7_0_0     0.00%    passed     95.57%
  20  2_0_0     0.00%    passed     95.39%
  21  10_0_0    0.00%    passed     88.27%
****  TOTAL     0.00%  0 sequences failed composition chi2 test (p-value<5%; df=3)

Create initial parsimony tree by phylogenetic likelihood library (PLL)... 0.001 seconds

NOTE: 0 MB RAM (0 GB) is required!
Estimate model parameters (epsilon = 0.100)
1. Initial log-likelihood: -10690.974
2. Current log-likelihood: -10603.865
Optimal log-likelihood: -10603.792
Rate parameters:  A-C: 1.00000  A-G: 1.96244  A-T: 1.00000  C-G: 1.00000  C-T: 1.96244  G-T: 1.00000
Base frequencies:  A: 0.317  C: 0.197  G: 0.206  T: 0.280
Parameters optimization took 2 rounds (0.007 sec)
Wrote distance file to... 
Computing ML distances based on estimated model parameters...
Calculating distance matrix: done in 0.00121101 secs using 99.92% CPU
Computing ML distances took 0.001283 sec (of wall-clock time) 0.001284 sec (of CPU time)
Setting up auxiliary I and S matrices: done in 5.9577e-05 secs
Computing RapidNJ tree took 0.000237 sec (of wall-clock time) 0.000000 sec (of CPU time)
Log-likelihood of RapidNJ tree: -10686.901
--------------------------------------------------------------------
|             INITIALIZING CANDIDATE TREE SET                      |
--------------------------------------------------------------------
Generating 98 parsimony trees... 0.164 second
Computing log-likelihood of 98 initial trees ... 0.125 seconds
Current best score: -10603.792

Do NNI search on 20 best initial trees
Estimate model parameters (epsilon = 0.100)
BETTER TREE FOUND at iteration 1: -10603.792
BETTER TREE FOUND at iteration 2: -10603.789
UPDATE BEST LOG-LIKELIHOOD: -10603.789
Iteration 10 / LogL: -10603.790 / Time: 0h:0m:0s
UPDATE BEST LOG-LIKELIHOOD: -10603.789
Iteration 20 / LogL: -10603.794 / Time: 0h:0m:0s
Finish initializing candidate tree set (2)
Current best tree score: -10603.789 / CPU time: 0.530
Number of iterations: 20
--------------------------------------------------------------------
|               OPTIMIZING CANDIDATE TREE SET                      |
--------------------------------------------------------------------
Iteration 30 / LogL: -10603.808 / Time: 0h:0m:0s (0h:0m:1s left)
Iteration 40 / LogL: -10603.803 / Time: 0h:0m:0s (0h:0m:1s left)
Iteration 50 / LogL: -10603.828 / Time: 0h:0m:1s (0h:0m:1s left)
Iteration 60 / LogL: -10603.822 / Time: 0h:0m:1s (0h:0m:0s left)
Iteration 70 / LogL: -10603.793 / Time: 0h:0m:1s (0h:0m:0s left)
Iteration 80 / LogL: -10603.795 / Time: 0h:0m:1s (0h:0m:0s left)
Iteration 90 / LogL: -10603.887 / Time: 0h:0m:1s (0h:0m:0s left)
Iteration 100 / LogL: -10603.839 / Time: 0h:0m:1s (0h:0m:0s left)
TREE SEARCH COMPLETED AFTER 103 ITERATIONS / Time: 0h:0m:1s

--------------------------------------------------------------------
|                    FINALIZING TREE SEARCH                        |
--------------------------------------------------------------------
Performs final model parameters optimization
Estimate model parameters (epsilon = 0.010)
1. Initial log-likelihood: -10603.789
Optimal log-likelihood: -10603.789
Rate parameters:  A-C: 1.00000  A-G: 1.96097  A-T: 1.00000  C-G: 1.00000  C-T: 1.96097  G-T: 1.00000
Base frequencies:  A: 0.317  C: 0.197  G: 0.206  T: 0.280
Parameters optimization took 1 rounds (0.002 sec)
BEST SCORE FOUND : -10603.789

Testing tree branches by aBayes parametric test...
0.004 sec.
Total tree length: 1.022

Total number of iterations: 103
CPU time used for tree search: 1.840 sec (0h:0m:1s)
Wall-clock time used for tree search: 1.928 sec (0h:0m:1s)
Total CPU time used: 1.866 sec (0h:0m:1s)
Total wall-clock time used: 1.956 sec (0h:0m:1s)

Analysis results written to: 
  IQ-TREE report:                /home/mis/CSE6406-project/work/paper_subset_50x10_L1600/ils_high/replicate_10/estimated_gene_trees/L1600/hky/locus_0011.iqtree
  Maximum-likelihood tree:       /home/mis/CSE6406-project/work/paper_subset_50x10_L1600/ils_high/replicate_10/estimated_gene_trees/L1600/hky/locus_0011.treefile
  Likelihood distances:          /home/mis/CSE6406-project/work/paper_subset_50x10_L1600/ils_high/replicate_10/estimated_gene_trees/L1600/hky/locus_0011.mldist
  Screen log file:               /home/mis/CSE6406-project/work/paper_subset_50x10_L1600/ils_high/replicate_10/estimated_gene_trees/L1600/hky/locus_0011.log

Date and Time: Sat Sep 12 22:07:57 2026
