IQ-TREE multicore version 2.4.0 for Linux x86 64-bit built Feb 12 2025
Developed by Bui Quang Minh, Nguyen Lam Tung, Olga Chernomor, Heiko Schmidt,
Dominik Schrempf, Michael Woodhams, Ly Trong Nhan, Thomas Wong

Host:    ezmata (AVX2, FMA3, 15 GB RAM)
Command: /home/mis/miniconda3/envs/cse6406/bin/iqtree2 -s /home/mis/CSE6406-project/work/paper_subset_50x10_L1600/ils_high/replicate_10/alignments/L1600/locus_0044.phy -m HKY --abayes -T 1 --seed 7406045 --prefix /home/mis/CSE6406-project/work/paper_subset_50x10_L1600/ils_high/replicate_10/estimated_gene_trees/L1600/hky/locus_0044 --redo --quiet
Seed:    7406045 (Using SPRNG - Scalable Parallel Random Number Generator)
Time:    Sat Sep 12 22:08:04 2026
Kernel:  AVX+FMA - 1 threads (16 CPU cores detected)

HINT: Use -nt option to specify number of threads because your CPU has 16 cores!
HINT: -nt AUTO will automatically determine the best number of threads to use.

Reading alignment file /home/mis/CSE6406-project/work/paper_subset_50x10_L1600/ils_high/replicate_10/alignments/L1600/locus_0044.phy ... Phylip format detected
Alignment most likely contains DNA/RNA sequences
Alignment has 21 sequences with 1600 columns, 516 distinct patterns
402 parsimony-informative, 161 singleton sites, 1037 constant sites
        Gap/Ambiguity  Composition  p-value
Analyzing sequences: done in 4.7651e-05 secs using 98.63% CPU
   1  0_0_0     0.00%    passed     78.84%
   2  19_0_0    0.00%    passed     88.05%
   3  20_0_0    0.00%    passed     98.98%
   4  5_0_0     0.00%    passed     97.54%
   5  12_0_0    0.00%    passed     85.92%
   6  6_0_0     0.00%    passed     87.66%
   7  17_0_0    0.00%    passed     95.30%
   8  11_0_0    0.00%    passed     96.31%
   9  3_0_0     0.00%    passed     91.72%
  10  15_0_0    0.00%    passed     94.40%
  11  1_0_0     0.00%    passed     97.03%
  12  16_0_0    0.00%    passed     98.47%
  13  2_0_0     0.00%    passed     90.22%
  14  18_0_0    0.00%    passed     99.14%
  15  14_0_0    0.00%    passed     99.90%
  16  8_0_0     0.00%    passed     99.49%
  17  7_0_0     0.00%    passed     91.43%
  18  10_0_0    0.00%    passed     78.40%
  19  13_0_0    0.00%    passed     82.49%
  20  4_0_0     0.00%    passed     95.49%
  21  9_0_0     0.00%    passed     88.22%
****  TOTAL     0.00%  0 sequences failed composition chi2 test (p-value<5%; df=3)

Create initial parsimony tree by phylogenetic likelihood library (PLL)... 0.001 seconds

NOTE: 0 MB RAM (0 GB) is required!
Estimate model parameters (epsilon = 0.100)
1. Initial log-likelihood: -10590.084
2. Current log-likelihood: -10512.502
Optimal log-likelihood: -10512.424
Rate parameters:  A-C: 1.00000  A-G: 1.84822  A-T: 1.00000  C-G: 1.00000  C-T: 1.84822  G-T: 1.00000
Base frequencies:  A: 0.296  C: 0.196  G: 0.204  T: 0.305
Parameters optimization took 2 rounds (0.007 sec)
Wrote distance file to... 
Computing ML distances based on estimated model parameters...
Calculating distance matrix: done in 0.00113786 secs using 99.92% CPU
Computing ML distances took 0.001210 sec (of wall-clock time) 0.001212 sec (of CPU time)
Setting up auxiliary I and S matrices: done in 7.0985e-05 secs
Computing RapidNJ tree took 0.000270 sec (of wall-clock time) 0.000000 sec (of CPU time)
Log-likelihood of RapidNJ tree: -10542.219
--------------------------------------------------------------------
|             INITIALIZING CANDIDATE TREE SET                      |
--------------------------------------------------------------------
Generating 98 parsimony trees... 0.177 second
Computing log-likelihood of 98 initial trees ... 0.122 seconds
Current best score: -10512.424

Do NNI search on 20 best initial trees
Estimate model parameters (epsilon = 0.100)
BETTER TREE FOUND at iteration 1: -10512.424
Iteration 10 / LogL: -10521.459 / Time: 0h:0m:0s
Iteration 20 / LogL: -10512.424 / Time: 0h:0m:0s
Finish initializing candidate tree set (10)
Current best tree score: -10512.424 / CPU time: 0.599
Number of iterations: 20
--------------------------------------------------------------------
|               OPTIMIZING CANDIDATE TREE SET                      |
--------------------------------------------------------------------
Iteration 30 / LogL: -10512.425 / Time: 0h:0m:0s (0h:0m:1s left)
Iteration 40 / LogL: -10512.424 / Time: 0h:0m:0s (0h:0m:1s left)
Iteration 50 / LogL: -10520.991 / Time: 0h:0m:1s (0h:0m:1s left)
Iteration 60 / LogL: -10520.287 / Time: 0h:0m:1s (0h:0m:0s left)
Iteration 70 / LogL: -10512.424 / Time: 0h:0m:1s (0h:0m:0s left)
Iteration 80 / LogL: -10512.434 / Time: 0h:0m:1s (0h:0m:0s left)
Iteration 90 / LogL: -10519.300 / Time: 0h:0m:1s (0h:0m:0s left)
Iteration 100 / LogL: -10512.425 / Time: 0h:0m:2s (0h:0m:0s left)
TREE SEARCH COMPLETED AFTER 102 ITERATIONS / Time: 0h:0m:2s

--------------------------------------------------------------------
|                    FINALIZING TREE SEARCH                        |
--------------------------------------------------------------------
Performs final model parameters optimization
Estimate model parameters (epsilon = 0.010)
1. Initial log-likelihood: -10512.424
Optimal log-likelihood: -10512.424
Rate parameters:  A-C: 1.00000  A-G: 1.84822  A-T: 1.00000  C-G: 1.00000  C-T: 1.84822  G-T: 1.00000
Base frequencies:  A: 0.296  C: 0.196  G: 0.204  T: 0.305
Parameters optimization took 1 rounds (0.004 sec)
BEST SCORE FOUND : -10512.424

Testing tree branches by aBayes parametric test...
0.005 sec.
Total tree length: 1.045

Total number of iterations: 102
CPU time used for tree search: 2.045 sec (0h:0m:2s)
Wall-clock time used for tree search: 2.127 sec (0h:0m:2s)
Total CPU time used: 2.076 sec (0h:0m:2s)
Total wall-clock time used: 2.159 sec (0h:0m:2s)

Analysis results written to: 
  IQ-TREE report:                /home/mis/CSE6406-project/work/paper_subset_50x10_L1600/ils_high/replicate_10/estimated_gene_trees/L1600/hky/locus_0044.iqtree
  Maximum-likelihood tree:       /home/mis/CSE6406-project/work/paper_subset_50x10_L1600/ils_high/replicate_10/estimated_gene_trees/L1600/hky/locus_0044.treefile
  Likelihood distances:          /home/mis/CSE6406-project/work/paper_subset_50x10_L1600/ils_high/replicate_10/estimated_gene_trees/L1600/hky/locus_0044.mldist
  Screen log file:               /home/mis/CSE6406-project/work/paper_subset_50x10_L1600/ils_high/replicate_10/estimated_gene_trees/L1600/hky/locus_0044.log

Date and Time: Sat Sep 12 22:08:06 2026
