IQ-TREE multicore version 2.4.0 for Linux x86 64-bit built Feb 12 2025
Developed by Bui Quang Minh, Nguyen Lam Tung, Olga Chernomor, Heiko Schmidt,
Dominik Schrempf, Michael Woodhams, Ly Trong Nhan, Thomas Wong

Host:    ezmata (AVX2, FMA3, 15 GB RAM)
Command: /home/mis/miniconda3/envs/cse6406/bin/iqtree2 -s /home/mis/CSE6406-project/work/paper_subset_50x10_L800/ils_low/replicate_08/alignments/L800/locus_0030.phy -m HKY+G4 --abayes -T AUTO --seed 7206031 --prefix /home/mis/CSE6406-project/work/paper_subset_50x10_L800/ils_low/replicate_08/estimated_gene_trees/L800/hky_g4/locus_0030 --redo --quiet
Seed:    7206031 (Using SPRNG - Scalable Parallel Random Number Generator)
Time:    Sat Sep 12 09:12:05 2026
Kernel:  AVX+FMA - auto-detect threads (16 CPU cores detected)

Reading alignment file /home/mis/CSE6406-project/work/paper_subset_50x10_L800/ils_low/replicate_08/alignments/L800/locus_0030.phy ... Phylip format detected
Alignment most likely contains DNA/RNA sequences
Alignment has 21 sequences with 800 columns, 407 distinct patterns
331 parsimony-informative, 94 singleton sites, 375 constant sites
        Gap/Ambiguity  Composition  p-value
Analyzing sequences: done in 0.000143032 secs using 21.67% CPU
   1  16_0_0    0.00%    passed     93.46%
   2  12_0_0    0.00%    passed     67.67%
   3  20_0_0    0.00%    passed     55.87%
   4  19_0_0    0.00%    passed     99.53%
   5  2_0_0     0.00%    passed     90.97%
   6  17_0_0    0.00%    passed     81.35%
   7  18_0_0    0.00%    passed     78.32%
   8  8_0_0     0.00%    passed     73.19%
   9  3_0_0     0.00%    passed     77.79%
  10  7_0_0     0.00%    passed     95.94%
  11  15_0_0    0.00%    passed     89.35%
  12  9_0_0     0.00%    passed     84.47%
  13  11_0_0    0.00%    passed     50.20%
  14  13_0_0    0.00%    passed     47.17%
  15  5_0_0     0.00%    passed     50.01%
  16  10_0_0    0.00%    passed     65.42%
  17  14_0_0    0.00%    passed     81.50%
  18  4_0_0     0.00%    passed     64.95%
  19  6_0_0     0.00%    passed     65.61%
  20  1_0_0     0.00%    passed     87.28%
  21  0_0_0     0.00%    passed     67.48%
****  TOTAL     0.00%  0 sequences failed composition chi2 test (p-value<5%; df=3)

Create initial parsimony tree by phylogenetic likelihood library (PLL)... 0.000 seconds

NOTE: 1 MB RAM (0 GB) is required!
Measuring multi-threading efficiency up to 16 CPU cores
Increase to 10 rounds for branch lengths
1865 trees examined
Threads: 1 / Time: 16.002 sec / Speedup: 1.000 / Efficiency: 100% / LogL: -10280
Threads: 2 / Time: 17.801 sec / Speedup: 0.899 / Efficiency: 45% / LogL: -10280
BEST NUMBER OF THREADS: 1

Estimate model parameters (epsilon = 0.100)
1. Initial log-likelihood: -9229.877
2. Current log-likelihood: -8797.518
3. Current log-likelihood: -8764.484
4. Current log-likelihood: -8763.851
Optimal log-likelihood: -8763.818
Rate parameters:  A-C: 1.00000  A-G: 1.70326  A-T: 1.00000  C-G: 1.00000  C-T: 1.70326  G-T: 1.00000
Base frequencies:  A: 0.335  C: 0.207  G: 0.184  T: 0.274
Gamma shape alpha: 0.210
Parameters optimization took 4 rounds (0.030 sec)
Wrote distance file to... 
Computing ML distances based on estimated model parameters...
Calculating distance matrix: done in 0.00152784 secs using 95.1% CPU
Computing ML distances took 0.001579 sec (of wall-clock time) 0.001502 sec (of CPU time)
Setting up auxiliary I and S matrices: done in 6.9905e-05 secs using 100.1% CPU
Computing RapidNJ tree took 0.000206 sec (of wall-clock time) 0.000451 sec (of CPU time)
Log-likelihood of RapidNJ tree: -8766.765
--------------------------------------------------------------------
|             INITIALIZING CANDIDATE TREE SET                      |
--------------------------------------------------------------------
Generating 98 parsimony trees... 0.131 second
Computing log-likelihood of 98 initial trees ... 0.185 seconds
Current best score: -8763.818

Do NNI search on 20 best initial trees
Estimate model parameters (epsilon = 0.100)
BETTER TREE FOUND at iteration 1: -8756.918
Iteration 10 / LogL: -8756.935 / Time: 0h:0m:34s
Iteration 20 / LogL: -8757.336 / Time: 0h:0m:34s
Finish initializing candidate tree set (2)
Current best tree score: -8756.918 / CPU time: 0.809
Number of iterations: 20
--------------------------------------------------------------------
|               OPTIMIZING CANDIDATE TREE SET                      |
--------------------------------------------------------------------
Iteration 30 / LogL: -8756.930 / Time: 0h:0m:34s (0h:1m:25s left)
Iteration 40 / LogL: -8759.564 / Time: 0h:0m:35s (0h:0m:54s left)
Iteration 50 / LogL: -8759.001 / Time: 0h:0m:35s (0h:0m:36s left)
Iteration 60 / LogL: -8757.188 / Time: 0h:0m:35s (0h:0m:24s left)
Iteration 70 / LogL: -8758.832 / Time: 0h:0m:35s (0h:0m:16s left)
Iteration 80 / LogL: -8757.086 / Time: 0h:0m:35s (0h:0m:9s left)
Iteration 90 / LogL: -8758.678 / Time: 0h:0m:36s (0h:0m:4s left)
Iteration 100 / LogL: -8756.967 / Time: 0h:0m:36s (0h:0m:0s left)
TREE SEARCH COMPLETED AFTER 102 ITERATIONS / Time: 0h:0m:36s

--------------------------------------------------------------------
|                    FINALIZING TREE SEARCH                        |
--------------------------------------------------------------------
Performs final model parameters optimization
Estimate model parameters (epsilon = 0.010)
1. Initial log-likelihood: -8756.918
Optimal log-likelihood: -8756.917
Rate parameters:  A-C: 1.00000  A-G: 1.69014  A-T: 1.00000  C-G: 1.00000  C-T: 1.69014  G-T: 1.00000
Base frequencies:  A: 0.335  C: 0.207  G: 0.184  T: 0.274
Gamma shape alpha: 0.208
Parameters optimization took 1 rounds (0.003 sec)
BEST SCORE FOUND : -8756.917

Testing tree branches by aBayes parametric test...
0.005 sec.
Total tree length: 6.200

Total number of iterations: 102
CPU time used for tree search: 2.337 sec (0h:0m:2s)
Wall-clock time used for tree search: 2.383 sec (0h:0m:2s)
Total CPU time used: 42.635 sec (0h:0m:42s)
Total wall-clock time used: 36.242 sec (0h:0m:36s)

Analysis results written to: 
  IQ-TREE report:                /home/mis/CSE6406-project/work/paper_subset_50x10_L800/ils_low/replicate_08/estimated_gene_trees/L800/hky_g4/locus_0030.iqtree
  Maximum-likelihood tree:       /home/mis/CSE6406-project/work/paper_subset_50x10_L800/ils_low/replicate_08/estimated_gene_trees/L800/hky_g4/locus_0030.treefile
  Likelihood distances:          /home/mis/CSE6406-project/work/paper_subset_50x10_L800/ils_low/replicate_08/estimated_gene_trees/L800/hky_g4/locus_0030.mldist
  Screen log file:               /home/mis/CSE6406-project/work/paper_subset_50x10_L800/ils_low/replicate_08/estimated_gene_trees/L800/hky_g4/locus_0030.log

Date and Time: Sat Sep 12 09:12:41 2026
