IQ-TREE multicore version 2.4.0 for Linux x86 64-bit built Feb 12 2025
Developed by Bui Quang Minh, Nguyen Lam Tung, Olga Chernomor, Heiko Schmidt,
Dominik Schrempf, Michael Woodhams, Ly Trong Nhan, Thomas Wong

Host:    ezmata (AVX2, FMA3, 15 GB RAM)
Command: /home/mis/miniconda3/envs/cse6406/bin/iqtree2 -s /home/mis/CSE6406-project/work/paper_subset_50x10_L800/ils_low/replicate_08/alignments/L800/locus_0047.phy -m HKY+G4 --abayes -T AUTO --seed 7206048 --prefix /home/mis/CSE6406-project/work/paper_subset_50x10_L800/ils_low/replicate_08/estimated_gene_trees/L800/hky_g4/locus_0047 --redo --quiet
Seed:    7206048 (Using SPRNG - Scalable Parallel Random Number Generator)
Time:    Sat Sep 12 09:22:37 2026
Kernel:  AVX+FMA - auto-detect threads (16 CPU cores detected)

Reading alignment file /home/mis/CSE6406-project/work/paper_subset_50x10_L800/ils_low/replicate_08/alignments/L800/locus_0047.phy ... Phylip format detected
Alignment most likely contains DNA/RNA sequences
Alignment has 21 sequences with 800 columns, 427 distinct patterns
349 parsimony-informative, 107 singleton sites, 344 constant sites
        Gap/Ambiguity  Composition  p-value
Analyzing sequences: done in 8.9387e-05 secs
   1  0_0_0     0.00%    passed     76.99%
   2  12_0_0    0.00%    passed     36.27%
   3  16_0_0    0.00%    passed     29.90%
   4  3_0_0     0.00%    passed     69.87%
   5  7_0_0     0.00%    passed     94.76%
   6  8_0_0     0.00%    passed     89.96%
   7  19_0_0    0.00%    passed     79.47%
   8  20_0_0    0.00%    passed     95.42%
   9  18_0_0    0.00%    passed     90.89%
  10  2_0_0     0.00%    passed     86.93%
  11  17_0_0    0.00%    passed     88.09%
  12  15_0_0    0.00%    passed     96.17%
  13  10_0_0    0.00%    passed     73.30%
  14  6_0_0     0.00%    passed     77.75%
  15  14_0_0    0.00%    passed     25.52%
  16  4_0_0     0.00%    passed     40.74%
  17  9_0_0     0.00%    passed     83.59%
  18  13_0_0    0.00%    passed     72.80%
  19  5_0_0     0.00%    passed     96.79%
  20  11_0_0    0.00%    passed     58.99%
  21  1_0_0     0.00%    passed     49.81%
****  TOTAL     0.00%  0 sequences failed composition chi2 test (p-value<5%; df=3)

Create initial parsimony tree by phylogenetic likelihood library (PLL)... 0.001 seconds

NOTE: 1 MB RAM (0 GB) is required!
Measuring multi-threading efficiency up to 16 CPU cores
Increase to 10 rounds for branch lengths
1790 trees examined
Threads: 1 / Time: 16.001 sec / Speedup: 1.000 / Efficiency: 100% / LogL: -10398
Threads: 2 / Time: 19.115 sec / Speedup: 0.837 / Efficiency: 42% / LogL: -10398
BEST NUMBER OF THREADS: 1

Estimate model parameters (epsilon = 0.100)
1. Initial log-likelihood: -9592.119
2. Current log-likelihood: -9152.194
3. Current log-likelihood: -9104.627
4. Current log-likelihood: -9103.334
Optimal log-likelihood: -9103.283
Rate parameters:  A-C: 1.00000  A-G: 2.14843  A-T: 1.00000  C-G: 1.00000  C-T: 2.14843  G-T: 1.00000
Base frequencies:  A: 0.270  C: 0.209  G: 0.195  T: 0.326
Gamma shape alpha: 0.219
Parameters optimization took 4 rounds (0.021 sec)
Wrote distance file to... 
Computing ML distances based on estimated model parameters...
Calculating distance matrix: done in 0.00101814 secs using 94.29% CPU
Computing ML distances took 0.001055 sec (of wall-clock time) 0.000995 sec (of CPU time)
Setting up auxiliary I and S matrices: done in 2.505e-05 secs using 99.8% CPU
Computing RapidNJ tree took 0.000095 sec (of wall-clock time) 0.000362 sec (of CPU time)
Log-likelihood of RapidNJ tree: -9189.485
--------------------------------------------------------------------
|             INITIALIZING CANDIDATE TREE SET                      |
--------------------------------------------------------------------
Generating 98 parsimony trees... 0.080 second
Computing log-likelihood of 98 initial trees ... 0.128 seconds
Current best score: -9088.581

Do NNI search on 20 best initial trees
Estimate model parameters (epsilon = 0.100)
BETTER TREE FOUND at iteration 1: -9080.884
UPDATE BEST LOG-LIKELIHOOD: -9080.884
UPDATE BEST LOG-LIKELIHOOD: -9080.884
Iteration 10 / LogL: -9080.885 / Time: 0h:0m:35s
Iteration 20 / LogL: -9083.280 / Time: 0h:0m:35s
Finish initializing candidate tree set (4)
Current best tree score: -9080.884 / CPU time: 0.710
Number of iterations: 20
--------------------------------------------------------------------
|               OPTIMIZING CANDIDATE TREE SET                      |
--------------------------------------------------------------------
Iteration 30 / LogL: -9080.906 / Time: 0h:0m:36s (0h:1m:28s left)
Iteration 40 / LogL: -9080.908 / Time: 0h:0m:36s (0h:0m:56s left)
Iteration 50 / LogL: -9083.276 / Time: 0h:0m:36s (0h:0m:38s left)
Iteration 60 / LogL: -9082.075 / Time: 0h:0m:36s (0h:0m:25s left)
Iteration 70 / LogL: -9081.799 / Time: 0h:0m:37s (0h:0m:16s left)
Iteration 80 / LogL: -9083.276 / Time: 0h:0m:37s (0h:0m:9s left)
Iteration 90 / LogL: -9081.877 / Time: 0h:0m:37s (0h:0m:4s left)
Iteration 100 / LogL: -9083.276 / Time: 0h:0m:38s (0h:0m:0s left)
TREE SEARCH COMPLETED AFTER 102 ITERATIONS / Time: 0h:0m:38s

--------------------------------------------------------------------
|                    FINALIZING TREE SEARCH                        |
--------------------------------------------------------------------
Performs final model parameters optimization
Estimate model parameters (epsilon = 0.010)
1. Initial log-likelihood: -9080.884
Optimal log-likelihood: -9080.884
Rate parameters:  A-C: 1.00000  A-G: 2.17779  A-T: 1.00000  C-G: 1.00000  C-T: 2.17779  G-T: 1.00000
Base frequencies:  A: 0.270  C: 0.209  G: 0.195  T: 0.326
Gamma shape alpha: 0.219
Parameters optimization took 1 rounds (0.004 sec)
BEST SCORE FOUND : -9080.884

Testing tree branches by aBayes parametric test...
0.005 sec.
Total tree length: 7.578

Total number of iterations: 102
CPU time used for tree search: 2.935 sec (0h:0m:2s)
Wall-clock time used for tree search: 2.972 sec (0h:0m:2s)
Total CPU time used: 45.101 sec (0h:0m:45s)
Total wall-clock time used: 38.133 sec (0h:0m:38s)

Analysis results written to: 
  IQ-TREE report:                /home/mis/CSE6406-project/work/paper_subset_50x10_L800/ils_low/replicate_08/estimated_gene_trees/L800/hky_g4/locus_0047.iqtree
  Maximum-likelihood tree:       /home/mis/CSE6406-project/work/paper_subset_50x10_L800/ils_low/replicate_08/estimated_gene_trees/L800/hky_g4/locus_0047.treefile
  Likelihood distances:          /home/mis/CSE6406-project/work/paper_subset_50x10_L800/ils_low/replicate_08/estimated_gene_trees/L800/hky_g4/locus_0047.mldist
  Screen log file:               /home/mis/CSE6406-project/work/paper_subset_50x10_L800/ils_low/replicate_08/estimated_gene_trees/L800/hky_g4/locus_0047.log

Date and Time: Sat Sep 12 09:23:16 2026
