IQ-TREE multicore version 2.4.0 for Linux x86 64-bit built Feb 12 2025
Developed by Bui Quang Minh, Nguyen Lam Tung, Olga Chernomor, Heiko Schmidt,
Dominik Schrempf, Michael Woodhams, Ly Trong Nhan, Thomas Wong

Host:    ezmata (AVX2, FMA3, 15 GB RAM)
Command: /home/mis/miniconda3/envs/cse6406/bin/iqtree2 -s /home/mis/CSE6406-project/work/paper_subset_50x10_L200/ils_low/replicate_07/alignments/L200/locus_0010.phy -m HKY+G4 --abayes -T 1 --seed 7106011 --prefix /home/mis/CSE6406-project/work/paper_subset_50x10_L200/ils_low/replicate_07/estimated_gene_trees/L200/hky_g4/locus_0010 --redo --quiet
Seed:    7106011 (Using SPRNG - Scalable Parallel Random Number Generator)
Time:    Sat Sep 12 21:35:29 2026
Kernel:  AVX+FMA - 1 threads (16 CPU cores detected)

HINT: Use -nt option to specify number of threads because your CPU has 16 cores!
HINT: -nt AUTO will automatically determine the best number of threads to use.

Reading alignment file /home/mis/CSE6406-project/work/paper_subset_50x10_L200/ils_low/replicate_07/alignments/L200/locus_0010.phy ... Phylip format detected
Alignment most likely contains DNA/RNA sequences
Alignment has 21 sequences with 200 columns, 96 distinct patterns
81 parsimony-informative, 11 singleton sites, 108 constant sites
        Gap/Ambiguity  Composition  p-value
Analyzing sequences: done in 1.8574e-05 secs using 16.15% CPU
   1  1_0_0     0.00%    passed     52.66%
   2  19_0_0    0.00%    passed     99.62%
   3  20_0_0    0.00%    passed     90.47%
   4  18_0_0    0.00%    passed     88.02%
   5  8_0_0     0.00%    passed     79.77%
   6  12_0_0    0.00%    passed     30.79%
   7  7_0_0     0.00%    passed     50.80%
   8  15_0_0    0.00%    passed     94.32%
   9  6_0_0     0.00%    passed     98.21%
  10  2_0_0     0.00%    passed     91.00%
  11  4_0_0     0.00%    passed     72.05%
  12  14_0_0    0.00%    passed     82.37%
  13  5_0_0     0.00%    passed     95.32%
  14  9_0_0     0.00%    passed     85.77%
  15  11_0_0    0.00%    passed     90.32%
  16  10_0_0    0.00%    passed     65.53%
  17  17_0_0    0.00%    passed     59.95%
  18  13_0_0    0.00%    passed     85.10%
  19  3_0_0     0.00%    passed     79.93%
  20  16_0_0    0.00%    passed     86.88%
  21  0_0_0     0.00%    passed     65.14%
****  TOTAL     0.00%  0 sequences failed composition chi2 test (p-value<5%; df=3)

Create initial parsimony tree by phylogenetic likelihood library (PLL)... 0.001 seconds

NOTE: 0 MB RAM (0 GB) is required!
Estimate model parameters (epsilon = 0.100)
1. Initial log-likelihood: -2245.987
2. Current log-likelihood: -2121.613
3. Current log-likelihood: -2115.534
Optimal log-likelihood: -2115.474
Rate parameters:  A-C: 1.00000  A-G: 1.76510  A-T: 1.00000  C-G: 1.00000  C-T: 1.76510  G-T: 1.00000
Base frequencies:  A: 0.292  C: 0.210  G: 0.188  T: 0.309
Gamma shape alpha: 0.203
Parameters optimization took 3 rounds (0.015 sec)
Wrote distance file to... 
Computing ML distances based on estimated model parameters...
Calculating distance matrix: done in 0.0021844 secs using 99.98% CPU
Computing ML distances took 0.002222 sec (of wall-clock time) 0.002220 sec (of CPU time)
Setting up auxiliary I and S matrices: done in 7.131e-05 secs using 98.16% CPU
Computing RapidNJ tree took 0.000268 sec (of wall-clock time) 0.000266 sec (of CPU time)
Log-likelihood of RapidNJ tree: -2108.678
--------------------------------------------------------------------
|             INITIALIZING CANDIDATE TREE SET                      |
--------------------------------------------------------------------
Generating 98 parsimony trees... 0.081 second
Computing log-likelihood of 98 initial trees ... 0.087 seconds
Current best score: -2108.678

Do NNI search on 20 best initial trees
Estimate model parameters (epsilon = 0.100)
BETTER TREE FOUND at iteration 1: -2107.221
BETTER TREE FOUND at iteration 2: -2107.216
Estimate model parameters (epsilon = 0.100)
BETTER TREE FOUND at iteration 3: -2101.087
Estimate model parameters (epsilon = 0.100)
BETTER TREE FOUND at iteration 4: -2100.849
Iteration 10 / LogL: -2109.346 / Time: 0h:0m:0s
Iteration 20 / LogL: -2109.648 / Time: 0h:0m:0s
Finish initializing candidate tree set (11)
Current best tree score: -2100.849 / CPU time: 0.523
Number of iterations: 20
--------------------------------------------------------------------
|               OPTIMIZING CANDIDATE TREE SET                      |
--------------------------------------------------------------------
BETTER TREE FOUND at iteration 24: -2100.849
UPDATE BEST LOG-LIKELIHOOD: -2100.849
UPDATE BEST LOG-LIKELIHOOD: -2100.848
Iteration 30 / LogL: -2101.166 / Time: 0h:0m:0s (0h:0m:2s left)
UPDATE BEST LOG-LIKELIHOOD: -2100.848
Iteration 40 / LogL: -2101.596 / Time: 0h:0m:0s (0h:0m:2s left)
Iteration 50 / LogL: -2100.848 / Time: 0h:0m:1s (0h:0m:1s left)
Iteration 60 / LogL: -2101.166 / Time: 0h:0m:1s (0h:0m:1s left)
Iteration 70 / LogL: -2100.849 / Time: 0h:0m:1s (0h:0m:1s left)
Iteration 80 / LogL: -2101.166 / Time: 0h:0m:1s (0h:0m:0s left)
Iteration 90 / LogL: -2101.166 / Time: 0h:0m:2s (0h:0m:0s left)
UPDATE BEST LOG-LIKELIHOOD: -2100.848
Iteration 100 / LogL: -2101.988 / Time: 0h:0m:2s (0h:0m:0s left)
Iteration 110 / LogL: -2101.166 / Time: 0h:0m:2s (0h:0m:0s left)
Iteration 120 / LogL: -2101.166 / Time: 0h:0m:2s (0h:0m:0s left)
TREE SEARCH COMPLETED AFTER 125 ITERATIONS / Time: 0h:0m:3s

--------------------------------------------------------------------
|                    FINALIZING TREE SEARCH                        |
--------------------------------------------------------------------
Performs final model parameters optimization
Estimate model parameters (epsilon = 0.010)
1. Initial log-likelihood: -2100.848
Optimal log-likelihood: -2100.847
Rate parameters:  A-C: 1.00000  A-G: 1.92037  A-T: 1.00000  C-G: 1.00000  C-T: 1.92037  G-T: 1.00000
Base frequencies:  A: 0.292  C: 0.210  G: 0.188  T: 0.309
Gamma shape alpha: 0.203
Parameters optimization took 1 rounds (0.002 sec)
BEST SCORE FOUND : -2100.847

Testing tree branches by aBayes parametric test...
0.003 sec.
Total tree length: 4.646

Total number of iterations: 125
CPU time used for tree search: 2.881 sec (0h:0m:2s)
Wall-clock time used for tree search: 3.054 sec (0h:0m:3s)
Total CPU time used: 2.918 sec (0h:0m:2s)
Total wall-clock time used: 3.092 sec (0h:0m:3s)

Analysis results written to: 
  IQ-TREE report:                /home/mis/CSE6406-project/work/paper_subset_50x10_L200/ils_low/replicate_07/estimated_gene_trees/L200/hky_g4/locus_0010.iqtree
  Maximum-likelihood tree:       /home/mis/CSE6406-project/work/paper_subset_50x10_L200/ils_low/replicate_07/estimated_gene_trees/L200/hky_g4/locus_0010.treefile
  Likelihood distances:          /home/mis/CSE6406-project/work/paper_subset_50x10_L200/ils_low/replicate_07/estimated_gene_trees/L200/hky_g4/locus_0010.mldist
  Screen log file:               /home/mis/CSE6406-project/work/paper_subset_50x10_L200/ils_low/replicate_07/estimated_gene_trees/L200/hky_g4/locus_0010.log

Date and Time: Sat Sep 12 21:35:33 2026
