IQ-TREE multicore version 2.4.0 for Linux x86 64-bit built Feb 12 2025
Developed by Bui Quang Minh, Nguyen Lam Tung, Olga Chernomor, Heiko Schmidt,
Dominik Schrempf, Michael Woodhams, Ly Trong Nhan, Thomas Wong

Host:    ezmata (AVX2, FMA3, 15 GB RAM)
Command: /home/mis/miniconda3/envs/cse6406/bin/iqtree2 -s /home/mis/CSE6406-project/work/paper_subset_50x10_L200/ils_low/replicate_07/alignments/L200/locus_0015.phy -m HKY+G4 --abayes -T 1 --seed 7106016 --prefix /home/mis/CSE6406-project/work/paper_subset_50x10_L200/ils_low/replicate_07/estimated_gene_trees/L200/hky_g4/locus_0015 --redo --quiet
Seed:    7106016 (Using SPRNG - Scalable Parallel Random Number Generator)
Time:    Sat Sep 12 21:35:33 2026
Kernel:  AVX+FMA - 1 threads (16 CPU cores detected)

HINT: Use -nt option to specify number of threads because your CPU has 16 cores!
HINT: -nt AUTO will automatically determine the best number of threads to use.

Reading alignment file /home/mis/CSE6406-project/work/paper_subset_50x10_L200/ils_low/replicate_07/alignments/L200/locus_0015.phy ... Phylip format detected
Alignment most likely contains DNA/RNA sequences
Alignment has 21 sequences with 200 columns, 96 distinct patterns
72 parsimony-informative, 20 singleton sites, 108 constant sites
        Gap/Ambiguity  Composition  p-value
Analyzing sequences: done in 1.9222e-05 secs using 88.44% CPU
   1  0_0_0     0.00%    passed     95.49%
   2  1_0_0     0.00%    passed     21.52%
   3  20_0_0    0.00%    passed     98.90%
   4  18_0_0    0.00%    passed     95.21%
   5  19_0_0    0.00%    passed     84.12%
   6  7_0_0     0.00%    passed     88.37%
   7  12_0_0    0.00%    passed     99.32%
   8  8_0_0     0.00%    passed     97.56%
   9  14_0_0    0.00%    passed     98.11%
  10  4_0_0     0.00%    passed     90.40%
  11  6_0_0     0.00%    passed     93.31%
  12  2_0_0     0.00%    passed     99.22%
  13  5_0_0     0.00%    passed     93.97%
  14  10_0_0    0.00%    passed     93.56%
  15  17_0_0    0.00%    passed     68.51%
  16  11_0_0    0.00%    passed     93.08%
  17  9_0_0     0.00%    passed     76.10%
  18  16_0_0    0.00%    passed     65.18%
  19  13_0_0    0.00%    passed     78.96%
  20  3_0_0     0.00%    passed     95.72%
  21  15_0_0    0.00%    passed     93.70%
****  TOTAL     0.00%  0 sequences failed composition chi2 test (p-value<5%; df=3)

Create initial parsimony tree by phylogenetic likelihood library (PLL)... 0.001 seconds

NOTE: 0 MB RAM (0 GB) is required!
Estimate model parameters (epsilon = 0.100)
1. Initial log-likelihood: -2050.200
2. Current log-likelihood: -1915.744
3. Current log-likelihood: -1904.015
4. Current log-likelihood: -1903.226
Optimal log-likelihood: -1903.131
Rate parameters:  A-C: 1.00000  A-G: 2.55495  A-T: 1.00000  C-G: 1.00000  C-T: 2.55495  G-T: 1.00000
Base frequencies:  A: 0.296  C: 0.206  G: 0.199  T: 0.298
Gamma shape alpha: 0.179
Parameters optimization took 4 rounds (0.015 sec)
Wrote distance file to... 
Computing ML distances based on estimated model parameters...
Calculating distance matrix: done in 0.00197808 secs using 97.87% CPU
Computing ML distances took 0.002006 sec (of wall-clock time) 0.001964 sec (of CPU time)
Setting up auxiliary I and S matrices: done in 5.8821e-05 secs using 244.8% CPU
Computing RapidNJ tree took 0.000220 sec (of wall-clock time) 0.000304 sec (of CPU time)
Log-likelihood of RapidNJ tree: -1917.927
--------------------------------------------------------------------
|             INITIALIZING CANDIDATE TREE SET                      |
--------------------------------------------------------------------
Generating 98 parsimony trees... 0.096 second
Computing log-likelihood of 98 initial trees ... 0.081 seconds
Current best score: -1903.131

Do NNI search on 20 best initial trees
Estimate model parameters (epsilon = 0.100)
BETTER TREE FOUND at iteration 1: -1897.911
BETTER TREE FOUND at iteration 4: -1897.911
UPDATE BEST LOG-LIKELIHOOD: -1897.911
UPDATE BEST LOG-LIKELIHOOD: -1897.911
Iteration 10 / LogL: -1897.911 / Time: 0h:0m:0s
UPDATE BEST LOG-LIKELIHOOD: -1897.911
UPDATE BEST LOG-LIKELIHOOD: -1897.910
Iteration 20 / LogL: -1902.931 / Time: 0h:0m:0s
Finish initializing candidate tree set (5)
Current best tree score: -1897.910 / CPU time: 0.710
Number of iterations: 20
--------------------------------------------------------------------
|               OPTIMIZING CANDIDATE TREE SET                      |
--------------------------------------------------------------------
UPDATE BEST LOG-LIKELIHOOD: -1897.910
UPDATE BEST LOG-LIKELIHOOD: -1897.910
Iteration 30 / LogL: -1900.021 / Time: 0h:0m:0s (0h:0m:2s left)
UPDATE BEST LOG-LIKELIHOOD: -1897.910
Iteration 40 / LogL: -1897.926 / Time: 0h:0m:1s (0h:0m:2s left)
Iteration 50 / LogL: -1897.911 / Time: 0h:0m:1s (0h:0m:1s left)
Iteration 60 / LogL: -1897.912 / Time: 0h:0m:1s (0h:0m:1s left)
Iteration 70 / LogL: -1897.916 / Time: 0h:0m:2s (0h:0m:1s left)
Iteration 80 / LogL: -1902.679 / Time: 0h:0m:2s (0h:0m:0s left)
Iteration 90 / LogL: -1900.021 / Time: 0h:0m:3s (0h:0m:0s left)
Iteration 100 / LogL: -1897.911 / Time: 0h:0m:3s (0h:0m:0s left)
TREE SEARCH COMPLETED AFTER 105 ITERATIONS / Time: 0h:0m:3s

--------------------------------------------------------------------
|                    FINALIZING TREE SEARCH                        |
--------------------------------------------------------------------
Performs final model parameters optimization
Estimate model parameters (epsilon = 0.010)
1. Initial log-likelihood: -1897.910
Optimal log-likelihood: -1897.907
Rate parameters:  A-C: 1.00000  A-G: 2.57933  A-T: 1.00000  C-G: 1.00000  C-T: 2.57933  G-T: 1.00000
Base frequencies:  A: 0.296  C: 0.206  G: 0.199  T: 0.298
Gamma shape alpha: 0.175
Parameters optimization took 1 rounds (0.004 sec)
BEST SCORE FOUND : -1897.907

Testing tree branches by aBayes parametric test...
0.006 sec.
Total tree length: 6.161

Total number of iterations: 105
CPU time used for tree search: 3.773 sec (0h:0m:3s)
Wall-clock time used for tree search: 3.952 sec (0h:0m:3s)
Total CPU time used: 3.813 sec (0h:0m:3s)
Total wall-clock time used: 3.993 sec (0h:0m:3s)

Analysis results written to: 
  IQ-TREE report:                /home/mis/CSE6406-project/work/paper_subset_50x10_L200/ils_low/replicate_07/estimated_gene_trees/L200/hky_g4/locus_0015.iqtree
  Maximum-likelihood tree:       /home/mis/CSE6406-project/work/paper_subset_50x10_L200/ils_low/replicate_07/estimated_gene_trees/L200/hky_g4/locus_0015.treefile
  Likelihood distances:          /home/mis/CSE6406-project/work/paper_subset_50x10_L200/ils_low/replicate_07/estimated_gene_trees/L200/hky_g4/locus_0015.mldist
  Screen log file:               /home/mis/CSE6406-project/work/paper_subset_50x10_L200/ils_low/replicate_07/estimated_gene_trees/L200/hky_g4/locus_0015.log

Date and Time: Sat Sep 12 21:35:37 2026
