IQ-TREE multicore version 2.4.0 for Linux x86 64-bit built Feb 12 2025
Developed by Bui Quang Minh, Nguyen Lam Tung, Olga Chernomor, Heiko Schmidt,
Dominik Schrempf, Michael Woodhams, Ly Trong Nhan, Thomas Wong

Host:    ezmata (AVX2, FMA3, 15 GB RAM)
Command: /home/mis/miniconda3/envs/cse6406/bin/iqtree2 -s /home/mis/CSE6406-project/work/paper_subset_50x10_L200/ils_low/replicate_07/alignments/L200/locus_0023.phy -m HKY+G4 --abayes -T 1 --seed 7106024 --prefix /home/mis/CSE6406-project/work/paper_subset_50x10_L200/ils_low/replicate_07/estimated_gene_trees/L200/hky_g4/locus_0023 --redo --quiet
Seed:    7106024 (Using SPRNG - Scalable Parallel Random Number Generator)
Time:    Sat Sep 12 21:35:37 2026
Kernel:  AVX+FMA - 1 threads (16 CPU cores detected)

HINT: Use -nt option to specify number of threads because your CPU has 16 cores!
HINT: -nt AUTO will automatically determine the best number of threads to use.

Reading alignment file /home/mis/CSE6406-project/work/paper_subset_50x10_L200/ils_low/replicate_07/alignments/L200/locus_0023.phy ... Phylip format detected
Alignment most likely contains DNA/RNA sequences
Alignment has 21 sequences with 200 columns, 109 distinct patterns
84 parsimony-informative, 22 singleton sites, 94 constant sites
        Gap/Ambiguity  Composition  p-value
Analyzing sequences: done in 1.8353e-05 secs using 54.49% CPU
   1  0_0_0     0.00%    passed     86.28%
   2  19_0_0    0.00%    passed     91.95%
   3  20_0_0    0.00%    passed     96.71%
   4  18_0_0    0.00%    passed     69.11%
   5  1_0_0     0.00%    passed     91.29%
   6  15_0_0    0.00%    passed     84.40%
   7  4_0_0     0.00%    passed     87.85%
   8  14_0_0    0.00%    passed     84.90%
   9  6_0_0     0.00%    passed     85.38%
  10  2_0_0     0.00%    passed     96.36%
  11  13_0_0    0.00%    passed     97.33%
  12  3_0_0     0.00%    passed     98.78%
  13  16_0_0    0.00%    passed     93.73%
  14  5_0_0     0.00%    passed     87.51%
  15  9_0_0     0.00%    passed     97.95%
  16  11_0_0    0.00%    passed     97.30%
  17  10_0_0    0.00%    passed     92.29%
  18  17_0_0    0.00%    passed     69.86%
  19  8_0_0     0.00%    passed     83.85%
  20  7_0_0     0.00%    passed     99.10%
  21  12_0_0    0.00%    passed     99.55%
****  TOTAL     0.00%  0 sequences failed composition chi2 test (p-value<5%; df=3)

Create initial parsimony tree by phylogenetic likelihood library (PLL)... 0.001 seconds

NOTE: 0 MB RAM (0 GB) is required!
Estimate model parameters (epsilon = 0.100)
1. Initial log-likelihood: -2386.558
2. Current log-likelihood: -2274.636
3. Current log-likelihood: -2267.327
4. Current log-likelihood: -2267.102
Optimal log-likelihood: -2267.075
Rate parameters:  A-C: 1.00000  A-G: 2.06672  A-T: 1.00000  C-G: 1.00000  C-T: 2.06672  G-T: 1.00000
Base frequencies:  A: 0.331  C: 0.203  G: 0.202  T: 0.264
Gamma shape alpha: 0.233
Parameters optimization took 4 rounds (0.030 sec)
Wrote distance file to... 
Computing ML distances based on estimated model parameters...
Calculating distance matrix: done in 0.00307992 secs using 99.03% CPU
Computing ML distances took 0.003136 sec (of wall-clock time) 0.003107 sec (of CPU time)
Setting up auxiliary I and S matrices: done in 7.3063e-05 secs using 98.55% CPU
Computing RapidNJ tree took 0.000283 sec (of wall-clock time) 0.000282 sec (of CPU time)
Log-likelihood of RapidNJ tree: -2262.315
--------------------------------------------------------------------
|             INITIALIZING CANDIDATE TREE SET                      |
--------------------------------------------------------------------
Generating 98 parsimony trees... 0.138 second
Computing log-likelihood of 98 initial trees ... 0.195 seconds
Current best score: -2261.118

Do NNI search on 20 best initial trees
Estimate model parameters (epsilon = 0.100)
BETTER TREE FOUND at iteration 1: -2252.981
Estimate model parameters (epsilon = 0.100)
BETTER TREE FOUND at iteration 8: -2251.634
Iteration 10 / LogL: -2252.606 / Time: 0h:0m:0s
BETTER TREE FOUND at iteration 16: -2251.633
Iteration 20 / LogL: -2253.778 / Time: 0h:0m:0s
Finish initializing candidate tree set (12)
Current best tree score: -2251.633 / CPU time: 0.853
Number of iterations: 20
--------------------------------------------------------------------
|               OPTIMIZING CANDIDATE TREE SET                      |
--------------------------------------------------------------------
BETTER TREE FOUND at iteration 25: -2251.633
UPDATE BEST LOG-LIKELIHOOD: -2251.633
Iteration 30 / LogL: -2251.634 / Time: 0h:0m:1s (0h:0m:3s left)
UPDATE BEST LOG-LIKELIHOOD: -2251.633
UPDATE BEST LOG-LIKELIHOOD: -2251.633
Iteration 40 / LogL: -2251.634 / Time: 0h:0m:1s (0h:0m:3s left)
Iteration 50 / LogL: -2251.634 / Time: 0h:0m:2s (0h:0m:3s left)
BETTER TREE FOUND at iteration 51: -2251.633
Estimate model parameters (epsilon = 0.100)
BETTER TREE FOUND at iteration 56: -2251.462
BETTER TREE FOUND at iteration 59: -2251.461
Iteration 60 / LogL: -2251.654 / Time: 0h:0m:2s (0h:0m:3s left)
Iteration 70 / LogL: -2251.791 / Time: 0h:0m:2s (0h:0m:3s left)
UPDATE BEST LOG-LIKELIHOOD: -2251.461
Iteration 80 / LogL: -2251.461 / Time: 0h:0m:2s (0h:0m:2s left)
UPDATE BEST LOG-LIKELIHOOD: -2251.461
Iteration 90 / LogL: -2251.461 / Time: 0h:0m:2s (0h:0m:2s left)
UPDATE BEST LOG-LIKELIHOOD: -2251.461
Iteration 100 / LogL: -2251.461 / Time: 0h:0m:3s (0h:0m:1s left)
Iteration 110 / LogL: -2251.462 / Time: 0h:0m:3s (0h:0m:1s left)
Iteration 120 / LogL: -2251.787 / Time: 0h:0m:3s (0h:0m:1s left)
Iteration 130 / LogL: -2251.461 / Time: 0h:0m:3s (0h:0m:0s left)
Iteration 140 / LogL: -2252.335 / Time: 0h:0m:3s (0h:0m:0s left)
UPDATE BEST LOG-LIKELIHOOD: -2251.461
Iteration 150 / LogL: -2251.586 / Time: 0h:0m:4s (0h:0m:0s left)
Iteration 160 / LogL: -2251.461 / Time: 0h:0m:4s (0h:0m:-1s left)
TREE SEARCH COMPLETED AFTER 160 ITERATIONS / Time: 0h:0m:4s

--------------------------------------------------------------------
|                    FINALIZING TREE SEARCH                        |
--------------------------------------------------------------------
Performs final model parameters optimization
Estimate model parameters (epsilon = 0.010)
1. Initial log-likelihood: -2251.461
Optimal log-likelihood: -2251.461
Rate parameters:  A-C: 1.00000  A-G: 1.92875  A-T: 1.00000  C-G: 1.00000  C-T: 1.92875  G-T: 1.00000
Base frequencies:  A: 0.331  C: 0.203  G: 0.202  T: 0.264
Gamma shape alpha: 0.218
Parameters optimization took 1 rounds (0.002 sec)
BEST SCORE FOUND : -2251.461

Testing tree branches by aBayes parametric test...
0.003 sec.
Total tree length: 5.792

Total number of iterations: 160
CPU time used for tree search: 4.098 sec (0h:0m:4s)
Wall-clock time used for tree search: 4.277 sec (0h:0m:4s)
Total CPU time used: 4.156 sec (0h:0m:4s)
Total wall-clock time used: 4.338 sec (0h:0m:4s)

Analysis results written to: 
  IQ-TREE report:                /home/mis/CSE6406-project/work/paper_subset_50x10_L200/ils_low/replicate_07/estimated_gene_trees/L200/hky_g4/locus_0023.iqtree
  Maximum-likelihood tree:       /home/mis/CSE6406-project/work/paper_subset_50x10_L200/ils_low/replicate_07/estimated_gene_trees/L200/hky_g4/locus_0023.treefile
  Likelihood distances:          /home/mis/CSE6406-project/work/paper_subset_50x10_L200/ils_low/replicate_07/estimated_gene_trees/L200/hky_g4/locus_0023.mldist
  Screen log file:               /home/mis/CSE6406-project/work/paper_subset_50x10_L200/ils_low/replicate_07/estimated_gene_trees/L200/hky_g4/locus_0023.log

Date and Time: Sat Sep 12 21:35:41 2026
