IQ-TREE multicore version 2.4.0 for Linux x86 64-bit built Feb 12 2025
Developed by Bui Quang Minh, Nguyen Lam Tung, Olga Chernomor, Heiko Schmidt,
Dominik Schrempf, Michael Woodhams, Ly Trong Nhan, Thomas Wong

Host:    ezmata (AVX2, FMA3, 15 GB RAM)
Command: /home/mis/miniconda3/envs/cse6406/bin/iqtree2 -s /home/mis/CSE6406-project/work/paper_subset_50x10_L200/ils_low/replicate_07/alignments/L200/locus_0038.phy -m HKY+G4 --abayes -T 1 --seed 7106039 --prefix /home/mis/CSE6406-project/work/paper_subset_50x10_L200/ils_low/replicate_07/estimated_gene_trees/L200/hky_g4/locus_0038 --redo --quiet
Seed:    7106039 (Using SPRNG - Scalable Parallel Random Number Generator)
Time:    Sat Sep 12 21:35:44 2026
Kernel:  AVX+FMA - 1 threads (16 CPU cores detected)

HINT: Use -nt option to specify number of threads because your CPU has 16 cores!
HINT: -nt AUTO will automatically determine the best number of threads to use.

Reading alignment file /home/mis/CSE6406-project/work/paper_subset_50x10_L200/ils_low/replicate_07/alignments/L200/locus_0038.phy ... Phylip format detected
Alignment most likely contains DNA/RNA sequences
Alignment has 21 sequences with 200 columns, 101 distinct patterns
74 parsimony-informative, 27 singleton sites, 99 constant sites
        Gap/Ambiguity  Composition  p-value
Analyzing sequences: done in 1.963e-05 secs using 91.7% CPU
   1  0_0_0     0.00%    passed     40.96%
   2  1_0_0     0.00%    passed     82.09%
   3  12_0_0    0.00%    passed     78.27%
   4  7_0_0     0.00%    passed     72.59%
   5  8_0_0     0.00%    passed     93.55%
   6  15_0_0    0.00%    passed     97.82%
   7  4_0_0     0.00%    passed     76.04%
   8  14_0_0    0.00%    passed     82.57%
   9  2_0_0     0.00%    passed     95.63%
  10  6_0_0     0.00%    passed     93.65%
  11  13_0_0    0.00%    passed     94.61%
  12  3_0_0     0.00%    passed     94.30%
  13  16_0_0    0.00%    passed     93.96%
  14  5_0_0     0.00%    passed     90.23%
  15  17_0_0    0.00%    passed     95.25%
  16  10_0_0    0.00%    passed     95.21%
  17  9_0_0     0.00%    passed     85.65%
  18  11_0_0    0.00%    passed     78.09%
  19  19_0_0    0.00%    passed     74.80%
  20  20_0_0    0.00%    passed     91.38%
  21  18_0_0    0.00%    passed     99.54%
****  TOTAL     0.00%  0 sequences failed composition chi2 test (p-value<5%; df=3)

Create initial parsimony tree by phylogenetic likelihood library (PLL)... 0.001 seconds

NOTE: 0 MB RAM (0 GB) is required!
Estimate model parameters (epsilon = 0.100)
1. Initial log-likelihood: -2125.872
2. Current log-likelihood: -2010.259
3. Current log-likelihood: -2002.966
Optimal log-likelihood: -2002.840
Rate parameters:  A-C: 1.00000  A-G: 2.03659  A-T: 1.00000  C-G: 1.00000  C-T: 2.03659  G-T: 1.00000
Base frequencies:  A: 0.273  C: 0.167  G: 0.203  T: 0.358
Gamma shape alpha: 0.212
Parameters optimization took 3 rounds (0.024 sec)
Wrote distance file to... 
Computing ML distances based on estimated model parameters...
Calculating distance matrix: done in 0.00397996 secs using 97.39% CPU
Computing ML distances took 0.004039 sec (of wall-clock time) 0.003935 sec (of CPU time)
Setting up auxiliary I and S matrices: done in 8.9932e-05 secs
Computing RapidNJ tree took 0.000306 sec (of wall-clock time) 0.000018 sec (of CPU time)
Log-likelihood of RapidNJ tree: -2001.078
--------------------------------------------------------------------
|             INITIALIZING CANDIDATE TREE SET                      |
--------------------------------------------------------------------
Generating 98 parsimony trees... 0.085 second
Computing log-likelihood of 98 initial trees ... 0.087 seconds
Current best score: -2001.078

Do NNI search on 20 best initial trees
Estimate model parameters (epsilon = 0.100)
BETTER TREE FOUND at iteration 1: -1993.487
Iteration 10 / LogL: -1995.701 / Time: 0h:0m:0s
Estimate model parameters (epsilon = 0.100)
BETTER TREE FOUND at iteration 11: -1992.888
Estimate model parameters (epsilon = 0.100)
BETTER TREE FOUND at iteration 14: -1992.839
Iteration 20 / LogL: -2000.613 / Time: 0h:0m:1s
Finish initializing candidate tree set (20)
Current best tree score: -1992.839 / CPU time: 1.205
Number of iterations: 20
--------------------------------------------------------------------
|               OPTIMIZING CANDIDATE TREE SET                      |
--------------------------------------------------------------------
Estimate model parameters (epsilon = 0.100)
BETTER TREE FOUND at iteration 23: -1992.335
BETTER TREE FOUND at iteration 28: -1992.335
Iteration 30 / LogL: -1992.335 / Time: 0h:0m:1s (0h:0m:5s left)
UPDATE BEST LOG-LIKELIHOOD: -1992.335
Iteration 40 / LogL: -1992.336 / Time: 0h:0m:2s (0h:0m:5s left)
Estimate model parameters (epsilon = 0.100)
BETTER TREE FOUND at iteration 42: -1992.290
UPDATE BEST LOG-LIKELIHOOD: -1992.290
Iteration 50 / LogL: -1999.118 / Time: 0h:0m:2s (0h:0m:5s left)
Estimate model parameters (epsilon = 0.100)
BETTER TREE FOUND at iteration 55: -1990.252
Iteration 60 / LogL: -1992.351 / Time: 0h:0m:3s (0h:0m:5s left)
Iteration 70 / LogL: -1992.351 / Time: 0h:0m:3s (0h:0m:4s left)
BETTER TREE FOUND at iteration 74: -1990.251
BETTER TREE FOUND at iteration 75: -1990.251
Iteration 80 / LogL: -1992.351 / Time: 0h:0m:4s (0h:0m:4s left)
Estimate model parameters (epsilon = 0.100)
BETTER TREE FOUND at iteration 82: -1990.210
BETTER TREE FOUND at iteration 85: -1990.210
Iteration 90 / LogL: -1990.210 / Time: 0h:0m:4s (0h:0m:4s left)
Iteration 100 / LogL: -1990.290 / Time: 0h:0m:4s (0h:0m:4s left)
Iteration 110 / LogL: -1992.244 / Time: 0h:0m:5s (0h:0m:3s left)
UPDATE BEST LOG-LIKELIHOOD: -1990.210
Iteration 120 / LogL: -1992.885 / Time: 0h:0m:5s (0h:0m:3s left)
Iteration 130 / LogL: -1995.457 / Time: 0h:0m:6s (0h:0m:2s left)
Iteration 140 / LogL: -1990.290 / Time: 0h:0m:6s (0h:0m:2s left)
Iteration 150 / LogL: -1990.210 / Time: 0h:0m:7s (0h:0m:1s left)
Iteration 160 / LogL: -1990.210 / Time: 0h:0m:7s (0h:0m:1s left)
Iteration 170 / LogL: -1990.210 / Time: 0h:0m:8s (0h:0m:0s left)
Iteration 180 / LogL: -1990.210 / Time: 0h:0m:8s (0h:0m:0s left)
TREE SEARCH COMPLETED AFTER 186 ITERATIONS / Time: 0h:0m:8s

--------------------------------------------------------------------
|                    FINALIZING TREE SEARCH                        |
--------------------------------------------------------------------
Performs final model parameters optimization
Estimate model parameters (epsilon = 0.010)
1. Initial log-likelihood: -1990.210
Optimal log-likelihood: -1990.210
Rate parameters:  A-C: 1.00000  A-G: 2.00873  A-T: 1.00000  C-G: 1.00000  C-T: 2.00873  G-T: 1.00000
Base frequencies:  A: 0.273  C: 0.167  G: 0.203  T: 0.358
Gamma shape alpha: 0.193
Parameters optimization took 1 rounds (0.004 sec)
BEST SCORE FOUND : -1990.210

Testing tree branches by aBayes parametric test...
0.006 sec.
Total tree length: 5.074

Total number of iterations: 186
CPU time used for tree search: 8.539 sec (0h:0m:8s)
Wall-clock time used for tree search: 8.884 sec (0h:0m:8s)
Total CPU time used: 8.596 sec (0h:0m:8s)
Total wall-clock time used: 8.945 sec (0h:0m:8s)

Analysis results written to: 
  IQ-TREE report:                /home/mis/CSE6406-project/work/paper_subset_50x10_L200/ils_low/replicate_07/estimated_gene_trees/L200/hky_g4/locus_0038.iqtree
  Maximum-likelihood tree:       /home/mis/CSE6406-project/work/paper_subset_50x10_L200/ils_low/replicate_07/estimated_gene_trees/L200/hky_g4/locus_0038.treefile
  Likelihood distances:          /home/mis/CSE6406-project/work/paper_subset_50x10_L200/ils_low/replicate_07/estimated_gene_trees/L200/hky_g4/locus_0038.mldist
  Screen log file:               /home/mis/CSE6406-project/work/paper_subset_50x10_L200/ils_low/replicate_07/estimated_gene_trees/L200/hky_g4/locus_0038.log

Date and Time: Sat Sep 12 21:35:53 2026
