IQ-TREE multicore version 2.4.0 for Linux x86 64-bit built Feb 12 2025
Developed by Bui Quang Minh, Nguyen Lam Tung, Olga Chernomor, Heiko Schmidt,
Dominik Schrempf, Michael Woodhams, Ly Trong Nhan, Thomas Wong

Host:    ezmata (AVX2, FMA3, 15 GB RAM)
Command: /home/mis/miniconda3/envs/cse6406/bin/iqtree2 -s /home/mis/CSE6406-project/work/paper_subset_50x10_L200/ils_low/replicate_07/alignments/L200/locus_0026.phy -m HKY+G4 --abayes -T 1 --seed 7106027 --prefix /home/mis/CSE6406-project/work/paper_subset_50x10_L200/ils_low/replicate_07/estimated_gene_trees/L200/hky_g4/locus_0026 --redo --quiet
Seed:    7106027 (Using SPRNG - Scalable Parallel Random Number Generator)
Time:    Sat Sep 12 21:35:37 2026
Kernel:  AVX+FMA - 1 threads (16 CPU cores detected)

HINT: Use -nt option to specify number of threads because your CPU has 16 cores!
HINT: -nt AUTO will automatically determine the best number of threads to use.

Reading alignment file /home/mis/CSE6406-project/work/paper_subset_50x10_L200/ils_low/replicate_07/alignments/L200/locus_0026.phy ... Phylip format detected
Alignment most likely contains DNA/RNA sequences
Alignment has 21 sequences with 200 columns, 102 distinct patterns
79 parsimony-informative, 21 singleton sites, 100 constant sites
        Gap/Ambiguity  Composition  p-value
Analyzing sequences: done in 1.8414e-05 secs using 38.01% CPU
   1  0_0_0     0.00%    passed     82.11%
   2  15_0_0    0.00%    passed     55.44%
   3  5_0_0     0.00%    passed     83.72%
   4  10_0_0    0.00%    passed     98.65%
   5  17_0_0    0.00%    passed     98.47%
   6  11_0_0    0.00%    passed     99.66%
   7  9_0_0     0.00%    passed     87.41%
   8  6_0_0     0.00%    passed     88.49%
   9  2_0_0     0.00%    passed     72.83%
  10  4_0_0     0.00%    passed     70.86%
  11  14_0_0    0.00%    passed     94.37%
  12  16_0_0    0.00%    passed     82.88%
  13  13_0_0    0.00%    passed     83.65%
  14  3_0_0     0.00%    passed     72.25%
  15  7_0_0     0.00%    passed     96.87%
  16  12_0_0    0.00%    passed     99.82%
  17  8_0_0     0.00%    passed     80.48%
  18  1_0_0     0.00%    passed     99.69%
  19  18_0_0    0.00%    passed     89.47%
  20  20_0_0    0.00%    passed     95.54%
  21  19_0_0    0.00%    passed     89.25%
****  TOTAL     0.00%  0 sequences failed composition chi2 test (p-value<5%; df=3)

Create initial parsimony tree by phylogenetic likelihood library (PLL)... 0.001 seconds

NOTE: 0 MB RAM (0 GB) is required!
Estimate model parameters (epsilon = 0.100)
1. Initial log-likelihood: -2368.943
2. Current log-likelihood: -2227.301
3. Current log-likelihood: -2219.794
4. Current log-likelihood: -2219.496
Optimal log-likelihood: -2219.434
Rate parameters:  A-C: 1.00000  A-G: 2.15664  A-T: 1.00000  C-G: 1.00000  C-T: 2.15664  G-T: 1.00000
Base frequencies:  A: 0.328  C: 0.175  G: 0.200  T: 0.297
Gamma shape alpha: 0.183
Parameters optimization took 4 rounds (0.031 sec)
Wrote distance file to... 
Computing ML distances based on estimated model parameters...
Calculating distance matrix: done in 0.00333618 secs using 97.96% CPU
Computing ML distances took 0.003405 sec (of wall-clock time) 0.003340 sec (of CPU time)
Setting up auxiliary I and S matrices: done in 9.5872e-05 secs
Computing RapidNJ tree took 0.000337 sec (of wall-clock time) 0.000053 sec (of CPU time)
Log-likelihood of RapidNJ tree: -2210.857
--------------------------------------------------------------------
|             INITIALIZING CANDIDATE TREE SET                      |
--------------------------------------------------------------------
Generating 98 parsimony trees... 0.138 second
Computing log-likelihood of 98 initial trees ... 0.135 seconds
Current best score: -2201.472

Do NNI search on 20 best initial trees
Estimate model parameters (epsilon = 0.100)
BETTER TREE FOUND at iteration 1: -2195.005
Estimate model parameters (epsilon = 0.100)
BETTER TREE FOUND at iteration 4: -2193.976
Iteration 10 / LogL: -2194.895 / Time: 0h:0m:0s
Iteration 20 / LogL: -2203.680 / Time: 0h:0m:0s
Finish initializing candidate tree set (18)
Current best tree score: -2193.976 / CPU time: 0.933
Number of iterations: 20
--------------------------------------------------------------------
|               OPTIMIZING CANDIDATE TREE SET                      |
--------------------------------------------------------------------
Estimate model parameters (epsilon = 0.100)
BETTER TREE FOUND at iteration 22: -2193.679
Estimate model parameters (epsilon = 0.100)
BETTER TREE FOUND at iteration 23: -2192.752
Estimate model parameters (epsilon = 0.100)
BETTER TREE FOUND at iteration 27: -2192.242
Iteration 30 / LogL: -2192.245 / Time: 0h:0m:1s (0h:0m:4s left)
Estimate model parameters (epsilon = 0.100)
BETTER TREE FOUND at iteration 34: -2189.368
Estimate model parameters (epsilon = 0.100)
BETTER TREE FOUND at iteration 36: -2187.926
Iteration 40 / LogL: -2192.819 / Time: 0h:0m:1s (0h:0m:3s left)
UPDATE BEST LOG-LIKELIHOOD: -2187.924
Iteration 50 / LogL: -2191.584 / Time: 0h:0m:1s (0h:0m:3s left)
UPDATE BEST LOG-LIKELIHOOD: -2187.916
Iteration 60 / LogL: -2188.667 / Time: 0h:0m:2s (0h:0m:2s left)
UPDATE BEST LOG-LIKELIHOOD: -2187.916
Iteration 70 / LogL: -2187.916 / Time: 0h:0m:2s (0h:0m:2s left)
Iteration 80 / LogL: -2188.664 / Time: 0h:0m:2s (0h:0m:2s left)
Iteration 90 / LogL: -2194.379 / Time: 0h:0m:3s (0h:0m:1s left)
Iteration 100 / LogL: -2187.936 / Time: 0h:0m:3s (0h:0m:1s left)
Iteration 110 / LogL: -2187.928 / Time: 0h:0m:3s (0h:0m:0s left)
Iteration 120 / LogL: -2187.927 / Time: 0h:0m:4s (0h:0m:0s left)
UPDATE BEST LOG-LIKELIHOOD: -2187.916
Iteration 130 / LogL: -2189.738 / Time: 0h:0m:4s (0h:0m:0s left)
TREE SEARCH COMPLETED AFTER 137 ITERATIONS / Time: 0h:0m:4s

--------------------------------------------------------------------
|                    FINALIZING TREE SEARCH                        |
--------------------------------------------------------------------
Performs final model parameters optimization
Estimate model parameters (epsilon = 0.010)
1. Initial log-likelihood: -2187.916
Optimal log-likelihood: -2187.910
Rate parameters:  A-C: 1.00000  A-G: 2.28179  A-T: 1.00000  C-G: 1.00000  C-T: 2.28179  G-T: 1.00000
Base frequencies:  A: 0.328  C: 0.175  G: 0.200  T: 0.297
Gamma shape alpha: 0.150
Parameters optimization took 1 rounds (0.002 sec)
BEST SCORE FOUND : -2187.910

Testing tree branches by aBayes parametric test...
0.003 sec.
Total tree length: 6.118

Total number of iterations: 137
CPU time used for tree search: 4.227 sec (0h:0m:4s)
Wall-clock time used for tree search: 4.483 sec (0h:0m:4s)
Total CPU time used: 4.292 sec (0h:0m:4s)
Total wall-clock time used: 4.550 sec (0h:0m:4s)

Analysis results written to: 
  IQ-TREE report:                /home/mis/CSE6406-project/work/paper_subset_50x10_L200/ils_low/replicate_07/estimated_gene_trees/L200/hky_g4/locus_0026.iqtree
  Maximum-likelihood tree:       /home/mis/CSE6406-project/work/paper_subset_50x10_L200/ils_low/replicate_07/estimated_gene_trees/L200/hky_g4/locus_0026.treefile
  Likelihood distances:          /home/mis/CSE6406-project/work/paper_subset_50x10_L200/ils_low/replicate_07/estimated_gene_trees/L200/hky_g4/locus_0026.mldist
  Screen log file:               /home/mis/CSE6406-project/work/paper_subset_50x10_L200/ils_low/replicate_07/estimated_gene_trees/L200/hky_g4/locus_0026.log

Date and Time: Sat Sep 12 21:35:42 2026
