IQ-TREE multicore version 2.4.0 for Linux x86 64-bit built Feb 12 2025
Developed by Bui Quang Minh, Nguyen Lam Tung, Olga Chernomor, Heiko Schmidt,
Dominik Schrempf, Michael Woodhams, Ly Trong Nhan, Thomas Wong

Host:    ezmata (AVX2, FMA3, 15 GB RAM)
Command: /home/mis/miniconda3/envs/cse6406/bin/iqtree2 -s /home/mis/CSE6406-project/work/paper_subset_50x10_L200/ils_low/replicate_06/alignments/L200/locus_0008.phy -m HKY --abayes -T 1 --seed 7006009 --prefix /home/mis/CSE6406-project/work/paper_subset_50x10_L200/ils_low/replicate_06/estimated_gene_trees/L200/hky/locus_0008 --redo --quiet
Seed:    7006009 (Using SPRNG - Scalable Parallel Random Number Generator)
Time:    Sat Sep 12 21:34:42 2026
Kernel:  AVX+FMA - 1 threads (16 CPU cores detected)

HINT: Use -nt option to specify number of threads because your CPU has 16 cores!
HINT: -nt AUTO will automatically determine the best number of threads to use.

Reading alignment file /home/mis/CSE6406-project/work/paper_subset_50x10_L200/ils_low/replicate_06/alignments/L200/locus_0008.phy ... Phylip format detected
Alignment most likely contains DNA/RNA sequences
Alignment has 21 sequences with 200 columns, 76 distinct patterns
54 parsimony-informative, 22 singleton sites, 124 constant sites
        Gap/Ambiguity  Composition  p-value
Analyzing sequences: done in 1.3218e-05 secs using 52.96% CPU
   1  5_0_0     0.00%    passed     96.35%
   2  4_0_0     0.00%    passed     52.26%
   3  7_0_0     0.00%    passed     65.20%
   4  1_0_0     0.00%    passed     65.20%
   5  8_0_0     0.00%    passed     90.56%
   6  6_0_0     0.00%    passed     80.78%
   7  9_0_0     0.00%    passed     86.50%
   8  3_0_0     0.00%    passed     93.71%
   9  2_0_0     0.00%    passed     94.61%
  10  12_0_0    0.00%    passed     92.72%
  11  11_0_0    0.00%    passed     91.17%
  12  14_0_0    0.00%    passed     78.82%
  13  13_0_0    0.00%    passed     99.50%
  14  15_0_0    0.00%    passed     90.55%
  15  17_0_0    0.00%    passed     97.90%
  16  19_0_0    0.00%    passed     89.11%
  17  16_0_0    0.00%    passed     78.25%
  18  10_0_0    0.00%    passed     85.52%
  19  20_0_0    0.00%    passed     82.43%
  20  18_0_0    0.00%    passed     89.03%
  21  0_0_0     0.00%    passed     66.03%
****  TOTAL     0.00%  0 sequences failed composition chi2 test (p-value<5%; df=3)

Create initial parsimony tree by phylogenetic likelihood library (PLL)... 0.000 seconds

NOTE: 0 MB RAM (0 GB) is required!
Estimate model parameters (epsilon = 0.100)
1. Initial log-likelihood: -1487.888
2. Current log-likelihood: -1470.297
Optimal log-likelihood: -1470.227
Rate parameters:  A-C: 1.00000  A-G: 2.06599  A-T: 1.00000  C-G: 1.00000  C-T: 2.06599  G-T: 1.00000
Base frequencies:  A: 0.326  C: 0.204  G: 0.178  T: 0.292
Parameters optimization took 2 rounds (0.003 sec)
Wrote distance file to... 
Computing ML distances based on estimated model parameters...
Calculating distance matrix: done in 0.00112366 secs using 93.53% CPU
Computing ML distances took 0.001160 sec (of wall-clock time) 0.001093 sec (of CPU time)
Setting up auxiliary I and S matrices: done in 5.4968e-05 secs using 98.24% CPU
Computing RapidNJ tree took 0.000216 sec (of wall-clock time) 0.000215 sec (of CPU time)
Log-likelihood of RapidNJ tree: -1460.496
--------------------------------------------------------------------
|             INITIALIZING CANDIDATE TREE SET                      |
--------------------------------------------------------------------
Generating 98 parsimony trees... 0.082 second
Computing log-likelihood of 98 initial trees ... 0.063 seconds
Current best score: -1459.059

Do NNI search on 20 best initial trees
Estimate model parameters (epsilon = 0.100)
BETTER TREE FOUND at iteration 1: -1458.731
Estimate model parameters (epsilon = 0.100)
BETTER TREE FOUND at iteration 2: -1458.558
Iteration 10 / LogL: -1458.745 / Time: 0h:0m:0s
Iteration 20 / LogL: -1459.907 / Time: 0h:0m:0s
Finish initializing candidate tree set (7)
Current best tree score: -1458.558 / CPU time: 0.199
Number of iterations: 20
--------------------------------------------------------------------
|               OPTIMIZING CANDIDATE TREE SET                      |
--------------------------------------------------------------------
Iteration 30 / LogL: -1458.565 / Time: 0h:0m:0s (0h:0m:0s left)
Iteration 40 / LogL: -1458.567 / Time: 0h:0m:0s (0h:0m:0s left)
Iteration 50 / LogL: -1459.680 / Time: 0h:0m:0s (0h:0m:0s left)
Iteration 60 / LogL: -1471.093 / Time: 0h:0m:0s (0h:0m:0s left)
Iteration 70 / LogL: -1458.727 / Time: 0h:0m:0s (0h:0m:0s left)
Iteration 80 / LogL: -1458.745 / Time: 0h:0m:0s (0h:0m:0s left)
Iteration 90 / LogL: -1458.565 / Time: 0h:0m:0s (0h:0m:0s left)
Iteration 100 / LogL: -1459.882 / Time: 0h:0m:0s (0h:0m:0s left)
TREE SEARCH COMPLETED AFTER 103 ITERATIONS / Time: 0h:0m:0s

--------------------------------------------------------------------
|                    FINALIZING TREE SEARCH                        |
--------------------------------------------------------------------
Performs final model parameters optimization
Estimate model parameters (epsilon = 0.010)
1. Initial log-likelihood: -1458.558
Optimal log-likelihood: -1458.557
Rate parameters:  A-C: 1.00000  A-G: 2.14382  A-T: 1.00000  C-G: 1.00000  C-T: 2.14382  G-T: 1.00000
Base frequencies:  A: 0.326  C: 0.204  G: 0.178  T: 0.292
Parameters optimization took 1 rounds (0.001 sec)
BEST SCORE FOUND : -1458.557

Testing tree branches by aBayes parametric test...
0.002 sec.
Total tree length: 1.235

Total number of iterations: 103
CPU time used for tree search: 0.861 sec (0h:0m:0s)
Wall-clock time used for tree search: 0.914 sec (0h:0m:0s)
Total CPU time used: 0.880 sec (0h:0m:0s)
Total wall-clock time used: 0.934 sec (0h:0m:0s)

Analysis results written to: 
  IQ-TREE report:                /home/mis/CSE6406-project/work/paper_subset_50x10_L200/ils_low/replicate_06/estimated_gene_trees/L200/hky/locus_0008.iqtree
  Maximum-likelihood tree:       /home/mis/CSE6406-project/work/paper_subset_50x10_L200/ils_low/replicate_06/estimated_gene_trees/L200/hky/locus_0008.treefile
  Likelihood distances:          /home/mis/CSE6406-project/work/paper_subset_50x10_L200/ils_low/replicate_06/estimated_gene_trees/L200/hky/locus_0008.mldist
  Screen log file:               /home/mis/CSE6406-project/work/paper_subset_50x10_L200/ils_low/replicate_06/estimated_gene_trees/L200/hky/locus_0008.log

Date and Time: Sat Sep 12 21:34:42 2026
