IQ-TREE multicore version 2.4.0 for Linux x86 64-bit built Feb 12 2025
Developed by Bui Quang Minh, Nguyen Lam Tung, Olga Chernomor, Heiko Schmidt,
Dominik Schrempf, Michael Woodhams, Ly Trong Nhan, Thomas Wong

Host:    ezmata (AVX2, FMA3, 15 GB RAM)
Command: /home/mis/miniconda3/envs/cse6406/bin/iqtree2 -s /home/mis/CSE6406-project/work/paper_subset_7x2_L200_800/ils_low/replicate_01/alignments/L800/locus_0007.phy -m HKY+G4 --abayes -T AUTO --seed 6506008 --prefix /home/mis/CSE6406-project/work/paper_subset_7x2_L200_800/ils_low/replicate_01/estimated_gene_trees/L800/hky_g4/locus_0007 --redo --quiet
Seed:    6506008 (Using SPRNG - Scalable Parallel Random Number Generator)
Time:    Thu Sep 10 12:16:52 2026
Kernel:  AVX+FMA - auto-detect threads (16 CPU cores detected)

Reading alignment file /home/mis/CSE6406-project/work/paper_subset_7x2_L200_800/ils_low/replicate_01/alignments/L800/locus_0007.phy ... Phylip format detected
Alignment most likely contains DNA/RNA sequences
Alignment has 21 sequences with 800 columns, 48 distinct patterns
9 parsimony-informative, 38 singleton sites, 753 constant sites
        Gap/Ambiguity  Composition  p-value
Analyzing sequences: done in 0.000152538 secs using 19.67% CPU
   1  0_0_0     0.00%    passed     99.57%
   2  9_0_0     0.00%    passed     99.97%
   3  10_0_0    0.00%    passed     99.80%
   4  5_0_0     0.00%    passed     99.75%
   5  19_0_0    0.00%    passed     99.95%
   6  16_0_0    0.00%    passed     99.95%
   7  11_0_0    0.00%    passed     99.91%
   8  20_0_0    0.00%    passed    100.00%
   9  8_0_0     0.00%    passed     99.99%
  10  14_0_0    0.00%    passed     99.99%
  11  7_0_0     0.00%    passed     99.91%
  12  3_0_0     0.00%    passed     99.88%
  13  2_0_0     0.00%    passed     99.75%
  14  1_0_0     0.00%    passed     99.80%
  15  4_0_0     0.00%    passed    100.00%
  16  17_0_0    0.00%    passed     99.96%
  17  15_0_0    0.00%    passed     99.90%
  18  18_0_0    0.00%    passed     99.99%
  19  12_0_0    0.00%    passed     99.81%
  20  13_0_0    0.00%    passed     99.99%
  21  6_0_0     0.00%    passed     99.07%
****  TOTAL     0.00%  0 sequences failed composition chi2 test (p-value<5%; df=3)
NOTE: 7_0_0 is identical to 11_0_0 but kept for subsequent analysis
NOTE: 14_0_0 is identical to 8_0_0 but kept for subsequent analysis

Create initial parsimony tree by phylogenetic likelihood library (PLL)... 0.000 seconds

NOTE: 0 MB RAM (0 GB) is required!
Measuring multi-threading efficiency up to 16 CPU cores
Increase to 10 rounds for branch lengths
21202 trees examined
Threads: 1 / Time: 16.000 sec / Speedup: 1.000 / Efficiency: 100% / LogL: -1574
Threads: 2 / Time: 29.315 sec / Speedup: 0.546 / Efficiency: 27% / LogL: -1574
BEST NUMBER OF THREADS: 1

Estimate model parameters (epsilon = 0.100)
1. Initial log-likelihood: -1463.636
2. Current log-likelihood: -1463.410
Optimal log-likelihood: -1463.410
Rate parameters:  A-C: 1.00000  A-G: 1.20622  A-T: 1.00000  C-G: 1.00000  C-T: 1.20622  G-T: 1.00000
Base frequencies:  A: 0.291  C: 0.216  G: 0.180  T: 0.314
Gamma shape alpha: 1.728
Parameters optimization took 2 rounds (0.002 sec)
Wrote distance file to... 
Computing ML distances based on estimated model parameters...
Calculating distance matrix: done in 0.00179973 secs using 94.96% CPU
Computing ML distances took 0.001816 sec (of wall-clock time) 0.001724 sec (of CPU time)
Setting up auxiliary I and S matrices: done in 3.1566e-05 secs using 101.4% CPU
Computing RapidNJ tree took 0.000121 sec (of wall-clock time) 0.000429 sec (of CPU time)
Log-likelihood of RapidNJ tree: -1472.024
--------------------------------------------------------------------
|             INITIALIZING CANDIDATE TREE SET                      |
--------------------------------------------------------------------
Generating 98 parsimony trees... 0.027 second
Computing log-likelihood of 98 initial trees ... 0.028 seconds
Current best score: -1463.410

Do NNI search on 20 best initial trees
Estimate model parameters (epsilon = 0.100)
BETTER TREE FOUND at iteration 1: -1463.410
Iteration 10 / LogL: -1463.410 / Time: 0h:0m:45s
Iteration 20 / LogL: -1463.410 / Time: 0h:0m:45s
Finish initializing candidate tree set (20)
Current best tree score: -1463.410 / CPU time: 0.080
Number of iterations: 20
--------------------------------------------------------------------
|               OPTIMIZING CANDIDATE TREE SET                      |
--------------------------------------------------------------------
BETTER TREE FOUND at iteration 30: -1463.410
Iteration 30 / LogL: -1463.410 / Time: 0h:0m:45s (0h:2m:36s left)
Iteration 40 / LogL: -1497.755 / Time: 0h:0m:45s (0h:1m:44s left)
BETTER TREE FOUND at iteration 45: -1463.410
Iteration 50 / LogL: -1482.673 / Time: 0h:0m:45s (0h:1m:28s left)
Iteration 60 / LogL: -1463.410 / Time: 0h:0m:45s (0h:1m:5s left)
Iteration 70 / LogL: -1467.992 / Time: 0h:0m:45s (0h:0m:49s left)
Iteration 80 / LogL: -1463.415 / Time: 0h:0m:45s (0h:0m:37s left)
Iteration 90 / LogL: -1463.410 / Time: 0h:0m:45s (0h:0m:28s left)
Iteration 100 / LogL: -1463.416 / Time: 0h:0m:45s (0h:0m:20s left)
Iteration 110 / LogL: -1463.413 / Time: 0h:0m:45s (0h:0m:14s left)
Iteration 120 / LogL: -1463.414 / Time: 0h:0m:45s (0h:0m:9s left)
Iteration 130 / LogL: -1463.416 / Time: 0h:0m:45s (0h:0m:5s left)
Iteration 140 / LogL: -1489.907 / Time: 0h:0m:45s (0h:0m:1s left)
TREE SEARCH COMPLETED AFTER 146 ITERATIONS / Time: 0h:0m:45s

--------------------------------------------------------------------
|                    FINALIZING TREE SEARCH                        |
--------------------------------------------------------------------
Performs final model parameters optimization
Estimate model parameters (epsilon = 0.010)
1. Initial log-likelihood: -1463.410
Optimal log-likelihood: -1463.410
Rate parameters:  A-C: 1.00000  A-G: 1.20561  A-T: 1.00000  C-G: 1.00000  C-T: 1.20561  G-T: 1.00000
Base frequencies:  A: 0.291  C: 0.216  G: 0.180  T: 0.314
Gamma shape alpha: 1.728
Parameters optimization took 1 rounds (0.001 sec)
BEST SCORE FOUND : -1463.410

Testing tree branches by aBayes parametric test...
0.001 sec.
Total tree length: 0.062

Total number of iterations: 146
CPU time used for tree search: 0.500 sec (0h:0m:0s)
Wall-clock time used for tree search: 0.521 sec (0h:0m:0s)
Total CPU time used: 42.581 sec (0h:0m:42s)
Total wall-clock time used: 45.850 sec (0h:0m:45s)

Analysis results written to: 
  IQ-TREE report:                /home/mis/CSE6406-project/work/paper_subset_7x2_L200_800/ils_low/replicate_01/estimated_gene_trees/L800/hky_g4/locus_0007.iqtree
  Maximum-likelihood tree:       /home/mis/CSE6406-project/work/paper_subset_7x2_L200_800/ils_low/replicate_01/estimated_gene_trees/L800/hky_g4/locus_0007.treefile
  Likelihood distances:          /home/mis/CSE6406-project/work/paper_subset_7x2_L200_800/ils_low/replicate_01/estimated_gene_trees/L800/hky_g4/locus_0007.mldist
  Screen log file:               /home/mis/CSE6406-project/work/paper_subset_7x2_L200_800/ils_low/replicate_01/estimated_gene_trees/L800/hky_g4/locus_0007.log

Date and Time: Thu Sep 10 12:17:38 2026
