IQ-TREE multicore version 2.4.0 for Linux x86 64-bit built Feb 12 2025
Developed by Bui Quang Minh, Nguyen Lam Tung, Olga Chernomor, Heiko Schmidt,
Dominik Schrempf, Michael Woodhams, Ly Trong Nhan, Thomas Wong

Host:    ezmata (AVX2, FMA3, 15 GB RAM)
Command: /home/mis/miniconda3/envs/cse6406/bin/iqtree2 -s /home/mis/CSE6406-project/work/paper_subset_50x10_L800/ils_low/replicate_04/alignments/L800/locus_0013.phy -m GTR --abayes -T AUTO --seed 6806014 --prefix /home/mis/CSE6406-project/work/paper_subset_50x10_L800/ils_low/replicate_04/estimated_gene_trees/L800/gtr/locus_0013 --redo --quiet
Seed:    6806014 (Using SPRNG - Scalable Parallel Random Number Generator)
Time:    Fri Sep 11 09:04:03 2026
Kernel:  AVX+FMA - auto-detect threads (16 CPU cores detected)

Reading alignment file /home/mis/CSE6406-project/work/paper_subset_50x10_L800/ils_low/replicate_04/alignments/L800/locus_0013.phy ... Phylip format detected
Alignment most likely contains DNA/RNA sequences
Alignment has 21 sequences with 800 columns, 246 distinct patterns
169 parsimony-informative, 94 singleton sites, 537 constant sites
        Gap/Ambiguity  Composition  p-value
Analyzing sequences: done in 8.9416e-05 secs using 22.37% CPU
   1  0_0_0     0.00%    passed     57.08%
   2  10_0_0    0.00%    passed     82.59%
   3  16_0_0    0.00%    passed     91.49%
   4  11_0_0    0.00%    passed     90.16%
   5  4_0_0     0.00%    passed     97.72%
   6  1_0_0     0.00%    passed     95.87%
   7  15_0_0    0.00%    passed     95.80%
   8  2_0_0     0.00%    passed     98.48%
   9  13_0_0    0.00%    passed     99.44%
  10  6_0_0     0.00%    passed     99.97%
  11  14_0_0    0.00%    passed     98.04%
  12  5_0_0     0.00%    passed     99.08%
  13  7_0_0     0.00%    passed     98.92%
  14  3_0_0     0.00%    passed     96.61%
  15  12_0_0    0.00%    passed     97.66%
  16  8_0_0     0.00%    passed     99.00%
  17  20_0_0    0.00%    passed     99.57%
  18  18_0_0    0.00%    passed     93.08%
  19  19_0_0    0.00%    passed     98.16%
  20  17_0_0    0.00%    passed     92.56%
  21  9_0_0     0.00%    passed     98.29%
****  TOTAL     0.00%  0 sequences failed composition chi2 test (p-value<5%; df=3)

Create initial parsimony tree by phylogenetic likelihood library (PLL)... 0.000 seconds

NOTE: 0 MB RAM (0 GB) is required!
Measuring multi-threading efficiency up to 16 CPU cores
Increase to 10 rounds for branch lengths
10206 trees examined
Threads: 1 / Time: 16.000 sec / Speedup: 1.000 / Efficiency: 100% / LogL: -5626
Threads: 2 / Time: 30.697 sec / Speedup: 0.521 / Efficiency: 26% / LogL: -5626
BEST NUMBER OF THREADS: 1

Estimate model parameters (epsilon = 0.100)
1. Initial log-likelihood: -4607.310
2. Current log-likelihood: -4555.815
Optimal log-likelihood: -4555.745
Rate parameters:  A-C: 0.94462  A-G: 2.23618  A-T: 1.05306  C-G: 0.89103  C-T: 1.99401  G-T: 1.00000
Base frequencies:  A: 0.282  C: 0.202  G: 0.184  T: 0.331
Parameters optimization took 2 rounds (0.005 sec)
Wrote distance file to... 
Computing ML distances based on estimated model parameters...
Calculating distance matrix: done in 0.000586184 secs using 73.87% CPU
Computing ML distances took 0.000610 sec (of wall-clock time) 0.000452 sec (of CPU time)
Setting up auxiliary I and S matrices: done in 2.8386e-05 secs using 73.98% CPU
Computing RapidNJ tree took 0.000105 sec (of wall-clock time) 0.000276 sec (of CPU time)
Log-likelihood of RapidNJ tree: -4575.601
--------------------------------------------------------------------
|             INITIALIZING CANDIDATE TREE SET                      |
--------------------------------------------------------------------
Generating 98 parsimony trees... 0.062 second
Computing log-likelihood of 98 initial trees ... 0.043 seconds
Current best score: -4551.635

Do NNI search on 20 best initial trees
Estimate model parameters (epsilon = 0.100)
BETTER TREE FOUND at iteration 1: -4551.406
Iteration 10 / LogL: -4551.406 / Time: 0h:0m:46s
Iteration 20 / LogL: -4551.406 / Time: 0h:0m:46s
Finish initializing candidate tree set (5)
Current best tree score: -4551.406 / CPU time: 0.185
Number of iterations: 20
--------------------------------------------------------------------
|               OPTIMIZING CANDIDATE TREE SET                      |
--------------------------------------------------------------------
Iteration 30 / LogL: -4552.171 / Time: 0h:0m:46s (0h:1m:54s left)
UPDATE BEST LOG-LIKELIHOOD: -4551.406
Iteration 40 / LogL: -4551.406 / Time: 0h:0m:47s (0h:1m:13s left)
Iteration 50 / LogL: -4551.406 / Time: 0h:0m:47s (0h:0m:49s left)
UPDATE BEST LOG-LIKELIHOOD: -4551.406
Iteration 60 / LogL: -4551.406 / Time: 0h:0m:47s (0h:0m:32s left)
UPDATE BEST LOG-LIKELIHOOD: -4551.406
Iteration 70 / LogL: -4565.149 / Time: 0h:0m:47s (0h:0m:21s left)
Iteration 80 / LogL: -4551.407 / Time: 0h:0m:47s (0h:0m:12s left)
Iteration 90 / LogL: -4551.406 / Time: 0h:0m:47s (0h:0m:5s left)
Iteration 100 / LogL: -4551.406 / Time: 0h:0m:47s (0h:0m:0s left)
TREE SEARCH COMPLETED AFTER 102 ITERATIONS / Time: 0h:0m:47s

--------------------------------------------------------------------
|                    FINALIZING TREE SEARCH                        |
--------------------------------------------------------------------
Performs final model parameters optimization
Estimate model parameters (epsilon = 0.010)
1. Initial log-likelihood: -4551.406
Optimal log-likelihood: -4551.399
Rate parameters:  A-C: 0.88072  A-G: 2.20172  A-T: 1.01631  C-G: 0.85871  C-T: 1.94435  G-T: 1.00000
Base frequencies:  A: 0.282  C: 0.202  G: 0.184  T: 0.331
Parameters optimization took 1 rounds (0.002 sec)
BEST SCORE FOUND : -4551.399

Testing tree branches by aBayes parametric test...
0.002 sec.
Total tree length: 0.844

Total number of iterations: 102
CPU time used for tree search: 0.683 sec (0h:0m:0s)
Wall-clock time used for tree search: 0.711 sec (0h:0m:0s)
Total CPU time used: 43.579 sec (0h:0m:43s)
Total wall-clock time used: 47.424 sec (0h:0m:47s)

Analysis results written to: 
  IQ-TREE report:                /home/mis/CSE6406-project/work/paper_subset_50x10_L800/ils_low/replicate_04/estimated_gene_trees/L800/gtr/locus_0013.iqtree
  Maximum-likelihood tree:       /home/mis/CSE6406-project/work/paper_subset_50x10_L800/ils_low/replicate_04/estimated_gene_trees/L800/gtr/locus_0013.treefile
  Likelihood distances:          /home/mis/CSE6406-project/work/paper_subset_50x10_L800/ils_low/replicate_04/estimated_gene_trees/L800/gtr/locus_0013.mldist
  Screen log file:               /home/mis/CSE6406-project/work/paper_subset_50x10_L800/ils_low/replicate_04/estimated_gene_trees/L800/gtr/locus_0013.log

Date and Time: Fri Sep 11 09:04:50 2026
