IQ-TREE multicore version 2.4.0 for Linux x86 64-bit built Feb 12 2025
Developed by Bui Quang Minh, Nguyen Lam Tung, Olga Chernomor, Heiko Schmidt,
Dominik Schrempf, Michael Woodhams, Ly Trong Nhan, Thomas Wong

Host:    ezmata (AVX2, FMA3, 15 GB RAM)
Command: /home/mis/miniconda3/envs/cse6406/bin/iqtree2 -s /home/mis/CSE6406-project/work/paper_subset_50x10_L800/ils_low/replicate_04/alignments/L800/locus_0002.phy -m GTR --abayes -T AUTO --seed 6806003 --prefix /home/mis/CSE6406-project/work/paper_subset_50x10_L800/ils_low/replicate_04/estimated_gene_trees/L800/gtr/locus_0002 --redo --quiet
Seed:    6806003 (Using SPRNG - Scalable Parallel Random Number Generator)
Time:    Fri Sep 11 08:55:23 2026
Kernel:  AVX+FMA - auto-detect threads (16 CPU cores detected)

Reading alignment file /home/mis/CSE6406-project/work/paper_subset_50x10_L800/ils_low/replicate_04/alignments/L800/locus_0002.phy ... Phylip format detected
Alignment most likely contains DNA/RNA sequences
Alignment has 21 sequences with 800 columns, 254 distinct patterns
171 parsimony-informative, 101 singleton sites, 528 constant sites
        Gap/Ambiguity  Composition  p-value
Analyzing sequences: done in 0.000103333 secs using 41.61% CPU
   1  10_0_0    0.00%    passed     99.85%
   2  9_0_0     0.00%    passed     99.80%
   3  7_0_0     0.00%    passed     96.96%
   4  5_0_0     0.00%    passed     97.17%
   5  14_0_0    0.00%    passed     96.38%
   6  12_0_0    0.00%    passed     98.54%
   7  6_0_0     0.00%    passed     99.19%
   8  13_0_0    0.00%    passed     99.18%
   9  3_0_0     0.00%    passed     90.34%
  10  8_0_0     0.00%    passed     95.41%
  11  18_0_0    0.00%    passed     99.57%
  12  20_0_0    0.00%    passed     99.22%
  13  19_0_0    0.00%    passed     91.29%
  14  17_0_0    0.00%    passed     95.59%
  15  1_0_0     0.00%    passed     99.52%
  16  4_0_0     0.00%    passed     98.87%
  17  16_0_0    0.00%    passed     97.24%
  18  11_0_0    0.00%    passed     99.59%
  19  2_0_0     0.00%    passed     94.84%
  20  15_0_0    0.00%    passed     91.18%
  21  0_0_0     0.00%    passed     97.76%
****  TOTAL     0.00%  0 sequences failed composition chi2 test (p-value<5%; df=3)

Create initial parsimony tree by phylogenetic likelihood library (PLL)... 0.000 seconds

NOTE: 0 MB RAM (0 GB) is required!
Measuring multi-threading efficiency up to 16 CPU cores
Increase to 10 rounds for branch lengths
10658 trees examined
Threads: 1 / Time: 16.000 sec / Speedup: 1.000 / Efficiency: 100% / LogL: -5772
Threads: 2 / Time: 30.283 sec / Speedup: 0.528 / Efficiency: 26% / LogL: -5772
BEST NUMBER OF THREADS: 1

Estimate model parameters (epsilon = 0.100)
1. Initial log-likelihood: -4750.369
2. Current log-likelihood: -4719.106
3. Current log-likelihood: -4718.898
Optimal log-likelihood: -4718.896
Rate parameters:  A-C: 0.78619  A-G: 1.36200  A-T: 0.91767  C-G: 1.31996  C-T: 1.64575  G-T: 1.00000
Base frequencies:  A: 0.335  C: 0.199  G: 0.187  T: 0.279
Parameters optimization took 3 rounds (0.005 sec)
Wrote distance file to... 
Computing ML distances based on estimated model parameters...
Calculating distance matrix: done in 0.000537506 secs using 97.3% CPU
Computing ML distances took 0.000564 sec (of wall-clock time) 0.000544 sec (of CPU time)
Setting up auxiliary I and S matrices: done in 2.6821e-05 secs using 96.94% CPU
Computing RapidNJ tree took 0.000101 sec (of wall-clock time) 0.000101 sec (of CPU time)
Log-likelihood of RapidNJ tree: -4759.330
--------------------------------------------------------------------
|             INITIALIZING CANDIDATE TREE SET                      |
--------------------------------------------------------------------
Generating 98 parsimony trees... 0.065 second
Computing log-likelihood of 98 initial trees ... 0.043 seconds
Current best score: -4708.243

Do NNI search on 20 best initial trees
Estimate model parameters (epsilon = 0.100)
BETTER TREE FOUND at iteration 1: -4707.455
Iteration 10 / LogL: -4710.474 / Time: 0h:0m:46s
Iteration 20 / LogL: -4710.973 / Time: 0h:0m:46s
Finish initializing candidate tree set (5)
Current best tree score: -4707.455 / CPU time: 0.185
Number of iterations: 20
--------------------------------------------------------------------
|               OPTIMIZING CANDIDATE TREE SET                      |
--------------------------------------------------------------------
Iteration 30 / LogL: -4710.474 / Time: 0h:0m:46s (0h:1m:53s left)
Iteration 40 / LogL: -4710.474 / Time: 0h:0m:46s (0h:1m:12s left)
Iteration 50 / LogL: -4707.455 / Time: 0h:0m:46s (0h:0m:48s left)
Iteration 60 / LogL: -4707.455 / Time: 0h:0m:46s (0h:0m:32s left)
Iteration 70 / LogL: -4728.027 / Time: 0h:0m:46s (0h:0m:21s left)
Iteration 80 / LogL: -4707.455 / Time: 0h:0m:46s (0h:0m:12s left)
Iteration 90 / LogL: -4722.687 / Time: 0h:0m:46s (0h:0m:5s left)
Iteration 100 / LogL: -4710.477 / Time: 0h:0m:47s (0h:0m:0s left)
TREE SEARCH COMPLETED AFTER 102 ITERATIONS / Time: 0h:0m:47s

--------------------------------------------------------------------
|                    FINALIZING TREE SEARCH                        |
--------------------------------------------------------------------
Performs final model parameters optimization
Estimate model parameters (epsilon = 0.010)
1. Initial log-likelihood: -4707.455
Optimal log-likelihood: -4707.455
Rate parameters:  A-C: 0.77771  A-G: 1.33977  A-T: 0.89601  C-G: 1.28871  C-T: 1.59804  G-T: 1.00000
Base frequencies:  A: 0.335  C: 0.199  G: 0.187  T: 0.279
Parameters optimization took 1 rounds (0.001 sec)
BEST SCORE FOUND : -4707.455

Testing tree branches by aBayes parametric test...
0.001 sec.
Total tree length: 0.889

Total number of iterations: 102
CPU time used for tree search: 0.707 sec (0h:0m:0s)
Wall-clock time used for tree search: 0.730 sec (0h:0m:0s)
Total CPU time used: 43.562 sec (0h:0m:43s)
Total wall-clock time used: 47.028 sec (0h:0m:47s)

Analysis results written to: 
  IQ-TREE report:                /home/mis/CSE6406-project/work/paper_subset_50x10_L800/ils_low/replicate_04/estimated_gene_trees/L800/gtr/locus_0002.iqtree
  Maximum-likelihood tree:       /home/mis/CSE6406-project/work/paper_subset_50x10_L800/ils_low/replicate_04/estimated_gene_trees/L800/gtr/locus_0002.treefile
  Likelihood distances:          /home/mis/CSE6406-project/work/paper_subset_50x10_L800/ils_low/replicate_04/estimated_gene_trees/L800/gtr/locus_0002.mldist
  Screen log file:               /home/mis/CSE6406-project/work/paper_subset_50x10_L800/ils_low/replicate_04/estimated_gene_trees/L800/gtr/locus_0002.log

Date and Time: Fri Sep 11 08:56:10 2026
