IQ-TREE multicore version 2.4.0 for MacOS ARM 64-bit built Feb 12 2025
Developed by Bui Quang Minh, Nguyen Lam Tung, Olga Chernomor, Heiko Schmidt,
Dominik Schrempf, Michael Woodhams, Ly Trong Nhan, Thomas Wong

Host:    Fahims-MacBook-Air.local (SSE4.2, 16 GB RAM)
Command: /Users/fahim/miniconda3/envs/cse6406/bin/iqtree2 -s /Users/fahim/CSE6406-project/work/paper_subset_50x10_L1600/ils_low/replicate_05/alignments/L1600/locus_0039.phy -m JC --abayes -T AUTO --seed 6906040 --prefix /Users/fahim/CSE6406-project/work/paper_subset_50x10_L1600/ils_low/replicate_05/estimated_gene_trees/L1600/jc/locus_0039 --redo --quiet
Seed:    6906040 (Using SPRNG - Scalable Parallel Random Number Generator)
Time:    Fri Sep 11 12:01:30 2026
Kernel:  SSE2 - auto-detect threads (10 CPU cores detected)

Reading alignment file /Users/fahim/CSE6406-project/work/paper_subset_50x10_L1600/ils_low/replicate_05/alignments/L1600/locus_0039.phy ... Phylip format detected
Alignment most likely contains DNA/RNA sequences
Alignment has 21 sequences with 1600 columns, 519 distinct patterns
390 parsimony-informative, 172 singleton sites, 1038 constant sites
        Gap/Ambiguity  Composition  p-value
Analyzing sequences: done in 3.71933e-05 secs using 110.2% CPU
   1  0_0_0     0.00%    passed     97.44%
   2  1_0_0     0.00%    passed     81.88%
   3  4_0_0     0.00%    passed     93.09%
   4  3_0_0     0.00%    passed     93.52%
   5  2_0_0     0.00%    passed     91.89%
   6  7_0_0     0.00%    passed     96.37%
   7  8_0_0     0.00%    passed     75.65%
   8  6_0_0     0.00%    passed     99.04%
   9  11_0_0    0.00%    passed     90.80%
  10  9_0_0     0.00%    passed     98.95%
  11  12_0_0    0.00%    passed     85.68%
  12  5_0_0     0.00%    passed     76.08%
  13  10_0_0    0.00%    passed     90.76%
  14  15_0_0    0.00%    passed     91.59%
  15  20_0_0    0.00%    passed     96.13%
  16  14_0_0    0.00%    passed     98.47%
  17  18_0_0    0.00%    passed     99.17%
  18  19_0_0    0.00%    passed     68.26%
  19  17_0_0    0.00%    passed     88.16%
  20  16_0_0    0.00%    passed     94.80%
  21  13_0_0    0.00%    passed     98.08%
****  TOTAL     0.00%  0 sequences failed composition chi2 test (p-value<5%; df=3)

Create initial parsimony tree by phylogenetic likelihood library (PLL)... 0.001 seconds

NOTE: 0 MB RAM (0 GB) is required!
Measuring multi-threading efficiency up to 10 CPU cores
Increase to 10 rounds for branch lengths
5800 trees examined
Threads: 1 / Time: 10.002 sec / Speedup: 1.000 / Efficiency: 100% / LogL: -13044
Threads: 2 / Time: 27.053 sec / Speedup: 0.370 / Efficiency: 18% / LogL: -13044
BEST NUMBER OF THREADS: 1

Estimate model parameters (epsilon = 0.100)
1. Initial log-likelihood: -10808.111
Optimal log-likelihood: -10790.885
Rate parameters:  A-C: 1.00000  A-G: 1.00000  A-T: 1.00000  C-G: 1.00000  C-T: 1.00000  G-T: 1.00000
Base frequencies:  A: 0.250  C: 0.250  G: 0.250  T: 0.250
Parameters optimization took 1 rounds (0.001 sec)
Wrote distance file to... 
Computing ML distances based on estimated model parameters...
Calculating distance matrix: done in 0.000467062 secs using 98.7% CPU
Computing ML distances took 0.000498 sec (of wall-clock time) 0.000484 sec (of CPU time)
Setting up auxiliary I and S matrices: done in 1.62125e-05 secs using 74.02% CPU
Computing RapidNJ tree took 0.000064 sec (of wall-clock time) 0.000069 sec (of CPU time)
Log-likelihood of RapidNJ tree: -10868.095
--------------------------------------------------------------------
|             INITIALIZING CANDIDATE TREE SET                      |
--------------------------------------------------------------------
Generating 98 parsimony trees... 0.067 second
Computing log-likelihood of 98 initial trees ... 0.048 seconds
Current best score: -10790.885

Do NNI search on 20 best initial trees
Estimate model parameters (epsilon = 0.100)
BETTER TREE FOUND at iteration 1: -10790.885
Iteration 10 / LogL: -10790.947 / Time: 0h:0m:37s
Iteration 20 / LogL: -10791.697 / Time: 0h:0m:37s
Finish initializing candidate tree set (6)
Current best tree score: -10790.885 / CPU time: 0.208
Number of iterations: 20
--------------------------------------------------------------------
|               OPTIMIZING CANDIDATE TREE SET                      |
--------------------------------------------------------------------
Iteration 30 / LogL: -10794.870 / Time: 0h:0m:37s (0h:1m:31s left)
Iteration 40 / LogL: -10794.840 / Time: 0h:0m:37s (0h:0m:58s left)
Iteration 50 / LogL: -10790.887 / Time: 0h:0m:37s (0h:0m:38s left)
Iteration 60 / LogL: -10794.151 / Time: 0h:0m:37s (0h:0m:26s left)
Iteration 70 / LogL: -10796.119 / Time: 0h:0m:37s (0h:0m:16s left)
Iteration 80 / LogL: -10794.835 / Time: 0h:0m:37s (0h:0m:10s left)
Iteration 90 / LogL: -10794.058 / Time: 0h:0m:37s (0h:0m:4s left)
Iteration 100 / LogL: -10794.066 / Time: 0h:0m:37s (0h:0m:0s left)
TREE SEARCH COMPLETED AFTER 102 ITERATIONS / Time: 0h:0m:37s

--------------------------------------------------------------------
|                    FINALIZING TREE SEARCH                        |
--------------------------------------------------------------------
Performs final model parameters optimization
Estimate model parameters (epsilon = 0.010)
1. Initial log-likelihood: -10790.885
Optimal log-likelihood: -10790.885
Rate parameters:  A-C: 1.00000  A-G: 1.00000  A-T: 1.00000  C-G: 1.00000  C-T: 1.00000  G-T: 1.00000
Base frequencies:  A: 0.250  C: 0.250  G: 0.250  T: 0.250
Parameters optimization took 1 rounds (0.001 sec)
BEST SCORE FOUND : -10790.885

Testing tree branches by aBayes parametric test...
0.002 sec.
Total tree length: 1.053

Total number of iterations: 102
CPU time used for tree search: 0.727 sec (0h:0m:0s)
Wall-clock time used for tree search: 0.730 sec (0h:0m:0s)
Total CPU time used: 30.036 sec (0h:0m:30s)
Total wall-clock time used: 37.795 sec (0h:0m:37s)

Analysis results written to: 
  IQ-TREE report:                /Users/fahim/CSE6406-project/work/paper_subset_50x10_L1600/ils_low/replicate_05/estimated_gene_trees/L1600/jc/locus_0039.iqtree
  Maximum-likelihood tree:       /Users/fahim/CSE6406-project/work/paper_subset_50x10_L1600/ils_low/replicate_05/estimated_gene_trees/L1600/jc/locus_0039.treefile
  Likelihood distances:          /Users/fahim/CSE6406-project/work/paper_subset_50x10_L1600/ils_low/replicate_05/estimated_gene_trees/L1600/jc/locus_0039.mldist
  Screen log file:               /Users/fahim/CSE6406-project/work/paper_subset_50x10_L1600/ils_low/replicate_05/estimated_gene_trees/L1600/jc/locus_0039.log

Date and Time: Fri Sep 11 12:02:07 2026
