IQ-TREE multicore version 2.4.0 for MacOS ARM 64-bit built Feb 12 2025
Developed by Bui Quang Minh, Nguyen Lam Tung, Olga Chernomor, Heiko Schmidt,
Dominik Schrempf, Michael Woodhams, Ly Trong Nhan, Thomas Wong

Host:    Fahims-MacBook-Air.local (SSE4.2, 16 GB RAM)
Command: /Users/fahim/miniconda3/envs/cse6406/bin/iqtree2 -s /Users/fahim/CSE6406-project/work/paper_subset_50x10_L1600/ils_low/replicate_05/alignments/L1600/locus_0025.phy -m JC --abayes -T AUTO --seed 6906026 --prefix /Users/fahim/CSE6406-project/work/paper_subset_50x10_L1600/ils_low/replicate_05/estimated_gene_trees/L1600/jc/locus_0025 --redo --quiet
Seed:    6906026 (Using SPRNG - Scalable Parallel Random Number Generator)
Time:    Fri Sep 11 11:52:37 2026
Kernel:  SSE2 - auto-detect threads (10 CPU cores detected)

Reading alignment file /Users/fahim/CSE6406-project/work/paper_subset_50x10_L1600/ils_low/replicate_05/alignments/L1600/locus_0025.phy ... Phylip format detected
Alignment most likely contains DNA/RNA sequences
Alignment has 21 sequences with 1600 columns, 520 distinct patterns
396 parsimony-informative, 164 singleton sites, 1040 constant sites
        Gap/Ambiguity  Composition  p-value
Analyzing sequences: done in 5.29289e-05 secs using 88.8% CPU
   1  0_0_0     0.00%    passed     52.84%
   2  3_0_0     0.00%    passed     84.81%
   3  1_0_0     0.00%    passed     84.67%
   4  4_0_0     0.00%    passed     79.49%
   5  18_0_0    0.00%    passed     98.98%
   6  16_0_0    0.00%    passed     95.11%
   7  13_0_0    0.00%    passed     91.27%
   8  19_0_0    0.00%    passed     62.76%
   9  17_0_0    0.00%    passed     98.27%
  10  14_0_0    0.00%    passed     88.43%
  11  20_0_0    0.00%    passed     85.78%
  12  15_0_0    0.00%    passed     95.27%
  13  2_0_0     0.00%    passed     88.80%
  14  12_0_0    0.00%    passed     92.13%
  15  5_0_0     0.00%    passed     97.06%
  16  10_0_0    0.00%    passed     97.91%
  17  8_0_0     0.00%    passed     81.94%
  18  7_0_0     0.00%    passed     69.66%
  19  6_0_0     0.00%    passed     87.19%
  20  9_0_0     0.00%    passed     88.73%
  21  11_0_0    0.00%    passed     97.48%
****  TOTAL     0.00%  0 sequences failed composition chi2 test (p-value<5%; df=3)

Create initial parsimony tree by phylogenetic likelihood library (PLL)... 0.001 seconds

NOTE: 0 MB RAM (0 GB) is required!
Measuring multi-threading efficiency up to 10 CPU cores
Increase to 10 rounds for branch lengths
5131 trees examined
Threads: 1 / Time: 10.000 sec / Speedup: 1.000 / Efficiency: 100% / LogL: -12783
Threads: 2 / Time: 27.323 sec / Speedup: 0.366 / Efficiency: 18% / LogL: -12783
BEST NUMBER OF THREADS: 1

Estimate model parameters (epsilon = 0.100)
1. Initial log-likelihood: -10862.454
Optimal log-likelihood: -10850.446
Rate parameters:  A-C: 1.00000  A-G: 1.00000  A-T: 1.00000  C-G: 1.00000  C-T: 1.00000  G-T: 1.00000
Base frequencies:  A: 0.250  C: 0.250  G: 0.250  T: 0.250
Parameters optimization took 1 rounds (0.001 sec)
Wrote distance file to... 
Computing ML distances based on estimated model parameters...
Calculating distance matrix: done in 0.000494957 secs using 99% CPU
Computing ML distances took 0.000529 sec (of wall-clock time) 0.000515 sec (of CPU time)
Setting up auxiliary I and S matrices: done in 2.00272e-05 secs using 74.9% CPU
Computing RapidNJ tree took 0.000073 sec (of wall-clock time) 0.000076 sec (of CPU time)
Log-likelihood of RapidNJ tree: -11002.115
--------------------------------------------------------------------
|             INITIALIZING CANDIDATE TREE SET                      |
--------------------------------------------------------------------
Generating 98 parsimony trees... 0.067 second
Computing log-likelihood of 98 initial trees ... 0.048 seconds
Current best score: -10846.469

Do NNI search on 20 best initial trees
Estimate model parameters (epsilon = 0.100)
BETTER TREE FOUND at iteration 1: -10845.537
Iteration 10 / LogL: -10845.538 / Time: 0h:0m:37s
Iteration 20 / LogL: -10849.520 / Time: 0h:0m:37s
Finish initializing candidate tree set (5)
Current best tree score: -10845.537 / CPU time: 0.234
Number of iterations: 20
--------------------------------------------------------------------
|               OPTIMIZING CANDIDATE TREE SET                      |
--------------------------------------------------------------------
Iteration 30 / LogL: -10857.196 / Time: 0h:0m:37s (0h:1m:32s left)
Iteration 40 / LogL: -10849.479 / Time: 0h:0m:37s (0h:0m:58s left)
Iteration 50 / LogL: -10849.480 / Time: 0h:0m:37s (0h:0m:39s left)
Iteration 60 / LogL: -10845.540 / Time: 0h:0m:37s (0h:0m:26s left)
Iteration 70 / LogL: -10845.581 / Time: 0h:0m:37s (0h:0m:17s left)
Iteration 80 / LogL: -10849.480 / Time: 0h:0m:37s (0h:0m:10s left)
Iteration 90 / LogL: -10849.488 / Time: 0h:0m:38s (0h:0m:4s left)
Iteration 100 / LogL: -10857.193 / Time: 0h:0m:38s (0h:0m:0s left)
TREE SEARCH COMPLETED AFTER 102 ITERATIONS / Time: 0h:0m:38s

--------------------------------------------------------------------
|                    FINALIZING TREE SEARCH                        |
--------------------------------------------------------------------
Performs final model parameters optimization
Estimate model parameters (epsilon = 0.010)
1. Initial log-likelihood: -10845.537
Optimal log-likelihood: -10845.537
Rate parameters:  A-C: 1.00000  A-G: 1.00000  A-T: 1.00000  C-G: 1.00000  C-T: 1.00000  G-T: 1.00000
Base frequencies:  A: 0.250  C: 0.250  G: 0.250  T: 0.250
Parameters optimization took 1 rounds (0.001 sec)
BEST SCORE FOUND : -10845.537

Testing tree branches by aBayes parametric test...
0.002 sec.
Total tree length: 1.059

Total number of iterations: 102
CPU time used for tree search: 0.772 sec (0h:0m:0s)
Wall-clock time used for tree search: 0.777 sec (0h:0m:0s)
Total CPU time used: 29.764 sec (0h:0m:29s)
Total wall-clock time used: 38.113 sec (0h:0m:38s)

Analysis results written to: 
  IQ-TREE report:                /Users/fahim/CSE6406-project/work/paper_subset_50x10_L1600/ils_low/replicate_05/estimated_gene_trees/L1600/jc/locus_0025.iqtree
  Maximum-likelihood tree:       /Users/fahim/CSE6406-project/work/paper_subset_50x10_L1600/ils_low/replicate_05/estimated_gene_trees/L1600/jc/locus_0025.treefile
  Likelihood distances:          /Users/fahim/CSE6406-project/work/paper_subset_50x10_L1600/ils_low/replicate_05/estimated_gene_trees/L1600/jc/locus_0025.mldist
  Screen log file:               /Users/fahim/CSE6406-project/work/paper_subset_50x10_L1600/ils_low/replicate_05/estimated_gene_trees/L1600/jc/locus_0025.log

Date and Time: Fri Sep 11 11:53:15 2026
