IQ-TREE multicore version 2.4.0 for MacOS ARM 64-bit built Feb 12 2025
Developed by Bui Quang Minh, Nguyen Lam Tung, Olga Chernomor, Heiko Schmidt,
Dominik Schrempf, Michael Woodhams, Ly Trong Nhan, Thomas Wong

Host:    Fahims-MacBook-Air.local (SSE4.2, 16 GB RAM)
Command: /Users/fahim/miniconda3/envs/cse6406/bin/iqtree2 -s /Users/fahim/CSE6406-project/work/paper_subset_50x10_L1600/ils_low/replicate_05/alignments/L1600/locus_0009.phy -m JC --abayes -T AUTO --seed 6906010 --prefix /Users/fahim/CSE6406-project/work/paper_subset_50x10_L1600/ils_low/replicate_05/estimated_gene_trees/L1600/jc/locus_0009 --redo --quiet
Seed:    6906010 (Using SPRNG - Scalable Parallel Random Number Generator)
Time:    Fri Sep 11 11:42:27 2026
Kernel:  SSE2 - auto-detect threads (10 CPU cores detected)

Reading alignment file /Users/fahim/CSE6406-project/work/paper_subset_50x10_L1600/ils_low/replicate_05/alignments/L1600/locus_0009.phy ... Phylip format detected
Alignment most likely contains DNA/RNA sequences
Alignment has 21 sequences with 1600 columns, 489 distinct patterns
380 parsimony-informative, 163 singleton sites, 1057 constant sites
        Gap/Ambiguity  Composition  p-value
Analyzing sequences: done in 4.19617e-05 secs using 97.71% CPU
   1  16_0_0    0.00%    passed     78.76%
   2  13_0_0    0.00%    passed     98.03%
   3  17_0_0    0.00%    passed     99.58%
   4  19_0_0    0.00%    passed     92.17%
   5  14_0_0    0.00%    passed     99.13%
   6  18_0_0    0.00%    passed     79.66%
   7  20_0_0    0.00%    passed     97.15%
   8  15_0_0    0.00%    passed     85.23%
   9  3_0_0     0.00%    passed     99.15%
  10  4_0_0     0.00%    passed     97.08%
  11  1_0_0     0.00%    passed     94.19%
  12  12_0_0    0.00%    passed     79.02%
  13  5_0_0     0.00%    passed     99.07%
  14  10_0_0    0.00%    passed     93.74%
  15  9_0_0     0.00%    passed     95.70%
  16  11_0_0    0.00%    passed     90.79%
  17  6_0_0     0.00%    passed     82.67%
  18  7_0_0     0.00%    passed     76.53%
  19  8_0_0     0.00%    passed     94.49%
  20  2_0_0     0.00%    passed     93.83%
  21  0_0_0     0.00%    passed     91.21%
****  TOTAL     0.00%  0 sequences failed composition chi2 test (p-value<5%; df=3)

Create initial parsimony tree by phylogenetic likelihood library (PLL)... 0.000 seconds

NOTE: 0 MB RAM (0 GB) is required!
Measuring multi-threading efficiency up to 10 CPU cores
Increase to 10 rounds for branch lengths
5629 trees examined
Threads: 1 / Time: 10.001 sec / Speedup: 1.000 / Efficiency: 100% / LogL: -13084
Threads: 2 / Time: 27.308 sec / Speedup: 0.366 / Efficiency: 18% / LogL: -13084
BEST NUMBER OF THREADS: 1

Estimate model parameters (epsilon = 0.100)
1. Initial log-likelihood: -10477.817
Optimal log-likelihood: -10445.932
Rate parameters:  A-C: 1.00000  A-G: 1.00000  A-T: 1.00000  C-G: 1.00000  C-T: 1.00000  G-T: 1.00000
Base frequencies:  A: 0.250  C: 0.250  G: 0.250  T: 0.250
Parameters optimization took 1 rounds (0.001 sec)
Wrote distance file to... 
Computing ML distances based on estimated model parameters...
Calculating distance matrix: done in 0.000495911 secs using 97.8% CPU
Computing ML distances took 0.000530 sec (of wall-clock time) 0.000508 sec (of CPU time)
Setting up auxiliary I and S matrices: done in 2.00272e-05 secs using 64.91% CPU
Computing RapidNJ tree took 0.000071 sec (of wall-clock time) 0.000066 sec (of CPU time)
Log-likelihood of RapidNJ tree: -10595.418
--------------------------------------------------------------------
|             INITIALIZING CANDIDATE TREE SET                      |
--------------------------------------------------------------------
Generating 98 parsimony trees... 0.063 second
Computing log-likelihood of 98 initial trees ... 0.046 seconds
Current best score: -10445.932

Do NNI search on 20 best initial trees
Estimate model parameters (epsilon = 0.100)
BETTER TREE FOUND at iteration 1: -10445.932
Estimate model parameters (epsilon = 0.100)
BETTER TREE FOUND at iteration 2: -10442.354
Iteration 10 / LogL: -10452.150 / Time: 0h:0m:37s
Iteration 20 / LogL: -10442.355 / Time: 0h:0m:37s
Finish initializing candidate tree set (8)
Current best tree score: -10442.354 / CPU time: 0.208
Number of iterations: 20
--------------------------------------------------------------------
|               OPTIMIZING CANDIDATE TREE SET                      |
--------------------------------------------------------------------
Iteration 30 / LogL: -10453.734 / Time: 0h:0m:37s (0h:1m:33s left)
Iteration 40 / LogL: -10445.939 / Time: 0h:0m:37s (0h:0m:59s left)
Iteration 50 / LogL: -10442.467 / Time: 0h:0m:37s (0h:0m:40s left)
Iteration 60 / LogL: -10442.355 / Time: 0h:0m:37s (0h:0m:26s left)
Iteration 70 / LogL: -10442.354 / Time: 0h:0m:37s (0h:0m:17s left)
Iteration 80 / LogL: -10447.985 / Time: 0h:0m:37s (0h:0m:10s left)
Iteration 90 / LogL: -10447.985 / Time: 0h:0m:37s (0h:0m:5s left)
Iteration 100 / LogL: -10474.055 / Time: 0h:0m:38s (0h:0m:0s left)
TREE SEARCH COMPLETED AFTER 103 ITERATIONS / Time: 0h:0m:38s

--------------------------------------------------------------------
|                    FINALIZING TREE SEARCH                        |
--------------------------------------------------------------------
Performs final model parameters optimization
Estimate model parameters (epsilon = 0.010)
1. Initial log-likelihood: -10442.354
Optimal log-likelihood: -10442.354
Rate parameters:  A-C: 1.00000  A-G: 1.00000  A-T: 1.00000  C-G: 1.00000  C-T: 1.00000  G-T: 1.00000
Base frequencies:  A: 0.250  C: 0.250  G: 0.250  T: 0.250
Parameters optimization took 1 rounds (0.000 sec)
BEST SCORE FOUND : -10442.354

Testing tree branches by aBayes parametric test...
0.002 sec.
Total tree length: 0.991

Total number of iterations: 103
CPU time used for tree search: 0.727 sec (0h:0m:0s)
Wall-clock time used for tree search: 0.731 sec (0h:0m:0s)
Total CPU time used: 29.984 sec (0h:0m:29s)
Total wall-clock time used: 38.050 sec (0h:0m:38s)

Analysis results written to: 
  IQ-TREE report:                /Users/fahim/CSE6406-project/work/paper_subset_50x10_L1600/ils_low/replicate_05/estimated_gene_trees/L1600/jc/locus_0009.iqtree
  Maximum-likelihood tree:       /Users/fahim/CSE6406-project/work/paper_subset_50x10_L1600/ils_low/replicate_05/estimated_gene_trees/L1600/jc/locus_0009.treefile
  Likelihood distances:          /Users/fahim/CSE6406-project/work/paper_subset_50x10_L1600/ils_low/replicate_05/estimated_gene_trees/L1600/jc/locus_0009.mldist
  Screen log file:               /Users/fahim/CSE6406-project/work/paper_subset_50x10_L1600/ils_low/replicate_05/estimated_gene_trees/L1600/jc/locus_0009.log

Date and Time: Fri Sep 11 11:43:05 2026
