IQ-TREE multicore version 2.4.0 for MacOS ARM 64-bit built Feb 12 2025
Developed by Bui Quang Minh, Nguyen Lam Tung, Olga Chernomor, Heiko Schmidt,
Dominik Schrempf, Michael Woodhams, Ly Trong Nhan, Thomas Wong

Host:    Fahims-MacBook-Air.local (SSE4.2, 16 GB RAM)
Command: /Users/fahim/miniconda3/envs/cse6406/bin/iqtree2 -s /Users/fahim/CSE6406-project/work/paper_subset_50x10_L1600/ils_high/replicate_02/alignments/L1600/locus_0031.phy -m GTR+G4 --abayes -T AUTO --seed 6606032 --prefix /Users/fahim/CSE6406-project/work/paper_subset_50x10_L1600/ils_high/replicate_02/estimated_gene_trees/L1600/gtr_g4/locus_0031 --redo --quiet
Seed:    6606032 (Using SPRNG - Scalable Parallel Random Number Generator)
Time:    Sat Sep 12 03:08:11 2026
Kernel:  SSE2 - auto-detect threads (10 CPU cores detected)

Reading alignment file /Users/fahim/CSE6406-project/work/paper_subset_50x10_L1600/ils_high/replicate_02/alignments/L1600/locus_0031.phy ... Phylip format detected
Alignment most likely contains DNA/RNA sequences
Alignment has 21 sequences with 1600 columns, 983 distinct patterns
875 parsimony-informative, 146 singleton sites, 579 constant sites
        Gap/Ambiguity  Composition  p-value
Analyzing sequences: done in 3.79086e-05 secs using 131.9% CPU
   1  5_0_0     0.00%    passed     60.38%
   2  9_0_0     0.00%    passed     30.79%
   3  11_0_0    0.00%    passed     83.90%
   4  20_0_0    0.00%    passed     13.19%
   5  8_0_0     0.00%    passed     86.64%
   6  7_0_0     0.00%    passed     80.41%
   7  19_0_0    0.00%    passed     49.37%
   8  10_0_0    0.00%    passed     80.16%
   9  13_0_0    0.00%    passed      8.71%
  10  2_0_0     0.00%    passed     85.61%
  11  4_0_0     0.00%    passed     98.06%
  12  6_0_0     0.00%    passed     90.47%
  13  3_0_0     0.00%    passed     89.98%
  14  12_0_0    0.00%    passed     95.75%
  15  17_0_0    0.00%    passed     93.16%
  16  16_0_0    0.00%    passed     56.10%
  17  18_0_0    0.00%    passed     43.76%
  18  15_0_0    0.00%    passed     58.76%
  19  14_0_0    0.00%    passed     39.11%
  20  1_0_0     0.00%    passed     90.40%
  21  0_0_0     0.00%    passed     62.02%
****  TOTAL     0.00%  0 sequences failed composition chi2 test (p-value<5%; df=3)

Create initial parsimony tree by phylogenetic likelihood library (PLL)... 0.001 seconds

NOTE: 2 MB RAM (0 GB) is required!
Measuring multi-threading efficiency up to 10 CPU cores
Increase to 10 rounds for branch lengths
746 trees examined
Threads: 1 / Time: 10.000 sec / Speedup: 1.000 / Efficiency: 100% / LogL: -26263
Threads: 2 / Time: 11.648 sec / Speedup: 0.859 / Efficiency: 43% / LogL: -26263
BEST NUMBER OF THREADS: 1

Estimate model parameters (epsilon = 0.100)
1. Initial log-likelihood: -25598.177
2. Current log-likelihood: -24680.906
3. Current log-likelihood: -24544.499
4. Current log-likelihood: -24521.350
5. Current log-likelihood: -24513.795
6. Current log-likelihood: -24510.670
7. Current log-likelihood: -24509.336
8. Current log-likelihood: -24508.744
9. Current log-likelihood: -24508.470
10. Current log-likelihood: -24508.361
Optimal log-likelihood: -24508.254
Rate parameters:  A-C: 1.03244  A-G: 1.92663  A-T: 1.13072  C-G: 1.02399  C-T: 1.97527  G-T: 1.00000
Base frequencies:  A: 0.276  C: 0.203  G: 0.206  T: 0.315
Gamma shape alpha: 0.211
Parameters optimization took 10 rounds (0.171 sec)
Wrote distance file to... 
Computing ML distances based on estimated model parameters...
Calculating distance matrix: done in 0.000993013 secs using 98.29% CPU
Computing ML distances took 0.001049 sec (of wall-clock time) 0.001019 sec (of CPU time)
Setting up auxiliary I and S matrices: done in 1.69277e-05 secs using 64.98% CPU
Computing RapidNJ tree took 0.000058 sec (of wall-clock time) 0.000052 sec (of CPU time)
Log-likelihood of RapidNJ tree: -24519.218
--------------------------------------------------------------------
|             INITIALIZING CANDIDATE TREE SET                      |
--------------------------------------------------------------------
Generating 98 parsimony trees... 0.086 second
Computing log-likelihood of 98 initial trees ... 0.207 seconds
Current best score: -24508.254

Do NNI search on 20 best initial trees
Estimate model parameters (epsilon = 0.100)
BETTER TREE FOUND at iteration 1: -24499.091
Iteration 10 / LogL: -24499.832 / Time: 0h:0m:22s
Iteration 20 / LogL: -24499.096 / Time: 0h:0m:22s
Finish initializing candidate tree set (1)
Current best tree score: -24499.091 / CPU time: 0.843
Number of iterations: 20
--------------------------------------------------------------------
|               OPTIMIZING CANDIDATE TREE SET                      |
--------------------------------------------------------------------
UPDATE BEST LOG-LIKELIHOOD: -24499.090
Iteration 30 / LogL: -24499.343 / Time: 0h:0m:22s (0h:0m:56s left)
Iteration 40 / LogL: -24499.127 / Time: 0h:0m:23s (0h:0m:36s left)
Iteration 50 / LogL: -24499.589 / Time: 0h:0m:23s (0h:0m:24s left)
UPDATE BEST LOG-LIKELIHOOD: -24499.089
Iteration 60 / LogL: -24499.477 / Time: 0h:0m:23s (0h:0m:16s left)
Iteration 70 / LogL: -24499.577 / Time: 0h:0m:24s (0h:0m:10s left)
Iteration 80 / LogL: -24499.101 / Time: 0h:0m:24s (0h:0m:6s left)
Iteration 90 / LogL: -24499.162 / Time: 0h:0m:24s (0h:0m:3s left)
Iteration 100 / LogL: -24499.096 / Time: 0h:0m:24s (0h:0m:0s left)
TREE SEARCH COMPLETED AFTER 102 ITERATIONS / Time: 0h:0m:25s

--------------------------------------------------------------------
|                    FINALIZING TREE SEARCH                        |
--------------------------------------------------------------------
Performs final model parameters optimization
Estimate model parameters (epsilon = 0.010)
1. Initial log-likelihood: -24499.089
2. Current log-likelihood: -24499.074
3. Current log-likelihood: -24499.062
Optimal log-likelihood: -24499.053
Rate parameters:  A-C: 1.03619  A-G: 1.93863  A-T: 1.13601  C-G: 1.02399  C-T: 1.98567  G-T: 1.00000
Base frequencies:  A: 0.276  C: 0.203  G: 0.206  T: 0.315
Gamma shape alpha: 0.208
Parameters optimization took 3 rounds (0.022 sec)
BEST SCORE FOUND : -24499.053

Testing tree branches by aBayes parametric test...
0.008 sec.
Total tree length: 21.162

Total number of iterations: 102
CPU time used for tree search: 3.159 sec (0h:0m:3s)
Wall-clock time used for tree search: 3.173 sec (0h:0m:3s)
Total CPU time used: 26.356 sec (0h:0m:26s)
Total wall-clock time used: 25.036 sec (0h:0m:25s)

Analysis results written to: 
  IQ-TREE report:                /Users/fahim/CSE6406-project/work/paper_subset_50x10_L1600/ils_high/replicate_02/estimated_gene_trees/L1600/gtr_g4/locus_0031.iqtree
  Maximum-likelihood tree:       /Users/fahim/CSE6406-project/work/paper_subset_50x10_L1600/ils_high/replicate_02/estimated_gene_trees/L1600/gtr_g4/locus_0031.treefile
  Likelihood distances:          /Users/fahim/CSE6406-project/work/paper_subset_50x10_L1600/ils_high/replicate_02/estimated_gene_trees/L1600/gtr_g4/locus_0031.mldist
  Screen log file:               /Users/fahim/CSE6406-project/work/paper_subset_50x10_L1600/ils_high/replicate_02/estimated_gene_trees/L1600/gtr_g4/locus_0031.log

Date and Time: Sat Sep 12 03:08:36 2026
