IQ-TREE multicore version 2.4.0 for Linux x86 64-bit built Feb 12 2025
Developed by Bui Quang Minh, Nguyen Lam Tung, Olga Chernomor, Heiko Schmidt,
Dominik Schrempf, Michael Woodhams, Ly Trong Nhan, Thomas Wong

Host:    ezmata (AVX2, FMA3, 15 GB RAM)
Command: /home/mis/miniconda3/envs/cse6406/bin/iqtree2 -s /home/mis/CSE6406-project/work/paper_subset_50x10_L1600/ils_high/replicate_08/alignments/L1600/locus_0017.phy -m HKY+G4 --abayes -T 1 --seed 7206018 --prefix /home/mis/CSE6406-project/work/paper_subset_50x10_L1600/ils_high/replicate_08/estimated_gene_trees/L1600/hky_g4/locus_0017 --redo --quiet
Seed:    7206018 (Using SPRNG - Scalable Parallel Random Number Generator)
Time:    Sat Sep 12 22:01:02 2026
Kernel:  AVX+FMA - 1 threads (16 CPU cores detected)

HINT: Use -nt option to specify number of threads because your CPU has 16 cores!
HINT: -nt AUTO will automatically determine the best number of threads to use.

Reading alignment file /home/mis/CSE6406-project/work/paper_subset_50x10_L1600/ils_high/replicate_08/alignments/L1600/locus_0017.phy ... Phylip format detected
Alignment most likely contains DNA/RNA sequences
Alignment has 21 sequences with 1600 columns, 851 distinct patterns
729 parsimony-informative, 166 singleton sites, 705 constant sites
        Gap/Ambiguity  Composition  p-value
Analyzing sequences: done in 8.219e-05 secs using 98.55% CPU
   1  0_0_0     0.00%    passed     48.53%
   2  1_0_0     0.00%    passed     95.99%
   3  3_0_0     0.00%    passed     90.63%
   4  6_0_0     0.00%    passed     98.97%
   5  14_0_0    0.00%    passed     96.89%
   6  4_0_0     0.00%    passed     88.32%
   7  9_0_0     0.00%    passed     91.29%
   8  5_0_0     0.00%    passed     94.45%
   9  11_0_0    0.00%    passed     55.12%
  10  13_0_0    0.00%    passed     87.95%
  11  7_0_0     0.00%    passed     52.26%
  12  10_0_0    0.00%    passed     99.76%
  13  12_0_0    0.00%    passed     57.13%
  14  16_0_0    0.00%    passed     53.25%
  15  8_0_0     0.00%    passed     70.78%
  16  17_0_0    0.00%    passed     70.18%
  17  2_0_0     0.00%    passed     89.70%
  18  18_0_0    0.00%    passed     70.38%
  19  20_0_0    0.00%    passed     73.21%
  20  15_0_0    0.00%    passed     94.92%
  21  19_0_0    0.00%    passed     88.35%
****  TOTAL     0.00%  0 sequences failed composition chi2 test (p-value<5%; df=3)

Create initial parsimony tree by phylogenetic likelihood library (PLL)... 0.003 seconds

NOTE: 2 MB RAM (0 GB) is required!
Estimate model parameters (epsilon = 0.100)
1. Initial log-likelihood: -21131.132
2. Current log-likelihood: -20010.835
3. Current log-likelihood: -19912.670
4. Current log-likelihood: -19907.682
5. Current log-likelihood: -19907.148
Optimal log-likelihood: -19907.057
Rate parameters:  A-C: 1.00000  A-G: 2.00629  A-T: 1.00000  C-G: 1.00000  C-T: 2.00629  G-T: 1.00000
Base frequencies:  A: 0.303  C: 0.184  G: 0.219  T: 0.294
Gamma shape alpha: 0.204
Parameters optimization took 5 rounds (0.220 sec)
Wrote distance file to... 
Computing ML distances based on estimated model parameters...
Calculating distance matrix: done in 0.00540189 secs using 99.71% CPU
Computing ML distances took 0.005647 sec (of wall-clock time) 0.005635 sec (of CPU time)
Setting up auxiliary I and S matrices: done in 6.9631e-05 secs using 99.09% CPU
Computing RapidNJ tree took 0.000281 sec (of wall-clock time) 0.000279 sec (of CPU time)
Log-likelihood of RapidNJ tree: -19903.486
--------------------------------------------------------------------
|             INITIALIZING CANDIDATE TREE SET                      |
--------------------------------------------------------------------
Generating 98 parsimony trees... 0.581 second
Computing log-likelihood of 98 initial trees ... 0.625 seconds
Current best score: -19903.486

Do NNI search on 20 best initial trees
Estimate model parameters (epsilon = 0.100)
BETTER TREE FOUND at iteration 1: -19884.841
Iteration 10 / LogL: -19884.942 / Time: 0h:0m:2s
Iteration 20 / LogL: -19884.938 / Time: 0h:0m:4s
Finish initializing candidate tree set (1)
Current best tree score: -19884.841 / CPU time: 3.930
Number of iterations: 20
--------------------------------------------------------------------
|               OPTIMIZING CANDIDATE TREE SET                      |
--------------------------------------------------------------------
Iteration 30 / LogL: -19884.843 / Time: 0h:0m:5s (0h:0m:14s left)
Iteration 40 / LogL: -19884.844 / Time: 0h:0m:7s (0h:0m:12s left)
Iteration 50 / LogL: -19885.033 / Time: 0h:0m:9s (0h:0m:9s left)
Iteration 60 / LogL: -19884.950 / Time: 0h:0m:10s (0h:0m:7s left)
Iteration 70 / LogL: -19884.854 / Time: 0h:0m:11s (0h:0m:4s left)
Iteration 80 / LogL: -19884.972 / Time: 0h:0m:11s (0h:0m:3s left)
Iteration 90 / LogL: -19884.906 / Time: 0h:0m:12s (0h:0m:1s left)
Iteration 100 / LogL: -19884.945 / Time: 0h:0m:13s (0h:0m:0s left)
TREE SEARCH COMPLETED AFTER 102 ITERATIONS / Time: 0h:0m:13s

--------------------------------------------------------------------
|                    FINALIZING TREE SEARCH                        |
--------------------------------------------------------------------
Performs final model parameters optimization
Estimate model parameters (epsilon = 0.010)
1. Initial log-likelihood: -19884.841
Optimal log-likelihood: -19884.835
Rate parameters:  A-C: 1.00000  A-G: 2.02571  A-T: 1.00000  C-G: 1.00000  C-T: 2.02571  G-T: 1.00000
Base frequencies:  A: 0.303  C: 0.184  G: 0.219  T: 0.294
Gamma shape alpha: 0.203
Parameters optimization took 1 rounds (0.015 sec)
BEST SCORE FOUND : -19884.835

Testing tree branches by aBayes parametric test...
0.018 sec.
Total tree length: 10.245

Total number of iterations: 102
CPU time used for tree search: 13.431 sec (0h:0m:13s)
Wall-clock time used for tree search: 13.595 sec (0h:0m:13s)
Total CPU time used: 13.770 sec (0h:0m:13s)
Total wall-clock time used: 13.936 sec (0h:0m:13s)

Analysis results written to: 
  IQ-TREE report:                /home/mis/CSE6406-project/work/paper_subset_50x10_L1600/ils_high/replicate_08/estimated_gene_trees/L1600/hky_g4/locus_0017.iqtree
  Maximum-likelihood tree:       /home/mis/CSE6406-project/work/paper_subset_50x10_L1600/ils_high/replicate_08/estimated_gene_trees/L1600/hky_g4/locus_0017.treefile
  Likelihood distances:          /home/mis/CSE6406-project/work/paper_subset_50x10_L1600/ils_high/replicate_08/estimated_gene_trees/L1600/hky_g4/locus_0017.mldist
  Screen log file:               /home/mis/CSE6406-project/work/paper_subset_50x10_L1600/ils_high/replicate_08/estimated_gene_trees/L1600/hky_g4/locus_0017.log

Date and Time: Sat Sep 12 22:01:16 2026
