IQ-TREE multicore version 2.4.0 for Linux x86 64-bit built Feb 12 2025
Developed by Bui Quang Minh, Nguyen Lam Tung, Olga Chernomor, Heiko Schmidt,
Dominik Schrempf, Michael Woodhams, Ly Trong Nhan, Thomas Wong

Host:    ezmata (AVX2, FMA3, 15 GB RAM)
Command: /home/mis/miniconda3/envs/cse6406/bin/iqtree2 -s /home/mis/CSE6406-project/work/paper_subset_50x10_L1600/ils_high/replicate_08/alignments/L1600/locus_0050.phy -m HKY+G4 --abayes -T 1 --seed 7206051 --prefix /home/mis/CSE6406-project/work/paper_subset_50x10_L1600/ils_high/replicate_08/estimated_gene_trees/L1600/hky_g4/locus_0050 --redo --quiet
Seed:    7206051 (Using SPRNG - Scalable Parallel Random Number Generator)
Time:    Sat Sep 12 22:01:47 2026
Kernel:  AVX+FMA - 1 threads (16 CPU cores detected)

HINT: Use -nt option to specify number of threads because your CPU has 16 cores!
HINT: -nt AUTO will automatically determine the best number of threads to use.

Reading alignment file /home/mis/CSE6406-project/work/paper_subset_50x10_L1600/ils_high/replicate_08/alignments/L1600/locus_0050.phy ... Phylip format detected
Alignment most likely contains DNA/RNA sequences
Alignment has 21 sequences with 1600 columns, 880 distinct patterns
798 parsimony-informative, 118 singleton sites, 684 constant sites
        Gap/Ambiguity  Composition  p-value
Analyzing sequences: done in 0.000105273 secs using 98.79% CPU
   1  0_0_0     0.00%    passed     49.91%
   2  10_0_0    0.00%    passed     99.90%
   3  9_0_0     0.00%    passed     61.26%
   4  11_0_0    0.00%    passed     98.30%
   5  13_0_0    0.00%    passed     85.23%
   6  5_0_0     0.00%    passed     84.92%
   7  15_0_0    0.00%    passed     91.59%
   8  8_0_0     0.00%    passed     91.96%
   9  17_0_0    0.00%    passed     42.03%
  10  2_0_0     0.00%    passed     33.47%
  11  19_0_0    0.00%    passed     74.17%
  12  18_0_0    0.00%    passed     98.91%
  13  20_0_0    0.00%    passed     65.33%
  14  3_0_0     0.00%    passed     96.68%
  15  7_0_0     0.00%    passed     86.94%
  16  1_0_0     0.00%    passed     99.80%
  17  12_0_0    0.00%    passed     74.49%
  18  16_0_0    0.00%    passed     74.51%
  19  4_0_0     0.00%    passed     80.99%
  20  14_0_0    0.00%    passed     72.61%
  21  6_0_0     0.00%    passed     47.06%
****  TOTAL     0.00%  0 sequences failed composition chi2 test (p-value<5%; df=3)

Create initial parsimony tree by phylogenetic likelihood library (PLL)... 0.009 seconds

NOTE: 2 MB RAM (0 GB) is required!
Estimate model parameters (epsilon = 0.100)
1. Initial log-likelihood: -21626.237
2. Current log-likelihood: -20554.640
3. Current log-likelihood: -20436.037
4. Current log-likelihood: -20428.584
5. Current log-likelihood: -20427.665
6. Current log-likelihood: -20427.506
Optimal log-likelihood: -20427.480
Rate parameters:  A-C: 1.00000  A-G: 1.98947  A-T: 1.00000  C-G: 1.00000  C-T: 1.98947  G-T: 1.00000
Base frequencies:  A: 0.305  C: 0.192  G: 0.221  T: 0.282
Gamma shape alpha: 0.198
Parameters optimization took 6 rounds (0.255 sec)
Wrote distance file to... 
Computing ML distances based on estimated model parameters...
Calculating distance matrix: done in 0.00679666 secs using 94.68% CPU
Computing ML distances took 0.007012 sec (of wall-clock time) 0.006649 sec (of CPU time)
Setting up auxiliary I and S matrices: done in 6.1328e-05 secs using 97.83% CPU
Computing RapidNJ tree took 0.000250 sec (of wall-clock time) 0.000249 sec (of CPU time)
Log-likelihood of RapidNJ tree: -20422.159
--------------------------------------------------------------------
|             INITIALIZING CANDIDATE TREE SET                      |
--------------------------------------------------------------------
Generating 98 parsimony trees... 0.475 second
Computing log-likelihood of 98 initial trees ... 1.367 seconds
Current best score: -20422.159

Do NNI search on 20 best initial trees
Estimate model parameters (epsilon = 0.100)
BETTER TREE FOUND at iteration 1: -20420.053
Iteration 10 / LogL: -20420.499 / Time: 0h:0m:3s
Iteration 20 / LogL: -20420.109 / Time: 0h:0m:4s
Finish initializing candidate tree set (2)
Current best tree score: -20420.053 / CPU time: 4.339
Number of iterations: 20
--------------------------------------------------------------------
|               OPTIMIZING CANDIDATE TREE SET                      |
--------------------------------------------------------------------
Iteration 30 / LogL: -20434.041 / Time: 0h:0m:6s (0h:0m:15s left)
Iteration 40 / LogL: -20420.498 / Time: 0h:0m:8s (0h:0m:13s left)
Iteration 50 / LogL: -20420.115 / Time: 0h:0m:9s (0h:0m:10s left)
Iteration 60 / LogL: -20420.912 / Time: 0h:0m:11s (0h:0m:7s left)
Iteration 70 / LogL: -20420.160 / Time: 0h:0m:13s (0h:0m:5s left)
Iteration 80 / LogL: -20420.074 / Time: 0h:0m:15s (0h:0m:3s left)
Iteration 90 / LogL: -20420.642 / Time: 0h:0m:16s (0h:0m:2s left)
Iteration 100 / LogL: -20434.329 / Time: 0h:0m:19s (0h:0m:0s left)
TREE SEARCH COMPLETED AFTER 102 ITERATIONS / Time: 0h:0m:19s

--------------------------------------------------------------------
|                    FINALIZING TREE SEARCH                        |
--------------------------------------------------------------------
Performs final model parameters optimization
Estimate model parameters (epsilon = 0.010)
1. Initial log-likelihood: -20420.053
Optimal log-likelihood: -20420.052
Rate parameters:  A-C: 1.00000  A-G: 1.99578  A-T: 1.00000  C-G: 1.00000  C-T: 1.99578  G-T: 1.00000
Base frequencies:  A: 0.305  C: 0.192  G: 0.221  T: 0.282
Gamma shape alpha: 0.198
Parameters optimization took 1 rounds (0.030 sec)
BEST SCORE FOUND : -20420.052

Testing tree branches by aBayes parametric test...
0.050 sec.
Total tree length: 11.210

Total number of iterations: 102
CPU time used for tree search: 17.238 sec (0h:0m:17s)
Wall-clock time used for tree search: 19.316 sec (0h:0m:19s)
Total CPU time used: 17.617 sec (0h:0m:17s)
Total wall-clock time used: 19.772 sec (0h:0m:19s)

Analysis results written to: 
  IQ-TREE report:                /home/mis/CSE6406-project/work/paper_subset_50x10_L1600/ils_high/replicate_08/estimated_gene_trees/L1600/hky_g4/locus_0050.iqtree
  Maximum-likelihood tree:       /home/mis/CSE6406-project/work/paper_subset_50x10_L1600/ils_high/replicate_08/estimated_gene_trees/L1600/hky_g4/locus_0050.treefile
  Likelihood distances:          /home/mis/CSE6406-project/work/paper_subset_50x10_L1600/ils_high/replicate_08/estimated_gene_trees/L1600/hky_g4/locus_0050.mldist
  Screen log file:               /home/mis/CSE6406-project/work/paper_subset_50x10_L1600/ils_high/replicate_08/estimated_gene_trees/L1600/hky_g4/locus_0050.log

Date and Time: Sat Sep 12 22:02:07 2026
