IQ-TREE multicore version 2.4.0 for Linux x86 64-bit built Feb 12 2025
Developed by Bui Quang Minh, Nguyen Lam Tung, Olga Chernomor, Heiko Schmidt,
Dominik Schrempf, Michael Woodhams, Ly Trong Nhan, Thomas Wong

Host:    ezmata (AVX2, FMA3, 15 GB RAM)
Command: /home/mis/miniconda3/envs/cse6406/bin/iqtree2 -s /home/mis/CSE6406-project/work/paper_subset_50x10_L200/ils_high/replicate_05/alignments/L200/locus_0011.phy -m HKY+G4 --abayes -T 1 --seed 6906012 --prefix /home/mis/CSE6406-project/work/paper_subset_50x10_L200/ils_high/replicate_05/estimated_gene_trees/L200/hky_g4/locus_0011 --redo --quiet
Seed:    6906012 (Using SPRNG - Scalable Parallel Random Number Generator)
Time:    Sat Sep 12 21:43:19 2026
Kernel:  AVX+FMA - 1 threads (16 CPU cores detected)

HINT: Use -nt option to specify number of threads because your CPU has 16 cores!
HINT: -nt AUTO will automatically determine the best number of threads to use.

Reading alignment file /home/mis/CSE6406-project/work/paper_subset_50x10_L200/ils_high/replicate_05/alignments/L200/locus_0011.phy ... Phylip format detected
Alignment most likely contains DNA/RNA sequences
Alignment has 21 sequences with 200 columns, 86 distinct patterns
60 parsimony-informative, 23 singleton sites, 117 constant sites
        Gap/Ambiguity  Composition  p-value
Analyzing sequences: done in 9.588e-06 secs using 62.58% CPU
   1  4_0_0     0.00%    passed     91.13%
   2  1_0_0     0.00%    passed     98.83%
   3  3_0_0     0.00%    passed     96.60%
   4  20_0_0    0.00%    passed     97.81%
   5  16_0_0    0.00%    passed     84.27%
   6  13_0_0    0.00%    passed     96.76%
   7  14_0_0    0.00%    passed     93.24%
   8  18_0_0    0.00%    passed     88.57%
   9  17_0_0    0.00%    passed     94.85%
  10  19_0_0    0.00%    passed     95.53%
  11  9_0_0     0.00%    passed     99.22%
  12  11_0_0    0.00%    passed     99.35%
  13  8_0_0     0.00%    passed     93.54%
  14  7_0_0     0.00%    passed     98.80%
  15  12_0_0    0.00%    passed     98.35%
  16  6_0_0     0.00%    passed     92.19%
  17  15_0_0    0.00%    passed     85.51%
  18  10_0_0    0.00%    passed     97.06%
  19  5_0_0     0.00%    passed     99.36%
  20  2_0_0     0.00%    passed     98.24%
  21  0_0_0     0.00%    passed     84.88%
****  TOTAL     0.00%  0 sequences failed composition chi2 test (p-value<5%; df=3)

Create initial parsimony tree by phylogenetic likelihood library (PLL)... 0.000 seconds

NOTE: 0 MB RAM (0 GB) is required!
Estimate model parameters (epsilon = 0.100)
1. Initial log-likelihood: -1546.383
2. Current log-likelihood: -1487.221
3. Current log-likelihood: -1486.052
Optimal log-likelihood: -1486.037
Rate parameters:  A-C: 1.00000  A-G: 2.00691  A-T: 1.00000  C-G: 1.00000  C-T: 2.00691  G-T: 1.00000
Base frequencies:  A: 0.277  C: 0.214  G: 0.242  T: 0.267
Gamma shape alpha: 0.234
Parameters optimization took 3 rounds (0.009 sec)
Wrote distance file to... 
Computing ML distances based on estimated model parameters...
Calculating distance matrix: done in 0.00161976 secs using 99.95% CPU
Computing ML distances took 0.001653 sec (of wall-clock time) 0.001655 sec (of CPU time)
Setting up auxiliary I and S matrices: done in 5.4297e-05 secs
Computing RapidNJ tree took 0.000210 sec (of wall-clock time) 0.000000 sec (of CPU time)
Log-likelihood of RapidNJ tree: -1486.459
--------------------------------------------------------------------
|             INITIALIZING CANDIDATE TREE SET                      |
--------------------------------------------------------------------
Generating 98 parsimony trees... 0.076 second
Computing log-likelihood of 98 initial trees ... 0.084 seconds
Current best score: -1484.517

Do NNI search on 20 best initial trees
Estimate model parameters (epsilon = 0.100)
BETTER TREE FOUND at iteration 1: -1483.053
Estimate model parameters (epsilon = 0.100)
BETTER TREE FOUND at iteration 5: -1482.728
UPDATE BEST LOG-LIKELIHOOD: -1482.728
Iteration 10 / LogL: -1483.178 / Time: 0h:0m:0s
Estimate model parameters (epsilon = 0.100)
BETTER TREE FOUND at iteration 11: -1482.484
BETTER TREE FOUND at iteration 15: -1482.484
Iteration 20 / LogL: -1483.054 / Time: 0h:0m:0s
Finish initializing candidate tree set (7)
Current best tree score: -1482.484 / CPU time: 0.460
Number of iterations: 20
--------------------------------------------------------------------
|               OPTIMIZING CANDIDATE TREE SET                      |
--------------------------------------------------------------------
UPDATE BEST LOG-LIKELIHOOD: -1482.484
UPDATE BEST LOG-LIKELIHOOD: -1482.484
Iteration 30 / LogL: -1482.484 / Time: 0h:0m:0s (0h:0m:1s left)
Iteration 40 / LogL: -1482.484 / Time: 0h:0m:0s (0h:0m:1s left)
Iteration 50 / LogL: -1482.539 / Time: 0h:0m:1s (0h:0m:1s left)
Iteration 60 / LogL: -1482.485 / Time: 0h:0m:1s (0h:0m:1s left)
Iteration 70 / LogL: -1483.948 / Time: 0h:0m:1s (0h:0m:0s left)
Iteration 80 / LogL: -1482.485 / Time: 0h:0m:1s (0h:0m:0s left)
Iteration 90 / LogL: -1483.249 / Time: 0h:0m:1s (0h:0m:0s left)
Iteration 100 / LogL: -1482.487 / Time: 0h:0m:2s (0h:0m:0s left)
Iteration 110 / LogL: -1482.484 / Time: 0h:0m:2s (0h:0m:0s left)
UPDATE BEST LOG-LIKELIHOOD: -1482.484
TREE SEARCH COMPLETED AFTER 116 ITERATIONS / Time: 0h:0m:2s

--------------------------------------------------------------------
|                    FINALIZING TREE SEARCH                        |
--------------------------------------------------------------------
Performs final model parameters optimization
Estimate model parameters (epsilon = 0.010)
1. Initial log-likelihood: -1482.484
Optimal log-likelihood: -1482.484
Rate parameters:  A-C: 1.00000  A-G: 2.02590  A-T: 1.00000  C-G: 1.00000  C-T: 2.02590  G-T: 1.00000
Base frequencies:  A: 0.277  C: 0.214  G: 0.242  T: 0.267
Gamma shape alpha: 0.227
Parameters optimization took 1 rounds (0.004 sec)
BEST SCORE FOUND : -1482.484

Testing tree branches by aBayes parametric test...
0.005 sec.
Total tree length: 1.705

Total number of iterations: 116
CPU time used for tree search: 2.400 sec (0h:0m:2s)
Wall-clock time used for tree search: 2.542 sec (0h:0m:2s)
Total CPU time used: 2.432 sec (0h:0m:2s)
Total wall-clock time used: 2.574 sec (0h:0m:2s)

Analysis results written to: 
  IQ-TREE report:                /home/mis/CSE6406-project/work/paper_subset_50x10_L200/ils_high/replicate_05/estimated_gene_trees/L200/hky_g4/locus_0011.iqtree
  Maximum-likelihood tree:       /home/mis/CSE6406-project/work/paper_subset_50x10_L200/ils_high/replicate_05/estimated_gene_trees/L200/hky_g4/locus_0011.treefile
  Likelihood distances:          /home/mis/CSE6406-project/work/paper_subset_50x10_L200/ils_high/replicate_05/estimated_gene_trees/L200/hky_g4/locus_0011.mldist
  Screen log file:               /home/mis/CSE6406-project/work/paper_subset_50x10_L200/ils_high/replicate_05/estimated_gene_trees/L200/hky_g4/locus_0011.log

Date and Time: Sat Sep 12 21:43:22 2026
