IQ-TREE multicore version 2.4.0 for Linux x86 64-bit built Feb 12 2025
Developed by Bui Quang Minh, Nguyen Lam Tung, Olga Chernomor, Heiko Schmidt,
Dominik Schrempf, Michael Woodhams, Ly Trong Nhan, Thomas Wong

Host:    ezmata (AVX2, FMA3, 15 GB RAM)
Command: /home/mis/miniconda3/envs/cse6406/bin/iqtree2 -s /home/mis/CSE6406-project/work/paper_subset_50x10_L200/ils_high/replicate_09/alignments/L200/locus_0015.phy -m HKY --abayes -T 1 --seed 7306016 --prefix /home/mis/CSE6406-project/work/paper_subset_50x10_L200/ils_high/replicate_09/estimated_gene_trees/L200/hky/locus_0015 --redo --quiet
Seed:    7306016 (Using SPRNG - Scalable Parallel Random Number Generator)
Time:    Sat Sep 12 21:47:12 2026
Kernel:  AVX+FMA - 1 threads (16 CPU cores detected)

HINT: Use -nt option to specify number of threads because your CPU has 16 cores!
HINT: -nt AUTO will automatically determine the best number of threads to use.

Reading alignment file /home/mis/CSE6406-project/work/paper_subset_50x10_L200/ils_high/replicate_09/alignments/L200/locus_0015.phy ... Phylip format detected
Alignment most likely contains DNA/RNA sequences
Alignment has 21 sequences with 200 columns, 128 distinct patterns
111 parsimony-informative, 15 singleton sites, 74 constant sites
        Gap/Ambiguity  Composition  p-value
Analyzing sequences: done in 1.4963e-05 secs
   1  11_0_0    0.00%    passed     62.20%
   2  5_0_0     0.00%    passed     82.63%
   3  17_0_0    0.00%    passed     85.00%
   4  18_0_0    0.00%    passed     75.36%
   5  15_0_0    0.00%    passed     95.29%
   6  7_0_0     0.00%    passed     63.65%
   7  9_0_0     0.00%    passed     97.61%
   8  4_0_0     0.00%    passed     92.16%
   9  14_0_0    0.00%    passed     84.93%
  10  13_0_0    0.00%    passed     37.07%
  11  6_0_0     0.00%    passed     85.73%
  12  19_0_0    0.00%    passed     92.10%
  13  12_0_0    0.00%    passed     52.95%
  14  2_0_0     0.00%    passed     73.20%
  15  10_0_0    0.00%    passed     83.32%
  16  3_0_0     0.00%    passed     85.98%
  17  20_0_0    0.00%    passed     69.72%
  18  1_0_0     0.00%    passed     85.16%
  19  0_0_0     0.00%    passed     95.28%
  20  8_0_0     0.00%    passed     92.06%
  21  16_0_0    0.00%    passed     25.92%
****  TOTAL     0.00%  0 sequences failed composition chi2 test (p-value<5%; df=3)

Create initial parsimony tree by phylogenetic likelihood library (PLL)... 0.001 seconds

NOTE: 0 MB RAM (0 GB) is required!
Estimate model parameters (epsilon = 0.100)
1. Initial log-likelihood: -3451.976
2. Current log-likelihood: -3437.468
Optimal log-likelihood: -3437.415
Rate parameters:  A-C: 1.00000  A-G: 1.30620  A-T: 1.00000  C-G: 1.00000  C-T: 1.30620  G-T: 1.00000
Base frequencies:  A: 0.371  C: 0.170  G: 0.172  T: 0.287
Parameters optimization took 2 rounds (0.004 sec)
Wrote distance file to... 
Computing ML distances based on estimated model parameters...
Calculating distance matrix: done in 0.00103411 secs using 99.8% CPU
Computing ML distances took 0.001085 sec (of wall-clock time) 0.001089 sec (of CPU time)
Setting up auxiliary I and S matrices: done in 5.7791e-05 secs using 98.63% CPU
Computing RapidNJ tree took 0.000227 sec (of wall-clock time) 0.000227 sec (of CPU time)
Log-likelihood of RapidNJ tree: -3458.396
--------------------------------------------------------------------
|             INITIALIZING CANDIDATE TREE SET                      |
--------------------------------------------------------------------
Generating 98 parsimony trees... 0.127 second
Computing log-likelihood of 98 initial trees ... 0.098 seconds
Current best score: -3434.643

Do NNI search on 20 best initial trees
Estimate model parameters (epsilon = 0.100)
BETTER TREE FOUND at iteration 1: -3432.230
Iteration 10 / LogL: -3432.271 / Time: 0h:0m:0s
Iteration 20 / LogL: -3436.578 / Time: 0h:0m:0s
Finish initializing candidate tree set (14)
Current best tree score: -3432.230 / CPU time: 0.371
Number of iterations: 20
--------------------------------------------------------------------
|               OPTIMIZING CANDIDATE TREE SET                      |
--------------------------------------------------------------------
Iteration 30 / LogL: -3432.351 / Time: 0h:0m:0s (0h:0m:1s left)
Iteration 40 / LogL: -3439.549 / Time: 0h:0m:0s (0h:0m:0s left)
Iteration 50 / LogL: -3432.251 / Time: 0h:0m:0s (0h:0m:0s left)
Iteration 60 / LogL: -3432.892 / Time: 0h:0m:0s (0h:0m:0s left)
Iteration 70 / LogL: -3432.281 / Time: 0h:0m:0s (0h:0m:0s left)
Iteration 80 / LogL: -3432.255 / Time: 0h:0m:1s (0h:0m:0s left)
Iteration 90 / LogL: -3433.537 / Time: 0h:0m:1s (0h:0m:0s left)
Iteration 100 / LogL: -3432.248 / Time: 0h:0m:1s (0h:0m:0s left)
TREE SEARCH COMPLETED AFTER 102 ITERATIONS / Time: 0h:0m:1s

--------------------------------------------------------------------
|                    FINALIZING TREE SEARCH                        |
--------------------------------------------------------------------
Performs final model parameters optimization
Estimate model parameters (epsilon = 0.010)
1. Initial log-likelihood: -3432.230
Optimal log-likelihood: -3432.230
Rate parameters:  A-C: 1.00000  A-G: 1.26593  A-T: 1.00000  C-G: 1.00000  C-T: 1.26593  G-T: 1.00000
Base frequencies:  A: 0.371  C: 0.170  G: 0.172  T: 0.287
Parameters optimization took 1 rounds (0.002 sec)
BEST SCORE FOUND : -3432.230

Testing tree branches by aBayes parametric test...
0.003 sec.
Total tree length: 4.903

Total number of iterations: 102
CPU time used for tree search: 1.271 sec (0h:0m:1s)
Wall-clock time used for tree search: 1.355 sec (0h:0m:1s)
Total CPU time used: 1.299 sec (0h:0m:1s)
Total wall-clock time used: 1.383 sec (0h:0m:1s)

Analysis results written to: 
  IQ-TREE report:                /home/mis/CSE6406-project/work/paper_subset_50x10_L200/ils_high/replicate_09/estimated_gene_trees/L200/hky/locus_0015.iqtree
  Maximum-likelihood tree:       /home/mis/CSE6406-project/work/paper_subset_50x10_L200/ils_high/replicate_09/estimated_gene_trees/L200/hky/locus_0015.treefile
  Likelihood distances:          /home/mis/CSE6406-project/work/paper_subset_50x10_L200/ils_high/replicate_09/estimated_gene_trees/L200/hky/locus_0015.mldist
  Screen log file:               /home/mis/CSE6406-project/work/paper_subset_50x10_L200/ils_high/replicate_09/estimated_gene_trees/L200/hky/locus_0015.log

Date and Time: Sat Sep 12 21:47:14 2026
