IQ-TREE multicore version 2.4.0 for Linux x86 64-bit built Feb 12 2025
Developed by Bui Quang Minh, Nguyen Lam Tung, Olga Chernomor, Heiko Schmidt,
Dominik Schrempf, Michael Woodhams, Ly Trong Nhan, Thomas Wong

Host:    ezmata (AVX2, FMA3, 15 GB RAM)
Command: /home/mis/miniconda3/envs/cse6406/bin/iqtree2 -s /home/mis/CSE6406-project/work/paper_subset_50x10_L200/ils_high/replicate_09/alignments/L200/locus_0016.phy -m HKY --abayes -T 1 --seed 7306017 --prefix /home/mis/CSE6406-project/work/paper_subset_50x10_L200/ils_high/replicate_09/estimated_gene_trees/L200/hky/locus_0016 --redo --quiet
Seed:    7306017 (Using SPRNG - Scalable Parallel Random Number Generator)
Time:    Sat Sep 12 21:47:12 2026
Kernel:  AVX+FMA - 1 threads (16 CPU cores detected)

HINT: Use -nt option to specify number of threads because your CPU has 16 cores!
HINT: -nt AUTO will automatically determine the best number of threads to use.

Reading alignment file /home/mis/CSE6406-project/work/paper_subset_50x10_L200/ils_high/replicate_09/alignments/L200/locus_0016.phy ... Phylip format detected
Alignment most likely contains DNA/RNA sequences
Alignment has 21 sequences with 200 columns, 119 distinct patterns
95 parsimony-informative, 22 singleton sites, 83 constant sites
        Gap/Ambiguity  Composition  p-value
Analyzing sequences: done in 8.50101e-06 secs using 23.53% CPU
   1  18_0_0    0.00%    passed     92.48%
   2  17_0_0    0.00%    passed     58.21%
   3  15_0_0    0.00%    passed     78.97%
   4  5_0_0     0.00%    passed     85.61%
   5  2_0_0     0.00%    passed     44.85%
   6  3_0_0     0.00%    passed     95.89%
   7  20_0_0    0.00%    passed     85.62%
   8  19_0_0    0.00%    passed     79.76%
   9  6_0_0     0.00%    passed     93.32%
  10  1_0_0     0.00%    passed     76.97%
  11  16_0_0    0.00%    passed     79.48%
  12  8_0_0     0.00%    passed     50.22%
  13  11_0_0    0.00%    passed     64.16%
  14  9_0_0     0.00%    passed     70.35%
  15  12_0_0    0.00%    passed     88.85%
  16  10_0_0    0.00%    passed     98.55%
  17  7_0_0     0.00%    passed     42.69%
  18  14_0_0    0.00%    passed     94.30%
  19  13_0_0    0.00%    passed     82.92%
  20  4_0_0     0.00%    passed     82.54%
  21  0_0_0     0.00%    passed     88.40%
****  TOTAL     0.00%  0 sequences failed composition chi2 test (p-value<5%; df=3)

Create initial parsimony tree by phylogenetic likelihood library (PLL)... 0.002 seconds

NOTE: 0 MB RAM (0 GB) is required!
Estimate model parameters (epsilon = 0.100)
1. Initial log-likelihood: -3296.273
2. Current log-likelihood: -3284.240
Optimal log-likelihood: -3284.181
Rate parameters:  A-C: 1.00000  A-G: 1.30533  A-T: 1.00000  C-G: 1.00000  C-T: 1.30533  G-T: 1.00000
Base frequencies:  A: 0.256  C: 0.189  G: 0.208  T: 0.346
Parameters optimization took 2 rounds (0.002 sec)
Wrote distance file to... 
Computing ML distances based on estimated model parameters...
Calculating distance matrix: done in 0.000648883 secs using 91.85% CPU
Computing ML distances took 0.000678 sec (of wall-clock time) 0.000623 sec (of CPU time)
Setting up auxiliary I and S matrices: done in 5.8316e-05 secs using 99.46% CPU
Computing RapidNJ tree took 0.000233 sec (of wall-clock time) 0.000232 sec (of CPU time)
Log-likelihood of RapidNJ tree: -3286.980
--------------------------------------------------------------------
|             INITIALIZING CANDIDATE TREE SET                      |
--------------------------------------------------------------------
Generating 98 parsimony trees... 0.072 second
Computing log-likelihood of 98 initial trees ... 0.086 seconds
Current best score: -3264.786

Do NNI search on 20 best initial trees
Estimate model parameters (epsilon = 0.100)
BETTER TREE FOUND at iteration 1: -3262.227
Estimate model parameters (epsilon = 0.100)
BETTER TREE FOUND at iteration 2: -3260.109
Estimate model parameters (epsilon = 0.100)
BETTER TREE FOUND at iteration 6: -3256.537
Iteration 10 / LogL: -3264.513 / Time: 0h:0m:0s
Estimate model parameters (epsilon = 0.100)
BETTER TREE FOUND at iteration 14: -3255.567
Iteration 20 / LogL: -3255.583 / Time: 0h:0m:0s
Finish initializing candidate tree set (17)
Current best tree score: -3255.567 / CPU time: 0.314
Number of iterations: 20
--------------------------------------------------------------------
|               OPTIMIZING CANDIDATE TREE SET                      |
--------------------------------------------------------------------
Iteration 30 / LogL: -3261.886 / Time: 0h:0m:0s (0h:0m:1s left)
Iteration 40 / LogL: -3256.547 / Time: 0h:0m:0s (0h:0m:0s left)
Iteration 50 / LogL: -3260.144 / Time: 0h:0m:0s (0h:0m:0s left)
Iteration 60 / LogL: -3255.586 / Time: 0h:0m:0s (0h:0m:0s left)
Iteration 70 / LogL: -3255.604 / Time: 0h:0m:0s (0h:0m:0s left)
Iteration 80 / LogL: -3255.580 / Time: 0h:0m:0s (0h:0m:0s left)
Iteration 90 / LogL: -3258.058 / Time: 0h:0m:0s (0h:0m:0s left)
Iteration 100 / LogL: -3260.327 / Time: 0h:0m:0s (0h:0m:0s left)
Iteration 110 / LogL: -3261.108 / Time: 0h:0m:0s (0h:0m:0s left)
TREE SEARCH COMPLETED AFTER 115 ITERATIONS / Time: 0h:0m:0s

--------------------------------------------------------------------
|                    FINALIZING TREE SEARCH                        |
--------------------------------------------------------------------
Performs final model parameters optimization
Estimate model parameters (epsilon = 0.010)
1. Initial log-likelihood: -3255.567
Optimal log-likelihood: -3255.567
Rate parameters:  A-C: 1.00000  A-G: 1.29978  A-T: 1.00000  C-G: 1.00000  C-T: 1.29978  G-T: 1.00000
Base frequencies:  A: 0.256  C: 0.189  G: 0.208  T: 0.346
Parameters optimization took 1 rounds (0.001 sec)
BEST SCORE FOUND : -3255.567

Testing tree branches by aBayes parametric test...
0.001 sec.
Total tree length: 4.385

Total number of iterations: 115
CPU time used for tree search: 0.881 sec (0h:0m:0s)
Wall-clock time used for tree search: 0.964 sec (0h:0m:0s)
Total CPU time used: 0.898 sec (0h:0m:0s)
Total wall-clock time used: 0.982 sec (0h:0m:0s)

Analysis results written to: 
  IQ-TREE report:                /home/mis/CSE6406-project/work/paper_subset_50x10_L200/ils_high/replicate_09/estimated_gene_trees/L200/hky/locus_0016.iqtree
  Maximum-likelihood tree:       /home/mis/CSE6406-project/work/paper_subset_50x10_L200/ils_high/replicate_09/estimated_gene_trees/L200/hky/locus_0016.treefile
  Likelihood distances:          /home/mis/CSE6406-project/work/paper_subset_50x10_L200/ils_high/replicate_09/estimated_gene_trees/L200/hky/locus_0016.mldist
  Screen log file:               /home/mis/CSE6406-project/work/paper_subset_50x10_L200/ils_high/replicate_09/estimated_gene_trees/L200/hky/locus_0016.log

Date and Time: Sat Sep 12 21:47:13 2026
