IQ-TREE multicore version 2.4.0 for Linux x86 64-bit built Feb 12 2025
Developed by Bui Quang Minh, Nguyen Lam Tung, Olga Chernomor, Heiko Schmidt,
Dominik Schrempf, Michael Woodhams, Ly Trong Nhan, Thomas Wong

Host:    ezmata (AVX2, FMA3, 15 GB RAM)
Command: /home/mis/miniconda3/envs/cse6406/bin/iqtree2 -s /home/mis/CSE6406-project/work/paper_subset_50x10_L200/ils_low/replicate_06/alignments/L200/locus_0046.phy -m GTR+G4 --abayes -T 1 --seed 7006047 --prefix /home/mis/CSE6406-project/work/paper_subset_50x10_L200/ils_low/replicate_06/estimated_gene_trees/L200/gtr_g4/locus_0046 --redo --quiet
Seed:    7006047 (Using SPRNG - Scalable Parallel Random Number Generator)
Time:    Sat Sep 12 21:34:18 2026
Kernel:  AVX+FMA - 1 threads (16 CPU cores detected)

HINT: Use -nt option to specify number of threads because your CPU has 16 cores!
HINT: -nt AUTO will automatically determine the best number of threads to use.

Reading alignment file /home/mis/CSE6406-project/work/paper_subset_50x10_L200/ils_low/replicate_06/alignments/L200/locus_0046.phy ... Phylip format detected
Alignment most likely contains DNA/RNA sequences
Alignment has 21 sequences with 200 columns, 89 distinct patterns
64 parsimony-informative, 22 singleton sites, 113 constant sites
        Gap/Ambiguity  Composition  p-value
Analyzing sequences: done in 1.7604e-05 secs using 39.76% CPU
   1  11_0_0    0.00%    passed     99.24%
   2  14_0_0    0.00%    passed     94.19%
   3  12_0_0    0.00%    passed     94.14%
   4  19_0_0    0.00%    passed     99.94%
   5  13_0_0    0.00%    passed     77.05%
   6  15_0_0    0.00%    passed     46.48%
   7  17_0_0    0.00%    passed     86.96%
   8  18_0_0    0.00%    passed     93.17%
   9  16_0_0    0.00%    passed     75.47%
  10  10_0_0    0.00%    passed     88.36%
  11  20_0_0    0.00%    passed     83.16%
  12  9_0_0     0.00%    passed     93.53%
  13  4_0_0     0.00%    passed     87.51%
  14  1_0_0     0.00%    passed     86.90%
  15  7_0_0     0.00%    passed     76.07%
  16  6_0_0     0.00%    passed     98.67%
  17  8_0_0     0.00%    passed     88.12%
  18  5_0_0     0.00%    passed     91.46%
  19  2_0_0     0.00%    passed     99.57%
  20  3_0_0     0.00%    passed     98.30%
  21  0_0_0     0.00%    passed     62.25%
****  TOTAL     0.00%  0 sequences failed composition chi2 test (p-value<5%; df=3)

Create initial parsimony tree by phylogenetic likelihood library (PLL)... 0.001 seconds

NOTE: 0 MB RAM (0 GB) is required!
Estimate model parameters (epsilon = 0.100)
1. Initial log-likelihood: -1491.066
2. Current log-likelihood: -1446.596
3. Current log-likelihood: -1445.259
Optimal log-likelihood: -1445.230
Rate parameters:  A-C: 1.41225  A-G: 2.06078  A-T: 1.25087  C-G: 0.89932  C-T: 2.28739  G-T: 1.00000
Base frequencies:  A: 0.262  C: 0.221  G: 0.236  T: 0.281
Gamma shape alpha: 0.261
Parameters optimization took 3 rounds (0.034 sec)
Wrote distance file to... 
Computing ML distances based on estimated model parameters...
Calculating distance matrix: done in 0.00278701 secs using 98.06% CPU
Computing ML distances took 0.002844 sec (of wall-clock time) 0.002791 sec (of CPU time)
Setting up auxiliary I and S matrices: done in 6.9774e-05 secs using 98.89% CPU
Computing RapidNJ tree took 0.000285 sec (of wall-clock time) 0.000173 sec (of CPU time)
Log-likelihood of RapidNJ tree: -1447.657
--------------------------------------------------------------------
|             INITIALIZING CANDIDATE TREE SET                      |
--------------------------------------------------------------------
Generating 98 parsimony trees... 0.072 second
Computing log-likelihood of 98 initial trees ... 0.079 seconds
Current best score: -1439.696

Do NNI search on 20 best initial trees
Estimate model parameters (epsilon = 0.100)
BETTER TREE FOUND at iteration 1: -1439.335
UPDATE BEST LOG-LIKELIHOOD: -1439.335
Iteration 10 / LogL: -1443.075 / Time: 0h:0m:0s
Iteration 20 / LogL: -1439.335 / Time: 0h:0m:0s
Finish initializing candidate tree set (5)
Current best tree score: -1439.335 / CPU time: 0.329
Number of iterations: 20
--------------------------------------------------------------------
|               OPTIMIZING CANDIDATE TREE SET                      |
--------------------------------------------------------------------
Iteration 30 / LogL: -1439.335 / Time: 0h:0m:0s (0h:0m:1s left)
Iteration 40 / LogL: -1439.336 / Time: 0h:0m:0s (0h:0m:1s left)
Iteration 50 / LogL: -1439.335 / Time: 0h:0m:0s (0h:0m:0s left)
UPDATE BEST LOG-LIKELIHOOD: -1439.335
Iteration 60 / LogL: -1439.337 / Time: 0h:0m:0s (0h:0m:0s left)
Iteration 70 / LogL: -1439.336 / Time: 0h:0m:1s (0h:0m:0s left)
Iteration 80 / LogL: -1439.370 / Time: 0h:0m:1s (0h:0m:0s left)
UPDATE BEST LOG-LIKELIHOOD: -1439.335
Iteration 90 / LogL: -1439.338 / Time: 0h:0m:1s (0h:0m:0s left)
Iteration 100 / LogL: -1439.336 / Time: 0h:0m:1s (0h:0m:0s left)
TREE SEARCH COMPLETED AFTER 102 ITERATIONS / Time: 0h:0m:1s

--------------------------------------------------------------------
|                    FINALIZING TREE SEARCH                        |
--------------------------------------------------------------------
Performs final model parameters optimization
Estimate model parameters (epsilon = 0.010)
1. Initial log-likelihood: -1439.335
Optimal log-likelihood: -1439.335
Rate parameters:  A-C: 1.55512  A-G: 2.23808  A-T: 1.38944  C-G: 1.13600  C-T: 2.42969  G-T: 1.00000
Base frequencies:  A: 0.262  C: 0.221  G: 0.236  T: 0.281
Gamma shape alpha: 0.274
Parameters optimization took 1 rounds (0.002 sec)
BEST SCORE FOUND : -1439.335

Testing tree branches by aBayes parametric test...
0.002 sec.
Total tree length: 1.578

Total number of iterations: 102
CPU time used for tree search: 1.355 sec (0h:0m:1s)
Wall-clock time used for tree search: 1.444 sec (0h:0m:1s)
Total CPU time used: 1.415 sec (0h:0m:1s)
Total wall-clock time used: 1.506 sec (0h:0m:1s)

Analysis results written to: 
  IQ-TREE report:                /home/mis/CSE6406-project/work/paper_subset_50x10_L200/ils_low/replicate_06/estimated_gene_trees/L200/gtr_g4/locus_0046.iqtree
  Maximum-likelihood tree:       /home/mis/CSE6406-project/work/paper_subset_50x10_L200/ils_low/replicate_06/estimated_gene_trees/L200/gtr_g4/locus_0046.treefile
  Likelihood distances:          /home/mis/CSE6406-project/work/paper_subset_50x10_L200/ils_low/replicate_06/estimated_gene_trees/L200/gtr_g4/locus_0046.mldist
  Screen log file:               /home/mis/CSE6406-project/work/paper_subset_50x10_L200/ils_low/replicate_06/estimated_gene_trees/L200/gtr_g4/locus_0046.log

Date and Time: Sat Sep 12 21:34:20 2026
