IQ-TREE multicore version 2.4.0 for Linux x86 64-bit built Feb 12 2025
Developed by Bui Quang Minh, Nguyen Lam Tung, Olga Chernomor, Heiko Schmidt,
Dominik Schrempf, Michael Woodhams, Ly Trong Nhan, Thomas Wong

Host:    ezmata (AVX2, FMA3, 15 GB RAM)
Command: /home/mis/miniconda3/envs/cse6406/bin/iqtree2 -s /home/mis/CSE6406-project/work/paper_subset_50x10_L200/ils_high/replicate_02/alignments/L200/locus_0043.phy -m HKY+G4 --abayes -T 1 --seed 6606044 --prefix /home/mis/CSE6406-project/work/paper_subset_50x10_L200/ils_high/replicate_02/estimated_gene_trees/L200/hky_g4/locus_0043 --redo --quiet
Seed:    6606044 (Using SPRNG - Scalable Parallel Random Number Generator)
Time:    Sat Sep 12 21:40:21 2026
Kernel:  AVX+FMA - 1 threads (16 CPU cores detected)

HINT: Use -nt option to specify number of threads because your CPU has 16 cores!
HINT: -nt AUTO will automatically determine the best number of threads to use.

Reading alignment file /home/mis/CSE6406-project/work/paper_subset_50x10_L200/ils_high/replicate_02/alignments/L200/locus_0043.phy ... Phylip format detected
Alignment most likely contains DNA/RNA sequences
Alignment has 21 sequences with 200 columns, 128 distinct patterns
107 parsimony-informative, 18 singleton sites, 75 constant sites
        Gap/Ambiguity  Composition  p-value
Analyzing sequences: done in 8.77799e-06 secs
   1  4_0_0     0.00%    passed     83.30%
   2  3_0_0     0.00%    passed     29.28%
   3  6_0_0     0.00%    passed     81.52%
   4  7_0_0     0.00%    passed     78.34%
   5  12_0_0    0.00%    passed     90.33%
   6  17_0_0    0.00%    passed     76.26%
   7  20_0_0    0.00%    passed     67.09%
   8  5_0_0     0.00%    passed     86.74%
   9  1_0_0     0.00%    passed     85.55%
  10  2_0_0     0.00%    passed     96.29%
  11  9_0_0     0.00%    passed     77.48%
  12  11_0_0    0.00%    passed     83.12%
  13  14_0_0    0.00%    passed     22.57%
  14  18_0_0    0.00%    passed     43.76%
  15  15_0_0    0.00%    passed     41.73%
  16  19_0_0    0.00%    passed     79.68%
  17  8_0_0     0.00%    passed     32.06%
  18  13_0_0    0.00%    passed     56.18%
  19  10_0_0    0.00%    passed     98.49%
  20  16_0_0    0.00%    passed     91.48%
  21  0_0_0     0.00%    passed     73.71%
****  TOTAL     0.00%  0 sequences failed composition chi2 test (p-value<5%; df=3)

Create initial parsimony tree by phylogenetic likelihood library (PLL)... 0.001 seconds

NOTE: 0 MB RAM (0 GB) is required!
Estimate model parameters (epsilon = 0.100)
1. Initial log-likelihood: -3199.902
2. Current log-likelihood: -3081.886
3. Current log-likelihood: -3056.831
4. Current log-likelihood: -3051.651
5. Current log-likelihood: -3049.484
6. Current log-likelihood: -3048.413
7. Current log-likelihood: -3047.788
8. Current log-likelihood: -3047.420
9. Current log-likelihood: -3047.190
10. Current log-likelihood: -3047.061
Optimal log-likelihood: -3046.934
Rate parameters:  A-C: 1.00000  A-G: 1.84537  A-T: 1.00000  C-G: 1.00000  C-T: 1.84537  G-T: 1.00000
Base frequencies:  A: 0.279  C: 0.220  G: 0.183  T: 0.318
Gamma shape alpha: 0.183
Parameters optimization took 10 rounds (0.039 sec)
Wrote distance file to... 
Computing ML distances based on estimated model parameters...
Calculating distance matrix: done in 0.00313467 secs using 96.79% CPU
Computing ML distances took 0.003175 sec (of wall-clock time) 0.003074 sec (of CPU time)
WARNING: Some pairwise ML distances are too long (saturated)
Setting up auxiliary I and S matrices: done in 8.1255e-05 secs using 98.46% CPU
Computing RapidNJ tree took 0.000310 sec (of wall-clock time) 0.000226 sec (of CPU time)
Log-likelihood of RapidNJ tree: -3054.158
--------------------------------------------------------------------
|             INITIALIZING CANDIDATE TREE SET                      |
--------------------------------------------------------------------
Generating 98 parsimony trees... 0.086 second
Computing log-likelihood of 98 initial trees ... 0.119 seconds
Current best score: -3046.934

Do NNI search on 20 best initial trees
Estimate model parameters (epsilon = 0.100)
BETTER TREE FOUND at iteration 1: -3035.203
Estimate model parameters (epsilon = 0.100)
UPDATE BEST LOG-LIKELIHOOD: -3035.187
Iteration 10 / LogL: -3035.192 / Time: 0h:0m:0s
Estimate model parameters (epsilon = 0.100)
BETTER TREE FOUND at iteration 17: -3035.056
Iteration 20 / LogL: -3035.276 / Time: 0h:0m:0s
Finish initializing candidate tree set (5)
Current best tree score: -3035.056 / CPU time: 0.559
Number of iterations: 20
--------------------------------------------------------------------
|               OPTIMIZING CANDIDATE TREE SET                      |
--------------------------------------------------------------------
BETTER TREE FOUND at iteration 21: -3035.056
Iteration 30 / LogL: -3035.747 / Time: 0h:0m:0s (0h:0m:2s left)
UPDATE BEST LOG-LIKELIHOOD: -3035.056
Iteration 40 / LogL: -3035.056 / Time: 0h:0m:1s (0h:0m:2s left)
Iteration 50 / LogL: -3035.056 / Time: 0h:0m:1s (0h:0m:1s left)
UPDATE BEST LOG-LIKELIHOOD: -3035.056
Iteration 60 / LogL: -3035.207 / Time: 0h:0m:1s (0h:0m:1s left)
Iteration 70 / LogL: -3035.553 / Time: 0h:0m:1s (0h:0m:1s left)
Iteration 80 / LogL: -3035.056 / Time: 0h:0m:2s (0h:0m:1s left)
Iteration 90 / LogL: -3035.056 / Time: 0h:0m:2s (0h:0m:0s left)
UPDATE BEST LOG-LIKELIHOOD: -3035.056
Iteration 100 / LogL: -3035.056 / Time: 0h:0m:2s (0h:0m:0s left)
Iteration 110 / LogL: -3035.056 / Time: 0h:0m:2s (0h:0m:0s left)
Iteration 120 / LogL: -3035.343 / Time: 0h:0m:2s (0h:0m:0s left)
TREE SEARCH COMPLETED AFTER 122 ITERATIONS / Time: 0h:0m:2s

--------------------------------------------------------------------
|                    FINALIZING TREE SEARCH                        |
--------------------------------------------------------------------
Performs final model parameters optimization
Estimate model parameters (epsilon = 0.010)
1. Initial log-likelihood: -3035.056
Optimal log-likelihood: -3035.054
Rate parameters:  A-C: 1.00000  A-G: 1.79658  A-T: 1.00000  C-G: 1.00000  C-T: 1.79658  G-T: 1.00000
Base frequencies:  A: 0.279  C: 0.220  G: 0.183  T: 0.318
Gamma shape alpha: 0.181
Parameters optimization took 1 rounds (0.002 sec)
BEST SCORE FOUND : -3035.054

Testing tree branches by aBayes parametric test...
0.003 sec.
Total tree length: 26.339

Total number of iterations: 122
CPU time used for tree search: 2.702 sec (0h:0m:2s)
Wall-clock time used for tree search: 2.842 sec (0h:0m:2s)
Total CPU time used: 2.760 sec (0h:0m:2s)
Total wall-clock time used: 2.905 sec (0h:0m:2s)

Analysis results written to: 
  IQ-TREE report:                /home/mis/CSE6406-project/work/paper_subset_50x10_L200/ils_high/replicate_02/estimated_gene_trees/L200/hky_g4/locus_0043.iqtree
  Maximum-likelihood tree:       /home/mis/CSE6406-project/work/paper_subset_50x10_L200/ils_high/replicate_02/estimated_gene_trees/L200/hky_g4/locus_0043.treefile
  Likelihood distances:          /home/mis/CSE6406-project/work/paper_subset_50x10_L200/ils_high/replicate_02/estimated_gene_trees/L200/hky_g4/locus_0043.mldist
  Screen log file:               /home/mis/CSE6406-project/work/paper_subset_50x10_L200/ils_high/replicate_02/estimated_gene_trees/L200/hky_g4/locus_0043.log

Date and Time: Sat Sep 12 21:40:24 2026
