IQ-TREE multicore version 2.4.0 for Linux x86 64-bit built Feb 12 2025
Developed by Bui Quang Minh, Nguyen Lam Tung, Olga Chernomor, Heiko Schmidt,
Dominik Schrempf, Michael Woodhams, Ly Trong Nhan, Thomas Wong

Host:    ezmata (AVX2, FMA3, 15 GB RAM)
Command: /home/mis/miniconda3/envs/cse6406/bin/iqtree2 -s /home/mis/CSE6406-project/work/paper_subset_50x10_L200/ils_high/replicate_02/alignments/L200/locus_0025.phy -m HKY+G4 --abayes -T 1 --seed 6606026 --prefix /home/mis/CSE6406-project/work/paper_subset_50x10_L200/ils_high/replicate_02/estimated_gene_trees/L200/hky_g4/locus_0025 --redo --quiet
Seed:    6606026 (Using SPRNG - Scalable Parallel Random Number Generator)
Time:    Sat Sep 12 21:40:09 2026
Kernel:  AVX+FMA - 1 threads (16 CPU cores detected)

HINT: Use -nt option to specify number of threads because your CPU has 16 cores!
HINT: -nt AUTO will automatically determine the best number of threads to use.

Reading alignment file /home/mis/CSE6406-project/work/paper_subset_50x10_L200/ils_high/replicate_02/alignments/L200/locus_0025.phy ... Phylip format detected
Alignment most likely contains DNA/RNA sequences
Alignment has 21 sequences with 200 columns, 140 distinct patterns
123 parsimony-informative, 15 singleton sites, 62 constant sites
        Gap/Ambiguity  Composition  p-value
Analyzing sequences: done in 2.174e-05 secs using 78.2% CPU
   1  0_0_0     0.00%    passed     96.44%
   2  5_0_0     0.00%    passed     39.58%
   3  1_0_0     0.00%    passed     68.21%
   4  6_0_0     0.00%    passed     99.91%
   5  3_0_0     0.00%    passed     69.84%
   6  9_0_0     0.00%    passed     14.16%
   7  2_0_0     0.00%    passed     82.93%
   8  4_0_0     0.00%    passed     98.09%
   9  14_0_0    0.00%    passed     17.71%
  10  11_0_0    0.00%    passed     92.06%
  11  18_0_0    0.00%    passed     74.31%
  12  15_0_0    0.00%    passed     78.50%
  13  19_0_0    0.00%    passed     66.67%
  14  16_0_0    0.00%    passed     99.33%
  15  7_0_0     0.00%    passed     84.60%
  16  8_0_0     0.00%    passed     98.07%
  17  10_0_0    0.00%    passed     95.29%
  18  13_0_0    0.00%    passed     94.46%
  19  12_0_0    0.00%    passed     70.40%
  20  17_0_0    0.00%    passed     54.73%
  21  20_0_0    0.00%    passed     82.21%
****  TOTAL     0.00%  0 sequences failed composition chi2 test (p-value<5%; df=3)

Create initial parsimony tree by phylogenetic likelihood library (PLL)... 0.001 seconds

NOTE: 0 MB RAM (0 GB) is required!
Estimate model parameters (epsilon = 0.100)
1. Initial log-likelihood: -3490.228
2. Current log-likelihood: -3384.911
3. Current log-likelihood: -3366.855
4. Current log-likelihood: -3364.030
5. Current log-likelihood: -3363.176
6. Current log-likelihood: -3362.944
Optimal log-likelihood: -3362.833
Rate parameters:  A-C: 1.00000  A-G: 1.71453  A-T: 1.00000  C-G: 1.00000  C-T: 1.71453  G-T: 1.00000
Base frequencies:  A: 0.296  C: 0.206  G: 0.230  T: 0.268
Gamma shape alpha: 0.249
Parameters optimization took 6 rounds (0.059 sec)
Wrote distance file to... 
Computing ML distances based on estimated model parameters...
Calculating distance matrix: done in 0.00501978 secs using 99.33% CPU
Computing ML distances took 0.005084 sec (of wall-clock time) 0.005055 sec (of CPU time)
WARNING: Some pairwise ML distances are too long (saturated)
Setting up auxiliary I and S matrices: done in 8.7576e-05 secs using 99.34% CPU
Computing RapidNJ tree took 0.000298 sec (of wall-clock time) 0.000589 sec (of CPU time)
Log-likelihood of RapidNJ tree: -3350.343
--------------------------------------------------------------------
|             INITIALIZING CANDIDATE TREE SET                      |
--------------------------------------------------------------------
Generating 98 parsimony trees... 0.173 second
Computing log-likelihood of 98 initial trees ... 0.271 seconds
Current best score: -3350.343

Do NNI search on 20 best initial trees
Estimate model parameters (epsilon = 0.100)
BETTER TREE FOUND at iteration 1: -3339.153
Estimate model parameters (epsilon = 0.100)
BETTER TREE FOUND at iteration 2: -3338.756
UPDATE BEST LOG-LIKELIHOOD: -3338.755
Iteration 10 / LogL: -3345.390 / Time: 0h:0m:1s
Iteration 20 / LogL: -3341.690 / Time: 0h:0m:1s
Finish initializing candidate tree set (15)
Current best tree score: -3338.755 / CPU time: 1.527
Number of iterations: 20
--------------------------------------------------------------------
|               OPTIMIZING CANDIDATE TREE SET                      |
--------------------------------------------------------------------
Iteration 30 / LogL: -3338.755 / Time: 0h:0m:1s (0h:0m:4s left)
Iteration 40 / LogL: -3338.756 / Time: 0h:0m:2s (0h:0m:3s left)
Iteration 50 / LogL: -3339.129 / Time: 0h:0m:2s (0h:0m:2s left)
UPDATE BEST LOG-LIKELIHOOD: -3338.755
Iteration 60 / LogL: -3341.586 / Time: 0h:0m:2s (0h:0m:1s left)
Iteration 70 / LogL: -3339.129 / Time: 0h:0m:2s (0h:0m:1s left)
Iteration 80 / LogL: -3339.129 / Time: 0h:0m:3s (0h:0m:0s left)
Iteration 90 / LogL: -3338.755 / Time: 0h:0m:3s (0h:0m:0s left)
Iteration 100 / LogL: -3338.755 / Time: 0h:0m:3s (0h:0m:0s left)
TREE SEARCH COMPLETED AFTER 103 ITERATIONS / Time: 0h:0m:3s

--------------------------------------------------------------------
|                    FINALIZING TREE SEARCH                        |
--------------------------------------------------------------------
Performs final model parameters optimization
Estimate model parameters (epsilon = 0.010)
1. Initial log-likelihood: -3338.755
Optimal log-likelihood: -3338.753
Rate parameters:  A-C: 1.00000  A-G: 1.83861  A-T: 1.00000  C-G: 1.00000  C-T: 1.83861  G-T: 1.00000
Base frequencies:  A: 0.296  C: 0.206  G: 0.230  T: 0.268
Gamma shape alpha: 0.229
Parameters optimization took 1 rounds (0.002 sec)
BEST SCORE FOUND : -3338.753

Testing tree branches by aBayes parametric test...
0.004 sec.
Total tree length: 19.752

Total number of iterations: 103
CPU time used for tree search: 3.352 sec (0h:0m:3s)
Wall-clock time used for tree search: 3.491 sec (0h:0m:3s)
Total CPU time used: 3.447 sec (0h:0m:3s)
Total wall-clock time used: 3.590 sec (0h:0m:3s)

Analysis results written to: 
  IQ-TREE report:                /home/mis/CSE6406-project/work/paper_subset_50x10_L200/ils_high/replicate_02/estimated_gene_trees/L200/hky_g4/locus_0025.iqtree
  Maximum-likelihood tree:       /home/mis/CSE6406-project/work/paper_subset_50x10_L200/ils_high/replicate_02/estimated_gene_trees/L200/hky_g4/locus_0025.treefile
  Likelihood distances:          /home/mis/CSE6406-project/work/paper_subset_50x10_L200/ils_high/replicate_02/estimated_gene_trees/L200/hky_g4/locus_0025.mldist
  Screen log file:               /home/mis/CSE6406-project/work/paper_subset_50x10_L200/ils_high/replicate_02/estimated_gene_trees/L200/hky_g4/locus_0025.log

Date and Time: Sat Sep 12 21:40:13 2026
