IQ-TREE multicore version 2.4.0 for MacOS ARM 64-bit built Feb 12 2025
Developed by Bui Quang Minh, Nguyen Lam Tung, Olga Chernomor, Heiko Schmidt,
Dominik Schrempf, Michael Woodhams, Ly Trong Nhan, Thomas Wong

Host:    Fahims-MacBook-Air.local (SSE4.2, 16 GB RAM)
Command: /Users/fahim/miniconda3/envs/cse6406/bin/iqtree2 -s /Users/fahim/CSE6406-project/work/paper_subset_50x10_L1600/ils_low/replicate_08/alignments/L1600/locus_0044.phy -m JC --abayes -T AUTO --seed 7206045 --prefix /Users/fahim/CSE6406-project/work/paper_subset_50x10_L1600/ils_low/replicate_08/estimated_gene_trees/L1600/jc/locus_0044 --redo --quiet
Seed:    7206045 (Using SPRNG - Scalable Parallel Random Number Generator)
Time:    Fri Sep 11 18:34:03 2026
Kernel:  SSE2 - auto-detect threads (10 CPU cores detected)

Reading alignment file /Users/fahim/CSE6406-project/work/paper_subset_50x10_L1600/ils_low/replicate_08/alignments/L1600/locus_0044.phy ... Phylip format detected
Alignment most likely contains DNA/RNA sequences
Alignment has 21 sequences with 1600 columns, 775 distinct patterns
654 parsimony-informative, 163 singleton sites, 783 constant sites
        Gap/Ambiguity  Composition  p-value
Analyzing sequences: done in 4.00543e-05 secs using 132.3% CPU
   1  0_0_0     0.00%    passed     79.34%
   2  1_0_0     0.00%    passed     83.78%
   3  9_0_0     0.00%    passed     98.42%
   4  5_0_0     0.00%    passed     92.75%
   5  13_0_0    0.00%    passed     98.23%
   6  11_0_0    0.00%    passed     99.27%
   7  10_0_0    0.00%    passed     97.70%
   8  14_0_0    0.00%    passed     85.80%
   9  4_0_0     0.00%    passed     99.99%
  10  6_0_0     0.00%    passed     76.19%
  11  3_0_0     0.00%    passed     99.21%
  12  7_0_0     0.00%    passed     78.92%
  13  8_0_0     0.00%    passed     93.92%
  14  18_0_0    0.00%    passed     98.82%
  15  17_0_0    0.00%    passed     92.79%
  16  2_0_0     0.00%    passed     91.78%
  17  19_0_0    0.00%    passed     80.52%
  18  20_0_0    0.00%    passed     97.95%
  19  15_0_0    0.00%    passed     54.54%
  20  16_0_0    0.00%    passed     78.17%
  21  12_0_0    0.00%    passed     64.78%
****  TOTAL     0.00%  0 sequences failed composition chi2 test (p-value<5%; df=3)

Create initial parsimony tree by phylogenetic likelihood library (PLL)... 0.001 seconds

NOTE: 0 MB RAM (0 GB) is required!
Measuring multi-threading efficiency up to 10 CPU cores
Increase to 10 rounds for branch lengths
3185 trees examined
Threads: 1 / Time: 10.002 sec / Speedup: 1.000 / Efficiency: 100% / LogL: -24244
Threads: 2 / Time: 21.230 sec / Speedup: 0.471 / Efficiency: 24% / LogL: -24244
BEST NUMBER OF THREADS: 1

Estimate model parameters (epsilon = 0.100)
1. Initial log-likelihood: -20966.678
Optimal log-likelihood: -20916.176
Rate parameters:  A-C: 1.00000  A-G: 1.00000  A-T: 1.00000  C-G: 1.00000  C-T: 1.00000  G-T: 1.00000
Base frequencies:  A: 0.250  C: 0.250  G: 0.250  T: 0.250
Parameters optimization took 1 rounds (0.001 sec)
Wrote distance file to... 
Computing ML distances based on estimated model parameters...
Calculating distance matrix: done in 0.00049305 secs using 97.15% CPU
Computing ML distances took 0.000543 sec (of wall-clock time) 0.000516 sec (of CPU time)
Setting up auxiliary I and S matrices: done in 1.88351e-05 secs using 58.4% CPU
Computing RapidNJ tree took 0.000071 sec (of wall-clock time) 0.000073 sec (of CPU time)
Log-likelihood of RapidNJ tree: -20971.635
--------------------------------------------------------------------
|             INITIALIZING CANDIDATE TREE SET                      |
--------------------------------------------------------------------
Generating 98 parsimony trees... 0.077 second
Computing log-likelihood of 98 initial trees ... 0.060 seconds
Current best score: -20916.176

Do NNI search on 20 best initial trees
Estimate model parameters (epsilon = 0.100)
BETTER TREE FOUND at iteration 1: -20914.034
Iteration 10 / LogL: -20914.082 / Time: 0h:0m:31s
Iteration 20 / LogL: -20914.094 / Time: 0h:0m:31s
Finish initializing candidate tree set (2)
Current best tree score: -20914.034 / CPU time: 0.263
Number of iterations: 20
--------------------------------------------------------------------
|               OPTIMIZING CANDIDATE TREE SET                      |
--------------------------------------------------------------------
Iteration 30 / LogL: -20937.464 / Time: 0h:0m:31s (0h:1m:17s left)
Iteration 40 / LogL: -20914.047 / Time: 0h:0m:31s (0h:0m:49s left)
Iteration 50 / LogL: -20914.052 / Time: 0h:0m:31s (0h:0m:33s left)
Iteration 60 / LogL: -20914.047 / Time: 0h:0m:31s (0h:0m:22s left)
Iteration 70 / LogL: -20914.048 / Time: 0h:0m:31s (0h:0m:14s left)
Iteration 80 / LogL: -20914.056 / Time: 0h:0m:32s (0h:0m:8s left)
Iteration 90 / LogL: -20914.050 / Time: 0h:0m:32s (0h:0m:3s left)
Iteration 100 / LogL: -20914.042 / Time: 0h:0m:32s (0h:0m:0s left)
TREE SEARCH COMPLETED AFTER 102 ITERATIONS / Time: 0h:0m:32s

--------------------------------------------------------------------
|                    FINALIZING TREE SEARCH                        |
--------------------------------------------------------------------
Performs final model parameters optimization
Estimate model parameters (epsilon = 0.010)
1. Initial log-likelihood: -20914.034
Optimal log-likelihood: -20914.034
Rate parameters:  A-C: 1.00000  A-G: 1.00000  A-T: 1.00000  C-G: 1.00000  C-T: 1.00000  G-T: 1.00000
Base frequencies:  A: 0.250  C: 0.250  G: 0.250  T: 0.250
Parameters optimization took 1 rounds (0.001 sec)
BEST SCORE FOUND : -20914.034

Testing tree branches by aBayes parametric test...
0.002 sec.
Total tree length: 3.006

Total number of iterations: 102
CPU time used for tree search: 0.974 sec (0h:0m:0s)
Wall-clock time used for tree search: 0.976 sec (0h:0m:0s)
Total CPU time used: 27.829 sec (0h:0m:27s)
Total wall-clock time used: 32.221 sec (0h:0m:32s)

Analysis results written to: 
  IQ-TREE report:                /Users/fahim/CSE6406-project/work/paper_subset_50x10_L1600/ils_low/replicate_08/estimated_gene_trees/L1600/jc/locus_0044.iqtree
  Maximum-likelihood tree:       /Users/fahim/CSE6406-project/work/paper_subset_50x10_L1600/ils_low/replicate_08/estimated_gene_trees/L1600/jc/locus_0044.treefile
  Likelihood distances:          /Users/fahim/CSE6406-project/work/paper_subset_50x10_L1600/ils_low/replicate_08/estimated_gene_trees/L1600/jc/locus_0044.mldist
  Screen log file:               /Users/fahim/CSE6406-project/work/paper_subset_50x10_L1600/ils_low/replicate_08/estimated_gene_trees/L1600/jc/locus_0044.log

Date and Time: Fri Sep 11 18:34:35 2026
