IQ-TREE multicore version 2.4.0 for MacOS ARM 64-bit built Feb 12 2025
Developed by Bui Quang Minh, Nguyen Lam Tung, Olga Chernomor, Heiko Schmidt,
Dominik Schrempf, Michael Woodhams, Ly Trong Nhan, Thomas Wong

Host:    Fahims-MacBook-Air.local (SSE4.2, 16 GB RAM)
Command: /Users/fahim/miniconda3/envs/cse6406/bin/iqtree2 -s /Users/fahim/CSE6406-project/work/paper_subset_50x10_L1600/ils_low/replicate_08/alignments/L1600/locus_0028.phy -m JC --abayes -T AUTO --seed 7206029 --prefix /Users/fahim/CSE6406-project/work/paper_subset_50x10_L1600/ils_low/replicate_08/estimated_gene_trees/L1600/jc/locus_0028 --redo --quiet
Seed:    7206029 (Using SPRNG - Scalable Parallel Random Number Generator)
Time:    Fri Sep 11 18:25:31 2026
Kernel:  SSE2 - auto-detect threads (10 CPU cores detected)

Reading alignment file /Users/fahim/CSE6406-project/work/paper_subset_50x10_L1600/ils_low/replicate_08/alignments/L1600/locus_0028.phy ... Phylip format detected
Alignment most likely contains DNA/RNA sequences
Alignment has 21 sequences with 1600 columns, 813 distinct patterns
708 parsimony-informative, 179 singleton sites, 713 constant sites
        Gap/Ambiguity  Composition  p-value
Analyzing sequences: done in 4.41074e-05 secs using 120.2% CPU
   1  0_0_0     0.00%    passed     46.74%
   2  1_0_0     0.00%    passed     98.38%
   3  6_0_0     0.00%    passed     68.35%
   4  4_0_0     0.00%    passed     74.81%
   5  14_0_0    0.00%    passed     85.64%
   6  10_0_0    0.00%    passed     98.93%
   7  9_0_0     0.00%    passed     91.52%
   8  11_0_0    0.00%    passed     74.44%
   9  13_0_0    0.00%    passed     72.15%
  10  5_0_0     0.00%    passed     66.69%
  11  7_0_0     0.00%    passed     88.21%
  12  3_0_0     0.00%    passed     91.48%
  13  8_0_0     0.00%    passed     95.96%
  14  19_0_0    0.00%    passed     97.83%
  15  17_0_0    0.00%    passed     96.91%
  16  2_0_0     0.00%    passed     92.02%
  17  18_0_0    0.00%    passed     94.23%
  18  20_0_0    0.00%    passed     88.82%
  19  15_0_0    0.00%    passed     91.36%
  20  12_0_0    0.00%    passed     71.11%
  21  16_0_0    0.00%    passed     85.36%
****  TOTAL     0.00%  0 sequences failed composition chi2 test (p-value<5%; df=3)

Create initial parsimony tree by phylogenetic likelihood library (PLL)... 0.001 seconds

NOTE: 0 MB RAM (0 GB) is required!
Measuring multi-threading efficiency up to 10 CPU cores
Increase to 10 rounds for branch lengths
2353 trees examined
Threads: 1 / Time: 10.000 sec / Speedup: 1.000 / Efficiency: 100% / LogL: -25070
Threads: 2 / Time: 20.404 sec / Speedup: 0.490 / Efficiency: 25% / LogL: -25070
BEST NUMBER OF THREADS: 1

Estimate model parameters (epsilon = 0.100)
1. Initial log-likelihood: -21129.833
Optimal log-likelihood: -21076.380
Rate parameters:  A-C: 1.00000  A-G: 1.00000  A-T: 1.00000  C-G: 1.00000  C-T: 1.00000  G-T: 1.00000
Base frequencies:  A: 0.250  C: 0.250  G: 0.250  T: 0.250
Parameters optimization took 1 rounds (0.002 sec)
Wrote distance file to... 
Computing ML distances based on estimated model parameters...
Calculating distance matrix: done in 0.00050807 secs using 98.41% CPU
Computing ML distances took 0.000559 sec (of wall-clock time) 0.000538 sec (of CPU time)
Setting up auxiliary I and S matrices: done in 1.90735e-05 secs using 68.16% CPU
Computing RapidNJ tree took 0.000071 sec (of wall-clock time) 0.000070 sec (of CPU time)
Log-likelihood of RapidNJ tree: -21115.918
--------------------------------------------------------------------
|             INITIALIZING CANDIDATE TREE SET                      |
--------------------------------------------------------------------
Generating 98 parsimony trees... 0.085 second
Computing log-likelihood of 98 initial trees ... 0.067 seconds
Current best score: -21076.380

Do NNI search on 20 best initial trees
Estimate model parameters (epsilon = 0.100)
BETTER TREE FOUND at iteration 1: -21076.379
Iteration 10 / LogL: -21076.453 / Time: 0h:0m:30s
Iteration 20 / LogL: -21076.418 / Time: 0h:0m:30s
Finish initializing candidate tree set (4)
Current best tree score: -21076.379 / CPU time: 0.289
Number of iterations: 20
--------------------------------------------------------------------
|               OPTIMIZING CANDIDATE TREE SET                      |
--------------------------------------------------------------------
Iteration 30 / LogL: -21076.395 / Time: 0h:0m:30s (0h:1m:15s left)
Iteration 40 / LogL: -21093.941 / Time: 0h:0m:30s (0h:0m:48s left)
Iteration 50 / LogL: -21076.658 / Time: 0h:0m:30s (0h:0m:32s left)
Iteration 60 / LogL: -21093.826 / Time: 0h:0m:31s (0h:0m:21s left)
Iteration 70 / LogL: -21076.400 / Time: 0h:0m:31s (0h:0m:13s left)
Iteration 80 / LogL: -21090.381 / Time: 0h:0m:31s (0h:0m:8s left)
Iteration 90 / LogL: -21087.891 / Time: 0h:0m:31s (0h:0m:3s left)
Iteration 100 / LogL: -21090.389 / Time: 0h:0m:31s (0h:0m:0s left)
TREE SEARCH COMPLETED AFTER 102 ITERATIONS / Time: 0h:0m:31s

--------------------------------------------------------------------
|                    FINALIZING TREE SEARCH                        |
--------------------------------------------------------------------
Performs final model parameters optimization
Estimate model parameters (epsilon = 0.010)
1. Initial log-likelihood: -21076.379
Optimal log-likelihood: -21076.379
Rate parameters:  A-C: 1.00000  A-G: 1.00000  A-T: 1.00000  C-G: 1.00000  C-T: 1.00000  G-T: 1.00000
Base frequencies:  A: 0.250  C: 0.250  G: 0.250  T: 0.250
Parameters optimization took 1 rounds (0.001 sec)
BEST SCORE FOUND : -21076.379

Testing tree branches by aBayes parametric test...
0.002 sec.
Total tree length: 3.142

Total number of iterations: 102
CPU time used for tree search: 1.008 sec (0h:0m:1s)
Wall-clock time used for tree search: 1.010 sec (0h:0m:1s)
Total CPU time used: 27.093 sec (0h:0m:27s)
Total wall-clock time used: 31.427 sec (0h:0m:31s)

Analysis results written to: 
  IQ-TREE report:                /Users/fahim/CSE6406-project/work/paper_subset_50x10_L1600/ils_low/replicate_08/estimated_gene_trees/L1600/jc/locus_0028.iqtree
  Maximum-likelihood tree:       /Users/fahim/CSE6406-project/work/paper_subset_50x10_L1600/ils_low/replicate_08/estimated_gene_trees/L1600/jc/locus_0028.treefile
  Likelihood distances:          /Users/fahim/CSE6406-project/work/paper_subset_50x10_L1600/ils_low/replicate_08/estimated_gene_trees/L1600/jc/locus_0028.mldist
  Screen log file:               /Users/fahim/CSE6406-project/work/paper_subset_50x10_L1600/ils_low/replicate_08/estimated_gene_trees/L1600/jc/locus_0028.log

Date and Time: Fri Sep 11 18:26:03 2026
