IQ-TREE multicore version 2.4.0 for MacOS ARM 64-bit built Feb 12 2025
Developed by Bui Quang Minh, Nguyen Lam Tung, Olga Chernomor, Heiko Schmidt,
Dominik Schrempf, Michael Woodhams, Ly Trong Nhan, Thomas Wong

Host:    Fahims-MacBook-Air.local (SSE4.2, 16 GB RAM)
Command: /Users/fahim/miniconda3/envs/cse6406/bin/iqtree2 -s /Users/fahim/CSE6406-project/work/paper_subset_50x10_L1600/ils_high/replicate_06/alignments/L1600/locus_0050.phy -m GTR+G4 --abayes -T AUTO --seed 7006051 --prefix /Users/fahim/CSE6406-project/work/paper_subset_50x10_L1600/ils_high/replicate_06/estimated_gene_trees/L1600/gtr_g4/locus_0050 --redo --quiet
Seed:    7006051 (Using SPRNG - Scalable Parallel Random Number Generator)
Time:    Sat Sep 12 11:42:40 2026
Kernel:  SSE2 - auto-detect threads (10 CPU cores detected)

Reading alignment file /Users/fahim/CSE6406-project/work/paper_subset_50x10_L1600/ils_high/replicate_06/alignments/L1600/locus_0050.phy ... Phylip format detected
Alignment most likely contains DNA/RNA sequences
Alignment has 21 sequences with 1600 columns, 645 distinct patterns
529 parsimony-informative, 172 singleton sites, 899 constant sites
        Gap/Ambiguity  Composition  p-value
Analyzing sequences: done in 3.88622e-05 secs using 118.4% CPU
   1  0_0_0     0.00%    passed     85.07%
   2  19_0_0    0.00%    passed     55.30%
   3  15_0_0    0.00%    passed     80.45%
   4  16_0_0    0.00%    passed     92.40%
   5  10_0_0    0.00%    passed     95.04%
   6  20_0_0    0.00%    passed     78.03%
   7  5_0_0     0.00%    passed     81.92%
   8  2_0_0     0.00%    passed     74.02%
   9  3_0_0     0.00%    passed     99.62%
  10  9_0_0     0.00%    passed     92.95%
  11  4_0_0     0.00%    passed     72.77%
  12  1_0_0     0.00%    passed     83.76%
  13  8_0_0     0.00%    passed     87.32%
  14  6_0_0     0.00%    passed     88.96%
  15  7_0_0     0.00%    passed     88.10%
  16  14_0_0    0.00%    passed     98.32%
  17  11_0_0    0.00%    passed     78.91%
  18  12_0_0    0.00%    passed     81.25%
  19  13_0_0    0.00%    passed     59.73%
  20  17_0_0    0.00%    passed     82.11%
  21  18_0_0    0.00%    passed     93.55%
****  TOTAL     0.00%  0 sequences failed composition chi2 test (p-value<5%; df=3)

Create initial parsimony tree by phylogenetic likelihood library (PLL)... 0.000 seconds

NOTE: 1 MB RAM (0 GB) is required!
Measuring multi-threading efficiency up to 10 CPU cores
Increase to 10 rounds for branch lengths
1230 trees examined
Threads: 1 / Time: 10.006 sec / Speedup: 1.000 / Efficiency: 100% / LogL: -16371
Threads: 2 / Time: 13.854 sec / Speedup: 0.722 / Efficiency: 36% / LogL: -16371
BEST NUMBER OF THREADS: 1

Estimate model parameters (epsilon = 0.100)
1. Initial log-likelihood: -14502.618
2. Current log-likelihood: -13878.339
3. Current log-likelihood: -13856.468
Optimal log-likelihood: -13856.373
Rate parameters:  A-C: 1.07051  A-G: 2.17990  A-T: 1.06429  C-G: 0.94713  C-T: 2.00706  G-T: 1.00000
Base frequencies:  A: 0.290  C: 0.205  G: 0.199  T: 0.306
Gamma shape alpha: 0.205
Parameters optimization took 3 rounds (0.052 sec)
Wrote distance file to... 
Computing ML distances based on estimated model parameters...
Calculating distance matrix: done in 0.000796795 secs using 99.4% CPU
Computing ML distances took 0.000833 sec (of wall-clock time) 0.000820 sec (of CPU time)
Setting up auxiliary I and S matrices: done in 1.50204e-05 secs using 73.23% CPU
Computing RapidNJ tree took 0.000058 sec (of wall-clock time) 0.000058 sec (of CPU time)
Log-likelihood of RapidNJ tree: -13877.084
--------------------------------------------------------------------
|             INITIALIZING CANDIDATE TREE SET                      |
--------------------------------------------------------------------
Generating 98 parsimony trees... 0.068 second
Computing log-likelihood of 98 initial trees ... 0.150 seconds
Current best score: -13856.373

Do NNI search on 20 best initial trees
Estimate model parameters (epsilon = 0.100)
BETTER TREE FOUND at iteration 1: -13853.062
Iteration 10 / LogL: -13853.063 / Time: 0h:0m:24s
Iteration 20 / LogL: -13853.086 / Time: 0h:0m:24s
Finish initializing candidate tree set (1)
Current best tree score: -13853.062 / CPU time: 0.647
Number of iterations: 20
--------------------------------------------------------------------
|               OPTIMIZING CANDIDATE TREE SET                      |
--------------------------------------------------------------------
Iteration 30 / LogL: -13853.085 / Time: 0h:0m:24s (0h:1m:0s left)
Iteration 40 / LogL: -13853.095 / Time: 0h:0m:25s (0h:0m:39s left)
Iteration 50 / LogL: -13853.062 / Time: 0h:0m:25s (0h:0m:26s left)
Iteration 60 / LogL: -13853.083 / Time: 0h:0m:25s (0h:0m:17s left)
Iteration 70 / LogL: -13879.481 / Time: 0h:0m:25s (0h:0m:11s left)
Iteration 80 / LogL: -13853.140 / Time: 0h:0m:26s (0h:0m:6s left)
Iteration 90 / LogL: -13853.063 / Time: 0h:0m:26s (0h:0m:3s left)
Iteration 100 / LogL: -13853.086 / Time: 0h:0m:26s (0h:0m:0s left)
TREE SEARCH COMPLETED AFTER 102 ITERATIONS / Time: 0h:0m:26s

--------------------------------------------------------------------
|                    FINALIZING TREE SEARCH                        |
--------------------------------------------------------------------
Performs final model parameters optimization
Estimate model parameters (epsilon = 0.010)
1. Initial log-likelihood: -13853.062
Optimal log-likelihood: -13853.060
Rate parameters:  A-C: 1.07440  A-G: 2.17979  A-T: 1.06621  C-G: 0.95275  C-T: 2.01364  G-T: 1.00000
Base frequencies:  A: 0.290  C: 0.205  G: 0.199  T: 0.306
Gamma shape alpha: 0.204
Parameters optimization took 1 rounds (0.006 sec)
BEST SCORE FOUND : -13853.060

Testing tree branches by aBayes parametric test...
0.005 sec.
Total tree length: 2.253

Total number of iterations: 102
CPU time used for tree search: 2.744 sec (0h:0m:2s)
Wall-clock time used for tree search: 2.755 sec (0h:0m:2s)
Total CPU time used: 26.863 sec (0h:0m:26s)
Total wall-clock time used: 26.689 sec (0h:0m:26s)

Analysis results written to: 
  IQ-TREE report:                /Users/fahim/CSE6406-project/work/paper_subset_50x10_L1600/ils_high/replicate_06/estimated_gene_trees/L1600/gtr_g4/locus_0050.iqtree
  Maximum-likelihood tree:       /Users/fahim/CSE6406-project/work/paper_subset_50x10_L1600/ils_high/replicate_06/estimated_gene_trees/L1600/gtr_g4/locus_0050.treefile
  Likelihood distances:          /Users/fahim/CSE6406-project/work/paper_subset_50x10_L1600/ils_high/replicate_06/estimated_gene_trees/L1600/gtr_g4/locus_0050.mldist
  Screen log file:               /Users/fahim/CSE6406-project/work/paper_subset_50x10_L1600/ils_high/replicate_06/estimated_gene_trees/L1600/gtr_g4/locus_0050.log

Date and Time: Sat Sep 12 11:43:07 2026
