IQ-TREE multicore version 2.4.0 for MacOS ARM 64-bit built Feb 12 2025
Developed by Bui Quang Minh, Nguyen Lam Tung, Olga Chernomor, Heiko Schmidt,
Dominik Schrempf, Michael Woodhams, Ly Trong Nhan, Thomas Wong

Host:    Fahims-MacBook-Air.local (SSE4.2, 16 GB RAM)
Command: /Users/fahim/miniconda3/envs/cse6406/bin/iqtree2 -s /Users/fahim/CSE6406-project/work/paper_subset_50x10_L1600/ils_high/replicate_06/alignments/L1600/locus_0046.phy -m GTR+G4 --abayes -T AUTO --seed 7006047 --prefix /Users/fahim/CSE6406-project/work/paper_subset_50x10_L1600/ils_high/replicate_06/estimated_gene_trees/L1600/gtr_g4/locus_0046 --redo --quiet
Seed:    7006047 (Using SPRNG - Scalable Parallel Random Number Generator)
Time:    Sat Sep 12 11:40:52 2026
Kernel:  SSE2 - auto-detect threads (10 CPU cores detected)

Reading alignment file /Users/fahim/CSE6406-project/work/paper_subset_50x10_L1600/ils_high/replicate_06/alignments/L1600/locus_0046.phy ... Phylip format detected
Alignment most likely contains DNA/RNA sequences
Alignment has 21 sequences with 1600 columns, 631 distinct patterns
539 parsimony-informative, 143 singleton sites, 918 constant sites
        Gap/Ambiguity  Composition  p-value
Analyzing sequences: done in 4.00543e-05 secs using 94.87% CPU
   1  0_0_0     0.00%    passed     70.39%
   2  9_0_0     0.00%    passed     96.13%
   3  7_0_0     0.00%    passed     59.94%
   4  4_0_0     0.00%    passed     80.60%
   5  1_0_0     0.00%    passed     60.06%
   6  12_0_0    0.00%    passed     92.90%
   7  17_0_0    0.00%    passed     97.75%
   8  13_0_0    0.00%    passed     79.24%
   9  15_0_0    0.00%    passed     44.19%
  10  20_0_0    0.00%    passed     50.42%
  11  18_0_0    0.00%    passed     76.70%
  12  19_0_0    0.00%    passed     84.89%
  13  16_0_0    0.00%    passed     65.85%
  14  10_0_0    0.00%    passed     47.68%
  15  11_0_0    0.00%    passed     90.72%
  16  14_0_0    0.00%    passed     91.79%
  17  5_0_0     0.00%    passed     99.37%
  18  3_0_0     0.00%    passed     83.65%
  19  2_0_0     0.00%    passed     68.75%
  20  6_0_0     0.00%    passed     77.09%
  21  8_0_0     0.00%    passed     59.70%
****  TOTAL     0.00%  0 sequences failed composition chi2 test (p-value<5%; df=3)

Create initial parsimony tree by phylogenetic likelihood library (PLL)... 0.000 seconds

NOTE: 1 MB RAM (0 GB) is required!
Measuring multi-threading efficiency up to 10 CPU cores
Increase to 10 rounds for branch lengths
1133 trees examined
Threads: 1 / Time: 10.004 sec / Speedup: 1.000 / Efficiency: 100% / LogL: -16471
Threads: 2 / Time: 13.702 sec / Speedup: 0.730 / Efficiency: 37% / LogL: -16471
BEST NUMBER OF THREADS: 1

Estimate model parameters (epsilon = 0.100)
1. Initial log-likelihood: -13957.121
2. Current log-likelihood: -13350.900
3. Current log-likelihood: -13330.365
4. Current log-likelihood: -13330.180
Optimal log-likelihood: -13330.177
Rate parameters:  A-C: 1.28097  A-G: 2.19422  A-T: 1.13494  C-G: 1.17857  C-T: 2.33745  G-T: 1.00000
Base frequencies:  A: 0.294  C: 0.187  G: 0.201  T: 0.318
Gamma shape alpha: 0.202
Parameters optimization took 4 rounds (0.058 sec)
Wrote distance file to... 
Computing ML distances based on estimated model parameters...
Calculating distance matrix: done in 0.000841141 secs using 99.03% CPU
Computing ML distances took 0.000882 sec (of wall-clock time) 0.000861 sec (of CPU time)
Setting up auxiliary I and S matrices: done in 1.69277e-05 secs using 70.89% CPU
Computing RapidNJ tree took 0.000062 sec (of wall-clock time) 0.000061 sec (of CPU time)
Log-likelihood of RapidNJ tree: -13330.512
--------------------------------------------------------------------
|             INITIALIZING CANDIDATE TREE SET                      |
--------------------------------------------------------------------
Generating 98 parsimony trees... 0.070 second
Computing log-likelihood of 98 initial trees ... 0.144 seconds
Current best score: -13330.177

Do NNI search on 20 best initial trees
Estimate model parameters (epsilon = 0.100)
BETTER TREE FOUND at iteration 1: -13325.346
Estimate model parameters (epsilon = 0.100)
BETTER TREE FOUND at iteration 2: -13325.178
Iteration 10 / LogL: -13326.069 / Time: 0h:0m:24s
Iteration 20 / LogL: -13325.415 / Time: 0h:0m:24s
Finish initializing candidate tree set (3)
Current best tree score: -13325.178 / CPU time: 0.632
Number of iterations: 20
--------------------------------------------------------------------
|               OPTIMIZING CANDIDATE TREE SET                      |
--------------------------------------------------------------------
Iteration 30 / LogL: -13325.859 / Time: 0h:0m:24s (0h:1m:1s left)
Iteration 40 / LogL: -13325.188 / Time: 0h:0m:24s (0h:0m:39s left)
Iteration 50 / LogL: -13338.193 / Time: 0h:0m:25s (0h:0m:26s left)
Iteration 60 / LogL: -13325.216 / Time: 0h:0m:25s (0h:0m:18s left)
Iteration 70 / LogL: -13336.462 / Time: 0h:0m:25s (0h:0m:11s left)
Iteration 80 / LogL: -13336.272 / Time: 0h:0m:26s (0h:0m:7s left)
Iteration 90 / LogL: -13325.397 / Time: 0h:0m:26s (0h:0m:3s left)
Iteration 100 / LogL: -13336.272 / Time: 0h:0m:26s (0h:0m:0s left)
TREE SEARCH COMPLETED AFTER 103 ITERATIONS / Time: 0h:0m:26s

--------------------------------------------------------------------
|                    FINALIZING TREE SEARCH                        |
--------------------------------------------------------------------
Performs final model parameters optimization
Estimate model parameters (epsilon = 0.010)
1. Initial log-likelihood: -13325.178
Optimal log-likelihood: -13325.177
Rate parameters:  A-C: 1.26415  A-G: 2.18679  A-T: 1.11857  C-G: 1.16841  C-T: 2.33274  G-T: 1.00000
Base frequencies:  A: 0.294  C: 0.187  G: 0.201  T: 0.318
Gamma shape alpha: 0.202
Parameters optimization took 1 rounds (0.006 sec)
BEST SCORE FOUND : -13325.177

Testing tree branches by aBayes parametric test...
0.005 sec.
Total tree length: 2.130

Total number of iterations: 103
CPU time used for tree search: 2.874 sec (0h:0m:2s)
Wall-clock time used for tree search: 2.880 sec (0h:0m:2s)
Total CPU time used: 26.934 sec (0h:0m:26s)
Total wall-clock time used: 26.666 sec (0h:0m:26s)

Analysis results written to: 
  IQ-TREE report:                /Users/fahim/CSE6406-project/work/paper_subset_50x10_L1600/ils_high/replicate_06/estimated_gene_trees/L1600/gtr_g4/locus_0046.iqtree
  Maximum-likelihood tree:       /Users/fahim/CSE6406-project/work/paper_subset_50x10_L1600/ils_high/replicate_06/estimated_gene_trees/L1600/gtr_g4/locus_0046.treefile
  Likelihood distances:          /Users/fahim/CSE6406-project/work/paper_subset_50x10_L1600/ils_high/replicate_06/estimated_gene_trees/L1600/gtr_g4/locus_0046.mldist
  Screen log file:               /Users/fahim/CSE6406-project/work/paper_subset_50x10_L1600/ils_high/replicate_06/estimated_gene_trees/L1600/gtr_g4/locus_0046.log

Date and Time: Sat Sep 12 11:41:19 2026
