IQ-TREE multicore version 2.4.0 for MacOS ARM 64-bit built Feb 12 2025
Developed by Bui Quang Minh, Nguyen Lam Tung, Olga Chernomor, Heiko Schmidt,
Dominik Schrempf, Michael Woodhams, Ly Trong Nhan, Thomas Wong

Host:    Fahims-MacBook-Air.local (SSE4.2, 16 GB RAM)
Command: /Users/fahim/miniconda3/envs/cse6406/bin/iqtree2 -s /Users/fahim/CSE6406-project/work/paper_subset_50x10_L1600/ils_high/replicate_06/alignments/L1600/locus_0024.phy -m GTR+G4 --abayes -T AUTO --seed 7006025 --prefix /Users/fahim/CSE6406-project/work/paper_subset_50x10_L1600/ils_high/replicate_06/estimated_gene_trees/L1600/gtr_g4/locus_0024 --redo --quiet
Seed:    7006025 (Using SPRNG - Scalable Parallel Random Number Generator)
Time:    Sat Sep 12 11:30:58 2026
Kernel:  SSE2 - auto-detect threads (10 CPU cores detected)

Reading alignment file /Users/fahim/CSE6406-project/work/paper_subset_50x10_L1600/ils_high/replicate_06/alignments/L1600/locus_0024.phy ... Phylip format detected
Alignment most likely contains DNA/RNA sequences
Alignment has 21 sequences with 1600 columns, 600 distinct patterns
481 parsimony-informative, 174 singleton sites, 944 constant sites
        Gap/Ambiguity  Composition  p-value
Analyzing sequences: done in 4.50611e-05 secs using 88.77% CPU
   1  0_0_0     0.00%    passed     57.98%
   2  3_0_0     0.00%    passed     65.72%
   3  2_0_0     0.00%    passed     65.90%
   4  12_0_0    0.00%    passed     99.48%
   5  11_0_0    0.00%    passed     96.52%
   6  14_0_0    0.00%    passed     93.85%
   7  5_0_0     0.00%    passed     80.93%
   8  1_0_0     0.00%    passed     97.56%
   9  7_0_0     0.00%    passed     73.71%
  10  6_0_0     0.00%    passed     93.02%
  11  8_0_0     0.00%    passed     91.34%
  12  4_0_0     0.00%    passed     83.35%
  13  19_0_0    0.00%    passed     98.63%
  14  20_0_0    0.00%    passed     62.43%
  15  10_0_0    0.00%    passed     90.17%
  16  16_0_0    0.00%    passed     94.07%
  17  18_0_0    0.00%    passed     99.96%
  18  15_0_0    0.00%    passed     86.17%
  19  13_0_0    0.00%    passed     89.25%
  20  17_0_0    0.00%    passed     98.16%
  21  9_0_0     0.00%    passed     82.61%
****  TOTAL     0.00%  0 sequences failed composition chi2 test (p-value<5%; df=3)

Create initial parsimony tree by phylogenetic likelihood library (PLL)... 0.000 seconds

NOTE: 1 MB RAM (0 GB) is required!
Measuring multi-threading efficiency up to 10 CPU cores
Increase to 10 rounds for branch lengths
1339 trees examined
Threads: 1 / Time: 10.001 sec / Speedup: 1.000 / Efficiency: 100% / LogL: -15619
Threads: 2 / Time: 14.555 sec / Speedup: 0.687 / Efficiency: 34% / LogL: -15619
BEST NUMBER OF THREADS: 1

Estimate model parameters (epsilon = 0.100)
1. Initial log-likelihood: -13867.641
2. Current log-likelihood: -13181.405
3. Current log-likelihood: -13162.238
Optimal log-likelihood: -13162.142
Rate parameters:  A-C: 0.89912  A-G: 1.93755  A-T: 0.99715  C-G: 1.10613  C-T: 2.02382  G-T: 1.00000
Base frequencies:  A: 0.301  C: 0.199  G: 0.199  T: 0.301
Gamma shape alpha: 0.190
Parameters optimization took 3 rounds (0.047 sec)
Wrote distance file to... 
Computing ML distances based on estimated model parameters...
Calculating distance matrix: done in 0.000709057 secs using 98.86% CPU
Computing ML distances took 0.000740 sec (of wall-clock time) 0.000726 sec (of CPU time)
Setting up auxiliary I and S matrices: done in 1.50204e-05 secs using 73.23% CPU
Computing RapidNJ tree took 0.000060 sec (of wall-clock time) 0.000063 sec (of CPU time)
Log-likelihood of RapidNJ tree: -13190.942
--------------------------------------------------------------------
|             INITIALIZING CANDIDATE TREE SET                      |
--------------------------------------------------------------------
Generating 98 parsimony trees... 0.063 second
Computing log-likelihood of 98 initial trees ... 0.136 seconds
Current best score: -13162.142

Do NNI search on 20 best initial trees
Estimate model parameters (epsilon = 0.100)
BETTER TREE FOUND at iteration 1: -13162.114
Iteration 10 / LogL: -13162.245 / Time: 0h:0m:24s
Iteration 20 / LogL: -13162.129 / Time: 0h:0m:25s
Finish initializing candidate tree set (2)
Current best tree score: -13162.114 / CPU time: 0.520
Number of iterations: 20
--------------------------------------------------------------------
|               OPTIMIZING CANDIDATE TREE SET                      |
--------------------------------------------------------------------
Iteration 30 / LogL: -13162.128 / Time: 0h:0m:25s (0h:1m:2s left)
Iteration 40 / LogL: -13162.174 / Time: 0h:0m:25s (0h:0m:40s left)
Iteration 50 / LogL: -13162.137 / Time: 0h:0m:25s (0h:0m:26s left)
Iteration 60 / LogL: -13162.137 / Time: 0h:0m:26s (0h:0m:18s left)
Iteration 70 / LogL: -13162.116 / Time: 0h:0m:26s (0h:0m:11s left)
Iteration 80 / LogL: -13162.117 / Time: 0h:0m:26s (0h:0m:7s left)
Iteration 90 / LogL: -13162.116 / Time: 0h:0m:26s (0h:0m:3s left)
Iteration 100 / LogL: -13162.202 / Time: 0h:0m:26s (0h:0m:0s left)
TREE SEARCH COMPLETED AFTER 102 ITERATIONS / Time: 0h:0m:26s

--------------------------------------------------------------------
|                    FINALIZING TREE SEARCH                        |
--------------------------------------------------------------------
Performs final model parameters optimization
Estimate model parameters (epsilon = 0.010)
1. Initial log-likelihood: -13162.114
Optimal log-likelihood: -13162.114
Rate parameters:  A-C: 0.90108  A-G: 1.94354  A-T: 1.00128  C-G: 1.10965  C-T: 2.02681  G-T: 1.00000
Base frequencies:  A: 0.301  C: 0.199  G: 0.199  T: 0.301
Gamma shape alpha: 0.190
Parameters optimization took 1 rounds (0.005 sec)
BEST SCORE FOUND : -13162.114

Testing tree branches by aBayes parametric test...
0.005 sec.
Total tree length: 2.306

Total number of iterations: 102
CPU time used for tree search: 2.345 sec (0h:0m:2s)
Wall-clock time used for tree search: 2.349 sec (0h:0m:2s)
Total CPU time used: 26.542 sec (0h:0m:26s)
Total wall-clock time used: 26.972 sec (0h:0m:26s)

Analysis results written to: 
  IQ-TREE report:                /Users/fahim/CSE6406-project/work/paper_subset_50x10_L1600/ils_high/replicate_06/estimated_gene_trees/L1600/gtr_g4/locus_0024.iqtree
  Maximum-likelihood tree:       /Users/fahim/CSE6406-project/work/paper_subset_50x10_L1600/ils_high/replicate_06/estimated_gene_trees/L1600/gtr_g4/locus_0024.treefile
  Likelihood distances:          /Users/fahim/CSE6406-project/work/paper_subset_50x10_L1600/ils_high/replicate_06/estimated_gene_trees/L1600/gtr_g4/locus_0024.mldist
  Screen log file:               /Users/fahim/CSE6406-project/work/paper_subset_50x10_L1600/ils_high/replicate_06/estimated_gene_trees/L1600/gtr_g4/locus_0024.log

Date and Time: Sat Sep 12 11:31:25 2026
