IQ-TREE multicore version 2.4.0 for MacOS ARM 64-bit built Feb 12 2025
Developed by Bui Quang Minh, Nguyen Lam Tung, Olga Chernomor, Heiko Schmidt,
Dominik Schrempf, Michael Woodhams, Ly Trong Nhan, Thomas Wong

Host:    Fahims-MacBook-Air.local (SSE4.2, 16 GB RAM)
Command: /Users/fahim/miniconda3/envs/cse6406/bin/iqtree2 -s /Users/fahim/CSE6406-project/work/paper_subset_10x2_L1600/ils_low/replicate_02/alignments/L1600/locus_0006.phy -m GTR --abayes -T AUTO --seed 6606007 --prefix /Users/fahim/CSE6406-project/work/paper_subset_10x2_L1600/ils_low/replicate_02/estimated_gene_trees/L1600/gtr/locus_0006 --redo --quiet
Seed:    6606007 (Using SPRNG - Scalable Parallel Random Number Generator)
Time:    Thu Sep 10 17:05:07 2026
Kernel:  SSE2 - auto-detect threads (10 CPU cores detected)

Reading alignment file /Users/fahim/CSE6406-project/work/paper_subset_10x2_L1600/ils_low/replicate_02/alignments/L1600/locus_0006.phy ... Phylip format detected
Alignment most likely contains DNA/RNA sequences
Alignment has 21 sequences with 1600 columns, 965 distinct patterns
855 parsimony-informative, 157 singleton sites, 588 constant sites
        Gap/Ambiguity  Composition  p-value
Analyzing sequences: done in 6.60419e-05 secs using 103% CPU
   1  0_0_0     0.00%    passed     64.75%
   2  4_0_0     0.00%    passed     92.35%
   3  2_0_0     0.00%    passed     92.60%
   4  6_0_0     0.00%    passed     95.78%
   5  3_0_0     0.00%    passed     35.11%
   6  5_0_0     0.00%    passed     82.93%
   7  1_0_0     0.00%    passed     78.10%
   8  13_0_0    0.00%    passed     68.64%
   9  8_0_0     0.00%    passed     77.10%
  10  7_0_0     0.00%    passed     46.59%
  11  10_0_0    0.00%    passed     68.26%
  12  19_0_0    0.00%    passed     83.89%
  13  18_0_0    0.00%    passed     99.51%
  14  15_0_0    0.00%    passed     70.56%
  15  14_0_0    0.00%    passed     83.09%
  16  16_0_0    0.00%    passed     81.82%
  17  17_0_0    0.00%    passed     97.02%
  18  12_0_0    0.00%    passed     81.79%
  19  20_0_0    0.00%    passed     98.10%
  20  9_0_0     0.00%    passed     71.18%
  21  11_0_0    0.00%    passed     79.42%
****  TOTAL     0.00%  0 sequences failed composition chi2 test (p-value<5%; df=3)

Create initial parsimony tree by phylogenetic likelihood library (PLL)... 0.001 seconds

NOTE: 0 MB RAM (0 GB) is required!
Measuring multi-threading efficiency up to 10 CPU cores
Increase to 10 rounds for branch lengths
1885 trees examined
Threads: 1 / Time: 10.004 sec / Speedup: 1.000 / Efficiency: 100% / LogL: -29814
Threads: 2 / Time: 15.748 sec / Speedup: 0.635 / Efficiency: 32% / LogL: -29814
BEST NUMBER OF THREADS: 1

Estimate model parameters (epsilon = 0.100)
1. Initial log-likelihood: -28222.511
2. Current log-likelihood: -28097.684
3. Current log-likelihood: -28097.402
Optimal log-likelihood: -28097.401
Rate parameters:  A-C: 1.05565  A-G: 1.44002  A-T: 1.15708  C-G: 0.83806  C-T: 1.38334  G-T: 1.00000
Base frequencies:  A: 0.288  C: 0.209  G: 0.201  T: 0.301
Parameters optimization took 3 rounds (0.017 sec)
Wrote distance file to... 
Computing ML distances based on estimated model parameters...
Calculating distance matrix: done in 0.000641108 secs using 98.58% CPU
Computing ML distances took 0.000711 sec (of wall-clock time) 0.000691 sec (of CPU time)
Setting up auxiliary I and S matrices: done in 2.21729e-05 secs using 81.18% CPU
Computing RapidNJ tree took 0.000086 sec (of wall-clock time) 0.000104 sec (of CPU time)
Log-likelihood of RapidNJ tree: -28109.103
--------------------------------------------------------------------
|             INITIALIZING CANDIDATE TREE SET                      |
--------------------------------------------------------------------
Generating 98 parsimony trees... 0.143 second
Computing log-likelihood of 98 initial trees ... 0.095 seconds
Current best score: -28097.401

Do NNI search on 20 best initial trees
Estimate model parameters (epsilon = 0.100)
BETTER TREE FOUND at iteration 1: -28093.778
Iteration 10 / LogL: -28093.783 / Time: 0h:0m:26s
Iteration 20 / LogL: -28093.856 / Time: 0h:0m:26s
Finish initializing candidate tree set (5)
Current best tree score: -28093.778 / CPU time: 0.463
Number of iterations: 20
--------------------------------------------------------------------
|               OPTIMIZING CANDIDATE TREE SET                      |
--------------------------------------------------------------------
Iteration 30 / LogL: -28114.694 / Time: 0h:0m:26s (0h:1m:4s left)
Iteration 40 / LogL: -28093.789 / Time: 0h:0m:26s (0h:0m:41s left)
Iteration 50 / LogL: -28098.208 / Time: 0h:0m:26s (0h:0m:27s left)
Iteration 60 / LogL: -28093.795 / Time: 0h:0m:26s (0h:0m:18s left)
Iteration 70 / LogL: -28093.832 / Time: 0h:0m:26s (0h:0m:12s left)
Iteration 80 / LogL: -28098.408 / Time: 0h:0m:27s (0h:0m:7s left)
Iteration 90 / LogL: -28114.532 / Time: 0h:0m:27s (0h:0m:3s left)
Iteration 100 / LogL: -28094.191 / Time: 0h:0m:27s (0h:0m:0s left)
TREE SEARCH COMPLETED AFTER 102 ITERATIONS / Time: 0h:0m:27s

--------------------------------------------------------------------
|                    FINALIZING TREE SEARCH                        |
--------------------------------------------------------------------
Performs final model parameters optimization
Estimate model parameters (epsilon = 0.010)
1. Initial log-likelihood: -28093.778
2. Current log-likelihood: -28093.751
Optimal log-likelihood: -28093.749
Rate parameters:  A-C: 1.06517  A-G: 1.45924  A-T: 1.16312  C-G: 0.84958  C-T: 1.39955  G-T: 1.00000
Base frequencies:  A: 0.288  C: 0.209  G: 0.201  T: 0.301
Parameters optimization took 2 rounds (0.009 sec)
BEST SCORE FOUND : -28093.749

Testing tree branches by aBayes parametric test...
0.003 sec.
Total tree length: 5.036

Total number of iterations: 102
CPU time used for tree search: 1.543 sec (0h:0m:1s)
Wall-clock time used for tree search: 1.547 sec (0h:0m:1s)
Total CPU time used: 25.188 sec (0h:0m:25s)
Total wall-clock time used: 27.340 sec (0h:0m:27s)

Analysis results written to: 
  IQ-TREE report:                /Users/fahim/CSE6406-project/work/paper_subset_10x2_L1600/ils_low/replicate_02/estimated_gene_trees/L1600/gtr/locus_0006.iqtree
  Maximum-likelihood tree:       /Users/fahim/CSE6406-project/work/paper_subset_10x2_L1600/ils_low/replicate_02/estimated_gene_trees/L1600/gtr/locus_0006.treefile
  Likelihood distances:          /Users/fahim/CSE6406-project/work/paper_subset_10x2_L1600/ils_low/replicate_02/estimated_gene_trees/L1600/gtr/locus_0006.mldist
  Screen log file:               /Users/fahim/CSE6406-project/work/paper_subset_10x2_L1600/ils_low/replicate_02/estimated_gene_trees/L1600/gtr/locus_0006.log

Date and Time: Thu Sep 10 17:05:34 2026
