IQ-TREE multicore version 2.4.0 for MacOS ARM 64-bit built Feb 12 2025
Developed by Bui Quang Minh, Nguyen Lam Tung, Olga Chernomor, Heiko Schmidt,
Dominik Schrempf, Michael Woodhams, Ly Trong Nhan, Thomas Wong

Host:    Fahims-MacBook-Air.local (SSE4.2, 16 GB RAM)
Command: /Users/fahim/miniconda3/envs/cse6406/bin/iqtree2 -s /Users/fahim/CSE6406-project/work/paper_subset_50x10_L1600/ils_high/replicate_04/alignments/L1600/locus_0049.phy -m GTR+G4 --abayes -T AUTO --seed 6806050 --prefix /Users/fahim/CSE6406-project/work/paper_subset_50x10_L1600/ils_high/replicate_04/estimated_gene_trees/L1600/gtr_g4/locus_0049 --redo --quiet
Seed:    6806050 (Using SPRNG - Scalable Parallel Random Number Generator)
Time:    Sat Sep 12 07:10:51 2026
Kernel:  SSE2 - auto-detect threads (10 CPU cores detected)

Reading alignment file /Users/fahim/CSE6406-project/work/paper_subset_50x10_L1600/ils_high/replicate_04/alignments/L1600/locus_0049.phy ... Phylip format detected
Alignment most likely contains DNA/RNA sequences
Alignment has 21 sequences with 1600 columns, 535 distinct patterns
384 parsimony-informative, 196 singleton sites, 1019 constant sites
        Gap/Ambiguity  Composition  p-value
Analyzing sequences: done in 4.29153e-05 secs using 93.21% CPU
   1  18_0_0    0.00%    passed     94.84%
   2  1_0_0     0.00%    passed     97.40%
   3  4_0_0     0.00%    passed     97.42%
   4  2_0_0     0.00%    passed     99.74%
   5  6_0_0     0.00%    passed     97.33%
   6  9_0_0     0.00%    passed     85.75%
   7  14_0_0    0.00%    passed     95.24%
   8  5_0_0     0.00%    passed     99.53%
   9  15_0_0    0.00%    passed     96.28%
  10  11_0_0    0.00%    passed     99.96%
  11  16_0_0    0.00%    passed     99.98%
  12  13_0_0    0.00%    passed     99.19%
  13  10_0_0    0.00%    passed     99.79%
  14  8_0_0     0.00%    passed     75.84%
  15  7_0_0     0.00%    passed     92.38%
  16  3_0_0     0.00%    passed     98.94%
  17  12_0_0    0.00%    passed     93.57%
  18  17_0_0    0.00%    passed     74.64%
  19  19_0_0    0.00%    passed     93.28%
  20  20_0_0    0.00%    passed     99.01%
  21  0_0_0     0.00%    passed     73.15%
****  TOTAL     0.00%  0 sequences failed composition chi2 test (p-value<5%; df=3)

Create initial parsimony tree by phylogenetic likelihood library (PLL)... 0.001 seconds

NOTE: 1 MB RAM (0 GB) is required!
Measuring multi-threading efficiency up to 10 CPU cores
Increase to 10 rounds for branch lengths
2001 trees examined
Threads: 1 / Time: 10.004 sec / Speedup: 1.000 / Efficiency: 100% / LogL: -11272
Threads: 2 / Time: 14.492 sec / Speedup: 0.690 / Efficiency: 35% / LogL: -11272
BEST NUMBER OF THREADS: 1

Estimate model parameters (epsilon = 0.100)
1. Initial log-likelihood: -10555.002
2. Current log-likelihood: -10150.102
3. Current log-likelihood: -10142.768
Optimal log-likelihood: -10142.663
Rate parameters:  A-C: 1.06112  A-G: 2.26673  A-T: 0.88268  C-G: 1.19377  C-T: 2.03434  G-T: 1.00000
Base frequencies:  A: 0.307  C: 0.194  G: 0.192  T: 0.307
Gamma shape alpha: 0.205
Parameters optimization took 3 rounds (0.039 sec)
Wrote distance file to... 
Computing ML distances based on estimated model parameters...
Calculating distance matrix: done in 0.000776052 secs using 99.35% CPU
Computing ML distances took 0.000804 sec (of wall-clock time) 0.000793 sec (of CPU time)
Setting up auxiliary I and S matrices: done in 1.5974e-05 secs using 68.86% CPU
Computing RapidNJ tree took 0.000056 sec (of wall-clock time) 0.000061 sec (of CPU time)
Log-likelihood of RapidNJ tree: -10191.666
--------------------------------------------------------------------
|             INITIALIZING CANDIDATE TREE SET                      |
--------------------------------------------------------------------
Generating 98 parsimony trees... 0.061 second
Computing log-likelihood of 98 initial trees ... 0.114 seconds
Current best score: -10142.327

Do NNI search on 20 best initial trees
Estimate model parameters (epsilon = 0.100)
BETTER TREE FOUND at iteration 1: -10140.677
Iteration 10 / LogL: -10151.704 / Time: 0h:0m:24s
Iteration 20 / LogL: -10141.954 / Time: 0h:0m:25s
Finish initializing candidate tree set (9)
Current best tree score: -10140.677 / CPU time: 0.546
Number of iterations: 20
--------------------------------------------------------------------
|               OPTIMIZING CANDIDATE TREE SET                      |
--------------------------------------------------------------------
Iteration 30 / LogL: -10141.953 / Time: 0h:0m:25s (0h:1m:1s left)
Iteration 40 / LogL: -10140.678 / Time: 0h:0m:25s (0h:0m:39s left)
Iteration 50 / LogL: -10141.550 / Time: 0h:0m:25s (0h:0m:26s left)
Iteration 60 / LogL: -10141.237 / Time: 0h:0m:25s (0h:0m:17s left)
Iteration 70 / LogL: -10142.398 / Time: 0h:0m:26s (0h:0m:11s left)
Iteration 80 / LogL: -10143.689 / Time: 0h:0m:26s (0h:0m:6s left)
Iteration 90 / LogL: -10141.604 / Time: 0h:0m:26s (0h:0m:3s left)
Iteration 100 / LogL: -10140.679 / Time: 0h:0m:26s (0h:0m:0s left)
TREE SEARCH COMPLETED AFTER 102 ITERATIONS / Time: 0h:0m:26s

--------------------------------------------------------------------
|                    FINALIZING TREE SEARCH                        |
--------------------------------------------------------------------
Performs final model parameters optimization
Estimate model parameters (epsilon = 0.010)
1. Initial log-likelihood: -10140.677
Optimal log-likelihood: -10140.674
Rate parameters:  A-C: 1.06729  A-G: 2.25715  A-T: 0.89429  C-G: 1.22509  C-T: 2.04589  G-T: 1.00000
Base frequencies:  A: 0.307  C: 0.194  G: 0.192  T: 0.307
Gamma shape alpha: 0.204
Parameters optimization took 1 rounds (0.004 sec)
BEST SCORE FOUND : -10140.674

Testing tree branches by aBayes parametric test...
0.004 sec.
Total tree length: 1.247

Total number of iterations: 102
CPU time used for tree search: 2.185 sec (0h:0m:2s)
Wall-clock time used for tree search: 2.189 sec (0h:0m:2s)
Total CPU time used: 25.957 sec (0h:0m:25s)
Total wall-clock time used: 26.742 sec (0h:0m:26s)

Analysis results written to: 
  IQ-TREE report:                /Users/fahim/CSE6406-project/work/paper_subset_50x10_L1600/ils_high/replicate_04/estimated_gene_trees/L1600/gtr_g4/locus_0049.iqtree
  Maximum-likelihood tree:       /Users/fahim/CSE6406-project/work/paper_subset_50x10_L1600/ils_high/replicate_04/estimated_gene_trees/L1600/gtr_g4/locus_0049.treefile
  Likelihood distances:          /Users/fahim/CSE6406-project/work/paper_subset_50x10_L1600/ils_high/replicate_04/estimated_gene_trees/L1600/gtr_g4/locus_0049.mldist
  Screen log file:               /Users/fahim/CSE6406-project/work/paper_subset_50x10_L1600/ils_high/replicate_04/estimated_gene_trees/L1600/gtr_g4/locus_0049.log

Date and Time: Sat Sep 12 07:11:18 2026
