IQ-TREE multicore version 2.4.0 for Linux x86 64-bit built Feb 12 2025
Developed by Bui Quang Minh, Nguyen Lam Tung, Olga Chernomor, Heiko Schmidt,
Dominik Schrempf, Michael Woodhams, Ly Trong Nhan, Thomas Wong

Host:    ezmata (AVX2, FMA3, 15 GB RAM)
Command: /home/mis/miniconda3/envs/cse6406/bin/iqtree2 -s /home/mis/CSE6406-project/work/paper_subset_50x10_L800/ils_high/replicate_02/alignments/L800/locus_0010.phy -m GTR --abayes -T 1 --seed 6606011 --prefix /home/mis/CSE6406-project/work/paper_subset_50x10_L800/ils_high/replicate_02/estimated_gene_trees/L800/gtr/locus_0010 --redo --quiet
Seed:    6606011 (Using SPRNG - Scalable Parallel Random Number Generator)
Time:    Sat Sep 12 19:50:38 2026
Kernel:  AVX+FMA - 1 threads (16 CPU cores detected)

HINT: Use -nt option to specify number of threads because your CPU has 16 cores!
HINT: -nt AUTO will automatically determine the best number of threads to use.

Reading alignment file /home/mis/CSE6406-project/work/paper_subset_50x10_L800/ils_high/replicate_02/alignments/L800/locus_0010.phy ... Phylip format detected
Alignment most likely contains DNA/RNA sequences
Alignment has 21 sequences with 800 columns, 523 distinct patterns
461 parsimony-informative, 67 singleton sites, 272 constant sites
        Gap/Ambiguity  Composition  p-value
Analyzing sequences: done in 4.92e-05 secs using 97.56% CPU
   1  0_0_0     0.00%    passed     96.44%
   2  5_0_0     0.00%    passed     97.63%
   3  11_0_0    0.00%    passed     43.95%
   4  9_0_0     0.00%    passed     71.25%
   5  1_0_0     0.00%    passed     45.14%
   6  8_0_0     0.00%    passed     82.73%
   7  13_0_0    0.00%    passed     36.12%
   8  16_0_0    0.00%    passed     86.91%
   9  4_0_0     0.00%    passed     97.39%
  10  2_0_0     0.00%    passed     77.92%
  11  3_0_0     0.00%    passed     83.65%
  12  6_0_0     0.00%    passed     92.18%
  13  19_0_0    0.00%    passed     96.91%
  14  10_0_0    0.00%    passed     69.52%
  15  7_0_0     0.00%    passed     85.51%
  16  18_0_0    0.00%    passed     16.24%
  17  15_0_0    0.00%    passed     99.69%
  18  14_0_0    0.00%    passed     50.40%
  19  20_0_0    0.00%    passed     93.71%
  20  17_0_0    0.00%    passed     13.00%
  21  12_0_0    0.00%    passed     71.53%
****  TOTAL     0.00%  0 sequences failed composition chi2 test (p-value<5%; df=3)

Create initial parsimony tree by phylogenetic likelihood library (PLL)... 0.003 seconds

NOTE: 0 MB RAM (0 GB) is required!
Estimate model parameters (epsilon = 0.100)
1. Initial log-likelihood: -15235.899
2. Current log-likelihood: -15153.747
3. Current log-likelihood: -15153.403
Optimal log-likelihood: -15153.401
Rate parameters:  A-C: 0.84986  A-G: 1.20342  A-T: 1.11561  C-G: 0.91068  C-T: 1.32032  G-T: 1.00000
Base frequencies:  A: 0.298  C: 0.211  G: 0.210  T: 0.281
Parameters optimization took 3 rounds (0.035 sec)
Wrote distance file to... 
Computing ML distances based on estimated model parameters...
Calculating distance matrix: done in 0.00169595 secs using 99.94% CPU
Computing ML distances took 0.001826 sec (of wall-clock time) 0.001829 sec (of CPU time)
Setting up auxiliary I and S matrices: done in 9.2961e-05 secs using 98.97% CPU
Computing RapidNJ tree took 0.000353 sec (of wall-clock time) 0.000536 sec (of CPU time)
Log-likelihood of RapidNJ tree: -15159.302
--------------------------------------------------------------------
|             INITIALIZING CANDIDATE TREE SET                      |
--------------------------------------------------------------------
Generating 98 parsimony trees... 0.353 second
Computing log-likelihood of 98 initial trees ... 0.216 seconds
Current best score: -15137.715

Do NNI search on 20 best initial trees
Estimate model parameters (epsilon = 0.100)
BETTER TREE FOUND at iteration 1: -15130.364
Estimate model parameters (epsilon = 0.100)
BETTER TREE FOUND at iteration 3: -15128.369
Iteration 10 / LogL: -15136.938 / Time: 0h:0m:0s
Iteration 20 / LogL: -15137.130 / Time: 0h:0m:0s
Finish initializing candidate tree set (12)
Current best tree score: -15128.369 / CPU time: 0.913
Number of iterations: 20
--------------------------------------------------------------------
|               OPTIMIZING CANDIDATE TREE SET                      |
--------------------------------------------------------------------
Iteration 30 / LogL: -15128.382 / Time: 0h:0m:1s (0h:0m:3s left)
Iteration 40 / LogL: -15131.615 / Time: 0h:0m:1s (0h:0m:2s left)
Iteration 50 / LogL: -15128.543 / Time: 0h:0m:1s (0h:0m:1s left)
Iteration 60 / LogL: -15130.762 / Time: 0h:0m:1s (0h:0m:1s left)
Iteration 70 / LogL: -15128.548 / Time: 0h:0m:2s (0h:0m:1s left)
Iteration 80 / LogL: -15131.139 / Time: 0h:0m:2s (0h:0m:0s left)
Iteration 90 / LogL: -15128.376 / Time: 0h:0m:2s (0h:0m:0s left)
Iteration 100 / LogL: -15131.732 / Time: 0h:0m:2s (0h:0m:0s left)
TREE SEARCH COMPLETED AFTER 104 ITERATIONS / Time: 0h:0m:3s

--------------------------------------------------------------------
|                    FINALIZING TREE SEARCH                        |
--------------------------------------------------------------------
Performs final model parameters optimization
Estimate model parameters (epsilon = 0.010)
1. Initial log-likelihood: -15128.369
2. Current log-likelihood: -15128.355
Optimal log-likelihood: -15128.352
Rate parameters:  A-C: 0.84832  A-G: 1.22961  A-T: 1.10706  C-G: 0.91745  C-T: 1.33168  G-T: 1.00000
Base frequencies:  A: 0.298  C: 0.211  G: 0.210  T: 0.281
Parameters optimization took 2 rounds (0.010 sec)
BEST SCORE FOUND : -15128.352

Testing tree branches by aBayes parametric test...
0.006 sec.
Total tree length: 5.758

Total number of iterations: 104
CPU time used for tree search: 2.678 sec (0h:0m:2s)
Wall-clock time used for tree search: 2.959 sec (0h:0m:2s)
Total CPU time used: 2.756 sec (0h:0m:2s)
Total wall-clock time used: 3.041 sec (0h:0m:3s)

Analysis results written to: 
  IQ-TREE report:                /home/mis/CSE6406-project/work/paper_subset_50x10_L800/ils_high/replicate_02/estimated_gene_trees/L800/gtr/locus_0010.iqtree
  Maximum-likelihood tree:       /home/mis/CSE6406-project/work/paper_subset_50x10_L800/ils_high/replicate_02/estimated_gene_trees/L800/gtr/locus_0010.treefile
  Likelihood distances:          /home/mis/CSE6406-project/work/paper_subset_50x10_L800/ils_high/replicate_02/estimated_gene_trees/L800/gtr/locus_0010.mldist
  Screen log file:               /home/mis/CSE6406-project/work/paper_subset_50x10_L800/ils_high/replicate_02/estimated_gene_trees/L800/gtr/locus_0010.log

Date and Time: Sat Sep 12 19:50:41 2026
