IQ-TREE multicore version 2.4.0 for Linux x86 64-bit built Feb 12 2025
Developed by Bui Quang Minh, Nguyen Lam Tung, Olga Chernomor, Heiko Schmidt,
Dominik Schrempf, Michael Woodhams, Ly Trong Nhan, Thomas Wong

Host:    ezmata (AVX2, FMA3, 15 GB RAM)
Command: /home/mis/miniconda3/envs/cse6406/bin/iqtree2 -s /home/mis/CSE6406-project/work/paper_subset_50x10_L800/ils_high/replicate_02/alignments/L800/locus_0050.phy -m GTR --abayes -T 1 --seed 6606051 --prefix /home/mis/CSE6406-project/work/paper_subset_50x10_L800/ils_high/replicate_02/estimated_gene_trees/L800/gtr/locus_0050 --redo --quiet
Seed:    6606051 (Using SPRNG - Scalable Parallel Random Number Generator)
Time:    Sat Sep 12 19:50:50 2026
Kernel:  AVX+FMA - 1 threads (16 CPU cores detected)

HINT: Use -nt option to specify number of threads because your CPU has 16 cores!
HINT: -nt AUTO will automatically determine the best number of threads to use.

Reading alignment file /home/mis/CSE6406-project/work/paper_subset_50x10_L800/ils_high/replicate_02/alignments/L800/locus_0050.phy ... Phylip format detected
Alignment most likely contains DNA/RNA sequences
Alignment has 21 sequences with 800 columns, 510 distinct patterns
446 parsimony-informative, 82 singleton sites, 272 constant sites
        Gap/Ambiguity  Composition  p-value
Analyzing sequences: done in 4.5139e-05 secs using 97.48% CPU
   1  1_0_0     0.00%    passed     47.48%
   2  18_0_0    0.00%    passed     20.81%
   3  10_0_0    0.00%    passed     52.98%
   4  7_0_0     0.00%    passed     60.45%
   5  8_0_0     0.00%    passed     99.10%
   6  19_0_0    0.00%    passed     87.56%
   7  15_0_0    0.00%    passed     43.04%
   8  14_0_0    0.00%    passed     42.68%
   9  12_0_0    0.00%    passed     86.77%
  10  17_0_0    0.00%    passed     47.47%
  11  11_0_0    0.00%    passed     53.87%
  12  9_0_0     0.00%    passed     98.57%
  13  5_0_0     0.00%    passed     86.89%
  14  2_0_0     0.00%    passed     81.40%
  15  3_0_0     0.00%    passed     97.23%
  16  6_0_0     0.00%    passed     89.77%
  17  4_0_0     0.00%    passed     93.61%
  18  13_0_0    0.00%    passed     31.50%
  19  16_0_0    0.00%    passed     77.51%
  20  20_0_0    0.00%    passed     67.21%
  21  0_0_0     0.00%    passed     88.71%
****  TOTAL     0.00%  0 sequences failed composition chi2 test (p-value<5%; df=3)

Create initial parsimony tree by phylogenetic likelihood library (PLL)... 0.002 seconds

NOTE: 0 MB RAM (0 GB) is required!
Estimate model parameters (epsilon = 0.100)
1. Initial log-likelihood: -14834.126
2. Current log-likelihood: -14734.648
3. Current log-likelihood: -14734.371
Optimal log-likelihood: -14734.366
Rate parameters:  A-C: 0.83703  A-G: 1.38383  A-T: 1.03193  C-G: 1.02830  C-T: 1.22526  G-T: 1.00000
Base frequencies:  A: 0.295  C: 0.205  G: 0.195  T: 0.305
Parameters optimization took 3 rounds (0.025 sec)
Wrote distance file to... 
Computing ML distances based on estimated model parameters...
Calculating distance matrix: done in 0.00149588 secs using 93.72% CPU
Computing ML distances took 0.001599 sec (of wall-clock time) 0.001493 sec (of CPU time)
Setting up auxiliary I and S matrices: done in 5.9025e-05 secs using 99.96% CPU
Computing RapidNJ tree took 0.000225 sec (of wall-clock time) 0.000224 sec (of CPU time)
Log-likelihood of RapidNJ tree: -14749.733
--------------------------------------------------------------------
|             INITIALIZING CANDIDATE TREE SET                      |
--------------------------------------------------------------------
Generating 98 parsimony trees... 0.347 second
Computing log-likelihood of 98 initial trees ... 0.221 seconds
Current best score: -14724.660

Do NNI search on 20 best initial trees
Estimate model parameters (epsilon = 0.100)
BETTER TREE FOUND at iteration 1: -14713.910
Iteration 10 / LogL: -14713.918 / Time: 0h:0m:0s
Iteration 20 / LogL: -14714.499 / Time: 0h:0m:1s
Finish initializing candidate tree set (6)
Current best tree score: -14713.910 / CPU time: 1.047
Number of iterations: 20
--------------------------------------------------------------------
|               OPTIMIZING CANDIDATE TREE SET                      |
--------------------------------------------------------------------
Iteration 30 / LogL: -14714.983 / Time: 0h:0m:1s (0h:0m:3s left)
Iteration 40 / LogL: -14714.002 / Time: 0h:0m:1s (0h:0m:2s left)
Iteration 50 / LogL: -14713.928 / Time: 0h:0m:2s (0h:0m:2s left)
Iteration 60 / LogL: -14713.912 / Time: 0h:0m:2s (0h:0m:1s left)
Iteration 70 / LogL: -14713.989 / Time: 0h:0m:2s (0h:0m:1s left)
Iteration 80 / LogL: -14713.991 / Time: 0h:0m:3s (0h:0m:0s left)
Iteration 90 / LogL: -14713.971 / Time: 0h:0m:3s (0h:0m:0s left)
Iteration 100 / LogL: -14713.940 / Time: 0h:0m:3s (0h:0m:0s left)
TREE SEARCH COMPLETED AFTER 102 ITERATIONS / Time: 0h:0m:3s

--------------------------------------------------------------------
|                    FINALIZING TREE SEARCH                        |
--------------------------------------------------------------------
Performs final model parameters optimization
Estimate model parameters (epsilon = 0.010)
1. Initial log-likelihood: -14713.910
Optimal log-likelihood: -14713.907
Rate parameters:  A-C: 0.82505  A-G: 1.38249  A-T: 1.03557  C-G: 1.03341  C-T: 1.23989  G-T: 1.00000
Base frequencies:  A: 0.295  C: 0.205  G: 0.195  T: 0.305
Parameters optimization took 1 rounds (0.007 sec)
BEST SCORE FOUND : -14713.907

Testing tree branches by aBayes parametric test...
0.009 sec.
Total tree length: 5.493

Total number of iterations: 102
CPU time used for tree search: 3.581 sec (0h:0m:3s)
Wall-clock time used for tree search: 3.818 sec (0h:0m:3s)
Total CPU time used: 3.642 sec (0h:0m:3s)
Total wall-clock time used: 3.897 sec (0h:0m:3s)

Analysis results written to: 
  IQ-TREE report:                /home/mis/CSE6406-project/work/paper_subset_50x10_L800/ils_high/replicate_02/estimated_gene_trees/L800/gtr/locus_0050.iqtree
  Maximum-likelihood tree:       /home/mis/CSE6406-project/work/paper_subset_50x10_L800/ils_high/replicate_02/estimated_gene_trees/L800/gtr/locus_0050.treefile
  Likelihood distances:          /home/mis/CSE6406-project/work/paper_subset_50x10_L800/ils_high/replicate_02/estimated_gene_trees/L800/gtr/locus_0050.mldist
  Screen log file:               /home/mis/CSE6406-project/work/paper_subset_50x10_L800/ils_high/replicate_02/estimated_gene_trees/L800/gtr/locus_0050.log

Date and Time: Sat Sep 12 19:50:54 2026
