IQ-TREE multicore version 2.4.0 for Linux x86 64-bit built Feb 12 2025
Developed by Bui Quang Minh, Nguyen Lam Tung, Olga Chernomor, Heiko Schmidt,
Dominik Schrempf, Michael Woodhams, Ly Trong Nhan, Thomas Wong

Host:    ezmata (AVX2, FMA3, 15 GB RAM)
Command: /home/mis/miniconda3/envs/cse6406/bin/iqtree2 -s /home/mis/CSE6406-project/work/paper_subset_50x10_L200/ils_high/replicate_08/alignments/L200/locus_0038.phy -m GTR --abayes -T 1 --seed 7206039 --prefix /home/mis/CSE6406-project/work/paper_subset_50x10_L200/ils_high/replicate_08/estimated_gene_trees/L200/gtr/locus_0038 --redo --quiet
Seed:    7206039 (Using SPRNG - Scalable Parallel Random Number Generator)
Time:    Sat Sep 12 21:45:47 2026
Kernel:  AVX+FMA - 1 threads (16 CPU cores detected)

HINT: Use -nt option to specify number of threads because your CPU has 16 cores!
HINT: -nt AUTO will automatically determine the best number of threads to use.

Reading alignment file /home/mis/CSE6406-project/work/paper_subset_50x10_L200/ils_high/replicate_08/alignments/L200/locus_0038.phy ... Phylip format detected
Alignment most likely contains DNA/RNA sequences
Alignment has 21 sequences with 200 columns, 112 distinct patterns
92 parsimony-informative, 17 singleton sites, 91 constant sites
        Gap/Ambiguity  Composition  p-value
Analyzing sequences: done in 1.5146e-05 secs
   1  1_0_0     0.00%    passed     99.04%
   2  20_0_0    0.00%    passed     61.71%
   3  2_0_0     0.00%    passed     80.87%
   4  19_0_0    0.00%    passed     99.04%
   5  18_0_0    0.00%    passed     97.96%
   6  17_0_0    0.00%    passed     78.08%
   7  8_0_0     0.00%    passed     83.78%
   8  7_0_0     0.00%    passed     71.48%
   9  3_0_0     0.00%    passed     98.09%
  10  15_0_0    0.00%    passed     44.10%
  11  12_0_0    0.00%    passed     95.11%
  12  16_0_0    0.00%    passed     97.05%
  13  11_0_0    0.00%    passed     76.14%
  14  5_0_0     0.00%    passed     83.78%
  15  13_0_0    0.00%    passed     85.10%
  16  9_0_0     0.00%    passed     71.50%
  17  6_0_0     0.00%    passed     95.84%
  18  14_0_0    0.00%    passed     75.75%
  19  4_0_0     0.00%    passed     44.55%
  20  10_0_0    0.00%    passed     38.30%
  21  0_0_0     0.00%    passed     94.61%
****  TOTAL     0.00%  0 sequences failed composition chi2 test (p-value<5%; df=3)

Create initial parsimony tree by phylogenetic likelihood library (PLL)... 0.001 seconds

NOTE: 0 MB RAM (0 GB) is required!
Estimate model parameters (epsilon = 0.100)
1. Initial log-likelihood: -2952.332
2. Current log-likelihood: -2919.701
3. Current log-likelihood: -2919.040
Optimal log-likelihood: -2919.036
Rate parameters:  A-C: 0.89594  A-G: 1.11680  A-T: 0.73456  C-G: 0.96531  C-T: 1.79249  G-T: 1.00000
Base frequencies:  A: 0.353  C: 0.173  G: 0.171  T: 0.303
Parameters optimization took 3 rounds (0.013 sec)
Wrote distance file to... 
Computing ML distances based on estimated model parameters...
Calculating distance matrix: done in 0.00116619 secs using 96.64% CPU
Computing ML distances took 0.001215 sec (of wall-clock time) 0.001175 sec (of CPU time)
Setting up auxiliary I and S matrices: done in 6.2495e-05 secs using 97.61% CPU
Computing RapidNJ tree took 0.000246 sec (of wall-clock time) 0.000245 sec (of CPU time)
Log-likelihood of RapidNJ tree: -2927.831
--------------------------------------------------------------------
|             INITIALIZING CANDIDATE TREE SET                      |
--------------------------------------------------------------------
Generating 98 parsimony trees... 0.132 second
Computing log-likelihood of 98 initial trees ... 0.101 seconds
Current best score: -2911.250

Do NNI search on 20 best initial trees
Estimate model parameters (epsilon = 0.100)
BETTER TREE FOUND at iteration 1: -2910.470
Iteration 10 / LogL: -2910.492 / Time: 0h:0m:0s
Estimate model parameters (epsilon = 0.100)
BETTER TREE FOUND at iteration 13: -2909.930
Iteration 20 / LogL: -2913.662 / Time: 0h:0m:0s
Finish initializing candidate tree set (15)
Current best tree score: -2909.930 / CPU time: 0.383
Number of iterations: 20
--------------------------------------------------------------------
|               OPTIMIZING CANDIDATE TREE SET                      |
--------------------------------------------------------------------
Iteration 30 / LogL: -2911.853 / Time: 0h:0m:0s (0h:0m:1s left)
Iteration 40 / LogL: -2912.824 / Time: 0h:0m:0s (0h:0m:1s left)
Iteration 50 / LogL: -2909.998 / Time: 0h:0m:0s (0h:0m:0s left)
Iteration 60 / LogL: -2916.093 / Time: 0h:0m:0s (0h:0m:0s left)
Iteration 70 / LogL: -2909.946 / Time: 0h:0m:1s (0h:0m:0s left)
Iteration 80 / LogL: -2910.815 / Time: 0h:0m:1s (0h:0m:0s left)
Iteration 90 / LogL: -2910.379 / Time: 0h:0m:1s (0h:0m:0s left)
Iteration 100 / LogL: -2909.953 / Time: 0h:0m:1s (0h:0m:0s left)
Iteration 110 / LogL: -2910.947 / Time: 0h:0m:1s (0h:0m:0s left)
TREE SEARCH COMPLETED AFTER 114 ITERATIONS / Time: 0h:0m:1s

--------------------------------------------------------------------
|                    FINALIZING TREE SEARCH                        |
--------------------------------------------------------------------
Performs final model parameters optimization
Estimate model parameters (epsilon = 0.010)
1. Initial log-likelihood: -2909.930
Optimal log-likelihood: -2909.930
Rate parameters:  A-C: 0.85899  A-G: 1.12801  A-T: 0.73077  C-G: 0.93529  C-T: 1.89245  G-T: 1.00000
Base frequencies:  A: 0.353  C: 0.173  G: 0.171  T: 0.303
Parameters optimization took 1 rounds (0.002 sec)
BEST SCORE FOUND : -2909.930

Testing tree branches by aBayes parametric test...
0.003 sec.
Total tree length: 3.773

Total number of iterations: 114
CPU time used for tree search: 1.368 sec (0h:0m:1s)
Wall-clock time used for tree search: 1.480 sec (0h:0m:1s)
Total CPU time used: 1.403 sec (0h:0m:1s)
Total wall-clock time used: 1.516 sec (0h:0m:1s)

Analysis results written to: 
  IQ-TREE report:                /home/mis/CSE6406-project/work/paper_subset_50x10_L200/ils_high/replicate_08/estimated_gene_trees/L200/gtr/locus_0038.iqtree
  Maximum-likelihood tree:       /home/mis/CSE6406-project/work/paper_subset_50x10_L200/ils_high/replicate_08/estimated_gene_trees/L200/gtr/locus_0038.treefile
  Likelihood distances:          /home/mis/CSE6406-project/work/paper_subset_50x10_L200/ils_high/replicate_08/estimated_gene_trees/L200/gtr/locus_0038.mldist
  Screen log file:               /home/mis/CSE6406-project/work/paper_subset_50x10_L200/ils_high/replicate_08/estimated_gene_trees/L200/gtr/locus_0038.log

Date and Time: Sat Sep 12 21:45:49 2026
