IQ-TREE multicore version 2.4.0 for Linux x86 64-bit built Feb 12 2025
Developed by Bui Quang Minh, Nguyen Lam Tung, Olga Chernomor, Heiko Schmidt,
Dominik Schrempf, Michael Woodhams, Ly Trong Nhan, Thomas Wong

Host:    ezmata (AVX2, FMA3, 15 GB RAM)
Command: /home/mis/miniconda3/envs/cse6406/bin/iqtree2 -s /home/mis/CSE6406-project/work/paper_subset_50x10_L200/ils_high/replicate_08/alignments/L200/locus_0004.phy -m GTR --abayes -T 1 --seed 7206005 --prefix /home/mis/CSE6406-project/work/paper_subset_50x10_L200/ils_high/replicate_08/estimated_gene_trees/L200/gtr/locus_0004 --redo --quiet
Seed:    7206005 (Using SPRNG - Scalable Parallel Random Number Generator)
Time:    Sat Sep 12 21:45:43 2026
Kernel:  AVX+FMA - 1 threads (16 CPU cores detected)

HINT: Use -nt option to specify number of threads because your CPU has 16 cores!
HINT: -nt AUTO will automatically determine the best number of threads to use.

Reading alignment file /home/mis/CSE6406-project/work/paper_subset_50x10_L200/ils_high/replicate_08/alignments/L200/locus_0004.phy ... Phylip format detected
Alignment most likely contains DNA/RNA sequences
Alignment has 21 sequences with 200 columns, 131 distinct patterns
106 parsimony-informative, 22 singleton sites, 72 constant sites
        Gap/Ambiguity  Composition  p-value
Analyzing sequences: done in 1.9291e-05 secs
   1  1_0_0     0.00%    passed     35.34%
   2  15_0_0    0.00%    passed     91.82%
   3  8_0_0     0.00%    passed     98.32%
   4  18_0_0    0.00%    passed     89.56%
   5  2_0_0     0.00%    passed     58.51%
   6  19_0_0    0.00%    passed     11.33%
   7  13_0_0    0.00%    passed     42.30%
   8  10_0_0    0.00%    passed     88.01%
   9  11_0_0    0.00%    passed     15.79%
  10  12_0_0    0.00%    passed     79.41%
  11  16_0_0    0.00%    passed     47.56%
  12  20_0_0    0.00%    passed     66.31%
  13  17_0_0    0.00%    passed     80.63%
  14  3_0_0     0.00%    passed      8.05%
  15  7_0_0     0.00%    passed     32.32%
  16  14_0_0    0.00%    passed     85.30%
  17  6_0_0     0.00%    passed     57.53%
  18  9_0_0     0.00%    passed     40.42%
  19  5_0_0     0.00%    passed     95.28%
  20  4_0_0     0.00%    passed     78.06%
  21  0_0_0     0.00%    passed     89.18%
****  TOTAL     0.00%  0 sequences failed composition chi2 test (p-value<5%; df=3)

Create initial parsimony tree by phylogenetic likelihood library (PLL)... 0.001 seconds

NOTE: 0 MB RAM (0 GB) is required!
Estimate model parameters (epsilon = 0.100)
1. Initial log-likelihood: -3278.235
2. Current log-likelihood: -3252.420
3. Current log-likelihood: -3251.999
Optimal log-likelihood: -3251.995
Rate parameters:  A-C: 1.00854  A-G: 1.24382  A-T: 0.87554  C-G: 1.06204  C-T: 1.80183  G-T: 1.00000
Base frequencies:  A: 0.343  C: 0.181  G: 0.195  T: 0.282
Parameters optimization took 3 rounds (0.012 sec)
Wrote distance file to... 
Computing ML distances based on estimated model parameters...
Calculating distance matrix: done in 0.00112272 secs using 92.9% CPU
Computing ML distances took 0.001175 sec (of wall-clock time) 0.001096 sec (of CPU time)
Setting up auxiliary I and S matrices: done in 7.1976e-05 secs
Computing RapidNJ tree took 0.000278 sec (of wall-clock time) 0.000000 sec (of CPU time)
Log-likelihood of RapidNJ tree: -3262.076
--------------------------------------------------------------------
|             INITIALIZING CANDIDATE TREE SET                      |
--------------------------------------------------------------------
Generating 98 parsimony trees... 0.149 second
Computing log-likelihood of 98 initial trees ... 0.111 seconds
Current best score: -3245.221

Do NNI search on 20 best initial trees
Estimate model parameters (epsilon = 0.100)
BETTER TREE FOUND at iteration 1: -3244.007
Estimate model parameters (epsilon = 0.100)
BETTER TREE FOUND at iteration 3: -3243.350
Estimate model parameters (epsilon = 0.100)
BETTER TREE FOUND at iteration 5: -3242.282
Estimate model parameters (epsilon = 0.100)
BETTER TREE FOUND at iteration 6: -3242.006
Iteration 10 / LogL: -3246.548 / Time: 0h:0m:0s
Iteration 20 / LogL: -3245.052 / Time: 0h:0m:0s
Finish initializing candidate tree set (14)
Current best tree score: -3242.006 / CPU time: 0.512
Number of iterations: 20
--------------------------------------------------------------------
|               OPTIMIZING CANDIDATE TREE SET                      |
--------------------------------------------------------------------
Estimate model parameters (epsilon = 0.100)
BETTER TREE FOUND at iteration 22: -3241.858
Iteration 30 / LogL: -3242.137 / Time: 0h:0m:0s (0h:0m:2s left)
Iteration 40 / LogL: -3242.699 / Time: 0h:0m:0s (0h:0m:1s left)
Iteration 50 / LogL: -3241.886 / Time: 0h:0m:0s (0h:0m:1s left)
Iteration 60 / LogL: -3242.107 / Time: 0h:0m:1s (0h:0m:1s left)
Iteration 70 / LogL: -3242.177 / Time: 0h:0m:1s (0h:0m:0s left)
Iteration 80 / LogL: -3242.050 / Time: 0h:0m:1s (0h:0m:0s left)
Iteration 90 / LogL: -3242.074 / Time: 0h:0m:1s (0h:0m:0s left)
Iteration 100 / LogL: -3242.088 / Time: 0h:0m:1s (0h:0m:0s left)
Iteration 110 / LogL: -3242.065 / Time: 0h:0m:1s (0h:0m:0s left)
Iteration 120 / LogL: -3242.143 / Time: 0h:0m:1s (0h:0m:0s left)
TREE SEARCH COMPLETED AFTER 123 ITERATIONS / Time: 0h:0m:1s

--------------------------------------------------------------------
|                    FINALIZING TREE SEARCH                        |
--------------------------------------------------------------------
Performs final model parameters optimization
Estimate model parameters (epsilon = 0.010)
1. Initial log-likelihood: -3241.858
Optimal log-likelihood: -3241.857
Rate parameters:  A-C: 1.08651  A-G: 1.26372  A-T: 0.84451  C-G: 1.22128  C-T: 1.81014  G-T: 1.00000
Base frequencies:  A: 0.343  C: 0.181  G: 0.195  T: 0.282
Parameters optimization took 1 rounds (0.002 sec)
BEST SCORE FOUND : -3241.857

Testing tree branches by aBayes parametric test...
0.004 sec.
Total tree length: 4.403

Total number of iterations: 123
CPU time used for tree search: 1.750 sec (0h:0m:1s)
Wall-clock time used for tree search: 1.858 sec (0h:0m:1s)
Total CPU time used: 1.787 sec (0h:0m:1s)
Total wall-clock time used: 1.897 sec (0h:0m:1s)

Analysis results written to: 
  IQ-TREE report:                /home/mis/CSE6406-project/work/paper_subset_50x10_L200/ils_high/replicate_08/estimated_gene_trees/L200/gtr/locus_0004.iqtree
  Maximum-likelihood tree:       /home/mis/CSE6406-project/work/paper_subset_50x10_L200/ils_high/replicate_08/estimated_gene_trees/L200/gtr/locus_0004.treefile
  Likelihood distances:          /home/mis/CSE6406-project/work/paper_subset_50x10_L200/ils_high/replicate_08/estimated_gene_trees/L200/gtr/locus_0004.mldist
  Screen log file:               /home/mis/CSE6406-project/work/paper_subset_50x10_L200/ils_high/replicate_08/estimated_gene_trees/L200/gtr/locus_0004.log

Date and Time: Sat Sep 12 21:45:45 2026
