IQ-TREE multicore version 2.4.0 for Linux x86 64-bit built Feb 12 2025
Developed by Bui Quang Minh, Nguyen Lam Tung, Olga Chernomor, Heiko Schmidt,
Dominik Schrempf, Michael Woodhams, Ly Trong Nhan, Thomas Wong

Host:    ezmata (AVX2, FMA3, 15 GB RAM)
Command: /home/mis/miniconda3/envs/cse6406/bin/iqtree2 -s /home/mis/CSE6406-project/work/paper_subset_50x10_L200/ils_high/replicate_08/alignments/L200/locus_0009.phy -m GTR --abayes -T 1 --seed 7206010 --prefix /home/mis/CSE6406-project/work/paper_subset_50x10_L200/ils_high/replicate_08/estimated_gene_trees/L200/gtr/locus_0009 --redo --quiet
Seed:    7206010 (Using SPRNG - Scalable Parallel Random Number Generator)
Time:    Sat Sep 12 21:45:44 2026
Kernel:  AVX+FMA - 1 threads (16 CPU cores detected)

HINT: Use -nt option to specify number of threads because your CPU has 16 cores!
HINT: -nt AUTO will automatically determine the best number of threads to use.

Reading alignment file /home/mis/CSE6406-project/work/paper_subset_50x10_L200/ils_high/replicate_08/alignments/L200/locus_0009.phy ... Phylip format detected
Alignment most likely contains DNA/RNA sequences
Alignment has 21 sequences with 200 columns, 118 distinct patterns
87 parsimony-informative, 27 singleton sites, 86 constant sites
        Gap/Ambiguity  Composition  p-value
Analyzing sequences: done in 1.5318e-05 secs
   1  0_0_0     0.00%    passed     98.65%
   2  1_0_0     0.00%    passed     98.13%
   3  10_0_0    0.00%    passed     89.65%
   4  6_0_0     0.00%    passed     43.64%
   5  14_0_0    0.00%    passed     91.72%
   6  7_0_0     0.00%    passed     90.40%
   7  18_0_0    0.00%    passed     74.74%
   8  19_0_0    0.00%    passed     96.59%
   9  17_0_0    0.00%    passed     98.91%
  10  20_0_0    0.00%    passed     95.24%
  11  15_0_0    0.00%    passed     61.90%
  12  16_0_0    0.00%    passed     70.69%
  13  12_0_0    0.00%    passed     83.60%
  14  3_0_0     0.00%    passed     90.83%
  15  2_0_0     0.00%    passed     53.66%
  16  8_0_0     0.00%    passed     81.64%
  17  4_0_0     0.00%    passed     99.41%
  18  5_0_0     0.00%    passed     65.11%
  19  11_0_0    0.00%    passed     98.65%
  20  13_0_0    0.00%    passed     61.29%
  21  9_0_0     0.00%    passed     51.42%
****  TOTAL     0.00%  0 sequences failed composition chi2 test (p-value<5%; df=3)

Create initial parsimony tree by phylogenetic likelihood library (PLL)... 0.001 seconds

NOTE: 0 MB RAM (0 GB) is required!
Estimate model parameters (epsilon = 0.100)
1. Initial log-likelihood: -2801.531
2. Current log-likelihood: -2784.237
3. Current log-likelihood: -2784.051
Optimal log-likelihood: -2784.050
Rate parameters:  A-C: 1.10522  A-G: 1.17771  A-T: 0.82846  C-G: 0.95824  C-T: 1.64630  G-T: 1.00000
Base frequencies:  A: 0.324  C: 0.149  G: 0.227  T: 0.301
Parameters optimization took 3 rounds (0.011 sec)
Wrote distance file to... 
Computing ML distances based on estimated model parameters...
Calculating distance matrix: done in 0.00108874 secs using 84.59% CPU
Computing ML distances took 0.001137 sec (of wall-clock time) 0.000966 sec (of CPU time)
Setting up auxiliary I and S matrices: done in 5.7316e-05 secs using 99.45% CPU
Computing RapidNJ tree took 0.000229 sec (of wall-clock time) 0.000227 sec (of CPU time)
Log-likelihood of RapidNJ tree: -2796.572
--------------------------------------------------------------------
|             INITIALIZING CANDIDATE TREE SET                      |
--------------------------------------------------------------------
Generating 98 parsimony trees... 0.120 second
Computing log-likelihood of 98 initial trees ... 0.095 seconds
Current best score: -2783.068

Do NNI search on 20 best initial trees
Estimate model parameters (epsilon = 0.100)
BETTER TREE FOUND at iteration 1: -2782.683
Iteration 10 / LogL: -2782.814 / Time: 0h:0m:0s
Iteration 20 / LogL: -2785.429 / Time: 0h:0m:0s
Finish initializing candidate tree set (11)
Current best tree score: -2782.683 / CPU time: 0.346
Number of iterations: 20
--------------------------------------------------------------------
|               OPTIMIZING CANDIDATE TREE SET                      |
--------------------------------------------------------------------
Estimate model parameters (epsilon = 0.100)
BETTER TREE FOUND at iteration 30: -2782.529
Iteration 30 / LogL: -2782.529 / Time: 0h:0m:0s (0h:0m:1s left)
Iteration 40 / LogL: -2783.014 / Time: 0h:0m:0s (0h:0m:1s left)
Iteration 50 / LogL: -2782.820 / Time: 0h:0m:0s (0h:0m:1s left)
Iteration 60 / LogL: -2783.024 / Time: 0h:0m:0s (0h:0m:0s left)
Iteration 70 / LogL: -2782.885 / Time: 0h:0m:0s (0h:0m:0s left)
Iteration 80 / LogL: -2784.763 / Time: 0h:0m:1s (0h:0m:0s left)
Iteration 90 / LogL: -2784.779 / Time: 0h:0m:1s (0h:0m:0s left)
Iteration 100 / LogL: -2782.792 / Time: 0h:0m:1s (0h:0m:0s left)
Iteration 110 / LogL: -2782.765 / Time: 0h:0m:1s (0h:0m:0s left)
Iteration 120 / LogL: -2782.899 / Time: 0h:0m:1s (0h:0m:0s left)
Iteration 130 / LogL: -2783.953 / Time: 0h:0m:1s (0h:0m:0s left)
TREE SEARCH COMPLETED AFTER 131 ITERATIONS / Time: 0h:0m:1s

--------------------------------------------------------------------
|                    FINALIZING TREE SEARCH                        |
--------------------------------------------------------------------
Performs final model parameters optimization
Estimate model parameters (epsilon = 0.010)
1. Initial log-likelihood: -2782.529
Optimal log-likelihood: -2782.528
Rate parameters:  A-C: 1.09619  A-G: 1.05146  A-T: 0.79635  C-G: 0.91290  C-T: 1.54751  G-T: 1.00000
Base frequencies:  A: 0.324  C: 0.149  G: 0.227  T: 0.301
Parameters optimization took 1 rounds (0.002 sec)
BEST SCORE FOUND : -2782.528

Testing tree branches by aBayes parametric test...
0.003 sec.
Total tree length: 3.422

Total number of iterations: 131
CPU time used for tree search: 1.585 sec (0h:0m:1s)
Wall-clock time used for tree search: 1.687 sec (0h:0m:1s)
Total CPU time used: 1.620 sec (0h:0m:1s)
Total wall-clock time used: 1.722 sec (0h:0m:1s)

Analysis results written to: 
  IQ-TREE report:                /home/mis/CSE6406-project/work/paper_subset_50x10_L200/ils_high/replicate_08/estimated_gene_trees/L200/gtr/locus_0009.iqtree
  Maximum-likelihood tree:       /home/mis/CSE6406-project/work/paper_subset_50x10_L200/ils_high/replicate_08/estimated_gene_trees/L200/gtr/locus_0009.treefile
  Likelihood distances:          /home/mis/CSE6406-project/work/paper_subset_50x10_L200/ils_high/replicate_08/estimated_gene_trees/L200/gtr/locus_0009.mldist
  Screen log file:               /home/mis/CSE6406-project/work/paper_subset_50x10_L200/ils_high/replicate_08/estimated_gene_trees/L200/gtr/locus_0009.log

Date and Time: Sat Sep 12 21:45:45 2026
