IQ-TREE multicore version 2.4.0 for Linux x86 64-bit built Feb 12 2025
Developed by Bui Quang Minh, Nguyen Lam Tung, Olga Chernomor, Heiko Schmidt,
Dominik Schrempf, Michael Woodhams, Ly Trong Nhan, Thomas Wong

Host:    ezmata (AVX2, FMA3, 15 GB RAM)
Command: /home/mis/miniconda3/envs/cse6406/bin/iqtree2 -s /home/mis/CSE6406-project/work/paper_subset_50x10_L200/ils_high/replicate_08/alignments/L200/locus_0015.phy -m GTR --abayes -T 1 --seed 7206016 --prefix /home/mis/CSE6406-project/work/paper_subset_50x10_L200/ils_high/replicate_08/estimated_gene_trees/L200/gtr/locus_0015 --redo --quiet
Seed:    7206016 (Using SPRNG - Scalable Parallel Random Number Generator)
Time:    Sat Sep 12 21:45:44 2026
Kernel:  AVX+FMA - 1 threads (16 CPU cores detected)

HINT: Use -nt option to specify number of threads because your CPU has 16 cores!
HINT: -nt AUTO will automatically determine the best number of threads to use.

Reading alignment file /home/mis/CSE6406-project/work/paper_subset_50x10_L200/ils_high/replicate_08/alignments/L200/locus_0015.phy ... Phylip format detected
Alignment most likely contains DNA/RNA sequences
Alignment has 21 sequences with 200 columns, 106 distinct patterns
82 parsimony-informative, 22 singleton sites, 96 constant sites
        Gap/Ambiguity  Composition  p-value
Analyzing sequences: done in 9.25601e-06 secs using 21.61% CPU
   1  0_0_0     0.00%    passed     97.87%
   2  7_0_0     0.00%    passed     61.15%
   3  3_0_0     0.00%    passed     81.90%
   4  19_0_0    0.00%    passed     57.92%
   5  17_0_0    0.00%    passed     53.30%
   6  18_0_0    0.00%    passed     93.86%
   7  20_0_0    0.00%    passed     91.93%
   8  8_0_0     0.00%    passed     69.92%
   9  2_0_0     0.00%    passed     72.03%
  10  15_0_0    0.00%    passed     73.25%
  11  12_0_0    0.00%    passed    100.00%
  12  16_0_0    0.00%    passed     79.95%
  13  14_0_0    0.00%    passed     39.26%
  14  4_0_0     0.00%    passed     63.65%
  15  6_0_0     0.00%    passed     87.94%
  16  5_0_0     0.00%    passed     85.40%
  17  13_0_0    0.00%    passed     66.78%
  18  11_0_0    0.00%    passed     89.98%
  19  10_0_0    0.00%    passed     70.46%
  20  9_0_0     0.00%    passed     86.78%
  21  1_0_0     0.00%    passed     87.62%
****  TOTAL     0.00%  0 sequences failed composition chi2 test (p-value<5%; df=3)

Create initial parsimony tree by phylogenetic likelihood library (PLL)... 0.001 seconds

NOTE: 0 MB RAM (0 GB) is required!
Estimate model parameters (epsilon = 0.100)
1. Initial log-likelihood: -2793.230
2. Current log-likelihood: -2770.815
3. Current log-likelihood: -2770.596
Optimal log-likelihood: -2770.595
Rate parameters:  A-C: 0.76893  A-G: 1.65456  A-T: 1.09397  C-G: 0.73660  C-T: 1.14610  G-T: 1.00000
Base frequencies:  A: 0.279  C: 0.205  G: 0.200  T: 0.315
Parameters optimization took 3 rounds (0.005 sec)
Wrote distance file to... 
Computing ML distances based on estimated model parameters...
Calculating distance matrix: done in 0.000691787 secs using 93.67% CPU
Computing ML distances took 0.000719 sec (of wall-clock time) 0.000672 sec (of CPU time)
Setting up auxiliary I and S matrices: done in 5.7985e-05 secs using 100% CPU
Computing RapidNJ tree took 0.000241 sec (of wall-clock time) 0.000165 sec (of CPU time)
Log-likelihood of RapidNJ tree: -2785.385
--------------------------------------------------------------------
|             INITIALIZING CANDIDATE TREE SET                      |
--------------------------------------------------------------------
Generating 98 parsimony trees... 0.074 second
Computing log-likelihood of 98 initial trees ... 0.064 seconds
Current best score: -2752.211

Do NNI search on 20 best initial trees
Estimate model parameters (epsilon = 0.100)
BETTER TREE FOUND at iteration 1: -2749.458
Estimate model parameters (epsilon = 0.100)
BETTER TREE FOUND at iteration 4: -2749.223
Iteration 10 / LogL: -2752.347 / Time: 0h:0m:0s
Iteration 20 / LogL: -2758.083 / Time: 0h:0m:0s
Finish initializing candidate tree set (16)
Current best tree score: -2749.223 / CPU time: 0.213
Number of iterations: 20
--------------------------------------------------------------------
|               OPTIMIZING CANDIDATE TREE SET                      |
--------------------------------------------------------------------
Estimate model parameters (epsilon = 0.100)
BETTER TREE FOUND at iteration 26: -2748.106
Iteration 30 / LogL: -2748.207 / Time: 0h:0m:0s (0h:0m:0s left)
Iteration 40 / LogL: -2748.182 / Time: 0h:0m:0s (0h:0m:0s left)
Iteration 50 / LogL: -2748.682 / Time: 0h:0m:0s (0h:0m:0s left)
Iteration 60 / LogL: -2748.129 / Time: 0h:0m:0s (0h:0m:0s left)
Iteration 70 / LogL: -2749.251 / Time: 0h:0m:0s (0h:0m:0s left)
Iteration 80 / LogL: -2748.920 / Time: 0h:0m:0s (0h:0m:0s left)
Iteration 90 / LogL: -2748.138 / Time: 0h:0m:0s (0h:0m:0s left)
Iteration 100 / LogL: -2748.525 / Time: 0h:0m:0s (0h:0m:0s left)
Iteration 110 / LogL: -2748.151 / Time: 0h:0m:0s (0h:0m:0s left)
Iteration 120 / LogL: -2748.129 / Time: 0h:0m:0s (0h:0m:0s left)
TREE SEARCH COMPLETED AFTER 127 ITERATIONS / Time: 0h:0m:1s

--------------------------------------------------------------------
|                    FINALIZING TREE SEARCH                        |
--------------------------------------------------------------------
Performs final model parameters optimization
Estimate model parameters (epsilon = 0.010)
1. Initial log-likelihood: -2748.106
Optimal log-likelihood: -2748.106
Rate parameters:  A-C: 0.55782  A-G: 1.56833  A-T: 0.99367  C-G: 0.58995  C-T: 1.19221  G-T: 1.00000
Base frequencies:  A: 0.279  C: 0.205  G: 0.200  T: 0.315
Parameters optimization took 1 rounds (0.001 sec)
BEST SCORE FOUND : -2748.106

Testing tree branches by aBayes parametric test...
0.002 sec.
Total tree length: 3.388

Total number of iterations: 127
CPU time used for tree search: 0.914 sec (0h:0m:0s)
Wall-clock time used for tree search: 0.990 sec (0h:0m:0s)
Total CPU time used: 0.931 sec (0h:0m:0s)
Total wall-clock time used: 1.009 sec (0h:0m:1s)

Analysis results written to: 
  IQ-TREE report:                /home/mis/CSE6406-project/work/paper_subset_50x10_L200/ils_high/replicate_08/estimated_gene_trees/L200/gtr/locus_0015.iqtree
  Maximum-likelihood tree:       /home/mis/CSE6406-project/work/paper_subset_50x10_L200/ils_high/replicate_08/estimated_gene_trees/L200/gtr/locus_0015.treefile
  Likelihood distances:          /home/mis/CSE6406-project/work/paper_subset_50x10_L200/ils_high/replicate_08/estimated_gene_trees/L200/gtr/locus_0015.mldist
  Screen log file:               /home/mis/CSE6406-project/work/paper_subset_50x10_L200/ils_high/replicate_08/estimated_gene_trees/L200/gtr/locus_0015.log

Date and Time: Sat Sep 12 21:45:45 2026
