IQ-TREE multicore version 2.4.0 for Linux x86 64-bit built Feb 12 2025
Developed by Bui Quang Minh, Nguyen Lam Tung, Olga Chernomor, Heiko Schmidt,
Dominik Schrempf, Michael Woodhams, Ly Trong Nhan, Thomas Wong

Host:    ezmata (AVX2, FMA3, 15 GB RAM)
Command: /home/mis/miniconda3/envs/cse6406/bin/iqtree2 -s /home/mis/CSE6406-project/work/paper_subset_50x10_L200/ils_low/replicate_03/alignments/L200/locus_0041.phy -m GTR --abayes -T 1 --seed 6706042 --prefix /home/mis/CSE6406-project/work/paper_subset_50x10_L200/ils_low/replicate_03/estimated_gene_trees/L200/gtr/locus_0041 --redo --quiet
Seed:    6706042 (Using SPRNG - Scalable Parallel Random Number Generator)
Time:    Sat Sep 12 21:32:00 2026
Kernel:  AVX+FMA - 1 threads (16 CPU cores detected)

HINT: Use -nt option to specify number of threads because your CPU has 16 cores!
HINT: -nt AUTO will automatically determine the best number of threads to use.

Reading alignment file /home/mis/CSE6406-project/work/paper_subset_50x10_L200/ils_low/replicate_03/alignments/L200/locus_0041.phy ... Phylip format detected
Alignment most likely contains DNA/RNA sequences
Alignment has 21 sequences with 200 columns, 109 distinct patterns
86 parsimony-informative, 19 singleton sites, 95 constant sites
        Gap/Ambiguity  Composition  p-value
Analyzing sequences: done in 1.9742e-05 secs using 91.18% CPU
   1  0_0_0     0.00%    passed     89.55%
   2  16_0_0    0.00%    passed     95.52%
   3  19_0_0    0.00%    passed     94.33%
   4  10_0_0    0.00%    passed     61.92%
   5  12_0_0    0.00%    passed     78.57%
   6  4_0_0     0.00%    passed     72.67%
   7  13_0_0    0.00%    passed     80.03%
   8  17_0_0    0.00%    passed     83.60%
   9  8_0_0     0.00%    passed     99.70%
  10  11_0_0    0.00%    passed     85.28%
  11  18_0_0    0.00%    passed     60.67%
  12  6_0_0     0.00%    passed     44.96%
  13  7_0_0     0.00%    passed     71.15%
  14  5_0_0     0.00%    passed     80.40%
  15  14_0_0    0.00%    passed     62.74%
  16  9_0_0     0.00%    passed     93.13%
  17  20_0_0    0.00%    passed     95.32%
  18  15_0_0    0.00%    passed     94.39%
  19  1_0_0     0.00%    passed     93.21%
  20  3_0_0     0.00%    passed     62.33%
  21  2_0_0     0.00%    passed     51.10%
****  TOTAL     0.00%  0 sequences failed composition chi2 test (p-value<5%; df=3)

Create initial parsimony tree by phylogenetic likelihood library (PLL)... 0.001 seconds

NOTE: 0 MB RAM (0 GB) is required!
Estimate model parameters (epsilon = 0.100)
1. Initial log-likelihood: -2711.911
2. Current log-likelihood: -2689.023
3. Current log-likelihood: -2688.804
Optimal log-likelihood: -2688.804
Rate parameters:  A-C: 0.85745  A-G: 1.16151  A-T: 0.60857  C-G: 1.22214  C-T: 1.12423  G-T: 1.00000
Base frequencies:  A: 0.357  C: 0.188  G: 0.151  T: 0.304
Parameters optimization took 3 rounds (0.014 sec)
Wrote distance file to... 
Computing ML distances based on estimated model parameters...
Calculating distance matrix: done in 0.0012413 secs using 99.9% CPU
Computing ML distances took 0.001294 sec (of wall-clock time) 0.001299 sec (of CPU time)
Setting up auxiliary I and S matrices: done in 6.7606e-05 secs using 97.62% CPU
Computing RapidNJ tree took 0.000277 sec (of wall-clock time) 0.000070 sec (of CPU time)
Log-likelihood of RapidNJ tree: -2687.286
--------------------------------------------------------------------
|             INITIALIZING CANDIDATE TREE SET                      |
--------------------------------------------------------------------
Generating 98 parsimony trees... 0.127 second
Computing log-likelihood of 98 initial trees ... 0.054 seconds
Current best score: -2672.226

Do NNI search on 20 best initial trees
Estimate model parameters (epsilon = 0.100)
BETTER TREE FOUND at iteration 1: -2670.686
Estimate model parameters (epsilon = 0.100)
BETTER TREE FOUND at iteration 2: -2668.098
Iteration 10 / LogL: -2671.303 / Time: 0h:0m:0s
Iteration 20 / LogL: -2676.837 / Time: 0h:0m:0s
Finish initializing candidate tree set (14)
Current best tree score: -2668.098 / CPU time: 0.256
Number of iterations: 20
--------------------------------------------------------------------
|               OPTIMIZING CANDIDATE TREE SET                      |
--------------------------------------------------------------------
Iteration 30 / LogL: -2668.584 / Time: 0h:0m:0s (0h:0m:0s left)
Iteration 40 / LogL: -2668.107 / Time: 0h:0m:0s (0h:0m:0s left)
Iteration 50 / LogL: -2669.885 / Time: 0h:0m:0s (0h:0m:0s left)
Iteration 60 / LogL: -2669.860 / Time: 0h:0m:0s (0h:0m:0s left)
Iteration 70 / LogL: -2668.587 / Time: 0h:0m:0s (0h:0m:0s left)
Iteration 80 / LogL: -2669.888 / Time: 0h:0m:0s (0h:0m:0s left)
Iteration 90 / LogL: -2669.916 / Time: 0h:0m:0s (0h:0m:0s left)
Iteration 100 / LogL: -2670.289 / Time: 0h:0m:0s (0h:0m:0s left)
TREE SEARCH COMPLETED AFTER 103 ITERATIONS / Time: 0h:0m:0s

--------------------------------------------------------------------
|                    FINALIZING TREE SEARCH                        |
--------------------------------------------------------------------
Performs final model parameters optimization
Estimate model parameters (epsilon = 0.010)
1. Initial log-likelihood: -2668.098
Optimal log-likelihood: -2668.098
Rate parameters:  A-C: 0.98698  A-G: 1.38066  A-T: 0.65926  C-G: 1.55880  C-T: 1.31115  G-T: 1.00000
Base frequencies:  A: 0.357  C: 0.188  G: 0.151  T: 0.304
Parameters optimization took 1 rounds (0.001 sec)
BEST SCORE FOUND : -2668.098

Testing tree branches by aBayes parametric test...
0.001 sec.
Total tree length: 3.225

Total number of iterations: 103
CPU time used for tree search: 0.716 sec (0h:0m:0s)
Wall-clock time used for tree search: 0.780 sec (0h:0m:0s)
Total CPU time used: 0.749 sec (0h:0m:0s)
Total wall-clock time used: 0.815 sec (0h:0m:0s)

Analysis results written to: 
  IQ-TREE report:                /home/mis/CSE6406-project/work/paper_subset_50x10_L200/ils_low/replicate_03/estimated_gene_trees/L200/gtr/locus_0041.iqtree
  Maximum-likelihood tree:       /home/mis/CSE6406-project/work/paper_subset_50x10_L200/ils_low/replicate_03/estimated_gene_trees/L200/gtr/locus_0041.treefile
  Likelihood distances:          /home/mis/CSE6406-project/work/paper_subset_50x10_L200/ils_low/replicate_03/estimated_gene_trees/L200/gtr/locus_0041.mldist
  Screen log file:               /home/mis/CSE6406-project/work/paper_subset_50x10_L200/ils_low/replicate_03/estimated_gene_trees/L200/gtr/locus_0041.log

Date and Time: Sat Sep 12 21:32:01 2026
