IQ-TREE multicore version 2.4.0 for Linux x86 64-bit built Feb 12 2025
Developed by Bui Quang Minh, Nguyen Lam Tung, Olga Chernomor, Heiko Schmidt,
Dominik Schrempf, Michael Woodhams, Ly Trong Nhan, Thomas Wong

Host:    ezmata (AVX2, FMA3, 15 GB RAM)
Command: /home/mis/miniconda3/envs/cse6406/bin/iqtree2 -s /home/mis/CSE6406-project/work/paper_subset_50x10_L200/ils_low/replicate_03/alignments/L200/locus_0034.phy -m GTR --abayes -T 1 --seed 6706035 --prefix /home/mis/CSE6406-project/work/paper_subset_50x10_L200/ils_low/replicate_03/estimated_gene_trees/L200/gtr/locus_0034 --redo --quiet
Seed:    6706035 (Using SPRNG - Scalable Parallel Random Number Generator)
Time:    Sat Sep 12 21:31:59 2026
Kernel:  AVX+FMA - 1 threads (16 CPU cores detected)

HINT: Use -nt option to specify number of threads because your CPU has 16 cores!
HINT: -nt AUTO will automatically determine the best number of threads to use.

Reading alignment file /home/mis/CSE6406-project/work/paper_subset_50x10_L200/ils_low/replicate_03/alignments/L200/locus_0034.phy ... Phylip format detected
Alignment most likely contains DNA/RNA sequences
Alignment has 21 sequences with 200 columns, 118 distinct patterns
90 parsimony-informative, 25 singleton sites, 85 constant sites
        Gap/Ambiguity  Composition  p-value
Analyzing sequences: done in 5.63201e-06 secs using 53.27% CPU
   1  0_0_0     0.00%    passed     61.65%
   2  15_0_0    0.00%    passed     77.90%
   3  8_0_0     0.00%    passed     68.40%
   4  11_0_0    0.00%    passed     76.28%
   5  20_0_0    0.00%    passed     84.68%
   6  13_0_0    0.00%    passed     79.31%
   7  4_0_0     0.00%    passed     24.19%
   8  17_0_0    0.00%    passed     78.34%
   9  12_0_0    0.00%    passed     46.15%
  10  19_0_0    0.00%    passed     94.23%
  11  10_0_0    0.00%    passed     90.69%
  12  16_0_0    0.00%    passed     92.54%
  13  18_0_0    0.00%    passed     97.47%
  14  6_0_0     0.00%    passed     91.99%
  15  9_0_0     0.00%    passed     75.00%
  16  7_0_0     0.00%    passed     91.50%
  17  5_0_0     0.00%    passed     76.17%
  18  14_0_0    0.00%    passed     97.36%
  19  3_0_0     0.00%    passed     80.83%
  20  1_0_0     0.00%    passed     93.59%
  21  2_0_0     0.00%    passed     35.37%
****  TOTAL     0.00%  0 sequences failed composition chi2 test (p-value<5%; df=3)

Create initial parsimony tree by phylogenetic likelihood library (PLL)... 0.001 seconds

NOTE: 0 MB RAM (0 GB) is required!
Estimate model parameters (epsilon = 0.100)
1. Initial log-likelihood: -2895.749
2. Current log-likelihood: -2878.441
3. Current log-likelihood: -2878.286
Optimal log-likelihood: -2878.285
Rate parameters:  A-C: 0.84838  A-G: 1.51729  A-T: 0.95649  C-G: 1.20520  C-T: 1.41915  G-T: 1.00000
Base frequencies:  A: 0.324  C: 0.225  G: 0.177  T: 0.274
Parameters optimization took 3 rounds (0.004 sec)
Wrote distance file to... 
Computing ML distances based on estimated model parameters...
Calculating distance matrix: done in 0.000444153 secs using 99.74% CPU
Computing ML distances took 0.000463 sec (of wall-clock time) 0.000465 sec (of CPU time)
Setting up auxiliary I and S matrices: done in 4.527e-05 secs using 97.19% CPU
Computing RapidNJ tree took 0.000178 sec (of wall-clock time) 0.000331 sec (of CPU time)
Log-likelihood of RapidNJ tree: -2887.959
--------------------------------------------------------------------
|             INITIALIZING CANDIDATE TREE SET                      |
--------------------------------------------------------------------
Generating 98 parsimony trees... 0.062 second
Computing log-likelihood of 98 initial trees ... 0.046 seconds
Current best score: -2866.531

Do NNI search on 20 best initial trees
Estimate model parameters (epsilon = 0.100)
BETTER TREE FOUND at iteration 1: -2864.068
Iteration 10 / LogL: -2864.144 / Time: 0h:0m:0s
Iteration 20 / LogL: -2865.690 / Time: 0h:0m:0s
Finish initializing candidate tree set (11)
Current best tree score: -2864.068 / CPU time: 0.178
Number of iterations: 20
--------------------------------------------------------------------
|               OPTIMIZING CANDIDATE TREE SET                      |
--------------------------------------------------------------------
Iteration 30 / LogL: -2864.627 / Time: 0h:0m:0s (0h:0m:0s left)
Iteration 40 / LogL: -2865.402 / Time: 0h:0m:0s (0h:0m:0s left)
Iteration 50 / LogL: -2867.287 / Time: 0h:0m:0s (0h:0m:0s left)
Iteration 60 / LogL: -2864.183 / Time: 0h:0m:0s (0h:0m:0s left)
Iteration 70 / LogL: -2865.339 / Time: 0h:0m:0s (0h:0m:0s left)
Iteration 80 / LogL: -2864.655 / Time: 0h:0m:0s (0h:0m:0s left)
Iteration 90 / LogL: -2866.586 / Time: 0h:0m:0s (0h:0m:0s left)
Iteration 100 / LogL: -2864.092 / Time: 0h:0m:0s (0h:0m:0s left)
TREE SEARCH COMPLETED AFTER 102 ITERATIONS / Time: 0h:0m:0s

--------------------------------------------------------------------
|                    FINALIZING TREE SEARCH                        |
--------------------------------------------------------------------
Performs final model parameters optimization
Estimate model parameters (epsilon = 0.010)
1. Initial log-likelihood: -2864.068
Optimal log-likelihood: -2864.068
Rate parameters:  A-C: 0.78868  A-G: 1.41981  A-T: 0.89989  C-G: 0.99034  C-T: 1.38146  G-T: 1.00000
Base frequencies:  A: 0.324  C: 0.225  G: 0.177  T: 0.274
Parameters optimization took 1 rounds (0.001 sec)
BEST SCORE FOUND : -2864.068

Testing tree branches by aBayes parametric test...
0.002 sec.
Total tree length: 3.615

Total number of iterations: 102
CPU time used for tree search: 0.633 sec (0h:0m:0s)
Wall-clock time used for tree search: 0.681 sec (0h:0m:0s)
Total CPU time used: 0.647 sec (0h:0m:0s)
Total wall-clock time used: 0.696 sec (0h:0m:0s)

Analysis results written to: 
  IQ-TREE report:                /home/mis/CSE6406-project/work/paper_subset_50x10_L200/ils_low/replicate_03/estimated_gene_trees/L200/gtr/locus_0034.iqtree
  Maximum-likelihood tree:       /home/mis/CSE6406-project/work/paper_subset_50x10_L200/ils_low/replicate_03/estimated_gene_trees/L200/gtr/locus_0034.treefile
  Likelihood distances:          /home/mis/CSE6406-project/work/paper_subset_50x10_L200/ils_low/replicate_03/estimated_gene_trees/L200/gtr/locus_0034.mldist
  Screen log file:               /home/mis/CSE6406-project/work/paper_subset_50x10_L200/ils_low/replicate_03/estimated_gene_trees/L200/gtr/locus_0034.log

Date and Time: Sat Sep 12 21:32:00 2026
