IQ-TREE multicore version 2.4.0 for Linux x86 64-bit built Feb 12 2025
Developed by Bui Quang Minh, Nguyen Lam Tung, Olga Chernomor, Heiko Schmidt,
Dominik Schrempf, Michael Woodhams, Ly Trong Nhan, Thomas Wong

Host:    ezmata (AVX2, FMA3, 15 GB RAM)
Command: /home/mis/miniconda3/envs/cse6406/bin/iqtree2 -s /home/mis/CSE6406-project/work/paper_subset_50x10_L200/ils_low/replicate_03/alignments/L200/locus_0031.phy -m GTR --abayes -T 1 --seed 6706032 --prefix /home/mis/CSE6406-project/work/paper_subset_50x10_L200/ils_low/replicate_03/estimated_gene_trees/L200/gtr/locus_0031 --redo --quiet
Seed:    6706032 (Using SPRNG - Scalable Parallel Random Number Generator)
Time:    Sat Sep 12 21:31:59 2026
Kernel:  AVX+FMA - 1 threads (16 CPU cores detected)

HINT: Use -nt option to specify number of threads because your CPU has 16 cores!
HINT: -nt AUTO will automatically determine the best number of threads to use.

Reading alignment file /home/mis/CSE6406-project/work/paper_subset_50x10_L200/ils_low/replicate_03/alignments/L200/locus_0031.phy ... Phylip format detected
Alignment most likely contains DNA/RNA sequences
Alignment has 21 sequences with 200 columns, 118 distinct patterns
95 parsimony-informative, 20 singleton sites, 85 constant sites
        Gap/Ambiguity  Composition  p-value
Analyzing sequences: done in 1.0703e-05 secs
   1  0_0_0     0.00%    passed     98.88%
   2  3_0_0     0.00%    passed     67.02%
   3  1_0_0     0.00%    passed     93.26%
   4  2_0_0     0.00%    passed     80.14%
   5  16_0_0    0.00%    passed     76.32%
   6  19_0_0    0.00%    passed     80.79%
   7  10_0_0    0.00%    passed     82.62%
   8  17_0_0    0.00%    passed     84.22%
   9  4_0_0     0.00%    passed     37.93%
  10  13_0_0    0.00%    passed     38.21%
  11  12_0_0    0.00%    passed     96.37%
  12  11_0_0    0.00%    passed     81.65%
  13  8_0_0     0.00%    passed     77.33%
  14  15_0_0    0.00%    passed     98.53%
  15  18_0_0    0.00%    passed     70.78%
  16  9_0_0     0.00%    passed     79.83%
  17  7_0_0     0.00%    passed     93.28%
  18  5_0_0     0.00%    passed     81.35%
  19  14_0_0    0.00%    passed     87.61%
  20  6_0_0     0.00%    passed     93.32%
  21  20_0_0    0.00%    passed     81.18%
****  TOTAL     0.00%  0 sequences failed composition chi2 test (p-value<5%; df=3)

Create initial parsimony tree by phylogenetic likelihood library (PLL)... 0.001 seconds

NOTE: 0 MB RAM (0 GB) is required!
Estimate model parameters (epsilon = 0.100)
1. Initial log-likelihood: -3001.965
2. Current log-likelihood: -2980.687
3. Current log-likelihood: -2980.354
Optimal log-likelihood: -2980.351
Rate parameters:  A-C: 1.66534  A-G: 1.95462  A-T: 1.54941  C-G: 0.86478  C-T: 1.62508  G-T: 1.00000
Base frequencies:  A: 0.295  C: 0.198  G: 0.203  T: 0.305
Parameters optimization took 3 rounds (0.007 sec)
Wrote distance file to... 
Computing ML distances based on estimated model parameters...
Calculating distance matrix: done in 0.000481399 secs using 78.94% CPU
Computing ML distances took 0.000506 sec (of wall-clock time) 0.000400 sec (of CPU time)
Setting up auxiliary I and S matrices: done in 4.9026e-05 secs using 77.51% CPU
Computing RapidNJ tree took 0.000188 sec (of wall-clock time) 0.000280 sec (of CPU time)
Log-likelihood of RapidNJ tree: -2971.073
--------------------------------------------------------------------
|             INITIALIZING CANDIDATE TREE SET                      |
--------------------------------------------------------------------
Generating 98 parsimony trees... 0.091 second
Computing log-likelihood of 98 initial trees ... 0.079 seconds
Current best score: -2955.632

Do NNI search on 20 best initial trees
Estimate model parameters (epsilon = 0.100)
BETTER TREE FOUND at iteration 1: -2954.790
Iteration 10 / LogL: -2958.209 / Time: 0h:0m:0s
Iteration 20 / LogL: -2958.141 / Time: 0h:0m:0s
Finish initializing candidate tree set (16)
Current best tree score: -2954.790 / CPU time: 0.284
Number of iterations: 20
--------------------------------------------------------------------
|               OPTIMIZING CANDIDATE TREE SET                      |
--------------------------------------------------------------------
Estimate model parameters (epsilon = 0.100)
BETTER TREE FOUND at iteration 28: -2953.998
Iteration 30 / LogL: -2956.070 / Time: 0h:0m:0s (0h:0m:1s left)
Estimate model parameters (epsilon = 0.100)
BETTER TREE FOUND at iteration 35: -2953.180
Iteration 40 / LogL: -2954.297 / Time: 0h:0m:0s (0h:0m:1s left)
Iteration 50 / LogL: -2954.951 / Time: 0h:0m:0s (0h:0m:1s left)
Iteration 60 / LogL: -2954.470 / Time: 0h:0m:0s (0h:0m:0s left)
Iteration 70 / LogL: -2954.279 / Time: 0h:0m:0s (0h:0m:0s left)
Iteration 80 / LogL: -2954.583 / Time: 0h:0m:0s (0h:0m:0s left)
Iteration 90 / LogL: -2954.354 / Time: 0h:0m:0s (0h:0m:0s left)
Iteration 100 / LogL: -2956.116 / Time: 0h:0m:1s (0h:0m:0s left)
Iteration 110 / LogL: -2953.199 / Time: 0h:0m:1s (0h:0m:0s left)
Iteration 120 / LogL: -2953.300 / Time: 0h:0m:1s (0h:0m:0s left)
Iteration 130 / LogL: -2954.281 / Time: 0h:0m:1s (0h:0m:0s left)
TREE SEARCH COMPLETED AFTER 136 ITERATIONS / Time: 0h:0m:1s

--------------------------------------------------------------------
|                    FINALIZING TREE SEARCH                        |
--------------------------------------------------------------------
Performs final model parameters optimization
Estimate model parameters (epsilon = 0.010)
1. Initial log-likelihood: -2953.180
Optimal log-likelihood: -2953.179
Rate parameters:  A-C: 1.71988  A-G: 2.15286  A-T: 1.79034  C-G: 0.94745  C-T: 1.77695  G-T: 1.00000
Base frequencies:  A: 0.295  C: 0.198  G: 0.203  T: 0.305
Parameters optimization took 1 rounds (0.001 sec)
BEST SCORE FOUND : -2953.179

Testing tree branches by aBayes parametric test...
0.002 sec.
Total tree length: 3.716

Total number of iterations: 136
CPU time used for tree search: 1.171 sec (0h:0m:1s)
Wall-clock time used for tree search: 1.250 sec (0h:0m:1s)
Total CPU time used: 1.189 sec (0h:0m:1s)
Total wall-clock time used: 1.271 sec (0h:0m:1s)

Analysis results written to: 
  IQ-TREE report:                /home/mis/CSE6406-project/work/paper_subset_50x10_L200/ils_low/replicate_03/estimated_gene_trees/L200/gtr/locus_0031.iqtree
  Maximum-likelihood tree:       /home/mis/CSE6406-project/work/paper_subset_50x10_L200/ils_low/replicate_03/estimated_gene_trees/L200/gtr/locus_0031.treefile
  Likelihood distances:          /home/mis/CSE6406-project/work/paper_subset_50x10_L200/ils_low/replicate_03/estimated_gene_trees/L200/gtr/locus_0031.mldist
  Screen log file:               /home/mis/CSE6406-project/work/paper_subset_50x10_L200/ils_low/replicate_03/estimated_gene_trees/L200/gtr/locus_0031.log

Date and Time: Sat Sep 12 21:32:00 2026
