IQ-TREE multicore version 2.4.0 for Linux x86 64-bit built Feb 12 2025
Developed by Bui Quang Minh, Nguyen Lam Tung, Olga Chernomor, Heiko Schmidt,
Dominik Schrempf, Michael Woodhams, Ly Trong Nhan, Thomas Wong

Host:    ezmata (AVX2, FMA3, 15 GB RAM)
Command: /home/mis/miniconda3/envs/cse6406/bin/iqtree2 -s /home/mis/CSE6406-project/work/paper_subset_50x10_L200/ils_low/replicate_03/alignments/L200/locus_0027.phy -m GTR --abayes -T 1 --seed 6706028 --prefix /home/mis/CSE6406-project/work/paper_subset_50x10_L200/ils_low/replicate_03/estimated_gene_trees/L200/gtr/locus_0027 --redo --quiet
Seed:    6706028 (Using SPRNG - Scalable Parallel Random Number Generator)
Time:    Sat Sep 12 21:31:58 2026
Kernel:  AVX+FMA - 1 threads (16 CPU cores detected)

HINT: Use -nt option to specify number of threads because your CPU has 16 cores!
HINT: -nt AUTO will automatically determine the best number of threads to use.

Reading alignment file /home/mis/CSE6406-project/work/paper_subset_50x10_L200/ils_low/replicate_03/alignments/L200/locus_0027.phy ... Phylip format detected
Alignment most likely contains DNA/RNA sequences
Alignment has 21 sequences with 200 columns, 118 distinct patterns
96 parsimony-informative, 21 singleton sites, 83 constant sites
        Gap/Ambiguity  Composition  p-value
Analyzing sequences: done in 1.6063e-05 secs using 37.35% CPU
   1  1_0_0     0.00%    passed     70.60%
   2  3_0_0     0.00%    passed     65.27%
   3  2_0_0     0.00%    passed     79.99%
   4  15_0_0    0.00%    passed     98.06%
   5  8_0_0     0.00%    passed     89.46%
   6  11_0_0    0.00%    passed     92.11%
   7  10_0_0    0.00%    passed     94.38%
   8  19_0_0    0.00%    passed     82.92%
   9  12_0_0    0.00%    passed     64.94%
  10  17_0_0    0.00%    passed     37.67%
  11  13_0_0    0.00%    passed     99.99%
  12  4_0_0     0.00%    passed     78.88%
  13  16_0_0    0.00%    passed     88.57%
  14  20_0_0    0.00%    passed     73.33%
  15  6_0_0     0.00%    passed     77.53%
  16  7_0_0     0.00%    passed     83.53%
  17  5_0_0     0.00%    passed     54.75%
  18  14_0_0    0.00%    passed     62.79%
  19  9_0_0     0.00%    passed     77.07%
  20  18_0_0    0.00%    passed     13.23%
  21  0_0_0     0.00%    passed     51.68%
****  TOTAL     0.00%  0 sequences failed composition chi2 test (p-value<5%; df=3)

Create initial parsimony tree by phylogenetic likelihood library (PLL)... 0.001 seconds

NOTE: 0 MB RAM (0 GB) is required!
Estimate model parameters (epsilon = 0.100)
1. Initial log-likelihood: -2839.975
2. Current log-likelihood: -2813.137
3. Current log-likelihood: -2812.911
Optimal log-likelihood: -2812.909
Rate parameters:  A-C: 0.88029  A-G: 1.61958  A-T: 0.82613  C-G: 1.03022  C-T: 1.10734  G-T: 1.00000
Base frequencies:  A: 0.290  C: 0.204  G: 0.185  T: 0.321
Parameters optimization took 3 rounds (0.009 sec)
Wrote distance file to... 
Computing ML distances based on estimated model parameters...
Calculating distance matrix: done in 0.000887207 secs using 99.86% CPU
Computing ML distances took 0.000930 sec (of wall-clock time) 0.000933 sec (of CPU time)
Setting up auxiliary I and S matrices: done in 4.6717e-05 secs using 98.47% CPU
Computing RapidNJ tree took 0.000179 sec (of wall-clock time) 0.000178 sec (of CPU time)
Log-likelihood of RapidNJ tree: -2829.471
--------------------------------------------------------------------
|             INITIALIZING CANDIDATE TREE SET                      |
--------------------------------------------------------------------
Generating 98 parsimony trees... 0.080 second
Computing log-likelihood of 98 initial trees ... 0.049 seconds
Current best score: -2803.548

Do NNI search on 20 best initial trees
Estimate model parameters (epsilon = 0.100)
BETTER TREE FOUND at iteration 1: -2802.330
Estimate model parameters (epsilon = 0.100)
BETTER TREE FOUND at iteration 2: -2802.118
Estimate model parameters (epsilon = 0.100)
BETTER TREE FOUND at iteration 4: -2801.969
Iteration 10 / LogL: -2805.664 / Time: 0h:0m:0s
Iteration 20 / LogL: -2807.475 / Time: 0h:0m:0s
Finish initializing candidate tree set (10)
Current best tree score: -2801.969 / CPU time: 0.199
Number of iterations: 20
--------------------------------------------------------------------
|               OPTIMIZING CANDIDATE TREE SET                      |
--------------------------------------------------------------------
Iteration 30 / LogL: -2801.995 / Time: 0h:0m:0s (0h:0m:0s left)
Iteration 40 / LogL: -2805.726 / Time: 0h:0m:0s (0h:0m:0s left)
Iteration 50 / LogL: -2802.142 / Time: 0h:0m:0s (0h:0m:0s left)
Iteration 60 / LogL: -2801.974 / Time: 0h:0m:0s (0h:0m:0s left)
Iteration 70 / LogL: -2809.489 / Time: 0h:0m:0s (0h:0m:0s left)
Iteration 80 / LogL: -2802.139 / Time: 0h:0m:0s (0h:0m:0s left)
Iteration 90 / LogL: -2808.110 / Time: 0h:0m:0s (0h:0m:0s left)
Iteration 100 / LogL: -2801.997 / Time: 0h:0m:0s (0h:0m:0s left)
TREE SEARCH COMPLETED AFTER 105 ITERATIONS / Time: 0h:0m:0s

--------------------------------------------------------------------
|                    FINALIZING TREE SEARCH                        |
--------------------------------------------------------------------
Performs final model parameters optimization
Estimate model parameters (epsilon = 0.010)
1. Initial log-likelihood: -2801.969
Optimal log-likelihood: -2801.969
Rate parameters:  A-C: 0.90724  A-G: 1.68770  A-T: 0.79569  C-G: 1.04580  C-T: 1.17557  G-T: 1.00000
Base frequencies:  A: 0.290  C: 0.204  G: 0.185  T: 0.321
Parameters optimization took 1 rounds (0.001 sec)
BEST SCORE FOUND : -2801.969

Testing tree branches by aBayes parametric test...
0.001 sec.
Total tree length: 3.493

Total number of iterations: 105
CPU time used for tree search: 0.762 sec (0h:0m:0s)
Wall-clock time used for tree search: 0.820 sec (0h:0m:0s)
Total CPU time used: 0.787 sec (0h:0m:0s)
Total wall-clock time used: 0.847 sec (0h:0m:0s)

Analysis results written to: 
  IQ-TREE report:                /home/mis/CSE6406-project/work/paper_subset_50x10_L200/ils_low/replicate_03/estimated_gene_trees/L200/gtr/locus_0027.iqtree
  Maximum-likelihood tree:       /home/mis/CSE6406-project/work/paper_subset_50x10_L200/ils_low/replicate_03/estimated_gene_trees/L200/gtr/locus_0027.treefile
  Likelihood distances:          /home/mis/CSE6406-project/work/paper_subset_50x10_L200/ils_low/replicate_03/estimated_gene_trees/L200/gtr/locus_0027.mldist
  Screen log file:               /home/mis/CSE6406-project/work/paper_subset_50x10_L200/ils_low/replicate_03/estimated_gene_trees/L200/gtr/locus_0027.log

Date and Time: Sat Sep 12 21:31:59 2026
