IQ-TREE multicore version 2.4.0 for MacOS ARM 64-bit built Feb 12 2025
Developed by Bui Quang Minh, Nguyen Lam Tung, Olga Chernomor, Heiko Schmidt,
Dominik Schrempf, Michael Woodhams, Ly Trong Nhan, Thomas Wong

Host:    Fahims-MacBook-Air.local (SSE4.2, 16 GB RAM)
Command: /Users/fahim/miniconda3/envs/cse6406/bin/iqtree2 -s /Users/fahim/CSE6406-project/work/paper_subset_50x10_L1600/ils_low/replicate_05/alignments/L1600/locus_0020.phy -m HKY --abayes -T AUTO --seed 6906021 --prefix /Users/fahim/CSE6406-project/work/paper_subset_50x10_L1600/ils_low/replicate_05/estimated_gene_trees/L1600/hky/locus_0020 --redo --quiet
Seed:    6906021 (Using SPRNG - Scalable Parallel Random Number Generator)
Time:    Fri Sep 11 11:17:44 2026
Kernel:  SSE2 - auto-detect threads (10 CPU cores detected)

Reading alignment file /Users/fahim/CSE6406-project/work/paper_subset_50x10_L1600/ils_low/replicate_05/alignments/L1600/locus_0020.phy ... Phylip format detected
Alignment most likely contains DNA/RNA sequences
Alignment has 21 sequences with 1600 columns, 488 distinct patterns
390 parsimony-informative, 150 singleton sites, 1060 constant sites
        Gap/Ambiguity  Composition  p-value
Analyzing sequences: done in 3.38554e-05 secs using 109.3% CPU
   1  2_0_0     0.00%    passed     89.36%
   2  7_0_0     0.00%    passed     99.01%
   3  8_0_0     0.00%    passed     98.45%
   4  11_0_0    0.00%    passed     92.26%
   5  9_0_0     0.00%    passed     96.24%
   6  6_0_0     0.00%    passed     99.88%
   7  12_0_0    0.00%    passed     91.81%
   8  5_0_0     0.00%    passed     81.48%
   9  10_0_0    0.00%    passed     90.66%
  10  3_0_0     0.00%    passed     97.73%
  11  4_0_0     0.00%    passed     91.43%
  12  1_0_0     0.00%    passed     94.73%
  13  18_0_0    0.00%    passed     95.22%
  14  14_0_0    0.00%    passed     90.53%
  15  13_0_0    0.00%    passed     97.33%
  16  16_0_0    0.00%    passed     94.70%
  17  17_0_0    0.00%    passed     87.01%
  18  19_0_0    0.00%    passed     78.34%
  19  20_0_0    0.00%    passed     99.39%
  20  15_0_0    0.00%    passed     97.61%
  21  0_0_0     0.00%    passed     55.95%
****  TOTAL     0.00%  0 sequences failed composition chi2 test (p-value<5%; df=3)

Create initial parsimony tree by phylogenetic likelihood library (PLL)... 0.001 seconds

NOTE: 0 MB RAM (0 GB) is required!
Measuring multi-threading efficiency up to 10 CPU cores
Increase to 10 rounds for branch lengths
6072 trees examined
Threads: 1 / Time: 10.001 sec / Speedup: 1.000 / Efficiency: 100% / LogL: -12483
Threads: 2 / Time: 26.982 sec / Speedup: 0.371 / Efficiency: 19% / LogL: -12483
BEST NUMBER OF THREADS: 1

Estimate model parameters (epsilon = 0.100)
1. Initial log-likelihood: -10203.284
2. Current log-likelihood: -10112.585
Optimal log-likelihood: -10112.516
Rate parameters:  A-C: 1.00000  A-G: 1.96350  A-T: 1.00000  C-G: 1.00000  C-T: 1.96350  G-T: 1.00000
Base frequencies:  A: 0.296  C: 0.205  G: 0.199  T: 0.299
Parameters optimization took 2 rounds (0.002 sec)
Wrote distance file to... 
Computing ML distances based on estimated model parameters...
Calculating distance matrix: done in 0.000447989 secs using 99.33% CPU
Computing ML distances took 0.000476 sec (of wall-clock time) 0.000466 sec (of CPU time)
Setting up auxiliary I and S matrices: done in 1.71661e-05 secs using 64.08% CPU
Computing RapidNJ tree took 0.000058 sec (of wall-clock time) 0.000063 sec (of CPU time)
Log-likelihood of RapidNJ tree: -10152.423
--------------------------------------------------------------------
|             INITIALIZING CANDIDATE TREE SET                      |
--------------------------------------------------------------------
Generating 98 parsimony trees... 0.061 second
Computing log-likelihood of 98 initial trees ... 0.043 seconds
Current best score: -10112.516

Do NNI search on 20 best initial trees
Estimate model parameters (epsilon = 0.100)
BETTER TREE FOUND at iteration 1: -10112.516
Iteration 10 / LogL: -10112.516 / Time: 0h:0m:37s
Iteration 20 / LogL: -10120.271 / Time: 0h:0m:37s
Finish initializing candidate tree set (3)
Current best tree score: -10112.516 / CPU time: 0.207
Number of iterations: 20
--------------------------------------------------------------------
|               OPTIMIZING CANDIDATE TREE SET                      |
--------------------------------------------------------------------
Iteration 30 / LogL: -10120.279 / Time: 0h:0m:37s (0h:1m:31s left)
Iteration 40 / LogL: -10148.089 / Time: 0h:0m:37s (0h:0m:58s left)
Iteration 50 / LogL: -10112.803 / Time: 0h:0m:37s (0h:0m:38s left)
Iteration 60 / LogL: -10112.516 / Time: 0h:0m:37s (0h:0m:26s left)
Iteration 70 / LogL: -10148.242 / Time: 0h:0m:37s (0h:0m:16s left)
Iteration 80 / LogL: -10120.270 / Time: 0h:0m:37s (0h:0m:9s left)
Iteration 90 / LogL: -10112.517 / Time: 0h:0m:37s (0h:0m:4s left)
Iteration 100 / LogL: -10120.270 / Time: 0h:0m:37s (0h:0m:0s left)
TREE SEARCH COMPLETED AFTER 102 ITERATIONS / Time: 0h:0m:37s

--------------------------------------------------------------------
|                    FINALIZING TREE SEARCH                        |
--------------------------------------------------------------------
Performs final model parameters optimization
Estimate model parameters (epsilon = 0.010)
1. Initial log-likelihood: -10112.516
Optimal log-likelihood: -10112.516
Rate parameters:  A-C: 1.00000  A-G: 1.96355  A-T: 1.00000  C-G: 1.00000  C-T: 1.96355  G-T: 1.00000
Base frequencies:  A: 0.296  C: 0.205  G: 0.199  T: 0.299
Parameters optimization took 1 rounds (0.001 sec)
BEST SCORE FOUND : -10112.516

Testing tree branches by aBayes parametric test...
0.001 sec.
Total tree length: 0.964

Total number of iterations: 102
CPU time used for tree search: 0.685 sec (0h:0m:0s)
Wall-clock time used for tree search: 0.686 sec (0h:0m:0s)
Total CPU time used: 29.995 sec (0h:0m:29s)
Total wall-clock time used: 37.680 sec (0h:0m:37s)

Analysis results written to: 
  IQ-TREE report:                /Users/fahim/CSE6406-project/work/paper_subset_50x10_L1600/ils_low/replicate_05/estimated_gene_trees/L1600/hky/locus_0020.iqtree
  Maximum-likelihood tree:       /Users/fahim/CSE6406-project/work/paper_subset_50x10_L1600/ils_low/replicate_05/estimated_gene_trees/L1600/hky/locus_0020.treefile
  Likelihood distances:          /Users/fahim/CSE6406-project/work/paper_subset_50x10_L1600/ils_low/replicate_05/estimated_gene_trees/L1600/hky/locus_0020.mldist
  Screen log file:               /Users/fahim/CSE6406-project/work/paper_subset_50x10_L1600/ils_low/replicate_05/estimated_gene_trees/L1600/hky/locus_0020.log

Date and Time: Fri Sep 11 11:18:22 2026
