IQ-TREE multicore version 2.4.0 for Linux x86 64-bit built Feb 12 2025
Developed by Bui Quang Minh, Nguyen Lam Tung, Olga Chernomor, Heiko Schmidt,
Dominik Schrempf, Michael Woodhams, Ly Trong Nhan, Thomas Wong

Host:    ezmata (AVX2, FMA3, 15 GB RAM)
Command: /home/mis/miniconda3/envs/cse6406/bin/iqtree2 -s /home/mis/CSE6406-project/work/paper_subset_50x10_L200/ils_low/replicate_09/alignments/L200/locus_0006.phy -m JC --abayes -T 1 --seed 7306007 --prefix /home/mis/CSE6406-project/work/paper_subset_50x10_L200/ils_low/replicate_09/estimated_gene_trees/L200/jc/locus_0006 --redo --quiet
Seed:    7306007 (Using SPRNG - Scalable Parallel Random Number Generator)
Time:    Sat Sep 12 21:38:19 2026
Kernel:  AVX+FMA - 1 threads (16 CPU cores detected)

HINT: Use -nt option to specify number of threads because your CPU has 16 cores!
HINT: -nt AUTO will automatically determine the best number of threads to use.

Reading alignment file /home/mis/CSE6406-project/work/paper_subset_50x10_L200/ils_low/replicate_09/alignments/L200/locus_0006.phy ... Phylip format detected
Alignment most likely contains DNA/RNA sequences
Alignment has 21 sequences with 200 columns, 115 distinct patterns
92 parsimony-informative, 22 singleton sites, 86 constant sites
        Gap/Ambiguity  Composition  p-value
Analyzing sequences: done in 1.0586e-05 secs using 94.46% CPU
   1  13_0_0    0.00%    passed     90.71%
   2  14_0_0    0.00%    passed     86.94%
   3  7_0_0     0.00%    passed     98.67%
   4  2_0_0     0.00%    passed     93.81%
   5  10_0_0    0.00%    passed     97.64%
   6  17_0_0    0.00%    passed     97.08%
   7  18_0_0    0.00%    passed     99.56%
   8  15_0_0    0.00%    passed     97.18%
   9  5_0_0     0.00%    passed     98.92%
  10  11_0_0    0.00%    passed     99.59%
  11  4_0_0     0.00%    passed     90.98%
  12  20_0_0    0.00%    passed     92.61%
  13  12_0_0    0.00%    passed     78.05%
  14  6_0_0     0.00%    passed     86.66%
  15  19_0_0    0.00%    passed     83.90%
  16  9_0_0     0.00%    passed     91.62%
  17  3_0_0     0.00%    passed     55.91%
  18  8_0_0     0.00%    passed     69.01%
  19  16_0_0    0.00%    passed     60.58%
  20  1_0_0     0.00%    passed     78.25%
  21  0_0_0     0.00%    passed     85.26%
****  TOTAL     0.00%  0 sequences failed composition chi2 test (p-value<5%; df=3)

Create initial parsimony tree by phylogenetic likelihood library (PLL)... 0.001 seconds

NOTE: 0 MB RAM (0 GB) is required!
Estimate model parameters (epsilon = 0.100)
1. Initial log-likelihood: -2831.242
Optimal log-likelihood: -2823.073
Rate parameters:  A-C: 1.00000  A-G: 1.00000  A-T: 1.00000  C-G: 1.00000  C-T: 1.00000  G-T: 1.00000
Base frequencies:  A: 0.250  C: 0.250  G: 0.250  T: 0.250
Parameters optimization took 1 rounds (0.001 sec)
Wrote distance file to... 
Computing ML distances based on estimated model parameters...
Calculating distance matrix: done in 0.000669371 secs using 99.94% CPU
Computing ML distances took 0.000697 sec (of wall-clock time) 0.000699 sec (of CPU time)
Setting up auxiliary I and S matrices: done in 7.0012e-05 secs using 98.55% CPU
Computing RapidNJ tree took 0.000280 sec (of wall-clock time) 0.000569 sec (of CPU time)
Log-likelihood of RapidNJ tree: -2834.034
--------------------------------------------------------------------
|             INITIALIZING CANDIDATE TREE SET                      |
--------------------------------------------------------------------
Generating 98 parsimony trees... 0.084 second
Computing log-likelihood of 98 initial trees ... 0.053 seconds
Current best score: -2817.529

Do NNI search on 20 best initial trees
Estimate model parameters (epsilon = 0.100)
BETTER TREE FOUND at iteration 1: -2817.164
Iteration 10 / LogL: -2817.851 / Time: 0h:0m:0s
Iteration 20 / LogL: -2818.855 / Time: 0h:0m:0s
Finish initializing candidate tree set (15)
Current best tree score: -2817.164 / CPU time: 0.206
Number of iterations: 20
--------------------------------------------------------------------
|               OPTIMIZING CANDIDATE TREE SET                      |
--------------------------------------------------------------------
Iteration 30 / LogL: -2817.523 / Time: 0h:0m:0s (0h:0m:0s left)
Estimate model parameters (epsilon = 0.100)
BETTER TREE FOUND at iteration 38: -2816.948
Iteration 40 / LogL: -2817.961 / Time: 0h:0m:0s (0h:0m:0s left)
Iteration 50 / LogL: -2820.160 / Time: 0h:0m:0s (0h:0m:0s left)
Iteration 60 / LogL: -2817.200 / Time: 0h:0m:0s (0h:0m:0s left)
Iteration 70 / LogL: -2817.373 / Time: 0h:0m:0s (0h:0m:0s left)
Iteration 80 / LogL: -2819.821 / Time: 0h:0m:0s (0h:0m:0s left)
Iteration 90 / LogL: -2816.954 / Time: 0h:0m:0s (0h:0m:0s left)
Iteration 100 / LogL: -2817.273 / Time: 0h:0m:0s (0h:0m:0s left)
Iteration 110 / LogL: -2817.671 / Time: 0h:0m:0s (0h:0m:0s left)
Iteration 120 / LogL: -2817.167 / Time: 0h:0m:0s (0h:0m:0s left)
Iteration 130 / LogL: -2817.850 / Time: 0h:0m:0s (0h:0m:0s left)
TREE SEARCH COMPLETED AFTER 139 ITERATIONS / Time: 0h:0m:1s

--------------------------------------------------------------------
|                    FINALIZING TREE SEARCH                        |
--------------------------------------------------------------------
Performs final model parameters optimization
Estimate model parameters (epsilon = 0.010)
1. Initial log-likelihood: -2816.948
Optimal log-likelihood: -2816.948
Rate parameters:  A-C: 1.00000  A-G: 1.00000  A-T: 1.00000  C-G: 1.00000  C-T: 1.00000  G-T: 1.00000
Base frequencies:  A: 0.250  C: 0.250  G: 0.250  T: 0.250
Parameters optimization took 1 rounds (0.001 sec)
BEST SCORE FOUND : -2816.948

Testing tree branches by aBayes parametric test...
0.001 sec.
Total tree length: 3.483

Total number of iterations: 139
CPU time used for tree search: 0.898 sec (0h:0m:0s)
Wall-clock time used for tree search: 0.995 sec (0h:0m:0s)
Total CPU time used: 0.914 sec (0h:0m:0s)
Total wall-clock time used: 1.010 sec (0h:0m:1s)

Analysis results written to: 
  IQ-TREE report:                /home/mis/CSE6406-project/work/paper_subset_50x10_L200/ils_low/replicate_09/estimated_gene_trees/L200/jc/locus_0006.iqtree
  Maximum-likelihood tree:       /home/mis/CSE6406-project/work/paper_subset_50x10_L200/ils_low/replicate_09/estimated_gene_trees/L200/jc/locus_0006.treefile
  Likelihood distances:          /home/mis/CSE6406-project/work/paper_subset_50x10_L200/ils_low/replicate_09/estimated_gene_trees/L200/jc/locus_0006.mldist
  Screen log file:               /home/mis/CSE6406-project/work/paper_subset_50x10_L200/ils_low/replicate_09/estimated_gene_trees/L200/jc/locus_0006.log

Date and Time: Sat Sep 12 21:38:20 2026
