IQ-TREE multicore version 2.4.0 for MacOS ARM 64-bit built Feb 12 2025
Developed by Bui Quang Minh, Nguyen Lam Tung, Olga Chernomor, Heiko Schmidt,
Dominik Schrempf, Michael Woodhams, Ly Trong Nhan, Thomas Wong

Host:    Fahims-MacBook-Air.local (SSE4.2, 16 GB RAM)
Command: /Users/fahim/miniconda3/envs/cse6406/bin/iqtree2 -s /Users/fahim/CSE6406-project/work/paper_subset_50x10_L1600/ils_low/replicate_03/alignments/L1600/locus_0026.phy -m HKY --abayes -T AUTO --seed 6706027 --prefix /Users/fahim/CSE6406-project/work/paper_subset_50x10_L1600/ils_low/replicate_03/estimated_gene_trees/L1600/hky/locus_0026 --redo --quiet
Seed:    6706027 (Using SPRNG - Scalable Parallel Random Number Generator)
Time:    Fri Sep 11 06:48:49 2026
Kernel:  SSE2 - auto-detect threads (10 CPU cores detected)

Reading alignment file /Users/fahim/CSE6406-project/work/paper_subset_50x10_L1600/ils_low/replicate_03/alignments/L1600/locus_0026.phy ... Phylip format detected
Alignment most likely contains DNA/RNA sequences
Alignment has 21 sequences with 1600 columns, 870 distinct patterns
747 parsimony-informative, 167 singleton sites, 686 constant sites
        Gap/Ambiguity  Composition  p-value
Analyzing sequences: done in 4.69685e-05 secs using 125.6% CPU
   1  0_0_0     0.00%    passed     62.37%
   2  2_0_0     0.00%    passed     90.83%
   3  1_0_0     0.00%    passed     53.64%
   4  3_0_0     0.00%    passed     34.49%
   5  11_0_0    0.00%    passed     65.77%
   6  8_0_0     0.00%    passed     18.94%
   7  16_0_0    0.00%    passed     92.14%
   8  10_0_0    0.00%    passed     53.35%
   9  19_0_0    0.00%    passed     34.94%
  10  13_0_0    0.00%    passed     95.46%
  11  4_0_0     0.00%    passed     99.39%
  12  17_0_0    0.00%    passed     93.99%
  13  12_0_0    0.00%    passed     82.44%
  14  15_0_0    0.00%    passed     74.94%
  15  20_0_0    0.00%    passed     99.22%
  16  14_0_0    0.00%    passed     67.08%
  17  5_0_0     0.00%    passed     99.75%
  18  7_0_0     0.00%    passed     84.96%
  19  9_0_0     0.00%    passed     92.89%
  20  6_0_0     0.00%    passed     48.90%
  21  18_0_0    0.00%    passed     96.77%
****  TOTAL     0.00%  0 sequences failed composition chi2 test (p-value<5%; df=3)

Create initial parsimony tree by phylogenetic likelihood library (PLL)... 0.001 seconds

NOTE: 0 MB RAM (0 GB) is required!
Measuring multi-threading efficiency up to 10 CPU cores
Increase to 10 rounds for branch lengths
2993 trees examined
Threads: 1 / Time: 10.002 sec / Speedup: 1.000 / Efficiency: 100% / LogL: -26209
Threads: 2 / Time: 19.812 sec / Speedup: 0.505 / Efficiency: 25% / LogL: -26209
BEST NUMBER OF THREADS: 1

Estimate model parameters (epsilon = 0.100)
1. Initial log-likelihood: -23250.507
2. Current log-likelihood: -23117.664
3. Current log-likelihood: -23117.504
Optimal log-likelihood: -23117.504
Rate parameters:  A-C: 1.00000  A-G: 1.47309  A-T: 1.00000  C-G: 1.00000  C-T: 1.47309  G-T: 1.00000
Base frequencies:  A: 0.284  C: 0.197  G: 0.200  T: 0.319
Parameters optimization took 3 rounds (0.006 sec)
Wrote distance file to... 
Computing ML distances based on estimated model parameters...
Calculating distance matrix: done in 0.000446081 secs using 97.74% CPU
Computing ML distances took 0.000494 sec (of wall-clock time) 0.000471 sec (of CPU time)
Setting up auxiliary I and S matrices: done in 1.40667e-05 secs using 78.2% CPU
Computing RapidNJ tree took 0.000059 sec (of wall-clock time) 0.000065 sec (of CPU time)
Log-likelihood of RapidNJ tree: -23178.935
--------------------------------------------------------------------
|             INITIALIZING CANDIDATE TREE SET                      |
--------------------------------------------------------------------
Generating 98 parsimony trees... 0.085 second
Computing log-likelihood of 98 initial trees ... 0.067 seconds
Current best score: -23112.842

Do NNI search on 20 best initial trees
Estimate model parameters (epsilon = 0.100)
BETTER TREE FOUND at iteration 1: -23111.196
Iteration 10 / LogL: -23111.232 / Time: 0h:0m:30s
Iteration 20 / LogL: -23112.475 / Time: 0h:0m:30s
Finish initializing candidate tree set (5)
Current best tree score: -23111.196 / CPU time: 0.317
Number of iterations: 20
--------------------------------------------------------------------
|               OPTIMIZING CANDIDATE TREE SET                      |
--------------------------------------------------------------------
Iteration 30 / LogL: -23111.202 / Time: 0h:0m:30s (0h:1m:14s left)
Iteration 40 / LogL: -23112.434 / Time: 0h:0m:30s (0h:0m:47s left)
Iteration 50 / LogL: -23114.254 / Time: 0h:0m:30s (0h:0m:31s left)
Iteration 60 / LogL: -23113.692 / Time: 0h:0m:30s (0h:0m:21s left)
Iteration 70 / LogL: -23111.220 / Time: 0h:0m:30s (0h:0m:13s left)
Iteration 80 / LogL: -23111.213 / Time: 0h:0m:30s (0h:0m:8s left)
Iteration 90 / LogL: -23111.205 / Time: 0h:0m:30s (0h:0m:3s left)
Iteration 100 / LogL: -23111.238 / Time: 0h:0m:30s (0h:0m:0s left)
TREE SEARCH COMPLETED AFTER 102 ITERATIONS / Time: 0h:0m:30s

--------------------------------------------------------------------
|                    FINALIZING TREE SEARCH                        |
--------------------------------------------------------------------
Performs final model parameters optimization
Estimate model parameters (epsilon = 0.010)
1. Initial log-likelihood: -23111.196
Optimal log-likelihood: -23111.196
Rate parameters:  A-C: 1.00000  A-G: 1.49054  A-T: 1.00000  C-G: 1.00000  C-T: 1.49054  G-T: 1.00000
Base frequencies:  A: 0.284  C: 0.197  G: 0.200  T: 0.319
Parameters optimization took 1 rounds (0.001 sec)
BEST SCORE FOUND : -23111.196

Testing tree branches by aBayes parametric test...
0.002 sec.
Total tree length: 3.642

Total number of iterations: 102
CPU time used for tree search: 1.080 sec (0h:0m:1s)
Wall-clock time used for tree search: 1.082 sec (0h:0m:1s)
Total CPU time used: 27.222 sec (0h:0m:27s)
Total wall-clock time used: 30.914 sec (0h:0m:30s)

Analysis results written to: 
  IQ-TREE report:                /Users/fahim/CSE6406-project/work/paper_subset_50x10_L1600/ils_low/replicate_03/estimated_gene_trees/L1600/hky/locus_0026.iqtree
  Maximum-likelihood tree:       /Users/fahim/CSE6406-project/work/paper_subset_50x10_L1600/ils_low/replicate_03/estimated_gene_trees/L1600/hky/locus_0026.treefile
  Likelihood distances:          /Users/fahim/CSE6406-project/work/paper_subset_50x10_L1600/ils_low/replicate_03/estimated_gene_trees/L1600/hky/locus_0026.mldist
  Screen log file:               /Users/fahim/CSE6406-project/work/paper_subset_50x10_L1600/ils_low/replicate_03/estimated_gene_trees/L1600/hky/locus_0026.log

Date and Time: Fri Sep 11 06:49:20 2026
