IQ-TREE multicore version 2.4.0 for MacOS ARM 64-bit built Feb 12 2025
Developed by Bui Quang Minh, Nguyen Lam Tung, Olga Chernomor, Heiko Schmidt,
Dominik Schrempf, Michael Woodhams, Ly Trong Nhan, Thomas Wong

Host:    Fahims-MacBook-Air.local (SSE4.2, 16 GB RAM)
Command: /Users/fahim/miniconda3/envs/cse6406/bin/iqtree2 -s /Users/fahim/CSE6406-project/work/paper_subset_50x10_L1600/ils_low/replicate_03/alignments/L1600/locus_0043.phy -m HKY --abayes -T AUTO --seed 6706044 --prefix /Users/fahim/CSE6406-project/work/paper_subset_50x10_L1600/ils_low/replicate_03/estimated_gene_trees/L1600/hky/locus_0043 --redo --quiet
Seed:    6706044 (Using SPRNG - Scalable Parallel Random Number Generator)
Time:    Fri Sep 11 06:57:36 2026
Kernel:  SSE2 - auto-detect threads (10 CPU cores detected)

Reading alignment file /Users/fahim/CSE6406-project/work/paper_subset_50x10_L1600/ils_low/replicate_03/alignments/L1600/locus_0043.phy ... Phylip format detected
Alignment most likely contains DNA/RNA sequences
Alignment has 21 sequences with 1600 columns, 866 distinct patterns
756 parsimony-informative, 157 singleton sites, 687 constant sites
        Gap/Ambiguity  Composition  p-value
Analyzing sequences: done in 3.88622e-05 secs using 141.5% CPU
   1  0_0_0     0.00%    passed     75.26%
   2  3_0_0     0.00%    passed     84.52%
   3  1_0_0     0.00%    passed     95.67%
   4  2_0_0     0.00%    passed     97.51%
   5  20_0_0    0.00%    passed     88.28%
   6  15_0_0    0.00%    passed     90.19%
   7  11_0_0    0.00%    passed     87.07%
   8  8_0_0     0.00%    passed     66.69%
   9  6_0_0     0.00%    passed     96.54%
  10  9_0_0     0.00%    passed     92.40%
  11  5_0_0     0.00%    passed     93.21%
  12  14_0_0    0.00%    passed     98.93%
  13  7_0_0     0.00%    passed     36.72%
  14  18_0_0    0.00%    passed     98.58%
  15  16_0_0    0.00%    passed     98.55%
  16  4_0_0     0.00%    passed     56.83%
  17  13_0_0    0.00%    passed     74.72%
  18  17_0_0    0.00%    passed     44.91%
  19  12_0_0    0.00%    passed     98.00%
  20  19_0_0    0.00%    passed     64.08%
  21  10_0_0    0.00%    passed     86.85%
****  TOTAL     0.00%  0 sequences failed composition chi2 test (p-value<5%; df=3)

Create initial parsimony tree by phylogenetic likelihood library (PLL)... 0.001 seconds

NOTE: 0 MB RAM (0 GB) is required!
Measuring multi-threading efficiency up to 10 CPU cores
Increase to 10 rounds for branch lengths
3172 trees examined
Threads: 1 / Time: 10.000 sec / Speedup: 1.000 / Efficiency: 100% / LogL: -26533
Threads: 2 / Time: 19.873 sec / Speedup: 0.503 / Efficiency: 25% / LogL: -26533
BEST NUMBER OF THREADS: 1

Estimate model parameters (epsilon = 0.100)
1. Initial log-likelihood: -23918.995
2. Current log-likelihood: -23809.243
3. Current log-likelihood: -23809.118
Optimal log-likelihood: -23809.118
Rate parameters:  A-C: 1.00000  A-G: 1.37317  A-T: 1.00000  C-G: 1.00000  C-T: 1.37317  G-T: 1.00000
Base frequencies:  A: 0.305  C: 0.191  G: 0.207  T: 0.297
Parameters optimization took 3 rounds (0.005 sec)
Wrote distance file to... 
Computing ML distances based on estimated model parameters...
Calculating distance matrix: done in 0.000458956 secs using 97.18% CPU
Computing ML distances took 0.000505 sec (of wall-clock time) 0.000484 sec (of CPU time)
Setting up auxiliary I and S matrices: done in 1.40667e-05 secs using 78.2% CPU
Computing RapidNJ tree took 0.000060 sec (of wall-clock time) 0.000065 sec (of CPU time)
Log-likelihood of RapidNJ tree: -23874.925
--------------------------------------------------------------------
|             INITIALIZING CANDIDATE TREE SET                      |
--------------------------------------------------------------------
Generating 98 parsimony trees... 0.085 second
Computing log-likelihood of 98 initial trees ... 0.067 seconds
Current best score: -23804.098

Do NNI search on 20 best initial trees
Estimate model parameters (epsilon = 0.100)
BETTER TREE FOUND at iteration 1: -23802.317
Iteration 10 / LogL: -23806.699 / Time: 0h:0m:30s
Iteration 20 / LogL: -23802.343 / Time: 0h:0m:30s
Finish initializing candidate tree set (7)
Current best tree score: -23802.317 / CPU time: 0.282
Number of iterations: 20
--------------------------------------------------------------------
|               OPTIMIZING CANDIDATE TREE SET                      |
--------------------------------------------------------------------
Iteration 30 / LogL: -23805.153 / Time: 0h:0m:30s (0h:1m:14s left)
Iteration 40 / LogL: -23802.402 / Time: 0h:0m:30s (0h:0m:47s left)
Iteration 50 / LogL: -23802.497 / Time: 0h:0m:30s (0h:0m:31s left)
Iteration 60 / LogL: -23802.486 / Time: 0h:0m:30s (0h:0m:21s left)
Iteration 70 / LogL: -23802.350 / Time: 0h:0m:30s (0h:0m:13s left)
Iteration 80 / LogL: -23802.334 / Time: 0h:0m:30s (0h:0m:8s left)
Iteration 90 / LogL: -23803.656 / Time: 0h:0m:30s (0h:0m:3s left)
Iteration 100 / LogL: -23802.470 / Time: 0h:0m:30s (0h:0m:0s left)
TREE SEARCH COMPLETED AFTER 102 ITERATIONS / Time: 0h:0m:30s

--------------------------------------------------------------------
|                    FINALIZING TREE SEARCH                        |
--------------------------------------------------------------------
Performs final model parameters optimization
Estimate model parameters (epsilon = 0.010)
1. Initial log-likelihood: -23802.317
Optimal log-likelihood: -23802.317
Rate parameters:  A-C: 1.00000  A-G: 1.38888  A-T: 1.00000  C-G: 1.00000  C-T: 1.38888  G-T: 1.00000
Base frequencies:  A: 0.305  C: 0.191  G: 0.207  T: 0.297
Parameters optimization took 1 rounds (0.001 sec)
BEST SCORE FOUND : -23802.317

Testing tree branches by aBayes parametric test...
0.002 sec.
Total tree length: 3.771

Total number of iterations: 102
CPU time used for tree search: 1.003 sec (0h:0m:1s)
Wall-clock time used for tree search: 1.005 sec (0h:0m:1s)
Total CPU time used: 27.138 sec (0h:0m:27s)
Total wall-clock time used: 30.896 sec (0h:0m:30s)

Analysis results written to: 
  IQ-TREE report:                /Users/fahim/CSE6406-project/work/paper_subset_50x10_L1600/ils_low/replicate_03/estimated_gene_trees/L1600/hky/locus_0043.iqtree
  Maximum-likelihood tree:       /Users/fahim/CSE6406-project/work/paper_subset_50x10_L1600/ils_low/replicate_03/estimated_gene_trees/L1600/hky/locus_0043.treefile
  Likelihood distances:          /Users/fahim/CSE6406-project/work/paper_subset_50x10_L1600/ils_low/replicate_03/estimated_gene_trees/L1600/hky/locus_0043.mldist
  Screen log file:               /Users/fahim/CSE6406-project/work/paper_subset_50x10_L1600/ils_low/replicate_03/estimated_gene_trees/L1600/hky/locus_0043.log

Date and Time: Fri Sep 11 06:58:07 2026
