IQ-TREE multicore version 2.4.0 for MacOS ARM 64-bit built Feb 12 2025
Developed by Bui Quang Minh, Nguyen Lam Tung, Olga Chernomor, Heiko Schmidt,
Dominik Schrempf, Michael Woodhams, Ly Trong Nhan, Thomas Wong

Host:    Fahims-MacBook-Air.local (SSE4.2, 16 GB RAM)
Command: /Users/fahim/miniconda3/envs/cse6406/bin/iqtree2 -s /Users/fahim/CSE6406-project/work/paper_subset_50x10_L1600/ils_low/replicate_03/alignments/L1600/locus_0013.phy -m HKY --abayes -T AUTO --seed 6706014 --prefix /Users/fahim/CSE6406-project/work/paper_subset_50x10_L1600/ils_low/replicate_03/estimated_gene_trees/L1600/hky/locus_0013 --redo --quiet
Seed:    6706014 (Using SPRNG - Scalable Parallel Random Number Generator)
Time:    Fri Sep 11 06:42:06 2026
Kernel:  SSE2 - auto-detect threads (10 CPU cores detected)

Reading alignment file /Users/fahim/CSE6406-project/work/paper_subset_50x10_L1600/ils_low/replicate_03/alignments/L1600/locus_0013.phy ... Phylip format detected
Alignment most likely contains DNA/RNA sequences
Alignment has 21 sequences with 1600 columns, 853 distinct patterns
737 parsimony-informative, 146 singleton sites, 717 constant sites
        Gap/Ambiguity  Composition  p-value
Analyzing sequences: done in 4.19617e-05 secs using 119.2% CPU
   1  2_0_0     0.00%    passed     33.06%
   2  3_0_0     0.00%    passed     85.17%
   3  1_0_0     0.00%    passed     92.23%
   4  15_0_0    0.00%    passed     63.95%
   5  20_0_0    0.00%    passed     89.76%
   6  6_0_0     0.00%    passed     89.25%
   7  9_0_0     0.00%    passed     72.12%
   8  7_0_0     0.00%    passed     98.68%
   9  5_0_0     0.00%    passed     99.22%
  10  14_0_0    0.00%    passed     96.51%
  11  18_0_0    0.00%    passed     95.82%
  12  13_0_0    0.00%    passed     93.57%
  13  17_0_0    0.00%    passed     70.63%
  14  12_0_0    0.00%    passed     98.26%
  15  4_0_0     0.00%    passed     91.51%
  16  19_0_0    0.00%    passed     81.43%
  17  10_0_0    0.00%    passed     92.28%
  18  16_0_0    0.00%    passed     88.05%
  19  11_0_0    0.00%    passed     91.45%
  20  8_0_0     0.00%    passed     40.14%
  21  0_0_0     0.00%    passed     96.57%
****  TOTAL     0.00%  0 sequences failed composition chi2 test (p-value<5%; df=3)

Create initial parsimony tree by phylogenetic likelihood library (PLL)... 0.001 seconds

NOTE: 0 MB RAM (0 GB) is required!
Measuring multi-threading efficiency up to 10 CPU cores
Increase to 10 rounds for branch lengths
3040 trees examined
Threads: 1 / Time: 10.002 sec / Speedup: 1.000 / Efficiency: 100% / LogL: -26599
Threads: 2 / Time: 20.075 sec / Speedup: 0.498 / Efficiency: 25% / LogL: -26599
BEST NUMBER OF THREADS: 1

Estimate model parameters (epsilon = 0.100)
1. Initial log-likelihood: -23464.813
2. Current log-likelihood: -23319.530
3. Current log-likelihood: -23319.352
Optimal log-likelihood: -23319.352
Rate parameters:  A-C: 1.00000  A-G: 1.38433  A-T: 1.00000  C-G: 1.00000  C-T: 1.38433  G-T: 1.00000
Base frequencies:  A: 0.295  C: 0.205  G: 0.194  T: 0.306
Parameters optimization took 3 rounds (0.005 sec)
Wrote distance file to... 
Computing ML distances based on estimated model parameters...
Calculating distance matrix: done in 0.000464916 secs using 98.08% CPU
Computing ML distances took 0.000513 sec (of wall-clock time) 0.000493 sec (of CPU time)
Setting up auxiliary I and S matrices: done in 1.50204e-05 secs using 73.23% CPU
Computing RapidNJ tree took 0.000058 sec (of wall-clock time) 0.000064 sec (of CPU time)
Log-likelihood of RapidNJ tree: -23424.429
--------------------------------------------------------------------
|             INITIALIZING CANDIDATE TREE SET                      |
--------------------------------------------------------------------
Generating 98 parsimony trees... 0.082 second
Computing log-likelihood of 98 initial trees ... 0.066 seconds
Current best score: -23317.874

Do NNI search on 20 best initial trees
Estimate model parameters (epsilon = 0.100)
BETTER TREE FOUND at iteration 1: -23313.849
Iteration 10 / LogL: -23313.879 / Time: 0h:0m:30s
Iteration 20 / LogL: -23314.187 / Time: 0h:0m:30s
Finish initializing candidate tree set (2)
Current best tree score: -23313.849 / CPU time: 0.287
Number of iterations: 20
--------------------------------------------------------------------
|               OPTIMIZING CANDIDATE TREE SET                      |
--------------------------------------------------------------------
Iteration 30 / LogL: -23313.855 / Time: 0h:0m:30s (0h:1m:14s left)
Iteration 40 / LogL: -23313.855 / Time: 0h:0m:30s (0h:0m:47s left)
Iteration 50 / LogL: -23313.854 / Time: 0h:0m:30s (0h:0m:31s left)
Iteration 60 / LogL: -23314.583 / Time: 0h:0m:30s (0h:0m:21s left)
Iteration 70 / LogL: -23313.853 / Time: 0h:0m:30s (0h:0m:13s left)
Iteration 80 / LogL: -23313.887 / Time: 0h:0m:30s (0h:0m:8s left)
Iteration 90 / LogL: -23317.178 / Time: 0h:0m:31s (0h:0m:3s left)
Iteration 100 / LogL: -23313.969 / Time: 0h:0m:31s (0h:0m:0s left)
TREE SEARCH COMPLETED AFTER 102 ITERATIONS / Time: 0h:0m:31s

--------------------------------------------------------------------
|                    FINALIZING TREE SEARCH                        |
--------------------------------------------------------------------
Performs final model parameters optimization
Estimate model parameters (epsilon = 0.010)
1. Initial log-likelihood: -23313.849
Optimal log-likelihood: -23313.849
Rate parameters:  A-C: 1.00000  A-G: 1.38529  A-T: 1.00000  C-G: 1.00000  C-T: 1.38529  G-T: 1.00000
Base frequencies:  A: 0.295  C: 0.205  G: 0.194  T: 0.306
Parameters optimization took 1 rounds (0.002 sec)
BEST SCORE FOUND : -23313.849

Testing tree branches by aBayes parametric test...
0.002 sec.
Total tree length: 3.682

Total number of iterations: 102
CPU time used for tree search: 1.058 sec (0h:0m:1s)
Wall-clock time used for tree search: 1.060 sec (0h:0m:1s)
Total CPU time used: 27.322 sec (0h:0m:27s)
Total wall-clock time used: 31.156 sec (0h:0m:31s)

Analysis results written to: 
  IQ-TREE report:                /Users/fahim/CSE6406-project/work/paper_subset_50x10_L1600/ils_low/replicate_03/estimated_gene_trees/L1600/hky/locus_0013.iqtree
  Maximum-likelihood tree:       /Users/fahim/CSE6406-project/work/paper_subset_50x10_L1600/ils_low/replicate_03/estimated_gene_trees/L1600/hky/locus_0013.treefile
  Likelihood distances:          /Users/fahim/CSE6406-project/work/paper_subset_50x10_L1600/ils_low/replicate_03/estimated_gene_trees/L1600/hky/locus_0013.mldist
  Screen log file:               /Users/fahim/CSE6406-project/work/paper_subset_50x10_L1600/ils_low/replicate_03/estimated_gene_trees/L1600/hky/locus_0013.log

Date and Time: Fri Sep 11 06:42:37 2026
