IQ-TREE multicore version 2.4.0 for Linux x86 64-bit built Feb 12 2025
Developed by Bui Quang Minh, Nguyen Lam Tung, Olga Chernomor, Heiko Schmidt,
Dominik Schrempf, Michael Woodhams, Ly Trong Nhan, Thomas Wong

Host:    ezmata (AVX2, FMA3, 15 GB RAM)
Command: /home/mis/miniconda3/envs/cse6406/bin/iqtree2 -s /home/mis/CSE6406-project/work/paper_subset_50x10_L800/ils_high/replicate_09/alignments/L800/locus_0027.phy -m GTR+G4 --abayes -T 1 --seed 7306028 --prefix /home/mis/CSE6406-project/work/paper_subset_50x10_L800/ils_high/replicate_09/estimated_gene_trees/L800/gtr_g4/locus_0027 --redo --quiet
Seed:    7306028 (Using SPRNG - Scalable Parallel Random Number Generator)
Time:    Sat Sep 12 20:05:27 2026
Kernel:  AVX+FMA - 1 threads (16 CPU cores detected)

HINT: Use -nt option to specify number of threads because your CPU has 16 cores!
HINT: -nt AUTO will automatically determine the best number of threads to use.

Reading alignment file /home/mis/CSE6406-project/work/paper_subset_50x10_L800/ils_high/replicate_09/alignments/L800/locus_0027.phy ... Phylip format detected
Alignment most likely contains DNA/RNA sequences
Alignment has 21 sequences with 800 columns, 487 distinct patterns
427 parsimony-informative, 70 singleton sites, 303 constant sites
        Gap/Ambiguity  Composition  p-value
Analyzing sequences: done in 2.6417e-05 secs
   1  0_0_0     0.00%    passed     54.03%
   2  5_0_0     0.00%    passed     96.98%
   3  18_0_0    0.00%    passed     26.50%
   4  17_0_0    0.00%    passed     17.46%
   5  15_0_0    0.00%    passed     35.68%
   6  7_0_0     0.00%    passed     91.23%
   7  11_0_0    0.00%    passed     75.86%
   8  6_0_0     0.00%    passed     95.40%
   9  13_0_0    0.00%    passed     78.25%
  10  14_0_0    0.00%    passed     70.72%
  11  2_0_0     0.00%    passed     82.79%
  12  10_0_0    0.00%    passed     34.63%
  13  3_0_0     0.00%    passed     73.66%
  14  16_0_0    0.00%    passed     83.92%
  15  4_0_0     0.00%    passed     30.74%
  16  19_0_0    0.00%    passed     27.52%
  17  12_0_0    0.00%    passed     37.27%
  18  20_0_0    0.00%    passed     59.62%
  19  9_0_0     0.00%    passed     35.48%
  20  1_0_0     0.00%    passed     95.89%
  21  8_0_0     0.00%    passed     80.33%
****  TOTAL     0.00%  0 sequences failed composition chi2 test (p-value<5%; df=3)

Create initial parsimony tree by phylogenetic likelihood library (PLL)... 0.001 seconds

NOTE: 1 MB RAM (0 GB) is required!
Estimate model parameters (epsilon = 0.100)
1. Initial log-likelihood: -12540.088
2. Current log-likelihood: -12059.492
3. Current log-likelihood: -11990.876
4. Current log-likelihood: -11980.129
5. Current log-likelihood: -11976.517
6. Current log-likelihood: -11974.892
7. Current log-likelihood: -11974.102
8. Current log-likelihood: -11973.735
9. Current log-likelihood: -11973.596
10. Current log-likelihood: -11973.489
Optimal log-likelihood: -11973.378
Rate parameters:  A-C: 0.87004  A-G: 2.35096  A-T: 0.79261  C-G: 1.04321  C-T: 1.62233  G-T: 1.00000
Base frequencies:  A: 0.296  C: 0.226  G: 0.163  T: 0.315
Gamma shape alpha: 0.200
Parameters optimization took 10 rounds (0.170 sec)
Wrote distance file to... 
Computing ML distances based on estimated model parameters...
Calculating distance matrix: done in 0.00286348 secs using 99.56% CPU
Computing ML distances took 0.002935 sec (of wall-clock time) 0.002923 sec (of CPU time)
Setting up auxiliary I and S matrices: done in 5.9792e-05 secs using 98.68% CPU
Computing RapidNJ tree took 0.000240 sec (of wall-clock time) 0.000217 sec (of CPU time)
Log-likelihood of RapidNJ tree: -11992.077
--------------------------------------------------------------------
|             INITIALIZING CANDIDATE TREE SET                      |
--------------------------------------------------------------------
Generating 98 parsimony trees... 0.187 second
Computing log-likelihood of 98 initial trees ... 0.296 seconds
Current best score: -11973.378

Do NNI search on 20 best initial trees
Estimate model parameters (epsilon = 0.100)
BETTER TREE FOUND at iteration 1: -11962.490
UPDATE BEST LOG-LIKELIHOOD: -11962.486
UPDATE BEST LOG-LIKELIHOOD: -11962.485
Iteration 10 / LogL: -11962.485 / Time: 0h:0m:1s
Estimate model parameters (epsilon = 0.100)
BETTER TREE FOUND at iteration 11: -11962.371
Iteration 20 / LogL: -11962.475 / Time: 0h:0m:1s
Finish initializing candidate tree set (8)
Current best tree score: -11962.371 / CPU time: 1.585
Number of iterations: 20
--------------------------------------------------------------------
|               OPTIMIZING CANDIDATE TREE SET                      |
--------------------------------------------------------------------
UPDATE BEST LOG-LIKELIHOOD: -11962.371
Iteration 30 / LogL: -11962.498 / Time: 0h:0m:2s (0h:0m:6s left)
UPDATE BEST LOG-LIKELIHOOD: -11962.370
Iteration 40 / LogL: -11962.370 / Time: 0h:0m:2s (0h:0m:4s left)
Iteration 50 / LogL: -11962.469 / Time: 0h:0m:3s (0h:0m:3s left)
Iteration 60 / LogL: -11965.620 / Time: 0h:0m:3s (0h:0m:3s left)
Iteration 70 / LogL: -11964.227 / Time: 0h:0m:4s (0h:0m:2s left)
Iteration 80 / LogL: -11963.119 / Time: 0h:0m:4s (0h:0m:1s left)
Iteration 90 / LogL: -11963.801 / Time: 0h:0m:4s (0h:0m:1s left)
Iteration 100 / LogL: -11963.795 / Time: 0h:0m:5s (0h:0m:0s left)
Iteration 110 / LogL: -11971.392 / Time: 0h:0m:5s (0h:0m:0s left)
TREE SEARCH COMPLETED AFTER 112 ITERATIONS / Time: 0h:0m:5s

--------------------------------------------------------------------
|                    FINALIZING TREE SEARCH                        |
--------------------------------------------------------------------
Performs final model parameters optimization
Estimate model parameters (epsilon = 0.010)
1. Initial log-likelihood: -11962.370
Optimal log-likelihood: -11962.362
Rate parameters:  A-C: 0.84140  A-G: 2.36197  A-T: 0.75950  C-G: 1.04943  C-T: 1.59219  G-T: 1.00000
Base frequencies:  A: 0.296  C: 0.226  G: 0.163  T: 0.315
Gamma shape alpha: 0.198
Parameters optimization took 1 rounds (0.009 sec)
BEST SCORE FOUND : -11962.362

Testing tree branches by aBayes parametric test...
0.009 sec.
Total tree length: 22.007

Total number of iterations: 112
CPU time used for tree search: 5.565 sec (0h:0m:5s)
Wall-clock time used for tree search: 5.691 sec (0h:0m:5s)
Total CPU time used: 5.778 sec (0h:0m:5s)
Total wall-clock time used: 5.907 sec (0h:0m:5s)

Analysis results written to: 
  IQ-TREE report:                /home/mis/CSE6406-project/work/paper_subset_50x10_L800/ils_high/replicate_09/estimated_gene_trees/L800/gtr_g4/locus_0027.iqtree
  Maximum-likelihood tree:       /home/mis/CSE6406-project/work/paper_subset_50x10_L800/ils_high/replicate_09/estimated_gene_trees/L800/gtr_g4/locus_0027.treefile
  Likelihood distances:          /home/mis/CSE6406-project/work/paper_subset_50x10_L800/ils_high/replicate_09/estimated_gene_trees/L800/gtr_g4/locus_0027.mldist
  Screen log file:               /home/mis/CSE6406-project/work/paper_subset_50x10_L800/ils_high/replicate_09/estimated_gene_trees/L800/gtr_g4/locus_0027.log

Date and Time: Sat Sep 12 20:05:33 2026
