IQ-TREE multicore version 2.4.0 for Linux x86 64-bit built Feb 12 2025
Developed by Bui Quang Minh, Nguyen Lam Tung, Olga Chernomor, Heiko Schmidt,
Dominik Schrempf, Michael Woodhams, Ly Trong Nhan, Thomas Wong

Host:    ezmata (AVX2, FMA3, 15 GB RAM)
Command: /home/mis/miniconda3/envs/cse6406/bin/iqtree2 -s /home/mis/CSE6406-project/work/paper_subset_50x10_L800/ils_high/replicate_09/alignments/L800/locus_0007.phy -m GTR+G4 --abayes -T 1 --seed 7306008 --prefix /home/mis/CSE6406-project/work/paper_subset_50x10_L800/ils_high/replicate_09/estimated_gene_trees/L800/gtr_g4/locus_0007 --redo --quiet
Seed:    7306008 (Using SPRNG - Scalable Parallel Random Number Generator)
Time:    Sat Sep 12 20:05:06 2026
Kernel:  AVX+FMA - 1 threads (16 CPU cores detected)

HINT: Use -nt option to specify number of threads because your CPU has 16 cores!
HINT: -nt AUTO will automatically determine the best number of threads to use.

Reading alignment file /home/mis/CSE6406-project/work/paper_subset_50x10_L800/ils_high/replicate_09/alignments/L800/locus_0007.phy ... Phylip format detected
Alignment most likely contains DNA/RNA sequences
Alignment has 21 sequences with 800 columns, 482 distinct patterns
415 parsimony-informative, 71 singleton sites, 314 constant sites
        Gap/Ambiguity  Composition  p-value
Analyzing sequences: done in 5.3305e-05 secs
   1  0_0_0     0.00%    passed     71.92%
   2  19_0_0    0.00%    passed     80.87%
   3  12_0_0    0.00%    passed     91.32%
   4  20_0_0    0.00%    passed     75.20%
   5  7_0_0     0.00%    failed      2.91%
   6  2_0_0     0.00%    passed     98.26%
   7  13_0_0    0.00%    passed     69.51%
   8  14_0_0    0.00%    passed     38.00%
   9  11_0_0    0.00%    passed     92.51%
  10  1_0_0     0.00%    passed     99.55%
  11  10_0_0    0.00%    passed     95.69%
  12  5_0_0     0.00%    passed     99.21%
  13  17_0_0    0.00%    passed     85.35%
  14  18_0_0    0.00%    passed     50.46%
  15  15_0_0    0.00%    passed     96.46%
  16  9_0_0     0.00%    passed     63.09%
  17  3_0_0     0.00%    passed     94.93%
  18  6_0_0     0.00%    passed     95.09%
  19  4_0_0     0.00%    passed     72.60%
  20  8_0_0     0.00%    passed     93.62%
  21  16_0_0    0.00%    passed     96.52%
****  TOTAL     0.00%  1 sequences failed composition chi2 test (p-value<5%; df=3)

Create initial parsimony tree by phylogenetic likelihood library (PLL)... 0.002 seconds

NOTE: 1 MB RAM (0 GB) is required!
Estimate model parameters (epsilon = 0.100)
1. Initial log-likelihood: -12110.425
2. Current log-likelihood: -11600.160
3. Current log-likelihood: -11522.166
4. Current log-likelihood: -11510.425
5. Current log-likelihood: -11506.740
6. Current log-likelihood: -11505.318
7. Current log-likelihood: -11504.736
8. Current log-likelihood: -11504.451
9. Current log-likelihood: -11504.350
Optimal log-likelihood: -11504.249
Rate parameters:  A-C: 1.01495  A-G: 1.58517  A-T: 0.85222  C-G: 0.76594  C-T: 2.13746  G-T: 1.00000
Base frequencies:  A: 0.305  C: 0.187  G: 0.217  T: 0.291
Gamma shape alpha: 0.200
Parameters optimization took 9 rounds (0.296 sec)
Wrote distance file to... 
Computing ML distances based on estimated model parameters...
Calculating distance matrix: done in 0.00377083 secs using 99.39% CPU
Computing ML distances took 0.003882 sec (of wall-clock time) 0.003862 sec (of CPU time)
Setting up auxiliary I and S matrices: done in 6.3563e-05 secs
Computing RapidNJ tree took 0.000252 sec (of wall-clock time) 0.000000 sec (of CPU time)
Log-likelihood of RapidNJ tree: -11504.183
--------------------------------------------------------------------
|             INITIALIZING CANDIDATE TREE SET                      |
--------------------------------------------------------------------
Generating 98 parsimony trees... 0.292 second
Computing log-likelihood of 98 initial trees ... 0.631 seconds
Current best score: -11504.183

Do NNI search on 20 best initial trees
Estimate model parameters (epsilon = 0.100)
BETTER TREE FOUND at iteration 1: -11488.379
Estimate model parameters (epsilon = 0.100)
BETTER TREE FOUND at iteration 2: -11486.764
BETTER TREE FOUND at iteration 3: -11486.764
Estimate model parameters (epsilon = 0.100)
BETTER TREE FOUND at iteration 5: -11486.488
BETTER TREE FOUND at iteration 6: -11486.488
UPDATE BEST LOG-LIKELIHOOD: -11486.488
Iteration 10 / LogL: -11486.488 / Time: 0h:0m:2s
Iteration 20 / LogL: -11486.488 / Time: 0h:0m:4s
Finish initializing candidate tree set (7)
Current best tree score: -11486.488 / CPU time: 3.808
Number of iterations: 20
--------------------------------------------------------------------
|               OPTIMIZING CANDIDATE TREE SET                      |
--------------------------------------------------------------------
Iteration 30 / LogL: -11486.488 / Time: 0h:0m:5s (0h:0m:14s left)
UPDATE BEST LOG-LIKELIHOOD: -11486.488
UPDATE BEST LOG-LIKELIHOOD: -11486.488
Iteration 40 / LogL: -11486.488 / Time: 0h:0m:6s (0h:0m:11s left)
Iteration 50 / LogL: -11486.488 / Time: 0h:0m:8s (0h:0m:9s left)
Iteration 60 / LogL: -11486.488 / Time: 0h:0m:9s (0h:0m:7s left)
Iteration 70 / LogL: -11486.488 / Time: 0h:0m:10s (0h:0m:5s left)
Iteration 80 / LogL: -11486.488 / Time: 0h:0m:12s (0h:0m:3s left)
Iteration 90 / LogL: -11488.355 / Time: 0h:0m:13s (0h:0m:2s left)
Iteration 100 / LogL: -11486.488 / Time: 0h:0m:14s (0h:0m:0s left)
TREE SEARCH COMPLETED AFTER 107 ITERATIONS / Time: 0h:0m:15s

--------------------------------------------------------------------
|                    FINALIZING TREE SEARCH                        |
--------------------------------------------------------------------
Performs final model parameters optimization
Estimate model parameters (epsilon = 0.010)
1. Initial log-likelihood: -11486.488
Optimal log-likelihood: -11486.481
Rate parameters:  A-C: 1.03606  A-G: 1.60168  A-T: 0.87271  C-G: 0.80878  C-T: 2.27234  G-T: 1.00000
Base frequencies:  A: 0.305  C: 0.187  G: 0.217  T: 0.291
Gamma shape alpha: 0.197
Parameters optimization took 1 rounds (0.019 sec)
BEST SCORE FOUND : -11486.481

Testing tree branches by aBayes parametric test...
0.021 sec.
Total tree length: 19.032

Total number of iterations: 107
CPU time used for tree search: 15.242 sec (0h:0m:15s)
Wall-clock time used for tree search: 15.440 sec (0h:0m:15s)
Total CPU time used: 15.612 sec (0h:0m:15s)
Total wall-clock time used: 15.815 sec (0h:0m:15s)

Analysis results written to: 
  IQ-TREE report:                /home/mis/CSE6406-project/work/paper_subset_50x10_L800/ils_high/replicate_09/estimated_gene_trees/L800/gtr_g4/locus_0007.iqtree
  Maximum-likelihood tree:       /home/mis/CSE6406-project/work/paper_subset_50x10_L800/ils_high/replicate_09/estimated_gene_trees/L800/gtr_g4/locus_0007.treefile
  Likelihood distances:          /home/mis/CSE6406-project/work/paper_subset_50x10_L800/ils_high/replicate_09/estimated_gene_trees/L800/gtr_g4/locus_0007.mldist
  Screen log file:               /home/mis/CSE6406-project/work/paper_subset_50x10_L800/ils_high/replicate_09/estimated_gene_trees/L800/gtr_g4/locus_0007.log

Date and Time: Sat Sep 12 20:05:22 2026
