IQ-TREE multicore version 2.4.0 for Linux x86 64-bit built Feb 12 2025
Developed by Bui Quang Minh, Nguyen Lam Tung, Olga Chernomor, Heiko Schmidt,
Dominik Schrempf, Michael Woodhams, Ly Trong Nhan, Thomas Wong

Host:    ezmata (AVX2, FMA3, 15 GB RAM)
Command: /home/mis/miniconda3/envs/cse6406/bin/iqtree2 -s /home/mis/CSE6406-project/work/paper_subset_50x10_L200/ils_high/replicate_02/alignments/L200/locus_0022.phy -m JC --abayes -T 1 --seed 6606023 --prefix /home/mis/CSE6406-project/work/paper_subset_50x10_L200/ils_high/replicate_02/estimated_gene_trees/L200/jc/locus_0022 --redo --quiet
Seed:    6606023 (Using SPRNG - Scalable Parallel Random Number Generator)
Time:    Sat Sep 12 21:40:39 2026
Kernel:  AVX+FMA - 1 threads (16 CPU cores detected)

HINT: Use -nt option to specify number of threads because your CPU has 16 cores!
HINT: -nt AUTO will automatically determine the best number of threads to use.

Reading alignment file /home/mis/CSE6406-project/work/paper_subset_50x10_L200/ils_high/replicate_02/alignments/L200/locus_0022.phy ... Phylip format detected
Alignment most likely contains DNA/RNA sequences
Alignment has 21 sequences with 200 columns, 138 distinct patterns
109 parsimony-informative, 27 singleton sites, 64 constant sites
        Gap/Ambiguity  Composition  p-value
Analyzing sequences: done in 1.7496e-05 secs using 34.29% CPU
   1  5_0_0     0.00%    passed     82.43%
   2  1_0_0     0.00%    passed     98.76%
   3  12_0_0    0.00%    passed     41.00%
   4  17_0_0    0.00%    passed     62.79%
   5  3_0_0     0.00%    passed     61.75%
   6  6_0_0     0.00%    passed     57.70%
   7  2_0_0     0.00%    passed     90.52%
   8  4_0_0     0.00%    passed     66.83%
   9  9_0_0     0.00%    passed     65.81%
  10  11_0_0    0.00%    passed     72.18%
  11  20_0_0    0.00%    passed     59.83%
  12  19_0_0    0.00%    passed     75.46%
  13  10_0_0    0.00%    passed     89.72%
  14  7_0_0     0.00%    passed     85.27%
  15  8_0_0     0.00%    passed     73.44%
  16  18_0_0    0.00%    passed     71.57%
  17  15_0_0    0.00%    passed     98.54%
  18  14_0_0    0.00%    passed     75.15%
  19  16_0_0    0.00%    passed     73.51%
  20  13_0_0    0.00%    passed     49.64%
  21  0_0_0     0.00%    passed     29.70%
****  TOTAL     0.00%  0 sequences failed composition chi2 test (p-value<5%; df=3)

Create initial parsimony tree by phylogenetic likelihood library (PLL)... 0.001 seconds

NOTE: 0 MB RAM (0 GB) is required!
Estimate model parameters (epsilon = 0.100)
1. Initial log-likelihood: -3802.756
Optimal log-likelihood: -3785.379
Rate parameters:  A-C: 1.00000  A-G: 1.00000  A-T: 1.00000  C-G: 1.00000  C-T: 1.00000  G-T: 1.00000
Base frequencies:  A: 0.250  C: 0.250  G: 0.250  T: 0.250
Parameters optimization took 1 rounds (0.002 sec)
Wrote distance file to... 
Computing ML distances based on estimated model parameters...
Calculating distance matrix: done in 0.000974595 secs using 99.94% CPU
Computing ML distances took 0.001022 sec (of wall-clock time) 0.001027 sec (of CPU time)
Setting up auxiliary I and S matrices: done in 4.3301e-05 secs using 97% CPU
Computing RapidNJ tree took 0.000165 sec (of wall-clock time) 0.000163 sec (of CPU time)
Log-likelihood of RapidNJ tree: -3804.140
--------------------------------------------------------------------
|             INITIALIZING CANDIDATE TREE SET                      |
--------------------------------------------------------------------
Generating 98 parsimony trees... 0.140 second
Computing log-likelihood of 98 initial trees ... 0.102 seconds
Current best score: -3774.592

Do NNI search on 20 best initial trees
Estimate model parameters (epsilon = 0.100)
BETTER TREE FOUND at iteration 1: -3773.916
Iteration 10 / LogL: -3778.681 / Time: 0h:0m:0s
Iteration 20 / LogL: -3782.384 / Time: 0h:0m:0s
Finish initializing candidate tree set (20)
Current best tree score: -3773.916 / CPU time: 0.388
Number of iterations: 20
--------------------------------------------------------------------
|               OPTIMIZING CANDIDATE TREE SET                      |
--------------------------------------------------------------------
Iteration 30 / LogL: -3773.917 / Time: 0h:0m:0s (0h:0m:1s left)
Iteration 40 / LogL: -3777.140 / Time: 0h:0m:0s (0h:0m:1s left)
Iteration 50 / LogL: -3773.942 / Time: 0h:0m:0s (0h:0m:0s left)
Iteration 60 / LogL: -3773.917 / Time: 0h:0m:0s (0h:0m:0s left)
Iteration 70 / LogL: -3774.253 / Time: 0h:0m:1s (0h:0m:0s left)
Iteration 80 / LogL: -3774.262 / Time: 0h:0m:1s (0h:0m:0s left)
Iteration 90 / LogL: -3774.286 / Time: 0h:0m:1s (0h:0m:0s left)
Iteration 100 / LogL: -3776.401 / Time: 0h:0m:1s (0h:0m:0s left)
TREE SEARCH COMPLETED AFTER 102 ITERATIONS / Time: 0h:0m:1s

--------------------------------------------------------------------
|                    FINALIZING TREE SEARCH                        |
--------------------------------------------------------------------
Performs final model parameters optimization
Estimate model parameters (epsilon = 0.010)
1. Initial log-likelihood: -3773.916
Optimal log-likelihood: -3773.915
Rate parameters:  A-C: 1.00000  A-G: 1.00000  A-T: 1.00000  C-G: 1.00000  C-T: 1.00000  G-T: 1.00000
Base frequencies:  A: 0.250  C: 0.250  G: 0.250  T: 0.250
Parameters optimization took 1 rounds (0.001 sec)
BEST SCORE FOUND : -3773.915

Testing tree branches by aBayes parametric test...
0.003 sec.
Total tree length: 5.692

Total number of iterations: 102
CPU time used for tree search: 1.308 sec (0h:0m:1s)
Wall-clock time used for tree search: 1.373 sec (0h:0m:1s)
Total CPU time used: 1.332 sec (0h:0m:1s)
Total wall-clock time used: 1.397 sec (0h:0m:1s)

Analysis results written to: 
  IQ-TREE report:                /home/mis/CSE6406-project/work/paper_subset_50x10_L200/ils_high/replicate_02/estimated_gene_trees/L200/jc/locus_0022.iqtree
  Maximum-likelihood tree:       /home/mis/CSE6406-project/work/paper_subset_50x10_L200/ils_high/replicate_02/estimated_gene_trees/L200/jc/locus_0022.treefile
  Likelihood distances:          /home/mis/CSE6406-project/work/paper_subset_50x10_L200/ils_high/replicate_02/estimated_gene_trees/L200/jc/locus_0022.mldist
  Screen log file:               /home/mis/CSE6406-project/work/paper_subset_50x10_L200/ils_high/replicate_02/estimated_gene_trees/L200/jc/locus_0022.log

Date and Time: Sat Sep 12 21:40:41 2026
