IQ-TREE multicore version 2.4.0 for Linux x86 64-bit built Feb 12 2025
Developed by Bui Quang Minh, Nguyen Lam Tung, Olga Chernomor, Heiko Schmidt,
Dominik Schrempf, Michael Woodhams, Ly Trong Nhan, Thomas Wong

Host:    ezmata (AVX2, FMA3, 15 GB RAM)
Command: /home/mis/miniconda3/envs/cse6406/bin/iqtree2 -s /home/mis/CSE6406-project/work/paper_subset_50x10_L800/ils_low/replicate_02/alignments/L800/locus_0002.phy -m JC --abayes -T AUTO --seed 6606003 --prefix /home/mis/CSE6406-project/work/paper_subset_50x10_L800/ils_low/replicate_02/estimated_gene_trees/L800/jc/locus_0002 --redo --quiet
Seed:    6606003 (Using SPRNG - Scalable Parallel Random Number Generator)
Time:    Fri Sep 11 05:01:10 2026
Kernel:  AVX+FMA - auto-detect threads (16 CPU cores detected)

Reading alignment file /home/mis/CSE6406-project/work/paper_subset_50x10_L800/ils_low/replicate_02/alignments/L800/locus_0002.phy ... Phylip format detected
Alignment most likely contains DNA/RNA sequences
Alignment has 21 sequences with 800 columns, 482 distinct patterns
418 parsimony-informative, 75 singleton sites, 307 constant sites
        Gap/Ambiguity  Composition  p-value
Analyzing sequences: done in 0.000162957 secs using 93.28% CPU
   1  5_0_0     0.00%    passed     75.44%
   2  1_0_0     0.00%    passed     61.71%
   3  3_0_0     0.00%    passed     84.22%
   4  6_0_0     0.00%    passed     64.77%
   5  4_0_0     0.00%    passed     67.38%
   6  2_0_0     0.00%    passed     78.42%
   7  20_0_0    0.00%    passed     88.14%
   8  12_0_0    0.00%    passed     69.96%
   9  17_0_0    0.00%    passed     72.34%
  10  9_0_0     0.00%    passed     97.43%
  11  11_0_0    0.00%    passed     68.23%
  12  18_0_0    0.00%    passed     76.16%
  13  15_0_0    0.00%    passed     93.77%
  14  16_0_0    0.00%    passed     52.41%
  15  14_0_0    0.00%    passed     56.76%
  16  10_0_0    0.00%    passed     79.32%
  17  19_0_0    0.00%    passed     43.67%
  18  7_0_0     0.00%    passed     42.58%
  19  8_0_0     0.00%    passed     98.82%
  20  13_0_0    0.00%    passed     66.92%
  21  0_0_0     0.00%    passed     77.96%
****  TOTAL     0.00%  0 sequences failed composition chi2 test (p-value<5%; df=3)

Create initial parsimony tree by phylogenetic likelihood library (PLL)... 0.001 seconds

NOTE: 0 MB RAM (0 GB) is required!
Measuring multi-threading efficiency up to 16 CPU cores
Increase to 10 rounds for branch lengths
5304 trees examined
Threads: 1 / Time: 16.000 sec / Speedup: 1.000 / Efficiency: 100% / LogL: -14666
Threads: 2 / Time: 22.708 sec / Speedup: 0.705 / Efficiency: 35% / LogL: -14666
BEST NUMBER OF THREADS: 1

Estimate model parameters (epsilon = 0.100)
1. Initial log-likelihood: -13655.736
Optimal log-likelihood: -13617.935
Rate parameters:  A-C: 1.00000  A-G: 1.00000  A-T: 1.00000  C-G: 1.00000  C-T: 1.00000  G-T: 1.00000
Base frequencies:  A: 0.250  C: 0.250  G: 0.250  T: 0.250
Parameters optimization took 1 rounds (0.002 sec)
Wrote distance file to... 
Computing ML distances based on estimated model parameters...
Calculating distance matrix: done in 0.000533085 secs using 80.85% CPU
Computing ML distances took 0.000573 sec (of wall-clock time) 0.000466 sec (of CPU time)
Setting up auxiliary I and S matrices: done in 2.9456e-05 secs
Computing RapidNJ tree took 0.000111 sec (of wall-clock time) 0.000000 sec (of CPU time)
Log-likelihood of RapidNJ tree: -13632.471
--------------------------------------------------------------------
|             INITIALIZING CANDIDATE TREE SET                      |
--------------------------------------------------------------------
Generating 98 parsimony trees... 0.109 second
Computing log-likelihood of 98 initial trees ... 0.070 seconds
Current best score: -13605.588

Do NNI search on 20 best initial trees
Estimate model parameters (epsilon = 0.100)
BETTER TREE FOUND at iteration 1: -13603.772
Iteration 10 / LogL: -13615.472 / Time: 0h:0m:38s
Iteration 20 / LogL: -13614.212 / Time: 0h:0m:39s
Finish initializing candidate tree set (13)
Current best tree score: -13603.772 / CPU time: 0.289
Number of iterations: 20
--------------------------------------------------------------------
|               OPTIMIZING CANDIDATE TREE SET                      |
--------------------------------------------------------------------
Iteration 30 / LogL: -13617.826 / Time: 0h:0m:39s (0h:1m:35s left)
Iteration 40 / LogL: -13603.779 / Time: 0h:0m:39s (0h:1m:1s left)
Iteration 50 / LogL: -13606.574 / Time: 0h:0m:39s (0h:0m:40s left)
Iteration 60 / LogL: -13606.581 / Time: 0h:0m:39s (0h:0m:27s left)
Iteration 70 / LogL: -13603.870 / Time: 0h:0m:39s (0h:0m:17s left)
Iteration 80 / LogL: -13606.922 / Time: 0h:0m:39s (0h:0m:10s left)
Iteration 90 / LogL: -13603.788 / Time: 0h:0m:39s (0h:0m:4s left)
Iteration 100 / LogL: -13603.792 / Time: 0h:0m:39s (0h:0m:0s left)
TREE SEARCH COMPLETED AFTER 102 ITERATIONS / Time: 0h:0m:39s

--------------------------------------------------------------------
|                    FINALIZING TREE SEARCH                        |
--------------------------------------------------------------------
Performs final model parameters optimization
Estimate model parameters (epsilon = 0.010)
1. Initial log-likelihood: -13603.772
Optimal log-likelihood: -13603.772
Rate parameters:  A-C: 1.00000  A-G: 1.00000  A-T: 1.00000  C-G: 1.00000  C-T: 1.00000  G-T: 1.00000
Base frequencies:  A: 0.250  C: 0.250  G: 0.250  T: 0.250
Parameters optimization took 1 rounds (0.001 sec)
BEST SCORE FOUND : -13603.772

Testing tree branches by aBayes parametric test...
0.002 sec.
Total tree length: 4.668

Total number of iterations: 102
CPU time used for tree search: 1.123 sec (0h:0m:1s)
Wall-clock time used for tree search: 1.149 sec (0h:0m:1s)
Total CPU time used: 42.066 sec (0h:0m:42s)
Total wall-clock time used: 39.872 sec (0h:0m:39s)

Analysis results written to: 
  IQ-TREE report:                /home/mis/CSE6406-project/work/paper_subset_50x10_L800/ils_low/replicate_02/estimated_gene_trees/L800/jc/locus_0002.iqtree
  Maximum-likelihood tree:       /home/mis/CSE6406-project/work/paper_subset_50x10_L800/ils_low/replicate_02/estimated_gene_trees/L800/jc/locus_0002.treefile
  Likelihood distances:          /home/mis/CSE6406-project/work/paper_subset_50x10_L800/ils_low/replicate_02/estimated_gene_trees/L800/jc/locus_0002.mldist
  Screen log file:               /home/mis/CSE6406-project/work/paper_subset_50x10_L800/ils_low/replicate_02/estimated_gene_trees/L800/jc/locus_0002.log

Date and Time: Fri Sep 11 05:01:49 2026
