IQ-TREE multicore version 2.4.0 for Linux x86 64-bit built Feb 12 2025
Developed by Bui Quang Minh, Nguyen Lam Tung, Olga Chernomor, Heiko Schmidt,
Dominik Schrempf, Michael Woodhams, Ly Trong Nhan, Thomas Wong

Host:    ezmata (AVX2, FMA3, 15 GB RAM)
Command: /home/mis/miniconda3/envs/cse6406/bin/iqtree2 -s /home/mis/CSE6406-project/work/paper_subset_50x10_L800/ils_low/replicate_04/alignments/L800/locus_0031.phy -m JC --abayes -T AUTO --seed 6806032 --prefix /home/mis/CSE6406-project/work/paper_subset_50x10_L800/ils_low/replicate_04/estimated_gene_trees/L800/jc/locus_0031 --redo --quiet
Seed:    6806032 (Using SPRNG - Scalable Parallel Random Number Generator)
Time:    Fri Sep 11 11:10:48 2026
Kernel:  AVX+FMA - auto-detect threads (16 CPU cores detected)

Reading alignment file /home/mis/CSE6406-project/work/paper_subset_50x10_L800/ils_low/replicate_04/alignments/L800/locus_0031.phy ... Phylip format detected
Alignment most likely contains DNA/RNA sequences
Alignment has 21 sequences with 800 columns, 240 distinct patterns
168 parsimony-informative, 93 singleton sites, 539 constant sites
        Gap/Ambiguity  Composition  p-value
Analyzing sequences: done in 0.000133621 secs
   1  0_0_0     0.00%    passed     96.42%
   2  15_0_0    0.00%    passed     97.58%
   3  2_0_0     0.00%    passed     98.96%
   4  11_0_0    0.00%    passed     91.93%
   5  16_0_0    0.00%    passed     97.37%
   6  1_0_0     0.00%    passed     87.39%
   7  4_0_0     0.00%    passed     92.93%
   8  20_0_0    0.00%    passed     93.19%
   9  17_0_0    0.00%    passed     98.68%
  10  19_0_0    0.00%    passed     98.47%
  11  18_0_0    0.00%    passed     85.23%
  12  3_0_0     0.00%    passed     95.91%
  13  8_0_0     0.00%    passed     89.80%
  14  9_0_0     0.00%    passed     91.98%
  15  12_0_0    0.00%    passed     96.71%
  16  13_0_0    0.00%    passed     97.55%
  17  6_0_0     0.00%    passed     95.73%
  18  7_0_0     0.00%    passed     95.22%
  19  14_0_0    0.00%    passed     90.35%
  20  5_0_0     0.00%    passed     94.91%
  21  10_0_0    0.00%    passed     98.38%
****  TOTAL     0.00%  0 sequences failed composition chi2 test (p-value<5%; df=3)

Create initial parsimony tree by phylogenetic likelihood library (PLL)... 0.001 seconds

NOTE: 0 MB RAM (0 GB) is required!
Measuring multi-threading efficiency up to 16 CPU cores
Increase to 10 rounds for branch lengths
9898 trees examined
Threads: 1 / Time: 16.001 sec / Speedup: 1.000 / Efficiency: 100% / LogL: -5472
Threads: 2 / Time: 31.128 sec / Speedup: 0.514 / Efficiency: 26% / LogL: -5472
BEST NUMBER OF THREADS: 1

Estimate model parameters (epsilon = 0.100)
1. Initial log-likelihood: -4670.325
Optimal log-likelihood: -4662.605
Rate parameters:  A-C: 1.00000  A-G: 1.00000  A-T: 1.00000  C-G: 1.00000  C-T: 1.00000  G-T: 1.00000
Base frequencies:  A: 0.250  C: 0.250  G: 0.250  T: 0.250
Parameters optimization took 1 rounds (0.001 sec)
Wrote distance file to... 
Computing ML distances based on estimated model parameters...
Calculating distance matrix: done in 0.000581982 secs using 100% CPU
Computing ML distances took 0.000606 sec (of wall-clock time) 0.000601 sec (of CPU time)
Setting up auxiliary I and S matrices: done in 2.7684e-05 secs using 97.53% CPU
Computing RapidNJ tree took 0.000111 sec (of wall-clock time) 0.000367 sec (of CPU time)
Log-likelihood of RapidNJ tree: -4686.154
--------------------------------------------------------------------
|             INITIALIZING CANDIDATE TREE SET                      |
--------------------------------------------------------------------
Generating 98 parsimony trees... 0.075 second
Computing log-likelihood of 98 initial trees ... 0.044 seconds
Current best score: -4654.548

Do NNI search on 20 best initial trees
Estimate model parameters (epsilon = 0.100)
BETTER TREE FOUND at iteration 1: -4654.492
Iteration 10 / LogL: -4656.012 / Time: 0h:0m:47s
Iteration 20 / LogL: -4663.464 / Time: 0h:0m:47s
Finish initializing candidate tree set (6)
Current best tree score: -4654.492 / CPU time: 0.181
Number of iterations: 20
--------------------------------------------------------------------
|               OPTIMIZING CANDIDATE TREE SET                      |
--------------------------------------------------------------------
Iteration 30 / LogL: -4658.171 / Time: 0h:0m:47s (0h:1m:55s left)
Iteration 40 / LogL: -4658.567 / Time: 0h:0m:47s (0h:1m:14s left)
Iteration 50 / LogL: -4654.496 / Time: 0h:0m:47s (0h:0m:49s left)
Iteration 60 / LogL: -4654.492 / Time: 0h:0m:47s (0h:0m:33s left)
Iteration 70 / LogL: -4656.012 / Time: 0h:0m:47s (0h:0m:21s left)
Iteration 80 / LogL: -4656.014 / Time: 0h:0m:47s (0h:0m:12s left)
Iteration 90 / LogL: -4654.493 / Time: 0h:0m:47s (0h:0m:5s left)
Iteration 100 / LogL: -4656.946 / Time: 0h:0m:47s (0h:0m:0s left)
TREE SEARCH COMPLETED AFTER 102 ITERATIONS / Time: 0h:0m:47s

--------------------------------------------------------------------
|                    FINALIZING TREE SEARCH                        |
--------------------------------------------------------------------
Performs final model parameters optimization
Estimate model parameters (epsilon = 0.010)
1. Initial log-likelihood: -4654.492
Optimal log-likelihood: -4654.492
Rate parameters:  A-C: 1.00000  A-G: 1.00000  A-T: 1.00000  C-G: 1.00000  C-T: 1.00000  G-T: 1.00000
Base frequencies:  A: 0.250  C: 0.250  G: 0.250  T: 0.250
Parameters optimization took 1 rounds (0.001 sec)
BEST SCORE FOUND : -4654.492

Testing tree branches by aBayes parametric test...
0.001 sec.
Total tree length: 0.836

Total number of iterations: 102
CPU time used for tree search: 0.679 sec (0h:0m:0s)
Wall-clock time used for tree search: 0.716 sec (0h:0m:0s)
Total CPU time used: 43.544 sec (0h:0m:43s)
Total wall-clock time used: 47.858 sec (0h:0m:47s)

Analysis results written to: 
  IQ-TREE report:                /home/mis/CSE6406-project/work/paper_subset_50x10_L800/ils_low/replicate_04/estimated_gene_trees/L800/jc/locus_0031.iqtree
  Maximum-likelihood tree:       /home/mis/CSE6406-project/work/paper_subset_50x10_L800/ils_low/replicate_04/estimated_gene_trees/L800/jc/locus_0031.treefile
  Likelihood distances:          /home/mis/CSE6406-project/work/paper_subset_50x10_L800/ils_low/replicate_04/estimated_gene_trees/L800/jc/locus_0031.mldist
  Screen log file:               /home/mis/CSE6406-project/work/paper_subset_50x10_L800/ils_low/replicate_04/estimated_gene_trees/L800/jc/locus_0031.log

Date and Time: Fri Sep 11 11:11:36 2026
