IQ-TREE multicore version 2.4.0 for Linux x86 64-bit built Feb 12 2025
Developed by Bui Quang Minh, Nguyen Lam Tung, Olga Chernomor, Heiko Schmidt,
Dominik Schrempf, Michael Woodhams, Ly Trong Nhan, Thomas Wong

Host:    ezmata (AVX2, FMA3, 15 GB RAM)
Command: /home/mis/miniconda3/envs/cse6406/bin/iqtree2 -s /home/mis/CSE6406-project/work/paper_subset_50x10_L800/ils_low/replicate_04/alignments/L800/locus_0028.phy -m JC --abayes -T AUTO --seed 6806029 --prefix /home/mis/CSE6406-project/work/paper_subset_50x10_L800/ils_low/replicate_04/estimated_gene_trees/L800/jc/locus_0028 --redo --quiet
Seed:    6806029 (Using SPRNG - Scalable Parallel Random Number Generator)
Time:    Fri Sep 11 11:08:27 2026
Kernel:  AVX+FMA - auto-detect threads (16 CPU cores detected)

Reading alignment file /home/mis/CSE6406-project/work/paper_subset_50x10_L800/ils_low/replicate_04/alignments/L800/locus_0028.phy ... Phylip format detected
Alignment most likely contains DNA/RNA sequences
Alignment has 21 sequences with 800 columns, 273 distinct patterns
174 parsimony-informative, 112 singleton sites, 514 constant sites
        Gap/Ambiguity  Composition  p-value
Analyzing sequences: done in 0.000105146 secs using 34.24% CPU
   1  0_0_0     0.00%    passed     86.04%
   2  8_0_0     0.00%    passed     86.60%
   3  9_0_0     0.00%    passed     96.88%
   4  7_0_0     0.00%    passed     55.74%
   5  3_0_0     0.00%    passed     97.39%
   6  14_0_0    0.00%    passed     99.75%
   7  5_0_0     0.00%    passed     93.70%
   8  6_0_0     0.00%    passed     99.67%
   9  13_0_0    0.00%    passed     99.99%
  10  12_0_0    0.00%    passed     98.77%
  11  20_0_0    0.00%    passed     97.70%
  12  18_0_0    0.00%    passed     98.57%
  13  19_0_0    0.00%    passed     99.64%
  14  17_0_0    0.00%    passed     96.94%
  15  11_0_0    0.00%    passed     99.59%
  16  16_0_0    0.00%    passed     98.10%
  17  1_0_0     0.00%    passed     99.55%
  18  4_0_0     0.00%    passed     99.27%
  19  15_0_0    0.00%    passed     89.87%
  20  2_0_0     0.00%    passed     83.68%
  21  10_0_0    0.00%    passed     97.31%
****  TOTAL     0.00%  0 sequences failed composition chi2 test (p-value<5%; df=3)

Create initial parsimony tree by phylogenetic likelihood library (PLL)... 0.000 seconds

NOTE: 0 MB RAM (0 GB) is required!
Measuring multi-threading efficiency up to 16 CPU cores
Increase to 10 rounds for branch lengths
10104 trees examined
Threads: 1 / Time: 16.001 sec / Speedup: 1.000 / Efficiency: 100% / LogL: -5902
Threads: 2 / Time: 28.894 sec / Speedup: 0.554 / Efficiency: 28% / LogL: -5902
BEST NUMBER OF THREADS: 1

Estimate model parameters (epsilon = 0.100)
1. Initial log-likelihood: -4983.816
Optimal log-likelihood: -4977.097
Rate parameters:  A-C: 1.00000  A-G: 1.00000  A-T: 1.00000  C-G: 1.00000  C-T: 1.00000  G-T: 1.00000
Base frequencies:  A: 0.250  C: 0.250  G: 0.250  T: 0.250
Parameters optimization took 1 rounds (0.001 sec)
Wrote distance file to... 
Computing ML distances based on estimated model parameters...
Calculating distance matrix: done in 0.000496556 secs using 75.72% CPU
Computing ML distances took 0.000522 sec (of wall-clock time) 0.000395 sec (of CPU time)
Setting up auxiliary I and S matrices: done in 2.6167e-05 secs using 72.61% CPU
Computing RapidNJ tree took 0.000097 sec (of wall-clock time) 0.000266 sec (of CPU time)
Log-likelihood of RapidNJ tree: -5008.096
--------------------------------------------------------------------
|             INITIALIZING CANDIDATE TREE SET                      |
--------------------------------------------------------------------
Generating 98 parsimony trees... 0.070 second
Computing log-likelihood of 98 initial trees ... 0.048 seconds
Current best score: -4971.443

Do NNI search on 20 best initial trees
Estimate model parameters (epsilon = 0.100)
BETTER TREE FOUND at iteration 1: -4971.414
Iteration 10 / LogL: -4973.772 / Time: 0h:0m:45s
Iteration 20 / LogL: -4976.024 / Time: 0h:0m:45s
Finish initializing candidate tree set (7)
Current best tree score: -4971.414 / CPU time: 0.179
Number of iterations: 20
--------------------------------------------------------------------
|               OPTIMIZING CANDIDATE TREE SET                      |
--------------------------------------------------------------------
Iteration 30 / LogL: -4973.772 / Time: 0h:0m:45s (0h:1m:50s left)
Iteration 40 / LogL: -4971.414 / Time: 0h:0m:45s (0h:1m:10s left)
UPDATE BEST LOG-LIKELIHOOD: -4971.414
Iteration 50 / LogL: -4971.415 / Time: 0h:0m:45s (0h:0m:47s left)
Iteration 60 / LogL: -4973.440 / Time: 0h:0m:45s (0h:0m:31s left)
Iteration 70 / LogL: -4983.498 / Time: 0h:0m:45s (0h:0m:20s left)
Iteration 80 / LogL: -4971.414 / Time: 0h:0m:45s (0h:0m:12s left)
Iteration 90 / LogL: -4972.560 / Time: 0h:0m:45s (0h:0m:5s left)
Iteration 100 / LogL: -4979.177 / Time: 0h:0m:45s (0h:0m:0s left)
TREE SEARCH COMPLETED AFTER 102 ITERATIONS / Time: 0h:0m:45s

--------------------------------------------------------------------
|                    FINALIZING TREE SEARCH                        |
--------------------------------------------------------------------
Performs final model parameters optimization
Estimate model parameters (epsilon = 0.010)
1. Initial log-likelihood: -4971.414
Optimal log-likelihood: -4971.414
Rate parameters:  A-C: 1.00000  A-G: 1.00000  A-T: 1.00000  C-G: 1.00000  C-T: 1.00000  G-T: 1.00000
Base frequencies:  A: 0.250  C: 0.250  G: 0.250  T: 0.250
Parameters optimization took 1 rounds (0.001 sec)
BEST SCORE FOUND : -4971.414

Testing tree branches by aBayes parametric test...
0.002 sec.
Total tree length: 0.942

Total number of iterations: 102
CPU time used for tree search: 0.729 sec (0h:0m:0s)
Wall-clock time used for tree search: 0.768 sec (0h:0m:0s)
Total CPU time used: 43.225 sec (0h:0m:43s)
Total wall-clock time used: 45.673 sec (0h:0m:45s)

Analysis results written to: 
  IQ-TREE report:                /home/mis/CSE6406-project/work/paper_subset_50x10_L800/ils_low/replicate_04/estimated_gene_trees/L800/jc/locus_0028.iqtree
  Maximum-likelihood tree:       /home/mis/CSE6406-project/work/paper_subset_50x10_L800/ils_low/replicate_04/estimated_gene_trees/L800/jc/locus_0028.treefile
  Likelihood distances:          /home/mis/CSE6406-project/work/paper_subset_50x10_L800/ils_low/replicate_04/estimated_gene_trees/L800/jc/locus_0028.mldist
  Screen log file:               /home/mis/CSE6406-project/work/paper_subset_50x10_L800/ils_low/replicate_04/estimated_gene_trees/L800/jc/locus_0028.log

Date and Time: Fri Sep 11 11:09:13 2026
