IQ-TREE multicore version 2.4.0 for Linux x86 64-bit built Feb 12 2025
Developed by Bui Quang Minh, Nguyen Lam Tung, Olga Chernomor, Heiko Schmidt,
Dominik Schrempf, Michael Woodhams, Ly Trong Nhan, Thomas Wong

Host:    ezmata (AVX2, FMA3, 15 GB RAM)
Command: /home/mis/miniconda3/envs/cse6406/bin/iqtree2 -s /home/mis/CSE6406-project/work/paper_subset_50x10_L800/ils_low/replicate_04/alignments/L800/locus_0034.phy -m JC --abayes -T AUTO --seed 6806035 --prefix /home/mis/CSE6406-project/work/paper_subset_50x10_L800/ils_low/replicate_04/estimated_gene_trees/L800/jc/locus_0034 --redo --quiet
Seed:    6806035 (Using SPRNG - Scalable Parallel Random Number Generator)
Time:    Fri Sep 11 11:13:14 2026
Kernel:  AVX+FMA - auto-detect threads (16 CPU cores detected)

Reading alignment file /home/mis/CSE6406-project/work/paper_subset_50x10_L800/ils_low/replicate_04/alignments/L800/locus_0034.phy ... Phylip format detected
Alignment most likely contains DNA/RNA sequences
Alignment has 21 sequences with 800 columns, 235 distinct patterns
151 parsimony-informative, 96 singleton sites, 553 constant sites
        Gap/Ambiguity  Composition  p-value
Analyzing sequences: done in 0.000130559 secs using 19.91% CPU
   1  0_0_0     0.00%    passed     85.82%
   2  18_0_0    0.00%    passed     87.68%
   3  20_0_0    0.00%    passed     98.34%
   4  9_0_0     0.00%    passed     85.45%
   5  8_0_0     0.00%    passed     90.34%
   6  3_0_0     0.00%    passed     85.40%
   7  5_0_0     0.00%    passed     95.09%
   8  14_0_0    0.00%    passed     99.83%
   9  7_0_0     0.00%    passed     93.92%
  10  12_0_0    0.00%    passed     96.79%
  11  6_0_0     0.00%    passed     99.75%
  12  13_0_0    0.00%    passed     96.66%
  13  17_0_0    0.00%    passed     98.05%
  14  19_0_0    0.00%    passed     89.39%
  15  16_0_0    0.00%    passed     99.85%
  16  11_0_0    0.00%    passed     99.32%
  17  4_0_0     0.00%    passed     87.53%
  18  1_0_0     0.00%    passed     84.98%
  19  2_0_0     0.00%    passed     91.59%
  20  15_0_0    0.00%    passed     98.95%
  21  10_0_0    0.00%    passed     98.79%
****  TOTAL     0.00%  0 sequences failed composition chi2 test (p-value<5%; df=3)

Create initial parsimony tree by phylogenetic likelihood library (PLL)... 0.000 seconds

NOTE: 0 MB RAM (0 GB) is required!
Measuring multi-threading efficiency up to 16 CPU cores
Increase to 10 rounds for branch lengths
10633 trees examined
Threads: 1 / Time: 16.000 sec / Speedup: 1.000 / Efficiency: 100% / LogL: -5271
Threads: 2 / Time: 30.137 sec / Speedup: 0.531 / Efficiency: 27% / LogL: -5271
BEST NUMBER OF THREADS: 1

Estimate model parameters (epsilon = 0.100)
1. Initial log-likelihood: -4453.515
Optimal log-likelihood: -4447.505
Rate parameters:  A-C: 1.00000  A-G: 1.00000  A-T: 1.00000  C-G: 1.00000  C-T: 1.00000  G-T: 1.00000
Base frequencies:  A: 0.250  C: 0.250  G: 0.250  T: 0.250
Parameters optimization took 1 rounds (0.001 sec)
Wrote distance file to... 
Computing ML distances based on estimated model parameters...
Calculating distance matrix: done in 0.000676992 secs using 73.86% CPU
Computing ML distances took 0.000701 sec (of wall-clock time) 0.000519 sec (of CPU time)
Setting up auxiliary I and S matrices: done in 3.0045e-05 secs using 73.22% CPU
Computing RapidNJ tree took 0.000113 sec (of wall-clock time) 0.000051 sec (of CPU time)
Log-likelihood of RapidNJ tree: -4495.617
--------------------------------------------------------------------
|             INITIALIZING CANDIDATE TREE SET                      |
--------------------------------------------------------------------
Generating 98 parsimony trees... 0.070 second
Computing log-likelihood of 98 initial trees ... 0.047 seconds
Current best score: -4446.398

Do NNI search on 20 best initial trees
Estimate model parameters (epsilon = 0.100)
BETTER TREE FOUND at iteration 1: -4446.387
Iteration 10 / LogL: -4446.883 / Time: 0h:0m:46s
Iteration 20 / LogL: -4451.781 / Time: 0h:0m:46s
Finish initializing candidate tree set (4)
Current best tree score: -4446.387 / CPU time: 0.186
Number of iterations: 20
--------------------------------------------------------------------
|               OPTIMIZING CANDIDATE TREE SET                      |
--------------------------------------------------------------------
Iteration 30 / LogL: -4446.884 / Time: 0h:0m:46s (0h:1m:53s left)
Iteration 40 / LogL: -4449.101 / Time: 0h:0m:46s (0h:1m:12s left)
Iteration 50 / LogL: -4458.777 / Time: 0h:0m:46s (0h:0m:48s left)
UPDATE BEST LOG-LIKELIHOOD: -4446.387
Iteration 60 / LogL: -4449.101 / Time: 0h:0m:46s (0h:0m:32s left)
Iteration 70 / LogL: -4446.415 / Time: 0h:0m:46s (0h:0m:20s left)
Iteration 80 / LogL: -4450.085 / Time: 0h:0m:46s (0h:0m:12s left)
Iteration 90 / LogL: -4446.388 / Time: 0h:0m:46s (0h:0m:5s left)
Iteration 100 / LogL: -4446.883 / Time: 0h:0m:46s (0h:0m:0s left)
TREE SEARCH COMPLETED AFTER 102 ITERATIONS / Time: 0h:0m:46s

--------------------------------------------------------------------
|                    FINALIZING TREE SEARCH                        |
--------------------------------------------------------------------
Performs final model parameters optimization
Estimate model parameters (epsilon = 0.010)
1. Initial log-likelihood: -4446.387
Optimal log-likelihood: -4446.387
Rate parameters:  A-C: 1.00000  A-G: 1.00000  A-T: 1.00000  C-G: 1.00000  C-T: 1.00000  G-T: 1.00000
Base frequencies:  A: 0.250  C: 0.250  G: 0.250  T: 0.250
Parameters optimization took 1 rounds (0.000 sec)
BEST SCORE FOUND : -4446.387

Testing tree branches by aBayes parametric test...
0.002 sec.
Total tree length: 0.771

Total number of iterations: 102
CPU time used for tree search: 0.737 sec (0h:0m:0s)
Wall-clock time used for tree search: 0.758 sec (0h:0m:0s)
Total CPU time used: 43.001 sec (0h:0m:43s)
Total wall-clock time used: 46.907 sec (0h:0m:46s)

Analysis results written to: 
  IQ-TREE report:                /home/mis/CSE6406-project/work/paper_subset_50x10_L800/ils_low/replicate_04/estimated_gene_trees/L800/jc/locus_0034.iqtree
  Maximum-likelihood tree:       /home/mis/CSE6406-project/work/paper_subset_50x10_L800/ils_low/replicate_04/estimated_gene_trees/L800/jc/locus_0034.treefile
  Likelihood distances:          /home/mis/CSE6406-project/work/paper_subset_50x10_L800/ils_low/replicate_04/estimated_gene_trees/L800/jc/locus_0034.mldist
  Screen log file:               /home/mis/CSE6406-project/work/paper_subset_50x10_L800/ils_low/replicate_04/estimated_gene_trees/L800/jc/locus_0034.log

Date and Time: Fri Sep 11 11:14:01 2026
