IQ-TREE multicore version 2.4.0 for Linux x86 64-bit built Feb 12 2025
Developed by Bui Quang Minh, Nguyen Lam Tung, Olga Chernomor, Heiko Schmidt,
Dominik Schrempf, Michael Woodhams, Ly Trong Nhan, Thomas Wong

Host:    ezmata (AVX2, FMA3, 15 GB RAM)
Command: /home/mis/miniconda3/envs/cse6406/bin/iqtree2 -s /home/mis/CSE6406-project/work/paper_subset_50x10_L800/ils_low/replicate_04/alignments/L800/locus_0021.phy -m JC --abayes -T AUTO --seed 6806022 --prefix /home/mis/CSE6406-project/work/paper_subset_50x10_L800/ils_low/replicate_04/estimated_gene_trees/L800/jc/locus_0021 --redo --quiet
Seed:    6806022 (Using SPRNG - Scalable Parallel Random Number Generator)
Time:    Fri Sep 11 11:02:53 2026
Kernel:  AVX+FMA - auto-detect threads (16 CPU cores detected)

Reading alignment file /home/mis/CSE6406-project/work/paper_subset_50x10_L800/ils_low/replicate_04/alignments/L800/locus_0021.phy ... Phylip format detected
Alignment most likely contains DNA/RNA sequences
Alignment has 21 sequences with 800 columns, 246 distinct patterns
163 parsimony-informative, 99 singleton sites, 538 constant sites
        Gap/Ambiguity  Composition  p-value
Analyzing sequences: done in 0.000115059 secs using 106% CPU
   1  11_0_0    0.00%    passed     75.89%
   2  16_0_0    0.00%    passed     80.32%
   3  4_0_0     0.00%    passed     88.54%
   4  1_0_0     0.00%    passed     70.96%
   5  2_0_0     0.00%    passed     97.37%
   6  15_0_0    0.00%    passed     98.59%
   7  19_0_0    0.00%    passed     90.02%
   8  17_0_0    0.00%    passed     81.33%
   9  20_0_0    0.00%    passed     99.71%
  10  18_0_0    0.00%    passed     95.34%
  11  10_0_0    0.00%    passed     98.61%
  12  12_0_0    0.00%    passed     76.08%
  13  13_0_0    0.00%    passed     97.46%
  14  6_0_0     0.00%    passed     88.83%
  15  14_0_0    0.00%    passed     87.06%
  16  5_0_0     0.00%    passed     88.33%
  17  7_0_0     0.00%    passed     99.85%
  18  3_0_0     0.00%    passed     79.33%
  19  9_0_0     0.00%    passed     99.29%
  20  8_0_0     0.00%    passed     99.72%
  21  0_0_0     0.00%    passed     68.89%
****  TOTAL     0.00%  0 sequences failed composition chi2 test (p-value<5%; df=3)

Create initial parsimony tree by phylogenetic likelihood library (PLL)... 0.001 seconds

NOTE: 0 MB RAM (0 GB) is required!
Measuring multi-threading efficiency up to 16 CPU cores
Increase to 10 rounds for branch lengths
10672 trees examined
Threads: 1 / Time: 16.001 sec / Speedup: 1.000 / Efficiency: 100% / LogL: -5461
Threads: 2 / Time: 30.421 sec / Speedup: 0.526 / Efficiency: 26% / LogL: -5461
BEST NUMBER OF THREADS: 1

Estimate model parameters (epsilon = 0.100)
1. Initial log-likelihood: -4593.038
Optimal log-likelihood: -4584.430
Rate parameters:  A-C: 1.00000  A-G: 1.00000  A-T: 1.00000  C-G: 1.00000  C-T: 1.00000  G-T: 1.00000
Base frequencies:  A: 0.250  C: 0.250  G: 0.250  T: 0.250
Parameters optimization took 1 rounds (0.001 sec)
Wrote distance file to... 
Computing ML distances based on estimated model parameters...
Calculating distance matrix: done in 0.000495695 secs using 94.82% CPU
Computing ML distances took 0.000517 sec (of wall-clock time) 0.000487 sec (of CPU time)
Setting up auxiliary I and S matrices: done in 2.3512e-05 secs using 97.82% CPU
Computing RapidNJ tree took 0.000088 sec (of wall-clock time) 0.000312 sec (of CPU time)
Log-likelihood of RapidNJ tree: -4616.043
--------------------------------------------------------------------
|             INITIALIZING CANDIDATE TREE SET                      |
--------------------------------------------------------------------
Generating 98 parsimony trees... 0.062 second
Computing log-likelihood of 98 initial trees ... 0.040 seconds
Current best score: -4579.519

Do NNI search on 20 best initial trees
Estimate model parameters (epsilon = 0.100)
BETTER TREE FOUND at iteration 1: -4579.502
Estimate model parameters (epsilon = 0.100)
BETTER TREE FOUND at iteration 2: -4579.310
Iteration 10 / LogL: -4580.024 / Time: 0h:0m:46s
Estimate model parameters (epsilon = 0.100)
BETTER TREE FOUND at iteration 15: -4579.245
UPDATE BEST LOG-LIKELIHOOD: -4579.245
Iteration 20 / LogL: -4582.851 / Time: 0h:0m:46s
Finish initializing candidate tree set (7)
Current best tree score: -4579.245 / CPU time: 0.165
Number of iterations: 20
--------------------------------------------------------------------
|               OPTIMIZING CANDIDATE TREE SET                      |
--------------------------------------------------------------------
UPDATE BEST LOG-LIKELIHOOD: -4579.245
UPDATE BEST LOG-LIKELIHOOD: -4579.245
Iteration 30 / LogL: -4579.503 / Time: 0h:0m:46s (0h:2m:16s left)
Iteration 40 / LogL: -4579.311 / Time: 0h:0m:46s (0h:1m:29s left)
Iteration 50 / LogL: -4581.260 / Time: 0h:0m:46s (0h:1m:2s left)
Iteration 60 / LogL: -4579.246 / Time: 0h:0m:46s (0h:0m:43s left)
Iteration 70 / LogL: -4579.245 / Time: 0h:0m:46s (0h:0m:30s left)
Iteration 80 / LogL: -4579.245 / Time: 0h:0m:46s (0h:0m:20s left)
UPDATE BEST LOG-LIKELIHOOD: -4579.244
Iteration 90 / LogL: -4583.913 / Time: 0h:0m:47s (0h:0m:13s left)
UPDATE BEST LOG-LIKELIHOOD: -4579.244
UPDATE BEST LOG-LIKELIHOOD: -4579.244
Iteration 100 / LogL: -4579.245 / Time: 0h:0m:47s (0h:0m:7s left)
Iteration 110 / LogL: -4585.611 / Time: 0h:0m:47s (0h:0m:2s left)
TREE SEARCH COMPLETED AFTER 116 ITERATIONS / Time: 0h:0m:47s

--------------------------------------------------------------------
|                    FINALIZING TREE SEARCH                        |
--------------------------------------------------------------------
Performs final model parameters optimization
Estimate model parameters (epsilon = 0.010)
1. Initial log-likelihood: -4579.244
Optimal log-likelihood: -4579.244
Rate parameters:  A-C: 1.00000  A-G: 1.00000  A-T: 1.00000  C-G: 1.00000  C-T: 1.00000  G-T: 1.00000
Base frequencies:  A: 0.250  C: 0.250  G: 0.250  T: 0.250
Parameters optimization took 1 rounds (0.000 sec)
BEST SCORE FOUND : -4579.244

Testing tree branches by aBayes parametric test...
0.001 sec.
Total tree length: 0.825

Total number of iterations: 116
CPU time used for tree search: 0.761 sec (0h:0m:0s)
Wall-clock time used for tree search: 0.781 sec (0h:0m:0s)
Total CPU time used: 43.697 sec (0h:0m:43s)
Total wall-clock time used: 47.216 sec (0h:0m:47s)

Analysis results written to: 
  IQ-TREE report:                /home/mis/CSE6406-project/work/paper_subset_50x10_L800/ils_low/replicate_04/estimated_gene_trees/L800/jc/locus_0021.iqtree
  Maximum-likelihood tree:       /home/mis/CSE6406-project/work/paper_subset_50x10_L800/ils_low/replicate_04/estimated_gene_trees/L800/jc/locus_0021.treefile
  Likelihood distances:          /home/mis/CSE6406-project/work/paper_subset_50x10_L800/ils_low/replicate_04/estimated_gene_trees/L800/jc/locus_0021.mldist
  Screen log file:               /home/mis/CSE6406-project/work/paper_subset_50x10_L800/ils_low/replicate_04/estimated_gene_trees/L800/jc/locus_0021.log

Date and Time: Fri Sep 11 11:03:40 2026
