IQ-TREE multicore version 2.4.0 for MacOS ARM 64-bit built Feb 12 2025
Developed by Bui Quang Minh, Nguyen Lam Tung, Olga Chernomor, Heiko Schmidt,
Dominik Schrempf, Michael Woodhams, Ly Trong Nhan, Thomas Wong

Host:    Fahims-MacBook-Air.local (SSE4.2, 16 GB RAM)
Command: /Users/fahim/miniconda3/envs/cse6406/bin/iqtree2 -s /Users/fahim/CSE6406-project/work/paper_subset_50x10_L1600/ils_high/replicate_02/alignments/L1600/locus_0045.phy -m GTR --abayes -T AUTO --seed 6606046 --prefix /Users/fahim/CSE6406-project/work/paper_subset_50x10_L1600/ils_high/replicate_02/estimated_gene_trees/L1600/gtr/locus_0045 --redo --quiet
Seed:    6606046 (Using SPRNG - Scalable Parallel Random Number Generator)
Time:    Sat Sep 12 03:38:13 2026
Kernel:  SSE2 - auto-detect threads (10 CPU cores detected)

Reading alignment file /Users/fahim/CSE6406-project/work/paper_subset_50x10_L1600/ils_high/replicate_02/alignments/L1600/locus_0045.phy ... Phylip format detected
Alignment most likely contains DNA/RNA sequences
Alignment has 21 sequences with 1600 columns, 975 distinct patterns
847 parsimony-informative, 161 singleton sites, 592 constant sites
        Gap/Ambiguity  Composition  p-value
Analyzing sequences: done in 4.29153e-05 secs using 135.1% CPU
   1  0_0_0     0.00%    passed     62.39%
   2  5_0_0     0.00%    passed     91.90%
   3  3_0_0     0.00%    passed     46.25%
   4  2_0_0     0.00%    passed     86.32%
   5  4_0_0     0.00%    passed     95.97%
   6  12_0_0    0.00%    passed     42.28%
   7  20_0_0    0.00%    passed     84.83%
   8  17_0_0    0.00%    passed     71.18%
   9  13_0_0    0.00%    passed      8.18%
  10  15_0_0    0.00%    passed     99.66%
  11  18_0_0    0.00%    passed     54.20%
  12  16_0_0    0.00%    passed     93.78%
  13  8_0_0     0.00%    passed     93.16%
  14  10_0_0    0.00%    passed     85.15%
  15  19_0_0    0.00%    passed     74.27%
  16  7_0_0     0.00%    passed     88.33%
  17  14_0_0    0.00%    passed     93.42%
  18  9_0_0     0.00%    passed     86.51%
  19  11_0_0    0.00%    passed     59.56%
  20  1_0_0     0.00%    passed     86.15%
  21  6_0_0     0.00%    passed     73.74%
****  TOTAL     0.00%  0 sequences failed composition chi2 test (p-value<5%; df=3)

Create initial parsimony tree by phylogenetic likelihood library (PLL)... 0.001 seconds

NOTE: 0 MB RAM (0 GB) is required!
Measuring multi-threading efficiency up to 10 CPU cores
Increase to 10 rounds for branch lengths
2917 trees examined
Threads: 1 / Time: 10.001 sec / Speedup: 1.000 / Efficiency: 100% / LogL: -29945
Threads: 2 / Time: 18.043 sec / Speedup: 0.554 / Efficiency: 28% / LogL: -29945
BEST NUMBER OF THREADS: 1

Estimate model parameters (epsilon = 0.100)
1. Initial log-likelihood: -28872.372
2. Current log-likelihood: -28702.558
3. Current log-likelihood: -28702.225
Optimal log-likelihood: -28702.224
Rate parameters:  A-C: 1.02142  A-G: 1.41099  A-T: 1.15248  C-G: 0.94851  C-T: 1.35655  G-T: 1.00000
Base frequencies:  A: 0.297  C: 0.207  G: 0.204  T: 0.292
Parameters optimization took 3 rounds (0.012 sec)
Wrote distance file to... 
Computing ML distances based on estimated model parameters...
Calculating distance matrix: done in 0.000442982 secs using 97.97% CPU
Computing ML distances took 0.000497 sec (of wall-clock time) 0.000475 sec (of CPU time)
Setting up auxiliary I and S matrices: done in 1.62125e-05 secs using 74.02% CPU
Computing RapidNJ tree took 0.000061 sec (of wall-clock time) 0.000066 sec (of CPU time)
Log-likelihood of RapidNJ tree: -28763.791
--------------------------------------------------------------------
|             INITIALIZING CANDIDATE TREE SET                      |
--------------------------------------------------------------------
Generating 98 parsimony trees... 0.094 second
Computing log-likelihood of 98 initial trees ... 0.071 seconds
Current best score: -28702.224

Do NNI search on 20 best initial trees
Estimate model parameters (epsilon = 0.100)
BETTER TREE FOUND at iteration 1: -28701.666
Iteration 10 / LogL: -28701.680 / Time: 0h:0m:28s
Iteration 20 / LogL: -28727.879 / Time: 0h:0m:28s
Finish initializing candidate tree set (9)
Current best tree score: -28701.666 / CPU time: 0.299
Number of iterations: 20
--------------------------------------------------------------------
|               OPTIMIZING CANDIDATE TREE SET                      |
--------------------------------------------------------------------
Iteration 30 / LogL: -28701.687 / Time: 0h:0m:28s (0h:1m:9s left)
Iteration 40 / LogL: -28702.285 / Time: 0h:0m:28s (0h:0m:44s left)
Iteration 50 / LogL: -28702.277 / Time: 0h:0m:28s (0h:0m:29s left)
Iteration 60 / LogL: -28702.972 / Time: 0h:0m:28s (0h:0m:19s left)
Iteration 70 / LogL: -28701.674 / Time: 0h:0m:28s (0h:0m:12s left)
Iteration 80 / LogL: -28702.956 / Time: 0h:0m:28s (0h:0m:7s left)
Iteration 90 / LogL: -28703.247 / Time: 0h:0m:29s (0h:0m:3s left)
Iteration 100 / LogL: -28756.250 / Time: 0h:0m:29s (0h:0m:0s left)
TREE SEARCH COMPLETED AFTER 102 ITERATIONS / Time: 0h:0m:29s

--------------------------------------------------------------------
|                    FINALIZING TREE SEARCH                        |
--------------------------------------------------------------------
Performs final model parameters optimization
Estimate model parameters (epsilon = 0.010)
1. Initial log-likelihood: -28701.666
Optimal log-likelihood: -28701.665
Rate parameters:  A-C: 1.01624  A-G: 1.41748  A-T: 1.15276  C-G: 0.94424  C-T: 1.35959  G-T: 1.00000
Base frequencies:  A: 0.297  C: 0.207  G: 0.204  T: 0.292
Parameters optimization took 1 rounds (0.002 sec)
BEST SCORE FOUND : -28701.665

Testing tree branches by aBayes parametric test...
0.003 sec.
Total tree length: 5.277

Total number of iterations: 102
CPU time used for tree search: 1.097 sec (0h:0m:1s)
Wall-clock time used for tree search: 1.099 sec (0h:0m:1s)
Total CPU time used: 26.326 sec (0h:0m:26s)
Total wall-clock time used: 29.168 sec (0h:0m:29s)

Analysis results written to: 
  IQ-TREE report:                /Users/fahim/CSE6406-project/work/paper_subset_50x10_L1600/ils_high/replicate_02/estimated_gene_trees/L1600/gtr/locus_0045.iqtree
  Maximum-likelihood tree:       /Users/fahim/CSE6406-project/work/paper_subset_50x10_L1600/ils_high/replicate_02/estimated_gene_trees/L1600/gtr/locus_0045.treefile
  Likelihood distances:          /Users/fahim/CSE6406-project/work/paper_subset_50x10_L1600/ils_high/replicate_02/estimated_gene_trees/L1600/gtr/locus_0045.mldist
  Screen log file:               /Users/fahim/CSE6406-project/work/paper_subset_50x10_L1600/ils_high/replicate_02/estimated_gene_trees/L1600/gtr/locus_0045.log

Date and Time: Sat Sep 12 03:38:42 2026
