IQ-TREE multicore version 2.4.0 for MacOS ARM 64-bit built Feb 12 2025
Developed by Bui Quang Minh, Nguyen Lam Tung, Olga Chernomor, Heiko Schmidt,
Dominik Schrempf, Michael Woodhams, Ly Trong Nhan, Thomas Wong

Host:    Fahims-MacBook-Air.local (SSE4.2, 16 GB RAM)
Command: /Users/fahim/miniconda3/envs/cse6406/bin/iqtree2 -s /Users/fahim/CSE6406-project/work/paper_subset_50x10_L1600/ils_high/replicate_02/alignments/L1600/locus_0009.phy -m GTR --abayes -T AUTO --seed 6606010 --prefix /Users/fahim/CSE6406-project/work/paper_subset_50x10_L1600/ils_high/replicate_02/estimated_gene_trees/L1600/gtr/locus_0009 --redo --quiet
Seed:    6606010 (Using SPRNG - Scalable Parallel Random Number Generator)
Time:    Sat Sep 12 03:20:45 2026
Kernel:  SSE2 - auto-detect threads (10 CPU cores detected)

Reading alignment file /Users/fahim/CSE6406-project/work/paper_subset_50x10_L1600/ils_high/replicate_02/alignments/L1600/locus_0009.phy ... Phylip format detected
Alignment most likely contains DNA/RNA sequences
Alignment has 21 sequences with 1600 columns, 945 distinct patterns
814 parsimony-informative, 186 singleton sites, 600 constant sites
        Gap/Ambiguity  Composition  p-value
Analyzing sequences: done in 3.29018e-05 secs using 148.9% CPU
   1  0_0_0     0.00%    passed     95.78%
   2  9_0_0     0.00%    passed     59.73%
   3  11_0_0    0.00%    passed     47.13%
   4  20_0_0    0.00%    passed     94.33%
   5  12_0_0    0.00%    passed     88.04%
   6  17_0_0    0.00%    passed     98.45%
   7  13_0_0    0.00%    passed     48.34%
   8  7_0_0     0.00%    passed     73.66%
   9  8_0_0     0.00%    passed     91.41%
  10  19_0_0    0.00%    passed     85.99%
  11  14_0_0    0.00%    passed     95.94%
  12  18_0_0    0.00%    passed     78.87%
  13  15_0_0    0.00%    passed     73.52%
  14  16_0_0    0.00%    passed     89.51%
  15  10_0_0    0.00%    passed     48.88%
  16  2_0_0     0.00%    passed     99.49%
  17  4_0_0     0.00%    passed     90.99%
  18  6_0_0     0.00%    passed     89.62%
  19  3_0_0     0.00%    passed     83.45%
  20  5_0_0     0.00%    passed     41.65%
  21  1_0_0     0.00%    passed     98.78%
****  TOTAL     0.00%  0 sequences failed composition chi2 test (p-value<5%; df=3)

Create initial parsimony tree by phylogenetic likelihood library (PLL)... 0.001 seconds

NOTE: 0 MB RAM (0 GB) is required!
Measuring multi-threading efficiency up to 10 CPU cores
Increase to 10 rounds for branch lengths
3109 trees examined
Threads: 1 / Time: 10.001 sec / Speedup: 1.000 / Efficiency: 100% / LogL: -28845
Threads: 2 / Time: 18.371 sec / Speedup: 0.544 / Efficiency: 27% / LogL: -28845
BEST NUMBER OF THREADS: 1

Estimate model parameters (epsilon = 0.100)
1. Initial log-likelihood: -27746.337
2. Current log-likelihood: -27609.855
3. Current log-likelihood: -27609.573
Optimal log-likelihood: -27609.572
Rate parameters:  A-C: 0.89157  A-G: 1.27489  A-T: 0.95749  C-G: 0.94221  C-T: 1.14178  G-T: 1.00000
Base frequencies:  A: 0.309  C: 0.206  G: 0.193  T: 0.292
Parameters optimization took 3 rounds (0.012 sec)
Wrote distance file to... 
Computing ML distances based on estimated model parameters...
Calculating distance matrix: done in 0.000434875 secs using 97.96% CPU
Computing ML distances took 0.000485 sec (of wall-clock time) 0.000465 sec (of CPU time)
Setting up auxiliary I and S matrices: done in 1.5974e-05 secs using 68.86% CPU
Computing RapidNJ tree took 0.000058 sec (of wall-clock time) 0.000065 sec (of CPU time)
Log-likelihood of RapidNJ tree: -27652.574
--------------------------------------------------------------------
|             INITIALIZING CANDIDATE TREE SET                      |
--------------------------------------------------------------------
Generating 98 parsimony trees... 0.088 second
Computing log-likelihood of 98 initial trees ... 0.066 seconds
Current best score: -27587.999

Do NNI search on 20 best initial trees
Estimate model parameters (epsilon = 0.100)
BETTER TREE FOUND at iteration 1: -27576.268
Iteration 10 / LogL: -27586.450 / Time: 0h:0m:28s
Iteration 20 / LogL: -27576.286 / Time: 0h:0m:28s
Finish initializing candidate tree set (9)
Current best tree score: -27576.268 / CPU time: 0.287
Number of iterations: 20
--------------------------------------------------------------------
|               OPTIMIZING CANDIDATE TREE SET                      |
--------------------------------------------------------------------
Iteration 30 / LogL: -27576.328 / Time: 0h:0m:28s (0h:1m:10s left)
Iteration 40 / LogL: -27576.307 / Time: 0h:0m:28s (0h:0m:45s left)
Iteration 50 / LogL: -27582.701 / Time: 0h:0m:28s (0h:0m:30s left)
Iteration 60 / LogL: -27582.704 / Time: 0h:0m:29s (0h:0m:20s left)
Iteration 70 / LogL: -27590.722 / Time: 0h:0m:29s (0h:0m:13s left)
Iteration 80 / LogL: -27576.275 / Time: 0h:0m:29s (0h:0m:7s left)
Iteration 90 / LogL: -27577.624 / Time: 0h:0m:29s (0h:0m:3s left)
Iteration 100 / LogL: -27577.606 / Time: 0h:0m:29s (0h:0m:0s left)
TREE SEARCH COMPLETED AFTER 102 ITERATIONS / Time: 0h:0m:29s

--------------------------------------------------------------------
|                    FINALIZING TREE SEARCH                        |
--------------------------------------------------------------------
Performs final model parameters optimization
Estimate model parameters (epsilon = 0.010)
1. Initial log-likelihood: -27576.268
Optimal log-likelihood: -27576.265
Rate parameters:  A-C: 0.87848  A-G: 1.25926  A-T: 0.95464  C-G: 0.93987  C-T: 1.15507  G-T: 1.00000
Base frequencies:  A: 0.309  C: 0.206  G: 0.193  T: 0.292
Parameters optimization took 1 rounds (0.002 sec)
BEST SCORE FOUND : -27576.265

Testing tree branches by aBayes parametric test...
0.002 sec.
Total tree length: 4.888

Total number of iterations: 102
CPU time used for tree search: 0.979 sec (0h:0m:0s)
Wall-clock time used for tree search: 0.981 sec (0h:0m:0s)
Total CPU time used: 26.342 sec (0h:0m:26s)
Total wall-clock time used: 29.376 sec (0h:0m:29s)

Analysis results written to: 
  IQ-TREE report:                /Users/fahim/CSE6406-project/work/paper_subset_50x10_L1600/ils_high/replicate_02/estimated_gene_trees/L1600/gtr/locus_0009.iqtree
  Maximum-likelihood tree:       /Users/fahim/CSE6406-project/work/paper_subset_50x10_L1600/ils_high/replicate_02/estimated_gene_trees/L1600/gtr/locus_0009.treefile
  Likelihood distances:          /Users/fahim/CSE6406-project/work/paper_subset_50x10_L1600/ils_high/replicate_02/estimated_gene_trees/L1600/gtr/locus_0009.mldist
  Screen log file:               /Users/fahim/CSE6406-project/work/paper_subset_50x10_L1600/ils_high/replicate_02/estimated_gene_trees/L1600/gtr/locus_0009.log

Date and Time: Sat Sep 12 03:21:14 2026
