IQ-TREE multicore version 2.4.0 for MacOS ARM 64-bit built Feb 12 2025
Developed by Bui Quang Minh, Nguyen Lam Tung, Olga Chernomor, Heiko Schmidt,
Dominik Schrempf, Michael Woodhams, Ly Trong Nhan, Thomas Wong

Host:    Fahims-MacBook-Air.local (SSE4.2, 16 GB RAM)
Command: /Users/fahim/miniconda3/envs/cse6406/bin/iqtree2 -s /Users/fahim/CSE6406-project/work/paper_subset_50x10_L1600/ils_high/replicate_07/alignments/L1600/locus_0047.phy -m GTR+G4 --abayes -T AUTO --seed 7106048 --prefix /Users/fahim/CSE6406-project/work/paper_subset_50x10_L1600/ils_high/replicate_07/estimated_gene_trees/L1600/gtr_g4/locus_0047 --redo --quiet
Seed:    7106048 (Using SPRNG - Scalable Parallel Random Number Generator)
Time:    Sat Sep 12 13:53:08 2026
Kernel:  SSE2 - auto-detect threads (10 CPU cores detected)

Reading alignment file /Users/fahim/CSE6406-project/work/paper_subset_50x10_L1600/ils_high/replicate_07/alignments/L1600/locus_0047.phy ... Phylip format detected
Alignment most likely contains DNA/RNA sequences
Alignment has 21 sequences with 1600 columns, 799 distinct patterns
661 parsimony-informative, 200 singleton sites, 739 constant sites
        Gap/Ambiguity  Composition  p-value
Analyzing sequences: done in 4.19617e-05 secs using 123.9% CPU
   1  17_0_0    0.00%    passed     44.98%
   2  10_0_0    0.00%    passed     75.68%
   3  5_0_0     0.00%    passed     80.15%
   4  9_0_0     0.00%    passed     65.20%
   5  11_0_0    0.00%    passed     85.12%
   6  8_0_0     0.00%    passed     89.87%
   7  1_0_0     0.00%    passed     79.49%
   8  20_0_0    0.00%    passed     96.65%
   9  18_0_0    0.00%    passed     57.17%
  10  19_0_0    0.00%    passed     97.62%
  11  13_0_0    0.00%    passed     92.87%
  12  3_0_0     0.00%    passed     87.74%
  13  16_0_0    0.00%    passed     62.21%
  14  15_0_0    0.00%    passed     97.23%
  15  4_0_0     0.00%    passed     51.81%
  16  14_0_0    0.00%    passed     92.28%
  17  6_0_0     0.00%    passed     96.93%
  18  2_0_0     0.00%    passed     79.50%
  19  12_0_0    0.00%    passed     97.51%
  20  7_0_0     0.00%    passed     83.64%
  21  0_0_0     0.00%    passed     27.84%
****  TOTAL     0.00%  0 sequences failed composition chi2 test (p-value<5%; df=3)

Create initial parsimony tree by phylogenetic likelihood library (PLL)... 0.001 seconds

NOTE: 2 MB RAM (0 GB) is required!
Measuring multi-threading efficiency up to 10 CPU cores
Increase to 10 rounds for branch lengths
829 trees examined
Threads: 1 / Time: 10.008 sec / Speedup: 1.000 / Efficiency: 100% / LogL: -20941
Threads: 2 / Time: 13.104 sec / Speedup: 0.764 / Efficiency: 38% / LogL: -20941
BEST NUMBER OF THREADS: 1

Estimate model parameters (epsilon = 0.100)
1. Initial log-likelihood: -19212.048
2. Current log-likelihood: -18134.794
3. Current log-likelihood: -18060.045
4. Current log-likelihood: -18057.622
5. Current log-likelihood: -18057.466
Optimal log-likelihood: -18057.457
Rate parameters:  A-C: 0.84460  A-G: 1.69927  A-T: 0.84803  C-G: 0.94462  C-T: 1.84463  G-T: 1.00000
Base frequencies:  A: 0.311  C: 0.193  G: 0.194  T: 0.302
Gamma shape alpha: 0.196
Parameters optimization took 5 rounds (0.084 sec)
Wrote distance file to... 
Computing ML distances based on estimated model parameters...
Calculating distance matrix: done in 0.000779867 secs using 98.48% CPU
Computing ML distances took 0.000824 sec (of wall-clock time) 0.000802 sec (of CPU time)
Setting up auxiliary I and S matrices: done in 1.78814e-05 secs using 61.52% CPU
Computing RapidNJ tree took 0.000058 sec (of wall-clock time) 0.000062 sec (of CPU time)
Log-likelihood of RapidNJ tree: -18060.853
--------------------------------------------------------------------
|             INITIALIZING CANDIDATE TREE SET                      |
--------------------------------------------------------------------
Generating 98 parsimony trees... 0.077 second
Computing log-likelihood of 98 initial trees ... 0.180 seconds
Current best score: -18057.457

Do NNI search on 20 best initial trees
Estimate model parameters (epsilon = 0.100)
BETTER TREE FOUND at iteration 1: -18051.561
Iteration 10 / LogL: -18051.631 / Time: 0h:0m:23s
Iteration 20 / LogL: -18051.682 / Time: 0h:0m:23s
Finish initializing candidate tree set (2)
Current best tree score: -18051.561 / CPU time: 0.721
Number of iterations: 20
--------------------------------------------------------------------
|               OPTIMIZING CANDIDATE TREE SET                      |
--------------------------------------------------------------------
Iteration 30 / LogL: -18051.639 / Time: 0h:0m:24s (0h:0m:59s left)
Iteration 40 / LogL: -18051.605 / Time: 0h:0m:24s (0h:0m:38s left)
Iteration 50 / LogL: -18051.589 / Time: 0h:0m:24s (0h:0m:25s left)
Iteration 60 / LogL: -18051.565 / Time: 0h:0m:25s (0h:0m:17s left)
Iteration 70 / LogL: -18051.568 / Time: 0h:0m:25s (0h:0m:11s left)
Iteration 80 / LogL: -18051.675 / Time: 0h:0m:25s (0h:0m:6s left)
Iteration 90 / LogL: -18051.600 / Time: 0h:0m:25s (0h:0m:3s left)
Iteration 100 / LogL: -18051.571 / Time: 0h:0m:26s (0h:0m:0s left)
TREE SEARCH COMPLETED AFTER 102 ITERATIONS / Time: 0h:0m:26s

--------------------------------------------------------------------
|                    FINALIZING TREE SEARCH                        |
--------------------------------------------------------------------
Performs final model parameters optimization
Estimate model parameters (epsilon = 0.010)
1. Initial log-likelihood: -18051.561
Optimal log-likelihood: -18051.559
Rate parameters:  A-C: 0.84313  A-G: 1.70259  A-T: 0.85147  C-G: 0.95451  C-T: 1.84702  G-T: 1.00000
Base frequencies:  A: 0.311  C: 0.193  G: 0.194  T: 0.302
Gamma shape alpha: 0.195
Parameters optimization took 1 rounds (0.007 sec)
BEST SCORE FOUND : -18051.559

Testing tree branches by aBayes parametric test...
0.006 sec.
Total tree length: 7.344

Total number of iterations: 102
CPU time used for tree search: 3.081 sec (0h:0m:3s)
Wall-clock time used for tree search: 3.093 sec (0h:0m:3s)
Total CPU time used: 26.643 sec (0h:0m:26s)
Total wall-clock time used: 26.316 sec (0h:0m:26s)

Analysis results written to: 
  IQ-TREE report:                /Users/fahim/CSE6406-project/work/paper_subset_50x10_L1600/ils_high/replicate_07/estimated_gene_trees/L1600/gtr_g4/locus_0047.iqtree
  Maximum-likelihood tree:       /Users/fahim/CSE6406-project/work/paper_subset_50x10_L1600/ils_high/replicate_07/estimated_gene_trees/L1600/gtr_g4/locus_0047.treefile
  Likelihood distances:          /Users/fahim/CSE6406-project/work/paper_subset_50x10_L1600/ils_high/replicate_07/estimated_gene_trees/L1600/gtr_g4/locus_0047.mldist
  Screen log file:               /Users/fahim/CSE6406-project/work/paper_subset_50x10_L1600/ils_high/replicate_07/estimated_gene_trees/L1600/gtr_g4/locus_0047.log

Date and Time: Sat Sep 12 13:53:35 2026
