IQ-TREE multicore version 2.4.0 for MacOS ARM 64-bit built Feb 12 2025
Developed by Bui Quang Minh, Nguyen Lam Tung, Olga Chernomor, Heiko Schmidt,
Dominik Schrempf, Michael Woodhams, Ly Trong Nhan, Thomas Wong

Host:    Fahims-MacBook-Air.local (SSE4.2, 16 GB RAM)
Command: /Users/fahim/miniconda3/envs/cse6406/bin/iqtree2 -s /Users/fahim/CSE6406-project/work/paper_subset_50x10_L1600/ils_high/replicate_07/alignments/L1600/locus_0023.phy -m GTR+G4 --abayes -T AUTO --seed 7106024 --prefix /Users/fahim/CSE6406-project/work/paper_subset_50x10_L1600/ils_high/replicate_07/estimated_gene_trees/L1600/gtr_g4/locus_0023 --redo --quiet
Seed:    7106024 (Using SPRNG - Scalable Parallel Random Number Generator)
Time:    Sat Sep 12 13:42:11 2026
Kernel:  SSE2 - auto-detect threads (10 CPU cores detected)

Reading alignment file /Users/fahim/CSE6406-project/work/paper_subset_50x10_L1600/ils_high/replicate_07/alignments/L1600/locus_0023.phy ... Phylip format detected
Alignment most likely contains DNA/RNA sequences
Alignment has 21 sequences with 1600 columns, 803 distinct patterns
689 parsimony-informative, 146 singleton sites, 765 constant sites
        Gap/Ambiguity  Composition  p-value
Analyzing sequences: done in 5.10216e-05 secs using 105.8% CPU
   1  1_0_0     0.00%    passed     62.38%
   2  3_0_0     0.00%    passed     67.51%
   3  13_0_0    0.00%    passed     99.88%
   4  4_0_0     0.00%    passed     53.52%
   5  16_0_0    0.00%    passed     69.75%
   6  8_0_0     0.00%    passed     84.69%
   7  5_0_0     0.00%    passed     81.38%
   8  7_0_0     0.00%    passed     81.67%
   9  12_0_0    0.00%    passed     84.87%
  10  15_0_0    0.00%    passed     73.39%
  11  9_0_0     0.00%    passed     54.21%
  12  11_0_0    0.00%    passed     97.32%
  13  10_0_0    0.00%    passed     97.97%
  14  17_0_0    0.00%    passed     95.33%
  15  2_0_0     0.00%    passed     88.10%
  16  14_0_0    0.00%    passed     87.13%
  17  6_0_0     0.00%    passed     91.15%
  18  19_0_0    0.00%    passed     98.70%
  19  18_0_0    0.00%    passed     96.17%
  20  20_0_0    0.00%    passed     62.95%
  21  0_0_0     0.00%    passed     66.41%
****  TOTAL     0.00%  0 sequences failed composition chi2 test (p-value<5%; df=3)

Create initial parsimony tree by phylogenetic likelihood library (PLL)... 0.001 seconds

NOTE: 2 MB RAM (0 GB) is required!
Measuring multi-threading efficiency up to 10 CPU cores
Increase to 10 rounds for branch lengths
830 trees examined
Threads: 1 / Time: 10.008 sec / Speedup: 1.000 / Efficiency: 100% / LogL: -21513
Threads: 2 / Time: 13.194 sec / Speedup: 0.758 / Efficiency: 38% / LogL: -21513
BEST NUMBER OF THREADS: 1

Estimate model parameters (epsilon = 0.100)
1. Initial log-likelihood: -19677.554
2. Current log-likelihood: -18524.802
3. Current log-likelihood: -18451.471
4. Current log-likelihood: -18448.848
5. Current log-likelihood: -18448.682
Optimal log-likelihood: -18448.645
Rate parameters:  A-C: 0.93498  A-G: 2.01367  A-T: 0.90907  C-G: 0.79192  C-T: 1.83797  G-T: 1.00000
Base frequencies:  A: 0.307  C: 0.211  G: 0.196  T: 0.286
Gamma shape alpha: 0.194
Parameters optimization took 5 rounds (0.083 sec)
Wrote distance file to... 
Computing ML distances based on estimated model parameters...
Calculating distance matrix: done in 0.000777006 secs using 99.36% CPU
Computing ML distances took 0.000823 sec (of wall-clock time) 0.000809 sec (of CPU time)
Setting up auxiliary I and S matrices: done in 1.69277e-05 secs using 76.8% CPU
Computing RapidNJ tree took 0.000059 sec (of wall-clock time) 0.000067 sec (of CPU time)
Log-likelihood of RapidNJ tree: -18452.873
--------------------------------------------------------------------
|             INITIALIZING CANDIDATE TREE SET                      |
--------------------------------------------------------------------
Generating 98 parsimony trees... 0.080 second
Computing log-likelihood of 98 initial trees ... 0.178 seconds
Current best score: -18448.645

Do NNI search on 20 best initial trees
Estimate model parameters (epsilon = 0.100)
BETTER TREE FOUND at iteration 1: -18447.367
Estimate model parameters (epsilon = 0.100)
BETTER TREE FOUND at iteration 2: -18445.937
Estimate model parameters (epsilon = 0.100)
BETTER TREE FOUND at iteration 4: -18445.893
Iteration 10 / LogL: -18445.946 / Time: 0h:0m:23s
Iteration 20 / LogL: -18445.893 / Time: 0h:0m:24s
Finish initializing candidate tree set (10)
Current best tree score: -18445.893 / CPU time: 0.892
Number of iterations: 20
--------------------------------------------------------------------
|               OPTIMIZING CANDIDATE TREE SET                      |
--------------------------------------------------------------------
UPDATE BEST LOG-LIKELIHOOD: -18445.893
Iteration 30 / LogL: -18448.637 / Time: 0h:0m:24s (0h:1m:2s left)
Iteration 40 / LogL: -18445.894 / Time: 0h:0m:24s (0h:0m:40s left)
Iteration 50 / LogL: -18445.942 / Time: 0h:0m:25s (0h:0m:27s left)
Iteration 60 / LogL: -18445.893 / Time: 0h:0m:25s (0h:0m:19s left)
Iteration 70 / LogL: -18445.893 / Time: 0h:0m:25s (0h:0m:12s left)
Iteration 80 / LogL: -18445.900 / Time: 0h:0m:26s (0h:0m:7s left)
UPDATE BEST LOG-LIKELIHOOD: -18445.893
Iteration 90 / LogL: -18446.667 / Time: 0h:0m:26s (0h:0m:4s left)
Iteration 100 / LogL: -18446.885 / Time: 0h:0m:27s (0h:0m:1s left)
TREE SEARCH COMPLETED AFTER 105 ITERATIONS / Time: 0h:0m:27s

--------------------------------------------------------------------
|                    FINALIZING TREE SEARCH                        |
--------------------------------------------------------------------
Performs final model parameters optimization
Estimate model parameters (epsilon = 0.010)
1. Initial log-likelihood: -18445.893
Optimal log-likelihood: -18445.890
Rate parameters:  A-C: 0.94730  A-G: 2.02177  A-T: 0.90562  C-G: 0.80001  C-T: 1.85301  G-T: 1.00000
Base frequencies:  A: 0.307  C: 0.211  G: 0.196  T: 0.286
Gamma shape alpha: 0.193
Parameters optimization took 1 rounds (0.007 sec)
BEST SCORE FOUND : -18445.890

Testing tree branches by aBayes parametric test...
0.006 sec.
Total tree length: 7.296

Total number of iterations: 105
CPU time used for tree search: 3.859 sec (0h:0m:3s)
Wall-clock time used for tree search: 3.881 sec (0h:0m:3s)
Total CPU time used: 27.433 sec (0h:0m:27s)
Total wall-clock time used: 27.194 sec (0h:0m:27s)

Analysis results written to: 
  IQ-TREE report:                /Users/fahim/CSE6406-project/work/paper_subset_50x10_L1600/ils_high/replicate_07/estimated_gene_trees/L1600/gtr_g4/locus_0023.iqtree
  Maximum-likelihood tree:       /Users/fahim/CSE6406-project/work/paper_subset_50x10_L1600/ils_high/replicate_07/estimated_gene_trees/L1600/gtr_g4/locus_0023.treefile
  Likelihood distances:          /Users/fahim/CSE6406-project/work/paper_subset_50x10_L1600/ils_high/replicate_07/estimated_gene_trees/L1600/gtr_g4/locus_0023.mldist
  Screen log file:               /Users/fahim/CSE6406-project/work/paper_subset_50x10_L1600/ils_high/replicate_07/estimated_gene_trees/L1600/gtr_g4/locus_0023.log

Date and Time: Sat Sep 12 13:42:38 2026
