IQ-TREE multicore version 2.4.0 for MacOS ARM 64-bit built Feb 12 2025
Developed by Bui Quang Minh, Nguyen Lam Tung, Olga Chernomor, Heiko Schmidt,
Dominik Schrempf, Michael Woodhams, Ly Trong Nhan, Thomas Wong

Host:    Fahims-MacBook-Air.local (SSE4.2, 16 GB RAM)
Command: /Users/fahim/miniconda3/envs/cse6406/bin/iqtree2 -s /Users/fahim/CSE6406-project/work/paper_subset_50x10_L1600/ils_low/replicate_09/alignments/L1600/locus_0007.phy -m HKY+G4 --abayes -T AUTO --seed 7306008 --prefix /Users/fahim/CSE6406-project/work/paper_subset_50x10_L1600/ils_low/replicate_09/estimated_gene_trees/L1600/hky_g4/locus_0007 --redo --quiet
Seed:    7306008 (Using SPRNG - Scalable Parallel Random Number Generator)
Time:    Fri Sep 11 19:28:29 2026
Kernel:  SSE2 - auto-detect threads (10 CPU cores detected)

Reading alignment file /Users/fahim/CSE6406-project/work/paper_subset_50x10_L1600/ils_low/replicate_09/alignments/L1600/locus_0007.phy ... Phylip format detected
Alignment most likely contains DNA/RNA sequences
Alignment has 21 sequences with 1600 columns, 911 distinct patterns
807 parsimony-informative, 149 singleton sites, 644 constant sites
        Gap/Ambiguity  Composition  p-value
Analyzing sequences: done in 3.69549e-05 secs using 129.9% CPU
   1  1_0_0     0.00%    passed     71.07%
   2  16_0_0    0.00%    passed     90.84%
   3  8_0_0     0.00%    passed     60.05%
   4  13_0_0    0.00%    passed     84.36%
   5  14_0_0    0.00%    passed     98.46%
   6  7_0_0     0.00%    passed     67.37%
   7  2_0_0     0.00%    passed     90.07%
   8  10_0_0    0.00%    passed     99.19%
   9  18_0_0    0.00%    passed     99.91%
  10  17_0_0    0.00%    passed     99.42%
  11  15_0_0    0.00%    passed     94.32%
  12  5_0_0     0.00%    passed     95.21%
  13  4_0_0     0.00%    passed     56.15%
  14  11_0_0    0.00%    passed     67.73%
  15  9_0_0     0.00%    passed     52.03%
  16  3_0_0     0.00%    passed     77.02%
  17  19_0_0    0.00%    passed     73.63%
  18  6_0_0     0.00%    passed     82.72%
  19  12_0_0    0.00%    passed     87.43%
  20  20_0_0    0.00%    passed     61.56%
  21  0_0_0     0.00%    passed     52.07%
****  TOTAL     0.00%  0 sequences failed composition chi2 test (p-value<5%; df=3)

Create initial parsimony tree by phylogenetic likelihood library (PLL)... 0.001 seconds

NOTE: 2 MB RAM (0 GB) is required!
Measuring multi-threading efficiency up to 10 CPU cores
Increase to 10 rounds for branch lengths
691 trees examined
Threads: 1 / Time: 10.001 sec / Speedup: 1.000 / Efficiency: 100% / LogL: -23767
Threads: 2 / Time: 12.146 sec / Speedup: 0.823 / Efficiency: 41% / LogL: -23767
BEST NUMBER OF THREADS: 1

Estimate model parameters (epsilon = 0.100)
1. Initial log-likelihood: -22034.133
2. Current log-likelihood: -21034.445
3. Current log-likelihood: -20910.674
4. Current log-likelihood: -20899.740
5. Current log-likelihood: -20897.614
6. Current log-likelihood: -20897.145
7. Current log-likelihood: -20897.036
Optimal log-likelihood: -20896.943
Rate parameters:  A-C: 1.00000  A-G: 1.96490  A-T: 1.00000  C-G: 1.00000  C-T: 1.96490  G-T: 1.00000
Base frequencies:  A: 0.300  C: 0.192  G: 0.199  T: 0.310
Gamma shape alpha: 0.207
Parameters optimization took 7 rounds (0.076 sec)
Wrote distance file to... 
Computing ML distances based on estimated model parameters...
Calculating distance matrix: done in 0.000927925 secs using 98.93% CPU
Computing ML distances took 0.000980 sec (of wall-clock time) 0.000960 sec (of CPU time)
Setting up auxiliary I and S matrices: done in 1.62125e-05 secs using 67.85% CPU
Computing RapidNJ tree took 0.000059 sec (of wall-clock time) 0.000060 sec (of CPU time)
Log-likelihood of RapidNJ tree: -20896.543
--------------------------------------------------------------------
|             INITIALIZING CANDIDATE TREE SET                      |
--------------------------------------------------------------------
Generating 98 parsimony trees... 0.094 second
Computing log-likelihood of 98 initial trees ... 0.209 seconds
Current best score: -20896.543

Do NNI search on 20 best initial trees
Estimate model parameters (epsilon = 0.100)
BETTER TREE FOUND at iteration 1: -20892.192
UPDATE BEST LOG-LIKELIHOOD: -20892.192
UPDATE BEST LOG-LIKELIHOOD: -20892.191
Iteration 10 / LogL: -20892.192 / Time: 0h:0m:23s
UPDATE BEST LOG-LIKELIHOOD: -20892.191
Iteration 20 / LogL: -20892.191 / Time: 0h:0m:23s
Finish initializing candidate tree set (3)
Current best tree score: -20892.191 / CPU time: 1.392
Number of iterations: 20
--------------------------------------------------------------------
|               OPTIMIZING CANDIDATE TREE SET                      |
--------------------------------------------------------------------
UPDATE BEST LOG-LIKELIHOOD: -20892.191
Iteration 30 / LogL: -20892.191 / Time: 0h:0m:24s (0h:0m:59s left)
UPDATE BEST LOG-LIKELIHOOD: -20892.191
Iteration 40 / LogL: -20892.191 / Time: 0h:0m:24s (0h:0m:38s left)
Iteration 50 / LogL: -20892.191 / Time: 0h:0m:25s (0h:0m:26s left)
Iteration 60 / LogL: -20892.192 / Time: 0h:0m:25s (0h:0m:17s left)
Iteration 70 / LogL: -20912.155 / Time: 0h:0m:26s (0h:0m:11s left)
Iteration 80 / LogL: -20892.191 / Time: 0h:0m:27s (0h:0m:7s left)
Iteration 90 / LogL: -20892.191 / Time: 0h:0m:27s (0h:0m:3s left)
Iteration 100 / LogL: -20912.437 / Time: 0h:0m:28s (0h:0m:0s left)
TREE SEARCH COMPLETED AFTER 102 ITERATIONS / Time: 0h:0m:28s

--------------------------------------------------------------------
|                    FINALIZING TREE SEARCH                        |
--------------------------------------------------------------------
Performs final model parameters optimization
Estimate model parameters (epsilon = 0.010)
1. Initial log-likelihood: -20892.191
Optimal log-likelihood: -20892.189
Rate parameters:  A-C: 1.00000  A-G: 1.95606  A-T: 1.00000  C-G: 1.00000  C-T: 1.95606  G-T: 1.00000
Base frequencies:  A: 0.300  C: 0.192  G: 0.199  T: 0.310
Gamma shape alpha: 0.206
Parameters optimization took 1 rounds (0.006 sec)
BEST SCORE FOUND : -20892.189

Testing tree branches by aBayes parametric test...
0.007 sec.
Total tree length: 13.488

Total number of iterations: 102
CPU time used for tree search: 6.053 sec (0h:0m:6s)
Wall-clock time used for tree search: 6.083 sec (0h:0m:6s)
Total CPU time used: 29.236 sec (0h:0m:29s)
Total wall-clock time used: 28.343 sec (0h:0m:28s)

Analysis results written to: 
  IQ-TREE report:                /Users/fahim/CSE6406-project/work/paper_subset_50x10_L1600/ils_low/replicate_09/estimated_gene_trees/L1600/hky_g4/locus_0007.iqtree
  Maximum-likelihood tree:       /Users/fahim/CSE6406-project/work/paper_subset_50x10_L1600/ils_low/replicate_09/estimated_gene_trees/L1600/hky_g4/locus_0007.treefile
  Likelihood distances:          /Users/fahim/CSE6406-project/work/paper_subset_50x10_L1600/ils_low/replicate_09/estimated_gene_trees/L1600/hky_g4/locus_0007.mldist
  Screen log file:               /Users/fahim/CSE6406-project/work/paper_subset_50x10_L1600/ils_low/replicate_09/estimated_gene_trees/L1600/hky_g4/locus_0007.log

Date and Time: Fri Sep 11 19:28:57 2026
