IQ-TREE multicore version 2.4.0 for MacOS ARM 64-bit built Feb 12 2025
Developed by Bui Quang Minh, Nguyen Lam Tung, Olga Chernomor, Heiko Schmidt,
Dominik Schrempf, Michael Woodhams, Ly Trong Nhan, Thomas Wong

Host:    Fahims-MacBook-Air.local (SSE4.2, 16 GB RAM)
Command: /Users/fahim/miniconda3/envs/cse6406/bin/iqtree2 -s /Users/fahim/CSE6406-project/work/paper_subset_50x10_L1600/ils_low/replicate_05/alignments/L1600/locus_0037.phy -m GTR --abayes -T AUTO --seed 6906038 --prefix /Users/fahim/CSE6406-project/work/paper_subset_50x10_L1600/ils_low/replicate_05/estimated_gene_trees/L1600/gtr/locus_0037 --redo --quiet
Seed:    6906038 (Using SPRNG - Scalable Parallel Random Number Generator)
Time:    Fri Sep 11 10:34:01 2026
Kernel:  SSE2 - auto-detect threads (10 CPU cores detected)

Reading alignment file /Users/fahim/CSE6406-project/work/paper_subset_50x10_L1600/ils_low/replicate_05/alignments/L1600/locus_0037.phy ... Phylip format detected
Alignment most likely contains DNA/RNA sequences
Alignment has 21 sequences with 1600 columns, 483 distinct patterns
362 parsimony-informative, 164 singleton sites, 1074 constant sites
        Gap/Ambiguity  Composition  p-value
Analyzing sequences: done in 3.69549e-05 secs using 92% CPU
   1  3_0_0     0.00%    passed     98.60%
   2  4_0_0     0.00%    passed     99.31%
   3  1_0_0     0.00%    passed     98.61%
   4  2_0_0     0.00%    passed     97.88%
   5  12_0_0    0.00%    passed     94.59%
   6  10_0_0    0.00%    passed     98.08%
   7  5_0_0     0.00%    passed     97.89%
   8  7_0_0     0.00%    passed     98.81%
   9  8_0_0     0.00%    passed     99.36%
  10  6_0_0     0.00%    passed     98.02%
  11  9_0_0     0.00%    passed     96.19%
  12  11_0_0    0.00%    passed     87.09%
  13  14_0_0    0.00%    passed     99.18%
  14  17_0_0    0.00%    passed     98.49%
  15  19_0_0    0.00%    passed     99.41%
  16  16_0_0    0.00%    passed     99.69%
  17  13_0_0    0.00%    passed     84.12%
  18  18_0_0    0.00%    passed     98.63%
  19  20_0_0    0.00%    passed     99.74%
  20  15_0_0    0.00%    passed     99.08%
  21  0_0_0     0.00%    passed     94.82%
****  TOTAL     0.00%  0 sequences failed composition chi2 test (p-value<5%; df=3)

Create initial parsimony tree by phylogenetic likelihood library (PLL)... 0.000 seconds

NOTE: 0 MB RAM (0 GB) is required!
Measuring multi-threading efficiency up to 10 CPU cores
Increase to 10 rounds for branch lengths
6355 trees examined
Threads: 1 / Time: 10.001 sec / Speedup: 1.000 / Efficiency: 100% / LogL: -11782
Threads: 2 / Time: 26.692 sec / Speedup: 0.375 / Efficiency: 19% / LogL: -11782
BEST NUMBER OF THREADS: 1

Estimate model parameters (epsilon = 0.100)
1. Initial log-likelihood: -9789.598
2. Current log-likelihood: -9677.685
3. Current log-likelihood: -9677.532
Optimal log-likelihood: -9677.531
Rate parameters:  A-C: 1.18810  A-G: 2.30585  A-T: 0.94014  C-G: 1.23317  C-T: 2.23016  G-T: 1.00000
Base frequencies:  A: 0.315  C: 0.194  G: 0.187  T: 0.304
Parameters optimization took 3 rounds (0.007 sec)
Wrote distance file to... 
Computing ML distances based on estimated model parameters...
Calculating distance matrix: done in 0.000466108 secs using 97.62% CPU
Computing ML distances took 0.000500 sec (of wall-clock time) 0.000476 sec (of CPU time)
Setting up auxiliary I and S matrices: done in 1.69277e-05 secs using 70.89% CPU
Computing RapidNJ tree took 0.000062 sec (of wall-clock time) 0.000060 sec (of CPU time)
Log-likelihood of RapidNJ tree: -9715.723
--------------------------------------------------------------------
|             INITIALIZING CANDIDATE TREE SET                      |
--------------------------------------------------------------------
Generating 98 parsimony trees... 0.055 second
Computing log-likelihood of 98 initial trees ... 0.041 seconds
Current best score: -9677.531

Do NNI search on 20 best initial trees
Estimate model parameters (epsilon = 0.100)
BETTER TREE FOUND at iteration 1: -9677.531
Iteration 10 / LogL: -9677.532 / Time: 0h:0m:36s
Iteration 20 / LogL: -9687.124 / Time: 0h:0m:36s
Finish initializing candidate tree set (4)
Current best tree score: -9677.531 / CPU time: 0.184
Number of iterations: 20
--------------------------------------------------------------------
|               OPTIMIZING CANDIDATE TREE SET                      |
--------------------------------------------------------------------
Iteration 30 / LogL: -9690.469 / Time: 0h:0m:36s (0h:1m:30s left)
Iteration 40 / LogL: -9677.532 / Time: 0h:0m:37s (0h:0m:57s left)
Iteration 50 / LogL: -9690.466 / Time: 0h:0m:37s (0h:0m:38s left)
Iteration 60 / LogL: -9690.470 / Time: 0h:0m:37s (0h:0m:25s left)
Iteration 70 / LogL: -9677.533 / Time: 0h:0m:37s (0h:0m:16s left)
Iteration 80 / LogL: -9677.558 / Time: 0h:0m:37s (0h:0m:9s left)
Iteration 90 / LogL: -9677.654 / Time: 0h:0m:37s (0h:0m:4s left)
Iteration 100 / LogL: -9677.536 / Time: 0h:0m:37s (0h:0m:0s left)
TREE SEARCH COMPLETED AFTER 102 ITERATIONS / Time: 0h:0m:37s

--------------------------------------------------------------------
|                    FINALIZING TREE SEARCH                        |
--------------------------------------------------------------------
Performs final model parameters optimization
Estimate model parameters (epsilon = 0.010)
1. Initial log-likelihood: -9677.531
Optimal log-likelihood: -9677.531
Rate parameters:  A-C: 1.18826  A-G: 2.30683  A-T: 0.94256  C-G: 1.23368  C-T: 2.23090  G-T: 1.00000
Base frequencies:  A: 0.315  C: 0.194  G: 0.187  T: 0.304
Parameters optimization took 1 rounds (0.001 sec)
BEST SCORE FOUND : -9677.531

Testing tree branches by aBayes parametric test...
0.001 sec.
Total tree length: 0.895

Total number of iterations: 102
CPU time used for tree search: 0.696 sec (0h:0m:0s)
Wall-clock time used for tree search: 0.698 sec (0h:0m:0s)
Total CPU time used: 29.699 sec (0h:0m:29s)
Total wall-clock time used: 37.406 sec (0h:0m:37s)

Analysis results written to: 
  IQ-TREE report:                /Users/fahim/CSE6406-project/work/paper_subset_50x10_L1600/ils_low/replicate_05/estimated_gene_trees/L1600/gtr/locus_0037.iqtree
  Maximum-likelihood tree:       /Users/fahim/CSE6406-project/work/paper_subset_50x10_L1600/ils_low/replicate_05/estimated_gene_trees/L1600/gtr/locus_0037.treefile
  Likelihood distances:          /Users/fahim/CSE6406-project/work/paper_subset_50x10_L1600/ils_low/replicate_05/estimated_gene_trees/L1600/gtr/locus_0037.mldist
  Screen log file:               /Users/fahim/CSE6406-project/work/paper_subset_50x10_L1600/ils_low/replicate_05/estimated_gene_trees/L1600/gtr/locus_0037.log

Date and Time: Fri Sep 11 10:34:39 2026
