IQ-TREE multicore version 2.4.0 for MacOS ARM 64-bit built Feb 12 2025
Developed by Bui Quang Minh, Nguyen Lam Tung, Olga Chernomor, Heiko Schmidt,
Dominik Schrempf, Michael Woodhams, Ly Trong Nhan, Thomas Wong

Host:    Fahims-MacBook-Air.local (SSE4.2, 16 GB RAM)
Command: /Users/fahim/miniconda3/envs/cse6406/bin/iqtree2 -s /Users/fahim/CSE6406-project/work/paper_subset_50x10_L1600/ils_low/replicate_05/alignments/L1600/locus_0050.phy -m GTR --abayes -T AUTO --seed 6906051 --prefix /Users/fahim/CSE6406-project/work/paper_subset_50x10_L1600/ils_low/replicate_05/estimated_gene_trees/L1600/gtr/locus_0050 --redo --quiet
Seed:    6906051 (Using SPRNG - Scalable Parallel Random Number Generator)
Time:    Fri Sep 11 10:42:11 2026
Kernel:  SSE2 - auto-detect threads (10 CPU cores detected)

Reading alignment file /Users/fahim/CSE6406-project/work/paper_subset_50x10_L1600/ils_low/replicate_05/alignments/L1600/locus_0050.phy ... Phylip format detected
Alignment most likely contains DNA/RNA sequences
Alignment has 21 sequences with 1600 columns, 507 distinct patterns
385 parsimony-informative, 173 singleton sites, 1042 constant sites
        Gap/Ambiguity  Composition  p-value
Analyzing sequences: done in 3.60012e-05 secs using 102.8% CPU
   1  0_0_0     0.00%    passed     97.95%
   2  15_0_0    0.00%    passed     80.72%
   3  20_0_0    0.00%    passed     87.68%
   4  2_0_0     0.00%    passed     93.27%
   5  1_0_0     0.00%    passed     91.93%
   6  4_0_0     0.00%    passed     92.88%
   7  3_0_0     0.00%    passed     96.64%
   8  18_0_0    0.00%    passed     99.87%
   9  19_0_0    0.00%    passed     89.75%
  10  17_0_0    0.00%    passed     91.91%
  11  16_0_0    0.00%    passed     90.77%
  12  13_0_0    0.00%    passed     93.79%
  13  14_0_0    0.00%    passed     92.19%
  14  5_0_0     0.00%    passed     94.60%
  15  10_0_0    0.00%    passed     99.28%
  16  12_0_0    0.00%    passed     93.99%
  17  8_0_0     0.00%    passed     82.90%
  18  7_0_0     0.00%    passed     65.70%
  19  6_0_0     0.00%    passed     97.70%
  20  9_0_0     0.00%    passed     99.13%
  21  11_0_0    0.00%    passed     98.72%
****  TOTAL     0.00%  0 sequences failed composition chi2 test (p-value<5%; df=3)

Create initial parsimony tree by phylogenetic likelihood library (PLL)... 0.000 seconds

NOTE: 0 MB RAM (0 GB) is required!
Measuring multi-threading efficiency up to 10 CPU cores
Increase to 10 rounds for branch lengths
6030 trees examined
Threads: 1 / Time: 10.001 sec / Speedup: 1.000 / Efficiency: 100% / LogL: -12665
Threads: 2 / Time: 26.224 sec / Speedup: 0.381 / Efficiency: 19% / LogL: -12665
BEST NUMBER OF THREADS: 1

Estimate model parameters (epsilon = 0.100)
1. Initial log-likelihood: -10627.753
2. Current log-likelihood: -10569.914
Optimal log-likelihood: -10569.825
Rate parameters:  A-C: 0.98541  A-G: 1.68298  A-T: 0.95294  C-G: 1.00083  C-T: 1.57616  G-T: 1.00000
Base frequencies:  A: 0.297  C: 0.194  G: 0.192  T: 0.318
Parameters optimization took 2 rounds (0.006 sec)
Wrote distance file to... 
Computing ML distances based on estimated model parameters...
Calculating distance matrix: done in 0.000434875 secs using 99.11% CPU
Computing ML distances took 0.000467 sec (of wall-clock time) 0.000454 sec (of CPU time)
Setting up auxiliary I and S matrices: done in 1.40667e-05 secs using 78.2% CPU
Computing RapidNJ tree took 0.000063 sec (of wall-clock time) 0.000068 sec (of CPU time)
Log-likelihood of RapidNJ tree: -10624.510
--------------------------------------------------------------------
|             INITIALIZING CANDIDATE TREE SET                      |
--------------------------------------------------------------------
Generating 98 parsimony trees... 0.064 second
Computing log-likelihood of 98 initial trees ... 0.042 seconds
Current best score: -10569.825

Do NNI search on 20 best initial trees
Estimate model parameters (epsilon = 0.100)
BETTER TREE FOUND at iteration 1: -10566.032
Estimate model parameters (epsilon = 0.100)
BETTER TREE FOUND at iteration 2: -10563.117
Iteration 10 / LogL: -10566.053 / Time: 0h:0m:36s
Iteration 20 / LogL: -10566.049 / Time: 0h:0m:36s
Finish initializing candidate tree set (3)
Current best tree score: -10563.117 / CPU time: 0.209
Number of iterations: 20
--------------------------------------------------------------------
|               OPTIMIZING CANDIDATE TREE SET                      |
--------------------------------------------------------------------
Iteration 30 / LogL: -10563.118 / Time: 0h:0m:36s (0h:1m:30s left)
Iteration 40 / LogL: -10563.118 / Time: 0h:0m:36s (0h:0m:58s left)
Iteration 50 / LogL: -10563.117 / Time: 0h:0m:36s (0h:0m:38s left)
Iteration 60 / LogL: -10566.054 / Time: 0h:0m:36s (0h:0m:26s left)
Iteration 70 / LogL: -10563.180 / Time: 0h:0m:36s (0h:0m:17s left)
Iteration 80 / LogL: -10563.120 / Time: 0h:0m:36s (0h:0m:10s left)
Iteration 90 / LogL: -10574.457 / Time: 0h:0m:36s (0h:0m:4s left)
Iteration 100 / LogL: -10563.117 / Time: 0h:0m:36s (0h:0m:0s left)
TREE SEARCH COMPLETED AFTER 103 ITERATIONS / Time: 0h:0m:37s

--------------------------------------------------------------------
|                    FINALIZING TREE SEARCH                        |
--------------------------------------------------------------------
Performs final model parameters optimization
Estimate model parameters (epsilon = 0.010)
1. Initial log-likelihood: -10563.117
Optimal log-likelihood: -10563.117
Rate parameters:  A-C: 0.97963  A-G: 1.67442  A-T: 0.95023  C-G: 0.99927  C-T: 1.58409  G-T: 1.00000
Base frequencies:  A: 0.297  C: 0.194  G: 0.192  T: 0.318
Parameters optimization took 1 rounds (0.001 sec)
BEST SCORE FOUND : -10563.117

Testing tree branches by aBayes parametric test...
0.002 sec.
Total tree length: 1.040

Total number of iterations: 103
CPU time used for tree search: 0.766 sec (0h:0m:0s)
Wall-clock time used for tree search: 0.768 sec (0h:0m:0s)
Total CPU time used: 29.547 sec (0h:0m:29s)
Total wall-clock time used: 37.008 sec (0h:0m:37s)

Analysis results written to: 
  IQ-TREE report:                /Users/fahim/CSE6406-project/work/paper_subset_50x10_L1600/ils_low/replicate_05/estimated_gene_trees/L1600/gtr/locus_0050.iqtree
  Maximum-likelihood tree:       /Users/fahim/CSE6406-project/work/paper_subset_50x10_L1600/ils_low/replicate_05/estimated_gene_trees/L1600/gtr/locus_0050.treefile
  Likelihood distances:          /Users/fahim/CSE6406-project/work/paper_subset_50x10_L1600/ils_low/replicate_05/estimated_gene_trees/L1600/gtr/locus_0050.mldist
  Screen log file:               /Users/fahim/CSE6406-project/work/paper_subset_50x10_L1600/ils_low/replicate_05/estimated_gene_trees/L1600/gtr/locus_0050.log

Date and Time: Fri Sep 11 10:42:48 2026
