IQ-TREE multicore version 2.4.0 for MacOS ARM 64-bit built Feb 12 2025
Developed by Bui Quang Minh, Nguyen Lam Tung, Olga Chernomor, Heiko Schmidt,
Dominik Schrempf, Michael Woodhams, Ly Trong Nhan, Thomas Wong

Host:    Fahims-MacBook-Air.local (SSE4.2, 16 GB RAM)
Command: /Users/fahim/miniconda3/envs/cse6406/bin/iqtree2 -s /Users/fahim/CSE6406-project/work/paper_subset_50x10_L1600/ils_low/replicate_05/alignments/L1600/locus_0033.phy -m GTR --abayes -T AUTO --seed 6906034 --prefix /Users/fahim/CSE6406-project/work/paper_subset_50x10_L1600/ils_low/replicate_05/estimated_gene_trees/L1600/gtr/locus_0033 --redo --quiet
Seed:    6906034 (Using SPRNG - Scalable Parallel Random Number Generator)
Time:    Fri Sep 11 10:31:31 2026
Kernel:  SSE2 - auto-detect threads (10 CPU cores detected)

Reading alignment file /Users/fahim/CSE6406-project/work/paper_subset_50x10_L1600/ils_low/replicate_05/alignments/L1600/locus_0033.phy ... Phylip format detected
Alignment most likely contains DNA/RNA sequences
Alignment has 21 sequences with 1600 columns, 489 distinct patterns
375 parsimony-informative, 148 singleton sites, 1077 constant sites
        Gap/Ambiguity  Composition  p-value
Analyzing sequences: done in 3.38554e-05 secs using 118.1% CPU
   1  1_0_0     0.00%    passed     99.08%
   2  4_0_0     0.00%    passed     96.12%
   3  3_0_0     0.00%    passed     98.20%
   4  2_0_0     0.00%    passed     98.80%
   5  10_0_0    0.00%    passed     85.83%
   6  5_0_0     0.00%    passed     96.90%
   7  12_0_0    0.00%    passed     88.93%
   8  11_0_0    0.00%    passed     97.90%
   9  9_0_0     0.00%    passed     98.77%
  10  6_0_0     0.00%    passed     92.97%
  11  8_0_0     0.00%    passed     98.53%
  12  7_0_0     0.00%    passed     99.16%
  13  20_0_0    0.00%    passed     93.60%
  14  15_0_0    0.00%    passed     94.44%
  15  13_0_0    0.00%    passed     96.17%
  16  14_0_0    0.00%    passed     99.87%
  17  19_0_0    0.00%    passed     94.46%
  18  17_0_0    0.00%    passed     94.57%
  19  16_0_0    0.00%    passed     96.76%
  20  18_0_0    0.00%    passed     99.34%
  21  0_0_0     0.00%    passed     50.30%
****  TOTAL     0.00%  0 sequences failed composition chi2 test (p-value<5%; df=3)

Create initial parsimony tree by phylogenetic likelihood library (PLL)... 0.000 seconds

NOTE: 0 MB RAM (0 GB) is required!
Measuring multi-threading efficiency up to 10 CPU cores
Increase to 10 rounds for branch lengths
6136 trees examined
Threads: 1 / Time: 10.000 sec / Speedup: 1.000 / Efficiency: 100% / LogL: -12762
Threads: 2 / Time: 26.667 sec / Speedup: 0.375 / Efficiency: 19% / LogL: -12762
BEST NUMBER OF THREADS: 1

Estimate model parameters (epsilon = 0.100)
1. Initial log-likelihood: -10458.812
2. Current log-likelihood: -10373.632
Optimal log-likelihood: -10373.539
Rate parameters:  A-C: 1.14748  A-G: 1.85000  A-T: 0.91176  C-G: 1.07452  C-T: 1.82001  G-T: 1.00000
Base frequencies:  A: 0.301  C: 0.196  G: 0.191  T: 0.312
Parameters optimization took 2 rounds (0.006 sec)
Wrote distance file to... 
Computing ML distances based on estimated model parameters...
Calculating distance matrix: done in 0.000467062 secs using 98.27% CPU
Computing ML distances took 0.000498 sec (of wall-clock time) 0.000481 sec (of CPU time)
Setting up auxiliary I and S matrices: done in 1.5974e-05 secs using 68.86% CPU
Computing RapidNJ tree took 0.000065 sec (of wall-clock time) 0.000068 sec (of CPU time)
Log-likelihood of RapidNJ tree: -10375.725
--------------------------------------------------------------------
|             INITIALIZING CANDIDATE TREE SET                      |
--------------------------------------------------------------------
Generating 98 parsimony trees... 0.054 second
Computing log-likelihood of 98 initial trees ... 0.041 seconds
Current best score: -10373.539

Do NNI search on 20 best initial trees
Estimate model parameters (epsilon = 0.100)
BETTER TREE FOUND at iteration 1: -10373.538
Iteration 10 / LogL: -10373.539 / Time: 0h:0m:36s
Iteration 20 / LogL: -10373.546 / Time: 0h:0m:36s
Finish initializing candidate tree set (2)
Current best tree score: -10373.538 / CPU time: 0.181
Number of iterations: 20
--------------------------------------------------------------------
|               OPTIMIZING CANDIDATE TREE SET                      |
--------------------------------------------------------------------
Iteration 30 / LogL: -10375.720 / Time: 0h:0m:36s (0h:1m:30s left)
Iteration 40 / LogL: -10375.793 / Time: 0h:0m:36s (0h:0m:57s left)
Iteration 50 / LogL: -10373.554 / Time: 0h:0m:37s (0h:0m:38s left)
Iteration 60 / LogL: -10373.546 / Time: 0h:0m:37s (0h:0m:25s left)
Iteration 70 / LogL: -10373.539 / Time: 0h:0m:37s (0h:0m:16s left)
Iteration 80 / LogL: -10373.542 / Time: 0h:0m:37s (0h:0m:9s left)
Iteration 90 / LogL: -10406.091 / Time: 0h:0m:37s (0h:0m:4s left)
Iteration 100 / LogL: -10373.628 / Time: 0h:0m:37s (0h:0m:0s left)
TREE SEARCH COMPLETED AFTER 102 ITERATIONS / Time: 0h:0m:37s

--------------------------------------------------------------------
|                    FINALIZING TREE SEARCH                        |
--------------------------------------------------------------------
Performs final model parameters optimization
Estimate model parameters (epsilon = 0.010)
1. Initial log-likelihood: -10373.538
Optimal log-likelihood: -10373.538
Rate parameters:  A-C: 1.14844  A-G: 1.85186  A-T: 0.91337  C-G: 1.07462  C-T: 1.82218  G-T: 1.00000
Base frequencies:  A: 0.301  C: 0.196  G: 0.191  T: 0.312
Parameters optimization took 1 rounds (0.001 sec)
BEST SCORE FOUND : -10373.538

Testing tree branches by aBayes parametric test...
0.001 sec.
Total tree length: 0.994

Total number of iterations: 102
CPU time used for tree search: 0.619 sec (0h:0m:0s)
Wall-clock time used for tree search: 0.620 sec (0h:0m:0s)
Total CPU time used: 29.658 sec (0h:0m:29s)
Total wall-clock time used: 37.302 sec (0h:0m:37s)

Analysis results written to: 
  IQ-TREE report:                /Users/fahim/CSE6406-project/work/paper_subset_50x10_L1600/ils_low/replicate_05/estimated_gene_trees/L1600/gtr/locus_0033.iqtree
  Maximum-likelihood tree:       /Users/fahim/CSE6406-project/work/paper_subset_50x10_L1600/ils_low/replicate_05/estimated_gene_trees/L1600/gtr/locus_0033.treefile
  Likelihood distances:          /Users/fahim/CSE6406-project/work/paper_subset_50x10_L1600/ils_low/replicate_05/estimated_gene_trees/L1600/gtr/locus_0033.mldist
  Screen log file:               /Users/fahim/CSE6406-project/work/paper_subset_50x10_L1600/ils_low/replicate_05/estimated_gene_trees/L1600/gtr/locus_0033.log

Date and Time: Fri Sep 11 10:32:09 2026
