IQ-TREE multicore version 2.4.0 for Linux x86 64-bit built Feb 12 2025
Developed by Bui Quang Minh, Nguyen Lam Tung, Olga Chernomor, Heiko Schmidt,
Dominik Schrempf, Michael Woodhams, Ly Trong Nhan, Thomas Wong

Host:    ezmata (AVX2, FMA3, 15 GB RAM)
Command: /home/mis/miniconda3/envs/cse6406/bin/iqtree2 -s /home/mis/CSE6406-project/work/paper_subset_50x10_L800/ils_low/replicate_04/alignments/L800/locus_0003.phy -m HKY+G4 --abayes -T AUTO --seed 6806004 --prefix /home/mis/CSE6406-project/work/paper_subset_50x10_L800/ils_low/replicate_04/estimated_gene_trees/L800/hky_g4/locus_0003 --redo --quiet
Seed:    6806004 (Using SPRNG - Scalable Parallel Random Number Generator)
Time:    Fri Sep 11 09:35:45 2026
Kernel:  AVX+FMA - auto-detect threads (16 CPU cores detected)

Reading alignment file /home/mis/CSE6406-project/work/paper_subset_50x10_L800/ils_low/replicate_04/alignments/L800/locus_0003.phy ... Phylip format detected
Alignment most likely contains DNA/RNA sequences
Alignment has 21 sequences with 800 columns, 255 distinct patterns
168 parsimony-informative, 100 singleton sites, 532 constant sites
        Gap/Ambiguity  Composition  p-value
Analyzing sequences: done in 0.000114748 secs using 19.17% CPU
   1  0_0_0     0.00%    passed     76.77%
   2  17_0_0    0.00%    passed     97.01%
   3  19_0_0    0.00%    passed     99.26%
   4  18_0_0    0.00%    passed     99.81%
   5  10_0_0    0.00%    passed     99.87%
   6  4_0_0     0.00%    passed     98.23%
   7  1_0_0     0.00%    passed     97.54%
   8  16_0_0    0.00%    passed     98.16%
   9  11_0_0    0.00%    passed     99.25%
  10  2_0_0     0.00%    passed     93.72%
  11  15_0_0    0.00%    passed     90.07%
  12  8_0_0     0.00%    passed     98.76%
  13  9_0_0     0.00%    passed     85.62%
  14  6_0_0     0.00%    passed     99.74%
  15  13_0_0    0.00%    passed     96.06%
  16  12_0_0    0.00%    passed     99.58%
  17  7_0_0     0.00%    passed     90.78%
  18  5_0_0     0.00%    passed     87.05%
  19  14_0_0    0.00%    passed     87.35%
  20  3_0_0     0.00%    passed     92.52%
  21  20_0_0    0.00%    passed     95.68%
****  TOTAL     0.00%  0 sequences failed composition chi2 test (p-value<5%; df=3)

Create initial parsimony tree by phylogenetic likelihood library (PLL)... 0.000 seconds

NOTE: 0 MB RAM (0 GB) is required!
Measuring multi-threading efficiency up to 16 CPU cores
Increase to 10 rounds for branch lengths
4286 trees examined
Threads: 1 / Time: 16.001 sec / Speedup: 1.000 / Efficiency: 100% / LogL: -5063
Threads: 2 / Time: 20.686 sec / Speedup: 0.774 / Efficiency: 39% / LogL: -5063
BEST NUMBER OF THREADS: 1

Estimate model parameters (epsilon = 0.100)
1. Initial log-likelihood: -4412.993
2. Current log-likelihood: -4298.358
3. Current log-likelihood: -4296.402
Optimal log-likelihood: -4296.389
Rate parameters:  A-C: 1.00000  A-G: 1.75892  A-T: 1.00000  C-G: 1.00000  C-T: 1.75892  G-T: 1.00000
Base frequencies:  A: 0.311  C: 0.183  G: 0.209  T: 0.298
Gamma shape alpha: 0.215
Parameters optimization took 3 rounds (0.011 sec)
Wrote distance file to... 
Computing ML distances based on estimated model parameters...
Calculating distance matrix: done in 0.00174571 secs using 93.26% CPU
Computing ML distances took 0.001775 sec (of wall-clock time) 0.001655 sec (of CPU time)
Setting up auxiliary I and S matrices: done in 3.0294e-05 secs using 99.03% CPU
Computing RapidNJ tree took 0.000114 sec (of wall-clock time) 0.000351 sec (of CPU time)
Log-likelihood of RapidNJ tree: -4302.472
--------------------------------------------------------------------
|             INITIALIZING CANDIDATE TREE SET                      |
--------------------------------------------------------------------
Generating 98 parsimony trees... 0.062 second
Computing log-likelihood of 98 initial trees ... 0.086 seconds
Current best score: -4288.870

Do NNI search on 20 best initial trees
Estimate model parameters (epsilon = 0.100)
BETTER TREE FOUND at iteration 1: -4286.951
Estimate model parameters (epsilon = 0.100)
BETTER TREE FOUND at iteration 6: -4286.897
Iteration 10 / LogL: -4291.179 / Time: 0h:0m:36s
Iteration 20 / LogL: -4291.178 / Time: 0h:0m:37s
Finish initializing candidate tree set (11)
Current best tree score: -4286.897 / CPU time: 0.336
Number of iterations: 20
--------------------------------------------------------------------
|               OPTIMIZING CANDIDATE TREE SET                      |
--------------------------------------------------------------------
UPDATE BEST LOG-LIKELIHOOD: -4286.897
Estimate model parameters (epsilon = 0.100)
BETTER TREE FOUND at iteration 27: -4286.750
Iteration 30 / LogL: -4286.751 / Time: 0h:0m:37s (0h:2m:4s left)
UPDATE BEST LOG-LIKELIHOOD: -4286.750
Iteration 40 / LogL: -4286.954 / Time: 0h:0m:37s (0h:1m:23s left)
Iteration 50 / LogL: -4286.898 / Time: 0h:0m:37s (0h:0m:58s left)
UPDATE BEST LOG-LIKELIHOOD: -4286.750
Iteration 60 / LogL: -4286.953 / Time: 0h:0m:37s (0h:0m:42s left)
Iteration 70 / LogL: -4286.751 / Time: 0h:0m:37s (0h:0m:31s left)
Iteration 80 / LogL: -4294.562 / Time: 0h:0m:38s (0h:0m:22s left)
UPDATE BEST LOG-LIKELIHOOD: -4286.750
Iteration 90 / LogL: -4286.952 / Time: 0h:0m:38s (0h:0m:15s left)
Iteration 100 / LogL: -4301.692 / Time: 0h:0m:38s (0h:0m:10s left)
UPDATE BEST LOG-LIKELIHOOD: -4286.750
Iteration 110 / LogL: -4290.967 / Time: 0h:0m:38s (0h:0m:6s left)
Iteration 120 / LogL: -4286.899 / Time: 0h:0m:38s (0h:0m:2s left)
TREE SEARCH COMPLETED AFTER 128 ITERATIONS / Time: 0h:0m:38s

--------------------------------------------------------------------
|                    FINALIZING TREE SEARCH                        |
--------------------------------------------------------------------
Performs final model parameters optimization
Estimate model parameters (epsilon = 0.010)
1. Initial log-likelihood: -4286.750
Optimal log-likelihood: -4286.750
Rate parameters:  A-C: 1.00000  A-G: 1.78253  A-T: 1.00000  C-G: 1.00000  C-T: 1.78253  G-T: 1.00000
Base frequencies:  A: 0.311  C: 0.183  G: 0.209  T: 0.298
Gamma shape alpha: 0.217
Parameters optimization took 1 rounds (0.007 sec)
BEST SCORE FOUND : -4286.750

Testing tree branches by aBayes parametric test...
0.003 sec.
Total tree length: 0.924

Total number of iterations: 128
CPU time used for tree search: 2.071 sec (0h:0m:2s)
Wall-clock time used for tree search: 2.129 sec (0h:0m:2s)
Total CPU time used: 43.862 sec (0h:0m:43s)
Total wall-clock time used: 38.848 sec (0h:0m:38s)

Analysis results written to: 
  IQ-TREE report:                /home/mis/CSE6406-project/work/paper_subset_50x10_L800/ils_low/replicate_04/estimated_gene_trees/L800/hky_g4/locus_0003.iqtree
  Maximum-likelihood tree:       /home/mis/CSE6406-project/work/paper_subset_50x10_L800/ils_low/replicate_04/estimated_gene_trees/L800/hky_g4/locus_0003.treefile
  Likelihood distances:          /home/mis/CSE6406-project/work/paper_subset_50x10_L800/ils_low/replicate_04/estimated_gene_trees/L800/hky_g4/locus_0003.mldist
  Screen log file:               /home/mis/CSE6406-project/work/paper_subset_50x10_L800/ils_low/replicate_04/estimated_gene_trees/L800/hky_g4/locus_0003.log

Date and Time: Fri Sep 11 09:36:24 2026
