IQ-TREE multicore version 2.4.0 for Linux x86 64-bit built Feb 12 2025
Developed by Bui Quang Minh, Nguyen Lam Tung, Olga Chernomor, Heiko Schmidt,
Dominik Schrempf, Michael Woodhams, Ly Trong Nhan, Thomas Wong

Host:    ezmata (AVX2, FMA3, 15 GB RAM)
Command: /home/mis/miniconda3/envs/cse6406/bin/iqtree2 -s /home/mis/CSE6406-project/work/paper_subset_50x10_L800/ils_low/replicate_04/alignments/L800/locus_0031.phy -m HKY+G4 --abayes -T AUTO --seed 6806032 --prefix /home/mis/CSE6406-project/work/paper_subset_50x10_L800/ils_low/replicate_04/estimated_gene_trees/L800/hky_g4/locus_0031 --redo --quiet
Seed:    6806032 (Using SPRNG - Scalable Parallel Random Number Generator)
Time:    Fri Sep 11 09:53:52 2026
Kernel:  AVX+FMA - auto-detect threads (16 CPU cores detected)

Reading alignment file /home/mis/CSE6406-project/work/paper_subset_50x10_L800/ils_low/replicate_04/alignments/L800/locus_0031.phy ... Phylip format detected
Alignment most likely contains DNA/RNA sequences
Alignment has 21 sequences with 800 columns, 240 distinct patterns
168 parsimony-informative, 93 singleton sites, 539 constant sites
        Gap/Ambiguity  Composition  p-value
Analyzing sequences: done in 6.3916e-05 secs
   1  0_0_0     0.00%    passed     96.42%
   2  15_0_0    0.00%    passed     97.58%
   3  2_0_0     0.00%    passed     98.96%
   4  11_0_0    0.00%    passed     91.93%
   5  16_0_0    0.00%    passed     97.37%
   6  1_0_0     0.00%    passed     87.39%
   7  4_0_0     0.00%    passed     92.93%
   8  20_0_0    0.00%    passed     93.19%
   9  17_0_0    0.00%    passed     98.68%
  10  19_0_0    0.00%    passed     98.47%
  11  18_0_0    0.00%    passed     85.23%
  12  3_0_0     0.00%    passed     95.91%
  13  8_0_0     0.00%    passed     89.80%
  14  9_0_0     0.00%    passed     91.98%
  15  12_0_0    0.00%    passed     96.71%
  16  13_0_0    0.00%    passed     97.55%
  17  6_0_0     0.00%    passed     95.73%
  18  7_0_0     0.00%    passed     95.22%
  19  14_0_0    0.00%    passed     90.35%
  20  5_0_0     0.00%    passed     94.91%
  21  10_0_0    0.00%    passed     98.38%
****  TOTAL     0.00%  0 sequences failed composition chi2 test (p-value<5%; df=3)

Create initial parsimony tree by phylogenetic likelihood library (PLL)... 0.000 seconds

NOTE: 0 MB RAM (0 GB) is required!
Measuring multi-threading efficiency up to 16 CPU cores
Increase to 10 rounds for branch lengths
4549 trees examined
Threads: 1 / Time: 16.001 sec / Speedup: 1.000 / Efficiency: 100% / LogL: -5165
Threads: 2 / Time: 21.733 sec / Speedup: 0.736 / Efficiency: 37% / LogL: -5165
BEST NUMBER OF THREADS: 1

Estimate model parameters (epsilon = 0.100)
1. Initial log-likelihood: -4448.820
2. Current log-likelihood: -4304.975
3. Current log-likelihood: -4303.072
Optimal log-likelihood: -4303.070
Rate parameters:  A-C: 1.00000  A-G: 2.15395  A-T: 1.00000  C-G: 1.00000  C-T: 2.15395  G-T: 1.00000
Base frequencies:  A: 0.313  C: 0.202  G: 0.202  T: 0.283
Gamma shape alpha: 0.213
Parameters optimization took 3 rounds (0.009 sec)
Wrote distance file to... 
Computing ML distances based on estimated model parameters...
Calculating distance matrix: done in 0.00185478 secs using 96.78% CPU
Computing ML distances took 0.001880 sec (of wall-clock time) 0.001819 sec (of CPU time)
Setting up auxiliary I and S matrices: done in 3.0679e-05 secs using 97.79% CPU
Computing RapidNJ tree took 0.000122 sec (of wall-clock time) 0.000427 sec (of CPU time)
Log-likelihood of RapidNJ tree: -4314.761
--------------------------------------------------------------------
|             INITIALIZING CANDIDATE TREE SET                      |
--------------------------------------------------------------------
Generating 98 parsimony trees... 0.072 second
Computing log-likelihood of 98 initial trees ... 0.087 seconds
Current best score: -4295.377

Do NNI search on 20 best initial trees
Estimate model parameters (epsilon = 0.100)
BETTER TREE FOUND at iteration 1: -4293.809
UPDATE BEST LOG-LIKELIHOOD: -4293.809
UPDATE BEST LOG-LIKELIHOOD: -4293.809
UPDATE BEST LOG-LIKELIHOOD: -4293.809
Iteration 10 / LogL: -4294.635 / Time: 0h:0m:38s
UPDATE BEST LOG-LIKELIHOOD: -4293.809
UPDATE BEST LOG-LIKELIHOOD: -4293.809
Iteration 20 / LogL: -4294.215 / Time: 0h:0m:38s
Finish initializing candidate tree set (5)
Current best tree score: -4293.809 / CPU time: 0.391
Number of iterations: 20
--------------------------------------------------------------------
|               OPTIMIZING CANDIDATE TREE SET                      |
--------------------------------------------------------------------
Iteration 30 / LogL: -4293.810 / Time: 0h:0m:38s (0h:1m:33s left)
Iteration 40 / LogL: -4294.114 / Time: 0h:0m:38s (0h:1m:0s left)
Iteration 50 / LogL: -4294.114 / Time: 0h:0m:38s (0h:0m:40s left)
Iteration 60 / LogL: -4293.809 / Time: 0h:0m:38s (0h:0m:26s left)
Iteration 70 / LogL: -4293.809 / Time: 0h:0m:38s (0h:0m:17s left)
UPDATE BEST LOG-LIKELIHOOD: -4293.809
Iteration 80 / LogL: -4293.809 / Time: 0h:0m:39s (0h:0m:10s left)
Iteration 90 / LogL: -4294.114 / Time: 0h:0m:39s (0h:0m:4s left)
UPDATE BEST LOG-LIKELIHOOD: -4293.809
Iteration 100 / LogL: -4293.811 / Time: 0h:0m:39s (0h:0m:0s left)
TREE SEARCH COMPLETED AFTER 102 ITERATIONS / Time: 0h:0m:39s

--------------------------------------------------------------------
|                    FINALIZING TREE SEARCH                        |
--------------------------------------------------------------------
Performs final model parameters optimization
Estimate model parameters (epsilon = 0.010)
1. Initial log-likelihood: -4293.809
Optimal log-likelihood: -4293.809
Rate parameters:  A-C: 1.00000  A-G: 2.23202  A-T: 1.00000  C-G: 1.00000  C-T: 2.23202  G-T: 1.00000
Base frequencies:  A: 0.313  C: 0.202  G: 0.202  T: 0.283
Gamma shape alpha: 0.215
Parameters optimization took 1 rounds (0.002 sec)
BEST SCORE FOUND : -4293.809

Testing tree branches by aBayes parametric test...
0.003 sec.
Total tree length: 0.969

Total number of iterations: 102
CPU time used for tree search: 1.736 sec (0h:0m:1s)
Wall-clock time used for tree search: 1.776 sec (0h:0m:1s)
Total CPU time used: 44.411 sec (0h:0m:44s)
Total wall-clock time used: 39.536 sec (0h:0m:39s)

Analysis results written to: 
  IQ-TREE report:                /home/mis/CSE6406-project/work/paper_subset_50x10_L800/ils_low/replicate_04/estimated_gene_trees/L800/hky_g4/locus_0031.iqtree
  Maximum-likelihood tree:       /home/mis/CSE6406-project/work/paper_subset_50x10_L800/ils_low/replicate_04/estimated_gene_trees/L800/hky_g4/locus_0031.treefile
  Likelihood distances:          /home/mis/CSE6406-project/work/paper_subset_50x10_L800/ils_low/replicate_04/estimated_gene_trees/L800/hky_g4/locus_0031.mldist
  Screen log file:               /home/mis/CSE6406-project/work/paper_subset_50x10_L800/ils_low/replicate_04/estimated_gene_trees/L800/hky_g4/locus_0031.log

Date and Time: Fri Sep 11 09:54:31 2026
