IQ-TREE multicore version 2.4.0 for Linux x86 64-bit built Feb 12 2025
Developed by Bui Quang Minh, Nguyen Lam Tung, Olga Chernomor, Heiko Schmidt,
Dominik Schrempf, Michael Woodhams, Ly Trong Nhan, Thomas Wong

Host:    ezmata (AVX2, FMA3, 15 GB RAM)
Command: /home/mis/miniconda3/envs/cse6406/bin/iqtree2 -s /home/mis/CSE6406-project/work/paper_subset_50x10_L800/ils_low/replicate_04/alignments/L800/locus_0037.phy -m HKY+G4 --abayes -T AUTO --seed 6806038 --prefix /home/mis/CSE6406-project/work/paper_subset_50x10_L800/ils_low/replicate_04/estimated_gene_trees/L800/hky_g4/locus_0037 --redo --quiet
Seed:    6806038 (Using SPRNG - Scalable Parallel Random Number Generator)
Time:    Fri Sep 11 09:57:46 2026
Kernel:  AVX+FMA - auto-detect threads (16 CPU cores detected)

Reading alignment file /home/mis/CSE6406-project/work/paper_subset_50x10_L800/ils_low/replicate_04/alignments/L800/locus_0037.phy ... Phylip format detected
Alignment most likely contains DNA/RNA sequences
Alignment has 21 sequences with 800 columns, 243 distinct patterns
154 parsimony-informative, 106 singleton sites, 540 constant sites
        Gap/Ambiguity  Composition  p-value
Analyzing sequences: done in 0.000115663 secs
   1  0_0_0     0.00%    passed     80.06%
   2  4_0_0     0.00%    passed     99.19%
   3  1_0_0     0.00%    passed     97.25%
   4  11_0_0    0.00%    passed     99.13%
   5  16_0_0    0.00%    passed     98.34%
   6  15_0_0    0.00%    passed     99.73%
   7  2_0_0     0.00%    passed     91.10%
   8  18_0_0    0.00%    passed     92.39%
   9  20_0_0    0.00%    passed     99.08%
  10  19_0_0    0.00%    passed     92.58%
  11  17_0_0    0.00%    passed     94.57%
  12  5_0_0     0.00%    passed     92.05%
  13  14_0_0    0.00%    passed     94.69%
  14  7_0_0     0.00%    passed     97.06%
  15  12_0_0    0.00%    passed     99.21%
  16  6_0_0     0.00%    passed     98.09%
  17  13_0_0    0.00%    passed     99.08%
  18  3_0_0     0.00%    passed     97.45%
  19  9_0_0     0.00%    passed     95.60%
  20  8_0_0     0.00%    passed     95.94%
  21  10_0_0    0.00%    passed     94.16%
****  TOTAL     0.00%  0 sequences failed composition chi2 test (p-value<5%; df=3)

Create initial parsimony tree by phylogenetic likelihood library (PLL)... 0.001 seconds

NOTE: 0 MB RAM (0 GB) is required!
Measuring multi-threading efficiency up to 16 CPU cores
Increase to 10 rounds for branch lengths
4566 trees examined
Threads: 1 / Time: 16.002 sec / Speedup: 1.000 / Efficiency: 100% / LogL: -4967
Threads: 2 / Time: 21.172 sec / Speedup: 0.756 / Efficiency: 38% / LogL: -4967
BEST NUMBER OF THREADS: 1

Estimate model parameters (epsilon = 0.100)
1. Initial log-likelihood: -4322.942
2. Current log-likelihood: -4189.411
3. Current log-likelihood: -4187.454
Optimal log-likelihood: -4187.445
Rate parameters:  A-C: 1.00000  A-G: 2.19986  A-T: 1.00000  C-G: 1.00000  C-T: 2.19986  G-T: 1.00000
Base frequencies:  A: 0.290  C: 0.212  G: 0.204  T: 0.294
Gamma shape alpha: 0.206
Parameters optimization took 3 rounds (0.011 sec)
Wrote distance file to... 
Computing ML distances based on estimated model parameters...
Calculating distance matrix: done in 0.00158638 secs using 99.47% CPU
Computing ML distances took 0.001609 sec (of wall-clock time) 0.001599 sec (of CPU time)
Setting up auxiliary I and S matrices: done in 2.8042e-05 secs using 1038% CPU
Computing RapidNJ tree took 0.000112 sec (of wall-clock time) 0.000374 sec (of CPU time)
Log-likelihood of RapidNJ tree: -4201.750
--------------------------------------------------------------------
|             INITIALIZING CANDIDATE TREE SET                      |
--------------------------------------------------------------------
Generating 98 parsimony trees... 0.062 second
Computing log-likelihood of 98 initial trees ... 0.087 seconds
Current best score: -4186.129

Do NNI search on 20 best initial trees
Estimate model parameters (epsilon = 0.100)
BETTER TREE FOUND at iteration 1: -4185.894
UPDATE BEST LOG-LIKELIHOOD: -4185.893
UPDATE BEST LOG-LIKELIHOOD: -4185.893
Iteration 10 / LogL: -4185.894 / Time: 0h:0m:37s
UPDATE BEST LOG-LIKELIHOOD: -4185.893
Iteration 20 / LogL: -4185.893 / Time: 0h:0m:37s
Finish initializing candidate tree set (3)
Current best tree score: -4185.893 / CPU time: 0.338
Number of iterations: 20
--------------------------------------------------------------------
|               OPTIMIZING CANDIDATE TREE SET                      |
--------------------------------------------------------------------
Iteration 30 / LogL: -4185.979 / Time: 0h:0m:37s (0h:1m:32s left)
Iteration 40 / LogL: -4186.547 / Time: 0h:0m:37s (0h:0m:59s left)
Iteration 50 / LogL: -4185.983 / Time: 0h:0m:37s (0h:0m:39s left)
Iteration 60 / LogL: -4185.894 / Time: 0h:0m:38s (0h:0m:26s left)
Iteration 70 / LogL: -4185.907 / Time: 0h:0m:38s (0h:0m:17s left)
Iteration 80 / LogL: -4196.919 / Time: 0h:0m:38s (0h:0m:10s left)
Iteration 90 / LogL: -4185.976 / Time: 0h:0m:38s (0h:0m:4s left)
Iteration 100 / LogL: -4186.136 / Time: 0h:0m:38s (0h:0m:0s left)
TREE SEARCH COMPLETED AFTER 102 ITERATIONS / Time: 0h:0m:38s

--------------------------------------------------------------------
|                    FINALIZING TREE SEARCH                        |
--------------------------------------------------------------------
Performs final model parameters optimization
Estimate model parameters (epsilon = 0.010)
1. Initial log-likelihood: -4185.893
Optimal log-likelihood: -4185.893
Rate parameters:  A-C: 1.00000  A-G: 2.21868  A-T: 1.00000  C-G: 1.00000  C-T: 2.21868  G-T: 1.00000
Base frequencies:  A: 0.290  C: 0.212  G: 0.204  T: 0.294
Gamma shape alpha: 0.207
Parameters optimization took 1 rounds (0.002 sec)
BEST SCORE FOUND : -4185.893

Testing tree branches by aBayes parametric test...
0.003 sec.
Total tree length: 0.913

Total number of iterations: 102
CPU time used for tree search: 1.600 sec (0h:0m:1s)
Wall-clock time used for tree search: 1.638 sec (0h:0m:1s)
Total CPU time used: 43.860 sec (0h:0m:43s)
Total wall-clock time used: 38.838 sec (0h:0m:38s)

Analysis results written to: 
  IQ-TREE report:                /home/mis/CSE6406-project/work/paper_subset_50x10_L800/ils_low/replicate_04/estimated_gene_trees/L800/hky_g4/locus_0037.iqtree
  Maximum-likelihood tree:       /home/mis/CSE6406-project/work/paper_subset_50x10_L800/ils_low/replicate_04/estimated_gene_trees/L800/hky_g4/locus_0037.treefile
  Likelihood distances:          /home/mis/CSE6406-project/work/paper_subset_50x10_L800/ils_low/replicate_04/estimated_gene_trees/L800/hky_g4/locus_0037.mldist
  Screen log file:               /home/mis/CSE6406-project/work/paper_subset_50x10_L800/ils_low/replicate_04/estimated_gene_trees/L800/hky_g4/locus_0037.log

Date and Time: Fri Sep 11 09:58:24 2026
