IQ-TREE multicore version 2.4.0 for MacOS ARM 64-bit built Feb 12 2025
Developed by Bui Quang Minh, Nguyen Lam Tung, Olga Chernomor, Heiko Schmidt,
Dominik Schrempf, Michael Woodhams, Ly Trong Nhan, Thomas Wong

Host:    Fahims-MacBook-Air.local (SSE4.2, 16 GB RAM)
Command: /Users/fahim/miniconda3/envs/cse6406/bin/iqtree2 -s /Users/fahim/CSE6406-project/work/paper_subset_50x10_L1600/ils_high/replicate_07/alignments/L1600/locus_0007.phy -m HKY+G4 --abayes -T AUTO --seed 7106008 --prefix /Users/fahim/CSE6406-project/work/paper_subset_50x10_L1600/ils_high/replicate_07/estimated_gene_trees/L1600/hky_g4/locus_0007 --redo --quiet
Seed:    7106008 (Using SPRNG - Scalable Parallel Random Number Generator)
Time:    Sat Sep 12 14:24:07 2026
Kernel:  SSE2 - auto-detect threads (10 CPU cores detected)

Reading alignment file /Users/fahim/CSE6406-project/work/paper_subset_50x10_L1600/ils_high/replicate_07/alignments/L1600/locus_0007.phy ... Phylip format detected
Alignment most likely contains DNA/RNA sequences
Alignment has 21 sequences with 1600 columns, 797 distinct patterns
628 parsimony-informative, 225 singleton sites, 747 constant sites
        Gap/Ambiguity  Composition  p-value
Analyzing sequences: done in 3.50475e-05 secs using 142.7% CPU
   1  2_0_0     0.00%    passed     99.86%
   2  6_0_0     0.00%    passed     92.62%
   3  4_0_0     0.00%    passed     98.27%
   4  14_0_0    0.00%    passed     73.09%
   5  13_0_0    0.00%    passed     80.91%
   6  3_0_0     0.00%    passed     92.77%
   7  16_0_0    0.00%    passed     59.20%
   8  10_0_0    0.00%    passed     96.22%
   9  17_0_0    0.00%    passed     25.73%
  10  11_0_0    0.00%    passed     90.32%
  11  9_0_0     0.00%    passed     87.94%
  12  18_0_0    0.00%    passed     90.75%
  13  5_0_0     0.00%    passed     81.39%
  14  15_0_0    0.00%    passed     93.19%
  15  19_0_0    0.00%    passed     98.75%
  16  20_0_0    0.00%    passed     52.49%
  17  1_0_0     0.00%    passed     81.65%
  18  12_0_0    0.00%    passed     90.37%
  19  7_0_0     0.00%    passed     87.37%
  20  8_0_0     0.00%    passed     76.32%
  21  0_0_0     0.00%    passed     53.34%
****  TOTAL     0.00%  0 sequences failed composition chi2 test (p-value<5%; df=3)

Create initial parsimony tree by phylogenetic likelihood library (PLL)... 0.001 seconds

NOTE: 2 MB RAM (0 GB) is required!
Measuring multi-threading efficiency up to 10 CPU cores
Increase to 10 rounds for branch lengths
921 trees examined
Threads: 1 / Time: 10.009 sec / Speedup: 1.000 / Efficiency: 100% / LogL: -20022
Threads: 2 / Time: 13.361 sec / Speedup: 0.749 / Efficiency: 37% / LogL: -20022
BEST NUMBER OF THREADS: 1

Estimate model parameters (epsilon = 0.100)
1. Initial log-likelihood: -19567.627
2. Current log-likelihood: -18442.446
3. Current log-likelihood: -18390.146
4. Current log-likelihood: -18388.711
Optimal log-likelihood: -18388.641
Rate parameters:  A-C: 1.00000  A-G: 1.99423  A-T: 1.00000  C-G: 1.00000  C-T: 1.99423  G-T: 1.00000
Base frequencies:  A: 0.311  C: 0.185  G: 0.191  T: 0.314
Gamma shape alpha: 0.200
Parameters optimization took 4 rounds (0.043 sec)
Wrote distance file to... 
Computing ML distances based on estimated model parameters...
Calculating distance matrix: done in 0.00079298 secs using 98.99% CPU
Computing ML distances took 0.000848 sec (of wall-clock time) 0.000824 sec (of CPU time)
Setting up auxiliary I and S matrices: done in 1.69277e-05 secs using 76.8% CPU
Computing RapidNJ tree took 0.000069 sec (of wall-clock time) 0.000070 sec (of CPU time)
Log-likelihood of RapidNJ tree: -18401.929
--------------------------------------------------------------------
|             INITIALIZING CANDIDATE TREE SET                      |
--------------------------------------------------------------------
Generating 98 parsimony trees... 0.087 second
Computing log-likelihood of 98 initial trees ... 0.190 seconds
Current best score: -18388.641

Do NNI search on 20 best initial trees
Estimate model parameters (epsilon = 0.100)
BETTER TREE FOUND at iteration 1: -18376.739
Estimate model parameters (epsilon = 0.100)
BETTER TREE FOUND at iteration 3: -18375.873
BETTER TREE FOUND at iteration 6: -18375.872
UPDATE BEST LOG-LIKELIHOOD: -18375.871
Iteration 10 / LogL: -18375.871 / Time: 0h:0m:24s
Iteration 20 / LogL: -18384.097 / Time: 0h:0m:24s
Finish initializing candidate tree set (9)
Current best tree score: -18375.871 / CPU time: 0.950
Number of iterations: 20
--------------------------------------------------------------------
|               OPTIMIZING CANDIDATE TREE SET                      |
--------------------------------------------------------------------
UPDATE BEST LOG-LIKELIHOOD: -18375.871
Iteration 30 / LogL: -18376.716 / Time: 0h:0m:24s (0h:1m:4s left)
UPDATE BEST LOG-LIKELIHOOD: -18375.871
Iteration 40 / LogL: -18376.348 / Time: 0h:0m:24s (0h:0m:42s left)
Iteration 50 / LogL: -18375.873 / Time: 0h:0m:25s (0h:0m:28s left)
UPDATE BEST LOG-LIKELIHOOD: -18375.871
Iteration 60 / LogL: -18376.232 / Time: 0h:0m:25s (0h:0m:19s left)
Iteration 70 / LogL: -18376.354 / Time: 0h:0m:25s (0h:0m:13s left)
Iteration 80 / LogL: -18375.871 / Time: 0h:0m:26s (0h:0m:8s left)
Iteration 90 / LogL: -18375.873 / Time: 0h:0m:26s (0h:0m:4s left)
UPDATE BEST LOG-LIKELIHOOD: -18375.871
Iteration 100 / LogL: -18375.871 / Time: 0h:0m:26s (0h:0m:1s left)
TREE SEARCH COMPLETED AFTER 107 ITERATIONS / Time: 0h:0m:27s

--------------------------------------------------------------------
|                    FINALIZING TREE SEARCH                        |
--------------------------------------------------------------------
Performs final model parameters optimization
Estimate model parameters (epsilon = 0.010)
1. Initial log-likelihood: -18375.871
Optimal log-likelihood: -18375.871
Rate parameters:  A-C: 1.00000  A-G: 1.99429  A-T: 1.00000  C-G: 1.00000  C-T: 1.99429  G-T: 1.00000
Base frequencies:  A: 0.311  C: 0.185  G: 0.191  T: 0.314
Gamma shape alpha: 0.198
Parameters optimization took 1 rounds (0.005 sec)
BEST SCORE FOUND : -18375.871

Testing tree branches by aBayes parametric test...
0.006 sec.
Total tree length: 6.456

Total number of iterations: 107
CPU time used for tree search: 3.629 sec (0h:0m:3s)
Wall-clock time used for tree search: 3.641 sec (0h:0m:3s)
Total CPU time used: 27.368 sec (0h:0m:27s)
Total wall-clock time used: 27.079 sec (0h:0m:27s)

Analysis results written to: 
  IQ-TREE report:                /Users/fahim/CSE6406-project/work/paper_subset_50x10_L1600/ils_high/replicate_07/estimated_gene_trees/L1600/hky_g4/locus_0007.iqtree
  Maximum-likelihood tree:       /Users/fahim/CSE6406-project/work/paper_subset_50x10_L1600/ils_high/replicate_07/estimated_gene_trees/L1600/hky_g4/locus_0007.treefile
  Likelihood distances:          /Users/fahim/CSE6406-project/work/paper_subset_50x10_L1600/ils_high/replicate_07/estimated_gene_trees/L1600/hky_g4/locus_0007.mldist
  Screen log file:               /Users/fahim/CSE6406-project/work/paper_subset_50x10_L1600/ils_high/replicate_07/estimated_gene_trees/L1600/hky_g4/locus_0007.log

Date and Time: Sat Sep 12 14:24:34 2026
