IQ-TREE multicore version 2.4.0 for MacOS ARM 64-bit built Feb 12 2025
Developed by Bui Quang Minh, Nguyen Lam Tung, Olga Chernomor, Heiko Schmidt,
Dominik Schrempf, Michael Woodhams, Ly Trong Nhan, Thomas Wong

Host:    Fahims-MacBook-Air.local (SSE4.2, 16 GB RAM)
Command: /Users/fahim/miniconda3/envs/cse6406/bin/iqtree2 -s /Users/fahim/CSE6406-project/work/paper_subset_50x10_L1600/ils_high/replicate_07/alignments/L1600/locus_0029.phy -m HKY+G4 --abayes -T AUTO --seed 7106030 --prefix /Users/fahim/CSE6406-project/work/paper_subset_50x10_L1600/ils_high/replicate_07/estimated_gene_trees/L1600/hky_g4/locus_0029 --redo --quiet
Seed:    7106030 (Using SPRNG - Scalable Parallel Random Number Generator)
Time:    Sat Sep 12 14:34:03 2026
Kernel:  SSE2 - auto-detect threads (10 CPU cores detected)

Reading alignment file /Users/fahim/CSE6406-project/work/paper_subset_50x10_L1600/ils_high/replicate_07/alignments/L1600/locus_0029.phy ... Phylip format detected
Alignment most likely contains DNA/RNA sequences
Alignment has 21 sequences with 1600 columns, 791 distinct patterns
697 parsimony-informative, 145 singleton sites, 758 constant sites
        Gap/Ambiguity  Composition  p-value
Analyzing sequences: done in 4.29153e-05 secs using 121.2% CPU
   1  0_0_0     0.00%    passed     66.40%
   2  8_0_0     0.00%    passed     91.13%
   3  15_0_0    0.00%    passed     81.81%
   4  12_0_0    0.00%    passed     48.34%
   5  7_0_0     0.00%    passed     90.08%
   6  1_0_0     0.00%    passed     76.19%
   7  19_0_0    0.00%    passed     69.21%
   8  18_0_0    0.00%    passed     94.77%
   9  5_0_0     0.00%    passed     92.45%
  10  6_0_0     0.00%    passed     88.28%
  11  4_0_0     0.00%    passed     64.20%
  12  3_0_0     0.00%    passed     95.55%
  13  13_0_0    0.00%    passed     98.90%
  14  20_0_0    0.00%    passed     57.74%
  15  2_0_0     0.00%    passed     90.86%
  16  14_0_0    0.00%    passed     62.07%
  17  9_0_0     0.00%    passed     72.55%
  18  11_0_0    0.00%    passed     69.23%
  19  10_0_0    0.00%    passed     84.04%
  20  17_0_0    0.00%    passed     99.59%
  21  16_0_0    0.00%    passed     45.08%
****  TOTAL     0.00%  0 sequences failed composition chi2 test (p-value<5%; df=3)

Create initial parsimony tree by phylogenetic likelihood library (PLL)... 0.001 seconds

NOTE: 2 MB RAM (0 GB) is required!
Measuring multi-threading efficiency up to 10 CPU cores
Increase to 10 rounds for branch lengths
796 trees examined
Threads: 1 / Time: 10.012 sec / Speedup: 1.000 / Efficiency: 100% / LogL: -22036
Threads: 2 / Time: 13.275 sec / Speedup: 0.754 / Efficiency: 38% / LogL: -22036
BEST NUMBER OF THREADS: 1

Estimate model parameters (epsilon = 0.100)
1. Initial log-likelihood: -20071.858
2. Current log-likelihood: -18853.016
3. Current log-likelihood: -18792.738
4. Current log-likelihood: -18791.586
Optimal log-likelihood: -18791.545
Rate parameters:  A-C: 1.00000  A-G: 1.83903  A-T: 1.00000  C-G: 1.00000  C-T: 1.83903  G-T: 1.00000
Base frequencies:  A: 0.307  C: 0.199  G: 0.202  T: 0.292
Gamma shape alpha: 0.194
Parameters optimization took 4 rounds (0.041 sec)
Wrote distance file to... 
Computing ML distances based on estimated model parameters...
Calculating distance matrix: done in 0.00082922 secs using 99.37% CPU
Computing ML distances took 0.000874 sec (of wall-clock time) 0.000861 sec (of CPU time)
Setting up auxiliary I and S matrices: done in 1.81198e-05 secs using 71.74% CPU
Computing RapidNJ tree took 0.000063 sec (of wall-clock time) 0.000067 sec (of CPU time)
Log-likelihood of RapidNJ tree: -18807.102
--------------------------------------------------------------------
|             INITIALIZING CANDIDATE TREE SET                      |
--------------------------------------------------------------------
Generating 98 parsimony trees... 0.084 second
Computing log-likelihood of 98 initial trees ... 0.186 seconds
Current best score: -18791.545

Do NNI search on 20 best initial trees
Estimate model parameters (epsilon = 0.100)
BETTER TREE FOUND at iteration 1: -18790.815
Iteration 10 / LogL: -18790.956 / Time: 0h:0m:23s
Iteration 20 / LogL: -18790.844 / Time: 0h:0m:24s
Finish initializing candidate tree set (2)
Current best tree score: -18790.815 / CPU time: 0.768
Number of iterations: 20
--------------------------------------------------------------------
|               OPTIMIZING CANDIDATE TREE SET                      |
--------------------------------------------------------------------
Iteration 30 / LogL: -18796.518 / Time: 0h:0m:24s (0h:0m:59s left)
Iteration 40 / LogL: -18796.365 / Time: 0h:0m:24s (0h:0m:38s left)
Iteration 50 / LogL: -18790.836 / Time: 0h:0m:25s (0h:0m:26s left)
Iteration 60 / LogL: -18790.822 / Time: 0h:0m:25s (0h:0m:17s left)
Iteration 70 / LogL: -18790.834 / Time: 0h:0m:25s (0h:0m:11s left)
Iteration 80 / LogL: -18790.854 / Time: 0h:0m:25s (0h:0m:6s left)
Iteration 90 / LogL: -18790.911 / Time: 0h:0m:26s (0h:0m:3s left)
Iteration 100 / LogL: -18796.406 / Time: 0h:0m:26s (0h:0m:0s left)
TREE SEARCH COMPLETED AFTER 102 ITERATIONS / Time: 0h:0m:26s

--------------------------------------------------------------------
|                    FINALIZING TREE SEARCH                        |
--------------------------------------------------------------------
Performs final model parameters optimization
Estimate model parameters (epsilon = 0.010)
1. Initial log-likelihood: -18790.815
Optimal log-likelihood: -18790.815
Rate parameters:  A-C: 1.00000  A-G: 1.83871  A-T: 1.00000  C-G: 1.00000  C-T: 1.83871  G-T: 1.00000
Base frequencies:  A: 0.307  C: 0.199  G: 0.202  T: 0.292
Gamma shape alpha: 0.194
Parameters optimization took 1 rounds (0.005 sec)
BEST SCORE FOUND : -18790.815

Testing tree branches by aBayes parametric test...
0.006 sec.
Total tree length: 7.478

Total number of iterations: 102
CPU time used for tree search: 3.283 sec (0h:0m:3s)
Wall-clock time used for tree search: 3.299 sec (0h:0m:3s)
Total CPU time used: 26.857 sec (0h:0m:26s)
Total wall-clock time used: 26.652 sec (0h:0m:26s)

Analysis results written to: 
  IQ-TREE report:                /Users/fahim/CSE6406-project/work/paper_subset_50x10_L1600/ils_high/replicate_07/estimated_gene_trees/L1600/hky_g4/locus_0029.iqtree
  Maximum-likelihood tree:       /Users/fahim/CSE6406-project/work/paper_subset_50x10_L1600/ils_high/replicate_07/estimated_gene_trees/L1600/hky_g4/locus_0029.treefile
  Likelihood distances:          /Users/fahim/CSE6406-project/work/paper_subset_50x10_L1600/ils_high/replicate_07/estimated_gene_trees/L1600/hky_g4/locus_0029.mldist
  Screen log file:               /Users/fahim/CSE6406-project/work/paper_subset_50x10_L1600/ils_high/replicate_07/estimated_gene_trees/L1600/hky_g4/locus_0029.log

Date and Time: Sat Sep 12 14:34:30 2026
