IQ-TREE multicore version 2.4.0 for MacOS ARM 64-bit built Feb 12 2025
Developed by Bui Quang Minh, Nguyen Lam Tung, Olga Chernomor, Heiko Schmidt,
Dominik Schrempf, Michael Woodhams, Ly Trong Nhan, Thomas Wong

Host:    Fahims-MacBook-Air.local (SSE4.2, 16 GB RAM)
Command: /Users/fahim/miniconda3/envs/cse6406/bin/iqtree2 -s /Users/fahim/CSE6406-project/work/paper_subset_50x10_L1600/ils_high/replicate_07/alignments/L1600/locus_0011.phy -m HKY+G4 --abayes -T AUTO --seed 7106012 --prefix /Users/fahim/CSE6406-project/work/paper_subset_50x10_L1600/ils_high/replicate_07/estimated_gene_trees/L1600/hky_g4/locus_0011 --redo --quiet
Seed:    7106012 (Using SPRNG - Scalable Parallel Random Number Generator)
Time:    Sat Sep 12 14:25:56 2026
Kernel:  SSE2 - auto-detect threads (10 CPU cores detected)

Reading alignment file /Users/fahim/CSE6406-project/work/paper_subset_50x10_L1600/ils_high/replicate_07/alignments/L1600/locus_0011.phy ... Phylip format detected
Alignment most likely contains DNA/RNA sequences
Alignment has 21 sequences with 1600 columns, 814 distinct patterns
652 parsimony-informative, 213 singleton sites, 735 constant sites
        Gap/Ambiguity  Composition  p-value
Analyzing sequences: done in 4.00543e-05 secs using 124.8% CPU
   1  19_0_0    0.00%    passed     73.83%
   2  20_0_0    0.00%    passed     88.23%
   3  10_0_0    0.00%    passed     83.90%
   4  17_0_0    0.00%    passed     90.21%
   5  9_0_0     0.00%    passed     83.67%
   6  5_0_0     0.00%    passed     81.39%
   7  8_0_0     0.00%    passed     69.73%
   8  12_0_0    0.00%    passed     88.91%
   9  11_0_0    0.00%    passed     85.32%
  10  16_0_0    0.00%    passed     24.99%
  11  13_0_0    0.00%    passed     99.88%
  12  3_0_0     0.00%    passed     96.19%
  13  7_0_0     0.00%    passed     73.04%
  14  15_0_0    0.00%    passed     86.24%
  15  14_0_0    0.00%    passed     72.88%
  16  2_0_0     0.00%    passed     89.67%
  17  6_0_0     0.00%    passed     98.23%
  18  4_0_0     0.00%    passed     92.84%
  19  1_0_0     0.00%    passed     88.52%
  20  18_0_0    0.00%    passed     65.64%
  21  0_0_0     0.00%    passed     98.04%
****  TOTAL     0.00%  0 sequences failed composition chi2 test (p-value<5%; df=3)

Create initial parsimony tree by phylogenetic likelihood library (PLL)... 0.001 seconds

NOTE: 2 MB RAM (0 GB) is required!
Measuring multi-threading efficiency up to 10 CPU cores
Increase to 10 rounds for branch lengths
866 trees examined
Threads: 1 / Time: 10.005 sec / Speedup: 1.000 / Efficiency: 100% / LogL: -20759
Threads: 2 / Time: 13.062 sec / Speedup: 0.766 / Efficiency: 38% / LogL: -20759
BEST NUMBER OF THREADS: 1

Estimate model parameters (epsilon = 0.100)
1. Initial log-likelihood: -19999.799
2. Current log-likelihood: -18876.591
3. Current log-likelihood: -18837.450
4. Current log-likelihood: -18836.296
Optimal log-likelihood: -18836.249
Rate parameters:  A-C: 1.00000  A-G: 2.09206  A-T: 1.00000  C-G: 1.00000  C-T: 2.09206  G-T: 1.00000
Base frequencies:  A: 0.306  C: 0.194  G: 0.200  T: 0.300
Gamma shape alpha: 0.202
Parameters optimization took 4 rounds (0.041 sec)
Wrote distance file to... 
Computing ML distances based on estimated model parameters...
Calculating distance matrix: done in 0.000771046 secs using 98.7% CPU
Computing ML distances took 0.000821 sec (of wall-clock time) 0.000796 sec (of CPU time)
Setting up auxiliary I and S matrices: done in 1.69277e-05 secs using 70.89% CPU
Computing RapidNJ tree took 0.000060 sec (of wall-clock time) 0.000058 sec (of CPU time)
Log-likelihood of RapidNJ tree: -18818.323
--------------------------------------------------------------------
|             INITIALIZING CANDIDATE TREE SET                      |
--------------------------------------------------------------------
Generating 98 parsimony trees... 0.083 second
Computing log-likelihood of 98 initial trees ... 0.184 seconds
Current best score: -18818.323

Do NNI search on 20 best initial trees
Estimate model parameters (epsilon = 0.100)
BETTER TREE FOUND at iteration 1: -18805.562
Iteration 10 / LogL: -18805.653 / Time: 0h:0m:23s
Iteration 20 / LogL: -18805.714 / Time: 0h:0m:23s
Finish initializing candidate tree set (1)
Current best tree score: -18805.562 / CPU time: 0.875
Number of iterations: 20
--------------------------------------------------------------------
|               OPTIMIZING CANDIDATE TREE SET                      |
--------------------------------------------------------------------
Iteration 30 / LogL: -18805.634 / Time: 0h:0m:24s (0h:0m:59s left)
Iteration 40 / LogL: -18805.649 / Time: 0h:0m:24s (0h:0m:38s left)
Iteration 50 / LogL: -18806.080 / Time: 0h:0m:24s (0h:0m:25s left)
Iteration 60 / LogL: -18805.628 / Time: 0h:0m:24s (0h:0m:17s left)
Iteration 70 / LogL: -18807.970 / Time: 0h:0m:25s (0h:0m:11s left)
Iteration 80 / LogL: -18805.758 / Time: 0h:0m:25s (0h:0m:6s left)
Iteration 90 / LogL: -18805.580 / Time: 0h:0m:25s (0h:0m:3s left)
Iteration 100 / LogL: -18805.891 / Time: 0h:0m:25s (0h:0m:0s left)
TREE SEARCH COMPLETED AFTER 102 ITERATIONS / Time: 0h:0m:25s

--------------------------------------------------------------------
|                    FINALIZING TREE SEARCH                        |
--------------------------------------------------------------------
Performs final model parameters optimization
Estimate model parameters (epsilon = 0.010)
1. Initial log-likelihood: -18805.562
Optimal log-likelihood: -18805.562
Rate parameters:  A-C: 1.00000  A-G: 2.08298  A-T: 1.00000  C-G: 1.00000  C-T: 2.08298  G-T: 1.00000
Base frequencies:  A: 0.306  C: 0.194  G: 0.200  T: 0.300
Gamma shape alpha: 0.200
Parameters optimization took 1 rounds (0.005 sec)
BEST SCORE FOUND : -18805.562

Testing tree branches by aBayes parametric test...
0.007 sec.
Total tree length: 6.161

Total number of iterations: 102
CPU time used for tree search: 2.851 sec (0h:0m:2s)
Wall-clock time used for tree search: 2.860 sec (0h:0m:2s)
Total CPU time used: 26.340 sec (0h:0m:26s)
Total wall-clock time used: 25.993 sec (0h:0m:25s)

Analysis results written to: 
  IQ-TREE report:                /Users/fahim/CSE6406-project/work/paper_subset_50x10_L1600/ils_high/replicate_07/estimated_gene_trees/L1600/hky_g4/locus_0011.iqtree
  Maximum-likelihood tree:       /Users/fahim/CSE6406-project/work/paper_subset_50x10_L1600/ils_high/replicate_07/estimated_gene_trees/L1600/hky_g4/locus_0011.treefile
  Likelihood distances:          /Users/fahim/CSE6406-project/work/paper_subset_50x10_L1600/ils_high/replicate_07/estimated_gene_trees/L1600/hky_g4/locus_0011.mldist
  Screen log file:               /Users/fahim/CSE6406-project/work/paper_subset_50x10_L1600/ils_high/replicate_07/estimated_gene_trees/L1600/hky_g4/locus_0011.log

Date and Time: Sat Sep 12 14:26:22 2026
