IQ-TREE multicore version 2.4.0 for MacOS ARM 64-bit built Feb 12 2025
Developed by Bui Quang Minh, Nguyen Lam Tung, Olga Chernomor, Heiko Schmidt,
Dominik Schrempf, Michael Woodhams, Ly Trong Nhan, Thomas Wong

Host:    Fahims-MacBook-Air.local (SSE4.2, 16 GB RAM)
Command: /Users/fahim/miniconda3/envs/cse6406/bin/iqtree2 -s /Users/fahim/CSE6406-project/work/paper_subset_50x10_L1600/ils_high/replicate_07/alignments/L1600/locus_0009.phy -m HKY+G4 --abayes -T AUTO --seed 7106010 --prefix /Users/fahim/CSE6406-project/work/paper_subset_50x10_L1600/ils_high/replicate_07/estimated_gene_trees/L1600/hky_g4/locus_0009 --redo --quiet
Seed:    7106010 (Using SPRNG - Scalable Parallel Random Number Generator)
Time:    Sat Sep 12 14:25:01 2026
Kernel:  SSE2 - auto-detect threads (10 CPU cores detected)

Reading alignment file /Users/fahim/CSE6406-project/work/paper_subset_50x10_L1600/ils_high/replicate_07/alignments/L1600/locus_0009.phy ... Phylip format detected
Alignment most likely contains DNA/RNA sequences
Alignment has 21 sequences with 1600 columns, 815 distinct patterns
687 parsimony-informative, 162 singleton sites, 751 constant sites
        Gap/Ambiguity  Composition  p-value
Analyzing sequences: done in 3.50475e-05 secs using 165.5% CPU
   1  0_0_0     0.00%    passed     97.10%
   2  18_0_0    0.00%    passed     82.15%
   3  20_0_0    0.00%    passed     71.99%
   4  19_0_0    0.00%    passed     93.95%
   5  4_0_0     0.00%    passed     97.92%
   6  2_0_0     0.00%    passed     62.42%
   7  6_0_0     0.00%    passed     65.87%
   8  8_0_0     0.00%    passed     60.74%
   9  5_0_0     0.00%    passed     77.30%
  10  1_0_0     0.00%    passed     90.14%
  11  15_0_0    0.00%    passed     95.08%
  12  3_0_0     0.00%    passed     95.65%
  13  16_0_0    0.00%    passed     43.46%
  14  13_0_0    0.00%    passed     61.31%
  15  9_0_0     0.00%    passed     85.18%
  16  11_0_0    0.00%    passed     90.53%
  17  10_0_0    0.00%    passed     45.23%
  18  17_0_0    0.00%    passed     69.10%
  19  14_0_0    0.00%    passed     98.70%
  20  7_0_0     0.00%    passed     65.28%
  21  12_0_0    0.00%    passed     96.03%
****  TOTAL     0.00%  0 sequences failed composition chi2 test (p-value<5%; df=3)

Create initial parsimony tree by phylogenetic likelihood library (PLL)... 0.000 seconds

NOTE: 2 MB RAM (0 GB) is required!
Measuring multi-threading efficiency up to 10 CPU cores
Increase to 10 rounds for branch lengths
778 trees examined
Threads: 1 / Time: 10.008 sec / Speedup: 1.000 / Efficiency: 100% / LogL: -21485
Threads: 2 / Time: 13.306 sec / Speedup: 0.752 / Efficiency: 38% / LogL: -21485
BEST NUMBER OF THREADS: 1

Estimate model parameters (epsilon = 0.100)
1. Initial log-likelihood: -20036.928
2. Current log-likelihood: -18901.982
3. Current log-likelihood: -18832.696
4. Current log-likelihood: -18830.021
5. Current log-likelihood: -18829.845
Optimal log-likelihood: -18829.830
Rate parameters:  A-C: 1.00000  A-G: 2.10401  A-T: 1.00000  C-G: 1.00000  C-T: 2.10401  G-T: 1.00000
Base frequencies:  A: 0.288  C: 0.212  G: 0.213  T: 0.288
Gamma shape alpha: 0.201
Parameters optimization took 5 rounds (0.050 sec)
Wrote distance file to... 
Computing ML distances based on estimated model parameters...
Calculating distance matrix: done in 0.000846148 secs using 98.8% CPU
Computing ML distances took 0.000902 sec (of wall-clock time) 0.000876 sec (of CPU time)
Setting up auxiliary I and S matrices: done in 1.69277e-05 secs using 70.89% CPU
Computing RapidNJ tree took 0.000064 sec (of wall-clock time) 0.000053 sec (of CPU time)
Log-likelihood of RapidNJ tree: -18841.327
--------------------------------------------------------------------
|             INITIALIZING CANDIDATE TREE SET                      |
--------------------------------------------------------------------
Generating 98 parsimony trees... 0.080 second
Computing log-likelihood of 98 initial trees ... 0.185 seconds
Current best score: -18815.778

Do NNI search on 20 best initial trees
Estimate model parameters (epsilon = 0.100)
BETTER TREE FOUND at iteration 1: -18796.896
UPDATE BEST LOG-LIKELIHOOD: -18796.896
Iteration 10 / LogL: -18796.896 / Time: 0h:0m:23s
UPDATE BEST LOG-LIKELIHOOD: -18796.896
UPDATE BEST LOG-LIKELIHOOD: -18796.896
Iteration 20 / LogL: -18796.896 / Time: 0h:0m:24s
Finish initializing candidate tree set (4)
Current best tree score: -18796.896 / CPU time: 0.878
Number of iterations: 20
--------------------------------------------------------------------
|               OPTIMIZING CANDIDATE TREE SET                      |
--------------------------------------------------------------------
UPDATE BEST LOG-LIKELIHOOD: -18796.896
Iteration 30 / LogL: -18796.896 / Time: 0h:0m:24s (0h:1m:0s left)
Iteration 40 / LogL: -18806.401 / Time: 0h:0m:24s (0h:0m:39s left)
Iteration 50 / LogL: -18796.896 / Time: 0h:0m:25s (0h:0m:26s left)
Iteration 60 / LogL: -18798.782 / Time: 0h:0m:25s (0h:0m:17s left)
UPDATE BEST LOG-LIKELIHOOD: -18796.896
Iteration 70 / LogL: -18796.896 / Time: 0h:0m:26s (0h:0m:11s left)
Iteration 80 / LogL: -18796.896 / Time: 0h:0m:26s (0h:0m:7s left)
Iteration 90 / LogL: -18796.896 / Time: 0h:0m:26s (0h:0m:3s left)
Iteration 100 / LogL: -18796.896 / Time: 0h:0m:27s (0h:0m:0s left)
TREE SEARCH COMPLETED AFTER 102 ITERATIONS / Time: 0h:0m:27s

--------------------------------------------------------------------
|                    FINALIZING TREE SEARCH                        |
--------------------------------------------------------------------
Performs final model parameters optimization
Estimate model parameters (epsilon = 0.010)
1. Initial log-likelihood: -18796.896
Optimal log-likelihood: -18796.896
Rate parameters:  A-C: 1.00000  A-G: 2.11331  A-T: 1.00000  C-G: 1.00000  C-T: 2.11331  G-T: 1.00000
Base frequencies:  A: 0.288  C: 0.212  G: 0.213  T: 0.288
Gamma shape alpha: 0.201
Parameters optimization took 1 rounds (0.005 sec)
BEST SCORE FOUND : -18796.896

Testing tree branches by aBayes parametric test...
0.007 sec.
Total tree length: 7.287

Total number of iterations: 102
CPU time used for tree search: 3.815 sec (0h:0m:3s)
Wall-clock time used for tree search: 3.828 sec (0h:0m:3s)
Total CPU time used: 27.491 sec (0h:0m:27s)
Total wall-clock time used: 27.219 sec (0h:0m:27s)

Analysis results written to: 
  IQ-TREE report:                /Users/fahim/CSE6406-project/work/paper_subset_50x10_L1600/ils_high/replicate_07/estimated_gene_trees/L1600/hky_g4/locus_0009.iqtree
  Maximum-likelihood tree:       /Users/fahim/CSE6406-project/work/paper_subset_50x10_L1600/ils_high/replicate_07/estimated_gene_trees/L1600/hky_g4/locus_0009.treefile
  Likelihood distances:          /Users/fahim/CSE6406-project/work/paper_subset_50x10_L1600/ils_high/replicate_07/estimated_gene_trees/L1600/hky_g4/locus_0009.mldist
  Screen log file:               /Users/fahim/CSE6406-project/work/paper_subset_50x10_L1600/ils_high/replicate_07/estimated_gene_trees/L1600/hky_g4/locus_0009.log

Date and Time: Sat Sep 12 14:25:28 2026
