IQ-TREE multicore version 2.4.0 for MacOS ARM 64-bit built Feb 12 2025
Developed by Bui Quang Minh, Nguyen Lam Tung, Olga Chernomor, Heiko Schmidt,
Dominik Schrempf, Michael Woodhams, Ly Trong Nhan, Thomas Wong

Host:    Fahims-MacBook-Air.local (SSE4.2, 16 GB RAM)
Command: /Users/fahim/miniconda3/envs/cse6406/bin/iqtree2 -s /Users/fahim/CSE6406-project/work/paper_subset_50x10_L1600/ils_high/replicate_07/alignments/L1600/locus_0041.phy -m HKY+G4 --abayes -T AUTO --seed 7106042 --prefix /Users/fahim/CSE6406-project/work/paper_subset_50x10_L1600/ils_high/replicate_07/estimated_gene_trees/L1600/hky_g4/locus_0041 --redo --quiet
Seed:    7106042 (Using SPRNG - Scalable Parallel Random Number Generator)
Time:    Sat Sep 12 14:39:29 2026
Kernel:  SSE2 - auto-detect threads (10 CPU cores detected)

Reading alignment file /Users/fahim/CSE6406-project/work/paper_subset_50x10_L1600/ils_high/replicate_07/alignments/L1600/locus_0041.phy ... Phylip format detected
Alignment most likely contains DNA/RNA sequences
Alignment has 21 sequences with 1600 columns, 790 distinct patterns
671 parsimony-informative, 167 singleton sites, 762 constant sites
        Gap/Ambiguity  Composition  p-value
Analyzing sequences: done in 4.00543e-05 secs using 122.3% CPU
   1  0_0_0     0.00%    passed     96.73%
   2  1_0_0     0.00%    passed     96.94%
   3  15_0_0    0.00%    passed     37.74%
   4  2_0_0     0.00%    passed     92.04%
   5  6_0_0     0.00%    passed     85.88%
   6  5_0_0     0.00%    passed     70.47%
   7  14_0_0    0.00%    passed     95.48%
   8  4_0_0     0.00%    passed     81.25%
   9  9_0_0     0.00%    passed     30.83%
  10  11_0_0    0.00%    passed     98.15%
  11  17_0_0    0.00%    passed     63.25%
  12  10_0_0    0.00%    passed     90.24%
  13  20_0_0    0.00%    passed     91.94%
  14  8_0_0     0.00%    passed     72.16%
  15  13_0_0    0.00%    passed     76.29%
  16  16_0_0    0.00%    passed     99.98%
  17  3_0_0     0.00%    passed     50.27%
  18  7_0_0     0.00%    passed     97.45%
  19  12_0_0    0.00%    passed     90.31%
  20  19_0_0    0.00%    passed     85.70%
  21  18_0_0    0.00%    passed     90.94%
****  TOTAL     0.00%  0 sequences failed composition chi2 test (p-value<5%; df=3)

Create initial parsimony tree by phylogenetic likelihood library (PLL)... 0.001 seconds

NOTE: 2 MB RAM (0 GB) is required!
Measuring multi-threading efficiency up to 10 CPU cores
Increase to 10 rounds for branch lengths
793 trees examined
Threads: 1 / Time: 10.004 sec / Speedup: 1.000 / Efficiency: 100% / LogL: -20650
Threads: 2 / Time: 12.835 sec / Speedup: 0.779 / Efficiency: 39% / LogL: -20650
BEST NUMBER OF THREADS: 1

Estimate model parameters (epsilon = 0.100)
1. Initial log-likelihood: -19844.497
2. Current log-likelihood: -18702.686
3. Current log-likelihood: -18636.085
4. Current log-likelihood: -18634.454
Optimal log-likelihood: -18634.385
Rate parameters:  A-C: 1.00000  A-G: 2.15690  A-T: 1.00000  C-G: 1.00000  C-T: 2.15690  G-T: 1.00000
Base frequencies:  A: 0.314  C: 0.193  G: 0.199  T: 0.295
Gamma shape alpha: 0.197
Parameters optimization took 4 rounds (0.043 sec)
Wrote distance file to... 
Computing ML distances based on estimated model parameters...
Calculating distance matrix: done in 0.000815153 secs using 98.88% CPU
Computing ML distances took 0.000863 sec (of wall-clock time) 0.000844 sec (of CPU time)
Setting up auxiliary I and S matrices: done in 1.88351e-05 secs using 69.02% CPU
Computing RapidNJ tree took 0.000065 sec (of wall-clock time) 0.000064 sec (of CPU time)
Log-likelihood of RapidNJ tree: -18664.222
--------------------------------------------------------------------
|             INITIALIZING CANDIDATE TREE SET                      |
--------------------------------------------------------------------
Generating 98 parsimony trees... 0.090 second
Computing log-likelihood of 98 initial trees ... 0.188 seconds
Current best score: -18634.385

Do NNI search on 20 best initial trees
Estimate model parameters (epsilon = 0.100)
BETTER TREE FOUND at iteration 1: -18627.942
Iteration 10 / LogL: -18628.020 / Time: 0h:0m:23s
Iteration 20 / LogL: -18628.026 / Time: 0h:0m:23s
Finish initializing candidate tree set (5)
Current best tree score: -18627.942 / CPU time: 0.940
Number of iterations: 20
--------------------------------------------------------------------
|               OPTIMIZING CANDIDATE TREE SET                      |
--------------------------------------------------------------------
Iteration 30 / LogL: -18628.134 / Time: 0h:0m:24s (0h:0m:59s left)
Iteration 40 / LogL: -18628.135 / Time: 0h:0m:24s (0h:0m:38s left)
UPDATE BEST LOG-LIKELIHOOD: -18627.942
Iteration 50 / LogL: -18628.134 / Time: 0h:0m:24s (0h:0m:25s left)
UPDATE BEST LOG-LIKELIHOOD: -18627.942
Iteration 60 / LogL: -18628.134 / Time: 0h:0m:25s (0h:0m:17s left)
Iteration 70 / LogL: -18633.048 / Time: 0h:0m:25s (0h:0m:11s left)
UPDATE BEST LOG-LIKELIHOOD: -18627.941
Iteration 80 / LogL: -18628.134 / Time: 0h:0m:26s (0h:0m:6s left)
Iteration 90 / LogL: -18632.855 / Time: 0h:0m:26s (0h:0m:3s left)
Iteration 100 / LogL: -18632.876 / Time: 0h:0m:26s (0h:0m:0s left)
TREE SEARCH COMPLETED AFTER 102 ITERATIONS / Time: 0h:0m:26s

--------------------------------------------------------------------
|                    FINALIZING TREE SEARCH                        |
--------------------------------------------------------------------
Performs final model parameters optimization
Estimate model parameters (epsilon = 0.010)
1. Initial log-likelihood: -18627.941
Optimal log-likelihood: -18627.941
Rate parameters:  A-C: 1.00000  A-G: 2.15410  A-T: 1.00000  C-G: 1.00000  C-T: 2.15410  G-T: 1.00000
Base frequencies:  A: 0.314  C: 0.193  G: 0.199  T: 0.295
Gamma shape alpha: 0.197
Parameters optimization took 1 rounds (0.005 sec)
BEST SCORE FOUND : -18627.941

Testing tree branches by aBayes parametric test...
0.006 sec.
Total tree length: 7.198

Total number of iterations: 102
CPU time used for tree search: 3.934 sec (0h:0m:3s)
Wall-clock time used for tree search: 3.959 sec (0h:0m:3s)
Total CPU time used: 27.155 sec (0h:0m:27s)
Total wall-clock time used: 26.869 sec (0h:0m:26s)

Analysis results written to: 
  IQ-TREE report:                /Users/fahim/CSE6406-project/work/paper_subset_50x10_L1600/ils_high/replicate_07/estimated_gene_trees/L1600/hky_g4/locus_0041.iqtree
  Maximum-likelihood tree:       /Users/fahim/CSE6406-project/work/paper_subset_50x10_L1600/ils_high/replicate_07/estimated_gene_trees/L1600/hky_g4/locus_0041.treefile
  Likelihood distances:          /Users/fahim/CSE6406-project/work/paper_subset_50x10_L1600/ils_high/replicate_07/estimated_gene_trees/L1600/hky_g4/locus_0041.mldist
  Screen log file:               /Users/fahim/CSE6406-project/work/paper_subset_50x10_L1600/ils_high/replicate_07/estimated_gene_trees/L1600/hky_g4/locus_0041.log

Date and Time: Sat Sep 12 14:39:55 2026
