IQ-TREE multicore version 2.4.0 for MacOS ARM 64-bit built Feb 12 2025
Developed by Bui Quang Minh, Nguyen Lam Tung, Olga Chernomor, Heiko Schmidt,
Dominik Schrempf, Michael Woodhams, Ly Trong Nhan, Thomas Wong

Host:    Fahims-MacBook-Air.local (SSE4.2, 16 GB RAM)
Command: /Users/fahim/miniconda3/envs/cse6406/bin/iqtree2 -s /Users/fahim/CSE6406-project/work/paper_subset_50x10_L1600/ils_high/replicate_07/alignments/L1600/locus_0026.phy -m HKY+G4 --abayes -T AUTO --seed 7106027 --prefix /Users/fahim/CSE6406-project/work/paper_subset_50x10_L1600/ils_high/replicate_07/estimated_gene_trees/L1600/hky_g4/locus_0026 --redo --quiet
Seed:    7106027 (Using SPRNG - Scalable Parallel Random Number Generator)
Time:    Sat Sep 12 14:32:41 2026
Kernel:  SSE2 - auto-detect threads (10 CPU cores detected)

Reading alignment file /Users/fahim/CSE6406-project/work/paper_subset_50x10_L1600/ils_high/replicate_07/alignments/L1600/locus_0026.phy ... Phylip format detected
Alignment most likely contains DNA/RNA sequences
Alignment has 21 sequences with 1600 columns, 775 distinct patterns
621 parsimony-informative, 208 singleton sites, 771 constant sites
        Gap/Ambiguity  Composition  p-value
Analyzing sequences: done in 3.91006e-05 secs using 102.3% CPU
   1  12_0_0    0.00%    passed     60.68%
   2  8_0_0     0.00%    passed     35.03%
   3  15_0_0    0.00%    passed     55.23%
   4  7_0_0     0.00%    passed     64.27%
   5  19_0_0    0.00%    passed     25.86%
   6  18_0_0    0.00%    passed     82.61%
   7  20_0_0    0.00%    passed     60.81%
   8  5_0_0     0.00%    passed     95.36%
   9  17_0_0    0.00%    passed     98.47%
  10  14_0_0    0.00%    passed     75.49%
  11  6_0_0     0.00%    passed     69.15%
  12  2_0_0     0.00%    passed     73.30%
  13  4_0_0     0.00%    passed     93.01%
  14  16_0_0    0.00%    passed     91.49%
  15  3_0_0     0.00%    passed     96.20%
  16  13_0_0    0.00%    passed     96.77%
  17  10_0_0    0.00%    passed     93.48%
  18  11_0_0    0.00%    passed     96.80%
  19  9_0_0     0.00%    passed     81.82%
  20  1_0_0     0.00%    passed     51.57%
  21  0_0_0     0.00%    passed     85.54%
****  TOTAL     0.00%  0 sequences failed composition chi2 test (p-value<5%; df=3)

Create initial parsimony tree by phylogenetic likelihood library (PLL)... 0.001 seconds

NOTE: 2 MB RAM (0 GB) is required!
Measuring multi-threading efficiency up to 10 CPU cores
Increase to 10 rounds for branch lengths
888 trees examined
Threads: 1 / Time: 10.006 sec / Speedup: 1.000 / Efficiency: 100% / LogL: -20336
Threads: 2 / Time: 13.246 sec / Speedup: 0.755 / Efficiency: 38% / LogL: -20336
BEST NUMBER OF THREADS: 1

Estimate model parameters (epsilon = 0.100)
1. Initial log-likelihood: -19718.325
2. Current log-likelihood: -18509.376
3. Current log-likelihood: -18454.145
4. Current log-likelihood: -18452.925
Optimal log-likelihood: -18452.874
Rate parameters:  A-C: 1.00000  A-G: 1.89483  A-T: 1.00000  C-G: 1.00000  C-T: 1.89483  G-T: 1.00000
Base frequencies:  A: 0.278  C: 0.201  G: 0.212  T: 0.309
Gamma shape alpha: 0.194
Parameters optimization took 4 rounds (0.038 sec)
Wrote distance file to... 
Computing ML distances based on estimated model parameters...
Calculating distance matrix: done in 0.000751972 secs using 98.54% CPU
Computing ML distances took 0.000799 sec (of wall-clock time) 0.000776 sec (of CPU time)
Setting up auxiliary I and S matrices: done in 1.62125e-05 secs using 74.02% CPU
Computing RapidNJ tree took 0.000059 sec (of wall-clock time) 0.000061 sec (of CPU time)
Log-likelihood of RapidNJ tree: -18474.402
--------------------------------------------------------------------
|             INITIALIZING CANDIDATE TREE SET                      |
--------------------------------------------------------------------
Generating 98 parsimony trees... 0.080 second
Computing log-likelihood of 98 initial trees ... 0.170 seconds
Current best score: -18452.874

Do NNI search on 20 best initial trees
Estimate model parameters (epsilon = 0.100)
BETTER TREE FOUND at iteration 1: -18451.192
Iteration 10 / LogL: -18452.530 / Time: 0h:0m:23s
Iteration 20 / LogL: -18451.195 / Time: 0h:0m:24s
Finish initializing candidate tree set (2)
Current best tree score: -18451.192 / CPU time: 0.772
Number of iterations: 20
--------------------------------------------------------------------
|               OPTIMIZING CANDIDATE TREE SET                      |
--------------------------------------------------------------------
Iteration 30 / LogL: -18451.196 / Time: 0h:0m:24s (0h:0m:59s left)
UPDATE BEST LOG-LIKELIHOOD: -18451.192
Iteration 40 / LogL: -18451.195 / Time: 0h:0m:24s (0h:0m:38s left)
Iteration 50 / LogL: -18451.193 / Time: 0h:0m:24s (0h:0m:25s left)
Iteration 60 / LogL: -18452.531 / Time: 0h:0m:25s (0h:0m:17s left)
Iteration 70 / LogL: -18451.192 / Time: 0h:0m:25s (0h:0m:11s left)
Iteration 80 / LogL: -18452.530 / Time: 0h:0m:25s (0h:0m:6s left)
Iteration 90 / LogL: -18451.194 / Time: 0h:0m:26s (0h:0m:3s left)
Iteration 100 / LogL: -18451.192 / Time: 0h:0m:26s (0h:0m:0s left)
TREE SEARCH COMPLETED AFTER 102 ITERATIONS / Time: 0h:0m:26s

--------------------------------------------------------------------
|                    FINALIZING TREE SEARCH                        |
--------------------------------------------------------------------
Performs final model parameters optimization
Estimate model parameters (epsilon = 0.010)
1. Initial log-likelihood: -18451.192
Optimal log-likelihood: -18451.192
Rate parameters:  A-C: 1.00000  A-G: 1.90249  A-T: 1.00000  C-G: 1.00000  C-T: 1.90249  G-T: 1.00000
Base frequencies:  A: 0.278  C: 0.201  G: 0.212  T: 0.309
Gamma shape alpha: 0.194
Parameters optimization took 1 rounds (0.005 sec)
BEST SCORE FOUND : -18451.192

Testing tree branches by aBayes parametric test...
0.006 sec.
Total tree length: 6.834

Total number of iterations: 102
CPU time used for tree search: 3.337 sec (0h:0m:3s)
Wall-clock time used for tree search: 3.348 sec (0h:0m:3s)
Total CPU time used: 26.997 sec (0h:0m:26s)
Total wall-clock time used: 26.662 sec (0h:0m:26s)

Analysis results written to: 
  IQ-TREE report:                /Users/fahim/CSE6406-project/work/paper_subset_50x10_L1600/ils_high/replicate_07/estimated_gene_trees/L1600/hky_g4/locus_0026.iqtree
  Maximum-likelihood tree:       /Users/fahim/CSE6406-project/work/paper_subset_50x10_L1600/ils_high/replicate_07/estimated_gene_trees/L1600/hky_g4/locus_0026.treefile
  Likelihood distances:          /Users/fahim/CSE6406-project/work/paper_subset_50x10_L1600/ils_high/replicate_07/estimated_gene_trees/L1600/hky_g4/locus_0026.mldist
  Screen log file:               /Users/fahim/CSE6406-project/work/paper_subset_50x10_L1600/ils_high/replicate_07/estimated_gene_trees/L1600/hky_g4/locus_0026.log

Date and Time: Sat Sep 12 14:33:07 2026
