IQ-TREE multicore version 2.4.0 for MacOS ARM 64-bit built Feb 12 2025
Developed by Bui Quang Minh, Nguyen Lam Tung, Olga Chernomor, Heiko Schmidt,
Dominik Schrempf, Michael Woodhams, Ly Trong Nhan, Thomas Wong

Host:    Fahims-MacBook-Air.local (SSE4.2, 16 GB RAM)
Command: /Users/fahim/miniconda3/envs/cse6406/bin/iqtree2 -s /Users/fahim/CSE6406-project/work/paper_subset_50x10_L1600/ils_high/replicate_07/alignments/L1600/locus_0044.phy -m HKY+G4 --abayes -T AUTO --seed 7106045 --prefix /Users/fahim/CSE6406-project/work/paper_subset_50x10_L1600/ils_high/replicate_07/estimated_gene_trees/L1600/hky_g4/locus_0044 --redo --quiet
Seed:    7106045 (Using SPRNG - Scalable Parallel Random Number Generator)
Time:    Sat Sep 12 14:40:49 2026
Kernel:  SSE2 - auto-detect threads (10 CPU cores detected)

Reading alignment file /Users/fahim/CSE6406-project/work/paper_subset_50x10_L1600/ils_high/replicate_07/alignments/L1600/locus_0044.phy ... Phylip format detected
Alignment most likely contains DNA/RNA sequences
Alignment has 21 sequences with 1600 columns, 797 distinct patterns
654 parsimony-informative, 202 singleton sites, 744 constant sites
        Gap/Ambiguity  Composition  p-value
Analyzing sequences: done in 4.3869e-05 secs using 118.5% CPU
   1  6_0_0     0.00%    passed     93.31%
   2  4_0_0     0.00%    passed     74.57%
   3  14_0_0    0.00%    passed     66.85%
   4  2_0_0     0.00%    passed     57.67%
   5  12_0_0    0.00%    passed     79.31%
   6  8_0_0     0.00%    passed     78.50%
   7  18_0_0    0.00%    passed     82.96%
   8  19_0_0    0.00%    passed     90.29%
   9  20_0_0    0.00%    passed     73.28%
  10  15_0_0    0.00%    passed     93.67%
  11  9_0_0     0.00%    passed     97.20%
  12  11_0_0    0.00%    passed     96.96%
  13  1_0_0     0.00%    passed     46.50%
  14  7_0_0     0.00%    passed     68.75%
  15  17_0_0    0.00%    passed     97.09%
  16  10_0_0    0.00%    passed     95.96%
  17  13_0_0    0.00%    passed     81.57%
  18  3_0_0     0.00%    passed     63.30%
  19  16_0_0    0.00%    passed     80.36%
  20  5_0_0     0.00%    passed     97.91%
  21  0_0_0     0.00%    passed     77.09%
****  TOTAL     0.00%  0 sequences failed composition chi2 test (p-value<5%; df=3)

Create initial parsimony tree by phylogenetic likelihood library (PLL)... 0.001 seconds

NOTE: 2 MB RAM (0 GB) is required!
Measuring multi-threading efficiency up to 10 CPU cores
Increase to 10 rounds for branch lengths
829 trees examined
Threads: 1 / Time: 10.012 sec / Speedup: 1.000 / Efficiency: 100% / LogL: -20793
Threads: 2 / Time: 13.460 sec / Speedup: 0.744 / Efficiency: 37% / LogL: -20793
BEST NUMBER OF THREADS: 1

Estimate model parameters (epsilon = 0.100)
1. Initial log-likelihood: -19980.854
2. Current log-likelihood: -18795.017
3. Current log-likelihood: -18742.266
4. Current log-likelihood: -18741.120
Optimal log-likelihood: -18741.067
Rate parameters:  A-C: 1.00000  A-G: 2.07248  A-T: 1.00000  C-G: 1.00000  C-T: 2.07248  G-T: 1.00000
Base frequencies:  A: 0.282  C: 0.192  G: 0.200  T: 0.326
Gamma shape alpha: 0.199
Parameters optimization took 4 rounds (0.041 sec)
Wrote distance file to... 
Computing ML distances based on estimated model parameters...
Calculating distance matrix: done in 0.000809908 secs using 97.91% CPU
Computing ML distances took 0.000860 sec (of wall-clock time) 0.000831 sec (of CPU time)
Setting up auxiliary I and S matrices: done in 2.00272e-05 secs using 69.91% CPU
Computing RapidNJ tree took 0.000070 sec (of wall-clock time) 0.000071 sec (of CPU time)
Log-likelihood of RapidNJ tree: -18737.231
--------------------------------------------------------------------
|             INITIALIZING CANDIDATE TREE SET                      |
--------------------------------------------------------------------
Generating 98 parsimony trees... 0.090 second
Computing log-likelihood of 98 initial trees ... 0.189 seconds
Current best score: -18737.231

Do NNI search on 20 best initial trees
Estimate model parameters (epsilon = 0.100)
BETTER TREE FOUND at iteration 1: -18732.265
UPDATE BEST LOG-LIKELIHOOD: -18732.265
Iteration 10 / LogL: -18732.762 / Time: 0h:0m:24s
Iteration 20 / LogL: -18732.507 / Time: 0h:0m:24s
Finish initializing candidate tree set (6)
Current best tree score: -18732.265 / CPU time: 0.953
Number of iterations: 20
--------------------------------------------------------------------
|               OPTIMIZING CANDIDATE TREE SET                      |
--------------------------------------------------------------------
Iteration 30 / LogL: -18732.509 / Time: 0h:0m:24s (0h:1m:0s left)
UPDATE BEST LOG-LIKELIHOOD: -18732.265
Iteration 40 / LogL: -18732.508 / Time: 0h:0m:25s (0h:0m:39s left)
UPDATE BEST LOG-LIKELIHOOD: -18732.265
UPDATE BEST LOG-LIKELIHOOD: -18732.265
Iteration 50 / LogL: -18732.274 / Time: 0h:0m:25s (0h:0m:26s left)
Iteration 60 / LogL: -18732.266 / Time: 0h:0m:25s (0h:0m:18s left)
Iteration 70 / LogL: -18732.506 / Time: 0h:0m:26s (0h:0m:11s left)
Iteration 80 / LogL: -18732.266 / Time: 0h:0m:26s (0h:0m:7s left)
Iteration 90 / LogL: -18732.266 / Time: 0h:0m:27s (0h:0m:3s left)
Iteration 100 / LogL: -18732.266 / Time: 0h:0m:27s (0h:0m:0s left)
TREE SEARCH COMPLETED AFTER 102 ITERATIONS / Time: 0h:0m:27s

--------------------------------------------------------------------
|                    FINALIZING TREE SEARCH                        |
--------------------------------------------------------------------
Performs final model parameters optimization
Estimate model parameters (epsilon = 0.010)
1. Initial log-likelihood: -18732.265
Optimal log-likelihood: -18732.265
Rate parameters:  A-C: 1.00000  A-G: 2.08174  A-T: 1.00000  C-G: 1.00000  C-T: 2.08174  G-T: 1.00000
Base frequencies:  A: 0.282  C: 0.192  G: 0.200  T: 0.326
Gamma shape alpha: 0.198
Parameters optimization took 1 rounds (0.005 sec)
BEST SCORE FOUND : -18732.265

Testing tree branches by aBayes parametric test...
0.006 sec.
Total tree length: 6.637

Total number of iterations: 102
CPU time used for tree search: 3.918 sec (0h:0m:3s)
Wall-clock time used for tree search: 3.946 sec (0h:0m:3s)
Total CPU time used: 27.808 sec (0h:0m:27s)
Total wall-clock time used: 27.483 sec (0h:0m:27s)

Analysis results written to: 
  IQ-TREE report:                /Users/fahim/CSE6406-project/work/paper_subset_50x10_L1600/ils_high/replicate_07/estimated_gene_trees/L1600/hky_g4/locus_0044.iqtree
  Maximum-likelihood tree:       /Users/fahim/CSE6406-project/work/paper_subset_50x10_L1600/ils_high/replicate_07/estimated_gene_trees/L1600/hky_g4/locus_0044.treefile
  Likelihood distances:          /Users/fahim/CSE6406-project/work/paper_subset_50x10_L1600/ils_high/replicate_07/estimated_gene_trees/L1600/hky_g4/locus_0044.mldist
  Screen log file:               /Users/fahim/CSE6406-project/work/paper_subset_50x10_L1600/ils_high/replicate_07/estimated_gene_trees/L1600/hky_g4/locus_0044.log

Date and Time: Sat Sep 12 14:41:17 2026
