IQ-TREE multicore version 2.4.0 for MacOS ARM 64-bit built Feb 12 2025
Developed by Bui Quang Minh, Nguyen Lam Tung, Olga Chernomor, Heiko Schmidt,
Dominik Schrempf, Michael Woodhams, Ly Trong Nhan, Thomas Wong

Host:    Fahims-MacBook-Air.local (SSE4.2, 16 GB RAM)
Command: /Users/fahim/miniconda3/envs/cse6406/bin/iqtree2 -s /Users/fahim/CSE6406-project/work/paper_subset_50x10_L1600/ils_high/replicate_07/alignments/L1600/locus_0018.phy -m HKY+G4 --abayes -T AUTO --seed 7106019 --prefix /Users/fahim/CSE6406-project/work/paper_subset_50x10_L1600/ils_high/replicate_07/estimated_gene_trees/L1600/hky_g4/locus_0018 --redo --quiet
Seed:    7106019 (Using SPRNG - Scalable Parallel Random Number Generator)
Time:    Sat Sep 12 14:29:06 2026
Kernel:  SSE2 - auto-detect threads (10 CPU cores detected)

Reading alignment file /Users/fahim/CSE6406-project/work/paper_subset_50x10_L1600/ils_high/replicate_07/alignments/L1600/locus_0018.phy ... Phylip format detected
Alignment most likely contains DNA/RNA sequences
Alignment has 21 sequences with 1600 columns, 750 distinct patterns
628 parsimony-informative, 181 singleton sites, 791 constant sites
        Gap/Ambiguity  Composition  p-value
Analyzing sequences: done in 4.31538e-05 secs using 115.9% CPU
   1  0_0_0     0.00%    passed     78.79%
   2  20_0_0    0.00%    passed     61.02%
   3  18_0_0    0.00%    passed     60.68%
   4  19_0_0    0.00%    passed     77.18%
   5  16_0_0    0.00%    passed     96.09%
   6  15_0_0    0.00%    passed     47.92%
   7  8_0_0     0.00%    passed     87.28%
   8  7_0_0     0.00%    passed     95.34%
   9  12_0_0    0.00%    passed     90.51%
  10  1_0_0     0.00%    passed     82.78%
  11  10_0_0    0.00%    passed     62.71%
  12  17_0_0    0.00%    passed     66.69%
  13  11_0_0    0.00%    passed     81.51%
  14  9_0_0     0.00%    passed     98.32%
  15  5_0_0     0.00%    passed     83.81%
  16  6_0_0     0.00%    passed     83.58%
  17  2_0_0     0.00%    passed     98.91%
  18  4_0_0     0.00%    passed     90.06%
  19  14_0_0    0.00%    passed     99.21%
  20  13_0_0    0.00%    passed     93.68%
  21  3_0_0     0.00%    passed     61.11%
****  TOTAL     0.00%  0 sequences failed composition chi2 test (p-value<5%; df=3)

Create initial parsimony tree by phylogenetic likelihood library (PLL)... 0.001 seconds

NOTE: 2 MB RAM (0 GB) is required!
Measuring multi-threading efficiency up to 10 CPU cores
Increase to 10 rounds for branch lengths
866 trees examined
Threads: 1 / Time: 10.009 sec / Speedup: 1.000 / Efficiency: 100% / LogL: -19670
Threads: 2 / Time: 13.265 sec / Speedup: 0.755 / Efficiency: 38% / LogL: -19670
BEST NUMBER OF THREADS: 1

Estimate model parameters (epsilon = 0.100)
1. Initial log-likelihood: -18359.530
2. Current log-likelihood: -17283.538
3. Current log-likelihood: -17236.422
4. Current log-likelihood: -17235.382
Optimal log-likelihood: -17235.339
Rate parameters:  A-C: 1.00000  A-G: 2.12075  A-T: 1.00000  C-G: 1.00000  C-T: 2.12075  G-T: 1.00000
Base frequencies:  A: 0.324  C: 0.186  G: 0.198  T: 0.292
Gamma shape alpha: 0.205
Parameters optimization took 4 rounds (0.036 sec)
Wrote distance file to... 
Computing ML distances based on estimated model parameters...
Calculating distance matrix: done in 0.000770092 secs using 98.82% CPU
Computing ML distances took 0.000812 sec (of wall-clock time) 0.000795 sec (of CPU time)
Setting up auxiliary I and S matrices: done in 1.69277e-05 secs using 70.89% CPU
Computing RapidNJ tree took 0.000063 sec (of wall-clock time) 0.000061 sec (of CPU time)
Log-likelihood of RapidNJ tree: -17230.104
--------------------------------------------------------------------
|             INITIALIZING CANDIDATE TREE SET                      |
--------------------------------------------------------------------
Generating 98 parsimony trees... 0.086 second
Computing log-likelihood of 98 initial trees ... 0.168 seconds
Current best score: -17230.104

Do NNI search on 20 best initial trees
Estimate model parameters (epsilon = 0.100)
BETTER TREE FOUND at iteration 1: -17223.364
Iteration 10 / LogL: -17223.365 / Time: 0h:0m:23s
Iteration 20 / LogL: -17223.367 / Time: 0h:0m:24s
Finish initializing candidate tree set (1)
Current best tree score: -17223.364 / CPU time: 0.798
Number of iterations: 20
--------------------------------------------------------------------
|               OPTIMIZING CANDIDATE TREE SET                      |
--------------------------------------------------------------------
UPDATE BEST LOG-LIKELIHOOD: -17223.364
Iteration 30 / LogL: -17223.364 / Time: 0h:0m:24s (0h:0m:59s left)
UPDATE BEST LOG-LIKELIHOOD: -17223.364
Iteration 40 / LogL: -17223.364 / Time: 0h:0m:24s (0h:0m:38s left)
UPDATE BEST LOG-LIKELIHOOD: -17223.364
Iteration 50 / LogL: -17223.365 / Time: 0h:0m:25s (0h:0m:26s left)
Iteration 60 / LogL: -17268.166 / Time: 0h:0m:25s (0h:0m:17s left)
Iteration 70 / LogL: -17223.365 / Time: 0h:0m:25s (0h:0m:11s left)
Iteration 80 / LogL: -17223.364 / Time: 0h:0m:26s (0h:0m:6s left)
Iteration 90 / LogL: -17223.364 / Time: 0h:0m:26s (0h:0m:3s left)
Iteration 100 / LogL: -17223.366 / Time: 0h:0m:26s (0h:0m:0s left)
TREE SEARCH COMPLETED AFTER 102 ITERATIONS / Time: 0h:0m:26s

--------------------------------------------------------------------
|                    FINALIZING TREE SEARCH                        |
--------------------------------------------------------------------
Performs final model parameters optimization
Estimate model parameters (epsilon = 0.010)
1. Initial log-likelihood: -17223.364
Optimal log-likelihood: -17223.363
Rate parameters:  A-C: 1.00000  A-G: 2.12374  A-T: 1.00000  C-G: 1.00000  C-T: 2.12374  G-T: 1.00000
Base frequencies:  A: 0.324  C: 0.186  G: 0.198  T: 0.292
Gamma shape alpha: 0.203
Parameters optimization took 1 rounds (0.005 sec)
BEST SCORE FOUND : -17223.363

Testing tree branches by aBayes parametric test...
0.006 sec.
Total tree length: 5.893

Total number of iterations: 102
CPU time used for tree search: 3.469 sec (0h:0m:3s)
Wall-clock time used for tree search: 3.481 sec (0h:0m:3s)
Total CPU time used: 27.104 sec (0h:0m:27s)
Total wall-clock time used: 26.815 sec (0h:0m:26s)

Analysis results written to: 
  IQ-TREE report:                /Users/fahim/CSE6406-project/work/paper_subset_50x10_L1600/ils_high/replicate_07/estimated_gene_trees/L1600/hky_g4/locus_0018.iqtree
  Maximum-likelihood tree:       /Users/fahim/CSE6406-project/work/paper_subset_50x10_L1600/ils_high/replicate_07/estimated_gene_trees/L1600/hky_g4/locus_0018.treefile
  Likelihood distances:          /Users/fahim/CSE6406-project/work/paper_subset_50x10_L1600/ils_high/replicate_07/estimated_gene_trees/L1600/hky_g4/locus_0018.mldist
  Screen log file:               /Users/fahim/CSE6406-project/work/paper_subset_50x10_L1600/ils_high/replicate_07/estimated_gene_trees/L1600/hky_g4/locus_0018.log

Date and Time: Sat Sep 12 14:29:33 2026
