IQ-TREE multicore version 2.4.0 for MacOS ARM 64-bit built Feb 12 2025
Developed by Bui Quang Minh, Nguyen Lam Tung, Olga Chernomor, Heiko Schmidt,
Dominik Schrempf, Michael Woodhams, Ly Trong Nhan, Thomas Wong

Host:    Fahims-MacBook-Air.local (SSE4.2, 16 GB RAM)
Command: /Users/fahim/miniconda3/envs/cse6406/bin/iqtree2 -s /Users/fahim/CSE6406-project/work/paper_subset_50x10_L1600/ils_high/replicate_08/alignments/L1600/locus_0010.phy -m GTR+G4 --abayes -T AUTO --seed 7206011 --prefix /Users/fahim/CSE6406-project/work/paper_subset_50x10_L1600/ils_high/replicate_08/estimated_gene_trees/L1600/gtr_g4/locus_0010 --redo --quiet
Seed:    7206011 (Using SPRNG - Scalable Parallel Random Number Generator)
Time:    Sat Sep 12 15:41:10 2026
Kernel:  SSE2 - auto-detect threads (10 CPU cores detected)

Reading alignment file /Users/fahim/CSE6406-project/work/paper_subset_50x10_L1600/ils_high/replicate_08/alignments/L1600/locus_0010.phy ... Phylip format detected
Alignment most likely contains DNA/RNA sequences
Alignment has 21 sequences with 1600 columns, 830 distinct patterns
683 parsimony-informative, 182 singleton sites, 735 constant sites
        Gap/Ambiguity  Composition  p-value
Analyzing sequences: done in 3.98159e-05 secs using 140.6% CPU
   1  1_0_0     0.00%    passed     37.39%
   2  18_0_0    0.00%    passed     62.73%
   3  19_0_0    0.00%    passed     99.56%
   4  2_0_0     0.00%    passed     55.16%
   5  17_0_0    0.00%    passed     41.16%
   6  8_0_0     0.00%    passed     61.01%
   7  12_0_0    0.00%    passed     95.51%
   8  16_0_0    0.00%    passed     78.19%
   9  3_0_0     0.00%    passed     58.98%
  10  7_0_0     0.00%    passed     86.50%
  11  20_0_0    0.00%    passed     66.64%
  12  15_0_0    0.00%    passed     76.24%
  13  10_0_0    0.00%    passed     66.26%
  14  9_0_0     0.00%    passed     99.46%
  15  13_0_0    0.00%    passed     97.62%
  16  11_0_0    0.00%    passed     64.72%
  17  5_0_0     0.00%    passed     65.34%
  18  14_0_0    0.00%    passed     83.53%
  19  4_0_0     0.00%    passed     99.42%
  20  6_0_0     0.00%    passed     70.26%
  21  0_0_0     0.00%    passed     71.20%
****  TOTAL     0.00%  0 sequences failed composition chi2 test (p-value<5%; df=3)

Create initial parsimony tree by phylogenetic likelihood library (PLL)... 0.001 seconds

NOTE: 2 MB RAM (0 GB) is required!
Measuring multi-threading efficiency up to 10 CPU cores
Increase to 10 rounds for branch lengths
755 trees examined
Threads: 1 / Time: 10.010 sec / Speedup: 1.000 / Efficiency: 100% / LogL: -21457
Threads: 2 / Time: 13.406 sec / Speedup: 0.747 / Efficiency: 37% / LogL: -21457
BEST NUMBER OF THREADS: 1

Estimate model parameters (epsilon = 0.100)
1. Initial log-likelihood: -20390.389
2. Current log-likelihood: -19248.817
3. Current log-likelihood: -19146.604
4. Current log-likelihood: -19139.757
5. Current log-likelihood: -19138.803
6. Current log-likelihood: -19138.682
Optimal log-likelihood: -19138.614
Rate parameters:  A-C: 1.12658  A-G: 2.26949  A-T: 1.08850  C-G: 1.16503  C-T: 1.96283  G-T: 1.00000
Base frequencies:  A: 0.293  C: 0.206  G: 0.187  T: 0.313
Gamma shape alpha: 0.191
Parameters optimization took 6 rounds (0.119 sec)
Wrote distance file to... 
Computing ML distances based on estimated model parameters...
Calculating distance matrix: done in 0.000955105 secs using 98.1% CPU
Computing ML distances took 0.001009 sec (of wall-clock time) 0.000979 sec (of CPU time)
Setting up auxiliary I and S matrices: done in 2.00272e-05 secs using 69.91% CPU
Computing RapidNJ tree took 0.000071 sec (of wall-clock time) 0.000078 sec (of CPU time)
Log-likelihood of RapidNJ tree: -19149.834
--------------------------------------------------------------------
|             INITIALIZING CANDIDATE TREE SET                      |
--------------------------------------------------------------------
Generating 98 parsimony trees... 0.093 second
Computing log-likelihood of 98 initial trees ... 0.209 seconds
Current best score: -19131.650

Do NNI search on 20 best initial trees
Estimate model parameters (epsilon = 0.100)
BETTER TREE FOUND at iteration 1: -19106.400
UPDATE BEST LOG-LIKELIHOOD: -19106.399
UPDATE BEST LOG-LIKELIHOOD: -19106.399
Iteration 10 / LogL: -19106.399 / Time: 0h:0m:24s
UPDATE BEST LOG-LIKELIHOOD: -19106.399
Iteration 20 / LogL: -19111.022 / Time: 0h:0m:24s
Finish initializing candidate tree set (5)
Current best tree score: -19106.399 / CPU time: 1.065
Number of iterations: 20
--------------------------------------------------------------------
|               OPTIMIZING CANDIDATE TREE SET                      |
--------------------------------------------------------------------
Iteration 30 / LogL: -19111.763 / Time: 0h:0m:24s (0h:1m:1s left)
UPDATE BEST LOG-LIKELIHOOD: -19106.398
Iteration 40 / LogL: -19106.401 / Time: 0h:0m:25s (0h:0m:39s left)
UPDATE BEST LOG-LIKELIHOOD: -19106.398
Iteration 50 / LogL: -19111.015 / Time: 0h:0m:25s (0h:0m:26s left)
Iteration 60 / LogL: -19114.439 / Time: 0h:0m:25s (0h:0m:18s left)
Iteration 70 / LogL: -19110.168 / Time: 0h:0m:26s (0h:0m:11s left)
Iteration 80 / LogL: -19106.953 / Time: 0h:0m:26s (0h:0m:7s left)
UPDATE BEST LOG-LIKELIHOOD: -19106.398
Iteration 90 / LogL: -19113.886 / Time: 0h:0m:27s (0h:0m:3s left)
Iteration 100 / LogL: -19110.167 / Time: 0h:0m:27s (0h:0m:0s left)
TREE SEARCH COMPLETED AFTER 102 ITERATIONS / Time: 0h:0m:27s

--------------------------------------------------------------------
|                    FINALIZING TREE SEARCH                        |
--------------------------------------------------------------------
Performs final model parameters optimization
Estimate model parameters (epsilon = 0.010)
1. Initial log-likelihood: -19106.398
Optimal log-likelihood: -19106.393
Rate parameters:  A-C: 1.13309  A-G: 2.27960  A-T: 1.09443  C-G: 1.16093  C-T: 1.96834  G-T: 1.00000
Base frequencies:  A: 0.293  C: 0.206  G: 0.187  T: 0.313
Gamma shape alpha: 0.192
Parameters optimization took 1 rounds (0.008 sec)
BEST SCORE FOUND : -19106.393

Testing tree branches by aBayes parametric test...
0.007 sec.
Total tree length: 10.073

Total number of iterations: 102
CPU time used for tree search: 3.835 sec (0h:0m:3s)
Wall-clock time used for tree search: 3.854 sec (0h:0m:3s)
Total CPU time used: 27.888 sec (0h:0m:27s)
Total wall-clock time used: 27.427 sec (0h:0m:27s)

Analysis results written to: 
  IQ-TREE report:                /Users/fahim/CSE6406-project/work/paper_subset_50x10_L1600/ils_high/replicate_08/estimated_gene_trees/L1600/gtr_g4/locus_0010.iqtree
  Maximum-likelihood tree:       /Users/fahim/CSE6406-project/work/paper_subset_50x10_L1600/ils_high/replicate_08/estimated_gene_trees/L1600/gtr_g4/locus_0010.treefile
  Likelihood distances:          /Users/fahim/CSE6406-project/work/paper_subset_50x10_L1600/ils_high/replicate_08/estimated_gene_trees/L1600/gtr_g4/locus_0010.mldist
  Screen log file:               /Users/fahim/CSE6406-project/work/paper_subset_50x10_L1600/ils_high/replicate_08/estimated_gene_trees/L1600/gtr_g4/locus_0010.log

Date and Time: Sat Sep 12 15:41:38 2026
