IQ-TREE multicore version 2.4.0 for Linux x86 64-bit built Feb 12 2025
Developed by Bui Quang Minh, Nguyen Lam Tung, Olga Chernomor, Heiko Schmidt,
Dominik Schrempf, Michael Woodhams, Ly Trong Nhan, Thomas Wong

Host:    ezmata (AVX2, FMA3, 15 GB RAM)
Command: /home/mis/miniconda3/envs/cse6406/bin/iqtree2 -s /home/mis/CSE6406-project/work/paper_subset_7x2_L200_800/ils_high/replicate_02/alignments/L800/locus_0006.phy -m HKY+G4 --abayes -T AUTO --seed 6606007 --prefix /home/mis/CSE6406-project/work/paper_subset_7x2_L200_800/ils_high/replicate_02/estimated_gene_trees/L800/hky_g4/locus_0006 --redo --quiet
Seed:    6606007 (Using SPRNG - Scalable Parallel Random Number Generator)
Time:    Thu Sep 10 15:19:37 2026
Kernel:  AVX+FMA - auto-detect threads (16 CPU cores detected)

Reading alignment file /home/mis/CSE6406-project/work/paper_subset_7x2_L200_800/ils_high/replicate_02/alignments/L800/locus_0006.phy ... Phylip format detected
Alignment most likely contains DNA/RNA sequences
Alignment has 21 sequences with 800 columns, 499 distinct patterns
418 parsimony-informative, 96 singleton sites, 286 constant sites
        Gap/Ambiguity  Composition  p-value
Analyzing sequences: done in 0.000107452 secs using 40.02% CPU
   1  5_0_0     0.00%    passed     78.38%
   2  6_0_0     0.00%    passed     87.96%
   3  2_0_0     0.00%    passed     85.09%
   4  4_0_0     0.00%    passed     64.91%
   5  1_0_0     0.00%    passed     97.94%
   6  16_0_0    0.00%    passed     93.54%
   7  10_0_0    0.00%    passed     65.66%
   8  9_0_0     0.00%    passed     64.38%
   9  11_0_0    0.00%    passed     83.00%
  10  17_0_0    0.00%    passed     59.21%
  11  20_0_0    0.00%    passed     88.35%
  12  3_0_0     0.00%    passed     89.70%
  13  12_0_0    0.00%    passed     91.35%
  14  18_0_0    0.00%    passed     91.62%
  15  15_0_0    0.00%    passed     87.67%
  16  13_0_0    0.00%    passed     88.02%
  17  14_0_0    0.00%    passed     79.58%
  18  7_0_0     0.00%    passed     98.46%
  19  19_0_0    0.00%    passed     97.84%
  20  8_0_0     0.00%    passed     88.75%
  21  0_0_0     0.00%    passed     96.95%
****  TOTAL     0.00%  0 sequences failed composition chi2 test (p-value<5%; df=3)

Create initial parsimony tree by phylogenetic likelihood library (PLL)... 0.001 seconds

NOTE: 1 MB RAM (0 GB) is required!
Measuring multi-threading efficiency up to 16 CPU cores
Increase to 10 rounds for branch lengths
1351 trees examined
Threads: 1 / Time: 16.000 sec / Speedup: 1.000 / Efficiency: 100% / LogL: -12940
Threads: 2 / Time: 15.372 sec / Speedup: 1.041 / Efficiency: 52% / LogL: -12940
Threads: 3 / Time: 16.241 sec / Speedup: 0.985 / Efficiency: 33% / LogL: -12940
BEST NUMBER OF THREADS: 1

Estimate model parameters (epsilon = 0.100)
1. Initial log-likelihood: -12804.320
2. Current log-likelihood: -12364.753
3. Current log-likelihood: -12285.367
4. Current log-likelihood: -12266.568
5. Current log-likelihood: -12259.643
6. Current log-likelihood: -12256.513
7. Current log-likelihood: -12254.977
8. Current log-likelihood: -12254.249
9. Current log-likelihood: -12253.833
10. Current log-likelihood: -12253.596
11. Current log-likelihood: -12253.494
Optimal log-likelihood: -12253.378
Rate parameters:  A-C: 1.00000  A-G: 1.96230  A-T: 1.00000  C-G: 1.00000  C-T: 1.96230  G-T: 1.00000
Base frequencies:  A: 0.311  C: 0.194  G: 0.197  T: 0.298
Gamma shape alpha: 0.205
Parameters optimization took 11 rounds (0.086 sec)
Wrote distance file to... 
Computing ML distances based on estimated model parameters...
Calculating distance matrix: done in 0.0019614 secs using 99.98% CPU
Computing ML distances took 0.002021 sec (of wall-clock time) 0.002013 sec (of CPU time)
Setting up auxiliary I and S matrices: done in 3.7019e-05 secs using 99.95% CPU
Computing RapidNJ tree took 0.000131 sec (of wall-clock time) 0.000332 sec (of CPU time)
Log-likelihood of RapidNJ tree: -12243.482
--------------------------------------------------------------------
|             INITIALIZING CANDIDATE TREE SET                      |
--------------------------------------------------------------------
Generating 98 parsimony trees... 0.131 second
Computing log-likelihood of 98 initial trees ... 0.192 seconds
Current best score: -12243.482

Do NNI search on 20 best initial trees
Estimate model parameters (epsilon = 0.100)
BETTER TREE FOUND at iteration 1: -12230.837
Estimate model parameters (epsilon = 0.100)
BETTER TREE FOUND at iteration 2: -12211.309
Iteration 10 / LogL: -12213.421 / Time: 0h:0m:48s
Iteration 20 / LogL: -12213.839 / Time: 0h:0m:49s
Finish initializing candidate tree set (12)
Current best tree score: -12211.309 / CPU time: 1.533
Number of iterations: 20
--------------------------------------------------------------------
|               OPTIMIZING CANDIDATE TREE SET                      |
--------------------------------------------------------------------
Estimate model parameters (epsilon = 0.100)
BETTER TREE FOUND at iteration 26: -12211.224
Iteration 30 / LogL: -12211.327 / Time: 0h:0m:49s (0h:2m:44s left)
Iteration 40 / LogL: -12211.225 / Time: 0h:0m:49s (0h:1m:50s left)
UPDATE BEST LOG-LIKELIHOOD: -12211.224
Iteration 50 / LogL: -12211.453 / Time: 0h:0m:50s (0h:1m:17s left)
UPDATE BEST LOG-LIKELIHOOD: -12211.224
Iteration 60 / LogL: -12211.325 / Time: 0h:0m:50s (0h:0m:56s left)
Iteration 70 / LogL: -12211.359 / Time: 0h:0m:50s (0h:0m:41s left)
Iteration 80 / LogL: -12212.069 / Time: 0h:0m:51s (0h:0m:29s left)
Iteration 90 / LogL: -12211.224 / Time: 0h:0m:51s (0h:0m:20s left)
Iteration 100 / LogL: -12211.235 / Time: 0h:0m:51s (0h:0m:13s left)
UPDATE BEST LOG-LIKELIHOOD: -12211.224
Iteration 110 / LogL: -12211.225 / Time: 0h:0m:52s (0h:0m:7s left)
Iteration 120 / LogL: -12211.312 / Time: 0h:0m:52s (0h:0m:2s left)
TREE SEARCH COMPLETED AFTER 127 ITERATIONS / Time: 0h:0m:52s

--------------------------------------------------------------------
|                    FINALIZING TREE SEARCH                        |
--------------------------------------------------------------------
Performs final model parameters optimization
Estimate model parameters (epsilon = 0.010)
1. Initial log-likelihood: -12211.224
Optimal log-likelihood: -12211.223
Rate parameters:  A-C: 1.00000  A-G: 1.92955  A-T: 1.00000  C-G: 1.00000  C-T: 1.92955  G-T: 1.00000
Base frequencies:  A: 0.311  C: 0.194  G: 0.197  T: 0.298
Gamma shape alpha: 0.204
Parameters optimization took 1 rounds (0.005 sec)
BEST SCORE FOUND : -12211.223

Testing tree branches by aBayes parametric test...
0.007 sec.
Total tree length: 24.595

Total number of iterations: 127
CPU time used for tree search: 4.907 sec (0h:0m:4s)
Wall-clock time used for tree search: 4.975 sec (0h:0m:4s)
Total CPU time used: 71.045 sec (0h:1m:11s)
Total wall-clock time used: 52.708 sec (0h:0m:52s)

Analysis results written to: 
  IQ-TREE report:                /home/mis/CSE6406-project/work/paper_subset_7x2_L200_800/ils_high/replicate_02/estimated_gene_trees/L800/hky_g4/locus_0006.iqtree
  Maximum-likelihood tree:       /home/mis/CSE6406-project/work/paper_subset_7x2_L200_800/ils_high/replicate_02/estimated_gene_trees/L800/hky_g4/locus_0006.treefile
  Likelihood distances:          /home/mis/CSE6406-project/work/paper_subset_7x2_L200_800/ils_high/replicate_02/estimated_gene_trees/L800/hky_g4/locus_0006.mldist
  Screen log file:               /home/mis/CSE6406-project/work/paper_subset_7x2_L200_800/ils_high/replicate_02/estimated_gene_trees/L800/hky_g4/locus_0006.log

Date and Time: Thu Sep 10 15:20:30 2026
