IQ-TREE multicore version 2.4.0 for Linux x86 64-bit built Feb 12 2025
Developed by Bui Quang Minh, Nguyen Lam Tung, Olga Chernomor, Heiko Schmidt,
Dominik Schrempf, Michael Woodhams, Ly Trong Nhan, Thomas Wong

Host:    ezmata (AVX2, FMA3, 15 GB RAM)
Command: /home/mis/miniconda3/envs/cse6406/bin/iqtree2 -s /home/mis/CSE6406-project/work/paper_subset_50x10_L200/ils_high/replicate_06/alignments/L200/locus_0048.phy -m HKY+G4 --abayes -T 1 --seed 7006049 --prefix /home/mis/CSE6406-project/work/paper_subset_50x10_L200/ils_high/replicate_06/estimated_gene_trees/L200/hky_g4/locus_0048 --redo --quiet
Seed:    7006049 (Using SPRNG - Scalable Parallel Random Number Generator)
Time:    Sat Sep 12 21:44:11 2026
Kernel:  AVX+FMA - 1 threads (16 CPU cores detected)

HINT: Use -nt option to specify number of threads because your CPU has 16 cores!
HINT: -nt AUTO will automatically determine the best number of threads to use.

Reading alignment file /home/mis/CSE6406-project/work/paper_subset_50x10_L200/ils_high/replicate_06/alignments/L200/locus_0048.phy ... Phylip format detected
Alignment most likely contains DNA/RNA sequences
Alignment has 21 sequences with 200 columns, 66 distinct patterns
47 parsimony-informative, 16 singleton sites, 137 constant sites
        Gap/Ambiguity  Composition  p-value
Analyzing sequences: done in 1.7322e-05 secs using 92.37% CPU
   1  0_0_0     0.00%    passed     66.90%
   2  10_0_0    0.00%    passed     99.66%
   3  16_0_0    0.00%    passed     96.70%
   4  19_0_0    0.00%    passed     95.62%
   5  13_0_0    0.00%    passed     92.42%
   6  15_0_0    0.00%    passed     99.93%
   7  17_0_0    0.00%    passed     99.03%
   8  20_0_0    0.00%    passed     93.61%
   9  18_0_0    0.00%    passed     99.59%
  10  12_0_0    0.00%    passed     84.14%
  11  14_0_0    0.00%    passed     94.30%
  12  11_0_0    0.00%    passed     85.12%
  13  3_0_0     0.00%    passed     95.84%
  14  2_0_0     0.00%    passed     99.00%
  15  5_0_0     0.00%    passed     99.03%
  16  9_0_0     0.00%    passed     94.01%
  17  6_0_0     0.00%    passed     93.26%
  18  1_0_0     0.00%    passed     96.45%
  19  4_0_0     0.00%    passed     99.96%
  20  7_0_0     0.00%    passed     87.46%
  21  8_0_0     0.00%    passed     98.28%
****  TOTAL     0.00%  0 sequences failed composition chi2 test (p-value<5%; df=3)

Create initial parsimony tree by phylogenetic likelihood library (PLL)... 0.001 seconds

NOTE: 0 MB RAM (0 GB) is required!
Estimate model parameters (epsilon = 0.100)
1. Initial log-likelihood: -1291.652
2. Current log-likelihood: -1223.995
3. Current log-likelihood: -1220.293
Optimal log-likelihood: -1220.247
Rate parameters:  A-C: 1.00000  A-G: 1.65624  A-T: 1.00000  C-G: 1.00000  C-T: 1.65624  G-T: 1.00000
Base frequencies:  A: 0.271  C: 0.253  G: 0.188  T: 0.288
Gamma shape alpha: 0.173
Parameters optimization took 3 rounds (0.015 sec)
Wrote distance file to... 
Computing ML distances based on estimated model parameters...
Calculating distance matrix: done in 0.00528309 secs using 98.73% CPU
Computing ML distances took 0.005330 sec (of wall-clock time) 0.005263 sec (of CPU time)
Setting up auxiliary I and S matrices: done in 6.2786e-05 secs using 98.75% CPU
Computing RapidNJ tree took 0.000249 sec (of wall-clock time) 0.000248 sec (of CPU time)
Log-likelihood of RapidNJ tree: -1224.943
--------------------------------------------------------------------
|             INITIALIZING CANDIDATE TREE SET                      |
--------------------------------------------------------------------
Generating 98 parsimony trees... 0.117 second
Computing log-likelihood of 98 initial trees ... 0.145 seconds
Current best score: -1216.951

Do NNI search on 20 best initial trees
Estimate model parameters (epsilon = 0.100)
BETTER TREE FOUND at iteration 1: -1213.412
Iteration 10 / LogL: -1215.643 / Time: 0h:0m:0s
Iteration 20 / LogL: -1215.662 / Time: 0h:0m:0s
Finish initializing candidate tree set (12)
Current best tree score: -1213.412 / CPU time: 0.877
Number of iterations: 20
--------------------------------------------------------------------
|               OPTIMIZING CANDIDATE TREE SET                      |
--------------------------------------------------------------------
BETTER TREE FOUND at iteration 25: -1213.411
UPDATE BEST LOG-LIKELIHOOD: -1213.411
Iteration 30 / LogL: -1214.667 / Time: 0h:0m:1s (0h:0m:3s left)
UPDATE BEST LOG-LIKELIHOOD: -1213.411
Iteration 40 / LogL: -1213.411 / Time: 0h:0m:1s (0h:0m:3s left)
UPDATE BEST LOG-LIKELIHOOD: -1213.411
UPDATE BEST LOG-LIKELIHOOD: -1213.411
Iteration 50 / LogL: -1214.667 / Time: 0h:0m:1s (0h:0m:2s left)
Iteration 60 / LogL: -1213.412 / Time: 0h:0m:2s (0h:0m:2s left)
UPDATE BEST LOG-LIKELIHOOD: -1213.411
Iteration 70 / LogL: -1214.627 / Time: 0h:0m:2s (0h:0m:1s left)
UPDATE BEST LOG-LIKELIHOOD: -1213.411
Iteration 80 / LogL: -1213.411 / Time: 0h:0m:2s (0h:0m:1s left)
Iteration 90 / LogL: -1213.411 / Time: 0h:0m:2s (0h:0m:1s left)
Iteration 100 / LogL: -1214.281 / Time: 0h:0m:3s (0h:0m:0s left)
Iteration 110 / LogL: -1214.258 / Time: 0h:0m:3s (0h:0m:0s left)
Iteration 120 / LogL: -1213.411 / Time: 0h:0m:3s (0h:0m:0s left)
TREE SEARCH COMPLETED AFTER 126 ITERATIONS / Time: 0h:0m:3s

--------------------------------------------------------------------
|                    FINALIZING TREE SEARCH                        |
--------------------------------------------------------------------
Performs final model parameters optimization
Estimate model parameters (epsilon = 0.010)
1. Initial log-likelihood: -1213.411
Optimal log-likelihood: -1213.411
Rate parameters:  A-C: 1.00000  A-G: 1.70338  A-T: 1.00000  C-G: 1.00000  C-T: 1.70338  G-T: 1.00000
Base frequencies:  A: 0.271  C: 0.253  G: 0.188  T: 0.288
Gamma shape alpha: 0.168
Parameters optimization took 1 rounds (0.003 sec)
BEST SCORE FOUND : -1213.411

Testing tree branches by aBayes parametric test...
0.004 sec.
Total tree length: 1.798

Total number of iterations: 126
CPU time used for tree search: 3.566 sec (0h:0m:3s)
Wall-clock time used for tree search: 3.711 sec (0h:0m:3s)
Total CPU time used: 3.614 sec (0h:0m:3s)
Total wall-clock time used: 3.760 sec (0h:0m:3s)

Analysis results written to: 
  IQ-TREE report:                /home/mis/CSE6406-project/work/paper_subset_50x10_L200/ils_high/replicate_06/estimated_gene_trees/L200/hky_g4/locus_0048.iqtree
  Maximum-likelihood tree:       /home/mis/CSE6406-project/work/paper_subset_50x10_L200/ils_high/replicate_06/estimated_gene_trees/L200/hky_g4/locus_0048.treefile
  Likelihood distances:          /home/mis/CSE6406-project/work/paper_subset_50x10_L200/ils_high/replicate_06/estimated_gene_trees/L200/hky_g4/locus_0048.mldist
  Screen log file:               /home/mis/CSE6406-project/work/paper_subset_50x10_L200/ils_high/replicate_06/estimated_gene_trees/L200/hky_g4/locus_0048.log

Date and Time: Sat Sep 12 21:44:15 2026
