IQ-TREE multicore version 2.4.0 for Linux x86 64-bit built Feb 12 2025
Developed by Bui Quang Minh, Nguyen Lam Tung, Olga Chernomor, Heiko Schmidt,
Dominik Schrempf, Michael Woodhams, Ly Trong Nhan, Thomas Wong

Host:    ezmata (AVX2, FMA3, 15 GB RAM)
Command: /home/mis/miniconda3/envs/cse6406/bin/iqtree2 -s /home/mis/CSE6406-project/work/paper_subset_50x10_L200/ils_high/replicate_06/alignments/L200/locus_0030.phy -m HKY+G4 --abayes -T 1 --seed 7006031 --prefix /home/mis/CSE6406-project/work/paper_subset_50x10_L200/ils_high/replicate_06/estimated_gene_trees/L200/hky_g4/locus_0030 --redo --quiet
Seed:    7006031 (Using SPRNG - Scalable Parallel Random Number Generator)
Time:    Sat Sep 12 21:44:07 2026
Kernel:  AVX+FMA - 1 threads (16 CPU cores detected)

HINT: Use -nt option to specify number of threads because your CPU has 16 cores!
HINT: -nt AUTO will automatically determine the best number of threads to use.

Reading alignment file /home/mis/CSE6406-project/work/paper_subset_50x10_L200/ils_high/replicate_06/alignments/L200/locus_0030.phy ... Phylip format detected
Alignment most likely contains DNA/RNA sequences
Alignment has 21 sequences with 200 columns, 92 distinct patterns
73 parsimony-informative, 15 singleton sites, 112 constant sites
        Gap/Ambiguity  Composition  p-value
Analyzing sequences: done in 8.683e-06 secs using 23.03% CPU
   1  0_0_0     0.00%    passed     97.26%
   2  11_0_0    0.00%    passed     70.18%
   3  14_0_0    0.00%    passed     91.90%
   4  12_0_0    0.00%    passed     69.11%
   5  19_0_0    0.00%    passed     91.44%
   6  15_0_0    0.00%    passed     64.50%
   7  18_0_0    0.00%    passed     98.71%
   8  16_0_0    0.00%    passed     89.51%
   9  10_0_0    0.00%    passed     90.44%
  10  20_0_0    0.00%    passed     99.45%
  11  17_0_0    0.00%    passed     85.08%
  12  13_0_0    0.00%    passed     98.45%
  13  2_0_0     0.00%    passed     67.88%
  14  3_0_0     0.00%    passed     67.39%
  15  9_0_0     0.00%    passed     92.85%
  16  5_0_0     0.00%    passed     57.94%
  17  1_0_0     0.00%    passed     97.13%
  18  8_0_0     0.00%    passed     86.12%
  19  6_0_0     0.00%    passed     90.21%
  20  4_0_0     0.00%    passed     95.24%
  21  7_0_0     0.00%    passed     85.51%
****  TOTAL     0.00%  0 sequences failed composition chi2 test (p-value<5%; df=3)

Create initial parsimony tree by phylogenetic likelihood library (PLL)... 0.001 seconds

NOTE: 0 MB RAM (0 GB) is required!
Estimate model parameters (epsilon = 0.100)
1. Initial log-likelihood: -1923.290
2. Current log-likelihood: -1850.694
3. Current log-likelihood: -1843.780
4. Current log-likelihood: -1843.213
Optimal log-likelihood: -1843.184
Rate parameters:  A-C: 1.00000  A-G: 1.94904  A-T: 1.00000  C-G: 1.00000  C-T: 1.94904  G-T: 1.00000
Base frequencies:  A: 0.279  C: 0.211  G: 0.236  T: 0.274
Gamma shape alpha: 0.175
Parameters optimization took 4 rounds (0.014 sec)
Wrote distance file to... 
Computing ML distances based on estimated model parameters...
Calculating distance matrix: done in 0.00258292 secs using 98.76% CPU
Computing ML distances took 0.002625 sec (of wall-clock time) 0.002590 sec (of CPU time)
Setting up auxiliary I and S matrices: done in 6.196e-05 secs using 100.1% CPU
Computing RapidNJ tree took 0.000238 sec (of wall-clock time) 0.000223 sec (of CPU time)
Log-likelihood of RapidNJ tree: -1844.431
--------------------------------------------------------------------
|             INITIALIZING CANDIDATE TREE SET                      |
--------------------------------------------------------------------
Generating 98 parsimony trees... 0.094 second
Computing log-likelihood of 98 initial trees ... 0.102 seconds
Current best score: -1840.686

Do NNI search on 20 best initial trees
Estimate model parameters (epsilon = 0.100)
BETTER TREE FOUND at iteration 1: -1839.754
UPDATE BEST LOG-LIKELIHOOD: -1839.753
Estimate model parameters (epsilon = 0.100)
BETTER TREE FOUND at iteration 3: -1839.231
Estimate model parameters (epsilon = 0.100)
BETTER TREE FOUND at iteration 5: -1838.268
Estimate model parameters (epsilon = 0.100)
BETTER TREE FOUND at iteration 7: -1837.533
Iteration 10 / LogL: -1837.534 / Time: 0h:0m:0s
Estimate model parameters (epsilon = 0.100)
BETTER TREE FOUND at iteration 18: -1836.946
Iteration 20 / LogL: -1841.428 / Time: 0h:0m:0s
Finish initializing candidate tree set (14)
Current best tree score: -1836.946 / CPU time: 0.508
Number of iterations: 20
--------------------------------------------------------------------
|               OPTIMIZING CANDIDATE TREE SET                      |
--------------------------------------------------------------------
UPDATE BEST LOG-LIKELIHOOD: -1836.945
UPDATE BEST LOG-LIKELIHOOD: -1836.945
Iteration 30 / LogL: -1837.589 / Time: 0h:0m:0s (0h:0m:2s left)
Iteration 40 / LogL: -1836.946 / Time: 0h:0m:0s (0h:0m:1s left)
Iteration 50 / LogL: -1836.954 / Time: 0h:0m:1s (0h:0m:1s left)
Iteration 60 / LogL: -1836.945 / Time: 0h:0m:1s (0h:0m:1s left)
Iteration 70 / LogL: -1836.945 / Time: 0h:0m:1s (0h:0m:0s left)
Iteration 80 / LogL: -1836.945 / Time: 0h:0m:1s (0h:0m:0s left)
Iteration 90 / LogL: -1837.130 / Time: 0h:0m:1s (0h:0m:0s left)
Iteration 100 / LogL: -1837.125 / Time: 0h:0m:1s (0h:0m:0s left)
Iteration 110 / LogL: -1836.956 / Time: 0h:0m:2s (0h:0m:0s left)
TREE SEARCH COMPLETED AFTER 119 ITERATIONS / Time: 0h:0m:2s

--------------------------------------------------------------------
|                    FINALIZING TREE SEARCH                        |
--------------------------------------------------------------------
Performs final model parameters optimization
Estimate model parameters (epsilon = 0.010)
1. Initial log-likelihood: -1836.945
Optimal log-likelihood: -1836.944
Rate parameters:  A-C: 1.00000  A-G: 2.08797  A-T: 1.00000  C-G: 1.00000  C-T: 2.08797  G-T: 1.00000
Base frequencies:  A: 0.279  C: 0.211  G: 0.236  T: 0.274
Gamma shape alpha: 0.165
Parameters optimization took 1 rounds (0.002 sec)
BEST SCORE FOUND : -1836.944

Testing tree branches by aBayes parametric test...
0.002 sec.
Total tree length: 2.289

Total number of iterations: 119
CPU time used for tree search: 1.974 sec (0h:0m:1s)
Wall-clock time used for tree search: 2.103 sec (0h:0m:2s)
Total CPU time used: 2.006 sec (0h:0m:2s)
Total wall-clock time used: 2.139 sec (0h:0m:2s)

Analysis results written to: 
  IQ-TREE report:                /home/mis/CSE6406-project/work/paper_subset_50x10_L200/ils_high/replicate_06/estimated_gene_trees/L200/hky_g4/locus_0030.iqtree
  Maximum-likelihood tree:       /home/mis/CSE6406-project/work/paper_subset_50x10_L200/ils_high/replicate_06/estimated_gene_trees/L200/hky_g4/locus_0030.treefile
  Likelihood distances:          /home/mis/CSE6406-project/work/paper_subset_50x10_L200/ils_high/replicate_06/estimated_gene_trees/L200/hky_g4/locus_0030.mldist
  Screen log file:               /home/mis/CSE6406-project/work/paper_subset_50x10_L200/ils_high/replicate_06/estimated_gene_trees/L200/hky_g4/locus_0030.log

Date and Time: Sat Sep 12 21:44:09 2026
