IQ-TREE multicore version 2.4.0 for Linux x86 64-bit built Feb 12 2025
Developed by Bui Quang Minh, Nguyen Lam Tung, Olga Chernomor, Heiko Schmidt,
Dominik Schrempf, Michael Woodhams, Ly Trong Nhan, Thomas Wong

Host:    ezmata (AVX2, FMA3, 15 GB RAM)
Command: /home/mis/miniconda3/envs/cse6406/bin/iqtree2 -s /home/mis/CSE6406-project/work/paper_subset_50x10_L200/ils_high/replicate_06/alignments/L200/locus_0009.phy -m HKY+G4 --abayes -T 1 --seed 7006010 --prefix /home/mis/CSE6406-project/work/paper_subset_50x10_L200/ils_high/replicate_06/estimated_gene_trees/L200/hky_g4/locus_0009 --redo --quiet
Seed:    7006010 (Using SPRNG - Scalable Parallel Random Number Generator)
Time:    Sat Sep 12 21:44:00 2026
Kernel:  AVX+FMA - 1 threads (16 CPU cores detected)

HINT: Use -nt option to specify number of threads because your CPU has 16 cores!
HINT: -nt AUTO will automatically determine the best number of threads to use.

Reading alignment file /home/mis/CSE6406-project/work/paper_subset_50x10_L200/ils_high/replicate_06/alignments/L200/locus_0009.phy ... Phylip format detected
Alignment most likely contains DNA/RNA sequences
Alignment has 21 sequences with 200 columns, 97 distinct patterns
68 parsimony-informative, 27 singleton sites, 105 constant sites
        Gap/Ambiguity  Composition  p-value
Analyzing sequences: done in 1.5411e-05 secs using 32.44% CPU
   1  2_0_0     0.00%    passed     82.68%
   2  3_0_0     0.00%    passed     99.79%
   3  11_0_0    0.00%    passed     97.64%
   4  14_0_0    0.00%    passed     82.02%
   5  12_0_0    0.00%    passed     88.15%
   6  18_0_0    0.00%    passed     91.88%
   7  20_0_0    0.00%    passed     90.98%
   8  16_0_0    0.00%    passed     70.23%
   9  17_0_0    0.00%    passed     96.58%
  10  19_0_0    0.00%    passed     98.49%
  11  13_0_0    0.00%    passed     88.33%
  12  15_0_0    0.00%    passed     99.62%
  13  9_0_0     0.00%    passed     68.46%
  14  1_0_0     0.00%    passed     91.00%
  15  7_0_0     0.00%    passed     91.28%
  16  5_0_0     0.00%    passed     71.98%
  17  10_0_0    0.00%    passed     97.37%
  18  4_0_0     0.00%    passed     90.51%
  19  8_0_0     0.00%    passed     56.11%
  20  6_0_0     0.00%    passed     70.91%
  21  0_0_0     0.00%    passed     83.25%
****  TOTAL     0.00%  0 sequences failed composition chi2 test (p-value<5%; df=3)

Create initial parsimony tree by phylogenetic likelihood library (PLL)... 0.001 seconds

NOTE: 0 MB RAM (0 GB) is required!
Estimate model parameters (epsilon = 0.100)
1. Initial log-likelihood: -1861.938
2. Current log-likelihood: -1787.315
3. Current log-likelihood: -1783.415
Optimal log-likelihood: -1783.330
Rate parameters:  A-C: 1.00000  A-G: 1.85202  A-T: 1.00000  C-G: 1.00000  C-T: 1.85202  G-T: 1.00000
Base frequencies:  A: 0.299  C: 0.213  G: 0.227  T: 0.261
Gamma shape alpha: 0.220
Parameters optimization took 3 rounds (0.020 sec)
Wrote distance file to... 
Computing ML distances based on estimated model parameters...
Calculating distance matrix: done in 0.00400562 secs using 98.24% CPU
Computing ML distances took 0.004057 sec (of wall-clock time) 0.003985 sec (of CPU time)
Setting up auxiliary I and S matrices: done in 8.9371e-05 secs
Computing RapidNJ tree took 0.000290 sec (of wall-clock time) 0.000003 sec (of CPU time)
Log-likelihood of RapidNJ tree: -1782.249
--------------------------------------------------------------------
|             INITIALIZING CANDIDATE TREE SET                      |
--------------------------------------------------------------------
Generating 98 parsimony trees... 0.120 second
Computing log-likelihood of 98 initial trees ... 0.113 seconds
Current best score: -1778.042

Do NNI search on 20 best initial trees
Estimate model parameters (epsilon = 0.100)
BETTER TREE FOUND at iteration 1: -1777.173
BETTER TREE FOUND at iteration 2: -1777.173
Estimate model parameters (epsilon = 0.100)
BETTER TREE FOUND at iteration 3: -1775.982
Iteration 10 / LogL: -1777.079 / Time: 0h:0m:0s
Estimate model parameters (epsilon = 0.100)
BETTER TREE FOUND at iteration 13: -1775.448
Iteration 20 / LogL: -1777.187 / Time: 0h:0m:0s
Finish initializing candidate tree set (11)
Current best tree score: -1775.448 / CPU time: 0.701
Number of iterations: 20
--------------------------------------------------------------------
|               OPTIMIZING CANDIDATE TREE SET                      |
--------------------------------------------------------------------
Estimate model parameters (epsilon = 0.100)
BETTER TREE FOUND at iteration 24: -1774.523
UPDATE BEST LOG-LIKELIHOOD: -1774.517
Iteration 30 / LogL: -1774.529 / Time: 0h:0m:1s (0h:0m:3s left)
UPDATE BEST LOG-LIKELIHOOD: -1774.514
Iteration 40 / LogL: -1775.534 / Time: 0h:0m:1s (0h:0m:2s left)
Iteration 50 / LogL: -1774.975 / Time: 0h:0m:1s (0h:0m:2s left)
UPDATE BEST LOG-LIKELIHOOD: -1774.514
Iteration 60 / LogL: -1774.831 / Time: 0h:0m:1s (0h:0m:1s left)
Iteration 70 / LogL: -1774.514 / Time: 0h:0m:2s (0h:0m:1s left)
UPDATE BEST LOG-LIKELIHOOD: -1774.514
Iteration 80 / LogL: -1774.518 / Time: 0h:0m:2s (0h:0m:1s left)
Iteration 90 / LogL: -1774.814 / Time: 0h:0m:2s (0h:0m:0s left)
Iteration 100 / LogL: -1774.514 / Time: 0h:0m:2s (0h:0m:0s left)
Iteration 110 / LogL: -1775.003 / Time: 0h:0m:2s (0h:0m:0s left)
Iteration 120 / LogL: -1774.516 / Time: 0h:0m:3s (0h:0m:0s left)
TREE SEARCH COMPLETED AFTER 125 ITERATIONS / Time: 0h:0m:3s

--------------------------------------------------------------------
|                    FINALIZING TREE SEARCH                        |
--------------------------------------------------------------------
Performs final model parameters optimization
Estimate model parameters (epsilon = 0.010)
1. Initial log-likelihood: -1774.514
Optimal log-likelihood: -1774.514
Rate parameters:  A-C: 1.00000  A-G: 1.95639  A-T: 1.00000  C-G: 1.00000  C-T: 1.95639  G-T: 1.00000
Base frequencies:  A: 0.299  C: 0.213  G: 0.227  T: 0.261
Gamma shape alpha: 0.214
Parameters optimization took 1 rounds (0.003 sec)
BEST SCORE FOUND : -1774.514

Testing tree branches by aBayes parametric test...
0.004 sec.
Total tree length: 2.629

Total number of iterations: 125
CPU time used for tree search: 3.116 sec (0h:0m:3s)
Wall-clock time used for tree search: 3.259 sec (0h:0m:3s)
Total CPU time used: 3.164 sec (0h:0m:3s)
Total wall-clock time used: 3.313 sec (0h:0m:3s)

Analysis results written to: 
  IQ-TREE report:                /home/mis/CSE6406-project/work/paper_subset_50x10_L200/ils_high/replicate_06/estimated_gene_trees/L200/hky_g4/locus_0009.iqtree
  Maximum-likelihood tree:       /home/mis/CSE6406-project/work/paper_subset_50x10_L200/ils_high/replicate_06/estimated_gene_trees/L200/hky_g4/locus_0009.treefile
  Likelihood distances:          /home/mis/CSE6406-project/work/paper_subset_50x10_L200/ils_high/replicate_06/estimated_gene_trees/L200/hky_g4/locus_0009.mldist
  Screen log file:               /home/mis/CSE6406-project/work/paper_subset_50x10_L200/ils_high/replicate_06/estimated_gene_trees/L200/hky_g4/locus_0009.log

Date and Time: Sat Sep 12 21:44:03 2026
