IQ-TREE multicore version 2.4.0 for Linux x86 64-bit built Feb 12 2025
Developed by Bui Quang Minh, Nguyen Lam Tung, Olga Chernomor, Heiko Schmidt,
Dominik Schrempf, Michael Woodhams, Ly Trong Nhan, Thomas Wong

Host:    ezmata (AVX2, FMA3, 15 GB RAM)
Command: /home/mis/miniconda3/envs/cse6406/bin/iqtree2 -s /home/mis/CSE6406-project/work/paper_subset_50x10_L200/ils_high/replicate_06/alignments/L200/locus_0043.phy -m HKY+G4 --abayes -T 1 --seed 7006044 --prefix /home/mis/CSE6406-project/work/paper_subset_50x10_L200/ils_high/replicate_06/estimated_gene_trees/L200/hky_g4/locus_0043 --redo --quiet
Seed:    7006044 (Using SPRNG - Scalable Parallel Random Number Generator)
Time:    Sat Sep 12 21:44:09 2026
Kernel:  AVX+FMA - 1 threads (16 CPU cores detected)

HINT: Use -nt option to specify number of threads because your CPU has 16 cores!
HINT: -nt AUTO will automatically determine the best number of threads to use.

Reading alignment file /home/mis/CSE6406-project/work/paper_subset_50x10_L200/ils_high/replicate_06/alignments/L200/locus_0043.phy ... Phylip format detected
Alignment most likely contains DNA/RNA sequences
Alignment has 21 sequences with 200 columns, 95 distinct patterns
72 parsimony-informative, 20 singleton sites, 108 constant sites
        Gap/Ambiguity  Composition  p-value
Analyzing sequences: done in 9.58101e-06 secs using 93.94% CPU
   1  0_0_0     0.00%    passed     89.29%
   2  12_0_0    0.00%    passed     31.71%
   3  14_0_0    0.00%    passed     71.40%
   4  11_0_0    0.00%    passed     75.05%
   5  9_0_0     0.00%    passed     44.74%
   6  17_0_0    0.00%    passed     71.90%
   7  15_0_0    0.00%    passed     81.53%
   8  13_0_0    0.00%    passed     94.43%
   9  6_0_0     0.00%    passed     98.43%
  10  8_0_0     0.00%    passed     92.73%
  11  5_0_0     0.00%    passed     85.44%
  12  1_0_0     0.00%    passed     94.15%
  13  7_0_0     0.00%    passed     95.52%
  14  4_0_0     0.00%    passed     92.53%
  15  2_0_0     0.00%    passed     94.90%
  16  3_0_0     0.00%    passed     98.02%
  17  16_0_0    0.00%    passed     67.02%
  18  10_0_0    0.00%    passed     70.71%
  19  20_0_0    0.00%    passed     87.49%
  20  19_0_0    0.00%    passed     95.30%
  21  18_0_0    0.00%    passed     88.88%
****  TOTAL     0.00%  0 sequences failed composition chi2 test (p-value<5%; df=3)

Create initial parsimony tree by phylogenetic likelihood library (PLL)... 0.001 seconds

NOTE: 0 MB RAM (0 GB) is required!
Estimate model parameters (epsilon = 0.100)
1. Initial log-likelihood: -1843.036
2. Current log-likelihood: -1776.730
3. Current log-likelihood: -1774.265
Optimal log-likelihood: -1774.243
Rate parameters:  A-C: 1.00000  A-G: 1.73608  A-T: 1.00000  C-G: 1.00000  C-T: 1.73608  G-T: 1.00000
Base frequencies:  A: 0.248  C: 0.229  G: 0.237  T: 0.286
Gamma shape alpha: 0.225
Parameters optimization took 3 rounds (0.009 sec)
Wrote distance file to... 
Computing ML distances based on estimated model parameters...
Calculating distance matrix: done in 0.00211401 secs using 99.95% CPU
Computing ML distances took 0.002141 sec (of wall-clock time) 0.002143 sec (of CPU time)
Setting up auxiliary I and S matrices: done in 5.8198e-05 secs using 97.94% CPU
Computing RapidNJ tree took 0.000238 sec (of wall-clock time) 0.000368 sec (of CPU time)
Log-likelihood of RapidNJ tree: -1777.496
--------------------------------------------------------------------
|             INITIALIZING CANDIDATE TREE SET                      |
--------------------------------------------------------------------
Generating 98 parsimony trees... 0.083 second
Computing log-likelihood of 98 initial trees ... 0.090 seconds
Current best score: -1771.640

Do NNI search on 20 best initial trees
Estimate model parameters (epsilon = 0.100)
BETTER TREE FOUND at iteration 1: -1770.007
Estimate model parameters (epsilon = 0.100)
BETTER TREE FOUND at iteration 4: -1769.980
Iteration 10 / LogL: -1770.446 / Time: 0h:0m:0s
Iteration 20 / LogL: -1772.678 / Time: 0h:0m:0s
Finish initializing candidate tree set (6)
Current best tree score: -1769.980 / CPU time: 0.371
Number of iterations: 20
--------------------------------------------------------------------
|               OPTIMIZING CANDIDATE TREE SET                      |
--------------------------------------------------------------------
Iteration 30 / LogL: -1770.008 / Time: 0h:0m:0s (0h:0m:1s left)
Iteration 40 / LogL: -1770.008 / Time: 0h:0m:0s (0h:0m:1s left)
Iteration 50 / LogL: -1770.149 / Time: 0h:0m:0s (0h:0m:0s left)
Iteration 60 / LogL: -1770.444 / Time: 0h:0m:1s (0h:0m:0s left)
Iteration 70 / LogL: -1769.981 / Time: 0h:0m:1s (0h:0m:0s left)
Iteration 80 / LogL: -1770.565 / Time: 0h:0m:1s (0h:0m:0s left)
Iteration 90 / LogL: -1770.138 / Time: 0h:0m:1s (0h:0m:0s left)
Iteration 100 / LogL: -1770.139 / Time: 0h:0m:1s (0h:0m:0s left)
TREE SEARCH COMPLETED AFTER 105 ITERATIONS / Time: 0h:0m:1s

--------------------------------------------------------------------
|                    FINALIZING TREE SEARCH                        |
--------------------------------------------------------------------
Performs final model parameters optimization
Estimate model parameters (epsilon = 0.010)
1. Initial log-likelihood: -1769.980
Optimal log-likelihood: -1769.980
Rate parameters:  A-C: 1.00000  A-G: 1.80808  A-T: 1.00000  C-G: 1.00000  C-T: 1.80808  G-T: 1.00000
Base frequencies:  A: 0.248  C: 0.229  G: 0.237  T: 0.286
Gamma shape alpha: 0.214
Parameters optimization took 1 rounds (0.002 sec)
BEST SCORE FOUND : -1769.980

Testing tree branches by aBayes parametric test...
0.003 sec.
Total tree length: 2.341

Total number of iterations: 105
CPU time used for tree search: 1.759 sec (0h:0m:1s)
Wall-clock time used for tree search: 1.881 sec (0h:0m:1s)
Total CPU time used: 1.788 sec (0h:0m:1s)
Total wall-clock time used: 1.910 sec (0h:0m:1s)

Analysis results written to: 
  IQ-TREE report:                /home/mis/CSE6406-project/work/paper_subset_50x10_L200/ils_high/replicate_06/estimated_gene_trees/L200/hky_g4/locus_0043.iqtree
  Maximum-likelihood tree:       /home/mis/CSE6406-project/work/paper_subset_50x10_L200/ils_high/replicate_06/estimated_gene_trees/L200/hky_g4/locus_0043.treefile
  Likelihood distances:          /home/mis/CSE6406-project/work/paper_subset_50x10_L200/ils_high/replicate_06/estimated_gene_trees/L200/hky_g4/locus_0043.mldist
  Screen log file:               /home/mis/CSE6406-project/work/paper_subset_50x10_L200/ils_high/replicate_06/estimated_gene_trees/L200/hky_g4/locus_0043.log

Date and Time: Sat Sep 12 21:44:11 2026
