IQ-TREE multicore version 2.4.0 for Linux x86 64-bit built Feb 12 2025
Developed by Bui Quang Minh, Nguyen Lam Tung, Olga Chernomor, Heiko Schmidt,
Dominik Schrempf, Michael Woodhams, Ly Trong Nhan, Thomas Wong

Host:    ezmata (AVX2, FMA3, 15 GB RAM)
Command: /home/mis/miniconda3/envs/cse6406/bin/iqtree2 -s /home/mis/CSE6406-project/work/paper_subset_50x10_L200/ils_high/replicate_06/alignments/L200/locus_0005.phy -m HKY+G4 --abayes -T 1 --seed 7006006 --prefix /home/mis/CSE6406-project/work/paper_subset_50x10_L200/ils_high/replicate_06/estimated_gene_trees/L200/hky_g4/locus_0005 --redo --quiet
Seed:    7006006 (Using SPRNG - Scalable Parallel Random Number Generator)
Time:    Sat Sep 12 21:43:59 2026
Kernel:  AVX+FMA - 1 threads (16 CPU cores detected)

HINT: Use -nt option to specify number of threads because your CPU has 16 cores!
HINT: -nt AUTO will automatically determine the best number of threads to use.

Reading alignment file /home/mis/CSE6406-project/work/paper_subset_50x10_L200/ils_high/replicate_06/alignments/L200/locus_0005.phy ... Phylip format detected
Alignment most likely contains DNA/RNA sequences
Alignment has 21 sequences with 200 columns, 79 distinct patterns
62 parsimony-informative, 16 singleton sites, 122 constant sites
        Gap/Ambiguity  Composition  p-value
Analyzing sequences: done in 1.4667e-05 secs using 54.54% CPU
   1  11_0_0    0.00%    passed     99.00%
   2  14_0_0    0.00%    passed     93.63%
   3  12_0_0    0.00%    passed     91.42%
   4  9_0_0     0.00%    passed     65.35%
   5  15_0_0    0.00%    passed     99.60%
   6  13_0_0    0.00%    passed     93.77%
   7  17_0_0    0.00%    passed     92.62%
   8  10_0_0    0.00%    passed     95.19%
   9  16_0_0    0.00%    passed     89.81%
  10  18_0_0    0.00%    passed     47.25%
  11  19_0_0    0.00%    passed     98.65%
  12  5_0_0     0.00%    passed     82.50%
  13  8_0_0     0.00%    passed     99.48%
  14  6_0_0     0.00%    passed     99.08%
  15  2_0_0     0.00%    passed     83.36%
  16  3_0_0     0.00%    passed     83.57%
  17  20_0_0    0.00%    passed     79.29%
  18  7_0_0     0.00%    passed     92.08%
  19  1_0_0     0.00%    passed     93.91%
  20  4_0_0     0.00%    passed     93.92%
  21  0_0_0     0.00%    passed     93.92%
****  TOTAL     0.00%  0 sequences failed composition chi2 test (p-value<5%; df=3)

Create initial parsimony tree by phylogenetic likelihood library (PLL)... 0.001 seconds

NOTE: 0 MB RAM (0 GB) is required!
Estimate model parameters (epsilon = 0.100)
1. Initial log-likelihood: -1653.188
2. Current log-likelihood: -1562.508
3. Current log-likelihood: -1558.119
Optimal log-likelihood: -1558.042
Rate parameters:  A-C: 1.00000  A-G: 2.06995  A-T: 1.00000  C-G: 1.00000  C-T: 2.06995  G-T: 1.00000
Base frequencies:  A: 0.332  C: 0.184  G: 0.177  T: 0.307
Gamma shape alpha: 0.166
Parameters optimization took 3 rounds (0.019 sec)
Wrote distance file to... 
Computing ML distances based on estimated model parameters...
Calculating distance matrix: done in 0.00301413 secs using 99.96% CPU
Computing ML distances took 0.003067 sec (of wall-clock time) 0.003071 sec (of CPU time)
Setting up auxiliary I and S matrices: done in 7.1676e-05 secs using 59.99% CPU
Computing RapidNJ tree took 0.000267 sec (of wall-clock time) 0.000048 sec (of CPU time)
Log-likelihood of RapidNJ tree: -1551.046
--------------------------------------------------------------------
|             INITIALIZING CANDIDATE TREE SET                      |
--------------------------------------------------------------------
Generating 98 parsimony trees... 0.126 second
Computing log-likelihood of 98 initial trees ... 0.172 seconds
Current best score: -1550.829

Do NNI search on 20 best initial trees
Estimate model parameters (epsilon = 0.100)
BETTER TREE FOUND at iteration 1: -1550.103
Estimate model parameters (epsilon = 0.100)
BETTER TREE FOUND at iteration 2: -1550.085
Estimate model parameters (epsilon = 0.100)
BETTER TREE FOUND at iteration 3: -1549.748
Iteration 10 / LogL: -1550.104 / Time: 0h:0m:0s
BETTER TREE FOUND at iteration 11: -1549.748
Iteration 20 / LogL: -1550.452 / Time: 0h:0m:0s
Finish initializing candidate tree set (12)
Current best tree score: -1549.748 / CPU time: 0.873
Number of iterations: 20
--------------------------------------------------------------------
|               OPTIMIZING CANDIDATE TREE SET                      |
--------------------------------------------------------------------
UPDATE BEST LOG-LIKELIHOOD: -1549.748
Iteration 30 / LogL: -1550.093 / Time: 0h:0m:1s (0h:0m:3s left)
UPDATE BEST LOG-LIKELIHOOD: -1549.748
Iteration 40 / LogL: -1550.103 / Time: 0h:0m:1s (0h:0m:3s left)
Iteration 50 / LogL: -1550.016 / Time: 0h:0m:2s (0h:0m:2s left)
Iteration 60 / LogL: -1550.016 / Time: 0h:0m:2s (0h:0m:2s left)
UPDATE BEST LOG-LIKELIHOOD: -1549.748
Iteration 70 / LogL: -1549.748 / Time: 0h:0m:2s (0h:0m:1s left)
Iteration 80 / LogL: -1551.283 / Time: 0h:0m:3s (0h:0m:1s left)
Iteration 90 / LogL: -1549.748 / Time: 0h:0m:3s (0h:0m:0s left)
Iteration 100 / LogL: -1549.748 / Time: 0h:0m:3s (0h:0m:0s left)
Iteration 110 / LogL: -1550.016 / Time: 0h:0m:4s (0h:0m:0s left)
TREE SEARCH COMPLETED AFTER 112 ITERATIONS / Time: 0h:0m:4s

--------------------------------------------------------------------
|                    FINALIZING TREE SEARCH                        |
--------------------------------------------------------------------
Performs final model parameters optimization
Estimate model parameters (epsilon = 0.010)
1. Initial log-likelihood: -1549.748
Optimal log-likelihood: -1549.747
Rate parameters:  A-C: 1.00000  A-G: 2.01201  A-T: 1.00000  C-G: 1.00000  C-T: 2.01201  G-T: 1.00000
Base frequencies:  A: 0.332  C: 0.184  G: 0.177  T: 0.307
Gamma shape alpha: 0.164
Parameters optimization took 1 rounds (0.003 sec)
BEST SCORE FOUND : -1549.747

Testing tree branches by aBayes parametric test...
0.005 sec.
Total tree length: 2.202

Total number of iterations: 112
CPU time used for tree search: 3.961 sec (0h:0m:3s)
Wall-clock time used for tree search: 4.164 sec (0h:0m:4s)
Total CPU time used: 4.021 sec (0h:0m:4s)
Total wall-clock time used: 4.226 sec (0h:0m:4s)

Analysis results written to: 
  IQ-TREE report:                /home/mis/CSE6406-project/work/paper_subset_50x10_L200/ils_high/replicate_06/estimated_gene_trees/L200/hky_g4/locus_0005.iqtree
  Maximum-likelihood tree:       /home/mis/CSE6406-project/work/paper_subset_50x10_L200/ils_high/replicate_06/estimated_gene_trees/L200/hky_g4/locus_0005.treefile
  Likelihood distances:          /home/mis/CSE6406-project/work/paper_subset_50x10_L200/ils_high/replicate_06/estimated_gene_trees/L200/hky_g4/locus_0005.mldist
  Screen log file:               /home/mis/CSE6406-project/work/paper_subset_50x10_L200/ils_high/replicate_06/estimated_gene_trees/L200/hky_g4/locus_0005.log

Date and Time: Sat Sep 12 21:44:04 2026
