IQ-TREE multicore version 2.4.0 for Linux x86 64-bit built Feb 12 2025
Developed by Bui Quang Minh, Nguyen Lam Tung, Olga Chernomor, Heiko Schmidt,
Dominik Schrempf, Michael Woodhams, Ly Trong Nhan, Thomas Wong

Host:    ezmata (AVX2, FMA3, 15 GB RAM)
Command: /home/mis/miniconda3/envs/cse6406/bin/iqtree2 -s /home/mis/CSE6406-project/work/paper_subset_50x10_L200/ils_high/replicate_09/alignments/L200/locus_0039.phy -m GTR+G4 --abayes -T 1 --seed 7306040 --prefix /home/mis/CSE6406-project/work/paper_subset_50x10_L200/ils_high/replicate_09/estimated_gene_trees/L200/gtr_g4/locus_0039 --redo --quiet
Seed:    7306040 (Using SPRNG - Scalable Parallel Random Number Generator)
Time:    Sat Sep 12 21:46:35 2026
Kernel:  AVX+FMA - 1 threads (16 CPU cores detected)

HINT: Use -nt option to specify number of threads because your CPU has 16 cores!
HINT: -nt AUTO will automatically determine the best number of threads to use.

Reading alignment file /home/mis/CSE6406-project/work/paper_subset_50x10_L200/ils_high/replicate_09/alignments/L200/locus_0039.phy ... Phylip format detected
Alignment most likely contains DNA/RNA sequences
Alignment has 21 sequences with 200 columns, 126 distinct patterns
96 parsimony-informative, 27 singleton sites, 77 constant sites
        Gap/Ambiguity  Composition  p-value
Analyzing sequences: done in 1.7342e-05 secs using 34.6% CPU
   1  9_0_0     0.00%    passed     80.69%
   2  3_0_0     0.00%    passed     95.13%
   3  6_0_0     0.00%    passed     55.41%
   4  12_0_0    0.00%    passed     75.96%
   5  20_0_0    0.00%    passed     21.67%
   6  1_0_0     0.00%    passed     75.99%
   7  16_0_0    0.00%    passed     72.97%
   8  7_0_0     0.00%    passed     92.55%
   9  14_0_0    0.00%    passed     85.80%
  10  4_0_0     0.00%    passed     58.18%
  11  11_0_0    0.00%    passed     75.44%
  12  19_0_0    0.00%    passed     67.98%
  13  13_0_0    0.00%    passed     65.77%
  14  15_0_0    0.00%    passed     93.43%
  15  5_0_0     0.00%    passed     94.63%
  16  17_0_0    0.00%    passed     79.81%
  17  18_0_0    0.00%    passed     93.68%
  18  10_0_0    0.00%    passed     86.47%
  19  2_0_0     0.00%    passed     79.28%
  20  8_0_0     0.00%    passed     86.25%
  21  0_0_0     0.00%    passed     98.69%
****  TOTAL     0.00%  0 sequences failed composition chi2 test (p-value<5%; df=3)

Create initial parsimony tree by phylogenetic likelihood library (PLL)... 0.001 seconds

NOTE: 0 MB RAM (0 GB) is required!
Estimate model parameters (epsilon = 0.100)
1. Initial log-likelihood: -2827.059
2. Current log-likelihood: -2716.363
3. Current log-likelihood: -2704.979
4. Current log-likelihood: -2703.503
5. Current log-likelihood: -2703.226
Optimal log-likelihood: -2703.124
Rate parameters:  A-C: 1.27647  A-G: 3.21003  A-T: 1.76721  C-G: 1.84446  C-T: 3.30279  G-T: 1.00000
Base frequencies:  A: 0.317  C: 0.215  G: 0.196  T: 0.272
Gamma shape alpha: 0.276
Parameters optimization took 5 rounds (0.036 sec)
Wrote distance file to... 
Computing ML distances based on estimated model parameters...
Calculating distance matrix: done in 0.00186551 secs using 97.99% CPU
Computing ML distances took 0.001899 sec (of wall-clock time) 0.001861 sec (of CPU time)
Setting up auxiliary I and S matrices: done in 5.7403e-05 secs using 99.3% CPU
Computing RapidNJ tree took 0.000222 sec (of wall-clock time) 0.000218 sec (of CPU time)
Log-likelihood of RapidNJ tree: -2693.149
--------------------------------------------------------------------
|             INITIALIZING CANDIDATE TREE SET                      |
--------------------------------------------------------------------
Generating 98 parsimony trees... 0.083 second
Computing log-likelihood of 98 initial trees ... 0.171 seconds
Current best score: -2693.149

Do NNI search on 20 best initial trees
Estimate model parameters (epsilon = 0.100)
BETTER TREE FOUND at iteration 1: -2680.950
UPDATE BEST LOG-LIKELIHOOD: -2680.948
UPDATE BEST LOG-LIKELIHOOD: -2680.943
UPDATE BEST LOG-LIKELIHOOD: -2680.943
Iteration 10 / LogL: -2680.943 / Time: 0h:0m:0s
Iteration 20 / LogL: -2680.950 / Time: 0h:0m:1s
Finish initializing candidate tree set (10)
Current best tree score: -2680.943 / CPU time: 1.090
Number of iterations: 20
--------------------------------------------------------------------
|               OPTIMIZING CANDIDATE TREE SET                      |
--------------------------------------------------------------------
Iteration 30 / LogL: -2680.943 / Time: 0h:0m:1s (0h:0m:3s left)
UPDATE BEST LOG-LIKELIHOOD: -2680.943
UPDATE BEST LOG-LIKELIHOOD: -2680.943
Iteration 40 / LogL: -2680.943 / Time: 0h:0m:1s (0h:0m:2s left)
Iteration 50 / LogL: -2680.944 / Time: 0h:0m:2s (0h:0m:2s left)
Iteration 60 / LogL: -2681.793 / Time: 0h:0m:2s (0h:0m:1s left)
Iteration 70 / LogL: -2680.955 / Time: 0h:0m:2s (0h:0m:1s left)
Iteration 80 / LogL: -2681.200 / Time: 0h:0m:3s (0h:0m:0s left)
UPDATE BEST LOG-LIKELIHOOD: -2680.943
Iteration 90 / LogL: -2680.943 / Time: 0h:0m:3s (0h:0m:0s left)
Iteration 100 / LogL: -2680.948 / Time: 0h:0m:4s (0h:0m:0s left)
TREE SEARCH COMPLETED AFTER 102 ITERATIONS / Time: 0h:0m:4s

--------------------------------------------------------------------
|                    FINALIZING TREE SEARCH                        |
--------------------------------------------------------------------
Performs final model parameters optimization
Estimate model parameters (epsilon = 0.010)
1. Initial log-likelihood: -2680.943
2. Current log-likelihood: -2680.932
Optimal log-likelihood: -2680.924
Rate parameters:  A-C: 1.29249  A-G: 3.69908  A-T: 1.94018  C-G: 2.09676  C-T: 3.89500  G-T: 1.00000
Base frequencies:  A: 0.317  C: 0.215  G: 0.196  T: 0.272
Gamma shape alpha: 0.248
Parameters optimization took 2 rounds (0.011 sec)
BEST SCORE FOUND : -2680.924

Testing tree branches by aBayes parametric test...
0.007 sec.
Total tree length: 12.583

Total number of iterations: 102
CPU time used for tree search: 4.051 sec (0h:0m:4s)
Wall-clock time used for tree search: 4.244 sec (0h:0m:4s)
Total CPU time used: 4.122 sec (0h:0m:4s)
Total wall-clock time used: 4.320 sec (0h:0m:4s)

Analysis results written to: 
  IQ-TREE report:                /home/mis/CSE6406-project/work/paper_subset_50x10_L200/ils_high/replicate_09/estimated_gene_trees/L200/gtr_g4/locus_0039.iqtree
  Maximum-likelihood tree:       /home/mis/CSE6406-project/work/paper_subset_50x10_L200/ils_high/replicate_09/estimated_gene_trees/L200/gtr_g4/locus_0039.treefile
  Likelihood distances:          /home/mis/CSE6406-project/work/paper_subset_50x10_L200/ils_high/replicate_09/estimated_gene_trees/L200/gtr_g4/locus_0039.mldist
  Screen log file:               /home/mis/CSE6406-project/work/paper_subset_50x10_L200/ils_high/replicate_09/estimated_gene_trees/L200/gtr_g4/locus_0039.log

Date and Time: Sat Sep 12 21:46:40 2026
