IQ-TREE multicore version 2.4.0 for Linux x86 64-bit built Feb 12 2025
Developed by Bui Quang Minh, Nguyen Lam Tung, Olga Chernomor, Heiko Schmidt,
Dominik Schrempf, Michael Woodhams, Ly Trong Nhan, Thomas Wong

Host:    ezmata (AVX2, FMA3, 15 GB RAM)
Command: /home/mis/miniconda3/envs/cse6406/bin/iqtree2 -s /home/mis/CSE6406-project/work/paper_subset_50x10_L200/ils_high/replicate_09/alignments/L200/locus_0016.phy -m GTR+G4 --abayes -T 1 --seed 7306017 --prefix /home/mis/CSE6406-project/work/paper_subset_50x10_L200/ils_high/replicate_09/estimated_gene_trees/L200/gtr_g4/locus_0016 --redo --quiet
Seed:    7306017 (Using SPRNG - Scalable Parallel Random Number Generator)
Time:    Sat Sep 12 21:46:24 2026
Kernel:  AVX+FMA - 1 threads (16 CPU cores detected)

HINT: Use -nt option to specify number of threads because your CPU has 16 cores!
HINT: -nt AUTO will automatically determine the best number of threads to use.

Reading alignment file /home/mis/CSE6406-project/work/paper_subset_50x10_L200/ils_high/replicate_09/alignments/L200/locus_0016.phy ... Phylip format detected
Alignment most likely contains DNA/RNA sequences
Alignment has 21 sequences with 200 columns, 119 distinct patterns
95 parsimony-informative, 22 singleton sites, 83 constant sites
        Gap/Ambiguity  Composition  p-value
Analyzing sequences: done in 9.05601e-06 secs
   1  18_0_0    0.00%    passed     92.48%
   2  17_0_0    0.00%    passed     58.21%
   3  15_0_0    0.00%    passed     78.97%
   4  5_0_0     0.00%    passed     85.61%
   5  2_0_0     0.00%    passed     44.85%
   6  3_0_0     0.00%    passed     95.89%
   7  20_0_0    0.00%    passed     85.62%
   8  19_0_0    0.00%    passed     79.76%
   9  6_0_0     0.00%    passed     93.32%
  10  1_0_0     0.00%    passed     76.97%
  11  16_0_0    0.00%    passed     79.48%
  12  8_0_0     0.00%    passed     50.22%
  13  11_0_0    0.00%    passed     64.16%
  14  9_0_0     0.00%    passed     70.35%
  15  12_0_0    0.00%    passed     88.85%
  16  10_0_0    0.00%    passed     98.55%
  17  7_0_0     0.00%    passed     42.69%
  18  14_0_0    0.00%    passed     94.30%
  19  13_0_0    0.00%    passed     82.92%
  20  4_0_0     0.00%    passed     82.54%
  21  0_0_0     0.00%    passed     88.40%
****  TOTAL     0.00%  0 sequences failed composition chi2 test (p-value<5%; df=3)

Create initial parsimony tree by phylogenetic likelihood library (PLL)... 0.001 seconds

NOTE: 0 MB RAM (0 GB) is required!
Estimate model parameters (epsilon = 0.100)
1. Initial log-likelihood: -2904.470
2. Current log-likelihood: -2784.077
3. Current log-likelihood: -2765.851
4. Current log-likelihood: -2758.981
5. Current log-likelihood: -2755.819
6. Current log-likelihood: -2754.437
7. Current log-likelihood: -2753.821
8. Current log-likelihood: -2753.501
9. Current log-likelihood: -2753.363
Optimal log-likelihood: -2753.236
Rate parameters:  A-C: 0.82961  A-G: 1.55236  A-T: 1.00939  C-G: 1.11385  C-T: 2.05818  G-T: 1.00000
Base frequencies:  A: 0.256  C: 0.189  G: 0.208  T: 0.346
Gamma shape alpha: 0.180
Parameters optimization took 9 rounds (0.048 sec)
Wrote distance file to... 
Computing ML distances based on estimated model parameters...
Calculating distance matrix: done in 0.00241517 secs using 99.95% CPU
Computing ML distances took 0.002459 sec (of wall-clock time) 0.002461 sec (of CPU time)
WARNING: Some pairwise ML distances are too long (saturated)
Setting up auxiliary I and S matrices: done in 0.000161175 secs
Computing RapidNJ tree took 0.000321 sec (of wall-clock time) 0.000120 sec (of CPU time)
Log-likelihood of RapidNJ tree: -2726.251
--------------------------------------------------------------------
|             INITIALIZING CANDIDATE TREE SET                      |
--------------------------------------------------------------------
Generating 98 parsimony trees... 0.083 second
Computing log-likelihood of 98 initial trees ... 0.113 seconds
Current best score: -2726.251

Do NNI search on 20 best initial trees
Estimate model parameters (epsilon = 0.100)
BETTER TREE FOUND at iteration 1: -2713.802
Estimate model parameters (epsilon = 0.100)
BETTER TREE FOUND at iteration 7: -2712.398
Iteration 10 / LogL: -2713.373 / Time: 0h:0m:0s
Estimate model parameters (epsilon = 0.100)
BETTER TREE FOUND at iteration 18: -2712.113
Iteration 20 / LogL: -2715.331 / Time: 0h:0m:1s
Finish initializing candidate tree set (20)
Current best tree score: -2712.113 / CPU time: 0.969
Number of iterations: 20
--------------------------------------------------------------------
|               OPTIMIZING CANDIDATE TREE SET                      |
--------------------------------------------------------------------
BETTER TREE FOUND at iteration 21: -2712.112
Iteration 30 / LogL: -2712.112 / Time: 0h:0m:1s (0h:0m:3s left)
Iteration 40 / LogL: -2712.112 / Time: 0h:0m:1s (0h:0m:2s left)
UPDATE BEST LOG-LIKELIHOOD: -2712.112
Iteration 50 / LogL: -2712.369 / Time: 0h:0m:1s (0h:0m:2s left)
Estimate model parameters (epsilon = 0.100)
BETTER TREE FOUND at iteration 59: -2711.204
BETTER TREE FOUND at iteration 60: -2711.201
Iteration 60 / LogL: -2711.201 / Time: 0h:0m:1s (0h:0m:3s left)
UPDATE BEST LOG-LIKELIHOOD: -2711.201
Iteration 70 / LogL: -2712.446 / Time: 0h:0m:2s (0h:0m:2s left)
Iteration 80 / LogL: -2711.431 / Time: 0h:0m:2s (0h:0m:2s left)
UPDATE BEST LOG-LIKELIHOOD: -2711.201
Iteration 90 / LogL: -2711.614 / Time: 0h:0m:2s (0h:0m:2s left)
UPDATE BEST LOG-LIKELIHOOD: -2711.201
Iteration 100 / LogL: -2711.201 / Time: 0h:0m:2s (0h:0m:1s left)
Iteration 110 / LogL: -2711.201 / Time: 0h:0m:3s (0h:0m:1s left)
Iteration 120 / LogL: -2711.201 / Time: 0h:0m:3s (0h:0m:1s left)
Iteration 130 / LogL: -2712.792 / Time: 0h:0m:3s (0h:0m:0s left)
Iteration 140 / LogL: -2711.201 / Time: 0h:0m:3s (0h:0m:0s left)
UPDATE BEST LOG-LIKELIHOOD: -2711.201
Iteration 150 / LogL: -2711.201 / Time: 0h:0m:4s (0h:0m:0s left)
Iteration 160 / LogL: -2711.201 / Time: 0h:0m:4s (0h:0m:0s left)
TREE SEARCH COMPLETED AFTER 161 ITERATIONS / Time: 0h:0m:4s

--------------------------------------------------------------------
|                    FINALIZING TREE SEARCH                        |
--------------------------------------------------------------------
Performs final model parameters optimization
Estimate model parameters (epsilon = 0.010)
1. Initial log-likelihood: -2711.201
Optimal log-likelihood: -2711.199
Rate parameters:  A-C: 1.07711  A-G: 1.44720  A-T: 0.84716  C-G: 0.99312  C-T: 1.88903  G-T: 1.00000
Base frequencies:  A: 0.256  C: 0.189  G: 0.208  T: 0.346
Gamma shape alpha: 0.179
Parameters optimization took 1 rounds (0.003 sec)
BEST SCORE FOUND : -2711.199

Testing tree branches by aBayes parametric test...
0.003 sec.
Total tree length: 24.269

Total number of iterations: 161
CPU time used for tree search: 4.173 sec (0h:0m:4s)
Wall-clock time used for tree search: 4.375 sec (0h:0m:4s)
Total CPU time used: 4.244 sec (0h:0m:4s)
Total wall-clock time used: 4.447 sec (0h:0m:4s)

Analysis results written to: 
  IQ-TREE report:                /home/mis/CSE6406-project/work/paper_subset_50x10_L200/ils_high/replicate_09/estimated_gene_trees/L200/gtr_g4/locus_0016.iqtree
  Maximum-likelihood tree:       /home/mis/CSE6406-project/work/paper_subset_50x10_L200/ils_high/replicate_09/estimated_gene_trees/L200/gtr_g4/locus_0016.treefile
  Likelihood distances:          /home/mis/CSE6406-project/work/paper_subset_50x10_L200/ils_high/replicate_09/estimated_gene_trees/L200/gtr_g4/locus_0016.mldist
  Screen log file:               /home/mis/CSE6406-project/work/paper_subset_50x10_L200/ils_high/replicate_09/estimated_gene_trees/L200/gtr_g4/locus_0016.log

Date and Time: Sat Sep 12 21:46:28 2026
