IQ-TREE multicore version 2.4.0 for MacOS ARM 64-bit built Feb 12 2025
Developed by Bui Quang Minh, Nguyen Lam Tung, Olga Chernomor, Heiko Schmidt,
Dominik Schrempf, Michael Woodhams, Ly Trong Nhan, Thomas Wong

Host:    Fahims-MacBook-Air.local (SSE4.2, 16 GB RAM)
Command: /Users/fahim/miniconda3/envs/cse6406/bin/iqtree2 -s /Users/fahim/CSE6406-project/work/paper_subset_50x10_L1600/ils_high/replicate_05/alignments/L1600/locus_0044.phy -m HKY+G4 --abayes -T AUTO --seed 6906045 --prefix /Users/fahim/CSE6406-project/work/paper_subset_50x10_L1600/ils_high/replicate_05/estimated_gene_trees/L1600/hky_g4/locus_0044 --redo --quiet
Seed:    6906045 (Using SPRNG - Scalable Parallel Random Number Generator)
Time:    Sat Sep 12 10:17:28 2026
Kernel:  SSE2 - auto-detect threads (10 CPU cores detected)

Reading alignment file /Users/fahim/CSE6406-project/work/paper_subset_50x10_L1600/ils_high/replicate_05/alignments/L1600/locus_0044.phy ... Phylip format detected
Alignment most likely contains DNA/RNA sequences
Alignment has 21 sequences with 1600 columns, 540 distinct patterns
435 parsimony-informative, 150 singleton sites, 1015 constant sites
        Gap/Ambiguity  Composition  p-value
Analyzing sequences: done in 3.60012e-05 secs using 102.8% CPU
   1  14_0_0    0.00%    passed     96.09%
   2  18_0_0    0.00%    passed     64.94%
   3  17_0_0    0.00%    passed     88.98%
   4  19_0_0    0.00%    passed     84.95%
   5  10_0_0    0.00%    passed     68.00%
   6  8_0_0     0.00%    passed     74.45%
   7  7_0_0     0.00%    passed     85.92%
   8  5_0_0     0.00%    passed     87.92%
   9  12_0_0    0.00%    passed     88.81%
  10  6_0_0     0.00%    passed     91.25%
  11  9_0_0     0.00%    passed     92.04%
  12  11_0_0    0.00%    passed     83.94%
  13  4_0_0     0.00%    passed     95.81%
  14  1_0_0     0.00%    passed     92.22%
  15  3_0_0     0.00%    passed     97.87%
  16  2_0_0     0.00%    passed     80.10%
  17  15_0_0    0.00%    passed     87.75%
  18  20_0_0    0.00%    passed     87.02%
  19  16_0_0    0.00%    passed     86.78%
  20  13_0_0    0.00%    passed     96.41%
  21  0_0_0     0.00%    passed     98.66%
****  TOTAL     0.00%  0 sequences failed composition chi2 test (p-value<5%; df=3)

Create initial parsimony tree by phylogenetic likelihood library (PLL)... 0.001 seconds

NOTE: 1 MB RAM (0 GB) is required!
Measuring multi-threading efficiency up to 10 CPU cores
Increase to 10 rounds for branch lengths
1685 trees examined
Threads: 1 / Time: 10.000 sec / Speedup: 1.000 / Efficiency: 100% / LogL: -13162
Threads: 2 / Time: 14.707 sec / Speedup: 0.680 / Efficiency: 34% / LogL: -13162
BEST NUMBER OF THREADS: 1

Estimate model parameters (epsilon = 0.100)
1. Initial log-likelihood: -11345.987
2. Current log-likelihood: -10878.840
3. Current log-likelihood: -10869.799
Optimal log-likelihood: -10869.750
Rate parameters:  A-C: 1.00000  A-G: 2.07083  A-T: 1.00000  C-G: 1.00000  C-T: 2.07083  G-T: 1.00000
Base frequencies:  A: 0.296  C: 0.197  G: 0.195  T: 0.313
Gamma shape alpha: 0.195
Parameters optimization took 3 rounds (0.020 sec)
Wrote distance file to... 
Computing ML distances based on estimated model parameters...
Calculating distance matrix: done in 0.000765085 secs using 98.55% CPU
Computing ML distances took 0.000797 sec (of wall-clock time) 0.000777 sec (of CPU time)
Setting up auxiliary I and S matrices: done in 1.50204e-05 secs using 66.58% CPU
Computing RapidNJ tree took 0.000054 sec (of wall-clock time) 0.000056 sec (of CPU time)
Log-likelihood of RapidNJ tree: -10868.274
--------------------------------------------------------------------
|             INITIALIZING CANDIDATE TREE SET                      |
--------------------------------------------------------------------
Generating 98 parsimony trees... 0.054 second
Computing log-likelihood of 98 initial trees ... 0.113 seconds
Current best score: -10866.232

Do NNI search on 20 best initial trees
Estimate model parameters (epsilon = 0.100)
BETTER TREE FOUND at iteration 1: -10864.332
Iteration 10 / LogL: -10864.539 / Time: 0h:0m:25s
Iteration 20 / LogL: -10864.359 / Time: 0h:0m:25s
Finish initializing candidate tree set (1)
Current best tree score: -10864.332 / CPU time: 0.454
Number of iterations: 20
--------------------------------------------------------------------
|               OPTIMIZING CANDIDATE TREE SET                      |
--------------------------------------------------------------------
Iteration 30 / LogL: -10864.340 / Time: 0h:0m:25s (0h:1m:2s left)
Iteration 40 / LogL: -10864.338 / Time: 0h:0m:25s (0h:0m:40s left)
Iteration 50 / LogL: -10864.339 / Time: 0h:0m:25s (0h:0m:26s left)
Iteration 60 / LogL: -10884.848 / Time: 0h:0m:26s (0h:0m:18s left)
Iteration 70 / LogL: -10864.364 / Time: 0h:0m:26s (0h:0m:11s left)
Iteration 80 / LogL: -10864.358 / Time: 0h:0m:26s (0h:0m:7s left)
Iteration 90 / LogL: -10864.347 / Time: 0h:0m:26s (0h:0m:3s left)
Iteration 100 / LogL: -10864.411 / Time: 0h:0m:26s (0h:0m:0s left)
TREE SEARCH COMPLETED AFTER 102 ITERATIONS / Time: 0h:0m:26s

--------------------------------------------------------------------
|                    FINALIZING TREE SEARCH                        |
--------------------------------------------------------------------
Performs final model parameters optimization
Estimate model parameters (epsilon = 0.010)
1. Initial log-likelihood: -10864.332
Optimal log-likelihood: -10864.332
Rate parameters:  A-C: 1.00000  A-G: 2.08411  A-T: 1.00000  C-G: 1.00000  C-T: 2.08411  G-T: 1.00000
Base frequencies:  A: 0.296  C: 0.197  G: 0.195  T: 0.313
Gamma shape alpha: 0.195
Parameters optimization took 1 rounds (0.003 sec)
BEST SCORE FOUND : -10864.332

Testing tree branches by aBayes parametric test...
0.004 sec.
Total tree length: 1.429

Total number of iterations: 102
CPU time used for tree search: 2.131 sec (0h:0m:2s)
Wall-clock time used for tree search: 2.141 sec (0h:0m:2s)
Total CPU time used: 25.999 sec (0h:0m:25s)
Total wall-clock time used: 26.885 sec (0h:0m:26s)

Analysis results written to: 
  IQ-TREE report:                /Users/fahim/CSE6406-project/work/paper_subset_50x10_L1600/ils_high/replicate_05/estimated_gene_trees/L1600/hky_g4/locus_0044.iqtree
  Maximum-likelihood tree:       /Users/fahim/CSE6406-project/work/paper_subset_50x10_L1600/ils_high/replicate_05/estimated_gene_trees/L1600/hky_g4/locus_0044.treefile
  Likelihood distances:          /Users/fahim/CSE6406-project/work/paper_subset_50x10_L1600/ils_high/replicate_05/estimated_gene_trees/L1600/hky_g4/locus_0044.mldist
  Screen log file:               /Users/fahim/CSE6406-project/work/paper_subset_50x10_L1600/ils_high/replicate_05/estimated_gene_trees/L1600/hky_g4/locus_0044.log

Date and Time: Sat Sep 12 10:17:55 2026
