IQ-TREE multicore version 2.4.0 for Linux x86 64-bit built Feb 12 2025
Developed by Bui Quang Minh, Nguyen Lam Tung, Olga Chernomor, Heiko Schmidt,
Dominik Schrempf, Michael Woodhams, Ly Trong Nhan, Thomas Wong

Host:    ezmata (AVX2, FMA3, 15 GB RAM)
Command: /home/mis/miniconda3/envs/cse6406/bin/iqtree2 -s /home/mis/CSE6406-project/work/paper_subset_50x10_L800/ils_high/replicate_06/alignments/L800/locus_0011.phy -m JC --abayes -T 1 --seed 7006012 --prefix /home/mis/CSE6406-project/work/paper_subset_50x10_L800/ils_high/replicate_06/estimated_gene_trees/L800/jc/locus_0011 --redo --quiet
Seed:    7006012 (Using SPRNG - Scalable Parallel Random Number Generator)
Time:    Sat Sep 12 20:00:47 2026
Kernel:  AVX+FMA - 1 threads (16 CPU cores detected)

HINT: Use -nt option to specify number of threads because your CPU has 16 cores!
HINT: -nt AUTO will automatically determine the best number of threads to use.

Reading alignment file /home/mis/CSE6406-project/work/paper_subset_50x10_L800/ils_high/replicate_06/alignments/L800/locus_0011.phy ... Phylip format detected
Alignment most likely contains DNA/RNA sequences
Alignment has 21 sequences with 800 columns, 293 distinct patterns
215 parsimony-informative, 90 singleton sites, 495 constant sites
        Gap/Ambiguity  Composition  p-value
Analyzing sequences: done in 2.7788e-05 secs using 93.57% CPU
   1  2_0_0     0.00%    passed     91.88%
   2  3_0_0     0.00%    passed     90.80%
   3  17_0_0    0.00%    passed     84.14%
   4  18_0_0    0.00%    passed     96.03%
   5  11_0_0    0.00%    passed     97.07%
   6  12_0_0    0.00%    passed     81.26%
   7  9_0_0     0.00%    passed     87.68%
   8  14_0_0    0.00%    passed     95.46%
   9  20_0_0    0.00%    passed     92.52%
  10  10_0_0    0.00%    passed     92.86%
  11  16_0_0    0.00%    passed     92.53%
  12  13_0_0    0.00%    passed     99.14%
  13  15_0_0    0.00%    passed     95.55%
  14  19_0_0    0.00%    passed     97.65%
  15  7_0_0     0.00%    passed     94.64%
  16  4_0_0     0.00%    passed     75.22%
  17  8_0_0     0.00%    passed     96.70%
  18  1_0_0     0.00%    passed     90.34%
  19  6_0_0     0.00%    passed     99.43%
  20  5_0_0     0.00%    passed     59.85%
  21  0_0_0     0.00%    passed     86.26%
****  TOTAL     0.00%  0 sequences failed composition chi2 test (p-value<5%; df=3)

Create initial parsimony tree by phylogenetic likelihood library (PLL)... 0.001 seconds

NOTE: 0 MB RAM (0 GB) is required!
Estimate model parameters (epsilon = 0.100)
1. Initial log-likelihood: -6934.039
Optimal log-likelihood: -6921.468
Rate parameters:  A-C: 1.00000  A-G: 1.00000  A-T: 1.00000  C-G: 1.00000  C-T: 1.00000  G-T: 1.00000
Base frequencies:  A: 0.250  C: 0.250  G: 0.250  T: 0.250
Parameters optimization took 1 rounds (0.003 sec)
Wrote distance file to... 
Computing ML distances based on estimated model parameters...
Calculating distance matrix: done in 0.00149073 secs using 97.13% CPU
Computing ML distances took 0.001553 sec (of wall-clock time) 0.001502 sec (of CPU time)
Setting up auxiliary I and S matrices: done in 5.6369e-05 secs using 99.35% CPU
Computing RapidNJ tree took 0.000218 sec (of wall-clock time) 0.000217 sec (of CPU time)
Log-likelihood of RapidNJ tree: -6970.461
--------------------------------------------------------------------
|             INITIALIZING CANDIDATE TREE SET                      |
--------------------------------------------------------------------
Generating 98 parsimony trees... 0.190 second
Computing log-likelihood of 98 initial trees ... 0.138 seconds
Current best score: -6921.468

Do NNI search on 20 best initial trees
Estimate model parameters (epsilon = 0.100)
BETTER TREE FOUND at iteration 1: -6921.468
Iteration 10 / LogL: -6921.475 / Time: 0h:0m:0s
Iteration 20 / LogL: -6921.486 / Time: 0h:0m:0s
Finish initializing candidate tree set (3)
Current best tree score: -6921.468 / CPU time: 0.570
Number of iterations: 20
--------------------------------------------------------------------
|               OPTIMIZING CANDIDATE TREE SET                      |
--------------------------------------------------------------------
Iteration 30 / LogL: -6935.902 / Time: 0h:0m:0s (0h:0m:1s left)
Iteration 40 / LogL: -6935.878 / Time: 0h:0m:0s (0h:0m:1s left)
Iteration 50 / LogL: -6935.881 / Time: 0h:0m:1s (0h:0m:1s left)
Iteration 60 / LogL: -6955.498 / Time: 0h:0m:1s (0h:0m:0s left)
Iteration 70 / LogL: -6935.893 / Time: 0h:0m:1s (0h:0m:0s left)
Iteration 80 / LogL: -6935.884 / Time: 0h:0m:1s (0h:0m:0s left)
Iteration 90 / LogL: -6923.835 / Time: 0h:0m:1s (0h:0m:0s left)
Iteration 100 / LogL: -6954.915 / Time: 0h:0m:2s (0h:0m:0s left)
TREE SEARCH COMPLETED AFTER 102 ITERATIONS / Time: 0h:0m:2s

--------------------------------------------------------------------
|                    FINALIZING TREE SEARCH                        |
--------------------------------------------------------------------
Performs final model parameters optimization
Estimate model parameters (epsilon = 0.010)
1. Initial log-likelihood: -6921.468
Optimal log-likelihood: -6921.468
Rate parameters:  A-C: 1.00000  A-G: 1.00000  A-T: 1.00000  C-G: 1.00000  C-T: 1.00000  G-T: 1.00000
Base frequencies:  A: 0.250  C: 0.250  G: 0.250  T: 0.250
Parameters optimization took 1 rounds (0.001 sec)
BEST SCORE FOUND : -6921.468

Testing tree branches by aBayes parametric test...
0.005 sec.
Total tree length: 1.512

Total number of iterations: 102
CPU time used for tree search: 2.094 sec (0h:0m:2s)
Wall-clock time used for tree search: 2.183 sec (0h:0m:2s)
Total CPU time used: 2.119 sec (0h:0m:2s)
Total wall-clock time used: 2.210 sec (0h:0m:2s)

Analysis results written to: 
  IQ-TREE report:                /home/mis/CSE6406-project/work/paper_subset_50x10_L800/ils_high/replicate_06/estimated_gene_trees/L800/jc/locus_0011.iqtree
  Maximum-likelihood tree:       /home/mis/CSE6406-project/work/paper_subset_50x10_L800/ils_high/replicate_06/estimated_gene_trees/L800/jc/locus_0011.treefile
  Likelihood distances:          /home/mis/CSE6406-project/work/paper_subset_50x10_L800/ils_high/replicate_06/estimated_gene_trees/L800/jc/locus_0011.mldist
  Screen log file:               /home/mis/CSE6406-project/work/paper_subset_50x10_L800/ils_high/replicate_06/estimated_gene_trees/L800/jc/locus_0011.log

Date and Time: Sat Sep 12 20:00:49 2026
