IQ-TREE multicore version 2.4.0 for MacOS ARM 64-bit built Feb 12 2025
Developed by Bui Quang Minh, Nguyen Lam Tung, Olga Chernomor, Heiko Schmidt,
Dominik Schrempf, Michael Woodhams, Ly Trong Nhan, Thomas Wong

Host:    Fahims-MacBook-Air.local (SSE4.2, 16 GB RAM)
Command: /Users/fahim/miniconda3/envs/cse6406/bin/iqtree2 -s /Users/fahim/CSE6406-project/work/paper_subset_10x2_L1600/ils_high/replicate_01/alignments/L1600/locus_0003.phy -m JC --abayes -T AUTO --seed 6506004 --prefix /Users/fahim/CSE6406-project/work/paper_subset_10x2_L1600/ils_high/replicate_01/estimated_gene_trees/L1600/jc/locus_0003 --redo --quiet
Seed:    6506004 (Using SPRNG - Scalable Parallel Random Number Generator)
Time:    Thu Sep 10 17:58:49 2026
Kernel:  SSE2 - auto-detect threads (10 CPU cores detected)

Reading alignment file /Users/fahim/CSE6406-project/work/paper_subset_10x2_L1600/ils_high/replicate_01/alignments/L1600/locus_0003.phy ... Phylip format detected
Alignment most likely contains DNA/RNA sequences
Alignment has 21 sequences with 1600 columns, 78 distinct patterns
26 parsimony-informative, 57 singleton sites, 1517 constant sites
        Gap/Ambiguity  Composition  p-value
Analyzing sequences: done in 5.50747e-05 secs using 50.84% CPU
   1  10_0_0    0.00%    passed     99.60%
   2  9_0_0     0.00%    passed     99.85%
   3  5_0_0     0.00%    passed     99.89%
   4  2_0_0     0.00%    passed     99.98%
   5  3_0_0     0.00%    passed     99.95%
   6  1_0_0     0.00%    passed     99.99%
   7  4_0_0     0.00%    passed     99.89%
   8  17_0_0    0.00%    passed     99.76%
   9  15_0_0    0.00%    passed     99.01%
  10  12_0_0    0.00%    passed     99.48%
  11  18_0_0    0.00%    passed     99.85%
  12  13_0_0    0.00%    passed     99.52%
  13  6_0_0     0.00%    passed     99.70%
  14  19_0_0    0.00%    passed     99.73%
  15  14_0_0    0.00%    passed     99.50%
  16  8_0_0     0.00%    passed     99.74%
  17  16_0_0    0.00%    passed     99.60%
  18  7_0_0     0.00%    passed     99.85%
  19  11_0_0    0.00%    passed     99.70%
  20  20_0_0    0.00%    passed     99.10%
  21  0_0_0     0.00%    passed     99.85%
****  TOTAL     0.00%  0 sequences failed composition chi2 test (p-value<5%; df=3)

Create initial parsimony tree by phylogenetic likelihood library (PLL)... 0.000 seconds

NOTE: 0 MB RAM (0 GB) is required!
Measuring multi-threading efficiency up to 10 CPU cores
Increase to 10 rounds for branch lengths
26037 trees examined
Threads: 1 / Time: 10.000 sec / Speedup: 1.000 / Efficiency: 100% / LogL: -3287
Threads: 2 / Time: 52.881 sec / Speedup: 0.189 / Efficiency: 9% / LogL: -3287
BEST NUMBER OF THREADS: 1

Estimate model parameters (epsilon = 0.100)
1. Initial log-likelihood: -2957.739
Optimal log-likelihood: -2957.739
Rate parameters:  A-C: 1.00000  A-G: 1.00000  A-T: 1.00000  C-G: 1.00000  C-T: 1.00000  G-T: 1.00000
Base frequencies:  A: 0.250  C: 0.250  G: 0.250  T: 0.250
Parameters optimization took 1 rounds (0.000 sec)
Wrote distance file to... 
Computing ML distances based on estimated model parameters...
Calculating distance matrix: done in 0.000458002 secs using 97.16% CPU
Computing ML distances took 0.000479 sec (of wall-clock time) 0.000456 sec (of CPU time)
Setting up auxiliary I and S matrices: done in 2.28882e-05 secs using 74.27% CPU
Computing RapidNJ tree took 0.000083 sec (of wall-clock time) 0.000090 sec (of CPU time)
Log-likelihood of RapidNJ tree: -2962.454
--------------------------------------------------------------------
|             INITIALIZING CANDIDATE TREE SET                      |
--------------------------------------------------------------------
Generating 98 parsimony trees... 0.024 second
Computing log-likelihood of 98 initial trees ... 0.014 seconds
Current best score: -2957.739

Do NNI search on 20 best initial trees
Estimate model parameters (epsilon = 0.100)
BETTER TREE FOUND at iteration 1: -2957.739
BETTER TREE FOUND at iteration 2: -2957.739
Iteration 10 / LogL: -2957.739 / Time: 0h:1m:2s
BETTER TREE FOUND at iteration 15: -2957.739
Iteration 20 / LogL: -2957.739 / Time: 0h:1m:2s
Finish initializing candidate tree set (8)
Current best tree score: -2957.739 / CPU time: 0.049
Number of iterations: 20
--------------------------------------------------------------------
|               OPTIMIZING CANDIDATE TREE SET                      |
--------------------------------------------------------------------
Iteration 30 / LogL: -2957.741 / Time: 0h:1m:2s (0h:3m:4s left)
Iteration 40 / LogL: -2957.743 / Time: 0h:1m:2s (0h:2m:1s left)
Iteration 50 / LogL: -2968.877 / Time: 0h:1m:2s (0h:1m:23s left)
Iteration 60 / LogL: -2968.556 / Time: 0h:1m:3s (0h:0m:58s left)
Iteration 70 / LogL: -2957.742 / Time: 0h:1m:3s (0h:0m:41s left)
BETTER TREE FOUND at iteration 71: -2957.739
Iteration 80 / LogL: -2957.745 / Time: 0h:1m:3s (0h:1m:12s left)
Iteration 90 / LogL: -2957.741 / Time: 0h:1m:3s (0h:0m:57s left)
UPDATE BEST LOG-LIKELIHOOD: -2957.739
Iteration 100 / LogL: -2957.745 / Time: 0h:1m:3s (0h:0m:45s left)
Iteration 110 / LogL: -2957.747 / Time: 0h:1m:3s (0h:0m:35s left)
Iteration 120 / LogL: -2957.747 / Time: 0h:1m:3s (0h:0m:27s left)
Iteration 130 / LogL: -2957.750 / Time: 0h:1m:3s (0h:0m:20s left)
Iteration 140 / LogL: -2957.745 / Time: 0h:1m:3s (0h:0m:14s left)
Iteration 150 / LogL: -2957.743 / Time: 0h:1m:3s (0h:0m:8s left)
Iteration 160 / LogL: -2957.747 / Time: 0h:1m:3s (0h:0m:4s left)
Iteration 170 / LogL: -2957.743 / Time: 0h:1m:3s (0h:0m:0s left)
TREE SEARCH COMPLETED AFTER 172 ITERATIONS / Time: 0h:1m:3s

--------------------------------------------------------------------
|                    FINALIZING TREE SEARCH                        |
--------------------------------------------------------------------
Performs final model parameters optimization
Estimate model parameters (epsilon = 0.010)
1. Initial log-likelihood: -2957.739
Optimal log-likelihood: -2957.739
Rate parameters:  A-C: 1.00000  A-G: 1.00000  A-T: 1.00000  C-G: 1.00000  C-T: 1.00000  G-T: 1.00000
Base frequencies:  A: 0.250  C: 0.250  G: 0.250  T: 0.250
Parameters optimization took 1 rounds (0.000 sec)
BEST SCORE FOUND : -2957.739

Testing tree branches by aBayes parametric test...
0.000 sec.
Total tree length: 0.057

Total number of iterations: 172
CPU time used for tree search: 0.334 sec (0h:0m:0s)
Wall-clock time used for tree search: 0.336 sec (0h:0m:0s)
Total CPU time used: 37.745 sec (0h:0m:37s)
Total wall-clock time used: 63.226 sec (0h:1m:3s)

Analysis results written to: 
  IQ-TREE report:                /Users/fahim/CSE6406-project/work/paper_subset_10x2_L1600/ils_high/replicate_01/estimated_gene_trees/L1600/jc/locus_0003.iqtree
  Maximum-likelihood tree:       /Users/fahim/CSE6406-project/work/paper_subset_10x2_L1600/ils_high/replicate_01/estimated_gene_trees/L1600/jc/locus_0003.treefile
  Likelihood distances:          /Users/fahim/CSE6406-project/work/paper_subset_10x2_L1600/ils_high/replicate_01/estimated_gene_trees/L1600/jc/locus_0003.mldist
  Screen log file:               /Users/fahim/CSE6406-project/work/paper_subset_10x2_L1600/ils_high/replicate_01/estimated_gene_trees/L1600/jc/locus_0003.log

Date and Time: Thu Sep 10 17:59:52 2026
