IQ-TREE multicore version 2.4.0 for Linux x86 64-bit built Feb 12 2025
Developed by Bui Quang Minh, Nguyen Lam Tung, Olga Chernomor, Heiko Schmidt,
Dominik Schrempf, Michael Woodhams, Ly Trong Nhan, Thomas Wong

Host:    ezmata (AVX2, FMA3, 15 GB RAM)
Command: /home/mis/miniconda3/envs/cse6406/bin/iqtree2 -s /home/mis/CSE6406-project/work/paper_subset_50x10_L200/ils_high/replicate_01/alignments/L200/locus_0047.phy -m GTR --abayes -T 1 --seed 6506048 --prefix /home/mis/CSE6406-project/work/paper_subset_50x10_L200/ils_high/replicate_01/estimated_gene_trees/L200/gtr/locus_0047 --redo --quiet
Seed:    6506048 (Using SPRNG - Scalable Parallel Random Number Generator)
Time:    Sat Sep 12 21:39:12 2026
Kernel:  AVX+FMA - 1 threads (16 CPU cores detected)

HINT: Use -nt option to specify number of threads because your CPU has 16 cores!
HINT: -nt AUTO will automatically determine the best number of threads to use.

Reading alignment file /home/mis/CSE6406-project/work/paper_subset_50x10_L200/ils_high/replicate_01/alignments/L200/locus_0047.phy ... Phylip format detected
Alignment most likely contains DNA/RNA sequences
Alignment has 21 sequences with 200 columns, 14 distinct patterns
3 parsimony-informative, 8 singleton sites, 189 constant sites
        Gap/Ambiguity  Composition  p-value
Analyzing sequences: done in 1.2839e-05 secs using 93.47% CPU
   1  0_0_0     0.00%    passed     92.46%
   2  6_0_0     0.00%    passed     99.90%
   3  2_0_0     0.00%    passed     99.87%
   4  3_0_0     0.00%    passed     99.87%
   5  13_0_0    0.00%    passed     99.87%
   6  12_0_0    0.00%    passed     99.90%
   7  15_0_0    0.00%    passed     99.87%
   8  17_0_0    0.00%    passed     99.85%
   9  18_0_0    0.00%    passed     99.05%
  10  5_0_0     0.00%    passed    100.00%
  11  10_0_0    0.00%    passed    100.00%
  12  9_0_0     0.00%    passed    100.00%
  13  19_0_0    0.00%    passed     99.22%
  14  4_0_0     0.00%    passed     99.80%
  15  1_0_0     0.00%    passed    100.00%
  16  7_0_0     0.00%    passed     99.88%
  17  16_0_0    0.00%    passed    100.00%
  18  11_0_0    0.00%    passed    100.00%
  19  20_0_0    0.00%    passed     99.87%
  20  14_0_0    0.00%    passed     99.76%
  21  8_0_0     0.00%    passed     99.76%
****  TOTAL     0.00%  0 sequences failed composition chi2 test (p-value<5%; df=3)
NOTE: 3_0_0 is identical to 2_0_0 but kept for subsequent analysis
NOTE: 10_0_0 is identical to 5_0_0 but kept for subsequent analysis
NOTE: 16_0_0 is identical to 1_0_0 but kept for subsequent analysis
NOTE: 8_0_0 is identical to 14_0_0 but kept for subsequent analysis
NOTE: 4 identical sequences (see below) will be ignored for subsequent analysis
NOTE: 13_0_0 (identical to 2_0_0) is ignored but added at the end
NOTE: 15_0_0 (identical to 2_0_0) is ignored but added at the end
NOTE: 9_0_0 (identical to 5_0_0) is ignored but added at the end
NOTE: 11_0_0 (identical to 1_0_0) is ignored but added at the end
Alignment was printed to /home/mis/CSE6406-project/work/paper_subset_50x10_L200/ils_high/replicate_01/estimated_gene_trees/L200/gtr/locus_0047.uniqueseq.phy

For your convenience alignment with unique sequences printed to /home/mis/CSE6406-project/work/paper_subset_50x10_L200/ils_high/replicate_01/estimated_gene_trees/L200/gtr/locus_0047.uniqueseq.phy

Create initial parsimony tree by phylogenetic likelihood library (PLL)... 0.000 seconds

NOTE: 0 MB RAM (0 GB) is required!
Estimate model parameters (epsilon = 0.100)
1. Initial log-likelihood: -387.384
2. Current log-likelihood: -382.212
3. Current log-likelihood: -381.868
Optimal log-likelihood: -381.781
Rate parameters:  A-C: 3.69071  A-G: 3.50969  A-T: 0.63932  C-G: 0.00010  C-T: 3.52874  G-T: 1.00000
Warning! Some parameters hit the boundaries
Base frequencies:  A: 0.259  C: 0.250  G: 0.219  T: 0.271
Parameters optimization took 3 rounds (0.008 sec)
Wrote distance file to... 
Computing ML distances based on estimated model parameters...
Calculating distance matrix: done in 0.000811559 secs using 99.93% CPU
Computing ML distances took 0.000841 sec (of wall-clock time) 0.000840 sec (of CPU time)
Setting up auxiliary I and S matrices: done in 5.5752e-05 secs using 98.65% CPU
Computing RapidNJ tree took 0.000205 sec (of wall-clock time) 0.000462 sec (of CPU time)
Log-likelihood of RapidNJ tree: -381.784
--------------------------------------------------------------------
|             INITIALIZING CANDIDATE TREE SET                      |
--------------------------------------------------------------------
Generating 98 parsimony trees... 0.029 second
Computing log-likelihood of 98 initial trees ... 0.019 seconds
Current best score: -381.781

Do NNI search on 20 best initial trees
Estimate model parameters (epsilon = 0.100)
BETTER TREE FOUND at iteration 1: -381.777
BETTER TREE FOUND at iteration 3: -381.777
Iteration 10 / LogL: -381.777 / Time: 0h:0m:0s
Iteration 20 / LogL: -381.777 / Time: 0h:0m:0s
Finish initializing candidate tree set (20)
Current best tree score: -381.777 / CPU time: 0.064
Number of iterations: 20
--------------------------------------------------------------------
|               OPTIMIZING CANDIDATE TREE SET                      |
--------------------------------------------------------------------
Iteration 30 / LogL: -381.777 / Time: 0h:0m:0s (0h:0m:0s left)
BETTER TREE FOUND at iteration 40: -381.777
Iteration 40 / LogL: -381.777 / Time: 0h:0m:0s (0h:0m:0s left)
Iteration 50 / LogL: -381.777 / Time: 0h:0m:0s (0h:0m:0s left)
Iteration 60 / LogL: -381.777 / Time: 0h:0m:0s (0h:0m:0s left)
Iteration 70 / LogL: -383.434 / Time: 0h:0m:0s (0h:0m:0s left)
Iteration 80 / LogL: -381.777 / Time: 0h:0m:0s (0h:0m:0s left)
BETTER TREE FOUND at iteration 87: -381.777
Iteration 90 / LogL: -381.777 / Time: 0h:0m:0s (0h:0m:0s left)
BETTER TREE FOUND at iteration 95: -381.777
Iteration 100 / LogL: -381.777 / Time: 0h:0m:0s (0h:0m:0s left)
Iteration 110 / LogL: -381.778 / Time: 0h:0m:0s (0h:0m:0s left)
Iteration 120 / LogL: -383.433 / Time: 0h:0m:0s (0h:0m:0s left)
Iteration 130 / LogL: -381.778 / Time: 0h:0m:0s (0h:0m:0s left)
Iteration 140 / LogL: -381.778 / Time: 0h:0m:0s (0h:0m:0s left)
Iteration 150 / LogL: -381.777 / Time: 0h:0m:0s (0h:0m:0s left)
Iteration 160 / LogL: -381.778 / Time: 0h:0m:0s (0h:0m:0s left)
Iteration 170 / LogL: -381.777 / Time: 0h:0m:0s (0h:0m:0s left)
BETTER TREE FOUND at iteration 171: -381.777
BETTER TREE FOUND at iteration 177: -381.777
Iteration 180 / LogL: -381.777 / Time: 0h:0m:0s (0h:0m:0s left)
BETTER TREE FOUND at iteration 187: -381.777
Iteration 190 / LogL: -381.777 / Time: 0h:0m:0s (0h:0m:0s left)
Iteration 200 / LogL: -381.779 / Time: 0h:0m:0s (0h:0m:0s left)
Iteration 210 / LogL: -381.777 / Time: 0h:0m:0s (0h:0m:0s left)
BETTER TREE FOUND at iteration 215: -381.777
Iteration 220 / LogL: -381.777 / Time: 0h:0m:0s (0h:0m:0s left)
Iteration 230 / LogL: -381.778 / Time: 0h:0m:0s (0h:0m:0s left)
BETTER TREE FOUND at iteration 235: -381.777
Iteration 240 / LogL: -381.778 / Time: 0h:0m:0s (0h:0m:0s left)
Iteration 250 / LogL: -381.777 / Time: 0h:0m:0s (0h:0m:0s left)
Iteration 260 / LogL: -381.777 / Time: 0h:0m:0s (0h:0m:0s left)
Iteration 270 / LogL: -381.777 / Time: 0h:0m:0s (0h:0m:0s left)
Iteration 280 / LogL: -381.777 / Time: 0h:0m:0s (0h:0m:0s left)
Iteration 290 / LogL: -381.777 / Time: 0h:0m:0s (0h:0m:0s left)
Iteration 300 / LogL: -381.777 / Time: 0h:0m:0s (0h:0m:0s left)
Iteration 310 / LogL: -388.630 / Time: 0h:0m:0s (0h:0m:0s left)
Iteration 320 / LogL: -383.442 / Time: 0h:0m:0s (0h:0m:0s left)
Iteration 330 / LogL: -383.443 / Time: 0h:0m:0s (0h:0m:0s left)
TREE SEARCH COMPLETED AFTER 336 ITERATIONS / Time: 0h:0m:0s

--------------------------------------------------------------------
|                    FINALIZING TREE SEARCH                        |
--------------------------------------------------------------------
Performs final model parameters optimization
Estimate model parameters (epsilon = 0.010)
1. Initial log-likelihood: -381.777
Optimal log-likelihood: -381.775
Rate parameters:  A-C: 3.75359  A-G: 3.48297  A-T: 0.67994  C-G: 0.00010  C-T: 3.59963  G-T: 1.00000
Warning! Some parameters hit the boundaries
Base frequencies:  A: 0.259  C: 0.250  G: 0.219  T: 0.271
Parameters optimization took 1 rounds (0.001 sec)
BEST SCORE FOUND : -381.775

Testing tree branches by aBayes parametric test...
0.000 sec.
Total tree length: 0.081

Total number of iterations: 336
CPU time used for tree search: 0.439 sec (0h:0m:0s)
Wall-clock time used for tree search: 0.502 sec (0h:0m:0s)
Total CPU time used: 0.458 sec (0h:0m:0s)
Total wall-clock time used: 0.525 sec (0h:0m:0s)

Analysis results written to: 
  IQ-TREE report:                /home/mis/CSE6406-project/work/paper_subset_50x10_L200/ils_high/replicate_01/estimated_gene_trees/L200/gtr/locus_0047.iqtree
  Maximum-likelihood tree:       /home/mis/CSE6406-project/work/paper_subset_50x10_L200/ils_high/replicate_01/estimated_gene_trees/L200/gtr/locus_0047.treefile
  Likelihood distances:          /home/mis/CSE6406-project/work/paper_subset_50x10_L200/ils_high/replicate_01/estimated_gene_trees/L200/gtr/locus_0047.mldist
  Screen log file:               /home/mis/CSE6406-project/work/paper_subset_50x10_L200/ils_high/replicate_01/estimated_gene_trees/L200/gtr/locus_0047.log

Date and Time: Sat Sep 12 21:39:12 2026
