IQ-TREE multicore version 2.4.0 for Linux x86 64-bit built Feb 12 2025
Developed by Bui Quang Minh, Nguyen Lam Tung, Olga Chernomor, Heiko Schmidt,
Dominik Schrempf, Michael Woodhams, Ly Trong Nhan, Thomas Wong

Host:    ezmata (AVX2, FMA3, 15 GB RAM)
Command: /home/mis/miniconda3/envs/cse6406/bin/iqtree2 -s /home/mis/CSE6406-project/work/paper_subset_50x10_L800/ils_low/replicate_06/alignments/L800/locus_0039.phy -m GTR+G4 --abayes -T AUTO --seed 7006040 --prefix /home/mis/CSE6406-project/work/paper_subset_50x10_L800/ils_low/replicate_06/estimated_gene_trees/L800/gtr_g4/locus_0039 --redo --quiet
Seed:    7006040 (Using SPRNG - Scalable Parallel Random Number Generator)
Time:    Sat Sep 12 02:17:58 2026
Kernel:  AVX+FMA - auto-detect threads (16 CPU cores detected)

Reading alignment file /home/mis/CSE6406-project/work/paper_subset_50x10_L800/ils_low/replicate_06/alignments/L800/locus_0039.phy ... Phylip format detected
Alignment most likely contains DNA/RNA sequences
Alignment has 21 sequences with 800 columns, 288 distinct patterns
222 parsimony-informative, 74 singleton sites, 504 constant sites
        Gap/Ambiguity  Composition  p-value
Analyzing sequences: done in 6.8667e-05 secs
   1  0_0_0     0.00%    passed     99.26%
   2  9_0_0     0.00%    passed     95.32%
   3  13_0_0    0.00%    passed     99.77%
   4  15_0_0    0.00%    passed     98.47%
   5  17_0_0    0.00%    passed     95.15%
   6  19_0_0    0.00%    passed     93.99%
   7  16_0_0    0.00%    passed     98.69%
   8  10_0_0    0.00%    passed     99.03%
   9  20_0_0    0.00%    passed     97.97%
  10  18_0_0    0.00%    passed     57.58%
  11  12_0_0    0.00%    passed     91.25%
  12  14_0_0    0.00%    passed     98.15%
  13  11_0_0    0.00%    passed     95.96%
  14  6_0_0     0.00%    passed     98.00%
  15  8_0_0     0.00%    passed     99.29%
  16  4_0_0     0.00%    passed     89.52%
  17  1_0_0     0.00%    passed     89.72%
  18  7_0_0     0.00%    passed     87.57%
  19  5_0_0     0.00%    passed     97.52%
  20  2_0_0     0.00%    passed     96.45%
  21  3_0_0     0.00%    passed     96.83%
****  TOTAL     0.00%  0 sequences failed composition chi2 test (p-value<5%; df=3)

Create initial parsimony tree by phylogenetic likelihood library (PLL)... 0.000 seconds

NOTE: 0 MB RAM (0 GB) is required!
Measuring multi-threading efficiency up to 16 CPU cores
Increase to 10 rounds for branch lengths
2971 trees examined
Threads: 1 / Time: 16.002 sec / Speedup: 1.000 / Efficiency: 100% / LogL: -7031
Threads: 2 / Time: 20.779 sec / Speedup: 0.770 / Efficiency: 39% / LogL: -7031
BEST NUMBER OF THREADS: 1

Estimate model parameters (epsilon = 0.100)
1. Initial log-likelihood: -5826.598
2. Current log-likelihood: -5578.824
3. Current log-likelihood: -5570.798
Optimal log-likelihood: -5570.747
Rate parameters:  A-C: 1.18752  A-G: 2.18308  A-T: 1.28841  C-G: 1.17014  C-T: 2.49421  G-T: 1.00000
Base frequencies:  A: 0.310  C: 0.196  G: 0.201  T: 0.293
Gamma shape alpha: 0.189
Parameters optimization took 3 rounds (0.022 sec)
Wrote distance file to... 
Computing ML distances based on estimated model parameters...
Calculating distance matrix: done in 0.00121754 secs using 92.15% CPU
Computing ML distances took 0.001247 sec (of wall-clock time) 0.001150 sec (of CPU time)
Setting up auxiliary I and S matrices: done in 2.6378e-05 secs using 98.57% CPU
Computing RapidNJ tree took 0.000101 sec (of wall-clock time) 0.000385 sec (of CPU time)
Log-likelihood of RapidNJ tree: -5572.927
--------------------------------------------------------------------
|             INITIALIZING CANDIDATE TREE SET                      |
--------------------------------------------------------------------
Generating 98 parsimony trees... 0.071 second
Computing log-likelihood of 98 initial trees ... 0.092 seconds
Current best score: -5570.747

Do NNI search on 20 best initial trees
Estimate model parameters (epsilon = 0.100)
BETTER TREE FOUND at iteration 1: -5568.312
UPDATE BEST LOG-LIKELIHOOD: -5568.307
Iteration 10 / LogL: -5568.773 / Time: 0h:0m:37s
Iteration 20 / LogL: -5568.754 / Time: 0h:0m:37s
Finish initializing candidate tree set (4)
Current best tree score: -5568.307 / CPU time: 0.477
Number of iterations: 20
--------------------------------------------------------------------
|               OPTIMIZING CANDIDATE TREE SET                      |
--------------------------------------------------------------------
UPDATE BEST LOG-LIKELIHOOD: -5568.307
Iteration 30 / LogL: -5568.755 / Time: 0h:0m:37s (0h:1m:31s left)
Iteration 40 / LogL: -5568.317 / Time: 0h:0m:37s (0h:0m:58s left)
Iteration 50 / LogL: -5568.318 / Time: 0h:0m:37s (0h:0m:39s left)
UPDATE BEST LOG-LIKELIHOOD: -5568.305
UPDATE BEST LOG-LIKELIHOOD: -5568.297
Iteration 60 / LogL: -5568.444 / Time: 0h:0m:38s (0h:0m:26s left)
Iteration 70 / LogL: -5568.315 / Time: 0h:0m:38s (0h:0m:17s left)
Iteration 80 / LogL: -5568.753 / Time: 0h:0m:38s (0h:0m:10s left)
Iteration 90 / LogL: -5568.304 / Time: 0h:0m:38s (0h:0m:4s left)
Iteration 100 / LogL: -5568.313 / Time: 0h:0m:38s (0h:0m:0s left)
TREE SEARCH COMPLETED AFTER 102 ITERATIONS / Time: 0h:0m:38s

--------------------------------------------------------------------
|                    FINALIZING TREE SEARCH                        |
--------------------------------------------------------------------
Performs final model parameters optimization
Estimate model parameters (epsilon = 0.010)
1. Initial log-likelihood: -5568.297
Optimal log-likelihood: -5568.292
Rate parameters:  A-C: 1.18092  A-G: 2.17668  A-T: 1.27116  C-G: 1.17835  C-T: 2.49467  G-T: 1.00000
Base frequencies:  A: 0.310  C: 0.196  G: 0.201  T: 0.293
Gamma shape alpha: 0.189
Parameters optimization took 1 rounds (0.003 sec)
BEST SCORE FOUND : -5568.292

Testing tree branches by aBayes parametric test...
0.004 sec.
Total tree length: 1.626

Total number of iterations: 102
CPU time used for tree search: 1.968 sec (0h:0m:1s)
Wall-clock time used for tree search: 2.025 sec (0h:0m:2s)
Total CPU time used: 44.459 sec (0h:0m:44s)
Total wall-clock time used: 38.845 sec (0h:0m:38s)

Analysis results written to: 
  IQ-TREE report:                /home/mis/CSE6406-project/work/paper_subset_50x10_L800/ils_low/replicate_06/estimated_gene_trees/L800/gtr_g4/locus_0039.iqtree
  Maximum-likelihood tree:       /home/mis/CSE6406-project/work/paper_subset_50x10_L800/ils_low/replicate_06/estimated_gene_trees/L800/gtr_g4/locus_0039.treefile
  Likelihood distances:          /home/mis/CSE6406-project/work/paper_subset_50x10_L800/ils_low/replicate_06/estimated_gene_trees/L800/gtr_g4/locus_0039.mldist
  Screen log file:               /home/mis/CSE6406-project/work/paper_subset_50x10_L800/ils_low/replicate_06/estimated_gene_trees/L800/gtr_g4/locus_0039.log

Date and Time: Sat Sep 12 02:18:37 2026
