IQ-TREE multicore version 2.4.0 for Linux x86 64-bit built Feb 12 2025
Developed by Bui Quang Minh, Nguyen Lam Tung, Olga Chernomor, Heiko Schmidt,
Dominik Schrempf, Michael Woodhams, Ly Trong Nhan, Thomas Wong

Host:    ezmata (AVX2, FMA3, 15 GB RAM)
Command: /home/mis/miniconda3/envs/cse6406/bin/iqtree2 -s /home/mis/CSE6406-project/work/paper_subset_50x10_L200/ils_low/replicate_04/alignments/L200/locus_0031.phy -m JC --abayes -T 1 --seed 6806032 --prefix /home/mis/CSE6406-project/work/paper_subset_50x10_L200/ils_low/replicate_04/estimated_gene_trees/L200/jc/locus_0031 --redo --quiet
Seed:    6806032 (Using SPRNG - Scalable Parallel Random Number Generator)
Time:    Sat Sep 12 21:33:20 2026
Kernel:  AVX+FMA - 1 threads (16 CPU cores detected)

HINT: Use -nt option to specify number of threads because your CPU has 16 cores!
HINT: -nt AUTO will automatically determine the best number of threads to use.

Reading alignment file /home/mis/CSE6406-project/work/paper_subset_50x10_L200/ils_low/replicate_04/alignments/L200/locus_0031.phy ... Phylip format detected
Alignment most likely contains DNA/RNA sequences
Alignment has 21 sequences with 200 columns, 68 distinct patterns
41 parsimony-informative, 24 singleton sites, 135 constant sites
        Gap/Ambiguity  Composition  p-value
Analyzing sequences: done in 7.14899e-06 secs using 55.95% CPU
   1  0_0_0     0.00%    passed     85.03%
   2  15_0_0    0.00%    passed     99.05%
   3  2_0_0     0.00%    passed     85.39%
   4  11_0_0    0.00%    passed     99.18%
   5  16_0_0    0.00%    passed     96.44%
   6  1_0_0     0.00%    passed     96.09%
   7  4_0_0     0.00%    passed     98.04%
   8  20_0_0    0.00%    passed     95.25%
   9  17_0_0    0.00%    passed     99.79%
  10  19_0_0    0.00%    passed     87.29%
  11  18_0_0    0.00%    passed     91.33%
  12  3_0_0     0.00%    passed     98.37%
  13  8_0_0     0.00%    passed     94.55%
  14  9_0_0     0.00%    passed     93.24%
  15  12_0_0    0.00%    passed     99.30%
  16  13_0_0    0.00%    passed     92.60%
  17  6_0_0     0.00%    passed     93.32%
  18  7_0_0     0.00%    passed     99.11%
  19  14_0_0    0.00%    passed     99.62%
  20  5_0_0     0.00%    passed     96.29%
  21  10_0_0    0.00%    passed     99.54%
****  TOTAL     0.00%  0 sequences failed composition chi2 test (p-value<5%; df=3)

Create initial parsimony tree by phylogenetic likelihood library (PLL)... 0.000 seconds

NOTE: 0 MB RAM (0 GB) is required!
Estimate model parameters (epsilon = 0.100)
1. Initial log-likelihood: -1168.162
Optimal log-likelihood: -1165.848
Rate parameters:  A-C: 1.00000  A-G: 1.00000  A-T: 1.00000  C-G: 1.00000  C-T: 1.00000  G-T: 1.00000
Base frequencies:  A: 0.250  C: 0.250  G: 0.250  T: 0.250
Parameters optimization took 1 rounds (0.001 sec)
Wrote distance file to... 
Computing ML distances based on estimated model parameters...
Calculating distance matrix: done in 0.000680896 secs using 100% CPU
Computing ML distances took 0.000700 sec (of wall-clock time) 0.000702 sec (of CPU time)
Setting up auxiliary I and S matrices: done in 5.3192e-05 secs using 97.76% CPU
Computing RapidNJ tree took 0.000211 sec (of wall-clock time) 0.000402 sec (of CPU time)
Log-likelihood of RapidNJ tree: -1174.985
--------------------------------------------------------------------
|             INITIALIZING CANDIDATE TREE SET                      |
--------------------------------------------------------------------
Generating 98 parsimony trees... 0.045 second
Computing log-likelihood of 98 initial trees ... 0.036 seconds
Current best score: -1163.005

Do NNI search on 20 best initial trees
Estimate model parameters (epsilon = 0.100)
BETTER TREE FOUND at iteration 1: -1162.979
Estimate model parameters (epsilon = 0.100)
BETTER TREE FOUND at iteration 2: -1162.959
Iteration 10 / LogL: -1164.120 / Time: 0h:0m:0s
Iteration 20 / LogL: -1165.237 / Time: 0h:0m:0s
Finish initializing candidate tree set (19)
Current best tree score: -1162.959 / CPU time: 0.150
Number of iterations: 20
--------------------------------------------------------------------
|               OPTIMIZING CANDIDATE TREE SET                      |
--------------------------------------------------------------------
Iteration 30 / LogL: -1163.980 / Time: 0h:0m:0s (0h:0m:0s left)
Iteration 40 / LogL: -1162.959 / Time: 0h:0m:0s (0h:0m:0s left)
Iteration 50 / LogL: -1162.979 / Time: 0h:0m:0s (0h:0m:0s left)
Iteration 60 / LogL: -1164.696 / Time: 0h:0m:0s (0h:0m:0s left)
Iteration 70 / LogL: -1169.484 / Time: 0h:0m:0s (0h:0m:0s left)
Iteration 80 / LogL: -1162.959 / Time: 0h:0m:0s (0h:0m:0s left)
Iteration 90 / LogL: -1162.960 / Time: 0h:0m:0s (0h:0m:0s left)
Iteration 100 / LogL: -1162.979 / Time: 0h:0m:0s (0h:0m:0s left)
TREE SEARCH COMPLETED AFTER 103 ITERATIONS / Time: 0h:0m:0s

--------------------------------------------------------------------
|                    FINALIZING TREE SEARCH                        |
--------------------------------------------------------------------
Performs final model parameters optimization
Estimate model parameters (epsilon = 0.010)
1. Initial log-likelihood: -1162.959
Optimal log-likelihood: -1162.959
Rate parameters:  A-C: 1.00000  A-G: 1.00000  A-T: 1.00000  C-G: 1.00000  C-T: 1.00000  G-T: 1.00000
Base frequencies:  A: 0.250  C: 0.250  G: 0.250  T: 0.250
Parameters optimization took 1 rounds (0.001 sec)
BEST SCORE FOUND : -1162.959

Testing tree branches by aBayes parametric test...
0.002 sec.
Total tree length: 0.856

Total number of iterations: 103
CPU time used for tree search: 0.754 sec (0h:0m:0s)
Wall-clock time used for tree search: 0.835 sec (0h:0m:0s)
Total CPU time used: 0.766 sec (0h:0m:0s)
Total wall-clock time used: 0.847 sec (0h:0m:0s)

Analysis results written to: 
  IQ-TREE report:                /home/mis/CSE6406-project/work/paper_subset_50x10_L200/ils_low/replicate_04/estimated_gene_trees/L200/jc/locus_0031.iqtree
  Maximum-likelihood tree:       /home/mis/CSE6406-project/work/paper_subset_50x10_L200/ils_low/replicate_04/estimated_gene_trees/L200/jc/locus_0031.treefile
  Likelihood distances:          /home/mis/CSE6406-project/work/paper_subset_50x10_L200/ils_low/replicate_04/estimated_gene_trees/L200/jc/locus_0031.mldist
  Screen log file:               /home/mis/CSE6406-project/work/paper_subset_50x10_L200/ils_low/replicate_04/estimated_gene_trees/L200/jc/locus_0031.log

Date and Time: Sat Sep 12 21:33:21 2026
