IQ-TREE multicore version 2.4.0 for Linux x86 64-bit built Feb 12 2025
Developed by Bui Quang Minh, Nguyen Lam Tung, Olga Chernomor, Heiko Schmidt,
Dominik Schrempf, Michael Woodhams, Ly Trong Nhan, Thomas Wong

Host:    ezmata (AVX2, FMA3, 15 GB RAM)
Command: /home/mis/miniconda3/envs/cse6406/bin/iqtree2 -s /home/mis/CSE6406-project/work/paper_subset_50x10_L200/ils_low/replicate_04/alignments/L200/locus_0025.phy -m JC --abayes -T 1 --seed 6806026 --prefix /home/mis/CSE6406-project/work/paper_subset_50x10_L200/ils_low/replicate_04/estimated_gene_trees/L200/jc/locus_0025 --redo --quiet
Seed:    6806026 (Using SPRNG - Scalable Parallel Random Number Generator)
Time:    Sat Sep 12 21:33:20 2026
Kernel:  AVX+FMA - 1 threads (16 CPU cores detected)

HINT: Use -nt option to specify number of threads because your CPU has 16 cores!
HINT: -nt AUTO will automatically determine the best number of threads to use.

Reading alignment file /home/mis/CSE6406-project/work/paper_subset_50x10_L200/ils_low/replicate_04/alignments/L200/locus_0025.phy ... Phylip format detected
Alignment most likely contains DNA/RNA sequences
Alignment has 21 sequences with 200 columns, 64 distinct patterns
44 parsimony-informative, 18 singleton sites, 138 constant sites
        Gap/Ambiguity  Composition  p-value
Analyzing sequences: done in 1.1625e-05 secs using 51.61% CPU
   1  0_0_0     0.00%    passed     76.96%
   2  20_0_0    0.00%    passed     97.84%
   3  18_0_0    0.00%    passed     98.92%
   4  19_0_0    0.00%    passed     95.05%
   5  17_0_0    0.00%    passed     96.88%
   6  2_0_0     0.00%    passed     98.91%
   7  15_0_0    0.00%    passed     98.92%
   8  16_0_0    0.00%    passed     99.32%
   9  11_0_0    0.00%    passed     99.92%
  10  1_0_0     0.00%    passed     97.74%
  11  4_0_0     0.00%    passed     97.74%
  12  10_0_0    0.00%    passed     98.69%
  13  14_0_0    0.00%    passed     97.34%
  14  5_0_0     0.00%    passed     97.84%
  15  7_0_0     0.00%    passed     97.84%
  16  9_0_0     0.00%    passed     99.32%
  17  8_0_0     0.00%    passed     99.35%
  18  12_0_0    0.00%    passed     94.37%
  19  6_0_0     0.00%    passed     95.74%
  20  13_0_0    0.00%    passed     98.92%
  21  3_0_0     0.00%    passed     89.53%
****  TOTAL     0.00%  0 sequences failed composition chi2 test (p-value<5%; df=3)
NOTE: 4_0_0 is identical to 1_0_0 but kept for subsequent analysis

Create initial parsimony tree by phylogenetic likelihood library (PLL)... 0.001 seconds

NOTE: 0 MB RAM (0 GB) is required!
Estimate model parameters (epsilon = 0.100)
1. Initial log-likelihood: -1159.861
Optimal log-likelihood: -1157.004
Rate parameters:  A-C: 1.00000  A-G: 1.00000  A-T: 1.00000  C-G: 1.00000  C-T: 1.00000  G-T: 1.00000
Base frequencies:  A: 0.250  C: 0.250  G: 0.250  T: 0.250
Parameters optimization took 1 rounds (0.001 sec)
Wrote distance file to... 
Computing ML distances based on estimated model parameters...
Calculating distance matrix: done in 0.0010521 secs using 97.61% CPU
Computing ML distances took 0.001087 sec (of wall-clock time) 0.001061 sec (of CPU time)
Setting up auxiliary I and S matrices: done in 5.2339e-05 secs using 97.44% CPU
Computing RapidNJ tree took 0.000210 sec (of wall-clock time) 0.000210 sec (of CPU time)
Log-likelihood of RapidNJ tree: -1163.235
--------------------------------------------------------------------
|             INITIALIZING CANDIDATE TREE SET                      |
--------------------------------------------------------------------
Generating 98 parsimony trees... 0.071 second
Computing log-likelihood of 98 initial trees ... 0.057 seconds
Current best score: -1151.705

Do NNI search on 20 best initial trees
Estimate model parameters (epsilon = 0.100)
BETTER TREE FOUND at iteration 1: -1151.552
Iteration 10 / LogL: -1153.574 / Time: 0h:0m:0s
BETTER TREE FOUND at iteration 11: -1151.552
Estimate model parameters (epsilon = 0.100)
BETTER TREE FOUND at iteration 19: -1150.928
Iteration 20 / LogL: -1153.709 / Time: 0h:0m:0s
Finish initializing candidate tree set (18)
Current best tree score: -1150.928 / CPU time: 0.228
Number of iterations: 20
--------------------------------------------------------------------
|               OPTIMIZING CANDIDATE TREE SET                      |
--------------------------------------------------------------------
Iteration 30 / LogL: -1151.552 / Time: 0h:0m:0s (0h:0m:0s left)
BETTER TREE FOUND at iteration 33: -1150.928
Iteration 40 / LogL: -1150.928 / Time: 0h:0m:0s (0h:0m:0s left)
Iteration 50 / LogL: -1151.623 / Time: 0h:0m:0s (0h:0m:0s left)
Iteration 60 / LogL: -1150.932 / Time: 0h:0m:0s (0h:0m:0s left)
Iteration 70 / LogL: -1151.222 / Time: 0h:0m:0s (0h:0m:0s left)
Iteration 80 / LogL: -1151.222 / Time: 0h:0m:0s (0h:0m:0s left)
Iteration 90 / LogL: -1153.160 / Time: 0h:0m:0s (0h:0m:0s left)
Iteration 100 / LogL: -1150.931 / Time: 0h:0m:0s (0h:0m:0s left)
UPDATE BEST LOG-LIKELIHOOD: -1150.928
Iteration 110 / LogL: -1150.928 / Time: 0h:0m:0s (0h:0m:0s left)
Iteration 120 / LogL: -1152.644 / Time: 0h:0m:0s (0h:0m:0s left)
Iteration 130 / LogL: -1150.929 / Time: 0h:0m:0s (0h:0m:0s left)
TREE SEARCH COMPLETED AFTER 134 ITERATIONS / Time: 0h:0m:1s

--------------------------------------------------------------------
|                    FINALIZING TREE SEARCH                        |
--------------------------------------------------------------------
Performs final model parameters optimization
Estimate model parameters (epsilon = 0.010)
1. Initial log-likelihood: -1150.928
Optimal log-likelihood: -1150.928
Rate parameters:  A-C: 1.00000  A-G: 1.00000  A-T: 1.00000  C-G: 1.00000  C-T: 1.00000  G-T: 1.00000
Base frequencies:  A: 0.250  C: 0.250  G: 0.250  T: 0.250
Parameters optimization took 1 rounds (0.000 sec)
BEST SCORE FOUND : -1150.928

Testing tree branches by aBayes parametric test...
0.001 sec.
Total tree length: 0.848

Total number of iterations: 134
CPU time used for tree search: 0.907 sec (0h:0m:0s)
Wall-clock time used for tree search: 0.999 sec (0h:0m:0s)
Total CPU time used: 0.921 sec (0h:0m:0s)
Total wall-clock time used: 1.015 sec (0h:0m:1s)

Analysis results written to: 
  IQ-TREE report:                /home/mis/CSE6406-project/work/paper_subset_50x10_L200/ils_low/replicate_04/estimated_gene_trees/L200/jc/locus_0025.iqtree
  Maximum-likelihood tree:       /home/mis/CSE6406-project/work/paper_subset_50x10_L200/ils_low/replicate_04/estimated_gene_trees/L200/jc/locus_0025.treefile
  Likelihood distances:          /home/mis/CSE6406-project/work/paper_subset_50x10_L200/ils_low/replicate_04/estimated_gene_trees/L200/jc/locus_0025.mldist
  Screen log file:               /home/mis/CSE6406-project/work/paper_subset_50x10_L200/ils_low/replicate_04/estimated_gene_trees/L200/jc/locus_0025.log

Date and Time: Sat Sep 12 21:33:21 2026
