IQ-TREE multicore version 2.4.0 for Linux x86 64-bit built Feb 12 2025
Developed by Bui Quang Minh, Nguyen Lam Tung, Olga Chernomor, Heiko Schmidt,
Dominik Schrempf, Michael Woodhams, Ly Trong Nhan, Thomas Wong

Host:    ezmata (AVX2, FMA3, 15 GB RAM)
Command: /home/mis/miniconda3/envs/cse6406/bin/iqtree2 -s /home/mis/CSE6406-project/work/paper_subset_50x10_L200/ils_high/replicate_07/alignments/L200/locus_0005.phy -m JC --abayes -T 1 --seed 7106006 --prefix /home/mis/CSE6406-project/work/paper_subset_50x10_L200/ils_high/replicate_07/estimated_gene_trees/L200/jc/locus_0005 --redo --quiet
Seed:    7106006 (Using SPRNG - Scalable Parallel Random Number Generator)
Time:    Sat Sep 12 21:45:18 2026
Kernel:  AVX+FMA - 1 threads (16 CPU cores detected)

HINT: Use -nt option to specify number of threads because your CPU has 16 cores!
HINT: -nt AUTO will automatically determine the best number of threads to use.

Reading alignment file /home/mis/CSE6406-project/work/paper_subset_50x10_L200/ils_high/replicate_07/alignments/L200/locus_0005.phy ... Phylip format detected
Alignment most likely contains DNA/RNA sequences
Alignment has 21 sequences with 200 columns, 105 distinct patterns
92 parsimony-informative, 10 singleton sites, 98 constant sites
        Gap/Ambiguity  Composition  p-value
Analyzing sequences: done in 9.668e-06 secs using 93.09% CPU
   1  0_0_0     0.00%    passed     53.02%
   2  10_0_0    0.00%    passed     89.33%
   3  17_0_0    0.00%    passed     94.96%
   4  16_0_0    0.00%    passed     91.70%
   5  11_0_0    0.00%    passed     20.30%
   6  9_0_0     0.00%    passed     61.89%
   7  6_0_0     0.00%    passed     99.91%
   8  20_0_0    0.00%    passed     56.85%
   9  18_0_0    0.00%    passed     81.27%
  10  19_0_0    0.00%    passed     92.21%
  11  15_0_0    0.00%    passed     86.62%
  12  8_0_0     0.00%    passed     74.86%
  13  3_0_0     0.00%    passed     49.38%
  14  13_0_0    0.00%    passed     96.39%
  15  5_0_0     0.00%    passed     84.22%
  16  1_0_0     0.00%    passed     83.13%
  17  12_0_0    0.00%    passed     86.77%
  18  7_0_0     0.00%    passed     98.75%
  19  2_0_0     0.00%    passed     30.41%
  20  4_0_0     0.00%    passed     86.36%
  21  14_0_0    0.00%    passed     67.49%
****  TOTAL     0.00%  0 sequences failed composition chi2 test (p-value<5%; df=3)

Create initial parsimony tree by phylogenetic likelihood library (PLL)... 0.000 seconds

NOTE: 0 MB RAM (0 GB) is required!
Estimate model parameters (epsilon = 0.100)
1. Initial log-likelihood: -2943.938
Optimal log-likelihood: -2937.655
Rate parameters:  A-C: 1.00000  A-G: 1.00000  A-T: 1.00000  C-G: 1.00000  C-T: 1.00000  G-T: 1.00000
Base frequencies:  A: 0.250  C: 0.250  G: 0.250  T: 0.250
Parameters optimization took 1 rounds (0.001 sec)
Wrote distance file to... 
Computing ML distances based on estimated model parameters...
Calculating distance matrix: done in 0.00077035 secs using 99.95% CPU
Computing ML distances took 0.000795 sec (of wall-clock time) 0.000797 sec (of CPU time)
Setting up auxiliary I and S matrices: done in 5.6599e-05 secs using 98.94% CPU
Computing RapidNJ tree took 0.000220 sec (of wall-clock time) 0.000219 sec (of CPU time)
Log-likelihood of RapidNJ tree: -2946.664
--------------------------------------------------------------------
|             INITIALIZING CANDIDATE TREE SET                      |
--------------------------------------------------------------------
Generating 98 parsimony trees... 0.083 second
Computing log-likelihood of 98 initial trees ... 0.049 seconds
Current best score: -2924.892

Do NNI search on 20 best initial trees
Estimate model parameters (epsilon = 0.100)
BETTER TREE FOUND at iteration 1: -2921.153
Iteration 10 / LogL: -2931.193 / Time: 0h:0m:0s
Iteration 20 / LogL: -2931.100 / Time: 0h:0m:0s
Finish initializing candidate tree set (17)
Current best tree score: -2921.153 / CPU time: 0.217
Number of iterations: 20
--------------------------------------------------------------------
|               OPTIMIZING CANDIDATE TREE SET                      |
--------------------------------------------------------------------
Iteration 30 / LogL: -2923.414 / Time: 0h:0m:0s (0h:0m:0s left)
Estimate model parameters (epsilon = 0.100)
BETTER TREE FOUND at iteration 37: -2921.128
Iteration 40 / LogL: -2921.165 / Time: 0h:0m:0s (0h:0m:1s left)
Iteration 50 / LogL: -2921.228 / Time: 0h:0m:0s (0h:0m:1s left)
Iteration 60 / LogL: -2921.200 / Time: 0h:0m:0s (0h:0m:0s left)
Iteration 70 / LogL: -2921.174 / Time: 0h:0m:0s (0h:0m:0s left)
Iteration 80 / LogL: -2921.888 / Time: 0h:0m:0s (0h:0m:0s left)
Iteration 90 / LogL: -2921.167 / Time: 0h:0m:1s (0h:0m:0s left)
Iteration 100 / LogL: -2921.219 / Time: 0h:0m:1s (0h:0m:0s left)
Iteration 110 / LogL: -2921.138 / Time: 0h:0m:1s (0h:0m:0s left)
Iteration 120 / LogL: -2923.146 / Time: 0h:0m:1s (0h:0m:0s left)
Iteration 130 / LogL: -2921.875 / Time: 0h:0m:1s (0h:0m:0s left)
TREE SEARCH COMPLETED AFTER 138 ITERATIONS / Time: 0h:0m:1s

--------------------------------------------------------------------
|                    FINALIZING TREE SEARCH                        |
--------------------------------------------------------------------
Performs final model parameters optimization
Estimate model parameters (epsilon = 0.010)
1. Initial log-likelihood: -2921.128
Optimal log-likelihood: -2921.128
Rate parameters:  A-C: 1.00000  A-G: 1.00000  A-T: 1.00000  C-G: 1.00000  C-T: 1.00000  G-T: 1.00000
Base frequencies:  A: 0.250  C: 0.250  G: 0.250  T: 0.250
Parameters optimization took 1 rounds (0.001 sec)
BEST SCORE FOUND : -2921.128

Testing tree branches by aBayes parametric test...
0.003 sec.
Total tree length: 3.592

Total number of iterations: 138
CPU time used for tree search: 1.630 sec (0h:0m:1s)
Wall-clock time used for tree search: 1.750 sec (0h:0m:1s)
Total CPU time used: 1.647 sec (0h:0m:1s)
Total wall-clock time used: 1.767 sec (0h:0m:1s)

Analysis results written to: 
  IQ-TREE report:                /home/mis/CSE6406-project/work/paper_subset_50x10_L200/ils_high/replicate_07/estimated_gene_trees/L200/jc/locus_0005.iqtree
  Maximum-likelihood tree:       /home/mis/CSE6406-project/work/paper_subset_50x10_L200/ils_high/replicate_07/estimated_gene_trees/L200/jc/locus_0005.treefile
  Likelihood distances:          /home/mis/CSE6406-project/work/paper_subset_50x10_L200/ils_high/replicate_07/estimated_gene_trees/L200/jc/locus_0005.mldist
  Screen log file:               /home/mis/CSE6406-project/work/paper_subset_50x10_L200/ils_high/replicate_07/estimated_gene_trees/L200/jc/locus_0005.log

Date and Time: Sat Sep 12 21:45:20 2026
