IQ-TREE multicore version 2.4.0 for Linux x86 64-bit built Feb 12 2025
Developed by Bui Quang Minh, Nguyen Lam Tung, Olga Chernomor, Heiko Schmidt,
Dominik Schrempf, Michael Woodhams, Ly Trong Nhan, Thomas Wong

Host:    ezmata (AVX2, FMA3, 15 GB RAM)
Command: /home/mis/miniconda3/envs/cse6406/bin/iqtree2 -s /home/mis/CSE6406-project/work/paper_subset_50x10_L200/ils_high/replicate_07/alignments/L200/locus_0002.phy -m JC --abayes -T 1 --seed 7106003 --prefix /home/mis/CSE6406-project/work/paper_subset_50x10_L200/ils_high/replicate_07/estimated_gene_trees/L200/jc/locus_0002 --redo --quiet
Seed:    7106003 (Using SPRNG - Scalable Parallel Random Number Generator)
Time:    Sat Sep 12 21:45:18 2026
Kernel:  AVX+FMA - 1 threads (16 CPU cores detected)

HINT: Use -nt option to specify number of threads because your CPU has 16 cores!
HINT: -nt AUTO will automatically determine the best number of threads to use.

Reading alignment file /home/mis/CSE6406-project/work/paper_subset_50x10_L200/ils_high/replicate_07/alignments/L200/locus_0002.phy ... Phylip format detected
Alignment most likely contains DNA/RNA sequences
Alignment has 21 sequences with 200 columns, 113 distinct patterns
92 parsimony-informative, 17 singleton sites, 91 constant sites
        Gap/Ambiguity  Composition  p-value
Analyzing sequences: done in 8.74701e-06 secs using 57.16% CPU
   1  0_0_0     0.00%    passed     50.11%
   2  5_0_0     0.00%    passed     78.82%
   3  11_0_0    0.00%    passed     99.16%
   4  2_0_0     0.00%    passed     77.43%
   5  8_0_0     0.00%    passed     95.84%
   6  15_0_0    0.00%    passed     85.63%
   7  17_0_0    0.00%    passed     85.85%
   8  10_0_0    0.00%    passed     76.60%
   9  16_0_0    0.00%    passed     92.55%
  10  12_0_0    0.00%    passed     91.79%
  11  7_0_0     0.00%    passed     68.52%
  12  1_0_0     0.00%    passed     96.48%
  13  4_0_0     0.00%    passed     80.18%
  14  9_0_0     0.00%    passed     96.36%
  15  14_0_0    0.00%    passed     67.67%
  16  6_0_0     0.00%    passed     95.64%
  17  13_0_0    0.00%    passed     55.76%
  18  3_0_0     0.00%    passed     80.73%
  19  19_0_0    0.00%    passed     79.10%
  20  18_0_0    0.00%    passed     98.91%
  21  20_0_0    0.00%    passed     97.74%
****  TOTAL     0.00%  0 sequences failed composition chi2 test (p-value<5%; df=3)

Create initial parsimony tree by phylogenetic likelihood library (PLL)... 0.000 seconds

NOTE: 0 MB RAM (0 GB) is required!
Estimate model parameters (epsilon = 0.100)
1. Initial log-likelihood: -2857.054
Optimal log-likelihood: -2848.595
Rate parameters:  A-C: 1.00000  A-G: 1.00000  A-T: 1.00000  C-G: 1.00000  C-T: 1.00000  G-T: 1.00000
Base frequencies:  A: 0.250  C: 0.250  G: 0.250  T: 0.250
Parameters optimization took 1 rounds (0.001 sec)
Wrote distance file to... 
Computing ML distances based on estimated model parameters...
Calculating distance matrix: done in 0.00107315 secs using 91.6% CPU
Computing ML distances took 0.001123 sec (of wall-clock time) 0.001031 sec (of CPU time)
Setting up auxiliary I and S matrices: done in 5.4185e-05 secs using 88.59% CPU
Computing RapidNJ tree took 0.000213 sec (of wall-clock time) 0.000051 sec (of CPU time)
Log-likelihood of RapidNJ tree: -2865.162
--------------------------------------------------------------------
|             INITIALIZING CANDIDATE TREE SET                      |
--------------------------------------------------------------------
Generating 98 parsimony trees... 0.115 second
Computing log-likelihood of 98 initial trees ... 0.088 seconds
Current best score: -2848.595

Do NNI search on 20 best initial trees
Estimate model parameters (epsilon = 0.100)
BETTER TREE FOUND at iteration 1: -2848.594
Iteration 10 / LogL: -2849.339 / Time: 0h:0m:0s
Iteration 20 / LogL: -2854.830 / Time: 0h:0m:0s
Finish initializing candidate tree set (13)
Current best tree score: -2848.594 / CPU time: 0.320
Number of iterations: 20
--------------------------------------------------------------------
|               OPTIMIZING CANDIDATE TREE SET                      |
--------------------------------------------------------------------
Iteration 30 / LogL: -2849.832 / Time: 0h:0m:0s (0h:0m:1s left)
Iteration 40 / LogL: -2850.428 / Time: 0h:0m:0s (0h:0m:0s left)
Iteration 50 / LogL: -2848.759 / Time: 0h:0m:0s (0h:0m:0s left)
Iteration 60 / LogL: -2848.754 / Time: 0h:0m:0s (0h:0m:0s left)
Iteration 70 / LogL: -2849.346 / Time: 0h:0m:0s (0h:0m:0s left)
Iteration 80 / LogL: -2849.337 / Time: 0h:0m:0s (0h:0m:0s left)
Iteration 90 / LogL: -2848.756 / Time: 0h:0m:0s (0h:0m:0s left)
Iteration 100 / LogL: -2852.354 / Time: 0h:0m:0s (0h:0m:0s left)
TREE SEARCH COMPLETED AFTER 102 ITERATIONS / Time: 0h:0m:0s

--------------------------------------------------------------------
|                    FINALIZING TREE SEARCH                        |
--------------------------------------------------------------------
Performs final model parameters optimization
Estimate model parameters (epsilon = 0.010)
1. Initial log-likelihood: -2848.594
Optimal log-likelihood: -2848.594
Rate parameters:  A-C: 1.00000  A-G: 1.00000  A-T: 1.00000  C-G: 1.00000  C-T: 1.00000  G-T: 1.00000
Base frequencies:  A: 0.250  C: 0.250  G: 0.250  T: 0.250
Parameters optimization took 1 rounds (0.000 sec)
BEST SCORE FOUND : -2848.594

Testing tree branches by aBayes parametric test...
0.001 sec.
Total tree length: 3.368

Total number of iterations: 102
CPU time used for tree search: 0.913 sec (0h:0m:0s)
Wall-clock time used for tree search: 0.975 sec (0h:0m:0s)
Total CPU time used: 0.928 sec (0h:0m:0s)
Total wall-clock time used: 0.991 sec (0h:0m:0s)

Analysis results written to: 
  IQ-TREE report:                /home/mis/CSE6406-project/work/paper_subset_50x10_L200/ils_high/replicate_07/estimated_gene_trees/L200/jc/locus_0002.iqtree
  Maximum-likelihood tree:       /home/mis/CSE6406-project/work/paper_subset_50x10_L200/ils_high/replicate_07/estimated_gene_trees/L200/jc/locus_0002.treefile
  Likelihood distances:          /home/mis/CSE6406-project/work/paper_subset_50x10_L200/ils_high/replicate_07/estimated_gene_trees/L200/jc/locus_0002.mldist
  Screen log file:               /home/mis/CSE6406-project/work/paper_subset_50x10_L200/ils_high/replicate_07/estimated_gene_trees/L200/jc/locus_0002.log

Date and Time: Sat Sep 12 21:45:19 2026
