IQ-TREE multicore version 2.4.0 for Linux x86 64-bit built Feb 12 2025
Developed by Bui Quang Minh, Nguyen Lam Tung, Olga Chernomor, Heiko Schmidt,
Dominik Schrempf, Michael Woodhams, Ly Trong Nhan, Thomas Wong

Host:    ezmata (AVX2, FMA3, 15 GB RAM)
Command: /home/mis/miniconda3/envs/cse6406/bin/iqtree2 -s /home/mis/CSE6406-project/work/paper_subset_50x10_L200/ils_high/replicate_09/alignments/L200/locus_0033.phy -m GTR --abayes -T 1 --seed 7306034 --prefix /home/mis/CSE6406-project/work/paper_subset_50x10_L200/ils_high/replicate_09/estimated_gene_trees/L200/gtr/locus_0033 --redo --quiet
Seed:    7306034 (Using SPRNG - Scalable Parallel Random Number Generator)
Time:    Sat Sep 12 21:46:46 2026
Kernel:  AVX+FMA - 1 threads (16 CPU cores detected)

HINT: Use -nt option to specify number of threads because your CPU has 16 cores!
HINT: -nt AUTO will automatically determine the best number of threads to use.

Reading alignment file /home/mis/CSE6406-project/work/paper_subset_50x10_L200/ils_high/replicate_09/alignments/L200/locus_0033.phy ... Phylip format detected
Alignment most likely contains DNA/RNA sequences
Alignment has 21 sequences with 200 columns, 127 distinct patterns
97 parsimony-informative, 27 singleton sites, 76 constant sites
        Gap/Ambiguity  Composition  p-value
Analyzing sequences: done in 8.642e-06 secs
   1  0_0_0     0.00%    passed     34.98%
   2  1_0_0     0.00%    passed     94.40%
   3  16_0_0    0.00%    passed     46.62%
   4  8_0_0     0.00%    passed     85.55%
   5  3_0_0     0.00%    passed     55.19%
   6  12_0_0    0.00%    passed     96.87%
   7  20_0_0    0.00%    passed     97.17%
   8  9_0_0     0.00%    passed     33.23%
   9  19_0_0    0.00%    passed     78.16%
  10  18_0_0    0.00%    passed     95.13%
  11  5_0_0     0.00%    passed     35.59%
  12  6_0_0     0.00%    passed     92.15%
  13  4_0_0     0.00%    passed     85.40%
  14  10_0_0    0.00%    passed     98.55%
  15  2_0_0     0.00%    passed     42.85%
  16  13_0_0    0.00%    passed     31.84%
  17  14_0_0    0.00%    passed     91.13%
  18  7_0_0     0.00%    passed     96.45%
  19  15_0_0    0.00%    passed     90.46%
  20  17_0_0    0.00%    passed     80.39%
  21  11_0_0    0.00%    passed     64.81%
****  TOTAL     0.00%  0 sequences failed composition chi2 test (p-value<5%; df=3)

Create initial parsimony tree by phylogenetic likelihood library (PLL)... 0.001 seconds

NOTE: 0 MB RAM (0 GB) is required!
Estimate model parameters (epsilon = 0.100)
1. Initial log-likelihood: -3051.948
2. Current log-likelihood: -3027.304
3. Current log-likelihood: -3026.955
Optimal log-likelihood: -3026.952
Rate parameters:  A-C: 0.90936  A-G: 1.09481  A-T: 0.70421  C-G: 1.14475  C-T: 1.50865  G-T: 1.00000
Base frequencies:  A: 0.320  C: 0.177  G: 0.191  T: 0.312
Parameters optimization took 3 rounds (0.006 sec)
Wrote distance file to... 
Computing ML distances based on estimated model parameters...
Calculating distance matrix: done in 0.000559437 secs using 80.26% CPU
Computing ML distances took 0.000588 sec (of wall-clock time) 0.000473 sec (of CPU time)
Setting up auxiliary I and S matrices: done in 5.6046e-05 secs using 98.13% CPU
Computing RapidNJ tree took 0.000219 sec (of wall-clock time) 0.000218 sec (of CPU time)
Log-likelihood of RapidNJ tree: -3036.650
--------------------------------------------------------------------
|             INITIALIZING CANDIDATE TREE SET                      |
--------------------------------------------------------------------
Generating 98 parsimony trees... 0.075 second
Computing log-likelihood of 98 initial trees ... 0.060 seconds
Current best score: -3008.576

Do NNI search on 20 best initial trees
Estimate model parameters (epsilon = 0.100)
BETTER TREE FOUND at iteration 1: -3004.894
Iteration 10 / LogL: -3013.553 / Time: 0h:0m:0s
Iteration 20 / LogL: -3008.197 / Time: 0h:0m:0s
Finish initializing candidate tree set (20)
Current best tree score: -3004.894 / CPU time: 0.223
Number of iterations: 20
--------------------------------------------------------------------
|               OPTIMIZING CANDIDATE TREE SET                      |
--------------------------------------------------------------------
Iteration 30 / LogL: -3006.538 / Time: 0h:0m:0s (0h:0m:0s left)
Iteration 40 / LogL: -3010.457 / Time: 0h:0m:0s (0h:0m:0s left)
Iteration 50 / LogL: -3004.932 / Time: 0h:0m:0s (0h:0m:0s left)
Iteration 60 / LogL: -3006.206 / Time: 0h:0m:0s (0h:0m:0s left)
Iteration 70 / LogL: -3005.140 / Time: 0h:0m:0s (0h:0m:0s left)
Iteration 80 / LogL: -3005.028 / Time: 0h:0m:0s (0h:0m:0s left)
Iteration 90 / LogL: -3006.201 / Time: 0h:0m:0s (0h:0m:0s left)
Iteration 100 / LogL: -3008.266 / Time: 0h:0m:0s (0h:0m:0s left)
TREE SEARCH COMPLETED AFTER 102 ITERATIONS / Time: 0h:0m:0s

--------------------------------------------------------------------
|                    FINALIZING TREE SEARCH                        |
--------------------------------------------------------------------
Performs final model parameters optimization
Estimate model parameters (epsilon = 0.010)
1. Initial log-likelihood: -3004.894
Optimal log-likelihood: -3004.894
Rate parameters:  A-C: 0.94819  A-G: 1.27786  A-T: 0.80964  C-G: 1.38049  C-T: 1.68064  G-T: 1.00000
Base frequencies:  A: 0.320  C: 0.177  G: 0.191  T: 0.312
Parameters optimization took 1 rounds (0.001 sec)
BEST SCORE FOUND : -3004.894

Testing tree branches by aBayes parametric test...
0.002 sec.
Total tree length: 3.967

Total number of iterations: 102
CPU time used for tree search: 0.777 sec (0h:0m:0s)
Wall-clock time used for tree search: 0.843 sec (0h:0m:0s)
Total CPU time used: 0.797 sec (0h:0m:0s)
Total wall-clock time used: 0.864 sec (0h:0m:0s)

Analysis results written to: 
  IQ-TREE report:                /home/mis/CSE6406-project/work/paper_subset_50x10_L200/ils_high/replicate_09/estimated_gene_trees/L200/gtr/locus_0033.iqtree
  Maximum-likelihood tree:       /home/mis/CSE6406-project/work/paper_subset_50x10_L200/ils_high/replicate_09/estimated_gene_trees/L200/gtr/locus_0033.treefile
  Likelihood distances:          /home/mis/CSE6406-project/work/paper_subset_50x10_L200/ils_high/replicate_09/estimated_gene_trees/L200/gtr/locus_0033.mldist
  Screen log file:               /home/mis/CSE6406-project/work/paper_subset_50x10_L200/ils_high/replicate_09/estimated_gene_trees/L200/gtr/locus_0033.log

Date and Time: Sat Sep 12 21:46:47 2026
