IQ-TREE multicore version 2.4.0 for Linux x86 64-bit built Feb 12 2025
Developed by Bui Quang Minh, Nguyen Lam Tung, Olga Chernomor, Heiko Schmidt,
Dominik Schrempf, Michael Woodhams, Ly Trong Nhan, Thomas Wong

Host:    ezmata (AVX2, FMA3, 15 GB RAM)
Command: /home/mis/miniconda3/envs/cse6406/bin/iqtree2 -s /home/mis/CSE6406-project/work/paper_subset_50x10_L200/ils_high/replicate_09/alignments/L200/locus_0016.phy -m GTR --abayes -T 1 --seed 7306017 --prefix /home/mis/CSE6406-project/work/paper_subset_50x10_L200/ils_high/replicate_09/estimated_gene_trees/L200/gtr/locus_0016 --redo --quiet
Seed:    7306017 (Using SPRNG - Scalable Parallel Random Number Generator)
Time:    Sat Sep 12 21:46:44 2026
Kernel:  AVX+FMA - 1 threads (16 CPU cores detected)

HINT: Use -nt option to specify number of threads because your CPU has 16 cores!
HINT: -nt AUTO will automatically determine the best number of threads to use.

Reading alignment file /home/mis/CSE6406-project/work/paper_subset_50x10_L200/ils_high/replicate_09/alignments/L200/locus_0016.phy ... Phylip format detected
Alignment most likely contains DNA/RNA sequences
Alignment has 21 sequences with 200 columns, 119 distinct patterns
95 parsimony-informative, 22 singleton sites, 83 constant sites
        Gap/Ambiguity  Composition  p-value
Analyzing sequences: done in 1.4978e-05 secs using 93.47% CPU
   1  18_0_0    0.00%    passed     92.48%
   2  17_0_0    0.00%    passed     58.21%
   3  15_0_0    0.00%    passed     78.97%
   4  5_0_0     0.00%    passed     85.61%
   5  2_0_0     0.00%    passed     44.85%
   6  3_0_0     0.00%    passed     95.89%
   7  20_0_0    0.00%    passed     85.62%
   8  19_0_0    0.00%    passed     79.76%
   9  6_0_0     0.00%    passed     93.32%
  10  1_0_0     0.00%    passed     76.97%
  11  16_0_0    0.00%    passed     79.48%
  12  8_0_0     0.00%    passed     50.22%
  13  11_0_0    0.00%    passed     64.16%
  14  9_0_0     0.00%    passed     70.35%
  15  12_0_0    0.00%    passed     88.85%
  16  10_0_0    0.00%    passed     98.55%
  17  7_0_0     0.00%    passed     42.69%
  18  14_0_0    0.00%    passed     94.30%
  19  13_0_0    0.00%    passed     82.92%
  20  4_0_0     0.00%    passed     82.54%
  21  0_0_0     0.00%    passed     88.40%
****  TOTAL     0.00%  0 sequences failed composition chi2 test (p-value<5%; df=3)

Create initial parsimony tree by phylogenetic likelihood library (PLL)... 0.001 seconds

NOTE: 0 MB RAM (0 GB) is required!
Estimate model parameters (epsilon = 0.100)
1. Initial log-likelihood: -3296.273
2. Current log-likelihood: -3280.750
3. Current log-likelihood: -3280.636
Optimal log-likelihood: -3280.635
Rate parameters:  A-C: 1.54648  A-G: 1.61639  A-T: 1.24412  C-G: 1.27254  C-T: 1.60661  G-T: 1.00000
Base frequencies:  A: 0.256  C: 0.189  G: 0.208  T: 0.346
Parameters optimization took 3 rounds (0.006 sec)
Wrote distance file to... 
Computing ML distances based on estimated model parameters...
Calculating distance matrix: done in 0.000619935 secs using 80.98% CPU
Computing ML distances took 0.000648 sec (of wall-clock time) 0.000526 sec (of CPU time)
Setting up auxiliary I and S matrices: done in 5.6609e-05 secs using 98.92% CPU
Computing RapidNJ tree took 0.000225 sec (of wall-clock time) 0.000224 sec (of CPU time)
Log-likelihood of RapidNJ tree: -3284.946
--------------------------------------------------------------------
|             INITIALIZING CANDIDATE TREE SET                      |
--------------------------------------------------------------------
Generating 98 parsimony trees... 0.076 second
Computing log-likelihood of 98 initial trees ... 0.052 seconds
Current best score: -3263.449

Do NNI search on 20 best initial trees
Estimate model parameters (epsilon = 0.100)
BETTER TREE FOUND at iteration 1: -3258.054
Estimate model parameters (epsilon = 0.100)
BETTER TREE FOUND at iteration 8: -3254.795
Iteration 10 / LogL: -3264.892 / Time: 0h:0m:0s
Estimate model parameters (epsilon = 0.100)
BETTER TREE FOUND at iteration 15: -3253.917
Iteration 20 / LogL: -3263.531 / Time: 0h:0m:0s
Finish initializing candidate tree set (18)
Current best tree score: -3253.917 / CPU time: 0.234
Number of iterations: 20
--------------------------------------------------------------------
|               OPTIMIZING CANDIDATE TREE SET                      |
--------------------------------------------------------------------
Iteration 30 / LogL: -3254.837 / Time: 0h:0m:0s (0h:0m:0s left)
Iteration 40 / LogL: -3254.838 / Time: 0h:0m:0s (0h:0m:0s left)
Iteration 50 / LogL: -3258.183 / Time: 0h:0m:0s (0h:0m:0s left)
Iteration 60 / LogL: -3253.937 / Time: 0h:0m:0s (0h:0m:0s left)
Iteration 70 / LogL: -3258.161 / Time: 0h:0m:0s (0h:0m:0s left)
Iteration 80 / LogL: -3253.929 / Time: 0h:0m:0s (0h:0m:0s left)
Iteration 90 / LogL: -3256.349 / Time: 0h:0m:0s (0h:0m:0s left)
Iteration 100 / LogL: -3258.630 / Time: 0h:0m:0s (0h:0m:0s left)
Iteration 110 / LogL: -3259.874 / Time: 0h:0m:0s (0h:0m:0s left)
TREE SEARCH COMPLETED AFTER 116 ITERATIONS / Time: 0h:0m:0s

--------------------------------------------------------------------
|                    FINALIZING TREE SEARCH                        |
--------------------------------------------------------------------
Performs final model parameters optimization
Estimate model parameters (epsilon = 0.010)
1. Initial log-likelihood: -3253.917
Optimal log-likelihood: -3253.916
Rate parameters:  A-C: 1.33205  A-G: 1.55215  A-T: 1.11956  C-G: 1.16139  C-T: 1.40519  G-T: 1.00000
Base frequencies:  A: 0.256  C: 0.189  G: 0.208  T: 0.346
Parameters optimization took 1 rounds (0.001 sec)
BEST SCORE FOUND : -3253.916

Testing tree branches by aBayes parametric test...
0.002 sec.
Total tree length: 4.388

Total number of iterations: 116
CPU time used for tree search: 0.815 sec (0h:0m:0s)
Wall-clock time used for tree search: 0.875 sec (0h:0m:0s)
Total CPU time used: 0.836 sec (0h:0m:0s)
Total wall-clock time used: 0.897 sec (0h:0m:0s)

Analysis results written to: 
  IQ-TREE report:                /home/mis/CSE6406-project/work/paper_subset_50x10_L200/ils_high/replicate_09/estimated_gene_trees/L200/gtr/locus_0016.iqtree
  Maximum-likelihood tree:       /home/mis/CSE6406-project/work/paper_subset_50x10_L200/ils_high/replicate_09/estimated_gene_trees/L200/gtr/locus_0016.treefile
  Likelihood distances:          /home/mis/CSE6406-project/work/paper_subset_50x10_L200/ils_high/replicate_09/estimated_gene_trees/L200/gtr/locus_0016.mldist
  Screen log file:               /home/mis/CSE6406-project/work/paper_subset_50x10_L200/ils_high/replicate_09/estimated_gene_trees/L200/gtr/locus_0016.log

Date and Time: Sat Sep 12 21:46:45 2026
