IQ-TREE multicore version 2.4.0 for Linux x86 64-bit built Feb 12 2025
Developed by Bui Quang Minh, Nguyen Lam Tung, Olga Chernomor, Heiko Schmidt,
Dominik Schrempf, Michael Woodhams, Ly Trong Nhan, Thomas Wong

Host:    ezmata (AVX2, FMA3, 15 GB RAM)
Command: /home/mis/miniconda3/envs/cse6406/bin/iqtree2 -s /home/mis/CSE6406-project/work/paper_subset_50x10_L200/ils_high/replicate_09/alignments/L200/locus_0039.phy -m GTR --abayes -T 1 --seed 7306040 --prefix /home/mis/CSE6406-project/work/paper_subset_50x10_L200/ils_high/replicate_09/estimated_gene_trees/L200/gtr/locus_0039 --redo --quiet
Seed:    7306040 (Using SPRNG - Scalable Parallel Random Number Generator)
Time:    Sat Sep 12 21:46:47 2026
Kernel:  AVX+FMA - 1 threads (16 CPU cores detected)

HINT: Use -nt option to specify number of threads because your CPU has 16 cores!
HINT: -nt AUTO will automatically determine the best number of threads to use.

Reading alignment file /home/mis/CSE6406-project/work/paper_subset_50x10_L200/ils_high/replicate_09/alignments/L200/locus_0039.phy ... Phylip format detected
Alignment most likely contains DNA/RNA sequences
Alignment has 21 sequences with 200 columns, 126 distinct patterns
96 parsimony-informative, 27 singleton sites, 77 constant sites
        Gap/Ambiguity  Composition  p-value
Analyzing sequences: done in 1.6874e-05 secs using 94.82% CPU
   1  9_0_0     0.00%    passed     80.69%
   2  3_0_0     0.00%    passed     95.13%
   3  6_0_0     0.00%    passed     55.41%
   4  12_0_0    0.00%    passed     75.96%
   5  20_0_0    0.00%    passed     21.67%
   6  1_0_0     0.00%    passed     75.99%
   7  16_0_0    0.00%    passed     72.97%
   8  7_0_0     0.00%    passed     92.55%
   9  14_0_0    0.00%    passed     85.80%
  10  4_0_0     0.00%    passed     58.18%
  11  11_0_0    0.00%    passed     75.44%
  12  19_0_0    0.00%    passed     67.98%
  13  13_0_0    0.00%    passed     65.77%
  14  15_0_0    0.00%    passed     93.43%
  15  5_0_0     0.00%    passed     94.63%
  16  17_0_0    0.00%    passed     79.81%
  17  18_0_0    0.00%    passed     93.68%
  18  10_0_0    0.00%    passed     86.47%
  19  2_0_0     0.00%    passed     79.28%
  20  8_0_0     0.00%    passed     86.25%
  21  0_0_0     0.00%    passed     98.69%
****  TOTAL     0.00%  0 sequences failed composition chi2 test (p-value<5%; df=3)

Create initial parsimony tree by phylogenetic likelihood library (PLL)... 0.001 seconds

NOTE: 0 MB RAM (0 GB) is required!
Estimate model parameters (epsilon = 0.100)
1. Initial log-likelihood: -3160.122
2. Current log-likelihood: -3140.314
Optimal log-likelihood: -3140.235
Rate parameters:  A-C: 0.95136  A-G: 1.45799  A-T: 1.01954  C-G: 1.00303  C-T: 1.44922  G-T: 1.00000
Base frequencies:  A: 0.317  C: 0.215  G: 0.196  T: 0.272
Parameters optimization took 2 rounds (0.008 sec)
Wrote distance file to... 
Computing ML distances based on estimated model parameters...
Calculating distance matrix: done in 0.000942343 secs using 99.86% CPU
Computing ML distances took 0.000990 sec (of wall-clock time) 0.000994 sec (of CPU time)
Setting up auxiliary I and S matrices: done in 7.1546e-05 secs using 97.84% CPU
Computing RapidNJ tree took 0.000247 sec (of wall-clock time) 0.000246 sec (of CPU time)
Log-likelihood of RapidNJ tree: -3130.908
--------------------------------------------------------------------
|             INITIALIZING CANDIDATE TREE SET                      |
--------------------------------------------------------------------
Generating 98 parsimony trees... 0.125 second
Computing log-likelihood of 98 initial trees ... 0.099 seconds
Current best score: -3130.908

Do NNI search on 20 best initial trees
Estimate model parameters (epsilon = 0.100)
BETTER TREE FOUND at iteration 1: -3127.878
Estimate model parameters (epsilon = 0.100)
BETTER TREE FOUND at iteration 10: -3127.866
Iteration 10 / LogL: -3127.866 / Time: 0h:0m:0s
Iteration 20 / LogL: -3136.703 / Time: 0h:0m:0s
Finish initializing candidate tree set (15)
Current best tree score: -3127.866 / CPU time: 0.382
Number of iterations: 20
--------------------------------------------------------------------
|               OPTIMIZING CANDIDATE TREE SET                      |
--------------------------------------------------------------------
Iteration 30 / LogL: -3127.879 / Time: 0h:0m:0s (0h:0m:1s left)
Iteration 40 / LogL: -3127.867 / Time: 0h:0m:0s (0h:0m:1s left)
Iteration 50 / LogL: -3129.598 / Time: 0h:0m:0s (0h:0m:0s left)
Iteration 60 / LogL: -3127.898 / Time: 0h:0m:0s (0h:0m:0s left)
Iteration 70 / LogL: -3129.597 / Time: 0h:0m:1s (0h:0m:0s left)
Iteration 80 / LogL: -3129.154 / Time: 0h:0m:1s (0h:0m:0s left)
Iteration 90 / LogL: -3129.586 / Time: 0h:0m:1s (0h:0m:0s left)
Iteration 100 / LogL: -3127.888 / Time: 0h:0m:1s (0h:0m:0s left)
Iteration 110 / LogL: -3127.867 / Time: 0h:0m:1s (0h:0m:0s left)
TREE SEARCH COMPLETED AFTER 111 ITERATIONS / Time: 0h:0m:1s

--------------------------------------------------------------------
|                    FINALIZING TREE SEARCH                        |
--------------------------------------------------------------------
Performs final model parameters optimization
Estimate model parameters (epsilon = 0.010)
1. Initial log-likelihood: -3127.866
Optimal log-likelihood: -3127.866
Rate parameters:  A-C: 0.98311  A-G: 1.49798  A-T: 1.06213  C-G: 1.17328  C-T: 1.50590  G-T: 1.00000
Base frequencies:  A: 0.317  C: 0.215  G: 0.196  T: 0.272
Parameters optimization took 1 rounds (0.002 sec)
BEST SCORE FOUND : -3127.866

Testing tree branches by aBayes parametric test...
0.003 sec.
Total tree length: 4.110

Total number of iterations: 111
CPU time used for tree search: 1.439 sec (0h:0m:1s)
Wall-clock time used for tree search: 1.524 sec (0h:0m:1s)
Total CPU time used: 1.471 sec (0h:0m:1s)
Total wall-clock time used: 1.555 sec (0h:0m:1s)

Analysis results written to: 
  IQ-TREE report:                /home/mis/CSE6406-project/work/paper_subset_50x10_L200/ils_high/replicate_09/estimated_gene_trees/L200/gtr/locus_0039.iqtree
  Maximum-likelihood tree:       /home/mis/CSE6406-project/work/paper_subset_50x10_L200/ils_high/replicate_09/estimated_gene_trees/L200/gtr/locus_0039.treefile
  Likelihood distances:          /home/mis/CSE6406-project/work/paper_subset_50x10_L200/ils_high/replicate_09/estimated_gene_trees/L200/gtr/locus_0039.mldist
  Screen log file:               /home/mis/CSE6406-project/work/paper_subset_50x10_L200/ils_high/replicate_09/estimated_gene_trees/L200/gtr/locus_0039.log

Date and Time: Sat Sep 12 21:46:48 2026
