IQ-TREE multicore version 2.4.0 for MacOS ARM 64-bit built Feb 12 2025
Developed by Bui Quang Minh, Nguyen Lam Tung, Olga Chernomor, Heiko Schmidt,
Dominik Schrempf, Michael Woodhams, Ly Trong Nhan, Thomas Wong

Host:    Fahims-MacBook-Air.local (SSE4.2, 16 GB RAM)
Command: /Users/fahim/miniconda3/envs/cse6406/bin/iqtree2 -s /Users/fahim/CSE6406-project/work/paper_subset_50x10_L1600/ils_low/replicate_05/alignments/L1600/locus_0033.phy -m HKY+G4 --abayes -T AUTO --seed 6906034 --prefix /Users/fahim/CSE6406-project/work/paper_subset_50x10_L1600/ils_low/replicate_05/estimated_gene_trees/L1600/hky_g4/locus_0033 --redo --quiet
Seed:    6906034 (Using SPRNG - Scalable Parallel Random Number Generator)
Time:    Fri Sep 11 10:57:21 2026
Kernel:  SSE2 - auto-detect threads (10 CPU cores detected)

Reading alignment file /Users/fahim/CSE6406-project/work/paper_subset_50x10_L1600/ils_low/replicate_05/alignments/L1600/locus_0033.phy ... Phylip format detected
Alignment most likely contains DNA/RNA sequences
Alignment has 21 sequences with 1600 columns, 489 distinct patterns
375 parsimony-informative, 148 singleton sites, 1077 constant sites
        Gap/Ambiguity  Composition  p-value
Analyzing sequences: done in 4.00543e-05 secs using 99.86% CPU
   1  1_0_0     0.00%    passed     99.08%
   2  4_0_0     0.00%    passed     96.12%
   3  3_0_0     0.00%    passed     98.20%
   4  2_0_0     0.00%    passed     98.80%
   5  10_0_0    0.00%    passed     85.83%
   6  5_0_0     0.00%    passed     96.90%
   7  12_0_0    0.00%    passed     88.93%
   8  11_0_0    0.00%    passed     97.90%
   9  9_0_0     0.00%    passed     98.77%
  10  6_0_0     0.00%    passed     92.97%
  11  8_0_0     0.00%    passed     98.53%
  12  7_0_0     0.00%    passed     99.16%
  13  20_0_0    0.00%    passed     93.60%
  14  15_0_0    0.00%    passed     94.44%
  15  13_0_0    0.00%    passed     96.17%
  16  14_0_0    0.00%    passed     99.87%
  17  19_0_0    0.00%    passed     94.46%
  18  17_0_0    0.00%    passed     94.57%
  19  16_0_0    0.00%    passed     96.76%
  20  18_0_0    0.00%    passed     99.34%
  21  0_0_0     0.00%    passed     50.30%
****  TOTAL     0.00%  0 sequences failed composition chi2 test (p-value<5%; df=3)

Create initial parsimony tree by phylogenetic likelihood library (PLL)... 0.000 seconds

NOTE: 1 MB RAM (0 GB) is required!
Measuring multi-threading efficiency up to 10 CPU cores
Increase to 10 rounds for branch lengths
1861 trees examined
Threads: 1 / Time: 10.004 sec / Speedup: 1.000 / Efficiency: 100% / LogL: -11214
Threads: 2 / Time: 15.356 sec / Speedup: 0.651 / Efficiency: 33% / LogL: -11214
BEST NUMBER OF THREADS: 1

Estimate model parameters (epsilon = 0.100)
1. Initial log-likelihood: -9909.408
2. Current log-likelihood: -9520.285
3. Current log-likelihood: -9514.890
Optimal log-likelihood: -9514.848
Rate parameters:  A-C: 1.00000  A-G: 1.95037  A-T: 1.00000  C-G: 1.00000  C-T: 1.95037  G-T: 1.00000
Base frequencies:  A: 0.301  C: 0.196  G: 0.191  T: 0.312
Gamma shape alpha: 0.175
Parameters optimization took 3 rounds (0.021 sec)
Wrote distance file to... 
Computing ML distances based on estimated model parameters...
Calculating distance matrix: done in 0.00105309 secs using 99.14% CPU
Computing ML distances took 0.001086 sec (of wall-clock time) 0.001066 sec (of CPU time)
Setting up auxiliary I and S matrices: done in 1.50204e-05 secs using 66.58% CPU
Computing RapidNJ tree took 0.000059 sec (of wall-clock time) 0.000059 sec (of CPU time)
Log-likelihood of RapidNJ tree: -9515.854
--------------------------------------------------------------------
|             INITIALIZING CANDIDATE TREE SET                      |
--------------------------------------------------------------------
Generating 98 parsimony trees... 0.058 second
Computing log-likelihood of 98 initial trees ... 0.115 seconds
Current best score: -9514.848

Do NNI search on 20 best initial trees
Estimate model parameters (epsilon = 0.100)
BETTER TREE FOUND at iteration 1: -9514.631
Iteration 10 / LogL: -9514.643 / Time: 0h:0m:25s
Iteration 20 / LogL: -9514.638 / Time: 0h:0m:25s
Finish initializing candidate tree set (3)
Current best tree score: -9514.631 / CPU time: 0.464
Number of iterations: 20
--------------------------------------------------------------------
|               OPTIMIZING CANDIDATE TREE SET                      |
--------------------------------------------------------------------
Iteration 30 / LogL: -9514.783 / Time: 0h:0m:26s (0h:1m:3s left)
Iteration 40 / LogL: -9514.681 / Time: 0h:0m:26s (0h:0m:40s left)
Iteration 50 / LogL: -9514.644 / Time: 0h:0m:26s (0h:0m:27s left)
Iteration 60 / LogL: -9514.752 / Time: 0h:0m:26s (0h:0m:18s left)
Iteration 70 / LogL: -9514.634 / Time: 0h:0m:26s (0h:0m:12s left)
Iteration 80 / LogL: -9514.790 / Time: 0h:0m:26s (0h:0m:7s left)
Iteration 90 / LogL: -9514.782 / Time: 0h:0m:27s (0h:0m:3s left)
Iteration 100 / LogL: -9514.647 / Time: 0h:0m:27s (0h:0m:0s left)
TREE SEARCH COMPLETED AFTER 102 ITERATIONS / Time: 0h:0m:27s

--------------------------------------------------------------------
|                    FINALIZING TREE SEARCH                        |
--------------------------------------------------------------------
Performs final model parameters optimization
Estimate model parameters (epsilon = 0.010)
1. Initial log-likelihood: -9514.631
Optimal log-likelihood: -9514.631
Rate parameters:  A-C: 1.00000  A-G: 1.95546  A-T: 1.00000  C-G: 1.00000  C-T: 1.95546  G-T: 1.00000
Base frequencies:  A: 0.301  C: 0.196  G: 0.191  T: 0.312
Gamma shape alpha: 0.174
Parameters optimization took 1 rounds (0.003 sec)
BEST SCORE FOUND : -9514.631

Testing tree branches by aBayes parametric test...
0.004 sec.
Total tree length: 1.117

Total number of iterations: 102
CPU time used for tree search: 1.921 sec (0h:0m:1s)
Wall-clock time used for tree search: 1.924 sec (0h:0m:1s)
Total CPU time used: 26.401 sec (0h:0m:26s)
Total wall-clock time used: 27.321 sec (0h:0m:27s)

Analysis results written to: 
  IQ-TREE report:                /Users/fahim/CSE6406-project/work/paper_subset_50x10_L1600/ils_low/replicate_05/estimated_gene_trees/L1600/hky_g4/locus_0033.iqtree
  Maximum-likelihood tree:       /Users/fahim/CSE6406-project/work/paper_subset_50x10_L1600/ils_low/replicate_05/estimated_gene_trees/L1600/hky_g4/locus_0033.treefile
  Likelihood distances:          /Users/fahim/CSE6406-project/work/paper_subset_50x10_L1600/ils_low/replicate_05/estimated_gene_trees/L1600/hky_g4/locus_0033.mldist
  Screen log file:               /Users/fahim/CSE6406-project/work/paper_subset_50x10_L1600/ils_low/replicate_05/estimated_gene_trees/L1600/hky_g4/locus_0033.log

Date and Time: Fri Sep 11 10:57:48 2026
