IQ-TREE multicore version 2.4.0 for MacOS ARM 64-bit built Feb 12 2025
Developed by Bui Quang Minh, Nguyen Lam Tung, Olga Chernomor, Heiko Schmidt,
Dominik Schrempf, Michael Woodhams, Ly Trong Nhan, Thomas Wong

Host:    Fahims-MacBook-Air.local (SSE4.2, 16 GB RAM)
Command: /Users/fahim/miniconda3/envs/cse6406/bin/iqtree2 -s /Users/fahim/CSE6406-project/work/paper_subset_50x10_L1600/ils_low/replicate_05/alignments/L1600/locus_0050.phy -m HKY+G4 --abayes -T AUTO --seed 6906051 --prefix /Users/fahim/CSE6406-project/work/paper_subset_50x10_L1600/ils_low/replicate_05/estimated_gene_trees/L1600/hky_g4/locus_0050 --redo --quiet
Seed:    6906051 (Using SPRNG - Scalable Parallel Random Number Generator)
Time:    Fri Sep 11 11:05:14 2026
Kernel:  SSE2 - auto-detect threads (10 CPU cores detected)

Reading alignment file /Users/fahim/CSE6406-project/work/paper_subset_50x10_L1600/ils_low/replicate_05/alignments/L1600/locus_0050.phy ... Phylip format detected
Alignment most likely contains DNA/RNA sequences
Alignment has 21 sequences with 1600 columns, 507 distinct patterns
385 parsimony-informative, 173 singleton sites, 1042 constant sites
        Gap/Ambiguity  Composition  p-value
Analyzing sequences: done in 3.79086e-05 secs using 108.2% CPU
   1  0_0_0     0.00%    passed     97.95%
   2  15_0_0    0.00%    passed     80.72%
   3  20_0_0    0.00%    passed     87.68%
   4  2_0_0     0.00%    passed     93.27%
   5  1_0_0     0.00%    passed     91.93%
   6  4_0_0     0.00%    passed     92.88%
   7  3_0_0     0.00%    passed     96.64%
   8  18_0_0    0.00%    passed     99.87%
   9  19_0_0    0.00%    passed     89.75%
  10  17_0_0    0.00%    passed     91.91%
  11  16_0_0    0.00%    passed     90.77%
  12  13_0_0    0.00%    passed     93.79%
  13  14_0_0    0.00%    passed     92.19%
  14  5_0_0     0.00%    passed     94.60%
  15  10_0_0    0.00%    passed     99.28%
  16  12_0_0    0.00%    passed     93.99%
  17  8_0_0     0.00%    passed     82.90%
  18  7_0_0     0.00%    passed     65.70%
  19  6_0_0     0.00%    passed     97.70%
  20  9_0_0     0.00%    passed     99.13%
  21  11_0_0    0.00%    passed     98.72%
****  TOTAL     0.00%  0 sequences failed composition chi2 test (p-value<5%; df=3)

Create initial parsimony tree by phylogenetic likelihood library (PLL)... 0.000 seconds

NOTE: 1 MB RAM (0 GB) is required!
Measuring multi-threading efficiency up to 10 CPU cores
Increase to 10 rounds for branch lengths
1627 trees examined
Threads: 1 / Time: 10.003 sec / Speedup: 1.000 / Efficiency: 100% / LogL: -11752
Threads: 2 / Time: 15.636 sec / Speedup: 0.640 / Efficiency: 32% / LogL: -11752
BEST NUMBER OF THREADS: 1

Estimate model parameters (epsilon = 0.100)
1. Initial log-likelihood: -10071.473
2. Current log-likelihood: -9732.695
3. Current log-likelihood: -9727.003
Optimal log-likelihood: -9726.986
Rate parameters:  A-C: 1.00000  A-G: 1.79702  A-T: 1.00000  C-G: 1.00000  C-T: 1.79702  G-T: 1.00000
Base frequencies:  A: 0.297  C: 0.194  G: 0.192  T: 0.318
Gamma shape alpha: 0.201
Parameters optimization took 3 rounds (0.023 sec)
Wrote distance file to... 
Computing ML distances based on estimated model parameters...
Calculating distance matrix: done in 0.00104284 secs using 98.67% CPU
Computing ML distances took 0.001080 sec (of wall-clock time) 0.001056 sec (of CPU time)
Setting up auxiliary I and S matrices: done in 2.19345e-05 secs using 68.39% CPU
Computing RapidNJ tree took 0.000076 sec (of wall-clock time) 0.000081 sec (of CPU time)
Log-likelihood of RapidNJ tree: -9741.737
--------------------------------------------------------------------
|             INITIALIZING CANDIDATE TREE SET                      |
--------------------------------------------------------------------
Generating 98 parsimony trees... 0.077 second
Computing log-likelihood of 98 initial trees ... 0.136 seconds
Current best score: -9726.986

Do NNI search on 20 best initial trees
Estimate model parameters (epsilon = 0.100)
BETTER TREE FOUND at iteration 1: -9725.790
Iteration 10 / LogL: -9725.896 / Time: 0h:0m:26s
Iteration 20 / LogL: -9725.801 / Time: 0h:0m:26s
Finish initializing candidate tree set (1)
Current best tree score: -9725.790 / CPU time: 0.593
Number of iterations: 20
--------------------------------------------------------------------
|               OPTIMIZING CANDIDATE TREE SET                      |
--------------------------------------------------------------------
Iteration 30 / LogL: -9725.845 / Time: 0h:0m:26s (0h:1m:4s left)
Iteration 40 / LogL: -9725.796 / Time: 0h:0m:26s (0h:0m:41s left)
Iteration 50 / LogL: -9725.805 / Time: 0h:0m:26s (0h:0m:28s left)
Iteration 60 / LogL: -9725.796 / Time: 0h:0m:27s (0h:0m:18s left)
Iteration 70 / LogL: -9725.879 / Time: 0h:0m:27s (0h:0m:12s left)
Iteration 80 / LogL: -9725.801 / Time: 0h:0m:27s (0h:0m:7s left)
Iteration 90 / LogL: -9725.801 / Time: 0h:0m:27s (0h:0m:3s left)
Iteration 100 / LogL: -9725.801 / Time: 0h:0m:28s (0h:0m:0s left)
TREE SEARCH COMPLETED AFTER 102 ITERATIONS / Time: 0h:0m:28s

--------------------------------------------------------------------
|                    FINALIZING TREE SEARCH                        |
--------------------------------------------------------------------
Performs final model parameters optimization
Estimate model parameters (epsilon = 0.010)
1. Initial log-likelihood: -9725.790
Optimal log-likelihood: -9725.789
Rate parameters:  A-C: 1.00000  A-G: 1.79603  A-T: 1.00000  C-G: 1.00000  C-T: 1.79603  G-T: 1.00000
Base frequencies:  A: 0.297  C: 0.194  G: 0.192  T: 0.318
Gamma shape alpha: 0.201
Parameters optimization took 1 rounds (0.004 sec)
BEST SCORE FOUND : -9725.789

Testing tree branches by aBayes parametric test...
0.005 sec.
Total tree length: 1.206

Total number of iterations: 102
CPU time used for tree search: 2.381 sec (0h:0m:2s)
Wall-clock time used for tree search: 2.392 sec (0h:0m:2s)
Total CPU time used: 27.097 sec (0h:0m:27s)
Total wall-clock time used: 28.072 sec (0h:0m:28s)

Analysis results written to: 
  IQ-TREE report:                /Users/fahim/CSE6406-project/work/paper_subset_50x10_L1600/ils_low/replicate_05/estimated_gene_trees/L1600/hky_g4/locus_0050.iqtree
  Maximum-likelihood tree:       /Users/fahim/CSE6406-project/work/paper_subset_50x10_L1600/ils_low/replicate_05/estimated_gene_trees/L1600/hky_g4/locus_0050.treefile
  Likelihood distances:          /Users/fahim/CSE6406-project/work/paper_subset_50x10_L1600/ils_low/replicate_05/estimated_gene_trees/L1600/hky_g4/locus_0050.mldist
  Screen log file:               /Users/fahim/CSE6406-project/work/paper_subset_50x10_L1600/ils_low/replicate_05/estimated_gene_trees/L1600/hky_g4/locus_0050.log

Date and Time: Fri Sep 11 11:05:42 2026
