IQ-TREE multicore version 2.4.0 for MacOS ARM 64-bit built Feb 12 2025
Developed by Bui Quang Minh, Nguyen Lam Tung, Olga Chernomor, Heiko Schmidt,
Dominik Schrempf, Michael Woodhams, Ly Trong Nhan, Thomas Wong

Host:    Fahims-MacBook-Air.local (SSE4.2, 16 GB RAM)
Command: /Users/fahim/miniconda3/envs/cse6406/bin/iqtree2 -s /Users/fahim/CSE6406-project/work/paper_subset_50x10_L1600/ils_low/replicate_05/alignments/L1600/locus_0010.phy -m HKY+G4 --abayes -T AUTO --seed 6906011 --prefix /Users/fahim/CSE6406-project/work/paper_subset_50x10_L1600/ils_low/replicate_05/estimated_gene_trees/L1600/hky_g4/locus_0010 --redo --quiet
Seed:    6906011 (Using SPRNG - Scalable Parallel Random Number Generator)
Time:    Fri Sep 11 10:46:54 2026
Kernel:  SSE2 - auto-detect threads (10 CPU cores detected)

Reading alignment file /Users/fahim/CSE6406-project/work/paper_subset_50x10_L1600/ils_low/replicate_05/alignments/L1600/locus_0010.phy ... Phylip format detected
Alignment most likely contains DNA/RNA sequences
Alignment has 21 sequences with 1600 columns, 475 distinct patterns
356 parsimony-informative, 177 singleton sites, 1067 constant sites
        Gap/Ambiguity  Composition  p-value
Analyzing sequences: done in 3.69549e-05 secs using 100.1% CPU
   1  3_0_0     0.00%    passed     96.20%
   2  1_0_0     0.00%    passed     62.05%
   3  4_0_0     0.00%    passed     87.47%
   4  20_0_0    0.00%    passed     87.42%
   5  15_0_0    0.00%    passed     99.53%
   6  14_0_0    0.00%    passed     97.68%
   7  17_0_0    0.00%    passed     93.84%
   8  19_0_0    0.00%    passed     99.09%
   9  16_0_0    0.00%    passed     97.72%
  10  13_0_0    0.00%    passed     97.66%
  11  18_0_0    0.00%    passed     94.08%
  12  2_0_0     0.00%    passed     96.74%
  13  9_0_0     0.00%    passed     83.78%
  14  11_0_0    0.00%    passed     93.78%
  15  6_0_0     0.00%    passed     98.39%
  16  7_0_0     0.00%    passed     98.45%
  17  8_0_0     0.00%    passed     97.04%
  18  10_0_0    0.00%    passed     98.65%
  19  5_0_0     0.00%    passed     92.21%
  20  12_0_0    0.00%    passed     95.74%
  21  0_0_0     0.00%    passed     74.08%
****  TOTAL     0.00%  0 sequences failed composition chi2 test (p-value<5%; df=3)

Create initial parsimony tree by phylogenetic likelihood library (PLL)... 0.001 seconds

NOTE: 1 MB RAM (0 GB) is required!
Measuring multi-threading efficiency up to 10 CPU cores
Increase to 10 rounds for branch lengths
2021 trees examined
Threads: 1 / Time: 10.002 sec / Speedup: 1.000 / Efficiency: 100% / LogL: -11141
Threads: 2 / Time: 14.742 sec / Speedup: 0.679 / Efficiency: 34% / LogL: -11141
BEST NUMBER OF THREADS: 1

Estimate model parameters (epsilon = 0.100)
1. Initial log-likelihood: -9443.862
2. Current log-likelihood: -9102.005
3. Current log-likelihood: -9097.611
Optimal log-likelihood: -9097.609
Rate parameters:  A-C: 1.00000  A-G: 2.15866  A-T: 1.00000  C-G: 1.00000  C-T: 2.15866  G-T: 1.00000
Base frequencies:  A: 0.306  C: 0.200  G: 0.188  T: 0.306
Gamma shape alpha: 0.208
Parameters optimization took 3 rounds (0.017 sec)
Wrote distance file to... 
Computing ML distances based on estimated model parameters...
Calculating distance matrix: done in 0.00100803 secs using 99.5% CPU
Computing ML distances took 0.001038 sec (of wall-clock time) 0.001026 sec (of CPU time)
Setting up auxiliary I and S matrices: done in 1.50204e-05 secs using 66.58% CPU
Computing RapidNJ tree took 0.000056 sec (of wall-clock time) 0.000043 sec (of CPU time)
Log-likelihood of RapidNJ tree: -9163.532
--------------------------------------------------------------------
|             INITIALIZING CANDIDATE TREE SET                      |
--------------------------------------------------------------------
Generating 98 parsimony trees... 0.061 second
Computing log-likelihood of 98 initial trees ... 0.110 seconds
Current best score: -9097.609

Do NNI search on 20 best initial trees
Estimate model parameters (epsilon = 0.100)
BETTER TREE FOUND at iteration 1: -9096.931
Iteration 10 / LogL: -9097.102 / Time: 0h:0m:25s
Iteration 20 / LogL: -9096.968 / Time: 0h:0m:25s
Finish initializing candidate tree set (1)
Current best tree score: -9096.931 / CPU time: 0.442
Number of iterations: 20
--------------------------------------------------------------------
|               OPTIMIZING CANDIDATE TREE SET                      |
--------------------------------------------------------------------
Iteration 30 / LogL: -9096.954 / Time: 0h:0m:25s (0h:1m:2s left)
Iteration 40 / LogL: -9096.957 / Time: 0h:0m:25s (0h:0m:39s left)
Iteration 50 / LogL: -9096.931 / Time: 0h:0m:25s (0h:0m:26s left)
Iteration 60 / LogL: -9096.962 / Time: 0h:0m:25s (0h:0m:17s left)
Iteration 70 / LogL: -9096.936 / Time: 0h:0m:26s (0h:0m:11s left)
Iteration 80 / LogL: -9097.455 / Time: 0h:0m:26s (0h:0m:6s left)
Iteration 90 / LogL: -9096.940 / Time: 0h:0m:26s (0h:0m:3s left)
Iteration 100 / LogL: -9096.965 / Time: 0h:0m:26s (0h:0m:0s left)
TREE SEARCH COMPLETED AFTER 102 ITERATIONS / Time: 0h:0m:26s

--------------------------------------------------------------------
|                    FINALIZING TREE SEARCH                        |
--------------------------------------------------------------------
Performs final model parameters optimization
Estimate model parameters (epsilon = 0.010)
1. Initial log-likelihood: -9096.931
Optimal log-likelihood: -9096.931
Rate parameters:  A-C: 1.00000  A-G: 2.16398  A-T: 1.00000  C-G: 1.00000  C-T: 2.16398  G-T: 1.00000
Base frequencies:  A: 0.306  C: 0.200  G: 0.188  T: 0.306
Gamma shape alpha: 0.208
Parameters optimization took 1 rounds (0.003 sec)
BEST SCORE FOUND : -9096.931

Testing tree branches by aBayes parametric test...
0.004 sec.
Total tree length: 1.089

Total number of iterations: 102
CPU time used for tree search: 1.826 sec (0h:0m:1s)
Wall-clock time used for tree search: 1.829 sec (0h:0m:1s)
Total CPU time used: 26.084 sec (0h:0m:26s)
Total wall-clock time used: 26.607 sec (0h:0m:26s)

Analysis results written to: 
  IQ-TREE report:                /Users/fahim/CSE6406-project/work/paper_subset_50x10_L1600/ils_low/replicate_05/estimated_gene_trees/L1600/hky_g4/locus_0010.iqtree
  Maximum-likelihood tree:       /Users/fahim/CSE6406-project/work/paper_subset_50x10_L1600/ils_low/replicate_05/estimated_gene_trees/L1600/hky_g4/locus_0010.treefile
  Likelihood distances:          /Users/fahim/CSE6406-project/work/paper_subset_50x10_L1600/ils_low/replicate_05/estimated_gene_trees/L1600/hky_g4/locus_0010.mldist
  Screen log file:               /Users/fahim/CSE6406-project/work/paper_subset_50x10_L1600/ils_low/replicate_05/estimated_gene_trees/L1600/hky_g4/locus_0010.log

Date and Time: Fri Sep 11 10:47:20 2026
