IQ-TREE multicore version 2.4.0 for MacOS ARM 64-bit built Feb 12 2025
Developed by Bui Quang Minh, Nguyen Lam Tung, Olga Chernomor, Heiko Schmidt,
Dominik Schrempf, Michael Woodhams, Ly Trong Nhan, Thomas Wong

Host:    Fahims-MacBook-Air.local (SSE4.2, 16 GB RAM)
Command: /Users/fahim/miniconda3/envs/cse6406/bin/iqtree2 -s /Users/fahim/CSE6406-project/work/paper_subset_50x10_L1600/ils_low/replicate_04/alignments/L1600/locus_0029.phy -m HKY --abayes -T AUTO --seed 6806030 --prefix /Users/fahim/CSE6406-project/work/paper_subset_50x10_L1600/ils_low/replicate_04/estimated_gene_trees/L1600/hky/locus_0029 --redo --quiet
Seed:    6806030 (Using SPRNG - Scalable Parallel Random Number Generator)
Time:    Fri Sep 11 09:02:13 2026
Kernel:  SSE2 - auto-detect threads (10 CPU cores detected)

Reading alignment file /Users/fahim/CSE6406-project/work/paper_subset_50x10_L1600/ils_low/replicate_04/alignments/L1600/locus_0029.phy ... Phylip format detected
Alignment most likely contains DNA/RNA sequences
Alignment has 21 sequences with 1600 columns, 431 distinct patterns
310 parsimony-informative, 170 singleton sites, 1120 constant sites
        Gap/Ambiguity  Composition  p-value
Analyzing sequences: done in 3.79086e-05 secs using 89.69% CPU
   1  10_0_0    0.00%    passed     98.89%
   2  9_0_0     0.00%    passed     87.04%
   3  13_0_0    0.00%    passed     96.44%
   4  6_0_0     0.00%    passed     90.52%
   5  12_0_0    0.00%    passed     92.04%
   6  3_0_0     0.00%    passed     99.74%
   7  7_0_0     0.00%    passed     96.47%
   8  5_0_0     0.00%    passed     90.11%
   9  14_0_0    0.00%    passed     87.27%
  10  8_0_0     0.00%    passed     96.94%
  11  2_0_0     0.00%    passed     86.14%
  12  15_0_0    0.00%    passed     99.34%
  13  4_0_0     0.00%    passed     95.45%
  14  1_0_0     0.00%    passed     98.15%
  15  16_0_0    0.00%    passed     99.70%
  16  11_0_0    0.00%    passed     99.82%
  17  18_0_0    0.00%    passed     98.42%
  18  20_0_0    0.00%    passed     81.18%
  19  17_0_0    0.00%    passed     87.72%
  20  19_0_0    0.00%    passed     98.31%
  21  0_0_0     0.00%    passed     88.98%
****  TOTAL     0.00%  0 sequences failed composition chi2 test (p-value<5%; df=3)

Create initial parsimony tree by phylogenetic likelihood library (PLL)... 0.000 seconds

NOTE: 0 MB RAM (0 GB) is required!
Measuring multi-threading efficiency up to 10 CPU cores
Increase to 10 rounds for branch lengths
7129 trees examined
Threads: 1 / Time: 10.001 sec / Speedup: 1.000 / Efficiency: 100% / LogL: -11023
Threads: 2 / Time: 29.838 sec / Speedup: 0.335 / Efficiency: 17% / LogL: -11023
BEST NUMBER OF THREADS: 1

Estimate model parameters (epsilon = 0.100)
1. Initial log-likelihood: -9094.269
2. Current log-likelihood: -9043.215
Optimal log-likelihood: -9043.182
Rate parameters:  A-C: 1.00000  A-G: 1.66845  A-T: 1.00000  C-G: 1.00000  C-T: 1.66845  G-T: 1.00000
Base frequencies:  A: 0.308  C: 0.198  G: 0.201  T: 0.293
Parameters optimization took 2 rounds (0.002 sec)
Wrote distance file to... 
Computing ML distances based on estimated model parameters...
Calculating distance matrix: done in 0.000346184 secs using 97.06% CPU
Computing ML distances took 0.000377 sec (of wall-clock time) 0.000355 sec (of CPU time)
Setting up auxiliary I and S matrices: done in 1.4782e-05 secs using 74.42% CPU
Computing RapidNJ tree took 0.000057 sec (of wall-clock time) 0.000063 sec (of CPU time)
Log-likelihood of RapidNJ tree: -9161.666
--------------------------------------------------------------------
|             INITIALIZING CANDIDATE TREE SET                      |
--------------------------------------------------------------------
Generating 98 parsimony trees... 0.048 second
Computing log-likelihood of 98 initial trees ... 0.036 seconds
Current best score: -9042.129

Do NNI search on 20 best initial trees
Estimate model parameters (epsilon = 0.100)
BETTER TREE FOUND at iteration 1: -9041.284
Iteration 10 / LogL: -9041.284 / Time: 0h:0m:39s
Iteration 20 / LogL: -9041.285 / Time: 0h:0m:40s
Finish initializing candidate tree set (5)
Current best tree score: -9041.284 / CPU time: 0.171
Number of iterations: 20
--------------------------------------------------------------------
|               OPTIMIZING CANDIDATE TREE SET                      |
--------------------------------------------------------------------
Iteration 30 / LogL: -9052.575 / Time: 0h:0m:40s (0h:1m:38s left)
Iteration 40 / LogL: -9041.335 / Time: 0h:0m:40s (0h:1m:2s left)
Iteration 50 / LogL: -9041.285 / Time: 0h:0m:40s (0h:0m:41s left)
Iteration 60 / LogL: -9041.880 / Time: 0h:0m:40s (0h:0m:27s left)
Iteration 70 / LogL: -9041.410 / Time: 0h:0m:40s (0h:0m:18s left)
Iteration 80 / LogL: -9041.284 / Time: 0h:0m:40s (0h:0m:10s left)
Iteration 90 / LogL: -9041.284 / Time: 0h:0m:40s (0h:0m:4s left)
Iteration 100 / LogL: -9041.284 / Time: 0h:0m:40s (0h:0m:0s left)
TREE SEARCH COMPLETED AFTER 102 ITERATIONS / Time: 0h:0m:40s

--------------------------------------------------------------------
|                    FINALIZING TREE SEARCH                        |
--------------------------------------------------------------------
Performs final model parameters optimization
Estimate model parameters (epsilon = 0.010)
1. Initial log-likelihood: -9041.284
Optimal log-likelihood: -9041.284
Rate parameters:  A-C: 1.00000  A-G: 1.67731  A-T: 1.00000  C-G: 1.00000  C-T: 1.67731  G-T: 1.00000
Base frequencies:  A: 0.308  C: 0.198  G: 0.201  T: 0.293
Parameters optimization took 1 rounds (0.001 sec)
BEST SCORE FOUND : -9041.284

Testing tree branches by aBayes parametric test...
0.001 sec.
Total tree length: 0.812

Total number of iterations: 102
CPU time used for tree search: 0.646 sec (0h:0m:0s)
Wall-clock time used for tree search: 0.648 sec (0h:0m:0s)
Total CPU time used: 31.252 sec (0h:0m:31s)
Total wall-clock time used: 40.498 sec (0h:0m:40s)

Analysis results written to: 
  IQ-TREE report:                /Users/fahim/CSE6406-project/work/paper_subset_50x10_L1600/ils_low/replicate_04/estimated_gene_trees/L1600/hky/locus_0029.iqtree
  Maximum-likelihood tree:       /Users/fahim/CSE6406-project/work/paper_subset_50x10_L1600/ils_low/replicate_04/estimated_gene_trees/L1600/hky/locus_0029.treefile
  Likelihood distances:          /Users/fahim/CSE6406-project/work/paper_subset_50x10_L1600/ils_low/replicate_04/estimated_gene_trees/L1600/hky/locus_0029.mldist
  Screen log file:               /Users/fahim/CSE6406-project/work/paper_subset_50x10_L1600/ils_low/replicate_04/estimated_gene_trees/L1600/hky/locus_0029.log

Date and Time: Fri Sep 11 09:02:54 2026
