IQ-TREE multicore version 2.4.0 for MacOS ARM 64-bit built Feb 12 2025
Developed by Bui Quang Minh, Nguyen Lam Tung, Olga Chernomor, Heiko Schmidt,
Dominik Schrempf, Michael Woodhams, Ly Trong Nhan, Thomas Wong

Host:    Fahims-MacBook-Air.local (SSE4.2, 16 GB RAM)
Command: /Users/fahim/miniconda3/envs/cse6406/bin/iqtree2 -s /Users/fahim/CSE6406-project/work/paper_subset_50x10_L1600/ils_low/replicate_04/alignments/L1600/locus_0007.phy -m HKY --abayes -T AUTO --seed 6806008 --prefix /Users/fahim/CSE6406-project/work/paper_subset_50x10_L1600/ils_low/replicate_04/estimated_gene_trees/L1600/hky/locus_0007 --redo --quiet
Seed:    6806008 (Using SPRNG - Scalable Parallel Random Number Generator)
Time:    Fri Sep 11 08:48:12 2026
Kernel:  SSE2 - auto-detect threads (10 CPU cores detected)

Reading alignment file /Users/fahim/CSE6406-project/work/paper_subset_50x10_L1600/ils_low/replicate_04/alignments/L1600/locus_0007.phy ... Phylip format detected
Alignment most likely contains DNA/RNA sequences
Alignment has 21 sequences with 1600 columns, 488 distinct patterns
344 parsimony-informative, 207 singleton sites, 1049 constant sites
        Gap/Ambiguity  Composition  p-value
Analyzing sequences: done in 3.21865e-05 secs using 115% CPU
   1  10_0_0    0.00%    passed     99.29%
   2  11_0_0    0.00%    passed     92.94%
   3  4_0_0     0.00%    passed     98.45%
   4  1_0_0     0.00%    passed     99.43%
   5  16_0_0    0.00%    passed     98.53%
   6  15_0_0    0.00%    passed     96.49%
   7  2_0_0     0.00%    passed     79.91%
   8  20_0_0    0.00%    passed     97.87%
   9  17_0_0    0.00%    passed     93.56%
  10  19_0_0    0.00%    passed     99.54%
  11  18_0_0    0.00%    passed     81.88%
  12  9_0_0     0.00%    passed     94.48%
  13  7_0_0     0.00%    passed     99.45%
  14  14_0_0    0.00%    passed     93.52%
  15  5_0_0     0.00%    passed     97.08%
  16  6_0_0     0.00%    passed     97.83%
  17  13_0_0    0.00%    passed     95.49%
  18  12_0_0    0.00%    passed     94.18%
  19  3_0_0     0.00%    passed     98.53%
  20  8_0_0     0.00%    passed     98.55%
  21  0_0_0     0.00%    passed     93.89%
****  TOTAL     0.00%  0 sequences failed composition chi2 test (p-value<5%; df=3)

Create initial parsimony tree by phylogenetic likelihood library (PLL)... 0.000 seconds

NOTE: 0 MB RAM (0 GB) is required!
Measuring multi-threading efficiency up to 10 CPU cores
Increase to 10 rounds for branch lengths
6589 trees examined
Threads: 1 / Time: 10.000 sec / Speedup: 1.000 / Efficiency: 100% / LogL: -11358
Threads: 2 / Time: 26.748 sec / Speedup: 0.374 / Efficiency: 19% / LogL: -11358
BEST NUMBER OF THREADS: 1

Estimate model parameters (epsilon = 0.100)
1. Initial log-likelihood: -9600.954
2. Current log-likelihood: -9546.519
Optimal log-likelihood: -9546.475
Rate parameters:  A-C: 1.00000  A-G: 1.68920  A-T: 1.00000  C-G: 1.00000  C-T: 1.68920  G-T: 1.00000
Base frequencies:  A: 0.301  C: 0.191  G: 0.209  T: 0.300
Parameters optimization took 2 rounds (0.002 sec)
Wrote distance file to... 
Computing ML distances based on estimated model parameters...
Calculating distance matrix: done in 0.000401974 secs using 99.26% CPU
Computing ML distances took 0.000432 sec (of wall-clock time) 0.000418 sec (of CPU time)
Setting up auxiliary I and S matrices: done in 1.50204e-05 secs using 66.58% CPU
Computing RapidNJ tree took 0.000056 sec (of wall-clock time) 0.000058 sec (of CPU time)
Log-likelihood of RapidNJ tree: -9562.513
--------------------------------------------------------------------
|             INITIALIZING CANDIDATE TREE SET                      |
--------------------------------------------------------------------
Generating 98 parsimony trees... 0.048 second
Computing log-likelihood of 98 initial trees ... 0.040 seconds
Current best score: -9539.325

Do NNI search on 20 best initial trees
Estimate model parameters (epsilon = 0.100)
BETTER TREE FOUND at iteration 1: -9539.236
Estimate model parameters (epsilon = 0.100)
BETTER TREE FOUND at iteration 3: -9536.521
Estimate model parameters (epsilon = 0.100)
BETTER TREE FOUND at iteration 6: -9535.079
Iteration 10 / LogL: -9540.593 / Time: 0h:0m:36s
Iteration 20 / LogL: -9539.609 / Time: 0h:0m:36s
Finish initializing candidate tree set (10)
Current best tree score: -9535.079 / CPU time: 0.150
Number of iterations: 20
--------------------------------------------------------------------
|               OPTIMIZING CANDIDATE TREE SET                      |
--------------------------------------------------------------------
Iteration 30 / LogL: -9536.628 / Time: 0h:0m:36s (0h:1m:36s left)
Iteration 40 / LogL: -9538.944 / Time: 0h:0m:37s (0h:1m:2s left)
Iteration 50 / LogL: -9539.728 / Time: 0h:0m:37s (0h:0m:42s left)
Iteration 60 / LogL: -9540.592 / Time: 0h:0m:37s (0h:0m:28s left)
Iteration 70 / LogL: -9535.079 / Time: 0h:0m:37s (0h:0m:19s left)
Iteration 80 / LogL: -9536.522 / Time: 0h:0m:37s (0h:0m:12s left)
Iteration 90 / LogL: -9540.593 / Time: 0h:0m:37s (0h:0m:6s left)
Iteration 100 / LogL: -9535.079 / Time: 0h:0m:37s (0h:0m:2s left)
TREE SEARCH COMPLETED AFTER 107 ITERATIONS / Time: 0h:0m:37s

--------------------------------------------------------------------
|                    FINALIZING TREE SEARCH                        |
--------------------------------------------------------------------
Performs final model parameters optimization
Estimate model parameters (epsilon = 0.010)
1. Initial log-likelihood: -9535.079
Optimal log-likelihood: -9535.079
Rate parameters:  A-C: 1.00000  A-G: 1.70963  A-T: 1.00000  C-G: 1.00000  C-T: 1.70963  G-T: 1.00000
Base frequencies:  A: 0.301  C: 0.191  G: 0.209  T: 0.300
Parameters optimization took 1 rounds (0.001 sec)
BEST SCORE FOUND : -9535.079

Testing tree branches by aBayes parametric test...
0.001 sec.
Total tree length: 0.906

Total number of iterations: 107
CPU time used for tree search: 0.670 sec (0h:0m:0s)
Wall-clock time used for tree search: 0.672 sec (0h:0m:0s)
Total CPU time used: 29.709 sec (0h:0m:29s)
Total wall-clock time used: 37.430 sec (0h:0m:37s)

Analysis results written to: 
  IQ-TREE report:                /Users/fahim/CSE6406-project/work/paper_subset_50x10_L1600/ils_low/replicate_04/estimated_gene_trees/L1600/hky/locus_0007.iqtree
  Maximum-likelihood tree:       /Users/fahim/CSE6406-project/work/paper_subset_50x10_L1600/ils_low/replicate_04/estimated_gene_trees/L1600/hky/locus_0007.treefile
  Likelihood distances:          /Users/fahim/CSE6406-project/work/paper_subset_50x10_L1600/ils_low/replicate_04/estimated_gene_trees/L1600/hky/locus_0007.mldist
  Screen log file:               /Users/fahim/CSE6406-project/work/paper_subset_50x10_L1600/ils_low/replicate_04/estimated_gene_trees/L1600/hky/locus_0007.log

Date and Time: Fri Sep 11 08:48:49 2026
