IQ-TREE multicore version 2.4.0 for Linux x86 64-bit built Feb 12 2025
Developed by Bui Quang Minh, Nguyen Lam Tung, Olga Chernomor, Heiko Schmidt,
Dominik Schrempf, Michael Woodhams, Ly Trong Nhan, Thomas Wong

Host:    ezmata (AVX2, FMA3, 15 GB RAM)
Command: /home/mis/miniconda3/envs/cse6406/bin/iqtree2 -s /home/mis/CSE6406-project/work/paper_subset_50x10_L800/ils_high/replicate_10/alignments/L800/locus_0009.phy -m GTR+G4 --abayes -T 1 --seed 7406010 --prefix /home/mis/CSE6406-project/work/paper_subset_50x10_L800/ils_high/replicate_10/estimated_gene_trees/L800/gtr_g4/locus_0009 --redo --quiet
Seed:    7406010 (Using SPRNG - Scalable Parallel Random Number Generator)
Time:    Sat Sep 12 20:07:35 2026
Kernel:  AVX+FMA - 1 threads (16 CPU cores detected)

HINT: Use -nt option to specify number of threads because your CPU has 16 cores!
HINT: -nt AUTO will automatically determine the best number of threads to use.

Reading alignment file /home/mis/CSE6406-project/work/paper_subset_50x10_L800/ils_high/replicate_10/alignments/L800/locus_0009.phy ... Phylip format detected
Alignment most likely contains DNA/RNA sequences
Alignment has 21 sequences with 800 columns, 249 distinct patterns
198 parsimony-informative, 57 singleton sites, 545 constant sites
        Gap/Ambiguity  Composition  p-value
Analyzing sequences: done in 2.4993e-05 secs
   1  20_0_0    0.00%    passed     99.60%
   2  19_0_0    0.00%    passed     94.91%
   3  1_0_0     0.00%    passed     97.80%
   4  16_0_0    0.00%    passed     98.18%
   5  2_0_0     0.00%    passed     95.94%
   6  10_0_0    0.00%    passed     98.54%
   7  14_0_0    0.00%    passed     99.10%
   8  11_0_0    0.00%    passed     96.37%
   9  8_0_0     0.00%    passed     99.09%
  10  15_0_0    0.00%    passed     99.04%
  11  18_0_0    0.00%    passed     92.41%
  12  13_0_0    0.00%    passed     98.94%
  13  3_0_0     0.00%    passed     95.84%
  14  7_0_0     0.00%    passed     84.62%
  15  12_0_0    0.00%    passed     86.23%
  16  5_0_0     0.00%    passed     99.74%
  17  6_0_0     0.00%    passed     99.76%
  18  4_0_0     0.00%    passed     92.45%
  19  9_0_0     0.00%    passed     88.06%
  20  17_0_0    0.00%    passed     97.44%
  21  0_0_0     0.00%    passed     78.15%
****  TOTAL     0.00%  0 sequences failed composition chi2 test (p-value<5%; df=3)

Create initial parsimony tree by phylogenetic likelihood library (PLL)... 0.000 seconds

NOTE: 0 MB RAM (0 GB) is required!
Estimate model parameters (epsilon = 0.100)
1. Initial log-likelihood: -4838.910
2. Current log-likelihood: -4632.397
3. Current log-likelihood: -4625.110
Optimal log-likelihood: -4625.004
Rate parameters:  A-C: 1.08569  A-G: 2.19521  A-T: 1.05469  C-G: 1.01863  C-T: 2.19979  G-T: 1.00000
Base frequencies:  A: 0.302  C: 0.182  G: 0.191  T: 0.325
Gamma shape alpha: 0.139
Parameters optimization took 3 rounds (0.036 sec)
Wrote distance file to... 
Computing ML distances based on estimated model parameters...
Calculating distance matrix: done in 0.00325808 secs using 99.63% CPU
Computing ML distances took 0.003303 sec (of wall-clock time) 0.003292 sec (of CPU time)
Setting up auxiliary I and S matrices: done in 6.6502e-05 secs using 99.25% CPU
Computing RapidNJ tree took 0.000249 sec (of wall-clock time) 0.000247 sec (of CPU time)
Log-likelihood of RapidNJ tree: -4625.728
--------------------------------------------------------------------
|             INITIALIZING CANDIDATE TREE SET                      |
--------------------------------------------------------------------
Generating 98 parsimony trees... 0.095 second
Computing log-likelihood of 98 initial trees ... 0.202 seconds
Current best score: -4624.932

Do NNI search on 20 best initial trees
Estimate model parameters (epsilon = 0.100)
BETTER TREE FOUND at iteration 1: -4624.578
Iteration 10 / LogL: -4624.783 / Time: 0h:0m:0s
Iteration 20 / LogL: -4625.447 / Time: 0h:0m:0s
Finish initializing candidate tree set (4)
Current best tree score: -4624.578 / CPU time: 0.652
Number of iterations: 20
--------------------------------------------------------------------
|               OPTIMIZING CANDIDATE TREE SET                      |
--------------------------------------------------------------------
Iteration 30 / LogL: -4625.441 / Time: 0h:0m:0s (0h:0m:2s left)
Iteration 40 / LogL: -4624.764 / Time: 0h:0m:1s (0h:0m:1s left)
Iteration 50 / LogL: -4624.601 / Time: 0h:0m:1s (0h:0m:1s left)
Iteration 60 / LogL: -4624.580 / Time: 0h:0m:1s (0h:0m:1s left)
Iteration 70 / LogL: -4624.590 / Time: 0h:0m:1s (0h:0m:0s left)
Iteration 80 / LogL: -4624.657 / Time: 0h:0m:1s (0h:0m:0s left)
Iteration 90 / LogL: -4625.444 / Time: 0h:0m:2s (0h:0m:0s left)
Iteration 100 / LogL: -4625.501 / Time: 0h:0m:2s (0h:0m:0s left)
TREE SEARCH COMPLETED AFTER 102 ITERATIONS / Time: 0h:0m:2s

--------------------------------------------------------------------
|                    FINALIZING TREE SEARCH                        |
--------------------------------------------------------------------
Performs final model parameters optimization
Estimate model parameters (epsilon = 0.010)
1. Initial log-likelihood: -4624.578
Optimal log-likelihood: -4624.577
Rate parameters:  A-C: 1.09911  A-G: 2.20118  A-T: 1.05289  C-G: 1.01064  C-T: 2.21090  G-T: 1.00000
Base frequencies:  A: 0.302  C: 0.182  G: 0.191  T: 0.325
Gamma shape alpha: 0.137
Parameters optimization took 1 rounds (0.005 sec)
BEST SCORE FOUND : -4624.577

Testing tree branches by aBayes parametric test...
0.005 sec.
Total tree length: 1.109

Total number of iterations: 102
CPU time used for tree search: 2.312 sec (0h:0m:2s)
Wall-clock time used for tree search: 2.389 sec (0h:0m:2s)
Total CPU time used: 2.376 sec (0h:0m:2s)
Total wall-clock time used: 2.454 sec (0h:0m:2s)

Analysis results written to: 
  IQ-TREE report:                /home/mis/CSE6406-project/work/paper_subset_50x10_L800/ils_high/replicate_10/estimated_gene_trees/L800/gtr_g4/locus_0009.iqtree
  Maximum-likelihood tree:       /home/mis/CSE6406-project/work/paper_subset_50x10_L800/ils_high/replicate_10/estimated_gene_trees/L800/gtr_g4/locus_0009.treefile
  Likelihood distances:          /home/mis/CSE6406-project/work/paper_subset_50x10_L800/ils_high/replicate_10/estimated_gene_trees/L800/gtr_g4/locus_0009.mldist
  Screen log file:               /home/mis/CSE6406-project/work/paper_subset_50x10_L800/ils_high/replicate_10/estimated_gene_trees/L800/gtr_g4/locus_0009.log

Date and Time: Sat Sep 12 20:07:37 2026
