IQ-TREE multicore version 2.4.0 for Linux x86 64-bit built Feb 12 2025
Developed by Bui Quang Minh, Nguyen Lam Tung, Olga Chernomor, Heiko Schmidt,
Dominik Schrempf, Michael Woodhams, Ly Trong Nhan, Thomas Wong

Host:    ezmata (AVX2, FMA3, 15 GB RAM)
Command: /home/mis/miniconda3/envs/cse6406/bin/iqtree2 -s /home/mis/CSE6406-project/work/paper_subset_50x10_L200/ils_low/replicate_04/alignments/L200/locus_0037.phy -m HKY+G4 --abayes -T 1 --seed 6806038 --prefix /home/mis/CSE6406-project/work/paper_subset_50x10_L200/ils_low/replicate_04/estimated_gene_trees/L200/hky_g4/locus_0037 --redo --quiet
Seed:    6806038 (Using SPRNG - Scalable Parallel Random Number Generator)
Time:    Sat Sep 12 21:33:07 2026
Kernel:  AVX+FMA - 1 threads (16 CPU cores detected)

HINT: Use -nt option to specify number of threads because your CPU has 16 cores!
HINT: -nt AUTO will automatically determine the best number of threads to use.

Reading alignment file /home/mis/CSE6406-project/work/paper_subset_50x10_L200/ils_low/replicate_04/alignments/L200/locus_0037.phy ... Phylip format detected
Alignment most likely contains DNA/RNA sequences
Alignment has 21 sequences with 200 columns, 71 distinct patterns
48 parsimony-informative, 22 singleton sites, 130 constant sites
        Gap/Ambiguity  Composition  p-value
Analyzing sequences: done in 1.4954e-05 secs using 93.62% CPU
   1  0_0_0     0.00%    passed     85.41%
   2  4_0_0     0.00%    passed     99.48%
   3  1_0_0     0.00%    passed     99.02%
   4  11_0_0    0.00%    passed     95.02%
   5  16_0_0    0.00%    passed     96.19%
   6  15_0_0    0.00%    passed     95.86%
   7  2_0_0     0.00%    passed     99.46%
   8  18_0_0    0.00%    passed     78.08%
   9  20_0_0    0.00%    passed     98.67%
  10  19_0_0    0.00%    passed     89.55%
  11  17_0_0    0.00%    passed     90.97%
  12  5_0_0     0.00%    passed     98.22%
  13  14_0_0    0.00%    passed     96.56%
  14  7_0_0     0.00%    passed     97.04%
  15  12_0_0    0.00%    passed     98.12%
  16  6_0_0     0.00%    passed     93.52%
  17  13_0_0    0.00%    passed     88.80%
  18  3_0_0     0.00%    passed     96.34%
  19  9_0_0     0.00%    passed     90.70%
  20  8_0_0     0.00%    passed     98.73%
  21  10_0_0    0.00%    passed     88.76%
****  TOTAL     0.00%  0 sequences failed composition chi2 test (p-value<5%; df=3)

Create initial parsimony tree by phylogenetic likelihood library (PLL)... 0.001 seconds

NOTE: 0 MB RAM (0 GB) is required!
Estimate model parameters (epsilon = 0.100)
1. Initial log-likelihood: -1071.105
2. Current log-likelihood: -1052.214
3. Current log-likelihood: -1051.578
Optimal log-likelihood: -1051.548
Rate parameters:  A-C: 1.00000  A-G: 1.43360  A-T: 1.00000  C-G: 1.00000  C-T: 1.43360  G-T: 1.00000
Base frequencies:  A: 0.361  C: 0.172  G: 0.200  T: 0.267
Gamma shape alpha: 0.241
Parameters optimization took 3 rounds (0.015 sec)
Wrote distance file to... 
Computing ML distances based on estimated model parameters...
Calculating distance matrix: done in 0.00377244 secs using 98.58% CPU
Computing ML distances took 0.003816 sec (of wall-clock time) 0.003765 sec (of CPU time)
Setting up auxiliary I and S matrices: done in 6.4831e-05 secs using 98.72% CPU
Computing RapidNJ tree took 0.000256 sec (of wall-clock time) 0.000255 sec (of CPU time)
Log-likelihood of RapidNJ tree: -1064.423
--------------------------------------------------------------------
|             INITIALIZING CANDIDATE TREE SET                      |
--------------------------------------------------------------------
Generating 98 parsimony trees... 0.084 second
Computing log-likelihood of 98 initial trees ... 0.124 seconds
Current best score: -1050.321

Do NNI search on 20 best initial trees
Estimate model parameters (epsilon = 0.100)
BETTER TREE FOUND at iteration 1: -1050.229
BETTER TREE FOUND at iteration 2: -1050.229
BETTER TREE FOUND at iteration 3: -1050.228
Iteration 10 / LogL: -1050.609 / Time: 0h:0m:0s
Iteration 20 / LogL: -1050.610 / Time: 0h:0m:0s
Finish initializing candidate tree set (13)
Current best tree score: -1050.228 / CPU time: 0.430
Number of iterations: 20
--------------------------------------------------------------------
|               OPTIMIZING CANDIDATE TREE SET                      |
--------------------------------------------------------------------
Iteration 30 / LogL: -1050.229 / Time: 0h:0m:0s (0h:0m:1s left)
Iteration 40 / LogL: -1050.229 / Time: 0h:0m:0s (0h:0m:1s left)
Iteration 50 / LogL: -1050.230 / Time: 0h:0m:0s (0h:0m:0s left)
Iteration 60 / LogL: -1058.511 / Time: 0h:0m:0s (0h:0m:0s left)
Iteration 70 / LogL: -1056.254 / Time: 0h:0m:1s (0h:0m:0s left)
Iteration 80 / LogL: -1050.229 / Time: 0h:0m:1s (0h:0m:0s left)
Iteration 90 / LogL: -1051.625 / Time: 0h:0m:1s (0h:0m:0s left)
BETTER TREE FOUND at iteration 99: -1050.225
Iteration 100 / LogL: -1059.435 / Time: 0h:0m:1s (0h:0m:1s left)
Iteration 110 / LogL: -1050.229 / Time: 0h:0m:1s (0h:0m:1s left)
BETTER TREE FOUND at iteration 111: -1050.220
Iteration 120 / LogL: -1050.228 / Time: 0h:0m:1s (0h:0m:1s left)
BETTER TREE FOUND at iteration 122: -1050.220
UPDATE BEST LOG-LIKELIHOOD: -1050.220
Iteration 130 / LogL: -1059.423 / Time: 0h:0m:1s (0h:0m:1s left)
UPDATE BEST LOG-LIKELIHOOD: -1050.220
Iteration 140 / LogL: -1050.951 / Time: 0h:0m:1s (0h:0m:1s left)
UPDATE BEST LOG-LIKELIHOOD: -1050.220
Iteration 150 / LogL: -1050.220 / Time: 0h:0m:2s (0h:0m:0s left)
Iteration 160 / LogL: -1050.220 / Time: 0h:0m:2s (0h:0m:0s left)
UPDATE BEST LOG-LIKELIHOOD: -1050.220
Iteration 170 / LogL: -1051.933 / Time: 0h:0m:2s (0h:0m:0s left)
Iteration 180 / LogL: -1050.220 / Time: 0h:0m:2s (0h:0m:0s left)
UPDATE BEST LOG-LIKELIHOOD: -1050.220
Iteration 190 / LogL: -1050.220 / Time: 0h:0m:2s (0h:0m:0s left)
UPDATE BEST LOG-LIKELIHOOD: -1050.220
Iteration 200 / LogL: -1050.220 / Time: 0h:0m:2s (0h:0m:0s left)
Iteration 210 / LogL: -1050.220 / Time: 0h:0m:2s (0h:0m:0s left)
Iteration 220 / LogL: -1050.220 / Time: 0h:0m:2s (0h:0m:0s left)
TREE SEARCH COMPLETED AFTER 223 ITERATIONS / Time: 0h:0m:2s

--------------------------------------------------------------------
|                    FINALIZING TREE SEARCH                        |
--------------------------------------------------------------------
Performs final model parameters optimization
Estimate model parameters (epsilon = 0.010)
1. Initial log-likelihood: -1050.220
2. Current log-likelihood: -1050.201
Optimal log-likelihood: -1050.199
Rate parameters:  A-C: 1.00000  A-G: 1.46443  A-T: 1.00000  C-G: 1.00000  C-T: 1.46443  G-T: 1.00000
Base frequencies:  A: 0.361  C: 0.172  G: 0.200  T: 0.267
Gamma shape alpha: 0.248
Parameters optimization took 2 rounds (0.003 sec)
BEST SCORE FOUND : -1050.199

Testing tree branches by aBayes parametric test...
0.002 sec.
Total tree length: 0.821

Total number of iterations: 223
CPU time used for tree search: 2.548 sec (0h:0m:2s)
Wall-clock time used for tree search: 2.719 sec (0h:0m:2s)
Total CPU time used: 2.588 sec (0h:0m:2s)
Total wall-clock time used: 2.761 sec (0h:0m:2s)

Analysis results written to: 
  IQ-TREE report:                /home/mis/CSE6406-project/work/paper_subset_50x10_L200/ils_low/replicate_04/estimated_gene_trees/L200/hky_g4/locus_0037.iqtree
  Maximum-likelihood tree:       /home/mis/CSE6406-project/work/paper_subset_50x10_L200/ils_low/replicate_04/estimated_gene_trees/L200/hky_g4/locus_0037.treefile
  Likelihood distances:          /home/mis/CSE6406-project/work/paper_subset_50x10_L200/ils_low/replicate_04/estimated_gene_trees/L200/hky_g4/locus_0037.mldist
  Screen log file:               /home/mis/CSE6406-project/work/paper_subset_50x10_L200/ils_low/replicate_04/estimated_gene_trees/L200/hky_g4/locus_0037.log

Date and Time: Sat Sep 12 21:33:10 2026
