IQ-TREE multicore version 2.4.0 for Linux x86 64-bit built Feb 12 2025
Developed by Bui Quang Minh, Nguyen Lam Tung, Olga Chernomor, Heiko Schmidt,
Dominik Schrempf, Michael Woodhams, Ly Trong Nhan, Thomas Wong

Host:    ezmata (AVX2, FMA3, 15 GB RAM)
Command: /home/mis/miniconda3/envs/cse6406/bin/iqtree2 -s /home/mis/CSE6406-project/work/paper_subset_50x10_L200/ils_low/replicate_04/alignments/L200/locus_0006.phy -m HKY+G4 --abayes -T 1 --seed 6806007 --prefix /home/mis/CSE6406-project/work/paper_subset_50x10_L200/ils_low/replicate_04/estimated_gene_trees/L200/hky_g4/locus_0006 --redo --quiet
Seed:    6806007 (Using SPRNG - Scalable Parallel Random Number Generator)
Time:    Sat Sep 12 21:32:59 2026
Kernel:  AVX+FMA - 1 threads (16 CPU cores detected)

HINT: Use -nt option to specify number of threads because your CPU has 16 cores!
HINT: -nt AUTO will automatically determine the best number of threads to use.

Reading alignment file /home/mis/CSE6406-project/work/paper_subset_50x10_L200/ils_low/replicate_04/alignments/L200/locus_0006.phy ... Phylip format detected
Alignment most likely contains DNA/RNA sequences
Alignment has 21 sequences with 200 columns, 49 distinct patterns
33 parsimony-informative, 13 singleton sites, 154 constant sites
        Gap/Ambiguity  Composition  p-value
Analyzing sequences: done in 1.1006e-05 secs
   1  0_0_0     0.00%    passed     95.51%
   2  18_0_0    0.00%    passed     99.14%
   3  17_0_0    0.00%    passed     90.52%
   4  19_0_0    0.00%    passed     99.25%
   5  20_0_0    0.00%    passed     96.97%
   6  10_0_0    0.00%    passed     99.99%
   7  3_0_0     0.00%    passed     95.21%
   8  14_0_0    0.00%    passed     98.97%
   9  5_0_0     0.00%    passed     99.34%
  10  7_0_0     0.00%    passed     96.45%
  11  12_0_0    0.00%    passed     98.23%
  12  6_0_0     0.00%    passed     99.46%
  13  13_0_0    0.00%    passed     98.10%
  14  9_0_0     0.00%    passed     98.23%
  15  8_0_0     0.00%    passed     98.63%
  16  1_0_0     0.00%    passed     99.93%
  17  4_0_0     0.00%    passed     99.84%
  18  11_0_0    0.00%    passed     99.34%
  19  16_0_0    0.00%    passed     98.34%
  20  15_0_0    0.00%    passed     97.78%
  21  2_0_0     0.00%    passed     96.78%
****  TOTAL     0.00%  0 sequences failed composition chi2 test (p-value<5%; df=3)

Create initial parsimony tree by phylogenetic likelihood library (PLL)... 0.000 seconds

NOTE: 0 MB RAM (0 GB) is required!
Estimate model parameters (epsilon = 0.100)
1. Initial log-likelihood: -921.143
2. Current log-likelihood: -873.212
3. Current log-likelihood: -872.948
Optimal log-likelihood: -872.938
Rate parameters:  A-C: 1.00000  A-G: 2.31192  A-T: 1.00000  C-G: 1.00000  C-T: 2.31192  G-T: 1.00000
Base frequencies:  A: 0.326  C: 0.195  G: 0.183  T: 0.295
Gamma shape alpha: 0.097
Parameters optimization took 3 rounds (0.013 sec)
Wrote distance file to... 
Computing ML distances based on estimated model parameters...
Calculating distance matrix: done in 0.00305637 secs using 98.38% CPU
Computing ML distances took 0.003093 sec (of wall-clock time) 0.003044 sec (of CPU time)
Setting up auxiliary I and S matrices: done in 6.2782e-05 secs using 98.75% CPU
Computing RapidNJ tree took 0.000254 sec (of wall-clock time) 0.000253 sec (of CPU time)
Log-likelihood of RapidNJ tree: -876.108
--------------------------------------------------------------------
|             INITIALIZING CANDIDATE TREE SET                      |
--------------------------------------------------------------------
Generating 98 parsimony trees... 0.083 second
Computing log-likelihood of 98 initial trees ... 0.091 seconds
Current best score: -871.766

Do NNI search on 20 best initial trees
Estimate model parameters (epsilon = 0.100)
BETTER TREE FOUND at iteration 1: -871.512
BETTER TREE FOUND at iteration 2: -871.512
Estimate model parameters (epsilon = 0.100)
BETTER TREE FOUND at iteration 4: -871.450
Estimate model parameters (epsilon = 0.100)
BETTER TREE FOUND at iteration 5: -870.580
BETTER TREE FOUND at iteration 9: -870.579
Iteration 10 / LogL: -872.362 / Time: 0h:0m:0s
Iteration 20 / LogL: -870.837 / Time: 0h:0m:0s
Finish initializing candidate tree set (16)
Current best tree score: -870.579 / CPU time: 0.444
Number of iterations: 20
--------------------------------------------------------------------
|               OPTIMIZING CANDIDATE TREE SET                      |
--------------------------------------------------------------------
BETTER TREE FOUND at iteration 23: -870.579
Iteration 30 / LogL: -886.629 / Time: 0h:0m:0s (0h:0m:2s left)
BETTER TREE FOUND at iteration 35: -870.579
UPDATE BEST LOG-LIKELIHOOD: -870.579
Iteration 40 / LogL: -870.579 / Time: 0h:0m:0s (0h:0m:2s left)
Iteration 50 / LogL: -870.580 / Time: 0h:0m:1s (0h:0m:1s left)
Iteration 60 / LogL: -882.786 / Time: 0h:0m:1s (0h:0m:1s left)
Iteration 70 / LogL: -870.958 / Time: 0h:0m:1s (0h:0m:1s left)
Iteration 80 / LogL: -870.959 / Time: 0h:0m:1s (0h:0m:1s left)
Iteration 90 / LogL: -871.100 / Time: 0h:0m:1s (0h:0m:0s left)
UPDATE BEST LOG-LIKELIHOOD: -870.579
UPDATE BEST LOG-LIKELIHOOD: -870.579
Iteration 100 / LogL: -870.579 / Time: 0h:0m:1s (0h:0m:0s left)
Iteration 110 / LogL: -871.519 / Time: 0h:0m:2s (0h:0m:0s left)
Iteration 120 / LogL: -870.580 / Time: 0h:0m:2s (0h:0m:0s left)
Iteration 130 / LogL: -870.579 / Time: 0h:0m:2s (0h:0m:0s left)
TREE SEARCH COMPLETED AFTER 136 ITERATIONS / Time: 0h:0m:2s

--------------------------------------------------------------------
|                    FINALIZING TREE SEARCH                        |
--------------------------------------------------------------------
Performs final model parameters optimization
Estimate model parameters (epsilon = 0.010)
1. Initial log-likelihood: -870.579
Optimal log-likelihood: -870.578
Rate parameters:  A-C: 1.00000  A-G: 2.12333  A-T: 1.00000  C-G: 1.00000  C-T: 2.12333  G-T: 1.00000
Base frequencies:  A: 0.326  C: 0.195  G: 0.183  T: 0.295
Gamma shape alpha: 0.095
Parameters optimization took 1 rounds (0.002 sec)
BEST SCORE FOUND : -870.578

Testing tree branches by aBayes parametric test...
0.003 sec.
Total tree length: 0.719

Total number of iterations: 136
CPU time used for tree search: 2.397 sec (0h:0m:2s)
Wall-clock time used for tree search: 2.536 sec (0h:0m:2s)
Total CPU time used: 2.432 sec (0h:0m:2s)
Total wall-clock time used: 2.573 sec (0h:0m:2s)

Analysis results written to: 
  IQ-TREE report:                /home/mis/CSE6406-project/work/paper_subset_50x10_L200/ils_low/replicate_04/estimated_gene_trees/L200/hky_g4/locus_0006.iqtree
  Maximum-likelihood tree:       /home/mis/CSE6406-project/work/paper_subset_50x10_L200/ils_low/replicate_04/estimated_gene_trees/L200/hky_g4/locus_0006.treefile
  Likelihood distances:          /home/mis/CSE6406-project/work/paper_subset_50x10_L200/ils_low/replicate_04/estimated_gene_trees/L200/hky_g4/locus_0006.mldist
  Screen log file:               /home/mis/CSE6406-project/work/paper_subset_50x10_L200/ils_low/replicate_04/estimated_gene_trees/L200/hky_g4/locus_0006.log

Date and Time: Sat Sep 12 21:33:01 2026
