IQ-TREE multicore version 2.4.0 for Linux x86 64-bit built Feb 12 2025
Developed by Bui Quang Minh, Nguyen Lam Tung, Olga Chernomor, Heiko Schmidt,
Dominik Schrempf, Michael Woodhams, Ly Trong Nhan, Thomas Wong

Host:    ezmata (AVX2, FMA3, 15 GB RAM)
Command: /home/mis/miniconda3/envs/cse6406/bin/iqtree2 -s /home/mis/CSE6406-project/work/paper_subset_50x10_L1600/ils_high/replicate_09/alignments/L1600/locus_0001.phy -m JC --abayes -T 1 --seed 7306002 --prefix /home/mis/CSE6406-project/work/paper_subset_50x10_L1600/ils_high/replicate_09/estimated_gene_trees/L1600/jc/locus_0001 --redo --quiet
Seed:    7306002 (Using SPRNG - Scalable Parallel Random Number Generator)
Time:    Sat Sep 12 22:06:05 2026
Kernel:  AVX+FMA - 1 threads (16 CPU cores detected)

HINT: Use -nt option to specify number of threads because your CPU has 16 cores!
HINT: -nt AUTO will automatically determine the best number of threads to use.

Reading alignment file /home/mis/CSE6406-project/work/paper_subset_50x10_L1600/ils_high/replicate_09/alignments/L1600/locus_0001.phy ... Phylip format detected
Alignment most likely contains DNA/RNA sequences
Alignment has 21 sequences with 1600 columns, 946 distinct patterns
824 parsimony-informative, 179 singleton sites, 597 constant sites
        Gap/Ambiguity  Composition  p-value
Analyzing sequences: done in 6.4095e-05 secs using 48.37% CPU
   1  16_0_0    0.00%    passed     97.93%
   2  1_0_0     0.00%    passed     79.62%
   3  13_0_0    0.00%    passed     90.04%
   4  14_0_0    0.00%    passed     73.04%
   5  3_0_0     0.00%    passed     97.68%
   6  12_0_0    0.00%    passed     36.64%
   7  20_0_0    0.00%    passed     78.49%
   8  19_0_0    0.00%    passed     70.95%
   9  6_0_0     0.00%    passed     84.67%
  10  9_0_0     0.00%    passed     90.62%
  11  17_0_0    0.00%    passed     53.17%
  12  15_0_0    0.00%    passed     30.43%
  13  8_0_0     0.00%    passed     97.72%
  14  11_0_0    0.00%    passed     94.45%
  15  4_0_0     0.00%    passed     94.34%
  16  10_0_0    0.00%    passed     93.88%
  17  2_0_0     0.00%    passed     88.21%
  18  5_0_0     0.00%    passed     93.92%
  19  18_0_0    0.00%    passed     98.35%
  20  7_0_0     0.00%    passed     93.39%
  21  0_0_0     0.00%    passed     71.20%
****  TOTAL     0.00%  0 sequences failed composition chi2 test (p-value<5%; df=3)

Create initial parsimony tree by phylogenetic likelihood library (PLL)... 0.003 seconds

NOTE: 0 MB RAM (0 GB) is required!
Estimate model parameters (epsilon = 0.100)
1. Initial log-likelihood: -27697.591
Optimal log-likelihood: -27570.223
Rate parameters:  A-C: 1.00000  A-G: 1.00000  A-T: 1.00000  C-G: 1.00000  C-T: 1.00000  G-T: 1.00000
Base frequencies:  A: 0.250  C: 0.250  G: 0.250  T: 0.250
Parameters optimization took 1 rounds (0.009 sec)
Wrote distance file to... 
Computing ML distances based on estimated model parameters...
Calculating distance matrix: done in 0.00115135 secs using 99.62% CPU
Computing ML distances took 0.001280 sec (of wall-clock time) 0.001255 sec (of CPU time)
Setting up auxiliary I and S matrices: done in 6.2815e-05 secs using 98.7% CPU
Computing RapidNJ tree took 0.000267 sec (of wall-clock time) 0.000267 sec (of CPU time)
Log-likelihood of RapidNJ tree: -27697.022
--------------------------------------------------------------------
|             INITIALIZING CANDIDATE TREE SET                      |
--------------------------------------------------------------------
Generating 98 parsimony trees... 0.332 second
Computing log-likelihood of 98 initial trees ... 0.226 seconds
Current best score: -27570.223

Do NNI search on 20 best initial trees
Estimate model parameters (epsilon = 0.100)
BETTER TREE FOUND at iteration 1: -27564.090
BETTER TREE FOUND at iteration 2: -27564.080
UPDATE BEST LOG-LIKELIHOOD: -27564.077
UPDATE BEST LOG-LIKELIHOOD: -27564.073
Iteration 10 / LogL: -27564.120 / Time: 0h:0m:0s
UPDATE BEST LOG-LIKELIHOOD: -27564.071
Iteration 20 / LogL: -27571.510 / Time: 0h:0m:1s
Finish initializing candidate tree set (7)
Current best tree score: -27564.071 / CPU time: 1.540
Number of iterations: 20
--------------------------------------------------------------------
|               OPTIMIZING CANDIDATE TREE SET                      |
--------------------------------------------------------------------
Iteration 30 / LogL: -27571.604 / Time: 0h:0m:2s (0h:0m:5s left)
Iteration 40 / LogL: -27564.094 / Time: 0h:0m:2s (0h:0m:4s left)
Iteration 50 / LogL: -27571.568 / Time: 0h:0m:3s (0h:0m:3s left)
Iteration 60 / LogL: -27571.514 / Time: 0h:0m:3s (0h:0m:2s left)
UPDATE BEST LOG-LIKELIHOOD: -27564.070
Iteration 70 / LogL: -27564.094 / Time: 0h:0m:4s (0h:0m:2s left)
Iteration 80 / LogL: -27564.137 / Time: 0h:0m:5s (0h:0m:1s left)
Iteration 90 / LogL: -27564.081 / Time: 0h:0m:5s (0h:0m:0s left)
Iteration 100 / LogL: -27564.856 / Time: 0h:0m:6s (0h:0m:0s left)
TREE SEARCH COMPLETED AFTER 103 ITERATIONS / Time: 0h:0m:6s

--------------------------------------------------------------------
|                    FINALIZING TREE SEARCH                        |
--------------------------------------------------------------------
Performs final model parameters optimization
Estimate model parameters (epsilon = 0.010)
1. Initial log-likelihood: -27564.070
Optimal log-likelihood: -27564.066
Rate parameters:  A-C: 1.00000  A-G: 1.00000  A-T: 1.00000  C-G: 1.00000  C-T: 1.00000  G-T: 1.00000
Base frequencies:  A: 0.250  C: 0.250  G: 0.250  T: 0.250
Parameters optimization took 1 rounds (0.006 sec)
BEST SCORE FOUND : -27564.066

Testing tree branches by aBayes parametric test...
0.017 sec.
Total tree length: 4.881

Total number of iterations: 103
CPU time used for tree search: 6.342 sec (0h:0m:6s)
Wall-clock time used for tree search: 6.471 sec (0h:0m:6s)
Total CPU time used: 6.397 sec (0h:0m:6s)
Total wall-clock time used: 6.527 sec (0h:0m:6s)

Analysis results written to: 
  IQ-TREE report:                /home/mis/CSE6406-project/work/paper_subset_50x10_L1600/ils_high/replicate_09/estimated_gene_trees/L1600/jc/locus_0001.iqtree
  Maximum-likelihood tree:       /home/mis/CSE6406-project/work/paper_subset_50x10_L1600/ils_high/replicate_09/estimated_gene_trees/L1600/jc/locus_0001.treefile
  Likelihood distances:          /home/mis/CSE6406-project/work/paper_subset_50x10_L1600/ils_high/replicate_09/estimated_gene_trees/L1600/jc/locus_0001.mldist
  Screen log file:               /home/mis/CSE6406-project/work/paper_subset_50x10_L1600/ils_high/replicate_09/estimated_gene_trees/L1600/jc/locus_0001.log

Date and Time: Sat Sep 12 22:06:11 2026
