IQ-TREE multicore version 2.4.0 for Linux x86 64-bit built Feb 12 2025
Developed by Bui Quang Minh, Nguyen Lam Tung, Olga Chernomor, Heiko Schmidt,
Dominik Schrempf, Michael Woodhams, Ly Trong Nhan, Thomas Wong

Host:    ezmata (AVX2, FMA3, 15 GB RAM)
Command: /home/mis/miniconda3/envs/cse6406/bin/iqtree2 -s /home/mis/CSE6406-project/work/paper_subset_50x10_L1600/ils_high/replicate_09/alignments/L1600/locus_0030.phy -m JC --abayes -T 1 --seed 7306031 --prefix /home/mis/CSE6406-project/work/paper_subset_50x10_L1600/ils_high/replicate_09/estimated_gene_trees/L1600/jc/locus_0030 --redo --quiet
Seed:    7306031 (Using SPRNG - Scalable Parallel Random Number Generator)
Time:    Sat Sep 12 22:06:17 2026
Kernel:  AVX+FMA - 1 threads (16 CPU cores detected)

HINT: Use -nt option to specify number of threads because your CPU has 16 cores!
HINT: -nt AUTO will automatically determine the best number of threads to use.

Reading alignment file /home/mis/CSE6406-project/work/paper_subset_50x10_L1600/ils_high/replicate_09/alignments/L1600/locus_0030.phy ... Phylip format detected
Alignment most likely contains DNA/RNA sequences
Alignment has 21 sequences with 1600 columns, 927 distinct patterns
810 parsimony-informative, 158 singleton sites, 632 constant sites
        Gap/Ambiguity  Composition  p-value
Analyzing sequences: done in 0.00012634 secs using 59.36% CPU
   1  8_0_0     0.00%    passed     41.46%
   2  16_0_0    0.00%    passed     19.83%
   3  1_0_0     0.00%    passed     86.96%
   4  14_0_0    0.00%    passed     86.94%
   5  11_0_0    0.00%    passed     47.37%
   6  12_0_0    0.00%    passed     55.81%
   7  20_0_0    0.00%    passed     93.93%
   8  9_0_0     0.00%    passed     76.25%
   9  19_0_0    0.00%    passed     95.62%
  10  6_0_0     0.00%    passed     90.92%
  11  3_0_0     0.00%    passed     90.70%
  12  13_0_0    0.00%    passed     98.58%
  13  4_0_0     0.00%    passed     66.49%
  14  10_0_0    0.00%    passed     76.50%
  15  2_0_0     0.00%    passed     82.11%
  16  17_0_0    0.00%    passed     28.91%
  17  15_0_0    0.00%    passed     27.81%
  18  18_0_0    0.00%    passed     96.35%
  19  7_0_0     0.00%    passed     95.66%
  20  5_0_0     0.00%    passed     92.62%
  21  0_0_0     0.00%    passed     90.54%
****  TOTAL     0.00%  0 sequences failed composition chi2 test (p-value<5%; df=3)

Create initial parsimony tree by phylogenetic likelihood library (PLL)... 0.004 seconds

NOTE: 0 MB RAM (0 GB) is required!
Estimate model parameters (epsilon = 0.100)
1. Initial log-likelihood: -26750.360
Optimal log-likelihood: -26628.777
Rate parameters:  A-C: 1.00000  A-G: 1.00000  A-T: 1.00000  C-G: 1.00000  C-T: 1.00000  G-T: 1.00000
Base frequencies:  A: 0.250  C: 0.250  G: 0.250  T: 0.250
Parameters optimization took 1 rounds (0.013 sec)
Wrote distance file to... 
Computing ML distances based on estimated model parameters...
Calculating distance matrix: done in 0.00208561 secs using 99.87% CPU
Computing ML distances took 0.002285 sec (of wall-clock time) 0.002291 sec (of CPU time)
Setting up auxiliary I and S matrices: done in 5.8683e-05 secs
Computing RapidNJ tree took 0.000236 sec (of wall-clock time) 0.000000 sec (of CPU time)
Log-likelihood of RapidNJ tree: -26632.423
--------------------------------------------------------------------
|             INITIALIZING CANDIDATE TREE SET                      |
--------------------------------------------------------------------
Generating 98 parsimony trees... 0.562 second
Computing log-likelihood of 98 initial trees ... 0.417 seconds
Current best score: -26579.072

Do NNI search on 20 best initial trees
Estimate model parameters (epsilon = 0.100)
BETTER TREE FOUND at iteration 1: -26568.962
Estimate model parameters (epsilon = 0.100)
BETTER TREE FOUND at iteration 2: -26565.108
Iteration 10 / LogL: -26565.119 / Time: 0h:0m:1s
Iteration 20 / LogL: -26565.139 / Time: 0h:0m:1s
Finish initializing candidate tree set (3)
Current best tree score: -26565.108 / CPU time: 1.901
Number of iterations: 20
--------------------------------------------------------------------
|               OPTIMIZING CANDIDATE TREE SET                      |
--------------------------------------------------------------------
Iteration 30 / LogL: -26565.117 / Time: 0h:0m:2s (0h:0m:6s left)
Iteration 40 / LogL: -26565.158 / Time: 0h:0m:3s (0h:0m:4s left)
Iteration 50 / LogL: -26565.164 / Time: 0h:0m:3s (0h:0m:3s left)
Iteration 60 / LogL: -26565.162 / Time: 0h:0m:4s (0h:0m:2s left)
Iteration 70 / LogL: -26565.160 / Time: 0h:0m:4s (0h:0m:2s left)
Iteration 80 / LogL: -26565.258 / Time: 0h:0m:5s (0h:0m:1s left)
Iteration 90 / LogL: -26565.215 / Time: 0h:0m:5s (0h:0m:0s left)
Iteration 100 / LogL: -26565.117 / Time: 0h:0m:6s (0h:0m:0s left)
TREE SEARCH COMPLETED AFTER 103 ITERATIONS / Time: 0h:0m:6s

--------------------------------------------------------------------
|                    FINALIZING TREE SEARCH                        |
--------------------------------------------------------------------
Performs final model parameters optimization
Estimate model parameters (epsilon = 0.010)
1. Initial log-likelihood: -26565.108
Optimal log-likelihood: -26565.108
Rate parameters:  A-C: 1.00000  A-G: 1.00000  A-T: 1.00000  C-G: 1.00000  C-T: 1.00000  G-T: 1.00000
Base frequencies:  A: 0.250  C: 0.250  G: 0.250  T: 0.250
Parameters optimization took 1 rounds (0.004 sec)
BEST SCORE FOUND : -26565.108

Testing tree branches by aBayes parametric test...
0.013 sec.
Total tree length: 4.498

Total number of iterations: 103
CPU time used for tree search: 6.416 sec (0h:0m:6s)
Wall-clock time used for tree search: 6.524 sec (0h:0m:6s)
Total CPU time used: 6.486 sec (0h:0m:6s)
Total wall-clock time used: 6.598 sec (0h:0m:6s)

Analysis results written to: 
  IQ-TREE report:                /home/mis/CSE6406-project/work/paper_subset_50x10_L1600/ils_high/replicate_09/estimated_gene_trees/L1600/jc/locus_0030.iqtree
  Maximum-likelihood tree:       /home/mis/CSE6406-project/work/paper_subset_50x10_L1600/ils_high/replicate_09/estimated_gene_trees/L1600/jc/locus_0030.treefile
  Likelihood distances:          /home/mis/CSE6406-project/work/paper_subset_50x10_L1600/ils_high/replicate_09/estimated_gene_trees/L1600/jc/locus_0030.mldist
  Screen log file:               /home/mis/CSE6406-project/work/paper_subset_50x10_L1600/ils_high/replicate_09/estimated_gene_trees/L1600/jc/locus_0030.log

Date and Time: Sat Sep 12 22:06:24 2026
