IQ-TREE multicore version 2.4.0 for Linux x86 64-bit built Feb 12 2025
Developed by Bui Quang Minh, Nguyen Lam Tung, Olga Chernomor, Heiko Schmidt,
Dominik Schrempf, Michael Woodhams, Ly Trong Nhan, Thomas Wong

Host:    ezmata (AVX2, FMA3, 15 GB RAM)
Command: /home/mis/miniconda3/envs/cse6406/bin/iqtree2 -s /home/mis/CSE6406-project/work/paper_subset_50x10_L1600/ils_high/replicate_09/alignments/L1600/locus_0011.phy -m JC --abayes -T 1 --seed 7306012 --prefix /home/mis/CSE6406-project/work/paper_subset_50x10_L1600/ils_high/replicate_09/estimated_gene_trees/L1600/jc/locus_0011 --redo --quiet
Seed:    7306012 (Using SPRNG - Scalable Parallel Random Number Generator)
Time:    Sat Sep 12 22:06:10 2026
Kernel:  AVX+FMA - 1 threads (16 CPU cores detected)

HINT: Use -nt option to specify number of threads because your CPU has 16 cores!
HINT: -nt AUTO will automatically determine the best number of threads to use.

Reading alignment file /home/mis/CSE6406-project/work/paper_subset_50x10_L1600/ils_high/replicate_09/alignments/L1600/locus_0011.phy ... Phylip format detected
Alignment most likely contains DNA/RNA sequences
Alignment has 21 sequences with 1600 columns, 970 distinct patterns
854 parsimony-informative, 154 singleton sites, 592 constant sites
        Gap/Ambiguity  Composition  p-value
Analyzing sequences: done in 0.000104258 secs
   1  0_0_0     0.00%    passed     86.85%
   2  16_0_0    0.00%    passed     44.82%
   3  1_0_0     0.00%    passed     61.31%
   4  8_0_0     0.00%    passed     84.86%
   5  9_0_0     0.00%    passed     63.31%
   6  5_0_0     0.00%    passed     93.68%
   7  17_0_0    0.00%    passed     99.25%
   8  18_0_0    0.00%    passed     74.72%
   9  15_0_0    0.00%    passed     59.54%
  10  2_0_0     0.00%    passed     83.31%
  11  10_0_0    0.00%    passed     89.68%
  12  7_0_0     0.00%    passed     91.49%
  13  4_0_0     0.00%    passed     98.35%
  14  12_0_0    0.00%    passed     41.45%
  15  3_0_0     0.00%    passed     99.92%
  16  6_0_0     0.00%    passed     49.75%
  17  19_0_0    0.00%    passed     34.40%
  18  20_0_0    0.00%    passed     92.83%
  19  14_0_0    0.00%    passed     30.85%
  20  13_0_0    0.00%    passed     76.14%
  21  11_0_0    0.00%    passed     36.23%
****  TOTAL     0.00%  0 sequences failed composition chi2 test (p-value<5%; df=3)

Create initial parsimony tree by phylogenetic likelihood library (PLL)... 0.006 seconds

NOTE: 0 MB RAM (0 GB) is required!
Estimate model parameters (epsilon = 0.100)
1. Initial log-likelihood: -27839.653
Optimal log-likelihood: -27746.188
Rate parameters:  A-C: 1.00000  A-G: 1.00000  A-T: 1.00000  C-G: 1.00000  C-T: 1.00000  G-T: 1.00000
Base frequencies:  A: 0.250  C: 0.250  G: 0.250  T: 0.250
Parameters optimization took 1 rounds (0.014 sec)
Wrote distance file to... 
Computing ML distances based on estimated model parameters...
Calculating distance matrix: done in 0.00208724 secs using 95.72% CPU
Computing ML distances took 0.002288 sec (of wall-clock time) 0.002178 sec (of CPU time)
Setting up auxiliary I and S matrices: done in 7.0715e-05 secs using 63.64% CPU
Computing RapidNJ tree took 0.000292 sec (of wall-clock time) 0.000231 sec (of CPU time)
Log-likelihood of RapidNJ tree: -27841.801
--------------------------------------------------------------------
|             INITIALIZING CANDIDATE TREE SET                      |
--------------------------------------------------------------------
Generating 98 parsimony trees... 0.573 second
Computing log-likelihood of 98 initial trees ... 0.480 seconds
Current best score: -27740.321

Do NNI search on 20 best initial trees
Estimate model parameters (epsilon = 0.100)
BETTER TREE FOUND at iteration 1: -27714.058
Iteration 10 / LogL: -27714.069 / Time: 0h:0m:1s
Iteration 20 / LogL: -27714.067 / Time: 0h:0m:2s
Finish initializing candidate tree set (7)
Current best tree score: -27714.058 / CPU time: 2.053
Number of iterations: 20
--------------------------------------------------------------------
|               OPTIMIZING CANDIDATE TREE SET                      |
--------------------------------------------------------------------
Iteration 30 / LogL: -27750.832 / Time: 0h:0m:2s (0h:0m:6s left)
Iteration 40 / LogL: -27714.272 / Time: 0h:0m:3s (0h:0m:4s left)
Iteration 50 / LogL: -27714.085 / Time: 0h:0m:3s (0h:0m:3s left)
Iteration 60 / LogL: -27714.060 / Time: 0h:0m:4s (0h:0m:2s left)
Iteration 70 / LogL: -27731.424 / Time: 0h:0m:4s (0h:0m:2s left)
Iteration 80 / LogL: -27714.064 / Time: 0h:0m:5s (0h:0m:1s left)
Iteration 90 / LogL: -27714.078 / Time: 0h:0m:6s (0h:0m:0s left)
Iteration 100 / LogL: -27714.185 / Time: 0h:0m:6s (0h:0m:0s left)
TREE SEARCH COMPLETED AFTER 102 ITERATIONS / Time: 0h:0m:6s

--------------------------------------------------------------------
|                    FINALIZING TREE SEARCH                        |
--------------------------------------------------------------------
Performs final model parameters optimization
Estimate model parameters (epsilon = 0.010)
1. Initial log-likelihood: -27714.058
Optimal log-likelihood: -27714.058
Rate parameters:  A-C: 1.00000  A-G: 1.00000  A-T: 1.00000  C-G: 1.00000  C-T: 1.00000  G-T: 1.00000
Base frequencies:  A: 0.250  C: 0.250  G: 0.250  T: 0.250
Parameters optimization took 1 rounds (0.005 sec)
BEST SCORE FOUND : -27714.058

Testing tree branches by aBayes parametric test...
0.016 sec.
Total tree length: 4.941

Total number of iterations: 102
CPU time used for tree search: 6.783 sec (0h:0m:6s)
Wall-clock time used for tree search: 6.882 sec (0h:0m:6s)
Total CPU time used: 6.860 sec (0h:0m:6s)
Total wall-clock time used: 6.962 sec (0h:0m:6s)

Analysis results written to: 
  IQ-TREE report:                /home/mis/CSE6406-project/work/paper_subset_50x10_L1600/ils_high/replicate_09/estimated_gene_trees/L1600/jc/locus_0011.iqtree
  Maximum-likelihood tree:       /home/mis/CSE6406-project/work/paper_subset_50x10_L1600/ils_high/replicate_09/estimated_gene_trees/L1600/jc/locus_0011.treefile
  Likelihood distances:          /home/mis/CSE6406-project/work/paper_subset_50x10_L1600/ils_high/replicate_09/estimated_gene_trees/L1600/jc/locus_0011.mldist
  Screen log file:               /home/mis/CSE6406-project/work/paper_subset_50x10_L1600/ils_high/replicate_09/estimated_gene_trees/L1600/jc/locus_0011.log

Date and Time: Sat Sep 12 22:06:17 2026
