IQ-TREE multicore version 2.4.0 for Linux x86 64-bit built Feb 12 2025
Developed by Bui Quang Minh, Nguyen Lam Tung, Olga Chernomor, Heiko Schmidt,
Dominik Schrempf, Michael Woodhams, Ly Trong Nhan, Thomas Wong

Host:    ezmata (AVX2, FMA3, 15 GB RAM)
Command: /home/mis/miniconda3/envs/cse6406/bin/iqtree2 -s /home/mis/CSE6406-project/work/paper_subset_50x10_L1600/ils_high/replicate_09/alignments/L1600/locus_0020.phy -m JC --abayes -T 1 --seed 7306021 --prefix /home/mis/CSE6406-project/work/paper_subset_50x10_L1600/ils_high/replicate_09/estimated_gene_trees/L1600/jc/locus_0020 --redo --quiet
Seed:    7306021 (Using SPRNG - Scalable Parallel Random Number Generator)
Time:    Sat Sep 12 22:06:12 2026
Kernel:  AVX+FMA - 1 threads (16 CPU cores detected)

HINT: Use -nt option to specify number of threads because your CPU has 16 cores!
HINT: -nt AUTO will automatically determine the best number of threads to use.

Reading alignment file /home/mis/CSE6406-project/work/paper_subset_50x10_L1600/ils_high/replicate_09/alignments/L1600/locus_0020.phy ... Phylip format detected
Alignment most likely contains DNA/RNA sequences
Alignment has 21 sequences with 1600 columns, 956 distinct patterns
846 parsimony-informative, 150 singleton sites, 604 constant sites
        Gap/Ambiguity  Composition  p-value
Analyzing sequences: done in 9.5385e-05 secs using 91.21% CPU
   1  0_0_0     0.00%    passed     11.63%
   2  19_0_0    0.00%    passed     35.25%
   3  9_0_0     0.00%    passed     66.29%
   4  3_0_0     0.00%    passed     95.04%
   5  6_0_0     0.00%    passed     84.13%
   6  11_0_0    0.00%    passed     39.61%
   7  13_0_0    0.00%    passed     95.18%
   8  14_0_0    0.00%    passed     93.59%
   9  2_0_0     0.00%    passed     94.30%
  10  12_0_0    0.00%    passed     97.71%
  11  20_0_0    0.00%    passed     71.49%
  12  8_0_0     0.00%    passed     42.15%
  13  18_0_0    0.00%    passed     87.13%
  14  17_0_0    0.00%    passed     91.21%
  15  5_0_0     0.00%    passed     94.80%
  16  10_0_0    0.00%    passed     86.98%
  17  1_0_0     0.00%    passed     85.09%
  18  4_0_0     0.00%    passed     39.00%
  19  15_0_0    0.00%    passed     84.53%
  20  7_0_0     0.00%    passed     67.48%
  21  16_0_0    0.00%    passed     34.13%
****  TOTAL     0.00%  0 sequences failed composition chi2 test (p-value<5%; df=3)

Create initial parsimony tree by phylogenetic likelihood library (PLL)... 0.005 seconds

NOTE: 0 MB RAM (0 GB) is required!
Estimate model parameters (epsilon = 0.100)
1. Initial log-likelihood: -27672.255
Optimal log-likelihood: -27536.751
Rate parameters:  A-C: 1.00000  A-G: 1.00000  A-T: 1.00000  C-G: 1.00000  C-T: 1.00000  G-T: 1.00000
Base frequencies:  A: 0.250  C: 0.250  G: 0.250  T: 0.250
Parameters optimization took 1 rounds (0.014 sec)
Wrote distance file to... 
Computing ML distances based on estimated model parameters...
Calculating distance matrix: done in 0.0021302 secs using 96.52% CPU
Computing ML distances took 0.002351 sec (of wall-clock time) 0.002251 sec (of CPU time)
Setting up auxiliary I and S matrices: done in 7.2924e-05 secs using 98.73% CPU
Computing RapidNJ tree took 0.000296 sec (of wall-clock time) 0.000295 sec (of CPU time)
Log-likelihood of RapidNJ tree: -27588.855
--------------------------------------------------------------------
|             INITIALIZING CANDIDATE TREE SET                      |
--------------------------------------------------------------------
Generating 98 parsimony trees... 0.532 second
Computing log-likelihood of 98 initial trees ... 0.412 seconds
Current best score: -27508.651

Do NNI search on 20 best initial trees
Estimate model parameters (epsilon = 0.100)
BETTER TREE FOUND at iteration 1: -27500.991
Iteration 10 / LogL: -27506.081 / Time: 0h:0m:1s
Iteration 20 / LogL: -27517.480 / Time: 0h:0m:1s
Finish initializing candidate tree set (12)
Current best tree score: -27500.991 / CPU time: 1.617
Number of iterations: 20
--------------------------------------------------------------------
|               OPTIMIZING CANDIDATE TREE SET                      |
--------------------------------------------------------------------
Iteration 30 / LogL: -27506.135 / Time: 0h:0m:2s (0h:0m:5s left)
Iteration 40 / LogL: -27506.437 / Time: 0h:0m:2s (0h:0m:4s left)
Iteration 50 / LogL: -27506.083 / Time: 0h:0m:3s (0h:0m:3s left)
Iteration 60 / LogL: -27506.084 / Time: 0h:0m:4s (0h:0m:2s left)
Iteration 70 / LogL: -27506.167 / Time: 0h:0m:4s (0h:0m:2s left)
Iteration 80 / LogL: -27506.291 / Time: 0h:0m:5s (0h:0m:1s left)
Iteration 90 / LogL: -27501.004 / Time: 0h:0m:5s (0h:0m:0s left)
Iteration 100 / LogL: -27501.008 / Time: 0h:0m:6s (0h:0m:0s left)
TREE SEARCH COMPLETED AFTER 102 ITERATIONS / Time: 0h:0m:6s

--------------------------------------------------------------------
|                    FINALIZING TREE SEARCH                        |
--------------------------------------------------------------------
Performs final model parameters optimization
Estimate model parameters (epsilon = 0.010)
1. Initial log-likelihood: -27500.991
Optimal log-likelihood: -27500.991
Rate parameters:  A-C: 1.00000  A-G: 1.00000  A-T: 1.00000  C-G: 1.00000  C-T: 1.00000  G-T: 1.00000
Base frequencies:  A: 0.250  C: 0.250  G: 0.250  T: 0.250
Parameters optimization took 1 rounds (0.005 sec)
BEST SCORE FOUND : -27500.991

Testing tree branches by aBayes parametric test...
0.016 sec.
Total tree length: 4.838

Total number of iterations: 102
CPU time used for tree search: 6.329 sec (0h:0m:6s)
Wall-clock time used for tree search: 6.426 sec (0h:0m:6s)
Total CPU time used: 6.404 sec (0h:0m:6s)
Total wall-clock time used: 6.503 sec (0h:0m:6s)

Analysis results written to: 
  IQ-TREE report:                /home/mis/CSE6406-project/work/paper_subset_50x10_L1600/ils_high/replicate_09/estimated_gene_trees/L1600/jc/locus_0020.iqtree
  Maximum-likelihood tree:       /home/mis/CSE6406-project/work/paper_subset_50x10_L1600/ils_high/replicate_09/estimated_gene_trees/L1600/jc/locus_0020.treefile
  Likelihood distances:          /home/mis/CSE6406-project/work/paper_subset_50x10_L1600/ils_high/replicate_09/estimated_gene_trees/L1600/jc/locus_0020.mldist
  Screen log file:               /home/mis/CSE6406-project/work/paper_subset_50x10_L1600/ils_high/replicate_09/estimated_gene_trees/L1600/jc/locus_0020.log

Date and Time: Sat Sep 12 22:06:19 2026
