IQ-TREE multicore version 2.4.0 for Linux x86 64-bit built Feb 12 2025
Developed by Bui Quang Minh, Nguyen Lam Tung, Olga Chernomor, Heiko Schmidt,
Dominik Schrempf, Michael Woodhams, Ly Trong Nhan, Thomas Wong

Host:    ezmata (AVX2, FMA3, 15 GB RAM)
Command: /home/mis/miniconda3/envs/cse6406/bin/iqtree2 -s /home/mis/CSE6406-project/work/paper_subset_10x2_L200_800/ils_low/replicate_01/alignments/L200/locus_0006.phy -m GTR --abayes -T AUTO --seed 6506007 --prefix /home/mis/CSE6406-project/work/paper_subset_10x2_L200_800/ils_low/replicate_01/estimated_gene_trees/L200/gtr/locus_0006 --redo --quiet
Seed:    6506007 (Using SPRNG - Scalable Parallel Random Number Generator)
Time:    Thu Sep 10 15:47:06 2026
Kernel:  AVX+FMA - auto-detect threads (16 CPU cores detected)

Reading alignment file /home/mis/CSE6406-project/work/paper_subset_10x2_L200_800/ils_low/replicate_01/alignments/L200/locus_0006.phy ... Phylip format detected
Alignment most likely contains DNA/RNA sequences
Alignment has 21 sequences with 200 columns, 12 distinct patterns
3 parsimony-informative, 5 singleton sites, 192 constant sites
        Gap/Ambiguity  Composition  p-value
Analyzing sequences: done in 0.000182816 secs
   1  0_0_0     0.00%    passed     98.38%
   2  1_0_0     0.00%    passed     99.98%
   3  2_0_0     0.00%    passed     99.98%
   4  3_0_0     0.00%    passed     99.98%
   5  4_0_0     0.00%    passed     99.98%
   6  7_0_0     0.00%    passed     99.98%
   7  16_0_0    0.00%    passed     99.98%
   8  11_0_0    0.00%    passed     99.98%
   9  20_0_0    0.00%    passed     99.98%
  10  14_0_0    0.00%    passed     99.98%
  11  8_0_0     0.00%    passed     99.98%
  12  19_0_0    0.00%    passed     99.57%
  13  9_0_0     0.00%    passed     99.98%
  14  10_0_0    0.00%    passed     99.98%
  15  5_0_0     0.00%    passed     99.98%
  16  13_0_0    0.00%    passed     99.64%
  17  6_0_0     0.00%    passed     99.89%
  18  15_0_0    0.00%    passed     99.98%
  19  17_0_0    0.00%    passed     99.98%
  20  12_0_0    0.00%    passed     99.89%
  21  18_0_0    0.00%    passed     99.89%
****  TOTAL     0.00%  0 sequences failed composition chi2 test (p-value<5%; df=3)
NOTE: 3_0_0 is identical to 1_0_0 but kept for subsequent analysis
NOTE: 16_0_0 is identical to 7_0_0 but kept for subsequent analysis
NOTE: 12_0_0 is identical to 6_0_0 but kept for subsequent analysis
NOTE: 17_0_0 is identical to 15_0_0 but kept for subsequent analysis
NOTE: 9 identical sequences (see below) will be ignored for subsequent analysis
NOTE: 4_0_0 (identical to 1_0_0) is ignored but added at the end
NOTE: 9_0_0 (identical to 1_0_0) is ignored but added at the end
NOTE: 10_0_0 (identical to 1_0_0) is ignored but added at the end
NOTE: 5_0_0 (identical to 1_0_0) is ignored but added at the end
NOTE: 11_0_0 (identical to 7_0_0) is ignored but added at the end
NOTE: 20_0_0 (identical to 7_0_0) is ignored but added at the end
NOTE: 14_0_0 (identical to 7_0_0) is ignored but added at the end
NOTE: 8_0_0 (identical to 7_0_0) is ignored but added at the end
NOTE: 18_0_0 (identical to 6_0_0) is ignored but added at the end
Alignment was printed to /home/mis/CSE6406-project/work/paper_subset_10x2_L200_800/ils_low/replicate_01/estimated_gene_trees/L200/gtr/locus_0006.uniqueseq.phy

For your convenience alignment with unique sequences printed to /home/mis/CSE6406-project/work/paper_subset_10x2_L200_800/ils_low/replicate_01/estimated_gene_trees/L200/gtr/locus_0006.uniqueseq.phy

Create initial parsimony tree by phylogenetic likelihood library (PLL)... 0.000 seconds

NOTE: 0 MB RAM (0 GB) is required!
Measuring multi-threading efficiency up to 16 CPU cores
Increase to 10 rounds for branch lengths
136629 trees examined
Threads: 1 / Time: 16.000 sec / Speedup: 1.000 / Efficiency: 100% / LogL: -368
WARNING: 2 threads for alignment length 12 will slow down analysis
Threads: 2 / Time: 9.243 sec / Speedup: 1.731 / Efficiency: 87% / LogL: -368
WARNING: 3 threads for alignment length 12 will slow down analysis
Threads: 3 / Time: 9.332 sec / Speedup: 1.715 / Efficiency: 57% / LogL: -368
WARNING: 4 threads for alignment length 12 will slow down analysis
Threads: 4 / Time: 9.092 sec / Speedup: 1.760 / Efficiency: 44% / LogL: -368
BEST NUMBER OF THREADS: 2

WARNING: 2 threads for alignment length 12 will slow down analysis
Estimate model parameters (epsilon = 0.100)
1. Initial log-likelihood: -328.034
2. Current log-likelihood: -326.469
Optimal log-likelihood: -326.442
Rate parameters:  A-C: 0.00010  A-G: 1.79137  A-T: 1.96654  C-G: 1.74404  C-T: 1.39009  G-T: 1.00000
Warning! Some parameters hit the boundaries
Base frequencies:  A: 0.338  C: 0.175  G: 0.210  T: 0.277
Parameters optimization took 2 rounds (0.001 sec)
Wrote distance file to... 
Computing ML distances based on estimated model parameters...
Calculating distance matrix: done in 0.000121041 secs using 168.5% CPU
Computing ML distances took 0.000277 sec (of wall-clock time) 0.000250 sec (of CPU time)
Setting up auxiliary I and S matrices: done in 0.000189584 secs
Computing RapidNJ tree took 0.001100 sec (of wall-clock time) 0.000603 sec (of CPU time)
Log-likelihood of RapidNJ tree: -326.443
--------------------------------------------------------------------
|             INITIALIZING CANDIDATE TREE SET                      |
--------------------------------------------------------------------
Generating 98 parsimony trees... 0.009 second
Computing log-likelihood of 98 initial trees ... 0.008 seconds
Current best score: -326.442

Do NNI search on 20 best initial trees
Estimate model parameters (epsilon = 0.100)
BETTER TREE FOUND at iteration 1: -326.437
BETTER TREE FOUND at iteration 5: -326.437
Iteration 10 / LogL: -326.437 / Time: 0h:0m:43s
BETTER TREE FOUND at iteration 14: -326.437
Iteration 20 / LogL: -326.437 / Time: 0h:0m:43s
Finish initializing candidate tree set (18)
Current best tree score: -326.437 / CPU time: 0.025
Number of iterations: 20
--------------------------------------------------------------------
|               OPTIMIZING CANDIDATE TREE SET                      |
--------------------------------------------------------------------
Iteration 30 / LogL: -326.438 / Time: 0h:0m:43s (0h:2m:6s left)
Iteration 40 / LogL: -326.438 / Time: 0h:0m:43s (0h:1m:22s left)
Iteration 50 / LogL: -326.438 / Time: 0h:0m:43s (0h:0m:57s left)
Iteration 60 / LogL: -326.437 / Time: 0h:0m:43s (0h:0m:40s left)
Iteration 70 / LogL: -326.437 / Time: 0h:0m:43s (0h:0m:27s left)
Iteration 80 / LogL: -332.337 / Time: 0h:0m:43s (0h:0m:18s left)
Iteration 90 / LogL: -326.438 / Time: 0h:0m:43s (0h:0m:11s left)
Iteration 100 / LogL: -326.438 / Time: 0h:0m:43s (0h:0m:6s left)
Iteration 110 / LogL: -326.437 / Time: 0h:0m:43s (0h:0m:1s left)
TREE SEARCH COMPLETED AFTER 115 ITERATIONS / Time: 0h:0m:43s

--------------------------------------------------------------------
|                    FINALIZING TREE SEARCH                        |
--------------------------------------------------------------------
Performs final model parameters optimization
Estimate model parameters (epsilon = 0.010)
1. Initial log-likelihood: -326.437
Optimal log-likelihood: -326.436
Rate parameters:  A-C: 0.00010  A-G: 1.73191  A-T: 1.93440  C-G: 1.67046  C-T: 1.27722  G-T: 1.00000
Warning! Some parameters hit the boundaries
Base frequencies:  A: 0.338  C: 0.175  G: 0.210  T: 0.277
Parameters optimization took 1 rounds (0.000 sec)
BEST SCORE FOUND : -326.436

Testing tree branches by aBayes parametric test...
0.000 sec.
Total tree length: 0.040

Total number of iterations: 115
CPU time used for tree search: 0.072 sec (0h:0m:0s)
Wall-clock time used for tree search: 0.084 sec (0h:0m:0s)
Total CPU time used: 39.253 sec (0h:0m:39s)
Total wall-clock time used: 43.768 sec (0h:0m:43s)

Analysis results written to: 
  IQ-TREE report:                /home/mis/CSE6406-project/work/paper_subset_10x2_L200_800/ils_low/replicate_01/estimated_gene_trees/L200/gtr/locus_0006.iqtree
  Maximum-likelihood tree:       /home/mis/CSE6406-project/work/paper_subset_10x2_L200_800/ils_low/replicate_01/estimated_gene_trees/L200/gtr/locus_0006.treefile
  Likelihood distances:          /home/mis/CSE6406-project/work/paper_subset_10x2_L200_800/ils_low/replicate_01/estimated_gene_trees/L200/gtr/locus_0006.mldist
  Screen log file:               /home/mis/CSE6406-project/work/paper_subset_10x2_L200_800/ils_low/replicate_01/estimated_gene_trees/L200/gtr/locus_0006.log

Date and Time: Thu Sep 10 15:47:49 2026
