IQ-TREE multicore version 2.4.0 for Linux x86 64-bit built Feb 12 2025
Developed by Bui Quang Minh, Nguyen Lam Tung, Olga Chernomor, Heiko Schmidt,
Dominik Schrempf, Michael Woodhams, Ly Trong Nhan, Thomas Wong

Host:    ezmata (AVX2, FMA3, 15 GB RAM)
Command: /home/mis/miniconda3/envs/cse6406/bin/iqtree2 -s /home/mis/CSE6406-project/work/paper_subset_50x10_L200/ils_high/replicate_05/alignments/L200/locus_0020.phy -m GTR --abayes -T 1 --seed 6906021 --prefix /home/mis/CSE6406-project/work/paper_subset_50x10_L200/ils_high/replicate_05/estimated_gene_trees/L200/gtr/locus_0020 --redo --quiet
Seed:    6906021 (Using SPRNG - Scalable Parallel Random Number Generator)
Time:    Sat Sep 12 21:43:15 2026
Kernel:  AVX+FMA - 1 threads (16 CPU cores detected)

HINT: Use -nt option to specify number of threads because your CPU has 16 cores!
HINT: -nt AUTO will automatically determine the best number of threads to use.

Reading alignment file /home/mis/CSE6406-project/work/paper_subset_50x10_L200/ils_high/replicate_05/alignments/L200/locus_0020.phy ... Phylip format detected
Alignment most likely contains DNA/RNA sequences
Alignment has 21 sequences with 200 columns, 82 distinct patterns
61 parsimony-informative, 19 singleton sites, 120 constant sites
        Gap/Ambiguity  Composition  p-value
Analyzing sequences: done in 8.60001e-06 secs using 11.63% CPU
   1  11_0_0    0.00%    passed     99.18%
   2  9_0_0     0.00%    passed     85.49%
   3  2_0_0     0.00%    passed     79.22%
   4  15_0_0    0.00%    passed     98.90%
   5  20_0_0    0.00%    passed     89.61%
   6  13_0_0    0.00%    passed     95.97%
   7  16_0_0    0.00%    passed     91.00%
   8  19_0_0    0.00%    passed     83.48%
   9  17_0_0    0.00%    passed     50.12%
  10  12_0_0    0.00%    passed     83.18%
  11  4_0_0     0.00%    passed     74.53%
  12  1_0_0     0.00%    passed     99.50%
  13  3_0_0     0.00%    passed     96.43%
  14  5_0_0     0.00%    passed     95.65%
  15  10_0_0    0.00%    passed     86.09%
  16  8_0_0     0.00%    passed     69.74%
  17  7_0_0     0.00%    passed     75.41%
  18  6_0_0     0.00%    passed     97.58%
  19  18_0_0    0.00%    passed     88.82%
  20  14_0_0    0.00%    passed     66.36%
  21  0_0_0     0.00%    passed     45.11%
****  TOTAL     0.00%  0 sequences failed composition chi2 test (p-value<5%; df=3)

Create initial parsimony tree by phylogenetic likelihood library (PLL)... 0.001 seconds

NOTE: 0 MB RAM (0 GB) is required!
Estimate model parameters (epsilon = 0.100)
1. Initial log-likelihood: -1596.461
2. Current log-likelihood: -1579.391
3. Current log-likelihood: -1579.147
Optimal log-likelihood: -1579.144
Rate parameters:  A-C: 0.84049  A-G: 2.21867  A-T: 0.90528  C-G: 1.36771  C-T: 1.26180  G-T: 1.00000
Base frequencies:  A: 0.331  C: 0.201  G: 0.147  T: 0.321
Parameters optimization took 3 rounds (0.006 sec)
Wrote distance file to... 
Computing ML distances based on estimated model parameters...
Calculating distance matrix: done in 0.0010991 secs using 89.71% CPU
Computing ML distances took 0.001163 sec (of wall-clock time) 0.001061 sec (of CPU time)
Setting up auxiliary I and S matrices: done in 5.9832e-05 secs using 98.61% CPU
Computing RapidNJ tree took 0.000257 sec (of wall-clock time) 0.000247 sec (of CPU time)
Log-likelihood of RapidNJ tree: -1573.814
--------------------------------------------------------------------
|             INITIALIZING CANDIDATE TREE SET                      |
--------------------------------------------------------------------
Generating 98 parsimony trees... 0.075 second
Computing log-likelihood of 98 initial trees ... 0.049 seconds
Current best score: -1563.698

Do NNI search on 20 best initial trees
Estimate model parameters (epsilon = 0.100)
BETTER TREE FOUND at iteration 1: -1563.028
Iteration 10 / LogL: -1563.573 / Time: 0h:0m:0s
Iteration 20 / LogL: -1566.764 / Time: 0h:0m:0s
Finish initializing candidate tree set (6)
Current best tree score: -1563.028 / CPU time: 0.204
Number of iterations: 20
--------------------------------------------------------------------
|               OPTIMIZING CANDIDATE TREE SET                      |
--------------------------------------------------------------------
Iteration 30 / LogL: -1563.030 / Time: 0h:0m:0s (0h:0m:0s left)
Iteration 40 / LogL: -1563.609 / Time: 0h:0m:0s (0h:0m:0s left)
Iteration 50 / LogL: -1563.048 / Time: 0h:0m:0s (0h:0m:0s left)
Iteration 60 / LogL: -1563.037 / Time: 0h:0m:0s (0h:0m:0s left)
Iteration 70 / LogL: -1564.914 / Time: 0h:0m:0s (0h:0m:0s left)
Iteration 80 / LogL: -1565.488 / Time: 0h:0m:0s (0h:0m:0s left)
Iteration 90 / LogL: -1563.581 / Time: 0h:0m:0s (0h:0m:0s left)
Iteration 100 / LogL: -1563.569 / Time: 0h:0m:0s (0h:0m:0s left)
TREE SEARCH COMPLETED AFTER 102 ITERATIONS / Time: 0h:0m:0s

--------------------------------------------------------------------
|                    FINALIZING TREE SEARCH                        |
--------------------------------------------------------------------
Performs final model parameters optimization
Estimate model parameters (epsilon = 0.010)
1. Initial log-likelihood: -1563.028
Optimal log-likelihood: -1563.028
Rate parameters:  A-C: 0.73183  A-G: 2.19647  A-T: 0.84595  C-G: 1.51768  C-T: 1.35466  G-T: 1.00000
Base frequencies:  A: 0.331  C: 0.201  G: 0.147  T: 0.321
Parameters optimization took 1 rounds (0.001 sec)
BEST SCORE FOUND : -1563.028

Testing tree branches by aBayes parametric test...
0.002 sec.
Total tree length: 1.351

Total number of iterations: 102
CPU time used for tree search: 0.691 sec (0h:0m:0s)
Wall-clock time used for tree search: 0.782 sec (0h:0m:0s)
Total CPU time used: 0.712 sec (0h:0m:0s)
Total wall-clock time used: 0.806 sec (0h:0m:0s)

Analysis results written to: 
  IQ-TREE report:                /home/mis/CSE6406-project/work/paper_subset_50x10_L200/ils_high/replicate_05/estimated_gene_trees/L200/gtr/locus_0020.iqtree
  Maximum-likelihood tree:       /home/mis/CSE6406-project/work/paper_subset_50x10_L200/ils_high/replicate_05/estimated_gene_trees/L200/gtr/locus_0020.treefile
  Likelihood distances:          /home/mis/CSE6406-project/work/paper_subset_50x10_L200/ils_high/replicate_05/estimated_gene_trees/L200/gtr/locus_0020.mldist
  Screen log file:               /home/mis/CSE6406-project/work/paper_subset_50x10_L200/ils_high/replicate_05/estimated_gene_trees/L200/gtr/locus_0020.log

Date and Time: Sat Sep 12 21:43:16 2026
