IQ-TREE multicore version 2.4.0 for Linux x86 64-bit built Feb 12 2025
Developed by Bui Quang Minh, Nguyen Lam Tung, Olga Chernomor, Heiko Schmidt,
Dominik Schrempf, Michael Woodhams, Ly Trong Nhan, Thomas Wong

Host:    ezmata (AVX2, FMA3, 15 GB RAM)
Command: /home/mis/miniconda3/envs/cse6406/bin/iqtree2 -s /home/mis/CSE6406-project/work/paper_subset_50x10_L200/ils_high/replicate_05/alignments/L200/locus_0011.phy -m GTR --abayes -T 1 --seed 6906012 --prefix /home/mis/CSE6406-project/work/paper_subset_50x10_L200/ils_high/replicate_05/estimated_gene_trees/L200/gtr/locus_0011 --redo --quiet
Seed:    6906012 (Using SPRNG - Scalable Parallel Random Number Generator)
Time:    Sat Sep 12 21:43:15 2026
Kernel:  AVX+FMA - 1 threads (16 CPU cores detected)

HINT: Use -nt option to specify number of threads because your CPU has 16 cores!
HINT: -nt AUTO will automatically determine the best number of threads to use.

Reading alignment file /home/mis/CSE6406-project/work/paper_subset_50x10_L200/ils_high/replicate_05/alignments/L200/locus_0011.phy ... Phylip format detected
Alignment most likely contains DNA/RNA sequences
Alignment has 21 sequences with 200 columns, 86 distinct patterns
60 parsimony-informative, 23 singleton sites, 117 constant sites
        Gap/Ambiguity  Composition  p-value
Analyzing sequences: done in 1.0343e-05 secs using 67.68% CPU
   1  4_0_0     0.00%    passed     91.13%
   2  1_0_0     0.00%    passed     98.83%
   3  3_0_0     0.00%    passed     96.60%
   4  20_0_0    0.00%    passed     97.81%
   5  16_0_0    0.00%    passed     84.27%
   6  13_0_0    0.00%    passed     96.76%
   7  14_0_0    0.00%    passed     93.24%
   8  18_0_0    0.00%    passed     88.57%
   9  17_0_0    0.00%    passed     94.85%
  10  19_0_0    0.00%    passed     95.53%
  11  9_0_0     0.00%    passed     99.22%
  12  11_0_0    0.00%    passed     99.35%
  13  8_0_0     0.00%    passed     93.54%
  14  7_0_0     0.00%    passed     98.80%
  15  12_0_0    0.00%    passed     98.35%
  16  6_0_0     0.00%    passed     92.19%
  17  15_0_0    0.00%    passed     85.51%
  18  10_0_0    0.00%    passed     97.06%
  19  5_0_0     0.00%    passed     99.36%
  20  2_0_0     0.00%    passed     98.24%
  21  0_0_0     0.00%    passed     84.88%
****  TOTAL     0.00%  0 sequences failed composition chi2 test (p-value<5%; df=3)

Create initial parsimony tree by phylogenetic likelihood library (PLL)... 0.000 seconds

NOTE: 0 MB RAM (0 GB) is required!
Estimate model parameters (epsilon = 0.100)
1. Initial log-likelihood: -1648.935
2. Current log-likelihood: -1628.170
Optimal log-likelihood: -1628.067
Rate parameters:  A-C: 0.76579  A-G: 1.88191  A-T: 1.38399  C-G: 1.04897  C-T: 1.94516  G-T: 1.00000
Base frequencies:  A: 0.277  C: 0.214  G: 0.242  T: 0.267
Parameters optimization took 2 rounds (0.004 sec)
Wrote distance file to... 
Computing ML distances based on estimated model parameters...
Calculating distance matrix: done in 0.000752373 secs using 99.95% CPU
Computing ML distances took 0.000788 sec (of wall-clock time) 0.000791 sec (of CPU time)
Setting up auxiliary I and S matrices: done in 5.3175e-05 secs using 99.67% CPU
Computing RapidNJ tree took 0.000228 sec (of wall-clock time) 0.000228 sec (of CPU time)
Log-likelihood of RapidNJ tree: -1632.936
--------------------------------------------------------------------
|             INITIALIZING CANDIDATE TREE SET                      |
--------------------------------------------------------------------
Generating 98 parsimony trees... 0.099 second
Computing log-likelihood of 98 initial trees ... 0.079 seconds
Current best score: -1623.085

Do NNI search on 20 best initial trees
Estimate model parameters (epsilon = 0.100)
BETTER TREE FOUND at iteration 1: -1622.390
Estimate model parameters (epsilon = 0.100)
BETTER TREE FOUND at iteration 3: -1621.010
Iteration 10 / LogL: -1622.509 / Time: 0h:0m:0s
Iteration 20 / LogL: -1622.509 / Time: 0h:0m:0s
Finish initializing candidate tree set (6)
Current best tree score: -1621.010 / CPU time: 0.363
Number of iterations: 20
--------------------------------------------------------------------
|               OPTIMIZING CANDIDATE TREE SET                      |
--------------------------------------------------------------------
Iteration 30 / LogL: -1622.509 / Time: 0h:0m:0s (0h:0m:1s left)
Estimate model parameters (epsilon = 0.100)
BETTER TREE FOUND at iteration 37: -1620.953
Iteration 40 / LogL: -1620.953 / Time: 0h:0m:0s (0h:0m:1s left)
Iteration 50 / LogL: -1622.091 / Time: 0h:0m:0s (0h:0m:1s left)
UPDATE BEST LOG-LIKELIHOOD: -1620.953
Iteration 60 / LogL: -1622.536 / Time: 0h:0m:0s (0h:0m:0s left)
Iteration 70 / LogL: -1621.015 / Time: 0h:0m:0s (0h:0m:0s left)
Iteration 80 / LogL: -1620.957 / Time: 0h:0m:0s (0h:0m:0s left)
Iteration 90 / LogL: -1620.956 / Time: 0h:0m:1s (0h:0m:0s left)
Iteration 100 / LogL: -1621.015 / Time: 0h:0m:1s (0h:0m:0s left)
Iteration 110 / LogL: -1621.018 / Time: 0h:0m:1s (0h:0m:0s left)
Iteration 120 / LogL: -1622.491 / Time: 0h:0m:1s (0h:0m:0s left)
Iteration 130 / LogL: -1622.491 / Time: 0h:0m:1s (0h:0m:0s left)
TREE SEARCH COMPLETED AFTER 138 ITERATIONS / Time: 0h:0m:1s

--------------------------------------------------------------------
|                    FINALIZING TREE SEARCH                        |
--------------------------------------------------------------------
Performs final model parameters optimization
Estimate model parameters (epsilon = 0.010)
1. Initial log-likelihood: -1620.953
Optimal log-likelihood: -1620.952
Rate parameters:  A-C: 0.75903  A-G: 2.03345  A-T: 1.47961  C-G: 1.10431  C-T: 2.08786  G-T: 1.00000
Base frequencies:  A: 0.277  C: 0.214  G: 0.242  T: 0.267
Parameters optimization took 1 rounds (0.002 sec)
BEST SCORE FOUND : -1620.952

Testing tree branches by aBayes parametric test...
0.003 sec.
Total tree length: 1.419

Total number of iterations: 138
CPU time used for tree search: 1.477 sec (0h:0m:1s)
Wall-clock time used for tree search: 1.624 sec (0h:0m:1s)
Total CPU time used: 1.496 sec (0h:0m:1s)
Total wall-clock time used: 1.644 sec (0h:0m:1s)

Analysis results written to: 
  IQ-TREE report:                /home/mis/CSE6406-project/work/paper_subset_50x10_L200/ils_high/replicate_05/estimated_gene_trees/L200/gtr/locus_0011.iqtree
  Maximum-likelihood tree:       /home/mis/CSE6406-project/work/paper_subset_50x10_L200/ils_high/replicate_05/estimated_gene_trees/L200/gtr/locus_0011.treefile
  Likelihood distances:          /home/mis/CSE6406-project/work/paper_subset_50x10_L200/ils_high/replicate_05/estimated_gene_trees/L200/gtr/locus_0011.mldist
  Screen log file:               /home/mis/CSE6406-project/work/paper_subset_50x10_L200/ils_high/replicate_05/estimated_gene_trees/L200/gtr/locus_0011.log

Date and Time: Sat Sep 12 21:43:16 2026
