IQ-TREE multicore version 2.4.0 for MacOS ARM 64-bit built Feb 12 2025
Developed by Bui Quang Minh, Nguyen Lam Tung, Olga Chernomor, Heiko Schmidt,
Dominik Schrempf, Michael Woodhams, Ly Trong Nhan, Thomas Wong

Host:    Fahims-MacBook-Air.local (SSE4.2, 16 GB RAM)
Command: /Users/fahim/miniconda3/envs/cse6406/bin/iqtree2 -s /Users/fahim/CSE6406-project/work/paper_subset_50x10_L1600/ils_low/replicate_08/alignments/L1600/locus_0014.phy -m GTR --abayes -T AUTO --seed 7206015 --prefix /Users/fahim/CSE6406-project/work/paper_subset_50x10_L1600/ils_low/replicate_08/estimated_gene_trees/L1600/gtr/locus_0014 --redo --quiet
Seed:    7206015 (Using SPRNG - Scalable Parallel Random Number Generator)
Time:    Fri Sep 11 17:02:31 2026
Kernel:  SSE2 - auto-detect threads (10 CPU cores detected)

Reading alignment file /Users/fahim/CSE6406-project/work/paper_subset_50x10_L1600/ils_low/replicate_08/alignments/L1600/locus_0014.phy ... Phylip format detected
Alignment most likely contains DNA/RNA sequences
Alignment has 21 sequences with 1600 columns, 837 distinct patterns
737 parsimony-informative, 165 singleton sites, 698 constant sites
        Gap/Ambiguity  Composition  p-value
Analyzing sequences: done in 4.00543e-05 secs using 122.3% CPU
   1  0_0_0     0.00%    passed     68.79%
   2  4_0_0     0.00%    passed     80.35%
   3  14_0_0    0.00%    passed     94.74%
   4  6_0_0     0.00%    passed     86.22%
   5  10_0_0    0.00%    passed     95.15%
   6  9_0_0     0.00%    passed     98.51%
   7  13_0_0    0.00%    passed     97.29%
   8  11_0_0    0.00%    passed     94.12%
   9  5_0_0     0.00%    passed     79.21%
  10  16_0_0    0.00%    passed     77.84%
  11  12_0_0    0.00%    passed     80.94%
  12  15_0_0    0.00%    passed     81.93%
  13  3_0_0     0.00%    passed     77.66%
  14  7_0_0     0.00%    passed     86.18%
  15  8_0_0     0.00%    passed     80.08%
  16  18_0_0    0.00%    passed     99.11%
  17  20_0_0    0.00%    passed     99.76%
  18  19_0_0    0.00%    passed     90.40%
  19  2_0_0     0.00%    passed     99.27%
  20  17_0_0    0.00%    passed     99.71%
  21  1_0_0     0.00%    passed     70.17%
****  TOTAL     0.00%  0 sequences failed composition chi2 test (p-value<5%; df=3)

Create initial parsimony tree by phylogenetic likelihood library (PLL)... 0.001 seconds

NOTE: 0 MB RAM (0 GB) is required!
Measuring multi-threading efficiency up to 10 CPU cores
Increase to 10 rounds for branch lengths
2630 trees examined
Threads: 1 / Time: 10.000 sec / Speedup: 1.000 / Efficiency: 100% / LogL: -25093
Threads: 2 / Time: 21.210 sec / Speedup: 0.471 / Efficiency: 24% / LogL: -25093
BEST NUMBER OF THREADS: 1

Estimate model parameters (epsilon = 0.100)
1. Initial log-likelihood: -21902.583
2. Current log-likelihood: -21778.649
3. Current log-likelihood: -21778.397
Optimal log-likelihood: -21778.396
Rate parameters:  A-C: 0.89101  A-G: 1.27988  A-T: 0.96849  C-G: 0.79568  C-T: 1.52092  G-T: 1.00000
Base frequencies:  A: 0.316  C: 0.199  G: 0.201  T: 0.284
Parameters optimization took 3 rounds (0.015 sec)
Wrote distance file to... 
Computing ML distances based on estimated model parameters...
Calculating distance matrix: done in 0.00059104 secs using 99.15% CPU
Computing ML distances took 0.000645 sec (of wall-clock time) 0.000630 sec (of CPU time)
Setting up auxiliary I and S matrices: done in 2.00272e-05 secs using 69.91% CPU
Computing RapidNJ tree took 0.000076 sec (of wall-clock time) 0.000083 sec (of CPU time)
Log-likelihood of RapidNJ tree: -21780.390
--------------------------------------------------------------------
|             INITIALIZING CANDIDATE TREE SET                      |
--------------------------------------------------------------------
Generating 98 parsimony trees... 0.103 second
Computing log-likelihood of 98 initial trees ... 0.074 seconds
Current best score: -21774.502

Do NNI search on 20 best initial trees
Estimate model parameters (epsilon = 0.100)
BETTER TREE FOUND at iteration 1: -21769.024
Estimate model parameters (epsilon = 0.100)
BETTER TREE FOUND at iteration 3: -21766.193
Iteration 10 / LogL: -21769.092 / Time: 0h:0m:31s
Iteration 20 / LogL: -21766.197 / Time: 0h:0m:31s
Finish initializing candidate tree set (5)
Current best tree score: -21766.193 / CPU time: 0.357
Number of iterations: 20
--------------------------------------------------------------------
|               OPTIMIZING CANDIDATE TREE SET                      |
--------------------------------------------------------------------
Iteration 30 / LogL: -21769.090 / Time: 0h:0m:31s (0h:1m:19s left)
Iteration 40 / LogL: -21766.214 / Time: 0h:0m:31s (0h:0m:51s left)
Iteration 50 / LogL: -21766.358 / Time: 0h:0m:31s (0h:0m:34s left)
Iteration 60 / LogL: -21766.243 / Time: 0h:0m:31s (0h:0m:23s left)
Iteration 70 / LogL: -21766.219 / Time: 0h:0m:32s (0h:0m:15s left)
Iteration 80 / LogL: -21766.208 / Time: 0h:0m:32s (0h:0m:9s left)
Iteration 90 / LogL: -21769.719 / Time: 0h:0m:32s (0h:0m:4s left)
Iteration 100 / LogL: -21766.254 / Time: 0h:0m:32s (0h:0m:0s left)
TREE SEARCH COMPLETED AFTER 104 ITERATIONS / Time: 0h:0m:32s

--------------------------------------------------------------------
|                    FINALIZING TREE SEARCH                        |
--------------------------------------------------------------------
Performs final model parameters optimization
Estimate model parameters (epsilon = 0.010)
1. Initial log-likelihood: -21766.193
Optimal log-likelihood: -21766.190
Rate parameters:  A-C: 0.89374  A-G: 1.28602  A-T: 0.95989  C-G: 0.79300  C-T: 1.50941  G-T: 1.00000
Base frequencies:  A: 0.316  C: 0.199  G: 0.201  T: 0.284
Parameters optimization took 1 rounds (0.002 sec)
BEST SCORE FOUND : -21766.190

Testing tree branches by aBayes parametric test...
0.003 sec.
Total tree length: 3.332

Total number of iterations: 104
CPU time used for tree search: 1.214 sec (0h:0m:1s)
Wall-clock time used for tree search: 1.220 sec (0h:0m:1s)
Total CPU time used: 27.856 sec (0h:0m:27s)
Total wall-clock time used: 32.461 sec (0h:0m:32s)

Analysis results written to: 
  IQ-TREE report:                /Users/fahim/CSE6406-project/work/paper_subset_50x10_L1600/ils_low/replicate_08/estimated_gene_trees/L1600/gtr/locus_0014.iqtree
  Maximum-likelihood tree:       /Users/fahim/CSE6406-project/work/paper_subset_50x10_L1600/ils_low/replicate_08/estimated_gene_trees/L1600/gtr/locus_0014.treefile
  Likelihood distances:          /Users/fahim/CSE6406-project/work/paper_subset_50x10_L1600/ils_low/replicate_08/estimated_gene_trees/L1600/gtr/locus_0014.mldist
  Screen log file:               /Users/fahim/CSE6406-project/work/paper_subset_50x10_L1600/ils_low/replicate_08/estimated_gene_trees/L1600/gtr/locus_0014.log

Date and Time: Fri Sep 11 17:03:04 2026
