IQ-TREE multicore version 2.4.0 for MacOS ARM 64-bit built Feb 12 2025
Developed by Bui Quang Minh, Nguyen Lam Tung, Olga Chernomor, Heiko Schmidt,
Dominik Schrempf, Michael Woodhams, Ly Trong Nhan, Thomas Wong

Host:    Fahims-MacBook-Air.local (SSE4.2, 16 GB RAM)
Command: /Users/fahim/miniconda3/envs/cse6406/bin/iqtree2 -s /Users/fahim/CSE6406-project/work/paper_subset_50x10_L1600/ils_low/replicate_08/alignments/L1600/locus_0043.phy -m GTR --abayes -T AUTO --seed 7206044 --prefix /Users/fahim/CSE6406-project/work/paper_subset_50x10_L1600/ils_low/replicate_08/estimated_gene_trees/L1600/gtr/locus_0043 --redo --quiet
Seed:    7206044 (Using SPRNG - Scalable Parallel Random Number Generator)
Time:    Fri Sep 11 17:18:00 2026
Kernel:  SSE2 - auto-detect threads (10 CPU cores detected)

Reading alignment file /Users/fahim/CSE6406-project/work/paper_subset_50x10_L1600/ils_low/replicate_08/alignments/L1600/locus_0043.phy ... Phylip format detected
Alignment most likely contains DNA/RNA sequences
Alignment has 21 sequences with 1600 columns, 779 distinct patterns
670 parsimony-informative, 184 singleton sites, 746 constant sites
        Gap/Ambiguity  Composition  p-value
Analyzing sequences: done in 3.50475e-05 secs using 128.4% CPU
   1  1_0_0     0.00%    passed     70.15%
   2  15_0_0    0.00%    passed     98.37%
   3  18_0_0    0.00%    passed     98.52%
   4  19_0_0    0.00%    passed     99.59%
   5  2_0_0     0.00%    passed     91.69%
   6  17_0_0    0.00%    passed     99.67%
   7  8_0_0     0.00%    passed     95.04%
   8  20_0_0    0.00%    passed     67.14%
   9  7_0_0     0.00%    passed     99.39%
  10  3_0_0     0.00%    passed     82.44%
  11  12_0_0    0.00%    passed     98.33%
  12  16_0_0    0.00%    passed     94.90%
  13  10_0_0    0.00%    passed     73.88%
  14  4_0_0     0.00%    passed     43.64%
  15  14_0_0    0.00%    passed     93.43%
  16  6_0_0     0.00%    passed     93.57%
  17  5_0_0     0.00%    passed     98.40%
  18  11_0_0    0.00%    passed     67.04%
  19  13_0_0    0.00%    passed     79.99%
  20  9_0_0     0.00%    passed     98.92%
  21  0_0_0     0.00%    passed     55.82%
****  TOTAL     0.00%  0 sequences failed composition chi2 test (p-value<5%; df=3)

Create initial parsimony tree by phylogenetic likelihood library (PLL)... 0.001 seconds

NOTE: 0 MB RAM (0 GB) is required!
Measuring multi-threading efficiency up to 10 CPU cores
Increase to 10 rounds for branch lengths
3288 trees examined
Threads: 1 / Time: 10.002 sec / Speedup: 1.000 / Efficiency: 100% / LogL: -24453
Threads: 2 / Time: 21.119 sec / Speedup: 0.474 / Efficiency: 24% / LogL: -24453
BEST NUMBER OF THREADS: 1

Estimate model parameters (epsilon = 0.100)
1. Initial log-likelihood: -20846.870
2. Current log-likelihood: -20720.838
3. Current log-likelihood: -20720.609
Optimal log-likelihood: -20720.608
Rate parameters:  A-C: 0.93814  A-G: 1.53960  A-T: 0.94134  C-G: 1.02283  C-T: 1.31362  G-T: 1.00000
Base frequencies:  A: 0.302  C: 0.210  G: 0.187  T: 0.301
Parameters optimization took 3 rounds (0.012 sec)
Wrote distance file to... 
Computing ML distances based on estimated model parameters...
Calculating distance matrix: done in 0.000476837 secs using 97.73% CPU
Computing ML distances took 0.000518 sec (of wall-clock time) 0.000499 sec (of CPU time)
Setting up auxiliary I and S matrices: done in 1.81198e-05 secs using 66.23% CPU
Computing RapidNJ tree took 0.000064 sec (of wall-clock time) 0.000073 sec (of CPU time)
Log-likelihood of RapidNJ tree: -20747.103
--------------------------------------------------------------------
|             INITIALIZING CANDIDATE TREE SET                      |
--------------------------------------------------------------------
Generating 98 parsimony trees... 0.084 second
Computing log-likelihood of 98 initial trees ... 0.061 seconds
Current best score: -20720.608

Do NNI search on 20 best initial trees
Estimate model parameters (epsilon = 0.100)
BETTER TREE FOUND at iteration 1: -20715.969
Iteration 10 / LogL: -20716.009 / Time: 0h:0m:31s
Iteration 20 / LogL: -20715.998 / Time: 0h:0m:31s
Finish initializing candidate tree set (2)
Current best tree score: -20715.969 / CPU time: 0.278
Number of iterations: 20
--------------------------------------------------------------------
|               OPTIMIZING CANDIDATE TREE SET                      |
--------------------------------------------------------------------
Iteration 30 / LogL: -20716.015 / Time: 0h:0m:31s (0h:1m:17s left)
Iteration 40 / LogL: -20716.020 / Time: 0h:0m:31s (0h:0m:49s left)
Iteration 50 / LogL: -20716.097 / Time: 0h:0m:31s (0h:0m:32s left)
Iteration 60 / LogL: -20716.226 / Time: 0h:0m:31s (0h:0m:22s left)
Iteration 70 / LogL: -20716.096 / Time: 0h:0m:31s (0h:0m:14s left)
Iteration 80 / LogL: -20715.976 / Time: 0h:0m:31s (0h:0m:8s left)
Iteration 90 / LogL: -20715.991 / Time: 0h:0m:31s (0h:0m:3s left)
Iteration 100 / LogL: -20716.381 / Time: 0h:0m:32s (0h:0m:0s left)
TREE SEARCH COMPLETED AFTER 102 ITERATIONS / Time: 0h:0m:32s

--------------------------------------------------------------------
|                    FINALIZING TREE SEARCH                        |
--------------------------------------------------------------------
Performs final model parameters optimization
Estimate model parameters (epsilon = 0.010)
1. Initial log-likelihood: -20715.969
Optimal log-likelihood: -20715.967
Rate parameters:  A-C: 0.94585  A-G: 1.54417  A-T: 0.94477  C-G: 1.02122  C-T: 1.31134  G-T: 1.00000
Base frequencies:  A: 0.302  C: 0.210  G: 0.187  T: 0.301
Parameters optimization took 1 rounds (0.002 sec)
BEST SCORE FOUND : -20715.967

Testing tree branches by aBayes parametric test...
0.002 sec.
Total tree length: 3.049

Total number of iterations: 102
CPU time used for tree search: 0.902 sec (0h:0m:0s)
Wall-clock time used for tree search: 0.911 sec (0h:0m:0s)
Total CPU time used: 27.797 sec (0h:0m:27s)
Total wall-clock time used: 32.054 sec (0h:0m:32s)

Analysis results written to: 
  IQ-TREE report:                /Users/fahim/CSE6406-project/work/paper_subset_50x10_L1600/ils_low/replicate_08/estimated_gene_trees/L1600/gtr/locus_0043.iqtree
  Maximum-likelihood tree:       /Users/fahim/CSE6406-project/work/paper_subset_50x10_L1600/ils_low/replicate_08/estimated_gene_trees/L1600/gtr/locus_0043.treefile
  Likelihood distances:          /Users/fahim/CSE6406-project/work/paper_subset_50x10_L1600/ils_low/replicate_08/estimated_gene_trees/L1600/gtr/locus_0043.mldist
  Screen log file:               /Users/fahim/CSE6406-project/work/paper_subset_50x10_L1600/ils_low/replicate_08/estimated_gene_trees/L1600/gtr/locus_0043.log

Date and Time: Fri Sep 11 17:18:32 2026
