IQ-TREE multicore version 2.4.0 for MacOS ARM 64-bit built Feb 12 2025
Developed by Bui Quang Minh, Nguyen Lam Tung, Olga Chernomor, Heiko Schmidt,
Dominik Schrempf, Michael Woodhams, Ly Trong Nhan, Thomas Wong

Host:    Fahims-MacBook-Air.local (SSE4.2, 16 GB RAM)
Command: /Users/fahim/miniconda3/envs/cse6406/bin/iqtree2 -s /Users/fahim/CSE6406-project/work/paper_subset_50x10_L1600/ils_low/replicate_08/alignments/L1600/locus_0012.phy -m GTR --abayes -T AUTO --seed 7206013 --prefix /Users/fahim/CSE6406-project/work/paper_subset_50x10_L1600/ils_low/replicate_08/estimated_gene_trees/L1600/gtr/locus_0012 --redo --quiet
Seed:    7206013 (Using SPRNG - Scalable Parallel Random Number Generator)
Time:    Fri Sep 11 17:01:26 2026
Kernel:  SSE2 - auto-detect threads (10 CPU cores detected)

Reading alignment file /Users/fahim/CSE6406-project/work/paper_subset_50x10_L1600/ils_low/replicate_08/alignments/L1600/locus_0012.phy ... Phylip format detected
Alignment most likely contains DNA/RNA sequences
Alignment has 21 sequences with 1600 columns, 794 distinct patterns
691 parsimony-informative, 171 singleton sites, 738 constant sites
        Gap/Ambiguity  Composition  p-value
Analyzing sequences: done in 4.1008e-05 secs using 131.7% CPU
   1  1_0_0     0.00%    passed     42.27%
   2  5_0_0     0.00%    passed     73.53%
   3  11_0_0    0.00%    passed     87.70%
   4  13_0_0    0.00%    passed     97.95%
   5  9_0_0     0.00%    passed     73.58%
   6  14_0_0    0.00%    passed     45.66%
   7  4_0_0     0.00%    passed     72.77%
   8  6_0_0     0.00%    passed     83.65%
   9  10_0_0    0.00%    passed     87.56%
  10  15_0_0    0.00%    passed     82.54%
  11  8_0_0     0.00%    passed     86.23%
  12  19_0_0    0.00%    passed     94.61%
  13  17_0_0    0.00%    passed     79.71%
  14  18_0_0    0.00%    passed     96.11%
  15  2_0_0     0.00%    passed     71.39%
  16  20_0_0    0.00%    passed     87.92%
  17  3_0_0     0.00%    passed     97.81%
  18  7_0_0     0.00%    passed     91.67%
  19  12_0_0    0.00%    passed     82.94%
  20  16_0_0    0.00%    passed     75.32%
  21  0_0_0     0.00%    passed     93.23%
****  TOTAL     0.00%  0 sequences failed composition chi2 test (p-value<5%; df=3)

Create initial parsimony tree by phylogenetic likelihood library (PLL)... 0.001 seconds

NOTE: 0 MB RAM (0 GB) is required!
Measuring multi-threading efficiency up to 10 CPU cores
Increase to 10 rounds for branch lengths
3001 trees examined
Threads: 1 / Time: 10.001 sec / Speedup: 1.000 / Efficiency: 100% / LogL: -24384
Threads: 2 / Time: 22.212 sec / Speedup: 0.450 / Efficiency: 23% / LogL: -24384
BEST NUMBER OF THREADS: 1

Estimate model parameters (epsilon = 0.100)
1. Initial log-likelihood: -21042.820
2. Current log-likelihood: -20910.513
3. Current log-likelihood: -20910.290
Optimal log-likelihood: -20910.289
Rate parameters:  A-C: 0.99172  A-G: 1.59328  A-T: 1.16971  C-G: 0.92394  C-T: 1.54065  G-T: 1.00000
Base frequencies:  A: 0.294  C: 0.207  G: 0.207  T: 0.292
Parameters optimization took 3 rounds (0.012 sec)
Wrote distance file to... 
Computing ML distances based on estimated model parameters...
Calculating distance matrix: done in 0.000478983 secs using 98.96% CPU
Computing ML distances took 0.000524 sec (of wall-clock time) 0.000513 sec (of CPU time)
Setting up auxiliary I and S matrices: done in 1.71661e-05 secs using 64.08% CPU
Computing RapidNJ tree took 0.000063 sec (of wall-clock time) 0.000069 sec (of CPU time)
Log-likelihood of RapidNJ tree: -20960.979
--------------------------------------------------------------------
|             INITIALIZING CANDIDATE TREE SET                      |
--------------------------------------------------------------------
Generating 98 parsimony trees... 0.084 second
Computing log-likelihood of 98 initial trees ... 0.065 seconds
Current best score: -20907.527

Do NNI search on 20 best initial trees
Estimate model parameters (epsilon = 0.100)
BETTER TREE FOUND at iteration 1: -20899.859
Iteration 10 / LogL: -20899.879 / Time: 0h:0m:32s
Iteration 20 / LogL: -20899.872 / Time: 0h:0m:32s
Finish initializing candidate tree set (2)
Current best tree score: -20899.859 / CPU time: 0.293
Number of iterations: 20
--------------------------------------------------------------------
|               OPTIMIZING CANDIDATE TREE SET                      |
--------------------------------------------------------------------
Iteration 30 / LogL: -20899.919 / Time: 0h:0m:32s (0h:1m:19s left)
Iteration 40 / LogL: -20899.928 / Time: 0h:0m:32s (0h:0m:51s left)
Iteration 50 / LogL: -20911.773 / Time: 0h:0m:32s (0h:0m:34s left)
Iteration 60 / LogL: -20899.868 / Time: 0h:0m:32s (0h:0m:22s left)
Iteration 70 / LogL: -20899.878 / Time: 0h:0m:32s (0h:0m:14s left)
Iteration 80 / LogL: -20899.893 / Time: 0h:0m:33s (0h:0m:8s left)
Iteration 90 / LogL: -20911.765 / Time: 0h:0m:33s (0h:0m:4s left)
Iteration 100 / LogL: -20899.904 / Time: 0h:0m:33s (0h:0m:0s left)
TREE SEARCH COMPLETED AFTER 102 ITERATIONS / Time: 0h:0m:33s

--------------------------------------------------------------------
|                    FINALIZING TREE SEARCH                        |
--------------------------------------------------------------------
Performs final model parameters optimization
Estimate model parameters (epsilon = 0.010)
1. Initial log-likelihood: -20899.859
Optimal log-likelihood: -20899.858
Rate parameters:  A-C: 1.01193  A-G: 1.61979  A-T: 1.18688  C-G: 0.95500  C-T: 1.57520  G-T: 1.00000
Base frequencies:  A: 0.294  C: 0.207  G: 0.207  T: 0.292
Parameters optimization took 1 rounds (0.002 sec)
BEST SCORE FOUND : -20899.858

Testing tree branches by aBayes parametric test...
0.002 sec.
Total tree length: 3.072

Total number of iterations: 102
CPU time used for tree search: 0.971 sec (0h:0m:0s)
Wall-clock time used for tree search: 0.974 sec (0h:0m:0s)
Total CPU time used: 28.352 sec (0h:0m:28s)
Total wall-clock time used: 33.213 sec (0h:0m:33s)

Analysis results written to: 
  IQ-TREE report:                /Users/fahim/CSE6406-project/work/paper_subset_50x10_L1600/ils_low/replicate_08/estimated_gene_trees/L1600/gtr/locus_0012.iqtree
  Maximum-likelihood tree:       /Users/fahim/CSE6406-project/work/paper_subset_50x10_L1600/ils_low/replicate_08/estimated_gene_trees/L1600/gtr/locus_0012.treefile
  Likelihood distances:          /Users/fahim/CSE6406-project/work/paper_subset_50x10_L1600/ils_low/replicate_08/estimated_gene_trees/L1600/gtr/locus_0012.mldist
  Screen log file:               /Users/fahim/CSE6406-project/work/paper_subset_50x10_L1600/ils_low/replicate_08/estimated_gene_trees/L1600/gtr/locus_0012.log

Date and Time: Fri Sep 11 17:01:59 2026
