IQ-TREE multicore version 2.4.0 for Linux x86 64-bit built Feb 12 2025
Developed by Bui Quang Minh, Nguyen Lam Tung, Olga Chernomor, Heiko Schmidt,
Dominik Schrempf, Michael Woodhams, Ly Trong Nhan, Thomas Wong

Host:    ezmata (AVX2, FMA3, 15 GB RAM)
Command: /home/mis/miniconda3/envs/cse6406/bin/iqtree2 -s /home/mis/CSE6406-project/work/paper_subset_50x10_L200/ils_low/replicate_09/alignments/L200/locus_0029.phy -m HKY --abayes -T 1 --seed 7306030 --prefix /home/mis/CSE6406-project/work/paper_subset_50x10_L200/ils_low/replicate_09/estimated_gene_trees/L200/hky/locus_0029 --redo --quiet
Seed:    7306030 (Using SPRNG - Scalable Parallel Random Number Generator)
Time:    Sat Sep 12 21:38:16 2026
Kernel:  AVX+FMA - 1 threads (16 CPU cores detected)

HINT: Use -nt option to specify number of threads because your CPU has 16 cores!
HINT: -nt AUTO will automatically determine the best number of threads to use.

Reading alignment file /home/mis/CSE6406-project/work/paper_subset_50x10_L200/ils_low/replicate_09/alignments/L200/locus_0029.phy ... Phylip format detected
Alignment most likely contains DNA/RNA sequences
Alignment has 21 sequences with 200 columns, 127 distinct patterns
112 parsimony-informative, 12 singleton sites, 76 constant sites
        Gap/Ambiguity  Composition  p-value
Analyzing sequences: done in 1.9467e-05 secs
   1  0_0_0     0.00%    passed     91.50%
   2  1_0_0     0.00%    passed     68.67%
   3  8_0_0     0.00%    passed     85.53%
   4  16_0_0    0.00%    passed     59.44%
   5  5_0_0     0.00%    passed     87.38%
   6  15_0_0    0.00%    passed     66.46%
   7  17_0_0    0.00%    passed     68.14%
   8  18_0_0    0.00%    passed     74.08%
   9  10_0_0    0.00%    passed     99.61%
  10  2_0_0     0.00%    passed     71.82%
  11  7_0_0     0.00%    passed     91.40%
  12  11_0_0    0.00%    passed     60.15%
  13  4_0_0     0.00%    passed     95.39%
  14  13_0_0    0.00%    passed     74.88%
  15  14_0_0    0.00%    passed     64.51%
  16  12_0_0    0.00%    passed     58.27%
  17  20_0_0    0.00%    passed     86.25%
  18  6_0_0     0.00%    passed     55.68%
  19  19_0_0    0.00%    passed     78.36%
  20  9_0_0     0.00%    passed     91.56%
  21  3_0_0     0.00%    passed     82.02%
****  TOTAL     0.00%  0 sequences failed composition chi2 test (p-value<5%; df=3)

Create initial parsimony tree by phylogenetic likelihood library (PLL)... 0.001 seconds

NOTE: 0 MB RAM (0 GB) is required!
Estimate model parameters (epsilon = 0.100)
1. Initial log-likelihood: -3566.393
2. Current log-likelihood: -3550.450
3. Current log-likelihood: -3550.349
Optimal log-likelihood: -3550.337
Rate parameters:  A-C: 1.00000  A-G: 1.24894  A-T: 1.00000  C-G: 1.00000  C-T: 1.24894  G-T: 1.00000
Base frequencies:  A: 0.273  C: 0.190  G: 0.182  T: 0.356
Parameters optimization took 3 rounds (0.002 sec)
Wrote distance file to... 
Computing ML distances based on estimated model parameters...
Calculating distance matrix: done in 0.000605668 secs using 90.15% CPU
Computing ML distances took 0.000633 sec (of wall-clock time) 0.000571 sec (of CPU time)
Setting up auxiliary I and S matrices: done in 5.9922e-05 secs using 98.46% CPU
Computing RapidNJ tree took 0.000234 sec (of wall-clock time) 0.000417 sec (of CPU time)
Log-likelihood of RapidNJ tree: -3549.934
--------------------------------------------------------------------
|             INITIALIZING CANDIDATE TREE SET                      |
--------------------------------------------------------------------
Generating 98 parsimony trees... 0.070 second
Computing log-likelihood of 98 initial trees ... 0.048 seconds
Current best score: -3526.813

Do NNI search on 20 best initial trees
Estimate model parameters (epsilon = 0.100)
BETTER TREE FOUND at iteration 1: -3524.567
Iteration 10 / LogL: -3528.796 / Time: 0h:0m:0s
Iteration 20 / LogL: -3530.447 / Time: 0h:0m:0s
Finish initializing candidate tree set (13)
Current best tree score: -3524.567 / CPU time: 0.203
Number of iterations: 20
--------------------------------------------------------------------
|               OPTIMIZING CANDIDATE TREE SET                      |
--------------------------------------------------------------------
Iteration 30 / LogL: -3527.675 / Time: 0h:0m:0s (0h:0m:0s left)
Iteration 40 / LogL: -3525.233 / Time: 0h:0m:0s (0h:0m:0s left)
Iteration 50 / LogL: -3524.707 / Time: 0h:0m:0s (0h:0m:0s left)
Iteration 60 / LogL: -3524.771 / Time: 0h:0m:0s (0h:0m:0s left)
Iteration 70 / LogL: -3524.748 / Time: 0h:0m:0s (0h:0m:0s left)
Iteration 80 / LogL: -3525.283 / Time: 0h:0m:0s (0h:0m:0s left)
Iteration 90 / LogL: -3524.618 / Time: 0h:0m:0s (0h:0m:0s left)
Iteration 100 / LogL: -3525.406 / Time: 0h:0m:0s (0h:0m:0s left)
TREE SEARCH COMPLETED AFTER 102 ITERATIONS / Time: 0h:0m:0s

--------------------------------------------------------------------
|                    FINALIZING TREE SEARCH                        |
--------------------------------------------------------------------
Performs final model parameters optimization
Estimate model parameters (epsilon = 0.010)
1. Initial log-likelihood: -3524.567
Optimal log-likelihood: -3524.567
Rate parameters:  A-C: 1.00000  A-G: 1.46239  A-T: 1.00000  C-G: 1.00000  C-T: 1.46239  G-T: 1.00000
Base frequencies:  A: 0.273  C: 0.190  G: 0.182  T: 0.356
Parameters optimization took 1 rounds (0.001 sec)
BEST SCORE FOUND : -3524.567

Testing tree branches by aBayes parametric test...
0.002 sec.
Total tree length: 5.243

Total number of iterations: 102
CPU time used for tree search: 0.632 sec (0h:0m:0s)
Wall-clock time used for tree search: 0.691 sec (0h:0m:0s)
Total CPU time used: 0.645 sec (0h:0m:0s)
Total wall-clock time used: 0.707 sec (0h:0m:0s)

Analysis results written to: 
  IQ-TREE report:                /home/mis/CSE6406-project/work/paper_subset_50x10_L200/ils_low/replicate_09/estimated_gene_trees/L200/hky/locus_0029.iqtree
  Maximum-likelihood tree:       /home/mis/CSE6406-project/work/paper_subset_50x10_L200/ils_low/replicate_09/estimated_gene_trees/L200/hky/locus_0029.treefile
  Likelihood distances:          /home/mis/CSE6406-project/work/paper_subset_50x10_L200/ils_low/replicate_09/estimated_gene_trees/L200/hky/locus_0029.mldist
  Screen log file:               /home/mis/CSE6406-project/work/paper_subset_50x10_L200/ils_low/replicate_09/estimated_gene_trees/L200/hky/locus_0029.log

Date and Time: Sat Sep 12 21:38:16 2026
