IQ-TREE multicore version 2.4.0 for Linux x86 64-bit built Feb 12 2025
Developed by Bui Quang Minh, Nguyen Lam Tung, Olga Chernomor, Heiko Schmidt,
Dominik Schrempf, Michael Woodhams, Ly Trong Nhan, Thomas Wong

Host:    ezmata (AVX2, FMA3, 15 GB RAM)
Command: /home/mis/miniconda3/envs/cse6406/bin/iqtree2 -s /home/mis/CSE6406-project/work/paper_subset_50x10_L200/ils_low/replicate_09/alignments/L200/locus_0043.phy -m HKY --abayes -T 1 --seed 7306044 --prefix /home/mis/CSE6406-project/work/paper_subset_50x10_L200/ils_low/replicate_09/estimated_gene_trees/L200/hky/locus_0043 --redo --quiet
Seed:    7306044 (Using SPRNG - Scalable Parallel Random Number Generator)
Time:    Sat Sep 12 21:38:18 2026
Kernel:  AVX+FMA - 1 threads (16 CPU cores detected)

HINT: Use -nt option to specify number of threads because your CPU has 16 cores!
HINT: -nt AUTO will automatically determine the best number of threads to use.

Reading alignment file /home/mis/CSE6406-project/work/paper_subset_50x10_L200/ils_low/replicate_09/alignments/L200/locus_0043.phy ... Phylip format detected
Alignment most likely contains DNA/RNA sequences
Alignment has 21 sequences with 200 columns, 123 distinct patterns
104 parsimony-informative, 16 singleton sites, 80 constant sites
        Gap/Ambiguity  Composition  p-value
Analyzing sequences: done in 1.7138e-05 secs using 17.5% CPU
   1  0_0_0     0.00%    passed     70.77%
   2  1_0_0     0.00%    passed     90.49%
   3  8_0_0     0.00%    passed     83.54%
   4  16_0_0    0.00%    passed     95.43%
   5  14_0_0    0.00%    passed     93.59%
   6  13_0_0    0.00%    passed     88.34%
   7  2_0_0     0.00%    passed     83.47%
   8  10_0_0    0.00%    passed     85.23%
   9  7_0_0     0.00%    passed     90.99%
  10  18_0_0    0.00%    passed     50.84%
  11  17_0_0    0.00%    passed     50.84%
  12  15_0_0    0.00%    passed     94.87%
  13  5_0_0     0.00%    passed     89.64%
  14  20_0_0    0.00%    passed     48.16%
  15  12_0_0    0.00%    passed     81.46%
  16  19_0_0    0.00%    passed     55.32%
  17  6_0_0     0.00%    passed     99.21%
  18  9_0_0     0.00%    passed     99.67%
  19  3_0_0     0.00%    passed     95.52%
  20  4_0_0     0.00%    passed     51.12%
  21  11_0_0    0.00%    passed     75.16%
****  TOTAL     0.00%  0 sequences failed composition chi2 test (p-value<5%; df=3)
NOTE: 17_0_0 is identical to 18_0_0 but kept for subsequent analysis

Create initial parsimony tree by phylogenetic likelihood library (PLL)... 0.001 seconds

NOTE: 0 MB RAM (0 GB) is required!
Estimate model parameters (epsilon = 0.100)
1. Initial log-likelihood: -3141.406
2. Current log-likelihood: -3125.881
Optimal log-likelihood: -3125.779
Rate parameters:  A-C: 1.00000  A-G: 1.31753  A-T: 1.00000  C-G: 1.00000  C-T: 1.31753  G-T: 1.00000
Base frequencies:  A: 0.239  C: 0.246  G: 0.210  T: 0.305
Parameters optimization took 2 rounds (0.004 sec)
Wrote distance file to... 
Computing ML distances based on estimated model parameters...
Calculating distance matrix: done in 0.000767221 secs using 97.76% CPU
Computing ML distances took 0.000823 sec (of wall-clock time) 0.000810 sec (of CPU time)
Setting up auxiliary I and S matrices: done in 6.0707e-05 secs using 98.84% CPU
Computing RapidNJ tree took 0.000240 sec (of wall-clock time) 0.000239 sec (of CPU time)
Log-likelihood of RapidNJ tree: -3131.301
--------------------------------------------------------------------
|             INITIALIZING CANDIDATE TREE SET                      |
--------------------------------------------------------------------
Generating 98 parsimony trees... 0.082 second
Computing log-likelihood of 98 initial trees ... 0.056 seconds
Current best score: -3114.218

Do NNI search on 20 best initial trees
Estimate model parameters (epsilon = 0.100)
BETTER TREE FOUND at iteration 1: -3113.615
Iteration 10 / LogL: -3115.734 / Time: 0h:0m:0s
Iteration 20 / LogL: -3113.832 / Time: 0h:0m:0s
Finish initializing candidate tree set (13)
Current best tree score: -3113.615 / CPU time: 0.276
Number of iterations: 20
--------------------------------------------------------------------
|               OPTIMIZING CANDIDATE TREE SET                      |
--------------------------------------------------------------------
Iteration 30 / LogL: -3113.626 / Time: 0h:0m:0s (0h:0m:0s left)
Iteration 40 / LogL: -3113.783 / Time: 0h:0m:0s (0h:0m:0s left)
Iteration 50 / LogL: -3113.753 / Time: 0h:0m:0s (0h:0m:0s left)
Iteration 60 / LogL: -3114.412 / Time: 0h:0m:0s (0h:0m:0s left)
Iteration 70 / LogL: -3113.780 / Time: 0h:0m:0s (0h:0m:0s left)
Iteration 80 / LogL: -3113.868 / Time: 0h:0m:0s (0h:0m:0s left)
Iteration 90 / LogL: -3113.814 / Time: 0h:0m:1s (0h:0m:0s left)
Iteration 100 / LogL: -3113.624 / Time: 0h:0m:1s (0h:0m:0s left)
TREE SEARCH COMPLETED AFTER 102 ITERATIONS / Time: 0h:0m:1s

--------------------------------------------------------------------
|                    FINALIZING TREE SEARCH                        |
--------------------------------------------------------------------
Performs final model parameters optimization
Estimate model parameters (epsilon = 0.010)
1. Initial log-likelihood: -3113.615
Optimal log-likelihood: -3113.615
Rate parameters:  A-C: 1.00000  A-G: 1.23776  A-T: 1.00000  C-G: 1.00000  C-T: 1.23776  G-T: 1.00000
Base frequencies:  A: 0.239  C: 0.246  G: 0.210  T: 0.305
Parameters optimization took 1 rounds (0.002 sec)
BEST SCORE FOUND : -3113.615

Testing tree branches by aBayes parametric test...
0.003 sec.
Total tree length: 4.117

Total number of iterations: 102
CPU time used for tree search: 1.144 sec (0h:0m:1s)
Wall-clock time used for tree search: 1.229 sec (0h:0m:1s)
Total CPU time used: 1.165 sec (0h:0m:1s)
Total wall-clock time used: 1.252 sec (0h:0m:1s)

Analysis results written to: 
  IQ-TREE report:                /home/mis/CSE6406-project/work/paper_subset_50x10_L200/ils_low/replicate_09/estimated_gene_trees/L200/hky/locus_0043.iqtree
  Maximum-likelihood tree:       /home/mis/CSE6406-project/work/paper_subset_50x10_L200/ils_low/replicate_09/estimated_gene_trees/L200/hky/locus_0043.treefile
  Likelihood distances:          /home/mis/CSE6406-project/work/paper_subset_50x10_L200/ils_low/replicate_09/estimated_gene_trees/L200/hky/locus_0043.mldist
  Screen log file:               /home/mis/CSE6406-project/work/paper_subset_50x10_L200/ils_low/replicate_09/estimated_gene_trees/L200/hky/locus_0043.log

Date and Time: Sat Sep 12 21:38:19 2026
