IQ-TREE multicore version 2.4.0 for Linux x86 64-bit built Feb 12 2025
Developed by Bui Quang Minh, Nguyen Lam Tung, Olga Chernomor, Heiko Schmidt,
Dominik Schrempf, Michael Woodhams, Ly Trong Nhan, Thomas Wong

Host:    ezmata (AVX2, FMA3, 15 GB RAM)
Command: /home/mis/miniconda3/envs/cse6406/bin/iqtree2 -s /home/mis/CSE6406-project/work/paper_subset_50x10_L200/ils_low/replicate_10/alignments/L200/locus_0036.phy -m HKY+G4 --abayes -T 1 --seed 7406037 --prefix /home/mis/CSE6406-project/work/paper_subset_50x10_L200/ils_low/replicate_10/estimated_gene_trees/L200/hky_g4/locus_0036 --redo --quiet
Seed:    7406037 (Using SPRNG - Scalable Parallel Random Number Generator)
Time:    Sat Sep 12 21:38:51 2026
Kernel:  AVX+FMA - 1 threads (16 CPU cores detected)

HINT: Use -nt option to specify number of threads because your CPU has 16 cores!
HINT: -nt AUTO will automatically determine the best number of threads to use.

Reading alignment file /home/mis/CSE6406-project/work/paper_subset_50x10_L200/ils_low/replicate_10/alignments/L200/locus_0036.phy ... Phylip format detected
Alignment most likely contains DNA/RNA sequences
Alignment has 21 sequences with 200 columns, 61 distinct patterns
40 parsimony-informative, 18 singleton sites, 142 constant sites
        Gap/Ambiguity  Composition  p-value
Analyzing sequences: done in 6.293e-06 secs
   1  0_0_0     0.00%    passed     65.08%
   2  13_0_0    0.00%    passed     98.63%
   3  18_0_0    0.00%    passed     95.30%
   4  15_0_0    0.00%    passed     96.77%
   5  8_0_0     0.00%    passed     98.56%
   6  14_0_0    0.00%    passed     97.97%
   7  11_0_0    0.00%    passed     99.72%
   8  7_0_0     0.00%    passed     99.72%
   9  3_0_0     0.00%    passed     99.70%
  10  10_0_0    0.00%    passed     97.89%
  11  2_0_0     0.00%    passed     90.74%
  12  16_0_0    0.00%    passed     94.13%
  13  1_0_0     0.00%    passed     99.00%
  14  12_0_0    0.00%    passed     94.59%
  15  6_0_0     0.00%    passed     99.64%
  16  5_0_0     0.00%    passed     89.42%
  17  9_0_0     0.00%    passed     82.69%
  18  4_0_0     0.00%    passed     82.69%
  19  17_0_0    0.00%    passed     79.31%
  20  19_0_0    0.00%    passed     88.12%
  21  20_0_0    0.00%    passed     96.98%
****  TOTAL     0.00%  0 sequences failed composition chi2 test (p-value<5%; df=3)
NOTE: 4_0_0 is identical to 9_0_0 but kept for subsequent analysis

Create initial parsimony tree by phylogenetic likelihood library (PLL)... 0.000 seconds

NOTE: 0 MB RAM (0 GB) is required!
Estimate model parameters (epsilon = 0.100)
1. Initial log-likelihood: -974.954
2. Current log-likelihood: -946.383
3. Current log-likelihood: -945.976
Optimal log-likelihood: -945.972
Rate parameters:  A-C: 1.00000  A-G: 1.67781  A-T: 1.00000  C-G: 1.00000  C-T: 1.67781  G-T: 1.00000
Base frequencies:  A: 0.284  C: 0.190  G: 0.235  T: 0.292
Gamma shape alpha: 0.175
Parameters optimization took 3 rounds (0.005 sec)
Wrote distance file to... 
Computing ML distances based on estimated model parameters...
Calculating distance matrix: done in 0.00232605 secs using 99.57% CPU
Computing ML distances took 0.002355 sec (of wall-clock time) 0.002346 sec (of CPU time)
Setting up auxiliary I and S matrices: done in 6.8802e-05 secs using 98.83% CPU
Computing RapidNJ tree took 0.000275 sec (of wall-clock time) 0.000501 sec (of CPU time)
Log-likelihood of RapidNJ tree: -945.748
--------------------------------------------------------------------
|             INITIALIZING CANDIDATE TREE SET                      |
--------------------------------------------------------------------
Generating 98 parsimony trees... 0.051 second
Computing log-likelihood of 98 initial trees ... 0.053 seconds
Current best score: -942.368

Do NNI search on 20 best initial trees
Estimate model parameters (epsilon = 0.100)
BETTER TREE FOUND at iteration 1: -942.333
BETTER TREE FOUND at iteration 2: -942.333
BETTER TREE FOUND at iteration 5: -942.333
Iteration 10 / LogL: -942.333 / Time: 0h:0m:0s
BETTER TREE FOUND at iteration 13: -942.333
Iteration 20 / LogL: -942.333 / Time: 0h:0m:0s
Finish initializing candidate tree set (20)
Current best tree score: -942.333 / CPU time: 0.182
Number of iterations: 20
--------------------------------------------------------------------
|               OPTIMIZING CANDIDATE TREE SET                      |
--------------------------------------------------------------------
Iteration 30 / LogL: -942.407 / Time: 0h:0m:0s (0h:0m:0s left)
Iteration 40 / LogL: -942.333 / Time: 0h:0m:0s (0h:0m:0s left)
Iteration 50 / LogL: -942.333 / Time: 0h:0m:0s (0h:0m:0s left)
Iteration 60 / LogL: -942.333 / Time: 0h:0m:0s (0h:0m:0s left)
Iteration 70 / LogL: -942.333 / Time: 0h:0m:0s (0h:0m:0s left)
BETTER TREE FOUND at iteration 74: -942.333
Iteration 80 / LogL: -942.930 / Time: 0h:0m:0s (0h:0m:1s left)
BETTER TREE FOUND at iteration 89: -942.333
Iteration 90 / LogL: -942.333 / Time: 0h:0m:0s (0h:0m:1s left)
Iteration 100 / LogL: -942.333 / Time: 0h:0m:1s (0h:0m:0s left)
BETTER TREE FOUND at iteration 109: -942.333
Iteration 110 / LogL: -942.333 / Time: 0h:0m:1s (0h:0m:1s left)
Iteration 120 / LogL: -942.893 / Time: 0h:0m:1s (0h:0m:0s left)
Iteration 130 / LogL: -942.333 / Time: 0h:0m:1s (0h:0m:0s left)
BETTER TREE FOUND at iteration 140: -942.333
Iteration 140 / LogL: -942.333 / Time: 0h:0m:1s (0h:0m:1s left)
Iteration 150 / LogL: -946.364 / Time: 0h:0m:1s (0h:0m:0s left)
Iteration 160 / LogL: -942.334 / Time: 0h:0m:1s (0h:0m:0s left)
Iteration 170 / LogL: -942.333 / Time: 0h:0m:1s (0h:0m:0s left)
Iteration 180 / LogL: -942.890 / Time: 0h:0m:1s (0h:0m:0s left)
Iteration 190 / LogL: -942.333 / Time: 0h:0m:2s (0h:0m:0s left)
Iteration 200 / LogL: -942.333 / Time: 0h:0m:2s (0h:0m:0s left)
Iteration 210 / LogL: -942.407 / Time: 0h:0m:2s (0h:0m:0s left)
Iteration 220 / LogL: -942.407 / Time: 0h:0m:2s (0h:0m:0s left)
Iteration 230 / LogL: -942.333 / Time: 0h:0m:2s (0h:0m:0s left)
Iteration 240 / LogL: -942.333 / Time: 0h:0m:2s (0h:0m:0s left)
TREE SEARCH COMPLETED AFTER 241 ITERATIONS / Time: 0h:0m:2s

--------------------------------------------------------------------
|                    FINALIZING TREE SEARCH                        |
--------------------------------------------------------------------
Performs final model parameters optimization
Estimate model parameters (epsilon = 0.010)
1. Initial log-likelihood: -942.333
Optimal log-likelihood: -942.333
Rate parameters:  A-C: 1.00000  A-G: 1.61282  A-T: 1.00000  C-G: 1.00000  C-T: 1.61282  G-T: 1.00000
Base frequencies:  A: 0.284  C: 0.190  G: 0.235  T: 0.292
Gamma shape alpha: 0.177
Parameters optimization took 1 rounds (0.001 sec)
BEST SCORE FOUND : -942.333

Testing tree branches by aBayes parametric test...
0.002 sec.
Total tree length: 0.798

Total number of iterations: 241
CPU time used for tree search: 2.364 sec (0h:0m:2s)
Wall-clock time used for tree search: 2.553 sec (0h:0m:2s)
Total CPU time used: 2.385 sec (0h:0m:2s)
Total wall-clock time used: 2.575 sec (0h:0m:2s)

Analysis results written to: 
  IQ-TREE report:                /home/mis/CSE6406-project/work/paper_subset_50x10_L200/ils_low/replicate_10/estimated_gene_trees/L200/hky_g4/locus_0036.iqtree
  Maximum-likelihood tree:       /home/mis/CSE6406-project/work/paper_subset_50x10_L200/ils_low/replicate_10/estimated_gene_trees/L200/hky_g4/locus_0036.treefile
  Likelihood distances:          /home/mis/CSE6406-project/work/paper_subset_50x10_L200/ils_low/replicate_10/estimated_gene_trees/L200/hky_g4/locus_0036.mldist
  Screen log file:               /home/mis/CSE6406-project/work/paper_subset_50x10_L200/ils_low/replicate_10/estimated_gene_trees/L200/hky_g4/locus_0036.log

Date and Time: Sat Sep 12 21:38:54 2026
