IQ-TREE multicore version 2.4.0 for Linux x86 64-bit built Feb 12 2025
Developed by Bui Quang Minh, Nguyen Lam Tung, Olga Chernomor, Heiko Schmidt,
Dominik Schrempf, Michael Woodhams, Ly Trong Nhan, Thomas Wong

Host:    ezmata (AVX2, FMA3, 15 GB RAM)
Command: /home/mis/miniconda3/envs/cse6406/bin/iqtree2 -s /home/mis/CSE6406-project/work/paper_subset_50x10_L200/ils_low/replicate_10/alignments/L200/locus_0033.phy -m HKY+G4 --abayes -T 1 --seed 7406034 --prefix /home/mis/CSE6406-project/work/paper_subset_50x10_L200/ils_low/replicate_10/estimated_gene_trees/L200/hky_g4/locus_0033 --redo --quiet
Seed:    7406034 (Using SPRNG - Scalable Parallel Random Number Generator)
Time:    Sat Sep 12 21:38:50 2026
Kernel:  AVX+FMA - 1 threads (16 CPU cores detected)

HINT: Use -nt option to specify number of threads because your CPU has 16 cores!
HINT: -nt AUTO will automatically determine the best number of threads to use.

Reading alignment file /home/mis/CSE6406-project/work/paper_subset_50x10_L200/ils_low/replicate_10/alignments/L200/locus_0033.phy ... Phylip format detected
Alignment most likely contains DNA/RNA sequences
Alignment has 21 sequences with 200 columns, 65 distinct patterns
38 parsimony-informative, 25 singleton sites, 137 constant sites
        Gap/Ambiguity  Composition  p-value
Analyzing sequences: done in 1.3062e-05 secs using 15.31% CPU
   1  0_0_0     0.00%    passed     71.95%
   2  19_0_0    0.00%    passed     97.42%
   3  20_0_0    0.00%    passed     98.29%
   4  13_0_0    0.00%    passed     99.28%
   5  18_0_0    0.00%    passed     99.36%
   6  15_0_0    0.00%    passed     98.42%
   7  8_0_0     0.00%    passed     96.96%
   8  11_0_0    0.00%    passed     97.52%
   9  14_0_0    0.00%    passed     99.46%
  10  3_0_0     0.00%    passed     95.52%
  11  7_0_0     0.00%    passed     90.73%
  12  10_0_0    0.00%    passed     93.24%
  13  2_0_0     0.00%    passed     97.92%
  14  1_0_0     0.00%    passed     99.41%
  15  16_0_0    0.00%    passed     97.42%
  16  6_0_0     0.00%    passed     85.51%
  17  12_0_0    0.00%    passed     85.34%
  18  5_0_0     0.00%    passed     88.57%
  19  17_0_0    0.00%    passed     99.90%
  20  9_0_0     0.00%    passed     97.39%
  21  4_0_0     0.00%    passed     99.83%
****  TOTAL     0.00%  0 sequences failed composition chi2 test (p-value<5%; df=3)

Create initial parsimony tree by phylogenetic likelihood library (PLL)... 0.001 seconds

NOTE: 0 MB RAM (0 GB) is required!
Estimate model parameters (epsilon = 0.100)
1. Initial log-likelihood: -1072.248
2. Current log-likelihood: -1035.310
3. Current log-likelihood: -1034.458
Optimal log-likelihood: -1034.454
Rate parameters:  A-C: 1.00000  A-G: 2.00897  A-T: 1.00000  C-G: 1.00000  C-T: 2.00897  G-T: 1.00000
Base frequencies:  A: 0.360  C: 0.181  G: 0.227  T: 0.233
Gamma shape alpha: 0.193
Parameters optimization took 3 rounds (0.014 sec)
Wrote distance file to... 
Computing ML distances based on estimated model parameters...
Calculating distance matrix: done in 0.00441848 secs using 99.24% CPU
Computing ML distances took 0.004459 sec (of wall-clock time) 0.004427 sec (of CPU time)
Setting up auxiliary I and S matrices: done in 6.0803e-05 secs using 98.68% CPU
Computing RapidNJ tree took 0.000235 sec (of wall-clock time) 0.000234 sec (of CPU time)
Log-likelihood of RapidNJ tree: -1033.590
--------------------------------------------------------------------
|             INITIALIZING CANDIDATE TREE SET                      |
--------------------------------------------------------------------
Generating 98 parsimony trees... 0.062 second
Computing log-likelihood of 98 initial trees ... 0.070 seconds
Current best score: -1030.241

Do NNI search on 20 best initial trees
Estimate model parameters (epsilon = 0.100)
BETTER TREE FOUND at iteration 1: -1030.014
Iteration 10 / LogL: -1031.083 / Time: 0h:0m:0s
Iteration 20 / LogL: -1031.309 / Time: 0h:0m:0s
Finish initializing candidate tree set (12)
Current best tree score: -1030.014 / CPU time: 0.313
Number of iterations: 20
--------------------------------------------------------------------
|               OPTIMIZING CANDIDATE TREE SET                      |
--------------------------------------------------------------------
Estimate model parameters (epsilon = 0.100)
BETTER TREE FOUND at iteration 23: -1029.797
Iteration 30 / LogL: -1033.345 / Time: 0h:0m:0s (0h:0m:1s left)
Iteration 40 / LogL: -1030.785 / Time: 0h:0m:0s (0h:0m:1s left)
Iteration 50 / LogL: -1030.106 / Time: 0h:0m:0s (0h:0m:1s left)
UPDATE BEST LOG-LIKELIHOOD: -1029.797
UPDATE BEST LOG-LIKELIHOOD: -1029.797
Iteration 60 / LogL: -1030.785 / Time: 0h:0m:0s (0h:0m:1s left)
Iteration 70 / LogL: -1030.784 / Time: 0h:0m:1s (0h:0m:0s left)
Iteration 80 / LogL: -1030.025 / Time: 0h:0m:1s (0h:0m:0s left)
Iteration 90 / LogL: -1030.785 / Time: 0h:0m:1s (0h:0m:0s left)
Iteration 100 / LogL: -1029.797 / Time: 0h:0m:1s (0h:0m:0s left)
Iteration 110 / LogL: -1029.797 / Time: 0h:0m:1s (0h:0m:0s left)
Iteration 120 / LogL: -1029.798 / Time: 0h:0m:1s (0h:0m:0s left)
TREE SEARCH COMPLETED AFTER 124 ITERATIONS / Time: 0h:0m:1s

--------------------------------------------------------------------
|                    FINALIZING TREE SEARCH                        |
--------------------------------------------------------------------
Performs final model parameters optimization
Estimate model parameters (epsilon = 0.010)
1. Initial log-likelihood: -1029.797
Optimal log-likelihood: -1029.797
Rate parameters:  A-C: 1.00000  A-G: 2.09823  A-T: 1.00000  C-G: 1.00000  C-T: 2.09823  G-T: 1.00000
Base frequencies:  A: 0.360  C: 0.181  G: 0.227  T: 0.233
Gamma shape alpha: 0.200
Parameters optimization took 1 rounds (0.001 sec)
BEST SCORE FOUND : -1029.797

Testing tree branches by aBayes parametric test...
0.002 sec.
Total tree length: 0.984

Total number of iterations: 124
CPU time used for tree search: 1.621 sec (0h:0m:1s)
Wall-clock time used for tree search: 1.714 sec (0h:0m:1s)
Total CPU time used: 1.658 sec (0h:0m:1s)
Total wall-clock time used: 1.753 sec (0h:0m:1s)

Analysis results written to: 
  IQ-TREE report:                /home/mis/CSE6406-project/work/paper_subset_50x10_L200/ils_low/replicate_10/estimated_gene_trees/L200/hky_g4/locus_0033.iqtree
  Maximum-likelihood tree:       /home/mis/CSE6406-project/work/paper_subset_50x10_L200/ils_low/replicate_10/estimated_gene_trees/L200/hky_g4/locus_0033.treefile
  Likelihood distances:          /home/mis/CSE6406-project/work/paper_subset_50x10_L200/ils_low/replicate_10/estimated_gene_trees/L200/hky_g4/locus_0033.mldist
  Screen log file:               /home/mis/CSE6406-project/work/paper_subset_50x10_L200/ils_low/replicate_10/estimated_gene_trees/L200/hky_g4/locus_0033.log

Date and Time: Sat Sep 12 21:38:52 2026
