IQ-TREE multicore version 2.4.0 for MacOS ARM 64-bit built Feb 12 2025
Developed by Bui Quang Minh, Nguyen Lam Tung, Olga Chernomor, Heiko Schmidt,
Dominik Schrempf, Michael Woodhams, Ly Trong Nhan, Thomas Wong

Host:    Fahims-MacBook-Air.local (SSE4.2, 16 GB RAM)
Command: /Users/fahim/miniconda3/envs/cse6406/bin/iqtree2 -s /Users/fahim/CSE6406-project/work/paper_subset_50x10_L1600/ils_low/replicate_10/alignments/L1600/locus_0015.phy -m GTR+G4 --abayes -T AUTO --seed 7406016 --prefix /Users/fahim/CSE6406-project/work/paper_subset_50x10_L1600/ils_low/replicate_10/estimated_gene_trees/L1600/gtr_g4/locus_0015 --redo --quiet
Seed:    7406016 (Using SPRNG - Scalable Parallel Random Number Generator)
Time:    Fri Sep 11 20:45:05 2026
Kernel:  SSE2 - auto-detect threads (10 CPU cores detected)

Reading alignment file /Users/fahim/CSE6406-project/work/paper_subset_50x10_L1600/ils_low/replicate_10/alignments/L1600/locus_0015.phy ... Phylip format detected
Alignment most likely contains DNA/RNA sequences
Alignment has 21 sequences with 1600 columns, 458 distinct patterns
348 parsimony-informative, 165 singleton sites, 1087 constant sites
        Gap/Ambiguity  Composition  p-value
Analyzing sequences: done in 3.88622e-05 secs using 84.92% CPU
   1  0_0_0     0.00%    passed     92.80%
   2  19_0_0    0.00%    passed     99.52%
   3  20_0_0    0.00%    passed     69.31%
   4  5_0_0     0.00%    passed     94.68%
   5  6_0_0     0.00%    passed     92.04%
   6  12_0_0    0.00%    passed     85.51%
   7  17_0_0    0.00%    passed     96.80%
   8  9_0_0     0.00%    passed     99.60%
   9  4_0_0     0.00%    passed     99.34%
  10  3_0_0     0.00%    passed     90.89%
  11  7_0_0     0.00%    passed     99.86%
  12  16_0_0    0.00%    passed     99.49%
  13  1_0_0     0.00%    passed     97.86%
  14  10_0_0    0.00%    passed     99.08%
  15  2_0_0     0.00%    passed     96.52%
  16  13_0_0    0.00%    passed     99.29%
  17  14_0_0    0.00%    passed     98.94%
  18  11_0_0    0.00%    passed     97.86%
  19  18_0_0    0.00%    passed     97.92%
  20  8_0_0     0.00%    passed     99.03%
  21  15_0_0    0.00%    passed     96.56%
****  TOTAL     0.00%  0 sequences failed composition chi2 test (p-value<5%; df=3)

Create initial parsimony tree by phylogenetic likelihood library (PLL)... 0.000 seconds

NOTE: 1 MB RAM (0 GB) is required!
Measuring multi-threading efficiency up to 10 CPU cores
Increase to 10 rounds for branch lengths
2176 trees examined
Threads: 1 / Time: 10.005 sec / Speedup: 1.000 / Efficiency: 100% / LogL: -10239
Threads: 2 / Time: 14.327 sec / Speedup: 0.698 / Efficiency: 35% / LogL: -10239
BEST NUMBER OF THREADS: 1

Estimate model parameters (epsilon = 0.100)
1. Initial log-likelihood: -8490.771
2. Current log-likelihood: -8243.083
3. Current log-likelihood: -8237.992
Optimal log-likelihood: -8237.955
Rate parameters:  A-C: 0.78857  A-G: 1.98594  A-T: 0.83461  C-G: 1.09683  C-T: 2.06738  G-T: 1.00000
Base frequencies:  A: 0.316  C: 0.185  G: 0.204  T: 0.295
Gamma shape alpha: 0.202
Parameters optimization took 3 rounds (0.036 sec)
Wrote distance file to... 
Computing ML distances based on estimated model parameters...
Calculating distance matrix: done in 0.0010221 secs using 99.21% CPU
Computing ML distances took 0.001050 sec (of wall-clock time) 0.001035 sec (of CPU time)
Setting up auxiliary I and S matrices: done in 1.4782e-05 secs using 67.65% CPU
Computing RapidNJ tree took 0.000056 sec (of wall-clock time) 0.000060 sec (of CPU time)
Log-likelihood of RapidNJ tree: -8254.049
--------------------------------------------------------------------
|             INITIALIZING CANDIDATE TREE SET                      |
--------------------------------------------------------------------
Generating 98 parsimony trees... 0.050 second
Computing log-likelihood of 98 initial trees ... 0.098 seconds
Current best score: -8237.955

Do NNI search on 20 best initial trees
Estimate model parameters (epsilon = 0.100)
BETTER TREE FOUND at iteration 1: -8237.954
UPDATE BEST LOG-LIKELIHOOD: -8237.954
Iteration 10 / LogL: -8237.955 / Time: 0h:0m:24s
Iteration 20 / LogL: -8237.954 / Time: 0h:0m:24s
Finish initializing candidate tree set (3)
Current best tree score: -8237.954 / CPU time: 0.479
Number of iterations: 20
--------------------------------------------------------------------
|               OPTIMIZING CANDIDATE TREE SET                      |
--------------------------------------------------------------------
UPDATE BEST LOG-LIKELIHOOD: -8237.954
UPDATE BEST LOG-LIKELIHOOD: -8237.954
Iteration 30 / LogL: -8242.508 / Time: 0h:0m:25s (0h:1m:1s left)
Iteration 40 / LogL: -8237.955 / Time: 0h:0m:25s (0h:0m:39s left)
UPDATE BEST LOG-LIKELIHOOD: -8237.954
Iteration 50 / LogL: -8242.788 / Time: 0h:0m:25s (0h:0m:26s left)
Iteration 60 / LogL: -8238.278 / Time: 0h:0m:25s (0h:0m:17s left)
UPDATE BEST LOG-LIKELIHOOD: -8237.954
Iteration 70 / LogL: -8237.954 / Time: 0h:0m:25s (0h:0m:11s left)
Iteration 80 / LogL: -8244.207 / Time: 0h:0m:26s (0h:0m:6s left)
Iteration 90 / LogL: -8237.955 / Time: 0h:0m:26s (0h:0m:3s left)
Iteration 100 / LogL: -8237.955 / Time: 0h:0m:26s (0h:0m:0s left)
TREE SEARCH COMPLETED AFTER 102 ITERATIONS / Time: 0h:0m:26s

--------------------------------------------------------------------
|                    FINALIZING TREE SEARCH                        |
--------------------------------------------------------------------
Performs final model parameters optimization
Estimate model parameters (epsilon = 0.010)
1. Initial log-likelihood: -8237.954
Optimal log-likelihood: -8237.954
Rate parameters:  A-C: 0.78998  A-G: 1.98789  A-T: 0.83471  C-G: 1.09495  C-T: 2.06753  G-T: 1.00000
Base frequencies:  A: 0.316  C: 0.185  G: 0.204  T: 0.295
Gamma shape alpha: 0.201
Parameters optimization took 1 rounds (0.004 sec)
BEST SCORE FOUND : -8237.954

Testing tree branches by aBayes parametric test...
0.004 sec.
Total tree length: 0.860

Total number of iterations: 102
CPU time used for tree search: 2.153 sec (0h:0m:2s)
Wall-clock time used for tree search: 2.162 sec (0h:0m:2s)
Total CPU time used: 26.217 sec (0h:0m:26s)
Total wall-clock time used: 26.546 sec (0h:0m:26s)

Analysis results written to: 
  IQ-TREE report:                /Users/fahim/CSE6406-project/work/paper_subset_50x10_L1600/ils_low/replicate_10/estimated_gene_trees/L1600/gtr_g4/locus_0015.iqtree
  Maximum-likelihood tree:       /Users/fahim/CSE6406-project/work/paper_subset_50x10_L1600/ils_low/replicate_10/estimated_gene_trees/L1600/gtr_g4/locus_0015.treefile
  Likelihood distances:          /Users/fahim/CSE6406-project/work/paper_subset_50x10_L1600/ils_low/replicate_10/estimated_gene_trees/L1600/gtr_g4/locus_0015.mldist
  Screen log file:               /Users/fahim/CSE6406-project/work/paper_subset_50x10_L1600/ils_low/replicate_10/estimated_gene_trees/L1600/gtr_g4/locus_0015.log

Date and Time: Fri Sep 11 20:45:31 2026
