IQ-TREE multicore version 2.4.0 for MacOS ARM 64-bit built Feb 12 2025
Developed by Bui Quang Minh, Nguyen Lam Tung, Olga Chernomor, Heiko Schmidt,
Dominik Schrempf, Michael Woodhams, Ly Trong Nhan, Thomas Wong

Host:    Fahims-MacBook-Air.local (SSE4.2, 16 GB RAM)
Command: /Users/fahim/miniconda3/envs/cse6406/bin/iqtree2 -s /Users/fahim/CSE6406-project/work/paper_subset_50x10_L1600/ils_low/replicate_10/alignments/L1600/locus_0038.phy -m GTR+G4 --abayes -T AUTO --seed 7406039 --prefix /Users/fahim/CSE6406-project/work/paper_subset_50x10_L1600/ils_low/replicate_10/estimated_gene_trees/L1600/gtr_g4/locus_0038 --redo --quiet
Seed:    7406039 (Using SPRNG - Scalable Parallel Random Number Generator)
Time:    Fri Sep 11 20:55:28 2026
Kernel:  SSE2 - auto-detect threads (10 CPU cores detected)

Reading alignment file /Users/fahim/CSE6406-project/work/paper_subset_50x10_L1600/ils_low/replicate_10/alignments/L1600/locus_0038.phy ... Phylip format detected
Alignment most likely contains DNA/RNA sequences
Alignment has 21 sequences with 1600 columns, 467 distinct patterns
361 parsimony-informative, 170 singleton sites, 1069 constant sites
        Gap/Ambiguity  Composition  p-value
Analyzing sequences: done in 3.31402e-05 secs using 111.6% CPU
   1  19_0_0    0.00%    passed     66.61%
   2  20_0_0    0.00%    passed     83.28%
   3  5_0_0     0.00%    passed     99.92%
   4  6_0_0     0.00%    passed     98.19%
   5  12_0_0    0.00%    passed     98.77%
   6  4_0_0     0.00%    passed     95.78%
   7  9_0_0     0.00%    passed     99.11%
   8  17_0_0    0.00%    passed     93.54%
   9  13_0_0    0.00%    passed     70.36%
  10  2_0_0     0.00%    passed     80.08%
  11  10_0_0    0.00%    passed     88.99%
  12  1_0_0     0.00%    passed     96.69%
  13  16_0_0    0.00%    passed     95.53%
  14  15_0_0    0.00%    passed     96.19%
  15  8_0_0     0.00%    passed     98.10%
  16  18_0_0    0.00%    passed     99.69%
  17  11_0_0    0.00%    passed     91.71%
  18  14_0_0    0.00%    passed     97.27%
  19  3_0_0     0.00%    passed     98.47%
  20  7_0_0     0.00%    passed     98.84%
  21  0_0_0     0.00%    passed     99.19%
****  TOTAL     0.00%  0 sequences failed composition chi2 test (p-value<5%; df=3)

Create initial parsimony tree by phylogenetic likelihood library (PLL)... 0.000 seconds

NOTE: 1 MB RAM (0 GB) is required!
Measuring multi-threading efficiency up to 10 CPU cores
Increase to 10 rounds for branch lengths
1827 trees examined
Threads: 1 / Time: 10.005 sec / Speedup: 1.000 / Efficiency: 100% / LogL: -10560
Threads: 2 / Time: 16.137 sec / Speedup: 0.620 / Efficiency: 31% / LogL: -10560
BEST NUMBER OF THREADS: 1

Estimate model parameters (epsilon = 0.100)
1. Initial log-likelihood: -8737.048
2. Current log-likelihood: -8504.050
3. Current log-likelihood: -8498.950
Optimal log-likelihood: -8498.900
Rate parameters:  A-C: 1.34453  A-G: 2.09195  A-T: 1.19632  C-G: 1.32259  C-T: 2.35043  G-T: 1.00000
Base frequencies:  A: 0.293  C: 0.197  G: 0.199  T: 0.311
Gamma shape alpha: 0.213
Parameters optimization took 3 rounds (0.034 sec)
Wrote distance file to... 
Computing ML distances based on estimated model parameters...
Calculating distance matrix: done in 0.001086 secs using 98.99% CPU
Computing ML distances took 0.001124 sec (of wall-clock time) 0.001099 sec (of CPU time)
Setting up auxiliary I and S matrices: done in 1.71661e-05 secs using 69.91% CPU
Computing RapidNJ tree took 0.000064 sec (of wall-clock time) 0.000062 sec (of CPU time)
Log-likelihood of RapidNJ tree: -8530.845
--------------------------------------------------------------------
|             INITIALIZING CANDIDATE TREE SET                      |
--------------------------------------------------------------------
Generating 98 parsimony trees... 0.057 second
Computing log-likelihood of 98 initial trees ... 0.113 seconds
Current best score: -8498.900

Do NNI search on 20 best initial trees
Estimate model parameters (epsilon = 0.100)
BETTER TREE FOUND at iteration 1: -8496.120
Estimate model parameters (epsilon = 0.100)
BETTER TREE FOUND at iteration 2: -8496.095
Iteration 10 / LogL: -8496.138 / Time: 0h:0m:26s
UPDATE BEST LOG-LIKELIHOOD: -8496.095
Iteration 20 / LogL: -8496.136 / Time: 0h:0m:26s
Finish initializing candidate tree set (3)
Current best tree score: -8496.095 / CPU time: 0.512
Number of iterations: 20
--------------------------------------------------------------------
|               OPTIMIZING CANDIDATE TREE SET                      |
--------------------------------------------------------------------
Iteration 30 / LogL: -8496.116 / Time: 0h:0m:26s (0h:1m:6s left)
Iteration 40 / LogL: -8496.130 / Time: 0h:0m:27s (0h:0m:43s left)
Iteration 50 / LogL: -8496.128 / Time: 0h:0m:27s (0h:0m:29s left)
Iteration 60 / LogL: -8496.129 / Time: 0h:0m:27s (0h:0m:19s left)
Iteration 70 / LogL: -8496.152 / Time: 0h:0m:27s (0h:0m:12s left)
Iteration 80 / LogL: -8496.100 / Time: 0h:0m:28s (0h:0m:7s left)
Iteration 90 / LogL: -8496.097 / Time: 0h:0m:28s (0h:0m:3s left)
Iteration 100 / LogL: -8497.225 / Time: 0h:0m:28s (0h:0m:0s left)
TREE SEARCH COMPLETED AFTER 103 ITERATIONS / Time: 0h:0m:28s

--------------------------------------------------------------------
|                    FINALIZING TREE SEARCH                        |
--------------------------------------------------------------------
Performs final model parameters optimization
Estimate model parameters (epsilon = 0.010)
1. Initial log-likelihood: -8496.095
Optimal log-likelihood: -8496.092
Rate parameters:  A-C: 1.34693  A-G: 2.11785  A-T: 1.20818  C-G: 1.32737  C-T: 2.36557  G-T: 1.00000
Base frequencies:  A: 0.293  C: 0.197  G: 0.199  T: 0.311
Gamma shape alpha: 0.214
Parameters optimization took 1 rounds (0.004 sec)
BEST SCORE FOUND : -8496.092

Testing tree branches by aBayes parametric test...
0.004 sec.
Total tree length: 0.908

Total number of iterations: 103
CPU time used for tree search: 2.274 sec (0h:0m:2s)
Wall-clock time used for tree search: 2.292 sec (0h:0m:2s)
Total CPU time used: 27.410 sec (0h:0m:27s)
Total wall-clock time used: 28.486 sec (0h:0m:28s)

Analysis results written to: 
  IQ-TREE report:                /Users/fahim/CSE6406-project/work/paper_subset_50x10_L1600/ils_low/replicate_10/estimated_gene_trees/L1600/gtr_g4/locus_0038.iqtree
  Maximum-likelihood tree:       /Users/fahim/CSE6406-project/work/paper_subset_50x10_L1600/ils_low/replicate_10/estimated_gene_trees/L1600/gtr_g4/locus_0038.treefile
  Likelihood distances:          /Users/fahim/CSE6406-project/work/paper_subset_50x10_L1600/ils_low/replicate_10/estimated_gene_trees/L1600/gtr_g4/locus_0038.mldist
  Screen log file:               /Users/fahim/CSE6406-project/work/paper_subset_50x10_L1600/ils_low/replicate_10/estimated_gene_trees/L1600/gtr_g4/locus_0038.log

Date and Time: Fri Sep 11 20:55:57 2026
