IQ-TREE multicore version 2.4.0 for MacOS ARM 64-bit built Feb 12 2025
Developed by Bui Quang Minh, Nguyen Lam Tung, Olga Chernomor, Heiko Schmidt,
Dominik Schrempf, Michael Woodhams, Ly Trong Nhan, Thomas Wong

Host:    Fahims-MacBook-Air.local (SSE4.2, 16 GB RAM)
Command: /Users/fahim/miniconda3/envs/cse6406/bin/iqtree2 -s /Users/fahim/CSE6406-project/work/paper_subset_50x10_L1600/ils_low/replicate_10/alignments/L1600/locus_0018.phy -m GTR+G4 --abayes -T AUTO --seed 7406019 --prefix /Users/fahim/CSE6406-project/work/paper_subset_50x10_L1600/ils_low/replicate_10/estimated_gene_trees/L1600/gtr_g4/locus_0018 --redo --quiet
Seed:    7406019 (Using SPRNG - Scalable Parallel Random Number Generator)
Time:    Fri Sep 11 20:46:24 2026
Kernel:  SSE2 - auto-detect threads (10 CPU cores detected)

Reading alignment file /Users/fahim/CSE6406-project/work/paper_subset_50x10_L1600/ils_low/replicate_10/alignments/L1600/locus_0018.phy ... Phylip format detected
Alignment most likely contains DNA/RNA sequences
Alignment has 21 sequences with 1600 columns, 420 distinct patterns
326 parsimony-informative, 153 singleton sites, 1121 constant sites
        Gap/Ambiguity  Composition  p-value
Analyzing sequences: done in 4.1008e-05 secs using 78.03% CPU
   1  13_0_0    0.00%    passed     97.76%
   2  15_0_0    0.00%    passed     95.31%
   3  8_0_0     0.00%    passed     99.77%
   4  18_0_0    0.00%    passed     99.72%
   5  11_0_0    0.00%    passed     95.84%
   6  14_0_0    0.00%    passed     96.33%
   7  16_0_0    0.00%    passed     96.08%
   8  1_0_0     0.00%    passed     98.61%
   9  2_0_0     0.00%    passed     97.80%
  10  10_0_0    0.00%    passed     97.39%
  11  7_0_0     0.00%    passed     99.64%
  12  3_0_0     0.00%    passed     98.61%
  13  9_0_0     0.00%    passed     99.45%
  14  4_0_0     0.00%    passed     99.87%
  15  17_0_0    0.00%    passed     95.98%
  16  6_0_0     0.00%    passed     99.02%
  17  12_0_0    0.00%    passed     97.93%
  18  5_0_0     0.00%    passed     92.02%
  19  20_0_0    0.00%    passed     93.52%
  20  19_0_0    0.00%    passed     97.01%
  21  0_0_0     0.00%    passed     88.34%
****  TOTAL     0.00%  0 sequences failed composition chi2 test (p-value<5%; df=3)

Create initial parsimony tree by phylogenetic likelihood library (PLL)... 0.000 seconds

NOTE: 1 MB RAM (0 GB) is required!
Measuring multi-threading efficiency up to 10 CPU cores
Increase to 10 rounds for branch lengths
2324 trees examined
Threads: 1 / Time: 10.000 sec / Speedup: 1.000 / Efficiency: 100% / LogL: -10142
Threads: 2 / Time: 15.174 sec / Speedup: 0.659 / Efficiency: 33% / LogL: -10142
BEST NUMBER OF THREADS: 1

Estimate model parameters (epsilon = 0.100)
1. Initial log-likelihood: -8170.872
2. Current log-likelihood: -7931.638
3. Current log-likelihood: -7928.113
Optimal log-likelihood: -7928.109
Rate parameters:  A-C: 0.82328  A-G: 1.73079  A-T: 1.03317  C-G: 0.87116  C-T: 1.90571  G-T: 1.00000
Base frequencies:  A: 0.281  C: 0.218  G: 0.212  T: 0.289
Gamma shape alpha: 0.190
Parameters optimization took 3 rounds (0.026 sec)
Wrote distance file to... 
Computing ML distances based on estimated model parameters...
Calculating distance matrix: done in 0.000797987 secs using 99.5% CPU
Computing ML distances took 0.000823 sec (of wall-clock time) 0.000813 sec (of CPU time)
Setting up auxiliary I and S matrices: done in 1.50204e-05 secs using 73.23% CPU
Computing RapidNJ tree took 0.000057 sec (of wall-clock time) 0.000053 sec (of CPU time)
Log-likelihood of RapidNJ tree: -7931.154
--------------------------------------------------------------------
|             INITIALIZING CANDIDATE TREE SET                      |
--------------------------------------------------------------------
Generating 98 parsimony trees... 0.044 second
Computing log-likelihood of 98 initial trees ... 0.091 seconds
Current best score: -7928.034

Do NNI search on 20 best initial trees
Estimate model parameters (epsilon = 0.100)
BETTER TREE FOUND at iteration 1: -7927.483
Iteration 10 / LogL: -7927.485 / Time: 0h:0m:25s
Iteration 20 / LogL: -7927.484 / Time: 0h:0m:25s
Finish initializing candidate tree set (1)
Current best tree score: -7927.483 / CPU time: 0.344
Number of iterations: 20
--------------------------------------------------------------------
|               OPTIMIZING CANDIDATE TREE SET                      |
--------------------------------------------------------------------
Iteration 30 / LogL: -7927.825 / Time: 0h:0m:25s (0h:1m:2s left)
Iteration 40 / LogL: -7927.496 / Time: 0h:0m:25s (0h:0m:40s left)
Iteration 50 / LogL: -7927.596 / Time: 0h:0m:25s (0h:0m:27s left)
Iteration 60 / LogL: -7927.495 / Time: 0h:0m:26s (0h:0m:18s left)
Iteration 70 / LogL: -7927.503 / Time: 0h:0m:26s (0h:0m:11s left)
Iteration 80 / LogL: -7927.602 / Time: 0h:0m:26s (0h:0m:7s left)
Iteration 90 / LogL: -7927.521 / Time: 0h:0m:26s (0h:0m:3s left)
Iteration 100 / LogL: -7927.543 / Time: 0h:0m:26s (0h:0m:0s left)
TREE SEARCH COMPLETED AFTER 102 ITERATIONS / Time: 0h:0m:26s

--------------------------------------------------------------------
|                    FINALIZING TREE SEARCH                        |
--------------------------------------------------------------------
Performs final model parameters optimization
Estimate model parameters (epsilon = 0.010)
1. Initial log-likelihood: -7927.483
Optimal log-likelihood: -7927.482
Rate parameters:  A-C: 0.82345  A-G: 1.73099  A-T: 1.02753  C-G: 0.87175  C-T: 1.90689  G-T: 1.00000
Base frequencies:  A: 0.281  C: 0.218  G: 0.212  T: 0.289
Gamma shape alpha: 0.190
Parameters optimization took 1 rounds (0.004 sec)
BEST SCORE FOUND : -7927.482

Testing tree branches by aBayes parametric test...
0.003 sec.
Total tree length: 0.832

Total number of iterations: 102
CPU time used for tree search: 1.534 sec (0h:0m:1s)
Wall-clock time used for tree search: 1.537 sec (0h:0m:1s)
Total CPU time used: 25.682 sec (0h:0m:25s)
Total wall-clock time used: 26.751 sec (0h:0m:26s)

Analysis results written to: 
  IQ-TREE report:                /Users/fahim/CSE6406-project/work/paper_subset_50x10_L1600/ils_low/replicate_10/estimated_gene_trees/L1600/gtr_g4/locus_0018.iqtree
  Maximum-likelihood tree:       /Users/fahim/CSE6406-project/work/paper_subset_50x10_L1600/ils_low/replicate_10/estimated_gene_trees/L1600/gtr_g4/locus_0018.treefile
  Likelihood distances:          /Users/fahim/CSE6406-project/work/paper_subset_50x10_L1600/ils_low/replicate_10/estimated_gene_trees/L1600/gtr_g4/locus_0018.mldist
  Screen log file:               /Users/fahim/CSE6406-project/work/paper_subset_50x10_L1600/ils_low/replicate_10/estimated_gene_trees/L1600/gtr_g4/locus_0018.log

Date and Time: Fri Sep 11 20:46:51 2026
