IQ-TREE multicore version 2.4.0 for Linux x86 64-bit built Feb 12 2025
Developed by Bui Quang Minh, Nguyen Lam Tung, Olga Chernomor, Heiko Schmidt,
Dominik Schrempf, Michael Woodhams, Ly Trong Nhan, Thomas Wong

Host:    ezmata (AVX2, FMA3, 15 GB RAM)
Command: /home/mis/miniconda3/envs/cse6406/bin/iqtree2 -s /home/mis/CSE6406-project/work/paper_subset_50x10_L200/ils_low/replicate_07/alignments/L200/locus_0048.phy -m GTR --abayes -T 1 --seed 7106049 --prefix /home/mis/CSE6406-project/work/paper_subset_50x10_L200/ils_low/replicate_07/estimated_gene_trees/L200/gtr/locus_0048 --redo --quiet
Seed:    7106049 (Using SPRNG - Scalable Parallel Random Number Generator)
Time:    Sat Sep 12 21:35:25 2026
Kernel:  AVX+FMA - 1 threads (16 CPU cores detected)

HINT: Use -nt option to specify number of threads because your CPU has 16 cores!
HINT: -nt AUTO will automatically determine the best number of threads to use.

Reading alignment file /home/mis/CSE6406-project/work/paper_subset_50x10_L200/ils_low/replicate_07/alignments/L200/locus_0048.phy ... Phylip format detected
Alignment most likely contains DNA/RNA sequences
Alignment has 21 sequences with 200 columns, 89 distinct patterns
65 parsimony-informative, 21 singleton sites, 113 constant sites
        Gap/Ambiguity  Composition  p-value
Analyzing sequences: done in 1.607e-05 secs using 93.34% CPU
   1  0_0_0     0.00%    passed     94.94%
   2  15_0_0    0.00%    passed     98.49%
   3  8_0_0     0.00%    passed     96.99%
   4  12_0_0    0.00%    passed     90.15%
   5  7_0_0     0.00%    passed     83.28%
   6  3_0_0     0.00%    passed     85.52%
   7  13_0_0    0.00%    passed     98.79%
   8  16_0_0    0.00%    passed     92.81%
   9  6_0_0     0.00%    passed     94.10%
  10  2_0_0     0.00%    passed     85.87%
  11  4_0_0     0.00%    passed     99.62%
  12  14_0_0    0.00%    passed     87.49%
  13  11_0_0    0.00%    passed     92.76%
  14  9_0_0     0.00%    passed     87.44%
  15  17_0_0    0.00%    passed     97.27%
  16  10_0_0    0.00%    passed     99.74%
  17  5_0_0     0.00%    passed     83.26%
  18  20_0_0    0.00%    passed     98.67%
  19  18_0_0    0.00%    passed     99.04%
  20  19_0_0    0.00%    passed     93.89%
  21  1_0_0     0.00%    passed     80.08%
****  TOTAL     0.00%  0 sequences failed composition chi2 test (p-value<5%; df=3)

Create initial parsimony tree by phylogenetic likelihood library (PLL)... 0.001 seconds

NOTE: 0 MB RAM (0 GB) is required!
Estimate model parameters (epsilon = 0.100)
1. Initial log-likelihood: -2223.248
2. Current log-likelihood: -2205.350
3. Current log-likelihood: -2205.049
Optimal log-likelihood: -2205.047
Rate parameters:  A-C: 1.22229  A-G: 2.18569  A-T: 1.38938  C-G: 0.92840  C-T: 1.09338  G-T: 1.00000
Base frequencies:  A: 0.245  C: 0.246  G: 0.186  T: 0.323
Parameters optimization took 3 rounds (0.009 sec)
Wrote distance file to... 
Computing ML distances based on estimated model parameters...
Calculating distance matrix: done in 0.00116054 secs using 95.21% CPU
Computing ML distances took 0.001201 sec (of wall-clock time) 0.001145 sec (of CPU time)
Setting up auxiliary I and S matrices: done in 5.6716e-05 secs using 98.74% CPU
Computing RapidNJ tree took 0.000233 sec (of wall-clock time) 0.000232 sec (of CPU time)
Log-likelihood of RapidNJ tree: -2207.073
--------------------------------------------------------------------
|             INITIALIZING CANDIDATE TREE SET                      |
--------------------------------------------------------------------
Generating 98 parsimony trees... 0.100 second
Computing log-likelihood of 98 initial trees ... 0.079 seconds
Current best score: -2183.374

Do NNI search on 20 best initial trees
Estimate model parameters (epsilon = 0.100)
BETTER TREE FOUND at iteration 1: -2181.945
Iteration 10 / LogL: -2185.875 / Time: 0h:0m:0s
Iteration 20 / LogL: -2187.096 / Time: 0h:0m:0s
Finish initializing candidate tree set (19)
Current best tree score: -2181.945 / CPU time: 0.252
Number of iterations: 20
--------------------------------------------------------------------
|               OPTIMIZING CANDIDATE TREE SET                      |
--------------------------------------------------------------------
Iteration 30 / LogL: -2186.484 / Time: 0h:0m:0s (0h:0m:0s left)
Estimate model parameters (epsilon = 0.100)
BETTER TREE FOUND at iteration 40: -2180.975
Iteration 40 / LogL: -2180.975 / Time: 0h:0m:0s (0h:0m:1s left)
Iteration 50 / LogL: -2180.975 / Time: 0h:0m:0s (0h:0m:1s left)
Iteration 60 / LogL: -2180.975 / Time: 0h:0m:0s (0h:0m:0s left)
UPDATE BEST LOG-LIKELIHOOD: -2180.975
Iteration 70 / LogL: -2180.975 / Time: 0h:0m:0s (0h:0m:0s left)
Iteration 80 / LogL: -2180.975 / Time: 0h:0m:0s (0h:0m:0s left)
Iteration 90 / LogL: -2185.836 / Time: 0h:0m:1s (0h:0m:0s left)
UPDATE BEST LOG-LIKELIHOOD: -2180.975
Estimate model parameters (epsilon = 0.100)
BETTER TREE FOUND at iteration 94: -2179.459
Iteration 100 / LogL: -2183.066 / Time: 0h:0m:1s (0h:0m:1s left)
Iteration 110 / LogL: -2179.944 / Time: 0h:0m:1s (0h:0m:1s left)
Iteration 120 / LogL: -2180.577 / Time: 0h:0m:1s (0h:0m:0s left)
Iteration 130 / LogL: -2179.459 / Time: 0h:0m:1s (0h:0m:0s left)
Iteration 140 / LogL: -2180.550 / Time: 0h:0m:1s (0h:0m:0s left)
UPDATE BEST LOG-LIKELIHOOD: -2179.459
Iteration 150 / LogL: -2180.551 / Time: 0h:0m:1s (0h:0m:0s left)
Iteration 160 / LogL: -2182.402 / Time: 0h:0m:2s (0h:0m:0s left)
Iteration 170 / LogL: -2179.460 / Time: 0h:0m:2s (0h:0m:0s left)
Iteration 180 / LogL: -2179.464 / Time: 0h:0m:2s (0h:0m:0s left)
Iteration 190 / LogL: -2179.459 / Time: 0h:0m:2s (0h:0m:0s left)
TREE SEARCH COMPLETED AFTER 195 ITERATIONS / Time: 0h:0m:2s

--------------------------------------------------------------------
|                    FINALIZING TREE SEARCH                        |
--------------------------------------------------------------------
Performs final model parameters optimization
Estimate model parameters (epsilon = 0.010)
1. Initial log-likelihood: -2179.459
Optimal log-likelihood: -2179.459
Rate parameters:  A-C: 1.08858  A-G: 2.07403  A-T: 1.19523  C-G: 0.70481  C-T: 0.92328  G-T: 1.00000
Base frequencies:  A: 0.245  C: 0.246  G: 0.186  T: 0.323
Parameters optimization took 1 rounds (0.002 sec)
BEST SCORE FOUND : -2179.459

Testing tree branches by aBayes parametric test...
0.003 sec.
Total tree length: 2.292

Total number of iterations: 195
CPU time used for tree search: 2.443 sec (0h:0m:2s)
Wall-clock time used for tree search: 2.633 sec (0h:0m:2s)
Total CPU time used: 2.473 sec (0h:0m:2s)
Total wall-clock time used: 2.662 sec (0h:0m:2s)

Analysis results written to: 
  IQ-TREE report:                /home/mis/CSE6406-project/work/paper_subset_50x10_L200/ils_low/replicate_07/estimated_gene_trees/L200/gtr/locus_0048.iqtree
  Maximum-likelihood tree:       /home/mis/CSE6406-project/work/paper_subset_50x10_L200/ils_low/replicate_07/estimated_gene_trees/L200/gtr/locus_0048.treefile
  Likelihood distances:          /home/mis/CSE6406-project/work/paper_subset_50x10_L200/ils_low/replicate_07/estimated_gene_trees/L200/gtr/locus_0048.mldist
  Screen log file:               /home/mis/CSE6406-project/work/paper_subset_50x10_L200/ils_low/replicate_07/estimated_gene_trees/L200/gtr/locus_0048.log

Date and Time: Sat Sep 12 21:35:28 2026
