IQ-TREE multicore version 2.4.0 for MacOS ARM 64-bit built Feb 12 2025
Developed by Bui Quang Minh, Nguyen Lam Tung, Olga Chernomor, Heiko Schmidt,
Dominik Schrempf, Michael Woodhams, Ly Trong Nhan, Thomas Wong

Host:    Fahims-MacBook-Air.local (SSE4.2, 16 GB RAM)
Command: /Users/fahim/miniconda3/envs/cse6406/bin/iqtree2 -s /Users/fahim/CSE6406-project/work/paper_subset_50x10_L1600/ils_low/replicate_07/alignments/L1600/locus_0048.phy -m HKY --abayes -T AUTO --seed 7106049 --prefix /Users/fahim/CSE6406-project/work/paper_subset_50x10_L1600/ils_low/replicate_07/estimated_gene_trees/L1600/hky/locus_0048 --redo --quiet
Seed:    7106049 (Using SPRNG - Scalable Parallel Random Number Generator)
Time:    Fri Sep 11 16:04:48 2026
Kernel:  SSE2 - auto-detect threads (10 CPU cores detected)

Reading alignment file /Users/fahim/CSE6406-project/work/paper_subset_50x10_L1600/ils_low/replicate_07/alignments/L1600/locus_0048.phy ... Phylip format detected
Alignment most likely contains DNA/RNA sequences
Alignment has 21 sequences with 1600 columns, 764 distinct patterns
626 parsimony-informative, 190 singleton sites, 784 constant sites
        Gap/Ambiguity  Composition  p-value
Analyzing sequences: done in 4.1008e-05 secs using 114.6% CPU
   1  0_0_0     0.00%    passed     77.41%
   2  15_0_0    0.00%    passed     71.80%
   3  8_0_0     0.00%    passed     87.70%
   4  12_0_0    0.00%    passed     94.24%
   5  7_0_0     0.00%    passed     90.07%
   6  3_0_0     0.00%    passed     94.26%
   7  13_0_0    0.00%    passed     82.76%
   8  16_0_0    0.00%    passed     86.07%
   9  6_0_0     0.00%    passed     82.36%
  10  2_0_0     0.00%    passed     84.22%
  11  4_0_0     0.00%    passed     90.31%
  12  14_0_0    0.00%    passed     84.74%
  13  11_0_0    0.00%    passed     63.43%
  14  9_0_0     0.00%    passed     91.76%
  15  17_0_0    0.00%    passed     71.90%
  16  10_0_0    0.00%    passed     69.25%
  17  5_0_0     0.00%    passed     88.49%
  18  20_0_0    0.00%    passed     92.63%
  19  18_0_0    0.00%    passed     93.36%
  20  19_0_0    0.00%    passed     76.06%
  21  1_0_0     0.00%    passed     86.13%
****  TOTAL     0.00%  0 sequences failed composition chi2 test (p-value<5%; df=3)

Create initial parsimony tree by phylogenetic likelihood library (PLL)... 0.001 seconds

NOTE: 0 MB RAM (0 GB) is required!
Measuring multi-threading efficiency up to 10 CPU cores
Increase to 10 rounds for branch lengths
3673 trees examined
Threads: 1 / Time: 10.001 sec / Speedup: 1.000 / Efficiency: 100% / LogL: -23299
Threads: 2 / Time: 21.215 sec / Speedup: 0.471 / Efficiency: 24% / LogL: -23299
BEST NUMBER OF THREADS: 1

Estimate model parameters (epsilon = 0.100)
1. Initial log-likelihood: -20721.841
2. Current log-likelihood: -20595.575
3. Current log-likelihood: -20595.423
Optimal log-likelihood: -20595.423
Rate parameters:  A-C: 1.00000  A-G: 1.51526  A-T: 1.00000  C-G: 1.00000  C-T: 1.51526  G-T: 1.00000
Base frequencies:  A: 0.310  C: 0.183  G: 0.206  T: 0.300
Parameters optimization took 3 rounds (0.005 sec)
Wrote distance file to... 
Computing ML distances based on estimated model parameters...
Calculating distance matrix: done in 0.000449896 secs using 98.91% CPU
Computing ML distances took 0.000489 sec (of wall-clock time) 0.000477 sec (of CPU time)
Setting up auxiliary I and S matrices: done in 1.69277e-05 secs using 70.89% CPU
Computing RapidNJ tree took 0.000063 sec (of wall-clock time) 0.000070 sec (of CPU time)
Log-likelihood of RapidNJ tree: -20702.921
--------------------------------------------------------------------
|             INITIALIZING CANDIDATE TREE SET                      |
--------------------------------------------------------------------
Generating 98 parsimony trees... 0.089 second
Computing log-likelihood of 98 initial trees ... 0.061 seconds
Current best score: -20595.423

Do NNI search on 20 best initial trees
Estimate model parameters (epsilon = 0.100)
BETTER TREE FOUND at iteration 1: -20588.765
Estimate model parameters (epsilon = 0.100)
BETTER TREE FOUND at iteration 4: -20588.017
Iteration 10 / LogL: -20600.477 / Time: 0h:0m:31s
Iteration 20 / LogL: -20588.827 / Time: 0h:0m:31s
Finish initializing candidate tree set (7)
Current best tree score: -20588.017 / CPU time: 0.286
Number of iterations: 20
--------------------------------------------------------------------
|               OPTIMIZING CANDIDATE TREE SET                      |
--------------------------------------------------------------------
Estimate model parameters (epsilon = 0.100)
UPDATE BEST LOG-LIKELIHOOD: -20587.753
Iteration 30 / LogL: -20599.267 / Time: 0h:0m:31s (0h:1m:20s left)
Iteration 40 / LogL: -20588.767 / Time: 0h:0m:31s (0h:0m:52s left)
Iteration 50 / LogL: -20592.520 / Time: 0h:0m:31s (0h:0m:35s left)
Iteration 60 / LogL: -20587.839 / Time: 0h:0m:31s (0h:0m:23s left)
Iteration 70 / LogL: -20587.758 / Time: 0h:0m:31s (0h:0m:15s left)
Iteration 80 / LogL: -20588.912 / Time: 0h:0m:32s (0h:0m:9s left)
Iteration 90 / LogL: -20588.790 / Time: 0h:0m:32s (0h:0m:5s left)
Iteration 100 / LogL: -20587.802 / Time: 0h:0m:32s (0h:0m:1s left)
TREE SEARCH COMPLETED AFTER 105 ITERATIONS / Time: 0h:0m:32s

--------------------------------------------------------------------
|                    FINALIZING TREE SEARCH                        |
--------------------------------------------------------------------
Performs final model parameters optimization
Estimate model parameters (epsilon = 0.010)
1. Initial log-likelihood: -20587.753
Optimal log-likelihood: -20587.753
Rate parameters:  A-C: 1.00000  A-G: 1.52604  A-T: 1.00000  C-G: 1.00000  C-T: 1.52604  G-T: 1.00000
Base frequencies:  A: 0.310  C: 0.183  G: 0.206  T: 0.300
Parameters optimization took 1 rounds (0.001 sec)
BEST SCORE FOUND : -20587.753

Testing tree branches by aBayes parametric test...
0.002 sec.
Total tree length: 3.022

Total number of iterations: 105
CPU time used for tree search: 1.049 sec (0h:0m:1s)
Wall-clock time used for tree search: 1.052 sec (0h:0m:1s)
Total CPU time used: 27.841 sec (0h:0m:27s)
Total wall-clock time used: 32.284 sec (0h:0m:32s)

Analysis results written to: 
  IQ-TREE report:                /Users/fahim/CSE6406-project/work/paper_subset_50x10_L1600/ils_low/replicate_07/estimated_gene_trees/L1600/hky/locus_0048.iqtree
  Maximum-likelihood tree:       /Users/fahim/CSE6406-project/work/paper_subset_50x10_L1600/ils_low/replicate_07/estimated_gene_trees/L1600/hky/locus_0048.treefile
  Likelihood distances:          /Users/fahim/CSE6406-project/work/paper_subset_50x10_L1600/ils_low/replicate_07/estimated_gene_trees/L1600/hky/locus_0048.mldist
  Screen log file:               /Users/fahim/CSE6406-project/work/paper_subset_50x10_L1600/ils_low/replicate_07/estimated_gene_trees/L1600/hky/locus_0048.log

Date and Time: Fri Sep 11 16:05:20 2026
