IQ-TREE multicore version 2.4.0 for MacOS ARM 64-bit built Feb 12 2025
Developed by Bui Quang Minh, Nguyen Lam Tung, Olga Chernomor, Heiko Schmidt,
Dominik Schrempf, Michael Woodhams, Ly Trong Nhan, Thomas Wong

Host:    Fahims-MacBook-Air.local (SSE4.2, 16 GB RAM)
Command: /Users/fahim/miniconda3/envs/cse6406/bin/iqtree2 -s /Users/fahim/CSE6406-project/work/paper_subset_50x10_L1600/ils_low/replicate_07/alignments/L1600/locus_0045.phy -m HKY --abayes -T AUTO --seed 7106046 --prefix /Users/fahim/CSE6406-project/work/paper_subset_50x10_L1600/ils_low/replicate_07/estimated_gene_trees/L1600/hky/locus_0045 --redo --quiet
Seed:    7106046 (Using SPRNG - Scalable Parallel Random Number Generator)
Time:    Fri Sep 11 16:03:11 2026
Kernel:  SSE2 - auto-detect threads (10 CPU cores detected)

Reading alignment file /Users/fahim/CSE6406-project/work/paper_subset_50x10_L1600/ils_low/replicate_07/alignments/L1600/locus_0045.phy ... Phylip format detected
Alignment most likely contains DNA/RNA sequences
Alignment has 21 sequences with 1600 columns, 799 distinct patterns
650 parsimony-informative, 205 singleton sites, 745 constant sites
        Gap/Ambiguity  Composition  p-value
Analyzing sequences: done in 3.48091e-05 secs using 135% CPU
   1  19_0_0    0.00%    passed     88.09%
   2  20_0_0    0.00%    passed     61.52%
   3  18_0_0    0.00%    passed     62.25%
   4  1_0_0     0.00%    passed     97.99%
   5  15_0_0    0.00%    passed     77.23%
   6  16_0_0    0.00%    passed     67.50%
   7  3_0_0     0.00%    passed     97.94%
   8  13_0_0    0.00%    passed     83.35%
   9  14_0_0    0.00%    passed     92.25%
  10  4_0_0     0.00%    passed     80.03%
  11  2_0_0     0.00%    passed     87.63%
  12  6_0_0     0.00%    passed     98.96%
  13  17_0_0    0.00%    passed     75.92%
  14  10_0_0    0.00%    passed     78.63%
  15  9_0_0     0.00%    passed     90.10%
  16  11_0_0    0.00%    passed     83.44%
  17  5_0_0     0.00%    passed     99.89%
  18  8_0_0     0.00%    passed     82.88%
  19  7_0_0     0.00%    passed     83.48%
  20  12_0_0    0.00%    passed     97.04%
  21  0_0_0     0.00%    passed     90.95%
****  TOTAL     0.00%  0 sequences failed composition chi2 test (p-value<5%; df=3)

Create initial parsimony tree by phylogenetic likelihood library (PLL)... 0.001 seconds

NOTE: 0 MB RAM (0 GB) is required!
Measuring multi-threading efficiency up to 10 CPU cores
Increase to 10 rounds for branch lengths
3598 trees examined
Threads: 1 / Time: 10.002 sec / Speedup: 1.000 / Efficiency: 100% / LogL: -23593
Threads: 2 / Time: 20.813 sec / Speedup: 0.481 / Efficiency: 24% / LogL: -23593
BEST NUMBER OF THREADS: 1

Estimate model parameters (epsilon = 0.100)
1. Initial log-likelihood: -21178.438
2. Current log-likelihood: -21068.848
3. Current log-likelihood: -21068.692
Optimal log-likelihood: -21068.692
Rate parameters:  A-C: 1.00000  A-G: 1.50251  A-T: 1.00000  C-G: 1.00000  C-T: 1.50251  G-T: 1.00000
Base frequencies:  A: 0.280  C: 0.217  G: 0.196  T: 0.306
Parameters optimization took 3 rounds (0.005 sec)
Wrote distance file to... 
Computing ML distances based on estimated model parameters...
Calculating distance matrix: done in 0.000436068 secs using 99.07% CPU
Computing ML distances took 0.000478 sec (of wall-clock time) 0.000467 sec (of CPU time)
Setting up auxiliary I and S matrices: done in 1.5974e-05 secs using 75.12% CPU
Computing RapidNJ tree took 0.000059 sec (of wall-clock time) 0.000068 sec (of CPU time)
Log-likelihood of RapidNJ tree: -21133.778
--------------------------------------------------------------------
|             INITIALIZING CANDIDATE TREE SET                      |
--------------------------------------------------------------------
Generating 98 parsimony trees... 0.094 second
Computing log-likelihood of 98 initial trees ... 0.064 seconds
Current best score: -21068.692

Do NNI search on 20 best initial trees
Estimate model parameters (epsilon = 0.100)
BETTER TREE FOUND at iteration 1: -21068.692
Estimate model parameters (epsilon = 0.100)
BETTER TREE FOUND at iteration 2: -21064.093
Iteration 10 / LogL: -21075.707 / Time: 0h:0m:31s
Iteration 20 / LogL: -21068.696 / Time: 0h:0m:31s
Finish initializing candidate tree set (9)
Current best tree score: -21064.093 / CPU time: 0.280
Number of iterations: 20
--------------------------------------------------------------------
|               OPTIMIZING CANDIDATE TREE SET                      |
--------------------------------------------------------------------
Iteration 30 / LogL: -21073.441 / Time: 0h:0m:31s (0h:1m:17s left)
Iteration 40 / LogL: -21066.700 / Time: 0h:0m:31s (0h:0m:49s left)
Iteration 50 / LogL: -21077.057 / Time: 0h:0m:31s (0h:0m:33s left)
Iteration 60 / LogL: -21064.306 / Time: 0h:0m:31s (0h:0m:22s left)
Iteration 70 / LogL: -21070.184 / Time: 0h:0m:31s (0h:0m:14s left)
Iteration 80 / LogL: -21068.708 / Time: 0h:0m:31s (0h:0m:8s left)
Iteration 90 / LogL: -21066.750 / Time: 0h:0m:31s (0h:0m:4s left)
Iteration 100 / LogL: -21070.524 / Time: 0h:0m:31s (0h:0m:0s left)
TREE SEARCH COMPLETED AFTER 103 ITERATIONS / Time: 0h:0m:31s

--------------------------------------------------------------------
|                    FINALIZING TREE SEARCH                        |
--------------------------------------------------------------------
Performs final model parameters optimization
Estimate model parameters (epsilon = 0.010)
1. Initial log-likelihood: -21064.093
Optimal log-likelihood: -21064.093
Rate parameters:  A-C: 1.00000  A-G: 1.50322  A-T: 1.00000  C-G: 1.00000  C-T: 1.50322  G-T: 1.00000
Base frequencies:  A: 0.280  C: 0.217  G: 0.196  T: 0.306
Parameters optimization took 1 rounds (0.002 sec)
BEST SCORE FOUND : -21064.093

Testing tree branches by aBayes parametric test...
0.002 sec.
Total tree length: 3.092

Total number of iterations: 103
CPU time used for tree search: 0.990 sec (0h:0m:0s)
Wall-clock time used for tree search: 0.993 sec (0h:0m:0s)
Total CPU time used: 27.516 sec (0h:0m:27s)
Total wall-clock time used: 31.826 sec (0h:0m:31s)

Analysis results written to: 
  IQ-TREE report:                /Users/fahim/CSE6406-project/work/paper_subset_50x10_L1600/ils_low/replicate_07/estimated_gene_trees/L1600/hky/locus_0045.iqtree
  Maximum-likelihood tree:       /Users/fahim/CSE6406-project/work/paper_subset_50x10_L1600/ils_low/replicate_07/estimated_gene_trees/L1600/hky/locus_0045.treefile
  Likelihood distances:          /Users/fahim/CSE6406-project/work/paper_subset_50x10_L1600/ils_low/replicate_07/estimated_gene_trees/L1600/hky/locus_0045.mldist
  Screen log file:               /Users/fahim/CSE6406-project/work/paper_subset_50x10_L1600/ils_low/replicate_07/estimated_gene_trees/L1600/hky/locus_0045.log

Date and Time: Fri Sep 11 16:03:43 2026
