IQ-TREE multicore version 2.4.0 for MacOS ARM 64-bit built Feb 12 2025
Developed by Bui Quang Minh, Nguyen Lam Tung, Olga Chernomor, Heiko Schmidt,
Dominik Schrempf, Michael Woodhams, Ly Trong Nhan, Thomas Wong

Host:    Fahims-MacBook-Air.local (SSE4.2, 16 GB RAM)
Command: /Users/fahim/miniconda3/envs/cse6406/bin/iqtree2 -s /Users/fahim/CSE6406-project/work/paper_subset_50x10_L1600/ils_low/replicate_07/alignments/L1600/locus_0040.phy -m HKY --abayes -T AUTO --seed 7106041 --prefix /Users/fahim/CSE6406-project/work/paper_subset_50x10_L1600/ils_low/replicate_07/estimated_gene_trees/L1600/hky/locus_0040 --redo --quiet
Seed:    7106041 (Using SPRNG - Scalable Parallel Random Number Generator)
Time:    Fri Sep 11 16:00:33 2026
Kernel:  SSE2 - auto-detect threads (10 CPU cores detected)

Reading alignment file /Users/fahim/CSE6406-project/work/paper_subset_50x10_L1600/ils_low/replicate_07/alignments/L1600/locus_0040.phy ... Phylip format detected
Alignment most likely contains DNA/RNA sequences
Alignment has 21 sequences with 1600 columns, 745 distinct patterns
613 parsimony-informative, 194 singleton sites, 793 constant sites
        Gap/Ambiguity  Composition  p-value
Analyzing sequences: done in 4.48227e-05 secs using 122.7% CPU
   1  0_0_0     0.00%    passed     77.97%
   2  1_0_0     0.00%    passed     99.44%
   3  9_0_0     0.00%    passed     95.50%
   4  11_0_0    0.00%    passed     96.57%
   5  10_0_0    0.00%    passed     88.12%
   6  17_0_0    0.00%    passed     85.22%
   7  5_0_0     0.00%    passed     75.20%
   8  14_0_0    0.00%    passed     81.86%
   9  4_0_0     0.00%    passed     84.40%
  10  6_0_0     0.00%    passed     93.16%
  11  2_0_0     0.00%    passed     91.94%
  12  3_0_0     0.00%    passed     72.24%
  13  13_0_0    0.00%    passed     70.77%
  14  16_0_0    0.00%    passed     39.78%
  15  15_0_0    0.00%    passed     89.00%
  16  12_0_0    0.00%    passed     96.69%
  17  7_0_0     0.00%    passed     97.65%
  18  8_0_0     0.00%    passed     43.91%
  19  19_0_0    0.00%    passed     93.27%
  20  20_0_0    0.00%    passed     41.95%
  21  18_0_0    0.00%    passed     59.60%
****  TOTAL     0.00%  0 sequences failed composition chi2 test (p-value<5%; df=3)

Create initial parsimony tree by phylogenetic likelihood library (PLL)... 0.001 seconds

NOTE: 0 MB RAM (0 GB) is required!
Measuring multi-threading efficiency up to 10 CPU cores
Increase to 10 rounds for branch lengths
2932 trees examined
Threads: 1 / Time: 10.002 sec / Speedup: 1.000 / Efficiency: 100% / LogL: -22573
Threads: 2 / Time: 17.328 sec / Speedup: 0.577 / Efficiency: 29% / LogL: -22573
BEST NUMBER OF THREADS: 1

Estimate model parameters (epsilon = 0.100)
1. Initial log-likelihood: -20109.306
2. Current log-likelihood: -19986.701
3. Current log-likelihood: -19986.537
Optimal log-likelihood: -19986.537
Rate parameters:  A-C: 1.00000  A-G: 1.57551  A-T: 1.00000  C-G: 1.00000  C-T: 1.57551  G-T: 1.00000
Base frequencies:  A: 0.310  C: 0.195  G: 0.195  T: 0.300
Parameters optimization took 3 rounds (0.005 sec)
Wrote distance file to... 
Computing ML distances based on estimated model parameters...
Calculating distance matrix: done in 0.000443935 secs using 97.31% CPU
Computing ML distances took 0.000488 sec (of wall-clock time) 0.000463 sec (of CPU time)
Setting up auxiliary I and S matrices: done in 1.88351e-05 secs using 58.4% CPU
Computing RapidNJ tree took 0.000072 sec (of wall-clock time) 0.000064 sec (of CPU time)
Log-likelihood of RapidNJ tree: -20091.181
--------------------------------------------------------------------
|             INITIALIZING CANDIDATE TREE SET                      |
--------------------------------------------------------------------
Generating 98 parsimony trees... 0.086 second
Computing log-likelihood of 98 initial trees ... 0.060 seconds
Current best score: -19986.537

Do NNI search on 20 best initial trees
Estimate model parameters (epsilon = 0.100)
BETTER TREE FOUND at iteration 1: -19976.155
Iteration 10 / LogL: -19976.161 / Time: 0h:0m:27s
Iteration 20 / LogL: -19976.158 / Time: 0h:0m:27s
Finish initializing candidate tree set (4)
Current best tree score: -19976.155 / CPU time: 0.313
Number of iterations: 20
--------------------------------------------------------------------
|               OPTIMIZING CANDIDATE TREE SET                      |
--------------------------------------------------------------------
Iteration 30 / LogL: -20023.830 / Time: 0h:0m:27s (0h:1m:7s left)
Iteration 40 / LogL: -19976.189 / Time: 0h:0m:27s (0h:0m:43s left)
Iteration 50 / LogL: -19976.166 / Time: 0h:0m:27s (0h:0m:29s left)
Iteration 60 / LogL: -19991.932 / Time: 0h:0m:27s (0h:0m:19s left)
Iteration 70 / LogL: -19992.078 / Time: 0h:0m:28s (0h:0m:12s left)
Iteration 80 / LogL: -19991.937 / Time: 0h:0m:28s (0h:0m:7s left)
Iteration 90 / LogL: -19976.160 / Time: 0h:0m:28s (0h:0m:3s left)
Iteration 100 / LogL: -19976.177 / Time: 0h:0m:28s (0h:0m:0s left)
TREE SEARCH COMPLETED AFTER 102 ITERATIONS / Time: 0h:0m:28s

--------------------------------------------------------------------
|                    FINALIZING TREE SEARCH                        |
--------------------------------------------------------------------
Performs final model parameters optimization
Estimate model parameters (epsilon = 0.010)
1. Initial log-likelihood: -19976.155
Optimal log-likelihood: -19976.155
Rate parameters:  A-C: 1.00000  A-G: 1.57551  A-T: 1.00000  C-G: 1.00000  C-T: 1.57551  G-T: 1.00000
Base frequencies:  A: 0.310  C: 0.195  G: 0.195  T: 0.300
Parameters optimization took 1 rounds (0.001 sec)
BEST SCORE FOUND : -19976.155

Testing tree branches by aBayes parametric test...
0.002 sec.
Total tree length: 2.859

Total number of iterations: 102
CPU time used for tree search: 0.986 sec (0h:0m:0s)
Wall-clock time used for tree search: 0.988 sec (0h:0m:0s)
Total CPU time used: 24.694 sec (0h:0m:24s)
Total wall-clock time used: 28.334 sec (0h:0m:28s)

Analysis results written to: 
  IQ-TREE report:                /Users/fahim/CSE6406-project/work/paper_subset_50x10_L1600/ils_low/replicate_07/estimated_gene_trees/L1600/hky/locus_0040.iqtree
  Maximum-likelihood tree:       /Users/fahim/CSE6406-project/work/paper_subset_50x10_L1600/ils_low/replicate_07/estimated_gene_trees/L1600/hky/locus_0040.treefile
  Likelihood distances:          /Users/fahim/CSE6406-project/work/paper_subset_50x10_L1600/ils_low/replicate_07/estimated_gene_trees/L1600/hky/locus_0040.mldist
  Screen log file:               /Users/fahim/CSE6406-project/work/paper_subset_50x10_L1600/ils_low/replicate_07/estimated_gene_trees/L1600/hky/locus_0040.log

Date and Time: Fri Sep 11 16:01:01 2026
