IQ-TREE multicore version 2.4.0 for Linux x86 64-bit built Feb 12 2025
Developed by Bui Quang Minh, Nguyen Lam Tung, Olga Chernomor, Heiko Schmidt,
Dominik Schrempf, Michael Woodhams, Ly Trong Nhan, Thomas Wong

Host:    ezmata (AVX2, FMA3, 15 GB RAM)
Command: /home/mis/miniconda3/envs/cse6406/bin/iqtree2 -s /home/mis/CSE6406-project/work/paper_subset_10x2_L200_800/ils_low/replicate_01/alignments/L800/locus_0005.phy -m HKY --abayes -T AUTO --seed 6506006 --prefix /home/mis/CSE6406-project/work/paper_subset_10x2_L200_800/ils_low/replicate_01/estimated_gene_trees/L800/hky/locus_0005 --redo --quiet
Seed:    6506006 (Using SPRNG - Scalable Parallel Random Number Generator)
Time:    Thu Sep 10 16:40:49 2026
Kernel:  AVX+FMA - auto-detect threads (16 CPU cores detected)

Reading alignment file /home/mis/CSE6406-project/work/paper_subset_10x2_L200_800/ils_low/replicate_01/alignments/L800/locus_0005.phy ... Phylip format detected
Alignment most likely contains DNA/RNA sequences
Alignment has 21 sequences with 800 columns, 26 distinct patterns
3 parsimony-informative, 20 singleton sites, 777 constant sites
        Gap/Ambiguity  Composition  p-value
Analyzing sequences: done in 0.000157955 secs
   1  0_0_0     0.00%    passed     99.76%
   2  1_0_0     0.00%    passed     99.91%
   3  3_0_0     0.00%    passed     99.91%
   4  4_0_0     0.00%    passed     99.91%
   5  2_0_0     0.00%    passed     99.97%
   6  19_0_0    0.00%    passed     99.98%
   7  7_0_0     0.00%    passed    100.00%
   8  8_0_0     0.00%    passed    100.00%
   9  14_0_0    0.00%    passed    100.00%
  10  20_0_0    0.00%    passed    100.00%
  11  11_0_0    0.00%    passed     99.91%
  12  16_0_0    0.00%    passed     99.96%
  13  5_0_0     0.00%    passed    100.00%
  14  10_0_0    0.00%    passed     99.98%
  15  9_0_0     0.00%    passed    100.00%
  16  17_0_0    0.00%    passed     99.98%
  17  15_0_0    0.00%    passed     99.98%
  18  12_0_0    0.00%    passed     99.98%
  19  18_0_0    0.00%    passed     99.98%
  20  13_0_0    0.00%    passed     99.99%
  21  6_0_0     0.00%    passed    100.00%
****  TOTAL     0.00%  0 sequences failed composition chi2 test (p-value<5%; df=3)
NOTE: 3_0_0 is identical to 1_0_0 but kept for subsequent analysis
NOTE: 8_0_0 is identical to 7_0_0 but kept for subsequent analysis
NOTE: 15_0_0 is identical to 17_0_0 but kept for subsequent analysis
NOTE: 5 identical sequences (see below) will be ignored for subsequent analysis
NOTE: 4_0_0 (identical to 1_0_0) is ignored but added at the end
NOTE: 14_0_0 (identical to 7_0_0) is ignored but added at the end
NOTE: 20_0_0 (identical to 7_0_0) is ignored but added at the end
NOTE: 9_0_0 (identical to 7_0_0) is ignored but added at the end
NOTE: 12_0_0 (identical to 17_0_0) is ignored but added at the end
Alignment was printed to /home/mis/CSE6406-project/work/paper_subset_10x2_L200_800/ils_low/replicate_01/estimated_gene_trees/L800/hky/locus_0005.uniqueseq.phy

For your convenience alignment with unique sequences printed to /home/mis/CSE6406-project/work/paper_subset_10x2_L200_800/ils_low/replicate_01/estimated_gene_trees/L800/hky/locus_0005.uniqueseq.phy

Create initial parsimony tree by phylogenetic likelihood library (PLL)... 0.000 seconds

NOTE: 0 MB RAM (0 GB) is required!
Measuring multi-threading efficiency up to 16 CPU cores
Increase to 10 rounds for branch lengths
97616 trees examined
Threads: 1 / Time: 16.000 sec / Speedup: 1.000 / Efficiency: 100% / LogL: -1324
Threads: 2 / Time: 28.285 sec / Speedup: 0.566 / Efficiency: 28% / LogL: -1324
BEST NUMBER OF THREADS: 1

Estimate model parameters (epsilon = 0.100)
1. Initial log-likelihood: -1272.093
2. Current log-likelihood: -1269.213
Optimal log-likelihood: -1269.213
Rate parameters:  A-C: 1.00000  A-G: 2.74970  A-T: 1.00000  C-G: 1.00000  C-T: 2.74970  G-T: 1.00000
Base frequencies:  A: 0.303  C: 0.183  G: 0.203  T: 0.310
Parameters optimization took 2 rounds (0.000 sec)
Wrote distance file to... 
Computing ML distances based on estimated model parameters...
Calculating distance matrix: done in 0.00027344 secs using 74.24% CPU
Computing ML distances took 0.000287 sec (of wall-clock time) 0.000215 sec (of CPU time)
Setting up auxiliary I and S matrices: done in 1.9023e-05 secs using 99.88% CPU
Computing RapidNJ tree took 0.000065 sec (of wall-clock time) 0.000223 sec (of CPU time)
Log-likelihood of RapidNJ tree: -1269.226
--------------------------------------------------------------------
|             INITIALIZING CANDIDATE TREE SET                      |
--------------------------------------------------------------------
Generating 98 parsimony trees... 0.011 second
Computing log-likelihood of 98 initial trees ... 0.010 seconds
Current best score: -1269.213

Do NNI search on 20 best initial trees
Estimate model parameters (epsilon = 0.100)
BETTER TREE FOUND at iteration 1: -1269.213
BETTER TREE FOUND at iteration 4: -1269.213
BETTER TREE FOUND at iteration 9: -1269.213
Iteration 10 / LogL: -1269.213 / Time: 0h:0m:44s
Iteration 20 / LogL: -1269.213 / Time: 0h:0m:44s
Finish initializing candidate tree set (20)
Current best tree score: -1269.213 / CPU time: 0.029
Number of iterations: 20
--------------------------------------------------------------------
|               OPTIMIZING CANDIDATE TREE SET                      |
--------------------------------------------------------------------
Iteration 30 / LogL: -1269.214 / Time: 0h:0m:44s (0h:2m:0s left)
BETTER TREE FOUND at iteration 34: -1269.213
BETTER TREE FOUND at iteration 35: -1269.213
BETTER TREE FOUND at iteration 38: -1269.213
Iteration 40 / LogL: -1276.719 / Time: 0h:0m:44s (0h:1m:51s left)
Iteration 50 / LogL: -1269.214 / Time: 0h:0m:44s (0h:1m:19s left)
Iteration 60 / LogL: -1269.215 / Time: 0h:0m:44s (0h:0m:58s left)
Iteration 70 / LogL: -1269.214 / Time: 0h:0m:44s (0h:0m:43s left)
Iteration 80 / LogL: -1282.026 / Time: 0h:0m:44s (0h:0m:32s left)
Iteration 90 / LogL: -1269.216 / Time: 0h:0m:44s (0h:0m:23s left)
BETTER TREE FOUND at iteration 96: -1269.213
BETTER TREE FOUND at iteration 100: -1269.213
Iteration 100 / LogL: -1269.213 / Time: 0h:0m:44s (0h:0m:44s left)
Iteration 110 / LogL: -1276.376 / Time: 0h:0m:44s (0h:0m:36s left)
BETTER TREE FOUND at iteration 119: -1269.213
Iteration 120 / LogL: -1269.214 / Time: 0h:0m:44s (0h:0m:36s left)
BETTER TREE FOUND at iteration 128: -1269.213
Iteration 130 / LogL: -1269.213 / Time: 0h:0m:44s (0h:0m:33s left)
Iteration 140 / LogL: -1269.213 / Time: 0h:0m:44s (0h:0m:28s left)
Iteration 150 / LogL: -1269.214 / Time: 0h:0m:44s (0h:0m:23s left)
BETTER TREE FOUND at iteration 154: -1269.213
Iteration 160 / LogL: -1269.213 / Time: 0h:0m:44s (0h:0m:26s left)
Iteration 170 / LogL: -1269.214 / Time: 0h:0m:44s (0h:0m:22s left)
Iteration 180 / LogL: -1269.213 / Time: 0h:0m:44s (0h:0m:18s left)
Iteration 190 / LogL: -1269.215 / Time: 0h:0m:44s (0h:0m:15s left)
BETTER TREE FOUND at iteration 200: -1269.213
Iteration 200 / LogL: -1269.213 / Time: 0h:0m:44s (0h:0m:22s left)
Iteration 210 / LogL: -1269.213 / Time: 0h:0m:44s (0h:0m:19s left)
BETTER TREE FOUND at iteration 218: -1269.213
Iteration 220 / LogL: -1269.214 / Time: 0h:0m:44s (0h:0m:19s left)
Iteration 230 / LogL: -1269.216 / Time: 0h:0m:44s (0h:0m:17s left)
Iteration 240 / LogL: -1269.215 / Time: 0h:0m:44s (0h:0m:14s left)
Iteration 250 / LogL: -1269.213 / Time: 0h:0m:44s (0h:0m:12s left)
Iteration 260 / LogL: -1269.213 / Time: 0h:0m:44s (0h:0m:9s left)
Iteration 270 / LogL: -1269.213 / Time: 0h:0m:44s (0h:0m:7s left)
Iteration 280 / LogL: -1269.213 / Time: 0h:0m:44s (0h:0m:6s left)
Iteration 290 / LogL: -1269.215 / Time: 0h:0m:44s (0h:0m:4s left)
Iteration 300 / LogL: -1269.213 / Time: 0h:0m:44s (0h:0m:2s left)
Iteration 310 / LogL: -1269.213 / Time: 0h:0m:44s (0h:0m:1s left)
TREE SEARCH COMPLETED AFTER 319 ITERATIONS / Time: 0h:0m:44s

--------------------------------------------------------------------
|                    FINALIZING TREE SEARCH                        |
--------------------------------------------------------------------
Performs final model parameters optimization
Estimate model parameters (epsilon = 0.010)
1. Initial log-likelihood: -1269.213
Optimal log-likelihood: -1269.213
Rate parameters:  A-C: 1.00000  A-G: 2.74604  A-T: 1.00000  C-G: 1.00000  C-T: 2.74604  G-T: 1.00000
Base frequencies:  A: 0.303  C: 0.183  G: 0.203  T: 0.310
Parameters optimization took 1 rounds (0.000 sec)
BEST SCORE FOUND : -1269.213

Testing tree branches by aBayes parametric test...
0.000 sec.
Total tree length: 0.029

Total number of iterations: 319
CPU time used for tree search: 0.221 sec (0h:0m:0s)
Wall-clock time used for tree search: 0.236 sec (0h:0m:0s)
Total CPU time used: 34.995 sec (0h:0m:34s)
Total wall-clock time used: 44.531 sec (0h:0m:44s)

Analysis results written to: 
  IQ-TREE report:                /home/mis/CSE6406-project/work/paper_subset_10x2_L200_800/ils_low/replicate_01/estimated_gene_trees/L800/hky/locus_0005.iqtree
  Maximum-likelihood tree:       /home/mis/CSE6406-project/work/paper_subset_10x2_L200_800/ils_low/replicate_01/estimated_gene_trees/L800/hky/locus_0005.treefile
  Likelihood distances:          /home/mis/CSE6406-project/work/paper_subset_10x2_L200_800/ils_low/replicate_01/estimated_gene_trees/L800/hky/locus_0005.mldist
  Screen log file:               /home/mis/CSE6406-project/work/paper_subset_10x2_L200_800/ils_low/replicate_01/estimated_gene_trees/L800/hky/locus_0005.log

Date and Time: Thu Sep 10 16:41:34 2026
