IQ-TREE multicore version 2.4.0 for Linux x86 64-bit built Feb 12 2025
Developed by Bui Quang Minh, Nguyen Lam Tung, Olga Chernomor, Heiko Schmidt,
Dominik Schrempf, Michael Woodhams, Ly Trong Nhan, Thomas Wong

Host:    ezmata (AVX2, FMA3, 15 GB RAM)
Command: /home/mis/miniconda3/envs/cse6406/bin/iqtree2 -s /home/mis/CSE6406-project/work/paper_subset_50x10_L800/ils_high/replicate_10/alignments/L800/locus_0035.phy -m JC --abayes -T 1 --seed 7406036 --prefix /home/mis/CSE6406-project/work/paper_subset_50x10_L800/ils_high/replicate_10/estimated_gene_trees/L800/jc/locus_0035 --redo --quiet
Seed:    7406036 (Using SPRNG - Scalable Parallel Random Number Generator)
Time:    Sat Sep 12 20:08:45 2026
Kernel:  AVX+FMA - 1 threads (16 CPU cores detected)

HINT: Use -nt option to specify number of threads because your CPU has 16 cores!
HINT: -nt AUTO will automatically determine the best number of threads to use.

Reading alignment file /home/mis/CSE6406-project/work/paper_subset_50x10_L800/ils_high/replicate_10/alignments/L800/locus_0035.phy ... Phylip format detected
Alignment most likely contains DNA/RNA sequences
Alignment has 21 sequences with 800 columns, 284 distinct patterns
221 parsimony-informative, 75 singleton sites, 504 constant sites
        Gap/Ambiguity  Composition  p-value
Analyzing sequences: done in 2.6469e-05 secs
   1  5_0_0     0.00%    passed     89.47%
   2  12_0_0    0.00%    passed     84.69%
   3  6_0_0     0.00%    passed     90.06%
   4  19_0_0    0.00%    passed     65.71%
   5  20_0_0    0.00%    passed     88.48%
   6  0_0_0     0.00%    passed     99.99%
   7  17_0_0    0.00%    passed     95.47%
   8  9_0_0     0.00%    passed     97.01%
   9  4_0_0     0.00%    passed     99.11%
  10  1_0_0     0.00%    passed     96.56%
  11  16_0_0    0.00%    passed     98.44%
  12  10_0_0    0.00%    passed     86.35%
  13  2_0_0     0.00%    passed     94.40%
  14  7_0_0     0.00%    passed     99.56%
  15  18_0_0    0.00%    passed     91.43%
  16  14_0_0    0.00%    passed     76.25%
  17  15_0_0    0.00%    passed     95.17%
  18  11_0_0    0.00%    passed     85.69%
  19  3_0_0     0.00%    passed     93.89%
  20  8_0_0     0.00%    passed     96.54%
  21  13_0_0    0.00%    passed     79.14%
****  TOTAL     0.00%  0 sequences failed composition chi2 test (p-value<5%; df=3)

Create initial parsimony tree by phylogenetic likelihood library (PLL)... 0.001 seconds

NOTE: 0 MB RAM (0 GB) is required!
Estimate model parameters (epsilon = 0.100)
1. Initial log-likelihood: -5400.736
Optimal log-likelihood: -5393.350
Rate parameters:  A-C: 1.00000  A-G: 1.00000  A-T: 1.00000  C-G: 1.00000  C-T: 1.00000  G-T: 1.00000
Base frequencies:  A: 0.250  C: 0.250  G: 0.250  T: 0.250
Parameters optimization took 1 rounds (0.002 sec)
Wrote distance file to... 
Computing ML distances based on estimated model parameters...
Calculating distance matrix: done in 0.000804011 secs using 99.87% CPU
Computing ML distances took 0.000851 sec (of wall-clock time) 0.000853 sec (of CPU time)
Setting up auxiliary I and S matrices: done in 6.1631e-05 secs using 98.98% CPU
Computing RapidNJ tree took 0.000242 sec (of wall-clock time) 0.000242 sec (of CPU time)
Log-likelihood of RapidNJ tree: -5412.915
--------------------------------------------------------------------
|             INITIALIZING CANDIDATE TREE SET                      |
--------------------------------------------------------------------
Generating 98 parsimony trees... 0.105 second
Computing log-likelihood of 98 initial trees ... 0.074 seconds
Current best score: -5390.548

Do NNI search on 20 best initial trees
Estimate model parameters (epsilon = 0.100)
BETTER TREE FOUND at iteration 1: -5389.801
Iteration 10 / LogL: -5400.855 / Time: 0h:0m:0s
Iteration 20 / LogL: -5391.278 / Time: 0h:0m:0s
Finish initializing candidate tree set (8)
Current best tree score: -5389.801 / CPU time: 0.354
Number of iterations: 20
--------------------------------------------------------------------
|               OPTIMIZING CANDIDATE TREE SET                      |
--------------------------------------------------------------------
Iteration 30 / LogL: -5392.034 / Time: 0h:0m:0s (0h:0m:1s left)
Iteration 40 / LogL: -5390.940 / Time: 0h:0m:0s (0h:0m:0s left)
Iteration 50 / LogL: -5389.801 / Time: 0h:0m:0s (0h:0m:0s left)
Iteration 60 / LogL: -5390.940 / Time: 0h:0m:0s (0h:0m:0s left)
Iteration 70 / LogL: -5391.278 / Time: 0h:0m:0s (0h:0m:0s left)
Iteration 80 / LogL: -5389.801 / Time: 0h:0m:0s (0h:0m:0s left)
Iteration 90 / LogL: -5391.581 / Time: 0h:0m:1s (0h:0m:0s left)
Iteration 100 / LogL: -5391.279 / Time: 0h:0m:1s (0h:0m:0s left)
TREE SEARCH COMPLETED AFTER 102 ITERATIONS / Time: 0h:0m:1s

--------------------------------------------------------------------
|                    FINALIZING TREE SEARCH                        |
--------------------------------------------------------------------
Performs final model parameters optimization
Estimate model parameters (epsilon = 0.010)
1. Initial log-likelihood: -5389.801
Optimal log-likelihood: -5389.801
Rate parameters:  A-C: 1.00000  A-G: 1.00000  A-T: 1.00000  C-G: 1.00000  C-T: 1.00000  G-T: 1.00000
Base frequencies:  A: 0.250  C: 0.250  G: 0.250  T: 0.250
Parameters optimization took 1 rounds (0.001 sec)
BEST SCORE FOUND : -5389.801

Testing tree branches by aBayes parametric test...
0.002 sec.
Total tree length: 1.060

Total number of iterations: 102
CPU time used for tree search: 1.057 sec (0h:0m:1s)
Wall-clock time used for tree search: 1.119 sec (0h:0m:1s)
Total CPU time used: 1.075 sec (0h:0m:1s)
Total wall-clock time used: 1.137 sec (0h:0m:1s)

Analysis results written to: 
  IQ-TREE report:                /home/mis/CSE6406-project/work/paper_subset_50x10_L800/ils_high/replicate_10/estimated_gene_trees/L800/jc/locus_0035.iqtree
  Maximum-likelihood tree:       /home/mis/CSE6406-project/work/paper_subset_50x10_L800/ils_high/replicate_10/estimated_gene_trees/L800/jc/locus_0035.treefile
  Likelihood distances:          /home/mis/CSE6406-project/work/paper_subset_50x10_L800/ils_high/replicate_10/estimated_gene_trees/L800/jc/locus_0035.mldist
  Screen log file:               /home/mis/CSE6406-project/work/paper_subset_50x10_L800/ils_high/replicate_10/estimated_gene_trees/L800/jc/locus_0035.log

Date and Time: Sat Sep 12 20:08:46 2026
