IQ-TREE multicore version 2.4.0 for Linux x86 64-bit built Feb 12 2025
Developed by Bui Quang Minh, Nguyen Lam Tung, Olga Chernomor, Heiko Schmidt,
Dominik Schrempf, Michael Woodhams, Ly Trong Nhan, Thomas Wong

Host:    ezmata (AVX2, FMA3, 15 GB RAM)
Command: /home/mis/miniconda3/envs/cse6406/bin/iqtree2 -s /home/mis/CSE6406-project/work/paper_subset_50x10_L800/ils_low/replicate_10/alignments/L800/locus_0002.phy -m GTR+G4 --abayes -T AUTO --seed 7406003 --prefix /home/mis/CSE6406-project/work/paper_subset_50x10_L800/ils_low/replicate_10/estimated_gene_trees/L800/gtr_g4/locus_0002 --redo --quiet
Seed:    7406003 (Using SPRNG - Scalable Parallel Random Number Generator)
Time:    Sat Sep 12 13:22:47 2026
Kernel:  AVX+FMA - auto-detect threads (16 CPU cores detected)

Reading alignment file /home/mis/CSE6406-project/work/paper_subset_50x10_L800/ils_low/replicate_10/alignments/L800/locus_0002.phy ... Phylip format detected
Alignment most likely contains DNA/RNA sequences
Alignment has 21 sequences with 800 columns, 240 distinct patterns
185 parsimony-informative, 66 singleton sites, 549 constant sites
        Gap/Ambiguity  Composition  p-value
Analyzing sequences: done in 0.000117338 secs using 31.53% CPU
   1  17_0_0    0.00%    passed     96.21%
   2  4_0_0     0.00%    passed     97.77%
   3  9_0_0     0.00%    passed     95.22%
   4  2_0_0     0.00%    passed     83.52%
   5  10_0_0    0.00%    passed     98.53%
   6  16_0_0    0.00%    passed     98.22%
   7  1_0_0     0.00%    passed     96.25%
   8  3_0_0     0.00%    passed     80.72%
   9  7_0_0     0.00%    passed     66.63%
  10  6_0_0     0.00%    passed     89.17%
  11  12_0_0    0.00%    passed     96.62%
  12  5_0_0     0.00%    passed     98.12%
  13  13_0_0    0.00%    passed     92.11%
  14  14_0_0    0.00%    passed     98.90%
  15  11_0_0    0.00%    passed     98.12%
  16  18_0_0    0.00%    passed     98.97%
  17  8_0_0     0.00%    passed     94.47%
  18  15_0_0    0.00%    passed     90.16%
  19  20_0_0    0.00%    passed     95.86%
  20  19_0_0    0.00%    passed     77.65%
  21  0_0_0     0.00%    passed     92.25%
****  TOTAL     0.00%  0 sequences failed composition chi2 test (p-value<5%; df=3)

Create initial parsimony tree by phylogenetic likelihood library (PLL)... 0.000 seconds

NOTE: 0 MB RAM (0 GB) is required!
Measuring multi-threading efficiency up to 16 CPU cores
Increase to 10 rounds for branch lengths
4558 trees examined
Threads: 1 / Time: 16.000 sec / Speedup: 1.000 / Efficiency: 100% / LogL: -5295
Threads: 2 / Time: 21.630 sec / Speedup: 0.740 / Efficiency: 37% / LogL: -5295
BEST NUMBER OF THREADS: 1

Estimate model parameters (epsilon = 0.100)
1. Initial log-likelihood: -4223.711
2. Current log-likelihood: -4092.995
3. Current log-likelihood: -4090.988
Optimal log-likelihood: -4090.984
Rate parameters:  A-C: 0.92567  A-G: 1.74224  A-T: 0.86330  C-G: 0.92707  C-T: 2.24158  G-T: 1.00000
Base frequencies:  A: 0.336  C: 0.178  G: 0.195  T: 0.291
Gamma shape alpha: 0.206
Parameters optimization took 3 rounds (0.017 sec)
Wrote distance file to... 
Computing ML distances based on estimated model parameters...
Calculating distance matrix: done in 0.001859 secs using 98.33% CPU
Computing ML distances took 0.001884 sec (of wall-clock time) 0.001851 sec (of CPU time)
Setting up auxiliary I and S matrices: done in 2.8031e-05 secs using 99.89% CPU
Computing RapidNJ tree took 0.000103 sec (of wall-clock time) 0.000372 sec (of CPU time)
Log-likelihood of RapidNJ tree: -4085.839
--------------------------------------------------------------------
|             INITIALIZING CANDIDATE TREE SET                      |
--------------------------------------------------------------------
Generating 98 parsimony trees... 0.058 second
Computing log-likelihood of 98 initial trees ... 0.077 seconds
Current best score: -4085.839

Do NNI search on 20 best initial trees
Estimate model parameters (epsilon = 0.100)
BETTER TREE FOUND at iteration 1: -4085.814
Iteration 10 / LogL: -4085.814 / Time: 0h:0m:37s
Iteration 20 / LogL: -4085.814 / Time: 0h:0m:38s
Finish initializing candidate tree set (2)
Current best tree score: -4085.814 / CPU time: 0.353
Number of iterations: 20
--------------------------------------------------------------------
|               OPTIMIZING CANDIDATE TREE SET                      |
--------------------------------------------------------------------
Iteration 30 / LogL: -4085.814 / Time: 0h:0m:38s (0h:1m:33s left)
UPDATE BEST LOG-LIKELIHOOD: -4085.814
Iteration 40 / LogL: -4085.814 / Time: 0h:0m:38s (0h:0m:59s left)
Iteration 50 / LogL: -4085.814 / Time: 0h:0m:38s (0h:0m:40s left)
Iteration 60 / LogL: -4088.183 / Time: 0h:0m:38s (0h:0m:26s left)
Iteration 70 / LogL: -4085.814 / Time: 0h:0m:38s (0h:0m:17s left)
Iteration 80 / LogL: -4085.814 / Time: 0h:0m:38s (0h:0m:10s left)
Iteration 90 / LogL: -4085.814 / Time: 0h:0m:39s (0h:0m:4s left)
Iteration 100 / LogL: -4085.814 / Time: 0h:0m:39s (0h:0m:0s left)
TREE SEARCH COMPLETED AFTER 102 ITERATIONS / Time: 0h:0m:39s

--------------------------------------------------------------------
|                    FINALIZING TREE SEARCH                        |
--------------------------------------------------------------------
Performs final model parameters optimization
Estimate model parameters (epsilon = 0.010)
1. Initial log-likelihood: -4085.814
Optimal log-likelihood: -4085.813
Rate parameters:  A-C: 0.95065  A-G: 1.74567  A-T: 0.85906  C-G: 0.90974  C-T: 2.24863  G-T: 1.00000
Base frequencies:  A: 0.336  C: 0.178  G: 0.195  T: 0.291
Gamma shape alpha: 0.206
Parameters optimization took 1 rounds (0.003 sec)
BEST SCORE FOUND : -4085.813

Testing tree branches by aBayes parametric test...
0.003 sec.
Total tree length: 0.869

Total number of iterations: 102
CPU time used for tree search: 1.541 sec (0h:0m:1s)
Wall-clock time used for tree search: 1.585 sec (0h:0m:1s)
Total CPU time used: 43.929 sec (0h:0m:43s)
Total wall-clock time used: 39.250 sec (0h:0m:39s)

Analysis results written to: 
  IQ-TREE report:                /home/mis/CSE6406-project/work/paper_subset_50x10_L800/ils_low/replicate_10/estimated_gene_trees/L800/gtr_g4/locus_0002.iqtree
  Maximum-likelihood tree:       /home/mis/CSE6406-project/work/paper_subset_50x10_L800/ils_low/replicate_10/estimated_gene_trees/L800/gtr_g4/locus_0002.treefile
  Likelihood distances:          /home/mis/CSE6406-project/work/paper_subset_50x10_L800/ils_low/replicate_10/estimated_gene_trees/L800/gtr_g4/locus_0002.mldist
  Screen log file:               /home/mis/CSE6406-project/work/paper_subset_50x10_L800/ils_low/replicate_10/estimated_gene_trees/L800/gtr_g4/locus_0002.log

Date and Time: Sat Sep 12 13:23:26 2026
