IQ-TREE multicore version 2.4.0 for Linux x86 64-bit built Feb 12 2025
Developed by Bui Quang Minh, Nguyen Lam Tung, Olga Chernomor, Heiko Schmidt,
Dominik Schrempf, Michael Woodhams, Ly Trong Nhan, Thomas Wong

Host:    ezmata (AVX2, FMA3, 15 GB RAM)
Command: /home/mis/miniconda3/envs/cse6406/bin/iqtree2 -s /home/mis/CSE6406-project/work/paper_subset_50x10_L800/ils_low/replicate_10/alignments/L800/locus_0004.phy -m GTR+G4 --abayes -T AUTO --seed 7406005 --prefix /home/mis/CSE6406-project/work/paper_subset_50x10_L800/ils_low/replicate_10/estimated_gene_trees/L800/gtr_g4/locus_0004 --redo --quiet
Seed:    7406005 (Using SPRNG - Scalable Parallel Random Number Generator)
Time:    Sat Sep 12 13:24:05 2026
Kernel:  AVX+FMA - auto-detect threads (16 CPU cores detected)

Reading alignment file /home/mis/CSE6406-project/work/paper_subset_50x10_L800/ils_low/replicate_10/alignments/L800/locus_0004.phy ... Phylip format detected
Alignment most likely contains DNA/RNA sequences
Alignment has 21 sequences with 800 columns, 239 distinct patterns
172 parsimony-informative, 81 singleton sites, 547 constant sites
        Gap/Ambiguity  Composition  p-value
Analyzing sequences: done in 0.000176911 secs using 143% CPU
   1  19_0_0    0.00%    passed     87.73%
   2  20_0_0    0.00%    passed     72.08%
   3  7_0_0     0.00%    passed     87.41%
   4  3_0_0     0.00%    passed     90.61%
   5  18_0_0    0.00%    passed     94.47%
   6  14_0_0    0.00%    passed     97.03%
   7  11_0_0    0.00%    passed     98.73%
   8  15_0_0    0.00%    passed     98.43%
   9  8_0_0     0.00%    passed     83.36%
  10  2_0_0     0.00%    passed     96.73%
  11  10_0_0    0.00%    passed     99.32%
  12  16_0_0    0.00%    passed     85.89%
  13  1_0_0     0.00%    passed     61.01%
  14  13_0_0    0.00%    passed     83.74%
  15  6_0_0     0.00%    passed     98.34%
  16  12_0_0    0.00%    passed     99.97%
  17  5_0_0     0.00%    passed     88.54%
  18  17_0_0    0.00%    passed     97.95%
  19  4_0_0     0.00%    passed     94.77%
  20  9_0_0     0.00%    passed     90.04%
  21  0_0_0     0.00%    passed     78.98%
****  TOTAL     0.00%  0 sequences failed composition chi2 test (p-value<5%; df=3)

Create initial parsimony tree by phylogenetic likelihood library (PLL)... 0.001 seconds

NOTE: 0 MB RAM (0 GB) is required!
Measuring multi-threading efficiency up to 16 CPU cores
Increase to 10 rounds for branch lengths
4912 trees examined
Threads: 1 / Time: 16.005 sec / Speedup: 1.000 / Efficiency: 100% / LogL: -4928
Threads: 2 / Time: 22.888 sec / Speedup: 0.699 / Efficiency: 35% / LogL: -4928
BEST NUMBER OF THREADS: 1

Estimate model parameters (epsilon = 0.100)
1. Initial log-likelihood: -4052.096
2. Current log-likelihood: -3955.672
3. Current log-likelihood: -3954.266
Optimal log-likelihood: -3954.254
Rate parameters:  A-C: 1.08430  A-G: 1.79869  A-T: 1.04088  C-G: 0.80437  C-T: 2.38834  G-T: 1.00000
Base frequencies:  A: 0.284  C: 0.206  G: 0.226  T: 0.283
Gamma shape alpha: 0.221
Parameters optimization took 3 rounds (0.020 sec)
Wrote distance file to... 
Computing ML distances based on estimated model parameters...
Calculating distance matrix: done in 0.00184418 secs using 96.41% CPU
Computing ML distances took 0.001870 sec (of wall-clock time) 0.001801 sec (of CPU time)
Setting up auxiliary I and S matrices: done in 2.7546e-05 secs using 1173% CPU
Computing RapidNJ tree took 0.000104 sec (of wall-clock time) 0.000398 sec (of CPU time)
Log-likelihood of RapidNJ tree: -3959.886
--------------------------------------------------------------------
|             INITIALIZING CANDIDATE TREE SET                      |
--------------------------------------------------------------------
Generating 98 parsimony trees... 0.070 second
Computing log-likelihood of 98 initial trees ... 0.091 seconds
Current best score: -3954.254

Do NNI search on 20 best initial trees
Estimate model parameters (epsilon = 0.100)
BETTER TREE FOUND at iteration 1: -3952.998
Iteration 10 / LogL: -3952.999 / Time: 0h:0m:39s
Iteration 20 / LogL: -3952.999 / Time: 0h:0m:39s
Finish initializing candidate tree set (1)
Current best tree score: -3952.998 / CPU time: 0.393
Number of iterations: 20
--------------------------------------------------------------------
|               OPTIMIZING CANDIDATE TREE SET                      |
--------------------------------------------------------------------
Iteration 30 / LogL: -3952.998 / Time: 0h:0m:39s (0h:1m:36s left)
Iteration 40 / LogL: -3953.012 / Time: 0h:0m:39s (0h:1m:1s left)
Iteration 50 / LogL: -3953.003 / Time: 0h:0m:39s (0h:0m:41s left)
Iteration 60 / LogL: -3952.998 / Time: 0h:0m:39s (0h:0m:27s left)
Iteration 70 / LogL: -3953.019 / Time: 0h:0m:40s (0h:0m:18s left)
Iteration 80 / LogL: -3952.999 / Time: 0h:0m:40s (0h:0m:10s left)
UPDATE BEST LOG-LIKELIHOOD: -3952.998
Iteration 90 / LogL: -3953.001 / Time: 0h:0m:40s (0h:0m:4s left)
Iteration 100 / LogL: -3953.048 / Time: 0h:0m:40s (0h:0m:0s left)
TREE SEARCH COMPLETED AFTER 102 ITERATIONS / Time: 0h:0m:40s

--------------------------------------------------------------------
|                    FINALIZING TREE SEARCH                        |
--------------------------------------------------------------------
Performs final model parameters optimization
Estimate model parameters (epsilon = 0.010)
1. Initial log-likelihood: -3952.998
Optimal log-likelihood: -3952.997
Rate parameters:  A-C: 1.08251  A-G: 1.78808  A-T: 1.04010  C-G: 0.79831  C-T: 2.40385  G-T: 1.00000
Base frequencies:  A: 0.284  C: 0.206  G: 0.226  T: 0.283
Gamma shape alpha: 0.222
Parameters optimization took 1 rounds (0.003 sec)
BEST SCORE FOUND : -3952.997

Testing tree branches by aBayes parametric test...
0.003 sec.
Total tree length: 0.769

Total number of iterations: 102
CPU time used for tree search: 1.652 sec (0h:0m:1s)
Wall-clock time used for tree search: 1.681 sec (0h:0m:1s)
Total CPU time used: 45.872 sec (0h:0m:45s)
Total wall-clock time used: 40.614 sec (0h:0m:40s)

Analysis results written to: 
  IQ-TREE report:                /home/mis/CSE6406-project/work/paper_subset_50x10_L800/ils_low/replicate_10/estimated_gene_trees/L800/gtr_g4/locus_0004.iqtree
  Maximum-likelihood tree:       /home/mis/CSE6406-project/work/paper_subset_50x10_L800/ils_low/replicate_10/estimated_gene_trees/L800/gtr_g4/locus_0004.treefile
  Likelihood distances:          /home/mis/CSE6406-project/work/paper_subset_50x10_L800/ils_low/replicate_10/estimated_gene_trees/L800/gtr_g4/locus_0004.mldist
  Screen log file:               /home/mis/CSE6406-project/work/paper_subset_50x10_L800/ils_low/replicate_10/estimated_gene_trees/L800/gtr_g4/locus_0004.log

Date and Time: Sat Sep 12 13:24:46 2026
