IQ-TREE multicore version 2.4.0 for Linux x86 64-bit built Feb 12 2025
Developed by Bui Quang Minh, Nguyen Lam Tung, Olga Chernomor, Heiko Schmidt,
Dominik Schrempf, Michael Woodhams, Ly Trong Nhan, Thomas Wong

Host:    ezmata (AVX2, FMA3, 15 GB RAM)
Command: /home/mis/miniconda3/envs/cse6406/bin/iqtree2 -s /home/mis/CSE6406-project/work/paper_subset_50x10_L800/ils_low/replicate_05/alignments/L800/locus_0039.phy -m HKY+G4 --abayes -T AUTO --seed 6906040 --prefix /home/mis/CSE6406-project/work/paper_subset_50x10_L800/ils_low/replicate_05/estimated_gene_trees/L800/hky_g4/locus_0039 --redo --quiet
Seed:    6906040 (Using SPRNG - Scalable Parallel Random Number Generator)
Time:    Fri Sep 11 14:34:51 2026
Kernel:  AVX+FMA - auto-detect threads (16 CPU cores detected)

Reading alignment file /home/mis/CSE6406-project/work/paper_subset_50x10_L800/ils_low/replicate_05/alignments/L800/locus_0039.phy ... Phylip format detected
Alignment most likely contains DNA/RNA sequences
Alignment has 21 sequences with 800 columns, 256 distinct patterns
195 parsimony-informative, 74 singleton sites, 531 constant sites
        Gap/Ambiguity  Composition  p-value
Analyzing sequences: done in 0.000246027 secs using 120.7% CPU
   1  0_0_0     0.00%    passed     88.27%
   2  1_0_0     0.00%    passed     99.00%
   3  4_0_0     0.00%    passed     98.37%
   4  3_0_0     0.00%    passed     99.10%
   5  2_0_0     0.00%    passed     99.29%
   6  7_0_0     0.00%    passed     99.24%
   7  8_0_0     0.00%    passed     96.02%
   8  6_0_0     0.00%    passed     96.15%
   9  11_0_0    0.00%    passed     96.17%
  10  9_0_0     0.00%    passed     94.81%
  11  12_0_0    0.00%    passed     97.14%
  12  5_0_0     0.00%    passed     99.15%
  13  10_0_0    0.00%    passed     99.51%
  14  15_0_0    0.00%    passed     72.98%
  15  20_0_0    0.00%    passed     82.21%
  16  14_0_0    0.00%    passed     95.60%
  17  18_0_0    0.00%    passed     99.49%
  18  19_0_0    0.00%    passed     93.73%
  19  17_0_0    0.00%    passed     97.91%
  20  16_0_0    0.00%    passed     99.78%
  21  13_0_0    0.00%    passed     94.94%
****  TOTAL     0.00%  0 sequences failed composition chi2 test (p-value<5%; df=3)

Create initial parsimony tree by phylogenetic likelihood library (PLL)... 0.000 seconds

NOTE: 0 MB RAM (0 GB) is required!
Measuring multi-threading efficiency up to 16 CPU cores
Increase to 10 rounds for branch lengths
4122 trees examined
Threads: 1 / Time: 16.004 sec / Speedup: 1.000 / Efficiency: 100% / LogL: -5834
Threads: 2 / Time: 25.034 sec / Speedup: 0.639 / Efficiency: 32% / LogL: -5834
BEST NUMBER OF THREADS: 1

Estimate model parameters (epsilon = 0.100)
1. Initial log-likelihood: -4977.498
2. Current log-likelihood: -4800.336
3. Current log-likelihood: -4798.570
Optimal log-likelihood: -4798.566
Rate parameters:  A-C: 1.00000  A-G: 1.75841  A-T: 1.00000  C-G: 1.00000  C-T: 1.75841  G-T: 1.00000
Base frequencies:  A: 0.283  C: 0.204  G: 0.203  T: 0.311
Gamma shape alpha: 0.197
Parameters optimization took 3 rounds (0.011 sec)
Wrote distance file to... 
Computing ML distances based on estimated model parameters...
Calculating distance matrix: done in 0.00148925 secs using 95.15% CPU
Computing ML distances took 0.001522 sec (of wall-clock time) 0.001447 sec (of CPU time)
Setting up auxiliary I and S matrices: done in 2.7096e-05 secs using 99.65% CPU
Computing RapidNJ tree took 0.000128 sec (of wall-clock time) 0.000127 sec (of CPU time)
Log-likelihood of RapidNJ tree: -4826.181
--------------------------------------------------------------------
|             INITIALIZING CANDIDATE TREE SET                      |
--------------------------------------------------------------------
Generating 98 parsimony trees... 0.067 second
Computing log-likelihood of 98 initial trees ... 0.109 seconds
Current best score: -4798.566

Do NNI search on 20 best initial trees
Estimate model parameters (epsilon = 0.100)
BETTER TREE FOUND at iteration 1: -4798.551
Iteration 10 / LogL: -4798.551 / Time: 0h:0m:41s
Iteration 20 / LogL: -4798.574 / Time: 0h:0m:41s
Finish initializing candidate tree set (3)
Current best tree score: -4798.551 / CPU time: 0.423
Number of iterations: 20
--------------------------------------------------------------------
|               OPTIMIZING CANDIDATE TREE SET                      |
--------------------------------------------------------------------
Iteration 30 / LogL: -4806.314 / Time: 0h:0m:41s (0h:1m:42s left)
Iteration 40 / LogL: -4806.295 / Time: 0h:0m:41s (0h:1m:5s left)
Iteration 50 / LogL: -4808.655 / Time: 0h:0m:42s (0h:0m:43s left)
Iteration 60 / LogL: -4809.167 / Time: 0h:0m:42s (0h:0m:29s left)
Iteration 70 / LogL: -4798.629 / Time: 0h:0m:42s (0h:0m:19s left)
Iteration 80 / LogL: -4798.551 / Time: 0h:0m:42s (0h:0m:11s left)
Iteration 90 / LogL: -4798.693 / Time: 0h:0m:42s (0h:0m:5s left)
Iteration 100 / LogL: -4798.563 / Time: 0h:0m:42s (0h:0m:0s left)
TREE SEARCH COMPLETED AFTER 102 ITERATIONS / Time: 0h:0m:42s

--------------------------------------------------------------------
|                    FINALIZING TREE SEARCH                        |
--------------------------------------------------------------------
Performs final model parameters optimization
Estimate model parameters (epsilon = 0.010)
1. Initial log-likelihood: -4798.551
Optimal log-likelihood: -4798.551
Rate parameters:  A-C: 1.00000  A-G: 1.75878  A-T: 1.00000  C-G: 1.00000  C-T: 1.75878  G-T: 1.00000
Base frequencies:  A: 0.283  C: 0.204  G: 0.203  T: 0.311
Gamma shape alpha: 0.197
Parameters optimization took 1 rounds (0.003 sec)
BEST SCORE FOUND : -4798.551

Testing tree branches by aBayes parametric test...
0.003 sec.
Total tree length: 1.226

Total number of iterations: 102
CPU time used for tree search: 1.711 sec (0h:0m:1s)
Wall-clock time used for tree search: 1.751 sec (0h:0m:1s)
Total CPU time used: 48.683 sec (0h:0m:48s)
Total wall-clock time used: 42.819 sec (0h:0m:42s)

Analysis results written to: 
  IQ-TREE report:                /home/mis/CSE6406-project/work/paper_subset_50x10_L800/ils_low/replicate_05/estimated_gene_trees/L800/hky_g4/locus_0039.iqtree
  Maximum-likelihood tree:       /home/mis/CSE6406-project/work/paper_subset_50x10_L800/ils_low/replicate_05/estimated_gene_trees/L800/hky_g4/locus_0039.treefile
  Likelihood distances:          /home/mis/CSE6406-project/work/paper_subset_50x10_L800/ils_low/replicate_05/estimated_gene_trees/L800/hky_g4/locus_0039.mldist
  Screen log file:               /home/mis/CSE6406-project/work/paper_subset_50x10_L800/ils_low/replicate_05/estimated_gene_trees/L800/hky_g4/locus_0039.log

Date and Time: Fri Sep 11 14:35:34 2026
